
Gurobi 13.0.2 (win64) logging started Wed Jul 15 20:52:48 2026

Set parameter LogFile to value "logs/kstar_nI40_nJ40_nK50_nL10_tI4_tJ4_s5_m0_exact_s0_20260715-205248.gurobi.log"
Set parameter Seed to value 0
Set parameter TimeLimit to value 599.9550817
Set parameter NodefileStart to value 4
Set parameter MIPGap to value 0
Set parameter MIPGapAbs to value 0.9999
Set parameter Cutoff to value 1e+100
Gurobi Optimizer version 13.0.2 build v13.0.2rc1 (win64 - Windows 11+.0 (26200.2))

CPU model: Intel(R) Core(TM) i9-14900HX, instruction set [SSE2|AVX|AVX2]
Thread count: 24 physical cores, 32 logical processors, using up to 32 threads

Non-default parameters:
TimeLimit  599.9550817
MIPGap  0
MIPGapAbs  0.9999
NodefileStart  4

Optimize a model with 1700 rows, 36080 columns and 92800 nonzeros (Min)
Model fingerprint: 0x89d3b1a6
Model has 36080 linear objective coefficients
Variable types: 36000 continuous, 80 integer (80 binary)
Coefficient statistics:
  Matrix range     [1e+00, 7e+02]
  Objective range  [1e+00, 5e+02]
  Bounds range     [1e+00, 1e+00]
  RHS range        [5e+00, 2e+01]

Using branch priorities.
Found heuristic solution: objective 636004.00000
Presolve time: 0.07s
Presolved: 1700 rows, 36080 columns, 92800 nonzeros
Variable types: 36000 continuous, 80 integer (80 binary)

Root relaxation: objective 3.804609e+04, 1321 iterations, 0.01 seconds (0.02 work units)

    Nodes    |    Current Node    |     Objective Bounds      |     Work
 Expl Unexpl |  Obj  Depth IntInf | Incumbent    BestBd   Gap | It/Node Time

     0     0 38046.0853    0   80 636004.000 38046.0853  94.0%     -    0s
H    0     0                    58282.614642 38046.0853  34.7%     -    0s
H    0     0                    57961.327314 38046.0853  34.4%     -    0s
H    0     0                    57614.598514 38046.0853  34.0%     -    0s
H    0     0                    57251.598514 38046.0853  33.5%     -    0s
H    0     0                    57218.467436 49026.2927  14.3%     -    0s
     0     0 49026.2927    0   61 57218.4674 49026.2927  14.3%     -    0s
H    0     0                    56678.000000 49049.4410  13.5%     -    0s
H    0     0                    56507.000000 49049.4410  13.2%     -    0s
     0     0 49281.4159    0   61 56507.0000 49281.4159  12.8%     -    0s
     0     0 49388.7760    0   61 56507.0000 49388.7760  12.6%     -    0s
     0     0 49394.4804    0   61 56507.0000 49394.4804  12.6%     -    0s
     0     0 49396.8614    0   61 56507.0000 49396.8614  12.6%     -    0s
H    0     0                    56334.000000 51466.2979  8.64%     -    0s
     0     0 51466.2979    0   63 56334.0000 51466.2979  8.64%     -    0s
H    0     0                    54876.000000 51466.3949  6.21%     -    0s
H    0     0                    54784.000000 51466.3949  6.06%     -    0s
H    0     0                    54783.000000 51466.3949  6.05%     -    0s
H    0     0                    54716.000000 51466.3949  5.94%     -    0s
     0     0 52035.6656    0   62 54716.0000 52035.6656  4.90%     -    0s
     0     0 52184.4656    0   63 54716.0000 52184.4656  4.63%     -    0s
     0     0 52204.7411    0   63 54716.0000 52204.7411  4.59%     -    0s
     0     0 52217.6455    0   63 54716.0000 52217.6455  4.57%     -    0s
     0     0 52219.7138    0   63 54716.0000 52219.7138  4.56%     -    0s
     0     0 52550.1086    0   65 54716.0000 52550.1086  3.96%     -    0s
H    0     0                    53804.000000 52553.4276  2.32%     -    0s
H    0     0                    53784.000000 52553.4276  2.29%     -    1s
H    0     0                    53782.000000 52553.4276  2.28%     -    1s
H    0     0                    53746.000000 52673.1117  2.00%     -    1s
     0     0 52673.1117    0   63 53746.0000 52673.1117  2.00%     -    1s
H    0     0                    53738.000000 52704.3809  1.92%     -    1s
     0     0 52704.3809    0   66 53738.0000 52704.3809  1.92%     -    1s
H    0     0                    53665.000000 52707.4084  1.78%     -    1s
     0     0 52707.4084    0   60 53665.0000 52707.4084  1.78%     -    1s
H    0     0                    53643.000000 52707.4084  1.74%     -    1s
H    0     0                    53595.000000 52707.4084  1.66%     -    1s
     0     0 52767.3280    0   65 53595.0000 52767.3280  1.54%     -    1s
H    0     0                    53585.000000 52768.4856  1.52%     -    1s
H    0     0                    53563.000000 52768.4856  1.48%     -    1s
     0     0 52787.7114    0   65 53563.0000 52787.7114  1.45%     -    1s
     0     0 52795.9286    0   65 53563.0000 52795.9286  1.43%     -    1s
     0     0 52832.5086    0   65 53563.0000 52832.5086  1.36%     -    1s
     0     0 52833.8089    0   65 53563.0000 52833.8089  1.36%     -    1s
     0     0 52833.8089    0   65 53563.0000 52833.8089  1.36%     -    1s
     0     2 52833.8089    0   65 53563.0000 52833.8089  1.36%     -    1s
H  339   281                    53515.028470 53101.4605  0.77%  84.5    2s
H  398   311                    53488.512422 53101.4605  0.72%  77.6    2s
*  399   311              23    53401.000000 53101.4605  0.56%  77.5    2s
*  401   311              22    53358.000000 53101.4605  0.48%  77.1    2s
H  500   299                    53338.000000 53108.3833  0.43%  70.3    2s
*  777   283              18    53324.000000 53158.9987  0.31%  63.8    3s
*  994   229              20    53303.000000 53203.0592  0.19%  61.2    3s
* 1009   229              20    53300.000000 53203.0592  0.18%  60.8    3s

Cutting planes:
  Implied bound: 474
  MIR: 239
  Flow cover: 661
  Relax-and-lift: 23

Explored 1288 nodes (70274 simplex iterations) in 3.71 seconds (4.12 work units)
Thread count was 32 (of 32 available processors)

Solution count 10: 53300 53303 53324 ... 53595

Optimal solution found (tolerance 0.00e+00)
Best objective 5.330000000000e+04, best bound 5.330000000000e+04, gap 0.0000%
