
Gurobi 13.0.2 (win64) logging started Fri Jul 17 06:26:45 2026

Set parameter LogFile to value "logs/kstar_nI40_nJ20_nK50_nL5_tI2_tJ2_s3_m1_exact_s0_20260717-062645.gurobi.log"
Set parameter Seed to value 0
Set parameter TimeLimit to value 599.9864027
Set parameter MIPGap to value 0
Set parameter MIPGapAbs to value 0.5
Set parameter Cutoff to value 1e+100
Gurobi Optimizer version 13.0.2 build v13.0.2rc1 (win64 - Windows 11+.0 (26200.2))

CPU model: Intel(R) Core(TM) i9-14900HX, instruction set [SSE2|AVX|AVX2]
Thread count: 24 physical cores, 32 logical processors, using up to 32 threads

Non-default parameters:
TimeLimit  599.9864027
MIPGap  0
MIPGapAbs  0.5
PreCrush  1
LazyConstraints  1

Optimize a model with 10 rows, 65 columns and 300 nonzeros (Min)
Model fingerprint: 0xb7163659
Model has 65 linear objective coefficients
Variable types: 5 continuous, 60 integer (60 binary)
Coefficient statistics:
  Matrix range     [2e+00, 7e+02]
  Objective range  [1e+00, 5e+02]
  Bounds range     [1e+00, 6e+03]
  RHS range        [6e+02, 7e+02]

Using branch priorities.
Presolve removed 6 rows and 0 columns
Presolve time: 0.00s
Presolved: 4 rows, 65 columns, 120 nonzeros
Variable types: 5 continuous, 60 integer (60 binary)

Root relaxation: objective 2.596270e+04, 7 iterations, 0.00 seconds (0.00 work units)

    Nodes    |    Current Node    |     Objective Bounds      |     Work
 Expl Unexpl |  Obj  Depth IntInf | Incumbent    BestBd   Gap | It/Node Time

     0     0 25962.6997    0    4          - 25962.6997      -     -    0s
H    0     0                    144703.00000 25962.6997  82.1%     -    0s
H    0     0                    143035.00000 25962.6997  81.8%     -    0s
H    0     0                    134906.00000 25962.6997  80.8%     -    0s
H    0     0                    118223.00000 25962.6997  78.0%     -    0s
H    0     0                    116157.00000 25962.6997  77.6%     -    0s
     0     0 26022.6004    0   10 116157.000 26022.6004  77.6%     -    0s
     0     0 26033.7810    0   12 116157.000 26033.7810  77.6%     -    0s
     0     0 26039.2309    0   12 116157.000 26039.2309  77.6%     -    0s
     0     0 26041.7317    0   12 116157.000 26041.7317  77.6%     -    0s
     0     2 26053.0125    0   13 116157.000 26053.0125  77.6%     -    0s
H 3645  3038                    112678.00000 26231.8425  76.7%   3.1    1s
H 3647  2887                    88810.000000 26231.8425  70.5%   3.1    2s
  5174  3879 26673.2115   30   11 88810.0000 26259.6867  70.4%   4.5    5s
 10948  6947 28854.1048   55    1 88810.0000 26377.6518  70.3%   4.8   10s
 14765  9534 26478.6025   30   23 88810.0000 26411.7320  70.3%   4.9   15s
 17347 11755 27348.7438   43    1 88810.0000 26414.6187  70.3%   5.0   20s
 23035 16483 27843.5602   47    2 88810.0000 26429.9612  70.2%   5.2   25s
 26339 18856 27034.8090   25    4 88810.0000 26454.6612  70.2%   5.2   30s
 28674 20700 27010.0044   28    8 88810.0000 26457.0021  70.2%   5.1   35s
 31181 22324 27127.4484   29    5 88810.0000 26486.1829  70.2%   5.1   42s
 31331 22579 27824.1535   49    9 88810.0000 26486.1829  70.2%   5.1   45s
 32153 23394 27354.0185   31    6 88810.0000 26497.6668  70.2%   5.1   50s
 33440 24582 27518.1904   32    3 88810.0000 26508.1814  70.2%   5.1   56s
 35214 26276 27151.8498   31    8 88810.0000 26513.9408  70.1%   5.2   61s
 37380 28049 27488.0190   33    4 88810.0000 26520.4693  70.1%   5.2   67s
 38344 28772 27618.2897   34    1 88810.0000 26521.0846  70.1%   5.2   70s
 41487 31435 26819.6966   32   17 88810.0000 26527.5685  70.1%   5.2   76s
 42938 32757 27297.7105   41    3 88810.0000 26534.0578  70.1%   5.2   80s
 46467 35886 27630.1878   42    5 88810.0000 26551.1581  70.1%   5.2   85s
 50454 39460 26887.8793   28   16 88810.0000 26561.6213  70.1%   5.3   92s
 52727 40913 27123.6422   32   10 88810.0000 26570.0363  70.1%   5.3   96s
 54298 41164 27861.4527   43   12 88810.0000 26576.5004  70.1%   5.4  109s
H54299 39106                    88659.000000 26576.5004  70.0%   5.4  109s
 54302 39108 27364.4336   48   24 88659.0000 26576.5004  70.0%   5.4  110s
H54305 37155                    77685.000000 26576.5004  65.8%   5.4  112s
 54312 37159 27811.5548   49   35 77685.0000 26576.5004  65.8%   5.4  116s
H54314 35302                    71418.000000 26576.5004  62.8%   5.4  116s
H54315 35304                    70684.000000 26576.5004  62.4%   5.4  117s
 54346 35356 26576.5004   31   29 70684.0000 26576.5004  62.4%   5.4  120s
 54567 35531 26662.7551   34   24 70684.0000 26576.5004  62.4%   5.5  126s
 55276 35983 26690.1054   38   20 70684.0000 26576.5004  62.4%   5.7  130s
 55727 36258 26818.9597   41   20 70684.0000 26576.5004  62.4%   5.7  135s
 56781 36953 27227.8538   48   10 70684.0000 26576.5004  62.4%   5.8  140s
 58288 37735 31555.7043   64    4 70684.0000 26576.5004  62.4%   5.8  146s
 59419 38341 28778.8788   62    2 70684.0000 26576.5004  62.4%   5.8  150s
 61480 39529 28408.8446   66    2 70684.0000 26576.5004  62.4%   5.9  156s
 62986 40255 27406.3076   48   12 70684.0000 26576.5004  62.4%   5.9  160s
 63641 40531 29275.7937   75    1 70684.0000 26576.5004  62.4%   5.9  165s
 64322 40674 27031.1638   46   15 70684.0000 26576.5004  62.4%   5.9  171s
 65465 41141 27200.3893   45   11 70684.0000 26576.5004  62.4%   6.0  175s
 66683 42055 36660.8302   73    2 70684.0000 26588.1081  62.4%   6.0  181s
 67432 41993 27092.8148   51   14 70684.0000 26623.2616  62.3%   6.0  185s
 67497 42497 27112.6740   53   14 70684.0000 26623.2616  62.3%   6.0  192s
 68408 43225 27004.4609   41   14 70684.0000 26630.9622  62.3%   6.0  195s
 70903 44498 26979.7868   43   13 70684.0000 26654.0268  62.3%   6.1  203s
 72110 45201 27036.8483   49   18 70684.0000 26661.8991  62.3%   6.1  206s
 73403 45648 35900.0000   83    - 70684.0000 26671.9862  62.3%   6.1  210s
 76124 47183 27322.0220   45   16 70684.0000 26680.2207  62.3%   6.1  217s
 77539 47896 27282.7146   54   16 70684.0000 26682.7694  62.3%   6.2  221s
 78931 48812 27144.7678   40   16 70684.0000 26690.9514  62.2%   6.2  225s
 81971 50496 27061.0675   42   20 70684.0000 26708.5540  62.2%   6.3  234s
 84025 51303 27541.9165   54    8 70684.0000 26714.3526  62.2%   6.3  238s
 85759 52337 27614.3349   54    5 70684.0000 26718.9748  62.2%   6.3  242s
 87559 53182 27053.4030   39   16 70684.0000 26731.4501  62.2%   6.3  246s
 89397 54203 28305.1526   70    3 70684.0000 26734.1435  62.2%   6.3  251s
 91509 55305 27115.9890   43   17 70684.0000 26746.8995  62.2%   6.4  256s
 93411 56113 27314.9059   51   13 70684.0000 26754.9318  62.1%   6.4  262s
 95325 57018 29630.0412   69    1 70684.0000 26755.1864  62.1%   6.4  267s
 97223 57565 28364.5276   72    3 70684.0000 26766.8339  62.1%   6.4  271s
 99025 59102 28039.7363   63    8 70684.0000 26768.5440  62.1%   6.4  277s
 101363 60188 28637.4226   77    2 70684.0000 26775.5175  62.1%   6.4  282s
 103507 61420 27053.0837   43   20 70684.0000 26781.3531  62.1%   6.5  287s
 105794 62481 28314.9896   62    9 70684.0000 26787.8763  62.1%   6.5  294s
 108105 63641 27270.8252   40   12 70684.0000 26792.5832  62.1%   6.5  300s
 110307 64900 33624.0000   80    - 70684.0000 26797.2131  62.1%   6.5  307s
 113059 66040 29809.0326   71    3 70684.0000 26802.2503  62.1%   6.5  313s
 115659 67253 27010.9208   46   19 70684.0000 26805.6906  62.1%   6.5  321s
 118099 68568 27965.5248   64    5 70684.0000 26808.6940  62.1%   6.5  327s
 120418 69961 27376.7526   43   16 70684.0000 26816.2659  62.1%   6.6  335s
 123036 71290 26960.3364   37   22 70684.0000 26822.5211  62.1%   6.6  343s
 125669 70984 28222.0820   54    9 70684.0000 26829.2627  62.0%   6.6  351s
 125905 72012 28288.7153   55   10 70684.0000 26829.2627  62.0%   6.6  361s
 127429 73460 28291.8165   56   10 70684.0000 26831.2942  62.0%   6.6  370s
 130310 74624 28339.7428   57    8 70684.0000 26834.1116  62.0%   6.6  378s
 132766 76015 28364.9561   58    7 70684.0000 26838.8312  62.0%   6.6  388s
 135682 77649 28395.6505   59   10 70684.0000 26841.1089  62.0%   6.6  398s
 138618 78983 28478.6419   60    8 70684.0000 26845.0698  62.0%   6.6  409s
 141298 80471 28578.2444   61    9 70684.0000 26850.8250  62.0%   6.7  419s
 141658 80391 27440.5163   46   13 70684.0000 26850.8250  62.0%   6.7  420s
 143994 82016 28616.0308   62    8 70684.0000 26856.2024  62.0%   6.7  429s
 146654 81510 27321.6114   46   18 70684.0000 26862.2566  62.0%   6.7  430s
 146921 83415 28066.4733   55   19 70684.0000 26862.6372  62.0%   6.7  439s
 148765 83174 27036.6610   39   18 70684.0000 26862.6372  62.0%   6.7  440s
 150226 84811 27636.6465   44    9 70684.0000 26868.5552  62.0%   6.7  451s
 152929 86280 27322.0097   44   19 70684.0000 26872.9791  62.0%   6.7  461s
 155790 87742 27268.9106   42   21 70684.0000 26877.6358  62.0%   6.7  472s
 158480 89189 28295.0218   53   11 70684.0000 26882.1217  62.0%   6.7  482s
 161408 90579 27413.3022   50   17 70684.0000 26888.2938  62.0%   6.8  496s
 164078 93243 27781.7993   48   14 70684.0000 26890.5484  62.0%   6.8  507s
 166972 95659 27607.9873   53   14 70684.0000 26895.2697  61.9%   6.8  517s
 169693 97659 27597.4534   46   18 70684.0000 26899.4690  61.9%   6.8  528s
 171995 98124 27218.8791   49   19 70684.0000 26903.4701  61.9%   6.8  543s
 172221 99520 27270.7432   50   17 70684.0000 26903.4701  61.9%   6.8  556s
 174204 100030 27348.2792   40   16 70684.0000 26904.4097  61.9%   6.8  570s
 174556 101119 27372.3393   41   13 70684.0000 26904.4097  61.9%   6.8  585s
 176036 102273 27419.7872   42   12 70684.0000 26906.4899  61.9%   6.8  599s
 176658 102361 27817.4664   47   20 70684.0000 26908.0716  61.9%   6.8  600s

Cutting planes:
  MIR: 17
  StrongCG: 1
  Flow cover: 6

Explored 177291 nodes (1207719 simplex iterations) in 601.10 seconds (264.47 work units)
Thread count was 32 (of 32 available processors)

Solution count 10: 70684 71418 77685 ... 143035

Time limit reached
Best objective 7.068400000000e+04, best bound 2.690990703045e+04, gap 61.9293%

User-callback calls 375951, time in user-callback 37.44 sec
