
Gurobi 13.0.2 (win64) logging started Fri Jul 17 13:58:56 2026

Set parameter LogFile to value "logs/kstar_nI40_nJ40_nK100_nL10_tI6_tJ6_s3_m1_exact_s0_20260717-135856.gurobi.log"
Set parameter Seed to value 0
Set parameter TimeLimit to value 599.9331637
Set parameter MIPGap to value 0
Set parameter MIPGapAbs to value 0.5
Set parameter Cutoff to value 1e+100
Gurobi Optimizer version 13.0.2 build v13.0.2rc1 (win64 - Windows 11+.0 (26200.2))

CPU model: Intel(R) Core(TM) i9-14900HX, instruction set [SSE2|AVX|AVX2]
Thread count: 24 physical cores, 32 logical processors, using up to 32 threads

Non-default parameters:
TimeLimit  599.9331637
MIPGap  0
MIPGapAbs  0.5
PreCrush  1
LazyConstraints  1

Optimize a model with 20 rows, 90 columns and 800 nonzeros (Min)
Model fingerprint: 0x261f6692
Model has 90 linear objective coefficients
Variable types: 10 continuous, 80 integer (80 binary)
Coefficient statistics:
  Matrix range     [2e+01, 1e+03]
  Objective range  [1e+00, 5e+02]
  Bounds range     [1e+00, 8e+03]
  RHS range        [1e+03, 1e+03]

Using branch priorities.
Presolve removed 18 rows and 0 columns
Presolve time: 0.00s
Presolved: 2 rows, 90 columns, 80 nonzeros
Variable types: 10 continuous, 80 integer (80 binary)

Root relaxation: objective 6.892036e+04, 3 iterations, 0.00 seconds (0.00 work units)

    Nodes    |    Current Node    |     Objective Bounds      |     Work
 Expl Unexpl |  Obj  Depth IntInf | Incumbent    BestBd   Gap | It/Node Time

     0     0 68920.3622    0    2          - 68920.3622      -     -    0s
H    0     0                    306910.00000 68920.3622  77.5%     -    0s
H    0     0                    291472.00000 68920.3622  76.4%     -    0s
H    0     0                    282135.00000 68920.3622  75.6%     -    0s
H    0     0                    268599.00000 68920.3622  74.3%     -    0s
     0     0 69132.2237    0    5 268599.000 69132.2237  74.3%     -    0s
     0     0 69137.6829    0    5 268599.000 69137.6829  74.3%     -    0s
H    0     0                    266882.00000 69137.6829  74.1%     -    0s
H    0     0                    259813.00000 69137.6829  73.4%     -    0s
     0     2 69338.0544    0    9 259813.000 69338.0544  73.3%     -    0s
* 2134  2068              80    253118.00000 69435.6014  72.6%   3.6    5s
H 3300  2965                    236760.00000 69445.8262  70.7%   3.4    8s
H 3306  2821                    231205.00000 69505.6683  69.9%   3.4    9s
H 3306  2680                    219672.00000 69505.6683  68.4%   3.4    9s
  3311  2683 70357.2742   53   27 219672.000 69511.0700  68.4%   3.4   10s
H 3316  2551                    218578.00000 69528.2852  68.2%   3.4   10s
  3635  2857 69692.1432   19   14 218578.000 69557.5599  68.2%   4.5   15s
  4267  3222 70029.7137   23   13 218578.000 69557.5599  68.2%   5.2   20s
  5176  3800 70167.9382   29   10 218578.000 69566.2787  68.2%   5.1   25s
  6775  4773 84437.0000   74    - 218578.000 69599.5856  68.2%   4.9   30s
  7861  5238 70039.5963   31   14 218578.000 69615.2779  68.2%   4.7   35s
  9198  6074 80438.7314   81    2 218578.000 69615.2779  68.2%   4.7   40s
 10866  7002 89914.0000   84    - 218578.000 69649.5687  68.1%   4.6   45s
 12789  8667 69715.7235   18   22 218578.000 69666.3831  68.1%   4.6   50s
 14220 10041 70620.7914   39    8 218578.000 69666.3831  68.1%   4.7   55s
 16115 11269 70027.0502   27   16 218578.000 69695.6854  68.1%   4.5   60s
 16585 11792 70168.4028   29   13 218578.000 69695.6854  68.1%   4.6   65s
 17340 12447 70333.2407   32   12 218578.000 69700.0612  68.1%   4.5   70s
 18206 13387 70649.8960   38    6 218578.000 69700.0622  68.1%   4.5   75s
 19372 14201 70549.7181   52    2 218578.000 69700.0622  68.1%   4.5   80s
 20671 15297 70854.7276   47    2 218578.000 69703.7301  68.1%   4.6   85s
 21995 16755 70398.0246   34    9 218578.000 69703.7301  68.1%   4.7   90s
 24101 18316 71519.8783   55    1 218578.000 69721.4233  68.1%   4.6   95s
 26266 20375 71346.2876   53    4 218578.000 69725.1472  68.1%   4.5  101s
 28000 22028 71011.0518   53    3 218578.000 69730.4999  68.1%   4.6  105s
 28991 22736 70028.0102   24   14 218578.000 69731.9088  68.1%   4.7  110s
 30398 24127 78752.0000   77    - 218578.000 69737.0846  68.1%   4.6  116s
 31263 25223 70376.2338   42   10 218578.000 69737.0846  68.1%   4.7  120s
 33789 27248 70044.5991   23   20 218578.000 69752.7616  68.1%   4.6  127s
 34698 28370 70585.1834   44    3 218578.000 69757.1016  68.1%   4.6  131s
 36264 29683 70065.7376   27   17 218578.000 69757.1016  68.1%   4.6  136s
 37821 30824 85543.0000   83    - 218578.000 69757.1016  68.1%   4.6  140s
 40256 32499 70119.8855   28   17 218578.000 69757.1016  68.1%   4.6  145s
 42428 35527 70247.4985   30    8 218578.000 69778.8640  68.1%   4.6  153s
 44365 36900 70333.0520   34   10 218578.000 69778.8640  68.1%   4.6  158s
 46010 38603 70164.6815   31   13 218578.000 69778.8640  68.1%   4.6  163s
 47890 40069 69984.1169   22   21 218578.000 69789.1954  68.1%   4.6  169s
 49572 41869 71067.8191   49    8 218578.000 69797.0838  68.1%   4.6  174s
 50369 41964 70096.5121   22   18 218578.000 69797.0838  68.1%   4.6  175s
 51770 43666 70566.0177   45   10 218578.000 69800.7612  68.1%   4.7  180s
 53632 43877 70265.1211   29    5 218578.000 69800.9146  68.1%   4.7  192s
 53634 43878 69832.8647   25   25 218578.000 69800.9146  68.1%   4.7  195s
 53636 43880 70638.5211   35   29 218578.000 69800.9146  68.1%   4.7  200s
 53638 43881 76766.0000   82   28 218578.000 69800.9146  68.1%   4.7  205s
H53639 41687                    193563.00000 69800.9146  63.9%   4.7  212s
 53643 41689 70241.1149   29   30 193563.000 69800.9146  63.9%   4.7  215s
H53643 39605                    187938.00000 69800.9146  62.9%   4.7  219s
 53645 39607 85593.0000   79   28 187938.000 69800.9146  62.9%   4.7  221s
 53646 39607 71407.0000   64   28 187938.000 69800.9146  62.9%   4.7  225s
 53648 39609 71578.0000   62   27 187938.000 69800.9146  62.9%   4.7  230s
 53650 39610 70280.5584   32   28 187938.000 69800.9146  62.9%   4.7  235s
 53655 39618 69800.9146   21   26 187938.000 69800.9146  62.9%   4.7  240s
 53715 39686 69862.8614   25   30 187938.000 69800.9146  62.9%   4.7  245s
 53904 39812 69902.9552   27   27 187938.000 69800.9146  62.9%   4.8  252s
 53936 39934 70021.8477   28   20 187938.000 69800.9146  62.9%   4.8  255s
 54295 40159 70048.0576   30   23 187938.000 69800.9146  62.9%   4.9  261s
 54599 40336 70165.1856   32   18 187938.000 69800.9146  62.9%   4.9  265s
 54882 40451 70423.7081   34   13 187938.000 69810.8387  62.9%   4.9  271s
 55141 40745 70575.5107   37   11 187938.000 69810.8387  62.9%   5.0  276s
 55577 40923 71206.0588   49    7 187938.000 69826.7764  62.8%   5.0  280s
 56122 41325 70961.0336   46    6 187938.000 69846.0957  62.8%   5.0  285s
 56813 41770 71353.0357   55    3 187938.000 69874.0111  62.8%   5.0  290s
 57646 42206 72214.3956   68    1 187938.000 69874.0111  62.8%   5.0  296s
 58278 42480 81760.0000   84    - 187938.000 69874.0111  62.8%   5.0  300s
 58931 42947 71899.0822   74    3 187938.000 69874.0111  62.8%   5.0  305s
 59307 43205 82545.8632   92    2 187938.000 69902.8304  62.8%   5.0  311s
 59724 43596 70029.3463   29   20 187938.000 69902.8304  62.8%   5.0  315s
 60789 43789 71917.2920   76    3 187938.000 69902.8304  62.8%   5.0  320s
 61410 44482 71585.7336   81    2 187938.000 69902.8304  62.8%   5.0  326s
 62079 44978 70269.6147   34   16 187938.000 69902.8304  62.8%   5.0  330s
 63760 45915 70605.2980   45   15 187938.000 69911.6218  62.8%   5.0  337s
 64584 46295 72376.0944   75    3 187938.000 69911.6218  62.8%   5.0  342s
 65317 46826 84931.2986   91    3 187938.000 69914.7871  62.8%   5.0  345s
 66321 46693 70296.5780   29   18 187938.000 69914.7871  62.8%   5.0  350s
 66401 46711 70296.7244   30   18 187938.000 69915.6779  62.8%   5.0  355s
 66437 47083 70311.8523   31   18 187938.000 69915.6779  62.8%   5.0  360s
 67291 47488 72070.7325   73    1 187938.000 69915.6779  62.8%   5.0  365s
 68366 47808 70846.2089   44    4 187938.000 69948.0027  62.8%   5.0  370s
 69275 48861 71144.0205   47    7 187938.000 69948.0027  62.8%   5.1  378s
 70177 49412 71232.3668   58    6 187938.000 69954.0942  62.8%   5.1  383s
 71236 49777 81035.0000   86    - 187938.000 69954.0942  62.8%   5.1  389s
 71477 49725 70296.2924   45   20 187938.000 69954.0942  62.8%   5.1  390s
 73074 51063 70186.0018   32   19 187938.000 69964.7047  62.8%   5.1  400s
 74209 51388 72435.5493   75    1 187938.000 69964.7047  62.8%   5.1  405s
 75068 51740 70194.5811   31   19 187938.000 70019.1473  62.7%   5.1  412s
 75695 51627 70419.1755   36   15 187938.000 70019.1473  62.7%   5.1  418s
 75727 52118 70308.9300   33   15 187938.000 70019.1473  62.7%   5.1  424s
 76327 52736 70760.8805   41   11 187938.000 70019.1473  62.7%   5.2  429s
 76624 52655 70425.8877   36    8 187938.000 70019.1473  62.7%   5.2  430s
 77242 53456 71573.7460   47    2 187938.000 70022.5469  62.7%   5.2  435s
 78392 54233 72724.5833   64    1 187938.000 70031.9574  62.7%   5.2  442s
 79789 54952 77857.0000   78    - 187938.000 70031.9574  62.7%   5.2  450s
 81020 55861 71345.2788   60    4 187938.000 70031.9574  62.7%   5.2  459s
 82772 56575 70388.5431   35   12 187938.000 70031.9574  62.7%   5.2  467s
 84092 56305 71463.8114   57    3 187938.000 70031.9574  62.7%   5.2  474s
 84096 56303 71199.5942   54    3 187938.000 70031.9574  62.7%   5.2  475s
 84150 56336 71364.4582   58    4 187938.000 70031.9574  62.7%   5.2  481s
 84200 57410 71532.1534   58    2 187938.000 70031.9574  62.7%   5.2  490s
 85784 58144 81030.0000   92    - 187938.000 70038.9174  62.7%   5.1  500s
 87259 58903 70936.8862   52    8 187938.000 70041.2293  62.7%   5.1  510s
 88720 59843 70255.0140   32   22 187938.000 70044.8206  62.7%   5.2  520s
 90254 60694 72244.0951   55    2 187938.000 70044.8206  62.7%   5.2  531s
 92166 61808 75503.6048   88    1 187938.000 70057.0944  62.7%   5.2  543s
 93220 61629 71677.3525   58    4 187938.000 70057.0944  62.7%   5.2  545s
 94283 62936 71157.8435   65    5 187938.000 70057.2370  62.7%   5.2  556s
 96269 62671 71031.2097   52    9 187938.000 70059.5577  62.7%   5.2  567s
 96471 63854 71038.5569   53    7 187938.000 70059.5577  62.7%   5.2  579s
 96535 63838 70597.7115   42   14 187938.000 70059.5577  62.7%   5.2  580s
 98113 65000 71173.5338   57    2 187938.000 70059.5577  62.7%   5.2  592s
 99829 64610 70281.8022   32   17 187938.000 70070.0673  62.7%   5.2  595s
 100045 65342 70144.9419   32   24 187938.000 70070.0673  62.7%   5.2  600s

Cutting planes:
  Gomory: 6
  Cover: 1
  MIR: 4
  StrongCG: 1

Explored 100994 nodes (524225 simplex iterations) in 602.64 seconds (230.98 work units)
Thread count was 32 (of 32 available processors)

Solution count 10: 187938 193563 218578 ... 282135

Time limit reached
Best objective 1.879380000000e+05, best bound 7.007006728053e+04, gap 62.7164%

User-callback calls 242635, time in user-callback 157.07 sec
