
Gurobi 13.0.2 (win64) logging started Fri Jul 17 09:17:33 2026

Set parameter LogFile to value "logs/kstar_nI40_nJ20_nK50_nL5_tI5_tJ5_s5_m1_exact_s0_20260717-091733.gurobi.log"
Set parameter Seed to value 0
Set parameter TimeLimit to value 599.9866961
Set parameter MIPGap to value 0
Set parameter MIPGapAbs to value 0.5
Set parameter Cutoff to value 1e+100
Gurobi Optimizer version 13.0.2 build v13.0.2rc1 (win64 - Windows 11+.0 (26200.2))

CPU model: Intel(R) Core(TM) i9-14900HX, instruction set [SSE2|AVX|AVX2]
Thread count: 24 physical cores, 32 logical processors, using up to 32 threads

Non-default parameters:
TimeLimit  599.9866961
MIPGap  0
MIPGapAbs  0.5
PreCrush  1
LazyConstraints  1

Optimize a model with 10 rows, 65 columns and 300 nonzeros (Min)
Model fingerprint: 0x089a9891
Model has 65 linear objective coefficients
Variable types: 5 continuous, 60 integer (60 binary)
Coefficient statistics:
  Matrix range     [1e+00, 6e+02]
  Objective range  [1e+00, 5e+02]
  Bounds range     [1e+00, 6e+03]
  RHS range        [6e+02, 6e+02]

Using branch priorities.
Presolve removed 8 rows and 0 columns
Presolve time: 0.00s
Presolved: 2 rows, 65 columns, 60 nonzeros
Variable types: 5 continuous, 60 integer (60 binary)

Root relaxation: objective 2.608335e+04, 7 iterations, 0.00 seconds (0.00 work units)

    Nodes    |    Current Node    |     Objective Bounds      |     Work
 Expl Unexpl |  Obj  Depth IntInf | Incumbent    BestBd   Gap | It/Node Time

     0     0 26083.3540    0    3          - 26083.3540      -     -    0s
H    0     0                    80919.000000 26083.3540  67.8%     -    0s
H    0     0                    79757.000000 26083.3540  67.3%     -    0s
H    0     0                    75659.000000 26083.3540  65.5%     -    0s
H    0     0                    74670.000000 26083.3540  65.1%     -    0s
H    0     0                    65226.000000 26083.3540  60.0%     -    0s
     0     0 26392.4601    0    9 65226.0000 26392.4601  59.5%     -    0s
     0     0 26503.6546    0    7 65226.0000 26503.6546  59.4%     -    0s
     0     0 26567.8987    0    7 65226.0000 26567.8987  59.3%     -    0s
     0     0 26593.0146    0   10 65226.0000 26593.0146  59.2%     -    0s
H    0     0                    61344.000000 26593.0329  56.6%     -    0s
     0     0 26658.1645    0   12 61344.0000 26658.1645  56.5%     -    0s
     0     0 26791.5244    0   14 61344.0000 26791.5244  56.3%     -    0s
     0     0 26883.1223    0   12 61344.0000 26883.1223  56.2%     -    0s
     0     0 26917.3533    0   15 61344.0000 26917.3533  56.1%     -    0s
     0     0 26938.9159    0   13 61344.0000 26938.9159  56.1%     -    0s
     0     0 26940.3495    0   13 61344.0000 26940.3495  56.1%     -    0s
     0     2 26955.3900    0   19 61344.0000 26955.3900  56.1%     -    0s
H 3436  2903                    59318.000000 27151.0143  54.2%   3.2    1s
H 3442  2761                    56212.000000 27151.0143  51.7%   3.2    1s
H 3446  2625                    51385.000000 27151.0143  47.2%   3.2    1s
  7955  5120 30955.6178   54    2 51385.0000 27427.5512  46.6%   4.2    5s
*14178  9041              73    50219.000000 27633.8717  45.0%   4.1    7s
 18828 13060 28655.7992   27   11 50219.0000 27690.2149  44.9%   4.1   10s
 24496 17432 28965.9472   33    8 50219.0000 27768.9339  44.7%   4.1   15s
 27202 19951 29426.8885   40    4 50219.0000 27836.6330  44.6%   4.1   20s
 30150 22636 29305.4578   27   14 50219.0000 27886.2612  44.5%   4.2   25s
 34680 26839 29204.3937   31   10 50219.0000 27918.1764  44.4%   4.2   30s
 38805 30194 29520.2334   34    9 50219.0000 27957.7924  44.3%   4.2   35s
 42475 32419 33680.2057   60   13 50219.0000 27975.7590  44.3%   4.2   43s
H42476 30799                    49823.000000 27975.7590  43.8%   4.2   44s
 42478 30800 30484.2153   36   30 49823.0000 27975.7590  43.8%   4.2   46s
H42483 29262                    49792.000000 27975.7590  43.8%   4.2   50s
H42485 27801                    49342.000000 27975.7590  43.3%   4.2   52s
H42485 26411                    49246.000000 27975.7590  43.2%   4.2   53s
H42485 25090                    49107.000000 27975.7590  43.0%   4.2   53s
H42486 25090                    47817.000000 27975.7590  41.5%   4.2   53s
 42489 25092 31866.0000   45   35 47817.0000 27975.7590  41.5%   4.2   55s
 42679 25252 30634.1119   31   18 47817.0000 28200.7734  41.0%   4.4   60s
 43891 25998 31970.0702   43   12 47817.0000 28200.7734  41.0%   4.6   65s
 45384 26922 33817.6031   60    4 47817.0000 28422.7236  40.6%   4.6   70s
 48460 28756 29340.1899   37   18 47817.0000 28546.4178  40.3%   4.7   75s
 50223 29734 33172.0000   55    - 47817.0000 28579.6292  40.2%   4.7   80s
 53147 31228 30828.0291   61    3 47817.0000 28728.8530  39.9%   4.8   86s
 55874 32105 32546.4573   66    2 47817.0000 28910.3439  39.5%   4.9   91s
 56767 33224 31150.4394   58    5 47817.0000 28910.4592  39.5%   4.9   96s
 58587 34251 30037.3138   44    9 47817.0000 28959.7821  39.4%   5.0  101s
 60653 35293 31761.9365   69    1 47817.0000 28966.2107  39.4%   5.0  105s
 64472 37375 37832.5350   73    1 47817.0000 28985.4601  39.4%   5.1  111s
 67253 39058 30607.7357   65    1 47817.0000 29076.9941  39.2%   5.1  116s
 68882 39200 33045.3009   77    4 47817.0000 29137.8387  39.1%   5.1  121s
 70410 40175 30101.3752   40   18 47817.0000 29138.2818  39.1%   5.2  126s
 72434 41641 29865.8094   42   18 47817.0000 29146.9538  39.0%   5.2  132s
 73966 42246 30175.0815   47   18 47817.0000 29168.7425  39.0%   5.2  136s
 75368 43051 30781.0631   43    9 47817.0000 29171.1011  39.0%   5.2  140s
 78084 44658 31713.6337   68    2 47817.0000 29210.3408  38.9%   5.2  146s
 79643 45472 30379.5404   38   11 47817.0000 29234.3157  38.9%   5.2  150s
 83417 47243 29830.7717   40   15 47817.0000 29249.1666  38.8%   5.3  158s
 85691 48397 30143.1602   36   20 47817.0000 29261.4783  38.8%   5.3  163s
 87432 49449 31036.2789   56    4 47817.0000 29274.8258  38.8%   5.3  167s
 89675 50760 30534.6038   39   20 47817.0000 29298.0295  38.7%   5.3  172s
 92027 51964 32985.2506   65    2 47817.0000 29316.5612  38.7%   5.3  176s
 94409 53080 40751.0000   80    - 47817.0000 29329.9973  38.7%   5.4  181s
 96438 54248 31259.0730   54    1 47817.0000 29349.4464  38.6%   5.4  186s
 98715 55304 30183.0101   35   22 47817.0000 29351.0840  38.6%   5.4  191s
 100765 56385 30404.2306   42   10 47817.0000 29372.5446  38.6%   5.5  196s
 103104 57669 30635.3036   50   10 47817.0000 29374.5880  38.6%   5.5  201s
 105477 58895 30746.9261   45   15 47817.0000 29397.0688  38.5%   5.5  207s
 107698 60236 30545.5674   44   11 47817.0000 29408.5903  38.5%   5.5  212s
 110290 61446 30571.4451   45   14 47817.0000 29418.0787  38.5%   5.5  217s
 113055 62654 31869.7872   58    6 47817.0000 29435.8034  38.4%   5.5  224s
 114152 62465 31052.6209   51   14 47817.0000 29435.8034  38.4%   5.5  225s
 115372 64223 30615.0161   38   17 47817.0000 29449.4255  38.4%   5.5  230s
 118281 65761 31062.4039   42   14 47817.0000 29464.0980  38.4%   5.6  236s
 120779 67876 32064.6010   44    6 47817.0000 29481.0643  38.3%   5.6  241s
 123480 70081 37419.9618   78    1 47817.0000 29487.8675  38.3%   5.6  248s
 125955 72667 30465.5457   42   13 47817.0000 29498.8451  38.3%   5.6  254s
 128525 73003 30842.3712   50   14 47817.0000 29501.5222  38.3%   5.6  255s
 128977 74904 33206.0283   77    2 47817.0000 29510.7260  38.3%   5.6  261s
 131506 75567 30850.6066   49    8 47817.0000 29512.9424  38.3%   5.7  265s
 131952 76721 30870.7548   50    9 47817.0000 29512.9424  38.3%   5.7  272s
 133464 78022 30985.2020   51    8 47817.0000 29521.5688  38.3%   5.7  278s
 134934 79456 31135.3785   52   10 47817.0000 29527.3080  38.2%   5.7  284s
 136502 81044 31008.7165   45    8 47817.0000 29534.3794  38.2%   5.7  290s
 138332 82811 31331.3121   54    9 47817.0000 29534.3794  38.2%   5.7  296s
 140885 85089 33877.2635   72    1 47817.0000 29547.2634  38.2%   5.8  303s
 143493 87456 30983.4710   55    2 47817.0000 29548.4656  38.2%   5.8  311s
 146202 89511 31041.0267   48    9 47817.0000 29564.4020  38.2%   5.8  317s
 148588 91320 31914.6522   62    1 47817.0000 29566.8826  38.2%   5.8  324s
 150819 93329 33471.1859   69    1 47817.0000 29573.6886  38.2%   5.8  330s
 153168 95275 30331.0739   37   20 47817.0000 29574.8945  38.1%   5.9  336s
 155480 97449 30616.8951   44   18 47817.0000 29589.7235  38.1%   5.9  345s
 157859 99434 30505.9180   35   25 47817.0000 29598.2776  38.1%   5.9  351s
 160165 101293 31302.0572   50    6 47817.0000 29605.5268  38.1%   5.9  358s
 162563 103433 30619.7001   43   15 47817.0000 29607.2361  38.1%   5.9  364s
 165050 105275 30624.9656   38   23 47817.0000 29613.3442  38.1%   6.0  373s
 167050 107203 30813.9399   39   21 47817.0000 29618.0746  38.1%   6.0  379s
 169477 109197 31013.8272   51   11 47817.0000 29630.5902  38.0%   6.0  388s
 171738 111105 30425.0148   37   20 47817.0000 29637.7119  38.0%   6.0  395s
 174284 113549 31150.4372   40   16 47817.0000 29638.9106  38.0%   6.0  402s
 177020 114135 34413.0000   75    - 47817.0000 29650.9212  38.0%   6.0  409s
 177260 114173 30340.0941   34   24 47817.0000 29650.9212  38.0%   6.0  410s
 177303 114898 31057.1434   44   16 47817.0000 29651.4249  38.0%   6.0  416s
 178320 116047 32362.0923   58    2 47817.0000 29651.9188  38.0%   6.0  423s
 179771 117090 31294.8775   54   11 47817.0000 29654.0921  38.0%   6.0  431s
 181149 118303 30867.0378   46   14 47817.0000 29655.9357  38.0%   6.0  439s
 182486 119594 30494.1781   37   23 47817.0000 29659.8205  38.0%   6.1  447s
 183913 121172 31010.4299   48    5 47817.0000 29665.6121  38.0%   6.1  455s
 185944 123022 33956.9112   70    3 47817.0000 29671.1460  37.9%   6.1  463s
 188045 124880 31846.6206   53    4 47817.0000 29679.6380  37.9%   6.1  472s
 190240 126742 31574.2999   46   13 47817.0000 29685.7046  37.9%   6.1  484s
 192369 128600 32229.3757   73    2 47817.0000 29691.5230  37.9%   6.1  496s
 194665 130776 30338.7467   36   21 47817.0000 29698.6732  37.9%   6.1  505s
 197244 132596 30840.6929   42   20 47817.0000 29703.9044  37.9%   6.1  513s
 199289 134466 32550.9672   68    1 47817.0000 29704.6804  37.9%   6.2  522s
 201487 136126 31103.8698   44   22 47817.0000 29716.1797  37.9%   6.2  532s
 203887 138000 31304.9143   40   17 47817.0000 29721.3011  37.8%   6.2  542s
 205715 139729 35161.8756   63    1 47817.0000 29721.3011  37.8%   6.2  551s
 207973 141663 30910.6077   39   20 47817.0000 29728.2794  37.8%   6.2  562s
 210222 143229 30984.2624   46    9 47817.0000 29732.0721  37.8%   6.2  572s
 212288 145030 30994.5192   38   14 47817.0000 29743.9032  37.8%   6.3  584s
 214338 147161 30727.2801   40   22 47817.0000 29744.0297  37.8%   6.3  595s
 216776 148061 31377.0144   45    9 47817.0000 29750.4941  37.8%   6.3  600s

Cutting planes:
  Gomory: 1
  MIR: 9
  Flow cover: 5
  RLT: 1

Explored 217538 nodes (1367974 simplex iterations) in 600.91 seconds (180.72 work units)
Thread count was 32 (of 32 available processors)

Solution count 10: 47817 49107 49246 ... 59318

Time limit reached
Best objective 4.781700000000e+04, best bound 2.975049406842e+04, gap 37.7826%

User-callback calls 459726, time in user-callback 23.34 sec
