
Gurobi 13.0.2 (win64) logging started Fri Jul 17 08:57:28 2026

Set parameter LogFile to value "logs/kstar_nI40_nJ20_nK50_nL5_tI5_tJ5_s3_m1_exact_s0_20260717-085728.gurobi.log"
Set parameter Seed to value 0
Set parameter TimeLimit to value 599.9861493
Set parameter MIPGap to value 0
Set parameter MIPGapAbs to value 0.5
Set parameter Cutoff to value 1e+100
Gurobi Optimizer version 13.0.2 build v13.0.2rc1 (win64 - Windows 11+.0 (26200.2))

CPU model: Intel(R) Core(TM) i9-14900HX, instruction set [SSE2|AVX|AVX2]
Thread count: 24 physical cores, 32 logical processors, using up to 32 threads

Non-default parameters:
TimeLimit  599.9861493
MIPGap  0
MIPGapAbs  0.5
PreCrush  1
LazyConstraints  1

Optimize a model with 10 rows, 65 columns and 300 nonzeros (Min)
Model fingerprint: 0x459c9e64
Model has 65 linear objective coefficients
Variable types: 5 continuous, 60 integer (60 binary)
Coefficient statistics:
  Matrix range     [1e+00, 6e+02]
  Objective range  [1e+00, 5e+02]
  Bounds range     [1e+00, 6e+03]
  RHS range        [6e+02, 6e+02]

Using branch priorities.
Presolve removed 8 rows and 0 columns
Presolve time: 0.00s
Presolved: 2 rows, 65 columns, 60 nonzeros
Variable types: 5 continuous, 60 integer (60 binary)

Root relaxation: objective 2.884192e+04, 6 iterations, 0.00 seconds (0.00 work units)

    Nodes    |    Current Node    |     Objective Bounds      |     Work
 Expl Unexpl |  Obj  Depth IntInf | Incumbent    BestBd   Gap | It/Node Time

     0     0 28841.9196    0    2          - 28841.9196      -     -    0s
H    0     0                    116164.00000 28841.9196  75.2%     -    0s
H    0     0                    110333.00000 28841.9196  73.9%     -    0s
H    0     0                    107482.00000 28841.9196  73.2%     -    0s
H    0     0                    91696.000000 28841.9196  68.5%     -    0s
H    0     0                    90383.000000 28841.9196  68.1%     -    0s
     0     0 29210.6921    0    5 90383.0000 29210.6921  67.7%     -    0s
     0     0 29269.5814    0    6 90383.0000 29269.5814  67.6%     -    0s
H    0     0                    86078.000000 29276.9483  66.0%     -    0s
     0     0 29462.7226    0   10 86078.0000 29462.7226  65.8%     -    0s
     0     0 29525.7390    0   11 86078.0000 29525.7390  65.7%     -    0s
H    0     0                    83528.000000 29525.7590  64.7%     -    0s
H    0     0                    82628.000000 29525.7590  64.3%     -    0s
H    0     0                    71796.000000 29525.7590  58.9%     -    0s
H    0     0                    68562.000000 29525.7590  56.9%     -    0s
     0     0 29593.0667    0   13 68562.0000 29593.0667  56.8%     -    0s
     0     0 29599.3639    0   13 68562.0000 29599.3639  56.8%     -    0s
     0     2 29667.1517    0   17 68562.0000 29667.1517  56.7%     -    0s
H 3598  3097                    58043.000000 29909.5348  48.5%   3.4    1s
H 3600  2943                    49432.000000 29917.4609  39.5%   3.4    1s
H 3602  2796                    49359.000000 30000.4316  39.2%   3.4    1s
H 3602  2656                    48476.000000 30000.4316  38.1%   3.4    1s
  9095  5805 31762.2222   44    1 48476.0000 30504.1176  37.1%   4.4    5s
 14953  9796 31152.4744   22   14 48476.0000 30645.3292  36.8%   4.4   10s
 19901 14166 32727.4663   34    5 48476.0000 30689.1965  36.7%   4.5   15s
 30252 22989 31790.5819   39    7 48476.0000 30795.8934  36.5%   4.5   20s
 35425 27030 33905.8084   46    2 48476.0000 30828.5116  36.4%   4.5   25s
 39014 30459 37858.4884   54    1 48476.0000 30850.9481  36.4%   4.6   30s
 42849 33525 32265.8751   31   15 48476.0000 30876.3102  36.3%   4.6   36s
 45746 36269 33902.8675   39    6 48476.0000 30887.0879  36.3%   4.7   40s
 49214 37934 35944.0000   70   13 48476.0000 30918.1688  36.2%   4.7   49s
 49216 37935 33954.8387   41   30 48476.0000 30918.1688  36.2%   4.7   50s
 49225 37941 32321.9331   46   32 48476.0000 30918.1688  36.2%   4.7   55s
H49229 36046                    48423.000000 30918.1688  36.1%   4.7   58s
H49229 34243                    47948.000000 30918.1688  35.5%   4.7   59s
 49232 34245 31028.0122   41   32 47948.0000 30918.1688  35.5%   4.7   60s
H49236 32536                    47506.000000 30918.1688  34.9%   4.7   63s
 49252 32563 30918.1688   26   22 47506.0000 30918.1688  34.9%   4.7   65s
 49876 33067 34843.0953   38    5 47506.0000 30918.1688  34.9%   5.0   70s
 51361 33947 37030.0091   58    4 47506.0000 30976.4889  34.8%   5.0   75s
 53453 35229 37960.5052   67    2 47506.0000 31149.3778  34.4%   5.1   80s
 56730 37167 31838.7467   33   17 47506.0000 31201.9496  34.3%   5.2   85s
 59202 38219 32102.9594   36   19 47506.0000 31201.9496  34.3%   5.2   91s
 61587 39269 32427.1018   39   15 47506.0000 31431.0268  33.8%   5.3   95s
 63328 39875 32528.5051   42   16 47506.0000 31477.3164  33.7%   5.3  100s
 65028 41112 32863.9795   45    9 47506.0000 31506.8764  33.7%   5.4  106s
 66559 42112 32980.0149   47    9 47506.0000 31506.8764  33.7%   5.4  110s
 69030 43529 32852.8903   43    7 47506.0000 31545.9575  33.6%   5.5  115s
 71489 44903 32374.5816   36   16 47506.0000 31580.5696  33.5%   5.5  120s
 74424 46609 33369.6944   46    6 47506.0000 31638.2074  33.4%   5.6  125s
 77274 48385 32472.0649   37   15 47506.0000 31664.0383  33.3%   5.6  131s
 80463 50024 36616.1890   74    1 47506.0000 31686.1999  33.3%   5.7  137s
 82112 50842 32989.3274   33   22 47506.0000 31707.6152  33.3%   5.7  140s
 85416 52388 33844.9436   47    6 47506.0000 31721.0644  33.2%   5.8  146s
 87851 53382 33075.4993   51    5 47506.0000 31732.4547  33.2%   5.8  150s
 90556 55132 32893.9248   53    9 47506.0000 31757.7961  33.1%   5.8  157s
 92506 55864 32653.5179   36   21 47506.0000 31772.8632  33.1%   5.9  161s
 94220 57187 33267.8124   43   13 47506.0000 31793.8107  33.1%   5.9  165s
 98119 58723 32486.0049   36   23 47506.0000 31800.0464  33.1%   5.9  173s
 99826 59518 33489.8299   46   13 47506.0000 31800.0464  33.1%   6.0  177s
 101319 60485 33376.7694   52   16 47506.0000 31830.4788  33.0%   6.0  180s
 102992 61593 32858.0070   40   14 47506.0000 31830.4788  33.0%   6.1  185s
 104910 62548 33753.1045   34   20 47506.0000 31844.9780  33.0%   6.1  190s
 106765 63530 33615.6964   46   14 47506.0000 31847.3295  33.0%   6.2  195s
 111124 65872 33233.1688   44   10 47506.0000 31890.7409  32.9%   6.2  204s
 113407 66870 33050.6582   49    9 47506.0000 31891.8363  32.9%   6.2  209s
 115618 68335 33310.3732   32   18 47506.0000 31911.7372  32.8%   6.3  214s
 118156 69387 33420.0988   46   10 47506.0000 31926.3340  32.8%   6.3  220s
 120146 70495 34177.8974   55    9 47506.0000 31930.6931  32.8%   6.3  226s
 122603 70246 32939.5515   39   20 47506.0000 31942.8716  32.8%   6.3  231s
 122771 70866 32993.9303   40   22 47506.0000 31942.8716  32.8%   6.4  235s
 123948 71864 33014.8825   41   19 47506.0000 31949.4713  32.7%   6.4  242s
 125526 72738 33081.5621   42   17 47506.0000 31952.0201  32.7%   6.4  247s
 127174 72457 33154.1807   43   15 47506.0000 31964.1922  32.7%   6.4  251s
 127206 73204 33194.9534   44   15 47506.0000 31964.1922  32.7%   6.4  256s
 128295 73880 33204.7042   45   14 47506.0000 31966.9837  32.7%   6.4  262s
 129562 74851 33327.1964   46   12 47506.0000 31973.0389  32.7%   6.4  269s
 131219 75741 33387.1464   47   11 47506.0000 31979.9342  32.7%   6.5  276s
 133120 77092 33508.9060   48   13 47506.0000 31991.7682  32.7%   6.5  283s
 135351 78820 33535.4919   49   12 47506.0000 32005.3825  32.6%   6.5  291s
 138388 80043 33601.5596   50   10 47506.0000 32019.0069  32.6%   6.5  298s
 140928 81613 33634.6590   51    8 47506.0000 32036.7501  32.6%   6.6  305s
 144011 82935 33882.4194   53   10 47506.0000 32040.4812  32.6%   6.6  313s
 146694 84176 34013.9315   43   12 47506.0000 32058.9218  32.5%   6.6  320s
 149190 86480 38149.9334   75    2 47506.0000 32065.2922  32.5%   6.7  328s
 151836 88939 32779.9419   40   20 47506.0000 32083.0679  32.5%   6.7  335s
 154697 91156 33681.3436   54    9 47506.0000 32093.6775  32.4%   6.7  345s
 157174 93201 33417.8008   45   10 47506.0000 32103.5639  32.4%   6.8  355s
 159411 95448 34084.4316   44   14 47506.0000 32104.6751  32.4%   6.8  364s
 162328 97753 32985.3850   37   22 47506.0000 32115.6807  32.4%   6.8  373s
 165215 100078 35934.0427   63    1 47506.0000 32123.9258  32.4%   6.8  381s
 167714 102122 33171.2085   38   15 47506.0000 32131.8259  32.4%   6.9  389s
 168377 102250 33821.8335   42   13 47506.0000 32131.8259  32.4%   6.9  390s
 170444 104331 33171.7051   36   21 47506.0000 32144.9911  32.3%   6.9  397s
 173286 106550 33799.1164   47    9 47506.0000 32153.5166  32.3%   6.9  407s
 175552 108567 33476.3782   39   17 47506.0000 32162.4954  32.3%   6.9  415s
 178098 110798 36082.5703   76    3 47506.0000 32167.4261  32.3%   6.9  424s
 180640 112705 33270.2332   33   26 47506.0000 32175.7706  32.3%   6.9  434s
 182638 114570 33630.1482   43   19 47506.0000 32175.8296  32.3%   7.0  444s
 184839 116711 33175.7062   40   16 47506.0000 32179.9923  32.3%   7.0  453s
 187392 118755 33253.0513   37   19 47506.0000 32179.9923  32.3%   7.0  464s
 187677 118787 33760.4103   59    8 47506.0000 32192.8849  32.2%   7.0  465s
 189695 120896 34280.0735   63    2 47506.0000 32200.5676  32.2%   7.0  474s
 192199 122967 33973.8831   62    4 47506.0000 32205.2641  32.2%   7.0  483s
 194641 125073 33826.0818   45   11 47506.0000 32212.0292  32.2%   7.1  491s
 197011 127054 33208.0796   36   20 47506.0000 32216.0158  32.2%   7.1  500s
 199352 128686 34539.6504   46   17 47506.0000 32222.6662  32.2%   7.1  511s
 201388 130544 40166.2686   72    1 47506.0000 32233.2786  32.1%   7.1  520s
 203515 132431 33599.2127   43   19 47506.0000 32239.9571  32.1%   7.1  528s
 205593 134270 32689.4057   33   25 47506.0000 32240.6460  32.1%   7.1  536s
 208081 136383 34490.3559   52    9 47506.0000 32251.1429  32.1%   7.1  545s
 210360 138100 33232.7110   40   23 47506.0000 32257.6654  32.1%   7.2  556s
 212330 139960 36949.6494   69    3 47506.0000 32259.0432  32.1%   7.2  565s
 214642 141742 33823.4662   44   16 47506.0000 32270.5684  32.1%   7.2  575s
 216790 143644 35627.0925   77    2 47506.0000 32276.7941  32.1%   7.2  583s
 218991 145321 35581.0000   55    - 47506.0000 32277.1599  32.1%   7.2  592s
 220992 146903 33444.9716   38   24 47506.0000 32291.8262  32.0%   7.2  600s

Cutting planes:
  Gomory: 5
  MIR: 7
  Flow cover: 2

Explored 222848 nodes (1613331 simplex iterations) in 601.52 seconds (197.67 work units)
Thread count was 32 (of 32 available processors)

Solution count 10: 47506 47948 48423 ... 82628

Time limit reached
Best objective 4.750600000000e+04, best bound 3.229736220135e+04, gap 32.0141%

User-callback calls 476249, time in user-callback 27.34 sec
