
Gurobi 13.0.2 (win64) logging started Thu Jul 16 04:19:25 2026

Set parameter LogFile to value "logs/kstar_nI20_nJ40_nK100_nL10_tI6_tJ6_s2_m1_exact_s0_20260716-041925.gurobi.log"
Set parameter Seed to value 0
Set parameter TimeLimit to value 599.9413202
Set parameter MIPGap to value 0
Set parameter MIPGapAbs to value 0.5
Set parameter Cutoff to value 1e+100
Gurobi Optimizer version 13.0.2 build v13.0.2rc1 (win64 - Windows 11+.0 (26200.2))

CPU model: Intel(R) Core(TM) i9-14900HX, instruction set [SSE2|AVX|AVX2]
Thread count: 24 physical cores, 32 logical processors, using up to 32 threads

Non-default parameters:
TimeLimit  599.9413202
MIPGap  0
MIPGapAbs  0.5
PreCrush  1
LazyConstraints  1

Optimize a model with 20 rows, 70 columns and 600 nonzeros (Min)
Model fingerprint: 0xce376757
Model has 70 linear objective coefficients
Variable types: 10 continuous, 60 integer (60 binary)
Coefficient statistics:
  Matrix range     [3e+00, 1e+03]
  Objective range  [1e+00, 5e+02]
  Bounds range     [1e+00, 9e+03]
  RHS range        [1e+03, 1e+03]

Using branch priorities.
Presolve removed 18 rows and 0 columns
Presolve time: 0.00s
Presolved: 2 rows, 70 columns, 60 nonzeros
Variable types: 10 continuous, 60 integer (60 binary)

Root relaxation: objective 8.213149e+04, 6 iterations, 0.00 seconds (0.00 work units)

    Nodes    |    Current Node    |     Objective Bounds      |     Work
 Expl Unexpl |  Obj  Depth IntInf | Incumbent    BestBd   Gap | It/Node Time

     0     0 82131.4873    0    3          - 82131.4873      -     -    0s
H    0     0                    386008.00000 82131.4873  78.7%     -    0s
H    0     0                    348612.00000 82131.4873  76.4%     -    0s
H    0     0                    334730.00000 82131.4873  75.5%     -    0s
H    0     0                    312069.00000 82131.4873  73.7%     -    0s
     0     0 82370.5288    0    5 312069.000 82370.5288  73.6%     -    0s
     0     0 82417.1434    0    8 312069.000 82417.1434  73.6%     -    0s
H    0     0                    310881.00000 82417.1434  73.5%     -    0s
     0     0 82452.0645    0   10 310881.000 82452.0645  73.5%     -    0s
     0     0 82482.8816    0   10 310881.000 82482.8816  73.5%     -    0s
     0     0 82487.7788    0   12 310881.000 82487.7788  73.5%     -    0s
H    0     0                    298285.00000 82490.1628  72.3%     -    0s
H    0     0                    294574.00000 82490.1628  72.0%     -    0s
H    0     0                    263112.00000 82490.1628  68.6%     -    0s
H    0     0                    254545.00000 82490.1628  67.6%     -    0s
     0     0 82539.2188    0   12 254545.000 82539.2188  67.6%     -    0s
     0     0 82540.3918    0   12 254545.000 82540.3918  67.6%     -    0s
H    0     0                    241855.00000 82541.6848  65.9%     -    0s
     0     2 82549.5883    0   15 241855.000 82549.5883  65.9%     -    0s
  2820  2661 82883.0635   19   10 241855.000 82645.6186  65.8%   4.3    5s
H 3314  2848                    192232.00000 82645.6186  57.0%   4.2    6s
  3336  2862 83660.0000   29   22 192232.000 82705.5263  57.0%   4.1   10s
  3991  3363 83013.7296   26   18 192232.000 82766.0113  56.9%   5.9   15s
  4910  3850 82951.0762   24   22 192232.000 82793.4203  56.9%   6.3   20s
  6238  4643 83372.4708   41   10 192232.000 82815.0984  56.9%   6.1   25s
  7965  5705 84336.7176   58    3 192232.000 82864.9452  56.9%   6.2   30s
  9816  6757 82958.7022   24   19 192232.000 82864.9452  56.9%   6.0   35s
 12227  8149 88873.0000   69    - 192232.000 82892.4729  56.9%   5.9   40s
 13909  9453 83251.9387   26   14 192232.000 82907.1142  56.9%   5.8   45s
 15536 10987 84093.3567   48    3 192232.000 82910.8843  56.9%   5.7   50s
 17134 12024 83195.5895   28   14 192232.000 82914.9404  56.9%   5.6   55s
 18590 13401 84219.1286   53    5 192232.000 82920.7434  56.9%   5.6   60s
 20689 15221 83162.5664   24   21 192232.000 82942.6159  56.9%   5.6   65s
 22460 17038 83290.6865   31   14 192232.000 82942.6159  56.9%   5.8   70s
 23782 18000 83360.5560   32   13 192232.000 82959.4717  56.8%   5.8   75s
 25632 19815 85306.3843   54    2 192232.000 82959.4717  56.8%   5.8   81s
 27502 21590 83393.1339   31   19 192232.000 82962.0494  56.8%   5.7   85s
 29510 23350 83697.5931   42   12 192232.000 82967.5971  56.8%   5.7   91s
 30740 23982 83487.7996   29   16 192232.000 82970.7109  56.8%   5.7   96s
 32191 25441 83156.0320   25   20 192232.000 82978.1725  56.8%   5.7  102s
 33011 25998 85501.3311   57    2 192232.000 82978.1725  56.8%   5.7  105s
 33645 26530 83514.5277   36   10 192232.000 82987.3802  56.8%   5.8  110s
 34846 27763 83677.1045   42    5 192232.000 82987.8846  56.8%   5.7  118s
 35821 28807 93397.0000   66    - 192232.000 82987.8846  56.8%   5.7  122s
 37150 29883 84070.5762   50   11 192232.000 83001.2782  56.8%   5.7  126s
 38815 31493 83108.9599   27   20 192232.000 83005.7183  56.8%   5.7  130s
 40494 32982 84184.4987   51    5 192232.000 83011.6151  56.8%   5.7  135s
 42338 34377 83242.8773   29   19 192232.000 83013.8606  56.8%   5.7  140s
 43814 36216 85346.9504   59    1 192232.000 83024.0944  56.8%   5.7  145s
 45954 37693 83452.0743   37   12 192232.000 83024.0944  56.8%   5.7  150s
 48024 39196 83772.3223   34   12 192232.000 83026.7294  56.8%   5.6  155s
 49480 40740 83241.8568   27   23 192232.000 83026.7294  56.8%   5.7  160s
 51653 41303 83186.9658   26   24 192232.000 83031.5388  56.8%   5.7  165s
 52491 42022 83493.8919   30   12 192232.000 83032.6424  56.8%   5.7  170s
 53172 42849 83265.6611   28   20 192232.000 83032.6424  56.8%   5.7  175s
 53737 43755 83466.1017   29   13 192232.000 83034.5760  56.8%   5.7  180s
 54852 45053 83522.7734   30   17 192232.000 83040.2244  56.8%   5.7  186s
 56484 46718 83565.5031   31   15 192232.000 83040.2244  56.8%   5.7  192s
 58579 48461 83710.1916   32   13 192232.000 83044.4130  56.8%   5.7  200s
 60564 48750 83495.8249   36   12 192232.000 83047.9771  56.8%   5.7  208s
 60566 48751 85303.0000   71   28 192232.000 83047.9771  56.8%   5.7  211s
 60568 48753 84194.9367   53   28 192232.000 83047.9771  56.8%   5.7  215s
 60571 48755 83364.9169   33   28 192232.000 83047.9771  56.8%   5.7  221s
 60572 48755 84740.0666   60   27 192232.000 83047.9771  56.8%   5.7  225s
 60576 48758 84810.0000   66   32 192232.000 83047.9771  56.8%   5.7  231s
H60576 46319                    180611.00000 83047.9771  54.0%   5.7  234s
 60578 46320 93198.0000   69   33 180611.000 83047.9771  54.0%   5.7  237s
H60578 44004                    176042.00000 83047.9771  52.8%   5.7  239s
 60579 44005 83474.8202   40   31 176042.000 83047.9771  52.8%   5.7  240s
H60582 41806                    174635.00000 83047.9771  52.4%   5.7  245s
H60583 41807                    174386.00000 83047.9771  52.4%   5.7  245s
 60586 41809 94514.0000   70   29 174386.000 83047.9771  52.4%   5.7  251s
 60588 41810 85150.0000   72   32 174386.000 83047.9771  52.4%   5.7  256s
 60591 41815 83047.9771   28   29 174386.000 83047.9771  52.4%   5.7  260s
 60653 41886 83047.9771   33   25 174386.000 83047.9771  52.4%   5.8  266s
 60782 41976 83140.6159   35   27 174386.000 83047.9771  52.4%   5.8  271s
 60898 42022 83650.1902   39   21 174386.000 83047.9771  52.4%   5.8  275s
 61035 42242 83278.6882   37   25 174386.000 83047.9771  52.4%   5.9  281s
 61220 42340 83266.0773   39   22 174386.000 83047.9771  52.4%   5.9  285s
 61424 42491 83311.5385   41   21 174386.000 83047.9771  52.4%   6.0  290s
 61818 42778 83416.0699   44   19 174386.000 83047.9771  52.4%   6.0  295s
 62639 43278 83600.5772   48   14 174386.000 83047.9771  52.4%   6.0  301s
 63342 43607 83762.9125   52   12 174386.000 83047.9771  52.4%   6.0  306s
 63938 43985 83854.0179   58    9 174386.000 83088.1127  52.4%   6.1  310s
 64575 44505 84085.5067   65    7 174386.000 83088.1127  52.4%   6.1  315s
 65440 44914 91626.0000   79    - 174386.000 83111.5252  52.3%   6.1  321s
 66300 45543 83532.8497   46   16 174386.000 83116.1101  52.3%   6.1  327s
 66827 45457 84092.9368   56   10 174386.000 83116.1101  52.3%   6.1  330s
 67445 45761 93020.0000   81    - 174386.000 83125.3574  52.3%   6.1  337s
 67521 46136 83379.3482   41   22 174386.000 83125.3574  52.3%   6.1  341s
 68691 46933 84636.7369   62    2 174386.000 83125.3574  52.3%   6.1  347s
 69461 47219 88536.0000   78    - 174386.000 83125.3574  52.3%   6.1  351s
 70095 47633 83594.8121   41   19 174386.000 83147.0218  52.3%   6.1  355s
 70977 48055 84679.3321   60    5 174386.000 83158.2475  52.3%   6.1  364s
 71396 47958 83414.6570   38   22 174386.000 83158.2475  52.3%   6.1  365s
 72433 49017 84245.3536   63    4 174386.000 83162.1024  52.3%   6.1  372s
 73280 49449 83660.3184   46   16 174386.000 83168.6924  52.3%   6.2  376s
 74159 49314 83287.6690   36   20 174386.000 83168.6924  52.3%   6.2  380s
 74305 49759 83590.5073   42   18 174386.000 83197.6671  52.3%   6.2  385s
 75829 50808 83564.3288   39   19 174386.000 83197.6671  52.3%   6.2  394s
 76834 51480 85253.4112   75    1 174386.000 83207.4519  52.3%   6.2  398s
 77902 52015 83467.2697   43   14 174386.000 83217.2470  52.3%   6.2  403s
 79032 52656 83415.2213   41   22 174386.000 83220.1715  52.3%   6.2  408s
 80214 52557 84605.2420   65    3 174386.000 83220.1715  52.3%   6.2  413s
 80408 52573 85752.4744   66    2 174386.000 83233.3089  52.3%   6.2  418s
 80459 53124 87096.7394   67    2 174386.000 83233.3089  52.3%   6.2  422s
 81221 53654 84036.9264   47   12 174386.000 83238.2250  52.3%   6.2  428s
 82127 54113 83434.2858   39   19 174386.000 83238.2250  52.3%   6.2  434s
 83036 54741 86600.4948   73    2 174386.000 83245.8325  52.3%   6.2  439s
 84148 55404 83432.8688   40   23 174386.000 83247.8382  52.3%   6.3  445s
 85350 56171 87967.0000   75    - 174386.000 83260.8030  52.3%   6.3  452s
 86730 55961 85283.0181   62    2 174386.000 83263.6566  52.3%   6.3  460s
 86825 56719 83700.7623   44   22 174386.000 83263.6566  52.3%   6.3  466s
 87917 57392 84390.2500   66    1 174386.000 83263.6566  52.3%   6.3  473s
 89151 58250 83855.2545   51   12 174386.000 83278.4049  52.2%   6.3  481s
 90574 59029 83575.1408   43   23 174386.000 83278.4049  52.2%   6.3  489s
 92069 59834 85988.3132   80    1 174386.000 83285.0150  52.2%   6.3  497s
 93543 60450 83989.5156   48   12 174386.000 83293.6831  52.2%   6.4  505s
 94495 61533 84945.9643   61    2 174386.000 83293.6831  52.2%   6.5  513s
 96075 62663 88005.0000   83    - 174386.000 83297.5724  52.2%   6.5  523s
 98132 63624 83934.8839   47   11 174386.000 83298.0410  52.2%   6.5  532s
 100150 63439 84009.8258   49    9 174386.000 83300.9533  52.2%   6.5  541s
 100591 64797 84013.0719   50    9 174386.000 83300.9533  52.2%   6.5  551s
 102656 65400 84021.0622   51    8 174386.000 83301.8259  52.2%   6.4  562s
 105170 66414 84052.4709   52    7 174386.000 83307.3808  52.2%   6.4  573s
 107180 67856 83709.2549   44   15 174386.000 83314.6031  52.2%   6.4  584s
 109192 67461 84226.4929   60    2 174386.000 83315.3161  52.2%   6.4  585s
 109443 68985 83627.5986   39   21 174386.000 83316.7455  52.2%   6.4  596s
 111670 68805 83679.9357   40   22 174386.000 83318.8578  52.2%   6.4  600s

Cutting planes:
  Gomory: 5
  Cover: 2
  MIR: 4
  Flow cover: 1

Explored 111849 nodes (720617 simplex iterations) in 601.34 seconds (277.78 work units)
Thread count was 32 (of 32 available processors)

Solution count 10: 174386 174635 176042 ... 298285

Time limit reached
Best objective 1.743860000000e+05, best bound 8.331885781422e+04, gap 52.2216%

User-callback calls 245492, time in user-callback 122.20 sec
