
Gurobi 13.0.2 (win64) logging started Fri Jul 17 05:26:27 2026

Set parameter LogFile to value "logs/kstar_nI40_nJ20_nK50_nL10_tI6_tJ6_s2_m1_exact_s0_20260717-052627.gurobi.log"
Set parameter Seed to value 0
Set parameter TimeLimit to value 599.9741556
Set parameter MIPGap to value 0
Set parameter MIPGapAbs to value 0.5
Set parameter Cutoff to value 1e+100
Gurobi Optimizer version 13.0.2 build v13.0.2rc1 (win64 - Windows 11+.0 (26200.2))

CPU model: Intel(R) Core(TM) i9-14900HX, instruction set [SSE2|AVX|AVX2]
Thread count: 24 physical cores, 32 logical processors, using up to 32 threads

Non-default parameters:
TimeLimit  599.9741556
MIPGap  0
MIPGapAbs  0.5
PreCrush  1
LazyConstraints  1

Optimize a model with 20 rows, 70 columns and 600 nonzeros (Min)
Model fingerprint: 0x56a42880
Model has 70 linear objective coefficients
Variable types: 10 continuous, 60 integer (60 binary)
Coefficient statistics:
  Matrix range     [1e+01, 7e+02]
  Objective range  [1e+00, 5e+02]
  Bounds range     [1e+00, 6e+03]
  RHS range        [6e+02, 7e+02]

Using branch priorities.
Presolve removed 18 rows and 0 columns
Presolve time: 0.00s
Presolved: 2 rows, 70 columns, 60 nonzeros
Variable types: 10 continuous, 60 integer (60 binary)

Root relaxation: objective 5.140783e+04, 6 iterations, 0.00 seconds (0.00 work units)

    Nodes    |    Current Node    |     Objective Bounds      |     Work
 Expl Unexpl |  Obj  Depth IntInf | Incumbent    BestBd   Gap | It/Node Time

     0     0 51407.8294    0    3          - 51407.8294      -     -    0s
H    0     0                    170142.00000 51407.8294  69.8%     -    0s
H    0     0                    161450.00000 51407.8294  68.2%     -    0s
H    0     0                    160781.00000 51407.8294  68.0%     -    0s
H    0     0                    159881.00000 51407.8294  67.8%     -    0s
     0     0 51701.1449    0    5 159881.000 51701.1449  67.7%     -    0s
     0     0 51808.5844    0    6 159881.000 51808.5844  67.6%     -    0s
     0     0 51903.3040    0    4 159881.000 51903.3040  67.5%     -    0s
     0     0 51951.7028    0    7 159881.000 51951.7028  67.5%     -    0s
     0     0 52077.1647    0    9 159881.000 52077.1647  67.4%     -    0s
     0     0 52096.9913    0    9 159881.000 52096.9913  67.4%     -    0s
H    0     0                    152039.00000 52100.5804  65.7%     -    0s
     0     0 52203.4738    0    9 152039.000 52203.4738  65.7%     -    0s
     0     0 52211.9687    0   13 152039.000 52211.9687  65.7%     -    0s
     0     0 52257.3611    0   13 152039.000 52257.3611  65.6%     -    0s
     0     0 52309.3086    0   11 152039.000 52309.3086  65.6%     -    0s
     0     0 52375.7763    0    9 152039.000 52375.7763  65.6%     -    0s
     0     0 52439.6476    0   11 152039.000 52439.6476  65.5%     -    0s
     0     0 52449.7572    0   12 152039.000 52449.7572  65.5%     -    0s
     0     0 52498.4966    0   14 152039.000 52498.4966  65.5%     -    0s
     0     0 52635.3996    0   11 152039.000 52635.3996  65.4%     -    0s
     0     0 52676.0534    0   13 152039.000 52676.0534  65.4%     -    0s
     0     0 52746.2899    0   11 152039.000 52746.2899  65.3%     -    0s
     0     0 52764.3473    0   14 152039.000 52764.3473  65.3%     -    0s
     0     0 52844.7726    0   13 152039.000 52844.7726  65.2%     -    0s
     0     0 52878.4019    0   16 152039.000 52878.4019  65.2%     -    0s
     0     0 52917.4061    0   13 152039.000 52917.4061  65.2%     -    0s
     0     0 52934.8266    0   14 152039.000 52934.8266  65.2%     -    0s
     0     0 52935.0373    0   16 152039.000 52935.0373  65.2%     -    0s
     0     0 52940.9396    0   15 152039.000 52940.9396  65.2%     -    0s
     0     0 52950.3774    0   16 152039.000 52950.3774  65.2%     -    0s
     0     0 53011.9465    0   10 152039.000 53011.9465  65.1%     -    0s
     0     0 53029.7658    0   15 152039.000 53029.7658  65.1%     -    0s
     0     0 53045.0280    0   17 152039.000 53045.0280  65.1%     -    0s
     0     0 53068.4199    0   16 152039.000 53068.4199  65.1%     -    0s
     0     0 53068.7075    0   17 152039.000 53068.7075  65.1%     -    0s
     0     0 53069.7869    0   17 152039.000 53069.7869  65.1%     -    0s
     0     2 53069.7869    0   17 152039.000 53069.7869  65.1%     -    0s
H 3144  2706                    115138.00000 53133.8956  53.9%   3.8    1s
H 3154  2576                    113552.00000 53191.7893  53.2%   3.8    2s
H 3157  2449                    112820.00000 53191.7893  52.9%   3.8    2s
H 3165  2332                    99598.000000 53329.4856  46.5%   3.8    3s
H 3167  2216                    93797.000000 53339.7509  43.1%   3.8    3s
H 3167  2105                    92302.000000 53339.7509  42.2%   3.8    3s
  3790  2638 54966.6041   26    7 92302.0000 53556.1327  42.0%   5.2    5s
  8741  5262 55029.7235   27    8 92302.0000 53822.5189  41.7%   5.0   10s
*11848  7454              67    88531.000000 53942.0523  39.1%   4.9   12s
 13871  9252 55288.7256   39   10 88531.0000 53942.0523  39.1%   5.0   15s
 17429 12113 55282.1961   20   20 88531.0000 54041.0759  39.0%   4.9   20s
 19373 13680 55605.3167   29    8 88531.0000 54042.6050  39.0%   5.0   25s
 22756 16931 55059.5444   27   11 88531.0000 54142.6374  38.8%   5.1   30s
 25012 18379 56254.5220   36    5 88531.0000 54167.8556  38.8%   5.1   35s
 26964 20194 56866.6545   51    6 88531.0000 54176.4565  38.8%   5.2   41s
 29020 22241 55061.7295   24   25 88531.0000 54222.3000  38.8%   5.3   45s
 32112 24309 59146.0000   41   17 88531.0000 54274.3080  38.7%   5.4   56s
H32113 23094                    88038.000000 54274.3080  38.4%   5.4   57s
 32116 23096 57341.0000   51   28 88038.0000 54274.3080  38.4%   5.4   60s
H32119 21943                    86029.000000 54274.3080  36.9%   5.4   63s
 32123 21945 57737.0000   54   29 86029.0000 54274.3080  36.9%   5.4   65s
H32127 20850                    84765.000000 54274.3080  36.0%   5.4   67s
H32127 19808                    82558.000000 54274.3080  34.3%   5.4   67s
H32127 18817                    82168.000000 54274.3080  33.9%   5.4   67s
H32128 18818                    80933.000000 54274.3080  32.9%   5.4   67s
 32131 18820 57901.0000   56   30 80933.0000 54274.3080  32.9%   5.4   70s
H32134 17880                    78716.000000 54274.3080  31.1%   5.4   74s
 32136 17884 54274.3080   21   27 78716.0000 54274.3080  31.1%   5.4   75s
 32313 18093 56769.8508   28   17 78716.0000 54551.9745  30.7%   5.6   80s
 33044 18587 57068.8770   35   14 78716.0000 54551.9745  30.7%   5.9   85s
 33891 19100 57503.4210   42    8 78716.0000 54678.7801  30.5%   6.0   90s
 35619 19930 60861.1799   67    3 78716.0000 54805.6570  30.4%   6.1   95s
 36889 20626 57290.1404   51    9 78716.0000 54834.7307  30.3%   6.2  100s
 38143 21605 55951.1570   36   16 78716.0000 54893.1128  30.3%   6.3  106s
 40103 22655 55854.7074   42   22 78716.0000 54893.1128  30.3%   6.4  110s
 42801 23719 55332.7244   30   22 78716.0000 54928.2409  30.2%   6.6  116s
 43844 24503 55162.7826   29   21 78716.0000 54928.2409  30.2%   6.6  121s
 45702 25113 57050.3069   37   21 78716.0000 55006.1785  30.1%   6.8  126s
 46433 25975 57306.8060   39   21 78716.0000 55006.1785  30.1%   6.8  130s
 48639 27355 55477.2605   32   20 78716.0000 55151.0687  29.9%   7.0  136s
 49609 27869 55297.8992   32   24 78716.0000 55169.8468  29.9%   7.1  141s
 51373 28162 56134.1950   29   24 78716.0000 55183.4588  29.9%   7.1  146s
 52511 29425 57499.9618   47   14 78716.0000 55203.5789  29.9%   7.2  152s
 53505 29928 56690.1999   40   21 78716.0000 55203.5789  29.9%   7.2  155s
 55658 31124 56325.8719   32   26 78716.0000 55242.6869  29.8%   7.3  161s
 58025 32387 57344.7273   46   12 78716.0000 55323.7943  29.7%   7.4  167s
 59162 32867 55921.2979   35   26 78716.0000 55325.3350  29.7%   7.4  170s
 61535 34553 57727.5979   49    9 78716.0000 55326.6713  29.7%   7.6  176s
 64233 35821 56121.1224   32   25 78716.0000 55346.9062  29.7%   7.6  182s
 65515 36674 58168.3603   61    4 78716.0000 55354.7834  29.7%   7.7  186s
 67012 37427 56748.0724   38   21 78716.0000 55355.2074  29.7%   7.7  190s
 70237 38987 56644.3560   42   12 78716.0000 55379.0617  29.6%   7.7  198s
 71656 39804 56360.9401   38   20 78716.0000 55379.0617  29.6%   7.8  202s
 73243 40658 56225.5238   36   22 78716.0000 55405.8864  29.6%   7.8  206s
 74795 41548 57434.2659   57    6 78716.0000 55405.8864  29.6%   7.9  211s
 76314 42370 56353.1482   38   19 78716.0000 55405.8864  29.6%   8.0  216s
 77864 43162 59973.8816   66    5 78716.0000 55405.8864  29.6%   8.0  220s
 79411 43848 57138.8221   44   17 78716.0000 55429.6324  29.6%   8.1  225s
 80772 44910 56004.0835   36   26 78716.0000 55436.9913  29.6%   8.1  231s
 82599 45716 56954.4042   52    9 78716.0000 55444.0765  29.6%   8.1  237s
 84673 46617 58479.1906   55    2 78716.0000 55448.2532  29.6%   8.1  242s
 86341 47644 60608.4811   65    3 78716.0000 55459.9781  29.5%   8.2  247s
 88021 49032 57579.7316   44   15 78716.0000 55466.7640  29.5%   8.2  253s
 89656 50384 55978.4489   32   29 78716.0000 55468.1410  29.5%   8.3  258s
 91113 52072 56842.3669   39   14 78716.0000 55468.1410  29.5%   8.3  265s
 92908 52373 56160.8954   37   24 78716.0000 55468.1410  29.5%   8.4  272s
 93138 53393 56408.2679   38   20 78716.0000 55477.9078  29.5%   8.4  280s
 94473 54830 56674.5912   35   20 78716.0000 55477.9078  29.5%   8.4  288s
 96266 56419 57064.9598   43   22 78716.0000 55491.4313  29.5%   8.4  295s
 98010 58249 56920.0796   41   20 78716.0000 55504.6784  29.5%   8.5  303s
 100060 58540 56239.7712   33   25 78716.0000 55509.0722  29.5%   8.6  312s
 100183 59501 56343.6423   33   21 78716.0000 55509.0722  29.5%   8.6  322s
 101467 61070 57498.0690   42   11 78716.0000 55510.7002  29.5%   8.6  330s
 103291 62555 56554.7769   41   18 78716.0000 55519.0149  29.5%   8.6  339s
 105142 64339 56951.1295   35   26 78716.0000 55533.4368  29.5%   8.7  348s
 107328 66218 56544.9797   37   19 78716.0000 55536.0751  29.4%   8.7  359s
 108552 66401 56214.6511   40   25 78716.0000 55536.0751  29.4%   8.7  360s
 109443 68317 56819.5983   35   29 78716.0000 55536.0751  29.4%   8.7  369s
 111863 70418 68689.4049   66    3 78716.0000 55543.2377  29.4%   8.8  379s
 114194 72381 56588.6239   39   19 78716.0000 55558.9803  29.4%   8.8  389s
 116699 74554 57842.9281   50   14 78716.0000 55574.1530  29.4%   8.9  399s
 118040 74722 62032.3000   68    1 78716.0000 55574.7328  29.4%   8.9  400s
 119039 76658 58055.1172   56    7 78716.0000 55584.2619  29.4%   9.0  409s
 119522 76696 57153.5600   43   22 78716.0000 55584.2619  29.4%   9.0  410s
 121427 78332 58945.8761   46   15 78716.0000 55584.8419  29.4%   9.0  422s
 123376 80382 57208.1927   41   17 78716.0000 55585.1865  29.4%   9.1  434s
 125721 80697 56409.3641   37   24 78716.0000 55601.8703  29.4%   9.1  435s
 125811 82403 58544.7821   68    2 78716.0000 55601.8703  29.4%   9.1  445s
 128639 84743 56734.2194   38   21 78716.0000 55609.5847  29.4%   9.1  457s
 131416 86855 57722.5110   56    6 78716.0000 55616.7958  29.3%   9.1  469s
 133703 88828 57019.0630   36   25 78716.0000 55623.4217  29.3%   9.1  480s
 135987 90799 57413.5641   48   16 78716.0000 55632.8404  29.3%   9.2  494s
 138179 92498 57526.6709   52   16 78716.0000 55639.1520  29.3%   9.2  504s
 140057 94591 58072.3215   58    6 78716.0000 55646.6157  29.3%   9.2  517s
 142426 95831 56756.0032   40   17 78716.0000 55647.3683  29.3%   9.3  532s
 143779 97538 56660.9228   38   17 78716.0000 55647.3683  29.3%   9.3  545s
 145872 99383 56149.2834   32   28 78716.0000 55659.9869  29.3%   9.3  558s
 148069 99842 57304.1916   48   18 78716.0000 55666.2278  29.3%   9.3  572s
 148256 100891 57402.8855   49   16 78716.0000 55666.2342  29.3%   9.3  583s
 149678 102516 56447.8260   37   20 78716.0000 55666.2342  29.3%   9.4  595s
 151495 103346 64949.0483   74    1 78716.0000 55667.1997  29.3%   9.4  600s

Cutting planes:
  Gomory: 3
  MIR: 6
  Flow cover: 4

Explored 152400 nodes (1429198 simplex iterations) in 601.52 seconds (263.72 work units)
Thread count was 32 (of 32 available processors)

Solution count 10: 78716 80933 82168 ... 99598

Time limit reached
Best objective 7.871600000000e+04, best bound 5.566719972116e+04, gap 29.2810%

User-callback calls 326731, time in user-callback 28.39 sec
