
Gurobi 13.0.2 (win64) logging started Fri Jul 17 00:35:06 2026

Set parameter LogFile to value "logs/kstar_nI40_nJ20_nK100_nL5_tI5_tJ5_s3_m1_exact_s0_20260717-003506.gurobi.log"
Set parameter Seed to value 0
Set parameter TimeLimit to value 599.9802627
Set parameter MIPGap to value 0
Set parameter MIPGapAbs to value 0.5
Set parameter Cutoff to value 1e+100
Gurobi Optimizer version 13.0.2 build v13.0.2rc1 (win64 - Windows 11+.0 (26200.2))

CPU model: Intel(R) Core(TM) i9-14900HX, instruction set [SSE2|AVX|AVX2]
Thread count: 24 physical cores, 32 logical processors, using up to 32 threads

Non-default parameters:
TimeLimit  599.9802627
MIPGap  0
MIPGapAbs  0.5
PreCrush  1
LazyConstraints  1

Optimize a model with 10 rows, 65 columns and 300 nonzeros (Min)
Model fingerprint: 0x0c330643
Model has 65 linear objective coefficients
Variable types: 5 continuous, 60 integer (60 binary)
Coefficient statistics:
  Matrix range     [6e+00, 1e+03]
  Objective range  [1e+00, 5e+02]
  Bounds range     [1e+00, 1e+04]
  RHS range        [1e+03, 1e+03]

Using branch priorities.
Presolve removed 8 rows and 0 columns
Presolve time: 0.02s
Presolved: 2 rows, 65 columns, 60 nonzeros
Variable types: 5 continuous, 60 integer (60 binary)

Root relaxation: objective 4.835344e+04, 5 iterations, 0.00 seconds (0.00 work units)

    Nodes    |    Current Node    |     Objective Bounds      |     Work
 Expl Unexpl |  Obj  Depth IntInf | Incumbent    BestBd   Gap | It/Node Time

     0     0 48353.4420    0    2          - 48353.4420      -     -    0s
H    0     0                    208938.00000 48353.4420  76.9%     -    0s
H    0     0                    197809.00000 48353.4420  75.6%     -    0s
H    0     0                    190620.00000 48353.4420  74.6%     -    0s
H    0     0                    165788.00000 48353.4420  70.8%     -    0s
H    0     0                    161680.00000 48353.4420  70.1%     -    0s
     0     0 48536.3299    0    6 161680.000 48536.3299  70.0%     -    0s
     0     0 48573.5111    0    7 161680.000 48573.5111  70.0%     -    0s
H    0     0                    154901.00000 48575.0638  68.6%     -    0s
H    0     0                    144415.00000 48575.0638  66.4%     -    0s
     0     0 48646.2062    0   11 144415.000 48646.2062  66.3%     -    0s
     0     0 48651.5760    0   11 144415.000 48651.5760  66.3%     -    0s
     0     2 48702.4634    0   16 144415.000 48702.4634  66.3%     -    0s
H 3398  2910                    137906.00000 48830.0436  64.6%   3.3    2s
H 3398  2765                    135175.00000 48830.0436  63.9%   3.3    2s
H 3400  2627                    133620.00000 48830.0436  63.5%   3.3    2s
H 3403  2498                    132373.00000 48830.0436  63.1%   3.2    2s
H 3403  2373                    130612.00000 48830.0436  62.6%   3.2    3s
H 3410  2259                    127864.00000 48830.0436  61.8%   3.2    3s
H 3410  2146                    127438.00000 48830.0436  61.7%   3.2    3s
H 3411  2146                    126604.00000 48830.0436  61.4%   3.2    3s
H 3412  2039                    120161.00000 48830.0436  59.4%   3.2    3s
  3426  2057 48849.4543   15   17 120161.000 48832.4749  59.4%   3.3    5s
  7898  4671 49874.6146   30    6 120161.000 49122.4521  59.1%   4.3   10s
 14857  9839 49652.1164   25   10 120161.000 49263.3833  59.0%   4.1   15s
 17339 12128 50735.1128   36    8 120161.000 49295.7634  59.0%   4.1   20s
 23603 17525 50990.6337   38    7 120161.000 49341.5801  58.9%   4.0   25s
 30419 23763 49947.4169   24   12 120161.000 49376.6271  58.9%   4.0   30s
 34734 26439 49935.4643   22   18 120161.000 49430.1877  58.9%   4.1   35s
 35641 27626 50016.8697   25   16 120161.000 49430.1877  58.9%   4.1   40s
 37591 29382 50226.0577   28   13 120161.000 49433.2267  58.9%   4.1   45s
 39513 31350 50296.9354   30    9 120161.000 49448.0851  58.8%   4.1   50s
 42448 34142 50424.8616   32   11 120161.000 49460.1919  58.8%   4.1   55s
 45628 36940 50473.6271   34    9 120161.000 49475.6443  58.8%   4.2   60s
 49294 40108 50702.8616   36   10 120161.000 49494.1360  58.8%   4.2   65s
 52931 43544 50851.6122   38    7 120161.000 49494.2293  58.8%   4.2   70s
 57857 47455 50918.6260   40    4 120161.000 49520.5340  58.8%   4.2   76s
 62201 51198 50976.6049   42    4 120161.000 49534.4190  58.8%   4.2   82s
 64467 53026 52483.7063   59    1 120161.000 49538.4729  58.8%   4.2   85s
 69179 57298 52330.5213   43    4 120161.000 49553.6164  58.8%   4.2   91s
 74019 61124 50665.0621   30    9 120161.000 49566.3000  58.8%   4.3   97s
 76172 62976 53566.6792   52    1 120161.000 49566.3000  58.8%   4.3  101s
 78491 65156 50793.8698   31    9 120161.000 49573.9947  58.7%   4.3  105s
 81074 65548 51571.3385   48   11 120161.000 49574.0230  58.7%   4.3  115s
H81075 62271                    96231.000000 49574.0230  48.5%   4.3  116s
 81078 62273 50735.0679   49   31 96231.0000 49574.0230  48.5%   4.3  120s
H81081 59161                    89127.000000 49574.0230  44.4%   4.3  123s
H81081 56203                    88047.000000 49574.0230  43.7%   4.3  123s
 81084 56205 50915.3106   40   29 88047.0000 49574.0230  43.7%   4.3  125s
H81085 53395                    85459.000000 49574.0230  42.0%   4.3  128s
H81086 53396                    83379.000000 49574.0230  40.5%   4.3  128s
 81088 53397 51167.5332   48   29 83379.0000 49574.0230  40.5%   4.3  130s
 81184 53535 50342.2011   33   20 83379.0000 49595.1063  40.5%   4.4  135s
 81578 53847 51183.1566   40    9 83379.0000 49595.1063  40.5%   4.5  140s
 82313 54264 54877.1534   47    7 83379.0000 49620.6871  40.5%   4.5  145s
 83143 54875 57405.5874   56    4 83379.0000 49643.4806  40.5%   4.5  150s
 84679 55515 50025.6094   34   17 83379.0000 49741.5890  40.3%   4.6  155s
 85525 56175 50986.5913   50    8 83379.0000 49741.5890  40.3%   4.6  160s
 87138 57251 51658.6011   50    7 83379.0000 49813.1385  40.3%   4.6  165s
 88543 57918 52007.6170   51    3 83379.0000 49813.1385  40.3%   4.7  170s
 90430 58544 52184.3951   58    2 83379.0000 49861.8207  40.2%   4.7  175s
 93211 60220 50380.6085   41   16 83379.0000 49949.0870  40.1%   4.7  181s
 95058 60509 51045.5864   47    8 83379.0000 49997.7970  40.0%   4.7  186s
 95124 60863 51236.4038   49    8 83379.0000 49997.7970  40.0%   4.7  190s
 96439 61780 50397.4126   34   19 83379.0000 50054.6906  40.0%   4.8  195s
 98396 63057 50777.3919   40   16 83379.0000 50066.6168  40.0%   4.8  200s
 100535 63757 58229.4059   77    2 83379.0000 50067.7790  40.0%   4.8  205s
 103125 65325 51044.0616   43   13 83379.0000 50091.0722  39.9%   4.8  211s
 104542 66078 50810.2937   41   17 83379.0000 50152.3162  39.9%   4.9  215s
 107147 66559 53520.0250   57    1 83379.0000 50152.3162  39.9%   4.9  221s
 107200 67273 53065.0250   58    1 83379.0000 50152.3162  39.9%   4.9  225s
 109687 68926 53627.1795   69    2 83379.0000 50180.4880  39.8%   4.9  231s
 111205 69852 53055.4595   60    4 83379.0000 50196.3232  39.8%   4.9  235s
 114686 71944 51236.0050   44   10 83379.0000 50221.4494  39.8%   5.0  243s
 116620 72632 51722.8170   47    8 83379.0000 50234.2815  39.8%   5.0  247s
 118248 73590 52582.0000   66    - 83379.0000 50250.4962  39.7%   5.0  251s
 120144 74722 50540.0325   38   19 83379.0000 50251.0851  39.7%   5.0  255s
 123686 76454 51185.3501   43   14 83379.0000 50275.8583  39.7%   5.1  262s
 125362 76198 50884.0045   38   17 83379.0000 50276.3751  39.7%   5.1  265s
 127436 78398 52032.2586   68    1 83379.0000 50277.2586  39.7%   5.1  275s
 129302 79692 52378.8143   61    2 83379.0000 50295.8843  39.7%   5.1  280s
 132003 80293 51382.4874   44   15 83379.0000 50308.3585  39.7%   5.1  288s
 133486 81287 51473.2247   45   14 83379.0000 50311.8070  39.7%   5.1  293s
 135561 82200 51536.8296   46   13 83379.0000 50326.1576  39.6%   5.1  299s
 137062 83597 51525.4830   47    7 83379.0000 50343.8621  39.6%   5.2  305s
 139506 85059 51478.0264   43   14 83379.0000 50344.6604  39.6%   5.2  310s
 142103 86642 51369.5027   51    8 83379.0000 50355.3694  39.6%   5.2  316s
 144921 88121 51735.3910   55    7 83379.0000 50368.4212  39.6%   5.2  322s
 147799 89204 51285.8242   43   15 83379.0000 50381.5226  39.6%   5.2  329s
 151013 91032 51251.8210   41   17 83379.0000 50384.0761  39.6%   5.2  336s
 154047 92400 52104.5570   43    9 83379.0000 50409.3684  39.5%   5.3  344s
 156694 93835 52259.2361   62    3 83379.0000 50420.7605  39.5%   5.3  351s
 160105 95305 59494.0157   80    1 83379.0000 50429.5230  39.5%   5.3  359s
 162667 97192 57980.9707   73    1 83379.0000 50435.3704  39.5%   5.3  366s
 166016 98810 51109.2549   39   16 83379.0000 50451.4388  39.5%   5.3  374s
 168412 98346 50868.5260   38   19 83379.0000 50453.5752  39.5%   5.3  375s
 169131 100262 51743.0485   42   16 83379.0000 50464.0875  39.5%   5.3  382s
 172201 101559 51543.6164   42   13 83379.0000 50473.2186  39.5%   5.3  391s
 174720 103135 58689.0000   79    - 83379.0000 50483.4895  39.5%   5.4  399s
 177772 104654 53578.7782   48    8 83379.0000 50495.2638  39.4%   5.4  407s
 180723 106165 51659.3933   51   10 83379.0000 50504.9221  39.4%   5.4  414s
 183453 107629 51564.3393   39   19 83379.0000 50506.2365  39.4%   5.4  422s
 186282 109236 51476.0308   41   17 83379.0000 50514.7693  39.4%   5.4  430s
 189380 108843 52523.9013   42    9 83379.0000 50519.5200  39.4%   5.5  436s
 189590 109613 52526.1672   43    9 83379.0000 50519.5200  39.4%   5.5  443s
 190670 110584 52140.9329   50    5 83379.0000 50522.2687  39.4%   5.5  450s
 192428 111828 56404.6714   68    4 83379.0000 50522.2687  39.4%   5.5  459s
 194371 111562 52857.5044   52    7 83379.0000 50522.9721  39.4%   5.5  460s
 194975 113326 51593.8145   43   17 83379.0000 50528.2125  39.4%   5.5  468s
 197564 114496 51422.3863   41   20 83379.0000 50539.0224  39.4%   5.5  478s
 199927 116022 52666.9020   48   12 83379.0000 50539.0931  39.4%   5.5  487s
 202809 117246 51422.0477   40    8 83379.0000 50551.6228  39.4%   5.5  496s
 205240 116819 52707.5454   79    1 83379.0000 50563.3019  39.4%   5.5  502s
 205272 117674 52759.6374   80    1 83379.0000 50563.3019  39.4%   5.5  509s
 206511 118667 52763.8254   81    1 83379.0000 50563.3019  39.4%   5.5  517s
 208218 119644 52595.2173   74    2 83379.0000 50564.6723  39.4%   5.5  527s
 209902 120891 53087.6035   64    1 83379.0000 50571.2598  39.3%   5.5  536s
 212142 122358 60367.8811   66    1 83379.0000 50580.0774  39.3%   5.6  548s
 214852 124052 52253.6963   52    8 83379.0000 50584.8156  39.3%   5.6  559s
 215434 123951 51412.6423   41   13 83379.0000 50588.0112  39.3%   5.6  560s
 217982 125434 51932.6318   45   17 83379.0000 50591.1216  39.3%   5.6  570s
 220989 127212 52116.3033   47   12 83379.0000 50606.2725  39.3%   5.6  581s
 224222 128460 51594.0114   45   13 83379.0000 50612.1337  39.3%   5.6  591s
 227459 129037 52349.7034   44   14 83379.0000 50617.5828  39.3%   5.6  600s

Cutting planes:
  Gomory: 2
  Cover: 1
  MIR: 7
  StrongCG: 1

Explored 228783 nodes (1278171 simplex iterations) in 601.54 seconds (214.02 work units)
Thread count was 32 (of 32 available processors)

Solution count 10: 83379 85459 88047 ... 135175

Time limit reached
Best objective 8.337900000000e+04, best bound 5.062161119047e+04, gap 39.2873%

User-callback calls 480305, time in user-callback 53.13 sec
