
Gurobi 13.0.2 (win64) logging started Thu Jul 16 16:12:44 2026

Set parameter LogFile to value "logs/kstar_nI20_nJ40_nK50_nL5_tI5_tJ5_s3_m1_exact_s0_20260716-161244.gurobi.log"
Set parameter Seed to value 0
Set parameter TimeLimit to value 599.9801061
Set parameter MIPGap to value 0
Set parameter MIPGapAbs to value 0.5
Set parameter Cutoff to value 1e+100
Gurobi Optimizer version 13.0.2 build v13.0.2rc1 (win64 - Windows 11+.0 (26200.2))

CPU model: Intel(R) Core(TM) i9-14900HX, instruction set [SSE2|AVX|AVX2]
Thread count: 24 physical cores, 32 logical processors, using up to 32 threads

Non-default parameters:
TimeLimit  599.9801061
MIPGap  0
MIPGapAbs  0.5
PreCrush  1
LazyConstraints  1

Optimize a model with 10 rows, 65 columns and 300 nonzeros (Min)
Model fingerprint: 0x01a0db42
Model has 65 linear objective coefficients
Variable types: 5 continuous, 60 integer (60 binary)
Coefficient statistics:
  Matrix range     [4e+00, 7e+02]
  Objective range  [1e+00, 5e+02]
  Bounds range     [1e+00, 5e+03]
  RHS range        [6e+02, 7e+02]

Using branch priorities.
Presolve removed 8 rows and 0 columns
Presolve time: 0.00s
Presolved: 2 rows, 65 columns, 60 nonzeros
Variable types: 5 continuous, 60 integer (60 binary)

Root relaxation: objective 2.210501e+04, 4 iterations, 0.00 seconds (0.00 work units)

    Nodes    |    Current Node    |     Objective Bounds      |     Work
 Expl Unexpl |  Obj  Depth IntInf | Incumbent    BestBd   Gap | It/Node Time

     0     0 22105.0123    0    2          - 22105.0123      -     -    0s
H    0     0                    101296.00000 22105.0123  78.2%     -    0s
H    0     0                    94715.000000 22105.0123  76.7%     -    0s
H    0     0                    90436.000000 22105.0123  75.6%     -    0s
H    0     0                    81444.000000 22105.0123  72.9%     -    0s
     0     0 22290.4195    0    6 81444.0000 22290.4195  72.6%     -    0s
     0     0 22375.5076    0    8 81444.0000 22375.5076  72.5%     -    0s
H    0     0                    72256.000000 22378.7164  69.0%     -    0s
H    0     0                    72209.000000 22378.7164  69.0%     -    0s
H    0     0                    66449.000000 22378.7164  66.3%     -    0s
H    0     0                    62368.000000 22378.7164  64.1%     -    0s
H    0     0                    62341.000000 22378.7164  64.1%     -    0s
     0     0 22450.1018    0    9 62341.0000 22450.1018  64.0%     -    0s
     0     0 22451.8521    0    9 62341.0000 22451.8521  64.0%     -    0s
     0     2 22565.5081    0   13 62341.0000 22565.5081  63.8%     -    0s
H 3634  3060                    61149.000000 22689.3837  62.9%   3.5    2s
H 3639  2910                    59864.000000 22745.1054  62.0%   3.5    2s
  4723  3766 23527.8222   31   10 59864.0000 22867.5529  61.8%   5.4    5s
 10585  6781 23369.9359   25   18 59864.0000 23005.9877  61.6%   5.2   10s
 15032 10129 23446.8804   26   18 59864.0000 23130.4475  61.4%   5.3   15s
 19724 14213 23892.8142   36   12 59864.0000 23166.5301  61.3%   5.4   20s
 26889 20231 25265.2932   60    2 59864.0000 23200.3178  61.2%   5.4   25s
 29305 22952 23802.2382   41   12 59864.0000 23225.1277  61.2%   5.4   30s
 32214 25476 26616.0000   65    - 59864.0000 23252.4651  61.2%   5.5   35s
 35981 29082 24392.5180   38    5 59864.0000 23264.1333  61.1%   5.5   41s
 39489 32124 23550.8772   27   17 59864.0000 23289.8037  61.1%   5.5   45s
 43131 34953 24015.4334   28   14 59864.0000 23299.7538  61.1%   5.5   50s
 45862 37636 25538.9515   48    1 59864.0000 23302.5661  61.1%   5.5   56s
 49916 41069 23959.6096   32   13 59864.0000 23321.3564  61.0%   5.5   62s
 51872 42791 28560.0000   58    - 59864.0000 23331.4236  61.0%   5.5   65s
 56024 45598 24154.0461   41    8 59864.0000 23344.8990  61.0%   5.5   71s
 58273 47811 24007.9144   31   15 59864.0000 23345.9959  61.0%   5.5   77s
 59602 48977 24607.7199   43    4 59864.0000 23346.8221  61.0%   5.5   81s
 62173 50427 24106.7343   35   13 59864.0000 23349.4745  61.0%   5.5   85s
 64738 53413 30188.0204   63    1 59864.0000 23366.5475  61.0%   5.5   92s
 66176 54927 24191.3565   34   13 59864.0000 23373.1278  61.0%   5.6   95s
 68417 57061 26127.3232   49    1 59864.0000 23376.3757  61.0%   5.6  100s
 70659 57393 24119.7410   43    9 59864.0000 23379.7805  60.9%   5.6  108s
H70660 54524                    57982.000000 23379.7805  59.7%   5.6  109s
 70662 54525 31369.0000   68   31 57982.0000 23379.7805  59.7%   5.6  111s
H70663 51799                    50202.000000 23379.7805  53.4%   5.6  114s
 70666 51801 24083.9634   37   29 50202.0000 23379.7805  53.4%   5.6  115s
H70666 49211                    47887.000000 23379.7805  51.2%   5.6  117s
 70671 49214 25891.6483   49   33 47887.0000 23379.7805  51.2%   5.6  120s
 70675 49217 29463.0000   70   33 47887.0000 23379.7805  51.2%   5.6  125s
 70680 49223 23379.7805   31   30 47887.0000 23379.7805  51.2%   5.6  130s
 70850 49366 23707.1229   38   26 47887.0000 23379.7805  51.2%   5.6  135s
 71384 49786 24099.8587   45   13 47887.0000 23379.7805  51.2%   5.7  140s
 72052 50146 24636.8561   50   10 47887.0000 23379.7805  51.2%   5.8  145s
 73129 50844 24877.6291   63    8 47887.0000 23379.7805  51.2%   5.8  150s
 74428 51714 32324.0000   87    - 47887.0000 23465.6034  51.0%   5.8  155s
 76026 52606 23693.0124   40   23 47887.0000 23473.8061  51.0%   5.8  161s
 77200 53231 31706.3813   81    2 47887.0000 23522.6755  50.9%   5.8  165s
 79194 54473 25389.8165   67    2 47887.0000 23568.4579  50.8%   5.9  171s
 80766 55356 24869.9961   56    5 47887.0000 23569.4568  50.8%   5.9  175s
 81882 55765 23927.4164   45   20 47887.0000 23569.4568  50.8%   5.9  181s
 83123 56499 25278.0000   82    - 47887.0000 23598.6575  50.7%   5.9  186s
 83910 56407 24184.4608   53   12 47887.0000 23602.8808  50.7%   5.9  192s
 84666 57410 24379.3965   55    9 47887.0000 23602.8808  50.7%   5.9  197s
 85618 57987 24089.7526   46   17 47887.0000 23602.8808  50.7%   5.9  200s
 87636 59246 23728.9953   41   24 47887.0000 23642.6822  50.6%   5.9  207s
 88871 60004 31157.0000   84    - 47887.0000 23651.5126  50.6%   5.9  210s
 91663 61730 24887.4028   65    3 47887.0000 23680.9132  50.5%   6.0  217s
 93204 62468 24372.0447   49   13 47887.0000 23680.9132  50.5%   6.0  220s
 96367 64240 24009.4170   42   20 47887.0000 23697.0569  50.5%   6.0  227s
 97928 64961 28856.0000   80    - 47887.0000 23698.4094  50.5%   6.0  231s
 100891 66506 24138.7424   52   16 47887.0000 23707.9738  50.5%   6.1  238s
 102707 67500 24066.9482   47   13 47887.0000 23717.5548  50.5%   6.1  242s
 104245 68257 23971.7923   46   20 47887.0000 23719.7351  50.5%   6.1  246s
 105786 69401 23874.2252   41   23 47887.0000 23728.7277  50.4%   6.1  250s
 107921 70186 24487.9915   53   10 47887.0000 23734.8500  50.4%   6.1  257s
 109397 70936 24520.0375   54    8 47887.0000 23734.8500  50.4%   6.1  261s
 110853 71720 24548.6448   55    9 47887.0000 23737.1300  50.4%   6.1  266s
 112395 72733 24631.6673   56    6 47887.0000 23744.1370  50.4%   6.1  270s
 114346 73433 24777.5143   57    6 47887.0000 23748.9092  50.4%   6.1  276s
 115943 74808 24347.7153   52   13 47887.0000 23749.1607  50.4%   6.1  282s
 118134 75993 24097.6698   40   21 47887.0000 23761.6108  50.4%   6.1  287s
 120279 75638 25087.3743   61    5 47887.0000 23768.5531  50.4%   6.1  291s
 120403 76534 25138.4954   62    4 47887.0000 23768.5531  50.4%   6.1  297s
 121651 77334 25155.4835   63    5 47887.0000 23770.5126  50.4%   6.1  302s
 123018 78276 25189.9882   58    6 47887.0000 23775.3483  50.4%   6.2  309s
 124932 79209 25353.3931   68    7 47887.0000 23775.6616  50.4%   6.1  316s
 126619 80474 24059.5873   45   18 47887.0000 23784.3421  50.3%   6.2  323s
 128762 81966 24785.9960   61    5 47887.0000 23788.9868  50.3%   6.2  330s
 131336 83351 24438.0727   53   11 47887.0000 23795.4086  50.3%   6.2  337s
 133936 84764 24642.3154   51   11 47887.0000 23802.2010  50.3%   6.2  345s
 136621 86086 24082.5868   42   24 47887.0000 23807.4486  50.3%   6.2  352s
 138884 87655 24554.4465   51   15 47887.0000 23815.1856  50.3%   6.2  361s
 141951 89271 24035.4858   44   21 47887.0000 23817.4783  50.3%   6.2  369s
 145033 90966 24179.9454   45   16 47887.0000 23823.6048  50.3%   6.2  377s
 148093 92843 24009.7592   44   18 47887.0000 23829.3879  50.2%   6.2  386s
 151453 94718 24097.1858   43   28 47887.0000 23836.5380  50.2%   6.2  395s
 154923 96508 25410.2378   58    6 47887.0000 23842.6040  50.2%   6.3  404s
 158207 97731 29086.0000   75    - 47887.0000 23849.2446  50.2%   6.3  414s
 159508 97534 24530.7506   44   17 47887.0000 23851.0704  50.2%   6.3  415s
 161226 99477 24765.7736   51   12 47887.0000 23853.8296  50.2%   6.3  423s
 164388 101082 24486.9219   48   15 47887.0000 23858.4550  50.2%   6.3  432s
 167432 102975 24806.7297   54   15 47887.0000 23862.2267  50.2%   6.3  441s
 170790 104363 24102.1634   43   18 47887.0000 23869.2092  50.2%   6.3  450s
 173566 105654 27000.2792   75    4 47887.0000 23871.9070  50.1%   6.3  459s
 176077 107410 24521.9465   50   16 47887.0000 23874.5969  50.1%   6.3  468s
 178981 108648 24165.6676   43   23 47887.0000 23877.6077  50.1%   6.3  479s
 181537 110244 24636.9197   45   20 47887.0000 23880.4750  50.1%   6.3  488s
 184467 111717 24798.7867   55   14 47887.0000 23884.0869  50.1%   6.3  498s
 187335 113342 24940.6948   63    3 47887.0000 23887.2306  50.1%   6.4  508s
 190561 114685 25815.7041   67    1 47887.0000 23890.4730  50.1%   6.4  518s
 193158 116061 25328.2245   69    4 47887.0000 23894.4009  50.1%   6.4  527s
 195670 117533 24793.5475   52   11 47887.0000 23894.4009  50.1%   6.4  536s
 198359 118818 24648.7340   47   16 47887.0000 23900.1004  50.1%   6.4  546s
 200763 120295 26933.0583   74    1 47887.0000 23900.1630  50.1%   6.4  556s
 203601 121567 24332.1171   45   24 47887.0000 23904.9828  50.1%   6.4  566s
 206331 121438 28358.0000   85    - 47887.0000 23906.4320  50.1%   6.4  575s
 206775 122204 24245.4598   49   21 47887.0000 23906.4320  50.1%   6.4  584s
 207631 122012 24407.7875   48   20 47887.0000 23906.5247  50.1%   6.4  585s
 207860 122842 24806.7635   57   10 47887.0000 23906.5247  50.1%   6.4  595s
 209122 123032 25195.8772   59    8 47887.0000 23906.5247  50.1%   6.4  600s

Cutting planes:
  Gomory: 8
  MIR: 1
  Flow cover: 1

Explored 209696 nodes (1350187 simplex iterations) in 601.04 seconds (216.34 work units)
Thread count was 32 (of 32 available processors)

Solution count 10: 47887 50202 57982 ... 81444

Time limit reached
Best objective 4.788700000000e+04, best bound 2.390652474589e+04, gap 50.0772%

User-callback calls 437564, time in user-callback 48.16 sec
