
Gurobi 13.0.2 (win64) logging started Thu Jul 16 12:21:41 2026

Set parameter LogFile to value "logs/kstar_nI20_nJ40_nK50_nL10_tI5_tJ5_s5_m1_exact_s0_20260716-122141.gurobi.log"
Set parameter Seed to value 0
Set parameter TimeLimit to value 599.962969
Set parameter MIPGap to value 0
Set parameter MIPGapAbs to value 0.5
Set parameter Cutoff to value 1e+100
Gurobi Optimizer version 13.0.2 build v13.0.2rc1 (win64 - Windows 11+.0 (26200.2))

CPU model: Intel(R) Core(TM) i9-14900HX, instruction set [SSE2|AVX|AVX2]
Thread count: 24 physical cores, 32 logical processors, using up to 32 threads

Non-default parameters:
TimeLimit  599.962969
MIPGap  0
MIPGapAbs  0.5
PreCrush  1
LazyConstraints  1

Optimize a model with 20 rows, 70 columns and 600 nonzeros (Min)
Model fingerprint: 0xf5c5bc60
Model has 70 linear objective coefficients
Variable types: 10 continuous, 60 integer (60 binary)
Coefficient statistics:
  Matrix range     [3e+00, 7e+02]
  Objective range  [1e+00, 5e+02]
  Bounds range     [1e+00, 5e+03]
  RHS range        [6e+02, 7e+02]

Using branch priorities.
Presolve removed 18 rows and 0 columns
Presolve time: 0.00s
Presolved: 2 rows, 70 columns, 60 nonzeros
Variable types: 10 continuous, 60 integer (60 binary)

Root relaxation: objective 4.083643e+04, 4 iterations, 0.00 seconds (0.00 work units)

    Nodes    |    Current Node    |     Objective Bounds      |     Work
 Expl Unexpl |  Obj  Depth IntInf | Incumbent    BestBd   Gap | It/Node Time

     0     0 40836.4259    0    2          - 40836.4259      -     -    0s
H    0     0                    210800.00000 40836.4259  80.6%     -    0s
H    0     0                    191634.00000 40836.4259  78.7%     -    0s
H    0     0                    184756.00000 40836.4259  77.9%     -    0s
H    0     0                    176377.00000 40836.4259  76.8%     -    0s
     0     0 41008.3233    0    5 176377.000 41008.3233  76.7%     -    0s
     0     0 41019.0945    0    8 176377.000 41019.0945  76.7%     -    0s
H    0     0                    162547.00000 41020.5358  74.8%     -    0s
H    0     0                    158747.00000 41020.5358  74.2%     -    0s
     0     0 41032.8058    0   11 158747.000 41032.8058  74.2%     -    0s
     0     0 41036.3181    0   11 158747.000 41036.3181  74.1%     -    0s
H    0     0                    152024.00000 41036.3181  73.0%     -    0s
     0     2 41040.7273    0   14 152024.000 41040.7273  73.0%     -    0s
H 3524  2996                    143981.00000 41113.5987  71.4%   3.6    3s
H 3526  2847                    130410.00000 41132.7321  68.5%   3.6    3s
H 3526  2704                    130121.00000 41132.7321  68.4%   3.6    3s
H 3526  2569                    129848.00000 41132.7321  68.3%   3.6    3s
H 3533  2445                    125424.00000 41152.3043  67.2%   3.6    3s
H 3533  2323                    116704.00000 41152.3043  64.7%   3.6    4s
H 3540  2210                    108145.00000 41163.1886  61.9%   3.6    4s
H 3541  2211                    106913.00000 41163.1886  61.5%   3.6    4s
  3546  2217 41183.5504   16   19 106913.000 41174.5464  61.5%   3.7    5s
  5379  3427 41738.1767   36   16 106913.000 41330.6047  61.3%   5.7   10s
  8223  4808 42228.2478   42    6 106913.000 41384.9435  61.3%   5.3   15s
  9778  5856 42633.1952   47    8 106913.000 41404.1241  61.3%   5.4   20s
 12850  8320 42262.8557   36    9 106913.000 41411.2951  61.3%   5.3   25s
 15689 10803 44000.4812   48    3 106913.000 41483.8489  61.2%   5.3   30s
 16739 11602 42380.8499   35   10 106913.000 41483.8489  61.2%   5.3   35s
 18552 13438 48572.0785   72    1 106913.000 41494.4665  61.2%   5.3   41s
 20368 15178 44079.7575   56    2 106913.000 41504.9596  61.2%   5.3   45s
 23840 18071 42037.2672   27   10 106913.000 41507.6978  61.2%   5.3   50s
 25081 18945 42461.5495   40    3 106913.000 41507.6978  61.2%   5.3   55s
 26291 20142 42363.3653   42    4 106913.000 41549.1018  61.1%   5.3   60s
 28305 21986 43652.4323   64    1 106913.000 41579.7276  61.1%   5.3   66s
 29013 22811 42343.0000   37    - 106913.000 41579.7276  61.1%   5.3   70s
 31300 24861 41951.2121   27   13 106913.000 41593.4095  61.1%   5.4   76s
 33821 27153 42033.9261   27   18 106913.000 41605.9635  61.1%   5.4   83s
 35127 28125 41822.7944   26   13 106913.000 41612.9837  61.1%   5.4   86s
 36283 29368 42953.0655   42    1 106913.000 41612.9837  61.1%   5.4   90s
 39499 32394 42466.3175   29    6 106913.000 41618.9262  61.1%   5.4   97s
 41348 33749 42428.5252   33   19 106913.000 41622.8437  61.1%   5.4  101s
 42873 34970 42352.1164   30   12 106913.000 41628.3387  61.1%   5.5  106s
 44685 36632 42190.9244   29   12 106913.000 41629.4468  61.1%   5.5  110s
 46705 38187 43418.4687   61    2 106913.000 41631.6090  61.1%   5.5  115s
 50321 41205 42419.3398   34   12 106913.000 41655.4084  61.0%   5.5  123s
 52100 42752 44676.9446   54    2 106913.000 41657.4670  61.0%   5.5  128s
 54093 44527 44383.4375   62    4 106913.000 41657.5431  61.0%   5.5  133s
 56075 46149 42681.7731   43   13 106913.000 41669.2457  61.0%   5.6  138s
 57832 47956 42886.6196   45   10 106913.000 41674.3918  61.0%   5.6  143s
 59969 49718 42425.4809   31   15 106913.000 41674.7186  61.0%   5.6  149s
 61999 51337 42494.8012   31   16 106913.000 41683.2711  61.0%   5.6  154s
 63691 51508 41943.0582   28   11 106913.000 41683.3445  61.0%   5.7  168s
 63695 51511 43291.8601   46   31 106913.000 41683.3445  61.0%   5.7  170s
 63700 51514 42075.7067   38   28 106913.000 41683.3445  61.0%   5.7  176s
H63702 48939                    99992.000000 41683.3445  58.3%   5.7  178s
H63703 48940                    98585.000000 41683.3445  57.7%   5.7  178s
 63705 48941 42780.2625   47   29 98585.0000 41683.3445  57.7%   5.7  180s
 63723 48970 41683.3445   30   28 98585.0000 41683.3445  57.7%   5.7  185s
 63803 49096 42145.3975   33   24 98585.0000 41683.3445  57.7%   5.7  191s
 63900 49095 42037.0250   34   22 98585.0000 41683.3445  57.7%   5.8  195s
 64328 49467 42655.5685   40   16 98585.0000 41683.3445  57.7%   5.9  200s
 64879 49789 42930.6038   45   10 98585.0000 41683.3445  57.7%   5.9  205s
 65529 50158 43743.5890   51    8 98585.0000 41683.3445  57.7%   5.9  210s
 66094 50371 44944.1769   61    2 98585.0000 41683.3445  57.7%   5.9  215s
 66643 50722 48475.4176   72    1 98585.0000 41683.3445  57.7%   5.9  220s
 67398 51387 53487.0000   85    - 98585.0000 41775.9798  57.6%   6.0  225s
 68458 51887 43990.5143   65    2 98585.0000 41789.6118  57.6%   6.0  230s
 69655 52195 42789.5373   50   13 98585.0000 41795.4439  57.6%   6.0  235s
 70339 52923 42131.9795   36   24 98585.0000 41814.7334  57.6%   6.0  241s
 71696 53762 44138.3661   75    2 98585.0000 41857.9794  57.5%   6.0  247s
 72411 54331 42397.4686   43   16 98585.0000 41857.9794  57.5%   6.1  250s
 73985 54976 42621.2477   49   12 98585.0000 41918.6188  57.5%   6.1  256s
 75306 55229 42675.9011   48   14 98585.0000 41918.6188  57.5%   6.1  260s
 76277 55828 42879.8513   52   10 98585.0000 41918.6188  57.5%   6.2  266s
 76426 56351 42889.2589   54   10 98585.0000 41918.6188  57.5%   6.2  272s
 77184 56813 43121.1626   44   13 98585.0000 41918.6188  57.5%   6.2  276s
 77907 56708 42279.1067   37   22 98585.0000 41964.1706  57.4%   6.2  280s
 78860 57797 42237.5646   38   18 98585.0000 41989.4757  57.4%   6.2  287s
 79717 58415 46408.7341   78    2 98585.0000 41989.4757  57.4%   6.2  291s
 80787 58988 43061.0298   58    7 98585.0000 42015.0111  57.4%   6.3  295s
 81871 59605 42552.7351   48   17 98585.0000 42042.1619  57.4%   6.3  300s
 82930 60159 42488.8468   42   11 98585.0000 42042.1619  57.4%   6.3  305s
 85264 61645 42643.1778   44   17 98585.0000 42065.3155  57.3%   6.3  314s
 86696 62525 42396.2674   37   17 98585.0000 42073.6638  57.3%   6.4  318s
 88032 63066 43798.7109   67    4 98585.0000 42073.6638  57.3%   6.4  323s
 89442 64041 42548.7027   39   17 98585.0000 42080.6240  57.3%   6.4  328s
 91065 65088 42667.3195   43   17 98585.0000 42090.1944  57.3%   6.4  334s
 92788 65953 42671.1334   44   14 98585.0000 42090.1944  57.3%   6.4  340s
 94416 66812 42470.5936   44   17 98585.0000 42101.1408  57.3%   6.4  346s
 96397 67991 43136.1365   49   11 98585.0000 42109.5427  57.3%   6.4  352s
 98383 69075 43012.2244   52   12 98585.0000 42118.7108  57.3%   6.4  359s
 100343 70024 43064.5337   49   13 98585.0000 42128.8485  57.3%   6.5  365s
 102078 70983 43118.8590   63    4 98585.0000 42145.2700  57.2%   6.5  371s
 103870 72087 42546.4269   38   19 98585.0000 42149.3400  57.2%   6.5  379s
 105725 73192 42777.2174   39   17 98585.0000 42155.3929  57.2%   6.5  386s
 107803 74284 42727.6074   40   17 98585.0000 42156.0767  57.2%   6.5  394s
 109929 75481 43870.8093   56    3 98585.0000 42160.7761  57.2%   6.5  402s
 112139 76654 43264.8925   58    2 98585.0000 42170.5708  57.2%   6.6  410s
 114385 78033 42449.7822   38   25 98585.0000 42178.8520  57.2%   6.6  419s
 116764 79222 42553.9003   39   22 98585.0000 42188.1187  57.2%   6.6  429s
 118992 78977 42842.7509   49   14 98585.0000 42195.0635  57.2%   6.6  437s
 119350 79488 42934.3956   50   11 98585.0000 42195.0635  57.2%   6.6  444s
 120125 79968 42990.6665   51   10 98585.0000 42195.3573  57.2%   6.6  452s
 120965 80819 42992.9065   52   10 98585.0000 42196.0436  57.2%   6.6  461s
 122275 81889 43256.3962   55    7 98585.0000 42197.0492  57.2%   6.6  471s
 124077 82940 42913.0502   47   20 98585.0000 42204.6312  57.2%   6.6  482s
 126043 84381 42742.5043   39   20 98585.0000 42204.6312  57.2%   6.7  493s
 128517 85813 42486.5048   39   20 98585.0000 42216.6759  57.2%   6.7  505s
 131142 87246 43193.2501   45   15 98585.0000 42223.0056  57.2%   6.7  519s
 133455 86805 42696.7670   38   20 98585.0000 42229.2352  57.2%   6.7  520s
 133881 88903 43545.1673   50    9 98585.0000 42229.4796  57.2%   6.7  531s
 136771 90587 46163.4638   80    1 98585.0000 42236.5575  57.2%   6.7  544s
 138503 90212 43851.5795   63    5 98585.0000 42236.7550  57.2%   6.7  545s
 139806 91930 43314.1285   53    6 98585.0000 42244.0339  57.1%   6.7  557s
 142614 93475 46776.0000   77    - 98585.0000 42250.4355  57.1%   6.7  572s
 146085 95238 43710.6762   63    3 98585.0000 42254.9459  57.1%   6.7  585s
 149106 97054 43158.6801   48   14 98585.0000 42262.5588  57.1%   6.8  600s

Cutting planes:
  Gomory: 1
  Cover: 1
  MIR: 8
  Flow cover: 2

Explored 152274 nodes (1031444 simplex iterations) in 602.17 seconds (246.38 work units)
Thread count was 32 (of 32 available processors)

Solution count 10: 98585 99992 106913 ... 162547

Time limit reached
Best objective 9.858500000000e+04, best bound 4.226821883126e+04, gap 57.1251%

User-callback calls 322056, time in user-callback 65.29 sec
