
Gurobi 13.0.2 (win64) logging started Thu Jul 16 07:20:21 2026

Set parameter LogFile to value "logs/kstar_nI20_nJ40_nK100_nL5_tI4_tJ4_s5_m1_exact_s0_20260716-072021.gurobi.log"
Set parameter Seed to value 0
Set parameter TimeLimit to value 599.9686036
Set parameter MIPGap to value 0
Set parameter MIPGapAbs to value 0.5
Set parameter Cutoff to value 1e+100
Gurobi Optimizer version 13.0.2 build v13.0.2rc1 (win64 - Windows 11+.0 (26200.2))

CPU model: Intel(R) Core(TM) i9-14900HX, instruction set [SSE2|AVX|AVX2]
Thread count: 24 physical cores, 32 logical processors, using up to 32 threads

Non-default parameters:
TimeLimit  599.9686036
MIPGap  0
MIPGapAbs  0.5
PreCrush  1
LazyConstraints  1

Optimize a model with 10 rows, 65 columns and 300 nonzeros (Min)
Model fingerprint: 0x50240d32
Model has 65 linear objective coefficients
Variable types: 5 continuous, 60 integer (60 binary)
Coefficient statistics:
  Matrix range     [1e+00, 1e+03]
  Objective range  [1e+00, 5e+02]
  Bounds range     [1e+00, 8e+03]
  RHS range        [1e+03, 1e+03]

Using branch priorities.
Presolve removed 8 rows and 0 columns
Presolve time: 0.00s
Presolved: 2 rows, 65 columns, 60 nonzeros
Variable types: 5 continuous, 60 integer (60 binary)

Root relaxation: objective 3.944032e+04, 4 iterations, 0.00 seconds (0.00 work units)

    Nodes    |    Current Node    |     Objective Bounds      |     Work
 Expl Unexpl |  Obj  Depth IntInf | Incumbent    BestBd   Gap | It/Node Time

     0     0 39440.3218    0    2          - 39440.3218      -     -    0s
H    0     0                    289915.00000 39440.3218  86.4%     -    0s
H    0     0                    263641.00000 39440.3218  85.0%     -    0s
H    0     0                    242790.00000 39440.3218  83.8%     -    0s
H    0     0                    197192.00000 39440.3218  80.0%     -    0s
     0     0 39498.6739    0    6 197192.000 39498.6739  80.0%     -    0s
     0     0 39556.5172    0    8 197192.000 39556.5172  79.9%     -    0s
H    0     0                    190674.00000 39556.6344  79.3%     -    0s
H    0     0                    168606.00000 39556.6344  76.5%     -    0s
     0     0 39620.2170    0   10 168606.000 39620.2170  76.5%     -    0s
     0     0 39620.3811    0   10 168606.000 39620.3811  76.5%     -    0s
H    0     0                    152358.00000 39621.7648  74.0%     -    0s
     0     2 39639.1622    0   13 152358.000 39639.1622  74.0%     -    0s
  3378  3028 40338.1632   43   10 152358.000 39750.6073  73.9%   2.9    5s
H 3381  2878                    135989.00000 39750.6073  70.8%   2.9    5s
H 3392  2740                    133346.00000 39750.6073  70.2%   2.9    6s
  3936  3218 39965.3741   27   13 133346.000 39766.1618  70.2%   4.2   10s
  5955  4367 41937.2509   55    3 133346.000 39783.7777  70.2%   4.4   15s
  8615  5661 40490.7207   40    5 133346.000 39823.0169  70.1%   4.3   20s
 12310  7942 41124.6503   53    3 133346.000 39834.8376  70.1%   4.2   25s
 14661  9876 40378.6488   30    6 133346.000 39841.0957  70.1%   4.1   30s
 16535 11396 40106.3133   29   15 133346.000 39841.0957  70.1%   4.1   35s
 18507 12841 40982.1005   53    5 133346.000 39875.6701  70.1%   4.1   40s
 19863 14222 40600.7434   29    2 133346.000 39875.6701  70.1%   4.1   45s
 22748 16283 40261.0263   34   13 133346.000 39891.7249  70.1%   4.1   51s
 23973 17678 40384.4336   37    9 133346.000 39895.4452  70.1%   4.1   55s
 26578 19643 40314.3415   34   12 133346.000 39903.6568  70.1%   4.2   60s
 29048 22915 40448.9021   43    5 133346.000 39924.6582  70.1%   4.2   66s
 32271 24418 41023.8094   43    3 133346.000 39938.1103  70.0%   4.2   70s
 34182 26722 40252.6429   35    8 133346.000 39940.1780  70.0%   4.2   75s
 37548 29866 40026.4336   28   15 133346.000 39945.8395  70.0%   4.2   81s
 39720 31767 40442.8059   40   11 133346.000 39950.1670  70.0%   4.2   85s
 43652 34949 40752.2953   47    4 133346.000 39962.6390  70.0%   4.2   91s
 47069 36661 40219.0833   35   11 133346.000 39966.1795  70.0%   4.3   95s
 49594 40204 53207.0000   71    - 133346.000 39970.7536  70.0%   4.3  101s
 51698 41914 40109.2442   31   17 133346.000 39974.8907  70.0%   4.3  105s
 55948 45387 40399.0664   54   10 133346.000 39978.0025  70.0%   4.3  113s
 57946 47479 41734.9262   49    2 133346.000 39985.2747  70.0%   4.3  117s
 60432 48042 40225.4613   28   13 133346.000 39987.8726  70.0%   4.3  120s
 61711 49731 40472.0522   41   11 133346.000 39987.9706  70.0%   4.3  128s
 62857 50571 45960.0000   69    - 133346.000 39989.0599  70.0%   4.3  132s
 63999 51490 40310.7967   32    9 133346.000 39990.4790  70.0%   4.3  136s
 65271 51785 42051.0000   70   10 133346.000 39992.0686  70.0%   4.3  146s
 65275 51788 41522.2540   56   21 133346.000 39992.0686  70.0%   4.3  151s
H65280 49201                    131247.00000 39992.0686  69.5%   4.3  156s
H65280 46741                    119733.00000 39992.0686  66.6%   4.3  156s
H65282 44404                    115727.00000 39992.0686  65.4%   4.3  158s
 65285 44406 41140.0000   72   23 115727.000 39992.0686  65.4%   4.3  160s
 65289 44409 44554.0000   69   25 115727.000 39992.0686  65.4%   4.3  165s
 65353 44485 39992.0686   31   21 115727.000 39992.0686  65.4%   4.4  170s
 65553 44622 40103.1429   34   17 115727.000 39992.0686  65.4%   4.4  176s
 65863 44851 40430.2402   39   16 115727.000 39992.0686  65.4%   4.5  180s
 66340 45145 40524.9935   43   13 115727.000 39992.0686  65.4%   4.5  185s
 66831 45405 40982.8463   49    7 115727.000 39992.0686  65.4%   4.5  191s
 67438 45932 41358.4986   60    1 115727.000 39992.0686  65.4%   4.6  196s
 68621 46593 54276.0000   80    - 115727.000 39992.0686  65.4%   4.6  201s
 69776 47443 41387.0819   60    2 115727.000 40015.9908  65.4%   4.6  207s
 70441 47836 46487.0000   79    - 115727.000 40019.0896  65.4%   4.6  210s
 71896 48667 47841.0000   77    - 115727.000 40019.0896  65.4%   4.6  215s
 73599 49627 40722.8568   53    8 115727.000 40066.8998  65.4%   4.6  221s
 75546 50740 40649.1182   43    9 115727.000 40066.8998  65.4%   4.6  227s
 76764 51214 40277.6038   36   16 115727.000 40069.4642  65.4%   4.6  230s
 77793 51074 41736.2254   65    2 115727.000 40093.6171  65.4%   4.6  236s
 77828 51467 41785.4815   66    1 115727.000 40093.6171  65.4%   4.6  240s
 79120 51828 40503.4807   45   10 115727.000 40093.6171  65.4%   4.6  245s
 80360 52468 40340.9713   38   17 115727.000 40125.5017  65.3%   4.6  252s
 80486 53260 40405.5828   39   15 115727.000 40133.6964  65.3%   4.6  256s
 81849 53375 40394.6264   39   15 115727.000 40142.5807  65.3%   4.6  261s
 83727 54316 40327.9154   41   14 115727.000 40146.2186  65.3%   4.6  265s
 85934 55484 42337.8131   75    2 115727.000 40154.8458  65.3%   4.6  273s
 87646 55775 41486.8824   64    1 115727.000 40165.3277  65.3%   4.6  278s
 89483 57230 40706.3269   47    8 115727.000 40173.0499  65.3%   4.6  282s
 91261 58120 40921.6784   53    7 115727.000 40176.6261  65.3%   4.6  287s
 92960 59192 40764.9954   50    8 115727.000 40183.8908  65.3%   4.6  291s
 94903 60028 40536.2261   45   14 115727.000 40187.8393  65.3%   4.6  296s
 96579 60802 41214.3472   55    4 115727.000 40194.5428  65.3%   4.6  301s
 98094 61720 40464.6041   43   17 115727.000 40197.2174  65.3%   4.6  306s
 100017 62674 41234.3561   67    1 115727.000 40197.2174  65.3%   4.6  311s
 101978 63975 40962.4156   51    7 115727.000 40204.0548  65.3%   4.6  316s
 104240 65252 40489.2391   40   13 115727.000 40207.1428  65.3%   4.6  322s
 106520 66159 46918.0000   80    - 115727.000 40217.0605  65.2%   4.6  327s
 108322 65882 42264.7389   57    1 115727.000 40220.4275  65.2%   4.7  332s
 108518 66604 40954.3620   46    8 115727.000 40220.4275  65.2%   4.7  338s
 109845 67904 40337.8232   38   16 115727.000 40220.9504  65.2%   4.7  344s
 109942 67890 40965.1147   57    3 115727.000 40220.9504  65.2%   4.7  345s
 112102 68922 40510.1260   38   12 115727.000 40223.3378  65.2%   4.7  351s
 114525 69796 40471.6755   36   14 115727.000 40225.1653  65.2%   4.7  358s
 116195 69529 40517.3809   43   14 115727.000 40232.8519  65.2%   4.7  364s
 116199 69528 40335.4033   36   18 115727.000 40232.8519  65.2%   4.7  365s
 116227 70426 40618.2376   43   11 115727.000 40232.8519  65.2%   4.7  371s
 117990 71459 42047.1280   76    2 115727.000 40233.3428  65.2%   4.7  380s
 120113 73148 40412.3851   38   15 115727.000 40234.3160  65.2%   4.7  387s
 122819 74061 40421.2303   41   16 115727.000 40239.1230  65.2%   4.7  395s
 125647 75749 40365.7073   39   16 115727.000 40239.1230  65.2%   4.7  404s
 127260 75457 40639.8398   45    8 115727.000 40239.1230  65.2%   4.7  405s
 128499 75368 40533.9927   39   14 115727.000 40246.4766  65.2%   4.7  411s
 128638 76154 40518.5229   40   14 115727.000 40246.4766  65.2%   4.7  418s
 129925 77790 41300.2830   67    3 115727.000 40246.5308  65.2%   4.7  427s
 132559 79144 49436.0000   80    - 115727.000 40249.2576  65.2%   4.8  437s
 135647 80776 40520.7373   43   11 115727.000 40249.6740  65.2%   4.8  447s
 138898 82424 41626.7689   55    2 115727.000 40258.3210  65.2%   4.8  459s
 142172 84581 40827.6333   45   10 115727.000 40261.3137  65.2%   4.8  471s
 145865 86705 40551.0344   36   14 115727.000 40264.6576  65.2%   4.8  483s
 149698 88452 42205.0138   61    2 115727.000 40269.5478  65.2%   4.8  496s
 153124 90602 40517.8143   38   17 115727.000 40277.0822  65.2%   4.8  507s
 156856 91985 40703.9824   47    8 115727.000 40281.5391  65.2%   4.8  519s
 158879 91588 40484.3736   37   18 115727.000 40281.8802  65.2%   4.8  520s
 159863 93924 40716.3447   44   10 115727.000 40283.6349  65.2%   4.8  531s
 163161 93289 41105.7699   50    4 115727.000 40288.7456  65.2%   4.8  539s
 163303 94570 41078.6648   53    3 115727.000 40288.7456  65.2%   4.8  549s
 165252 95645 41331.0904   63    1 115727.000 40288.9764  65.2%   4.8  560s
 167251 96581 41357.3888   62    7 115727.000 40289.9481  65.2%   4.9  572s
 169371 98068 40872.0233   45   12 115727.000 40290.8513  65.2%   4.9  584s
 170330 97933 40649.2607   46   13 115727.000 40290.8513  65.2%   4.9  585s
 172034 99796 40776.5341   46   15 115727.000 40292.8721  65.2%   4.9  597s

Cutting planes:
  Gomory: 2
  Cover: 1
  MIR: 6
  StrongCG: 1

Explored 175063 nodes (851391 simplex iterations) in 601.34 seconds (222.64 work units)
Thread count was 32 (of 32 available processors)

Solution count 10: 115727 119733 131247 ... 242790

Time limit reached
Best objective 1.157270000000e+05, best bound 4.029694135355e+04, gap 65.1793%

User-callback calls 367002, time in user-callback 115.16 sec
