
Gurobi 13.0.2 (win64) logging started Sat Jul 11 05:24:12 2026

Set parameter LogFile to value "logs/kstar_nI20_nJ20_nK50_nL10_tI2_tJ2_s2_m1_exact_s0_20260711-052412.gurobi.log"
Set parameter Seed to value 0
Set parameter TimeLimit to value 599.9808861
Set parameter MIPGap to value 0
Set parameter MIPGapAbs to value 0.5
Set parameter Cutoff to value 1e+100
Gurobi Optimizer version 13.0.2 build v13.0.2rc1 (win64 - Windows 11+.0 (26200.2))

CPU model: Intel(R) Core(TM) i9-14900HX, instruction set [SSE2|AVX|AVX2]
Thread count: 24 physical cores, 32 logical processors, using up to 32 threads

Non-default parameters:
TimeLimit  599.9808861
MIPGap  0
MIPGapAbs  0.5
PreCrush  1
LazyConstraints  1

Optimize a model with 20 rows, 50 columns and 400 nonzeros (Min)
Model fingerprint: 0x11b55da5
Model has 50 linear objective coefficients
Variable types: 10 continuous, 40 integer (40 binary)
Coefficient statistics:
  Matrix range     [1e+01, 6e+02]
  Objective range  [1e+00, 5e+02]
  Bounds range     [1e+00, 7e+03]
  RHS range        [5e+02, 6e+02]

Using branch priorities.
Presolve removed 16 rows and 0 columns
Presolve time: 0.00s
Presolved: 4 rows, 50 columns, 80 nonzeros
Variable types: 10 continuous, 40 integer (40 binary)

Root relaxation: objective 5.773724e+04, 4 iterations, 0.00 seconds (0.00 work units)

    Nodes    |    Current Node    |     Objective Bounds      |     Work
 Expl Unexpl |  Obj  Depth IntInf | Incumbent    BestBd   Gap | It/Node Time

     0     0 57737.2365    0    2          - 57737.2365      -     -    0s
H    0     0                    362843.00000 57737.2365  84.1%     -    0s
H    0     0                    312696.00000 57737.2365  81.5%     -    0s
H    0     0                    300372.00000 57737.2365  80.8%     -    0s
H    0     0                    262048.00000 57737.2365  78.0%     -    0s
     0     0 57790.3388    0    6 262048.000 57790.3388  77.9%     -    0s
     0     0 57840.3364    0    9 262048.000 57840.3364  77.9%     -    0s
H    0     0                    253281.00000 57840.3364  77.2%     -    0s
     0     0 57843.7373    0   11 253281.000 57843.7373  77.2%     -    0s
     0     0 57844.0911    0   11 253281.000 57844.0911  77.2%     -    0s
H    0     0                    250330.00000 57845.5470  76.9%     -    0s
     0     2 57847.6016    0   11 250330.000 57847.6016  76.9%     -    0s
H 3607  2865                    194086.00000 57995.9056  70.1%   3.7    2s
H 3609  2722                    170050.00000 58022.9524  65.9%   3.7    2s
H 3613  2589                    159455.00000 58022.9524  63.6%   3.7    3s
H 3619  2463                    150976.00000 58034.1275  61.6%   3.7    3s
  3655  2520 58092.3144   14   18 150976.000 58086.7658  61.5%   4.0    5s
  4657  3109 58864.0696   25   13 150976.000 58100.1863  61.5%   6.2   10s
  6083  3791 58350.5234   18   16 150976.000 58114.3165  61.5%   6.5   15s
  8222  4781 59088.8264   27   13 150976.000 58188.4550  61.5%   7.2   20s
  8804  5068 59191.1815   30    5 150976.000 58203.0050  61.4%   7.3   25s
  9874  5655 58685.8316   19   18 150976.000 58233.6205  61.4%   7.1   30s
 11458  6603 59618.1692   33    2 150976.000 58251.9638  61.4%   7.1   35s
 13317  8087 59118.3115   22    7 150976.000 58267.7642  61.4%   7.1   40s
 15313  9718 59306.0920   26   10 150976.000 58274.3346  61.4%   7.1   46s
 16611 10535 60018.5864   40    3 150976.000 58286.5875  61.4%   7.2   50s
 16911 10924 60488.2270   43    1 150976.000 58286.5875  61.4%   7.2   55s
 17598 11270 59704.0345   30    2 150976.000 58286.5875  61.4%   7.2   60s
 18112 11859 59749.8378   30    7 150976.000 58346.6915  61.4%   7.2   67s
 18802 12418 59087.9566   26   15 150976.000 58356.2330  61.3%   7.2   72s
 19372 12863 59607.2170   31   10 150976.000 58357.4912  61.3%   7.2   75s
 20067 13479 59095.8950   27   12 150976.000 58357.4912  61.3%   7.2   80s
 21078 14291 58984.5719   22   15 150976.000 58368.9010  61.3%   7.2   85s
 22216 15244 58931.2795   23   14 150976.000 58388.5835  61.3%   7.2   92s
 22994 15651 117129.000   48    - 150976.000 58391.0144  61.3%   7.2   95s
 24402 16874 60020.2285   28    6 150976.000 58396.2684  61.3%   7.2  101s
 25917 18114 59015.7746   24   15 150976.000 58417.5703  61.3%   7.2  109s
 26681 18375 58732.8353   21   20 150976.000 58418.0201  61.3%   7.2  113s
 26853 18659 58748.3570   22   22 150976.000 58418.0201  61.3%   7.3  117s
 27259 19044 58842.8164   24   15 150976.000 58420.5881  61.3%   7.3  120s
 28424 20139 58892.9241   23   20 150976.000 58431.6753  61.3%   7.4  127s
 29238 20802 58709.4256   25   17 150976.000 58438.6801  61.3%   7.4  131s
 30098 21528 60931.0000   43    - 150976.000 58442.1243  61.3%   7.4  136s
 31165 22438 59309.9072   32   12 150976.000 58446.3606  61.3%   7.4  140s
 32217 23316 59575.8212   33    7 150976.000 58455.4237  61.3%   7.4  145s
 33337 24165 60973.5964   44    2 150976.000 58463.2667  61.3%   7.4  151s
 34451 25077 59530.3708   34   14 150976.000 58470.3030  61.3%   7.4  156s
 35671 26071 59611.1736   35    6 150976.000 58471.3157  61.3%   7.5  162s
 36998 26992 59235.0082   24   15 150976.000 58474.7125  61.3%   7.4  167s
 38111 27919 59838.3961   37    6 150976.000 58483.8127  61.3%   7.4  173s
 39212 28246 58768.5681   29   15 150976.000 58490.2402  61.3%   7.5  179s
 39407 28639 58771.3052   30   14 150976.000 58490.2749  61.3%   7.5  184s
 39990 28754 59683.6134   28   11 150976.000 58491.5724  61.3%   7.5  220s
 39995 28757 60310.0000   43   31 150976.000 58491.5724  61.3%   7.5  225s
 40000 28761 61415.0000   47   32 150976.000 58491.5724  61.3%   7.5  233s
 40003 28763 60726.7983   41   31 150976.000 58491.5724  61.3%   7.5  237s
H40003 27324                    148301.00000 58491.5724  60.6%   7.5  238s
H40004 27324                    147479.00000 58491.5724  60.3%   7.5  238s
 40007 27326 60435.7952   42   31 147479.000 58491.5724  60.3%   7.5  241s
 40009 27328 59436.4254   31   32 147479.000 58491.5724  60.3%   7.5  246s
H40009 25961                    136650.00000 58491.5724  57.2%   7.5  246s
H40010 25961                    135283.00000 58491.5724  56.8%   7.5  246s
 40013 25963 59093.9629   25   32 135283.000 58491.5724  56.8%   7.5  250s
 40017 25969 58491.5724   20   30 135283.000 58491.5724  56.8%   7.5  255s
 40047 26019 58491.5724   24   29 135283.000 58491.5724  56.8%   7.6  262s
 40111 26142 58491.5724   26   32 135283.000 58491.5724  56.8%   7.6  267s
 40223 26194 58491.5724   27   27 135283.000 58491.5724  56.8%   7.7  270s
 40446 26285 58491.5724   29   24 135283.000 58491.5724  56.8%   7.8  275s
 40478 26340 58564.2040   29   29 135283.000 58491.5724  56.8%   7.9  280s
 40667 26515 58491.5724   30   22 135283.000 58491.5724  56.8%   7.9  285s
 41037 26615 58532.2300   32   25 135283.000 58491.5724  56.8%   7.9  290s
 41301 26786 58579.6392   33   24 135283.000 58491.5724  56.8%   8.0  295s
 41746 27011 59155.0309   37   14 135283.000 58491.5724  56.8%   8.1  301s
 42003 27069 59392.6969   38   10 135283.000 58491.5724  56.8%   8.1  306s
 42037 27110 59375.0703   39   12 135283.000 58491.5724  56.8%   8.1  310s
 42497 27439 59663.6267   43    7 135283.000 58491.5724  56.8%   8.1  316s
 43006 27637 101807.000   57    - 135283.000 58491.5724  56.8%   8.1  320s
 43703 27858 58670.9718   30   23 135283.000 58491.5724  56.8%   8.2  327s
 43754 27894 58678.5995   31   25 135283.000 58491.5724  56.8%   8.2  333s
 43842 28031 59009.2825   34   16 135283.000 58491.5724  56.8%   8.2  336s
 44119 28289 60446.5532   51    2 135283.000 58491.5724  56.8%   8.2  340s
 45048 28726 58908.3689   37   19 135283.000 58491.5724  56.8%   8.3  346s
 45532 28915 59001.4324   39   18 135283.000 58491.5724  56.8%   8.3  350s
 46609 29415 81180.0000   58    - 135283.000 58491.5724  56.8%   8.3  358s
 47105 29679 58898.5271   35   19 135283.000 58491.5724  56.8%   8.4  362s
 47640 29955 59723.9866   46    6 135283.000 58491.5724  56.8%   8.4  366s
 48212 30143 58804.0145   34   20 135283.000 58491.5724  56.8%   8.4  370s
 49382 30741 58721.7010   31   24 135283.000 58491.5724  56.8%   8.5  379s
 50081 30722 59776.0615   47    1 135283.000 58514.1290  56.7%   8.5  384s
 50111 30715 59181.3998   29   22 135283.000 58514.1290  56.7%   8.5  385s
 50124 31069 59899.5242   48    2 135283.000 58514.1290  56.7%   8.5  390s
 50688 31021 60015.0000   49    - 135283.000 58539.8776  56.7%   8.5  399s
 50784 31019 58738.3168   36   20 135283.000 58539.8776  56.7%   8.5  400s
 50785 31340 60187.6975   50    4 135283.000 58539.8776  56.7%   8.5  407s
 51468 31723 60213.3024   51    1 135283.000 58540.5438  56.7%   8.6  413s
 52262 32133 60243.8365   52    1 135283.000 58549.4132  56.7%   8.6  420s
 53031 32529 60407.0000   53    - 135283.000 58565.7380  56.7%   8.6  426s
 53791 32430 59154.4495   37   17 135283.000 58602.5625  56.7%   8.7  435s
 53824 32783 59101.1360   37   16 135283.000 58602.5625  56.7%   8.7  444s
 54413 33186 59109.6793   38   15 135283.000 58602.5625  56.7%   8.7  452s
 55327 33602 59482.8068   38   13 135283.000 58618.0624  56.7%   8.7  460s
 56191 33959 59147.2742   39   18 135283.000 58625.7368  56.7%   8.7  469s
 57272 34451 59299.4481   39   13 135283.000 58643.9531  56.7%   8.7  478s
 58184 34361 59403.5431   40   11 135283.000 58670.9430  56.6%   8.7  489s
 58191 34359 58926.6057   39   18 135283.000 58670.9430  56.6%   8.7  490s
 58216 34442 59444.2433   40   12 135283.000 58670.9430  56.6%   8.7  497s
 58381 34898 59590.8683   41    9 135283.000 58670.9430  56.6%   8.7  507s
 59311 35444 59765.7836   43    5 135283.000 58675.1481  56.6%   8.7  516s
 60313 35959 59402.5914   37   15 135283.000 58682.1019  56.6%   8.8  525s
 61383 36496 59271.3330   35   19 135283.000 58689.7244  56.6%   8.8  535s
 62523 36393 59248.8060   35   21 135283.000 58693.4422  56.6%   8.8  550s
 62615 37071 59297.2048   36   22 135283.000 58693.4422  56.6%   8.8  560s
 63704 37593 59482.6731   34   11 135283.000 58701.5724  56.6%   8.9  572s
 64933 37848 59452.3949   44   14 135283.000 58708.0973  56.6%   8.9  583s
 66646 38765 59678.3770   37   14 135283.000 58716.3428  56.6%   8.8  594s
 67300 38675 59562.2266   43   13 135283.000 58721.8780  56.6%   8.8  595s
 68122 38948 61049.0000   55    - 135283.000 58729.0180  56.6%   8.8  600s

Cutting planes:
  MIR: 17
  StrongCG: 2
  Flow cover: 7

Explored 68594 nodes (605546 simplex iterations) in 601.56 seconds (272.89 work units)
Thread count was 32 (of 32 available processors)

Solution count 10: 135283 136650 147479 ... 253281

Time limit reached
Best objective 1.352830000000e+05, best bound 5.872921438686e+04, gap 56.5879%

User-callback calls 154266, time in user-callback 56.10 sec
