
Gurobi 13.0.2 (win64) logging started Thu Jul 16 14:02:09 2026

Set parameter LogFile to value "logs/kstar_nI20_nJ40_nK50_nL5_tI2_tJ2_s5_m1_exact_s0_20260716-140209.gurobi.log"
Set parameter Seed to value 0
Set parameter TimeLimit to value 599.9801681
Set parameter MIPGap to value 0
Set parameter MIPGapAbs to value 0.5
Set parameter Cutoff to value 1e+100
Gurobi Optimizer version 13.0.2 build v13.0.2rc1 (win64 - Windows 11+.0 (26200.2))

CPU model: Intel(R) Core(TM) i9-14900HX, instruction set [SSE2|AVX|AVX2]
Thread count: 24 physical cores, 32 logical processors, using up to 32 threads

Non-default parameters:
TimeLimit  599.9801681
MIPGap  0
MIPGapAbs  0.5
PreCrush  1
LazyConstraints  1

Optimize a model with 10 rows, 65 columns and 300 nonzeros (Min)
Model fingerprint: 0x0d26ce83
Model has 65 linear objective coefficients
Variable types: 5 continuous, 60 integer (60 binary)
Coefficient statistics:
  Matrix range     [2e+01, 6e+02]
  Objective range  [1e+00, 5e+02]
  Bounds range     [1e+00, 5e+03]
  RHS range        [6e+02, 6e+02]

Using branch priorities.
Presolve removed 6 rows and 0 columns
Presolve time: 0.00s
Presolved: 4 rows, 65 columns, 120 nonzeros
Variable types: 5 continuous, 60 integer (60 binary)

Root relaxation: objective 2.138229e+04, 6 iterations, 0.00 seconds (0.00 work units)

    Nodes    |    Current Node    |     Objective Bounds      |     Work
 Expl Unexpl |  Obj  Depth IntInf | Incumbent    BestBd   Gap | It/Node Time

     0     0 21382.2916    0    3          - 21382.2916      -     -    0s
H    0     0                    164573.00000 21382.2916  87.0%     -    0s
H    0     0                    141292.00000 21382.2916  84.9%     -    0s
H    0     0                    138270.00000 21382.2916  84.5%     -    0s
H    0     0                    117428.00000 21382.2916  81.8%     -    0s
     0     0 21460.0232    0    9 117428.000 21460.0232  81.7%     -    0s
     0     0 21460.4953    0    9 117428.000 21460.4953  81.7%     -    0s
H    0     0                    114868.00000 21460.5586  81.3%     -    0s
H    0     0                    99989.000000 21460.5586  78.5%     -    0s
     0     2 21479.4724    0   14 99989.0000 21479.4724  78.5%     -    0s
  3751  3355 21795.2888   24   11 99989.0000 21595.2587  78.4%   3.5    5s
  5823  4588 21773.5165   39   17 99989.0000 21616.4223  78.4%   4.7   10s
  9586  6394 23590.5135   68    1 99989.0000 21650.4920  78.3%   4.6   15s
 11880  7720 22305.4860   40    6 99989.0000 21697.1228  78.3%   4.7   20s
 13238  8292 22686.7571   46    1 99989.0000 21704.5307  78.3%   4.7   25s
 15329 10176 22950.6726   52    1 99989.0000 21714.0247  78.3%   4.7   30s
 18081 12385 23083.0000   56    - 99989.0000 21717.0425  78.3%   4.7   35s
 22268 16077 22456.4760   49    9 99989.0000 21764.8649  78.2%   4.8   40s
 25410 18506 22657.4751   48    6 99989.0000 21773.1937  78.2%   4.9   45s
 26323 19021 22381.0962   43   12 99989.0000 21778.4793  78.2%   4.9   50s
 27789 20482 22425.5879   46   12 99989.0000 21793.1050  78.2%   4.9   57s
 29199 21641 22623.9456   48    7 99989.0000 21793.1050  78.2%   5.0   61s
 30130 22031 22660.0220   50    7 99989.0000 21793.1050  78.2%   5.0   67s
 30531 22461 22689.9901   51    6 99989.0000 21793.1050  78.2%   5.0   70s
 31414 23282 22711.2298   53    6 99989.0000 21800.7589  78.2%   5.0   77s
 31927 24024 22792.7278   54    7 99989.0000 21800.7589  78.2%   5.0   80s
 33973 25603 22616.4010   33    5 99989.0000 21816.7637  78.2%   5.1   86s
 34968 26637 24644.9977   70    1 99989.0000 21820.7321  78.2%   5.1   90s
 37927 29136 21899.6837   39   26 99989.0000 21827.6503  78.2%   5.1   96s
 39402 30473 22290.7360   40   15 99989.0000 21828.4936  78.2%   5.2  100s
 42472 33125 22194.9769   34   16 99989.0000 21836.4463  78.2%   5.2  107s
 43989 34664 22096.5158   33   20 99989.0000 21847.2957  78.2%   5.3  110s
 45791 34900 22593.5362   46    9 99989.0000 21853.2210  78.1%   5.3  121s
H45792 33155                    86189.000000 21853.2210  74.6%   5.3  122s
 45801 33161 21941.8151   36   31 86189.0000 21853.2210  74.6%   5.3  126s
H45801 31503                    77068.000000 21853.2210  71.6%   5.3  126s
 45808 31507 22708.0000   37   31 77068.0000 21853.2210  71.6%   5.3  130s
 45844 31564 21853.2210   35   29 77068.0000 21853.2210  71.6%   5.3  135s
 46023 31684 21853.2210   38   26 77068.0000 21853.2210  71.6%   5.5  140s
 46396 32028 21853.2210   41   25 77068.0000 21853.2210  71.6%   5.6  145s
 46876 32259 22088.9324   43   19 77068.0000 21853.2210  71.6%   5.7  150s
 47195 32496 22015.9567   45   22 77068.0000 21853.2210  71.6%   5.8  155s
 47853 32850 22144.5784   48   19 77068.0000 21853.2210  71.6%   5.9  161s
 48658 33440 22313.0338   53    9 77068.0000 21853.2210  71.6%   6.0  165s
 49992 34201 22660.4570   64    4 77068.0000 21853.2210  71.6%   6.0  171s
 50975 34754 25536.0000   83    - 77068.0000 21853.2210  71.6%   6.1  175s
 52127 35007 21960.6878   56   20 77068.0000 21853.2210  71.6%   6.1  180s
 52523 35220 22087.7925   55   14 77068.0000 21853.2210  71.6%   6.1  187s
 53017 35526 21896.6566   47   25 77068.0000 21853.2210  71.6%   6.2  190s
 53835 36287 22885.3858   83    4 77068.0000 21853.2210  71.6%   6.2  195s
 55244 37322 23007.8043   74    4 77068.0000 21853.2210  71.6%   6.2  201s
 57147 38276 22488.7304   60    6 77068.0000 21853.2210  71.6%   6.3  207s
 58094 38861 22348.9040   48   10 77068.0000 21853.2210  71.6%   6.3  210s
 60226 39255 22380.5318   64   11 77068.0000 21864.0539  71.6%   6.4  217s
 60262 39279 22390.9826   65   12 77068.0000 21864.0539  71.6%   6.4  221s
 60294 39316 22401.5424   66   11 77068.0000 21864.0539  71.6%   6.4  225s
 61080 40363 22148.8467   54   22 77068.0000 21864.9481  71.6%   6.4  232s
 61967 40862     cutoff   90      77068.0000 21902.3927  71.6%   6.4  236s
 62955 41592 23178.7898   83    2 77068.0000 21912.7071  71.6%   6.4  241s
 64139 42244 22196.2462   41   21 77068.0000 21926.2325  71.5%   6.5  245s
 66334 43304 23061.9065   83    3 77068.0000 21926.2325  71.5%   6.5  254s
 67837 43511 23379.7092   70    2 77068.0000 21934.6412  71.5%   6.5  258s
 69456 44597 22437.3845   47   14 77068.0000 21948.9175  71.5%   6.4  263s
 70814 45453 22338.2031   43   17 77068.0000 21949.9661  71.5%   6.5  268s
 72343 46181 22462.2653   57   16 77068.0000 21950.5965  71.5%   6.5  272s
 73751 45960 22472.7845   62   13 77068.0000 21956.4876  71.5%   6.5  278s
 73828 46985 22493.4090   63   12 77068.0000 21956.4876  71.5%   6.5  283s
 75392 47583 22598.2284   58    9 77068.0000 21959.9188  71.5%   6.6  289s
 77217 48344 22307.0396   41   14 77068.0000 21959.9188  71.5%   6.6  294s
 78737 49140 22281.0573   60   17 77068.0000 21970.7365  71.5%   6.6  301s
 80175 49530 23886.2764   84    2 77068.0000 21973.3444  71.5%   6.6  307s
 82310 51106 22384.0253   46   19 77068.0000 21981.6044  71.5%   6.6  313s
 84349 51993 22223.8296   49   19 77068.0000 21985.1596  71.5%   6.6  319s
 84874 51902 22152.5883   44   25 77068.0000 21985.3205  71.5%   6.6  320s
 86482 52865 23710.9964   86    2 77068.0000 21986.6023  71.5%   6.6  326s
 88782 52693 22482.6242   48   12 77068.0000 21991.0726  71.5%   6.6  334s
 88814 53750 22653.0937   49    9 77068.0000 21991.1302  71.5%   6.6  342s
 90946 53603 22303.1941   48   21 77068.0000 21991.1302  71.5%   6.6  350s
 90978 54840 22317.6994   49   24 77068.0000 21991.1302  71.5%   6.6  358s
 92787 55997 22473.0419   49   13 77068.0000 21998.6689  71.5%   6.6  367s
 94838 57108 22161.0053   49   27 77068.0000 22001.8242  71.5%   6.7  375s
 96951 57967 22298.4440   45   20 77068.0000 22009.6615  71.4%   6.7  385s
 98614 58993 22118.9281   49   21 77068.0000 22012.7989  71.4%   6.7  396s
 100878 58867 22081.7652   49   22 77068.0000 22015.2639  71.4%   6.7  405s
 101284 60542 22090.0634   50   22 77068.0000 22015.2639  71.4%   6.7  414s
 102335 60360 22880.0593   63    9 77068.0000 22017.7785  71.4%   6.8  415s
 103873 61867 22377.0525   63   14 77068.0000 22017.7785  71.4%   6.8  425s
 106255 62607 22546.3161   64   10 77068.0000 22026.7238  71.4%   6.8  436s
 109716 64255 22693.8968   63   14 77068.0000 22032.2980  71.4%   6.8  447s
 112108 65735 43246.0937   86    1 77068.0000 22038.3709  71.4%   6.8  459s
 113876 65388 22510.4855   59   10 77068.0000 22038.3709  71.4%   6.8  460s
 114734 67117 22392.2436   54   18 77068.0000 22040.3892  71.4%   6.8  470s
 117700 67019 22492.3887   46   12 77068.0000 22045.3037  71.4%   6.8  483s
 118468 68382 22641.4650   47    6 77068.0000 22045.3037  71.4%   6.8  497s
 121480 70184 22582.7566   49   16 77068.0000 22048.2718  71.4%   6.8  510s
 124220 71414 22172.1953   45   20 77068.0000 22054.0002  71.4%   6.9  525s
 127103 73071 22404.9686   53   21 77068.0000 22054.1970  71.4%   6.9  539s
 128030 72889 22138.1749   51   23 77068.0000 22054.1970  71.4%   6.9  540s
 130134 72693 23924.3333   84    1 77068.0000 22061.2414  71.4%   6.9  554s
 130339 72653 22800.5945   61   10 77068.0000 22061.2414  71.4%   6.9  555s
 130341 74157 23989.0000   85    - 77068.0000 22061.2414  71.4%   6.9  570s
 132611 73815 27595.4881   85    1 77068.0000 22061.2414  71.4%   6.9  585s
 132643 75394 27767.0000   86    - 77068.0000 22063.1111  71.4%   6.9  600s

Cutting planes:
  MIR: 21
  StrongCG: 1
  Flow cover: 5

Explored 134963 nodes (940437 simplex iterations) in 602.11 seconds (264.42 work units)
Thread count was 32 (of 32 available processors)

Solution count 8: 77068 86189 99989 ... 164573

Time limit reached
Best objective 7.706800000000e+04, best bound 2.206332987978e+04, gap 71.3716%

User-callback calls 294333, time in user-callback 72.31 sec
