
Gurobi 13.0.2 (win64) logging started Wed Jul 15 20:54:03 2026

Set parameter LogFile to value "logs/kstar_nI40_nJ40_nK50_nL5_tI2_tJ2_s5_m0_exact_s0_20260715-205403.gurobi.log"
Set parameter Seed to value 0
Set parameter TimeLimit to value 599.9751014
Set parameter NodefileStart to value 4
Set parameter MIPGap to value 0
Set parameter MIPGapAbs to value 0.9999
Set parameter Cutoff to value 1e+100
Gurobi Optimizer version 13.0.2 build v13.0.2rc1 (win64 - Windows 11+.0 (26200.2))

CPU model: Intel(R) Core(TM) i9-14900HX, instruction set [SSE2|AVX|AVX2]
Thread count: 24 physical cores, 32 logical processors, using up to 32 threads

Non-default parameters:
TimeLimit  599.9751014
MIPGap  0
MIPGapAbs  0.9999
NodefileStart  4

Optimize a model with 850 rows, 18080 columns and 46400 nonzeros (Min)
Model fingerprint: 0xec92a150
Model has 18080 linear objective coefficients
Variable types: 18000 continuous, 80 integer (80 binary)
Coefficient statistics:
  Matrix range     [1e+00, 6e+02]
  Objective range  [1e+00, 5e+02]
  Bounds range     [1e+00, 1e+00]
  RHS range        [5e+00, 2e+01]

Using branch priorities.
Found heuristic solution: objective 322084.00000
Presolve time: 0.02s
Presolved: 850 rows, 18080 columns, 46400 nonzeros
Variable types: 18000 continuous, 80 integer (80 binary)

Root relaxation: objective 1.810778e+04, 721 iterations, 0.02 seconds (0.01 work units)

    Nodes    |    Current Node    |     Objective Bounds      |     Work
 Expl Unexpl |  Obj  Depth IntInf | Incumbent    BestBd   Gap | It/Node Time

     0     0 18107.7791    0   79 322084.000 18107.7791  94.4%     -    0s
H    0     0                    37545.676827 18107.7791  51.8%     -    0s
H    0     0                    36734.000000 18107.7791  50.7%     -    0s
H    0     0                    36546.055730 25476.1282  30.3%     -    0s
H    0     0                    35294.000000 25476.1282  27.8%     -    0s
     0     0 25476.1282    0   63 35294.0000 25476.1282  27.8%     -    0s
H    0     0                    34964.000000 25504.3928  27.1%     -    0s
H    0     0                    33713.000000 25504.3928  24.3%     -    0s
H    0     0                    33276.000000 25504.3928  23.4%     -    0s
     0     0 25547.2607    0   65 33276.0000 25547.2607  23.2%     -    0s
     0     0 25551.1890    0   66 33276.0000 25551.1890  23.2%     -    0s
     0     0 25551.1890    0   66 33276.0000 25551.1890  23.2%     -    0s
H    0     0                    32975.000000 27151.4790  17.7%     -    0s
H    0     0                    32882.000000 27151.4790  17.4%     -    0s
     0     0 27151.4790    0   73 32882.0000 27151.4790  17.4%     -    0s
H    0     0                    32070.000000 27153.5114  15.3%     -    0s
H    0     0                    31910.000000 27153.5114  14.9%     -    0s
H    0     0                    31507.000000 27694.2466  12.1%     -    0s
     0     0 27694.2466    0   70 31507.0000 27694.2466  12.1%     -    0s
     0     0 27804.5331    0   69 31507.0000 27804.5331  11.8%     -    0s
     0     0 27838.0191    0   72 31507.0000 27838.0191  11.6%     -    0s
     0     0 27846.8882    0   70 31507.0000 27846.8882  11.6%     -    0s
     0     0 27847.5516    0   71 31507.0000 27847.5516  11.6%     -    0s
H    0     0                    31494.000000 28303.3070  10.1%     -    0s
     0     0 28303.3070    0   73 31494.0000 28303.3070  10.1%     -    0s
H    0     0                    31129.000000 28312.7307  9.05%     -    0s
H    0     0                    30781.000000 28312.7307  8.02%     -    0s
H    0     0                    30688.000000 28312.7307  7.74%     -    0s
H    0     0                    30481.000000 28312.7307  7.11%     -    0s
     0     0 28542.0201    0   72 30481.0000 28542.0201  6.36%     -    0s
     0     0 28620.7705    0   73 30481.0000 28620.7705  6.10%     -    0s
     0     0 28657.5784    0   74 30481.0000 28657.5784  5.98%     -    0s
     0     0 28669.2942    0   74 30481.0000 28669.2942  5.94%     -    0s
     0     0 28680.1956    0   74 30481.0000 28680.1956  5.91%     -    0s
     0     0 28683.3963    0   74 30481.0000 28683.3963  5.90%     -    0s
     0     0 28828.7636    0   75 30481.0000 28828.7636  5.42%     -    1s
     0     0 28882.4212    0   71 30481.0000 28882.4212  5.24%     -    1s
     0     0 28907.5222    0   72 30481.0000 28907.5222  5.16%     -    1s
     0     0 28915.8021    0   70 30481.0000 28915.8021  5.13%     -    1s
     0     0 28989.2400    0   69 30481.0000 28989.2400  4.89%     -    1s
     0     0 28998.0334    0   70 30481.0000 28998.0334  4.87%     -    1s
     0     0 29016.9535    0   71 30481.0000 29016.9535  4.80%     -    1s
     0     0 29017.4636    0   71 30481.0000 29017.4636  4.80%     -    1s
     0     0 29017.4636    0   71 30481.0000 29017.4636  4.80%     -    1s
     0     2 29017.4636    0   71 30481.0000 29017.4636  4.80%     -    1s
H  476   527                    29801.000000 29361.6123  1.47%  99.0    2s
H  492   527                    29769.000000 29361.6123  1.37%  97.5    2s
*  577   486              27    29749.000000 29412.8937  1.13%  90.1    2s
H 1432   551                    29739.000000 29562.2725  0.59%  70.7    2s
* 1742   499              24    29724.000000 29595.9218  0.43%  67.3    3s
* 1984   391              20    29696.000000 29637.8595  0.20%  64.5    3s

Cutting planes:
  Implied bound: 378
  MIR: 282
  Flow cover: 515
  Relax-and-lift: 34

Explored 2454 nodes (137099 simplex iterations) in 3.46 seconds (5.04 work units)
Thread count was 32 (of 32 available processors)

Solution count 10: 29696 29724 29739 ... 31129

Optimal solution found (tolerance 0.00e+00)
Best objective 2.969600000000e+04, best bound 2.969600000000e+04, gap 0.0000%
