
Gurobi 13.0.2 (win64) logging started Fri Jul 10 22:39:58 2026

Set parameter LogFile to value "logs/kstar_nI20_nJ20_nK100_nL10_tI3_tJ3_s4_m0_exact_s0_20260710-223958.gurobi.log"
Set parameter Seed to value 0
Set parameter TimeLimit to value 599.9703435
Set parameter NodefileStart to value 4
Set parameter MIPGap to value 0
Set parameter MIPGapAbs to value 0.9999
Set parameter Cutoff to value 1e+100
Gurobi Optimizer version 13.0.2 build v13.0.2rc1 (win64 - Windows 11+.0 (26200.2))

CPU model: Intel(R) Core(TM) i9-14900HX, instruction set [SSE2|AVX|AVX2]
Thread count: 24 physical cores, 32 logical processors, using up to 32 threads

Non-default parameters:
TimeLimit  599.9703435
MIPGap  0
MIPGapAbs  0.9999
NodefileStart  4

Optimize a model with 1600 rows, 24040 columns and 68400 nonzeros (Min)
Model fingerprint: 0x222637e0
Model has 24040 linear objective coefficients
Variable types: 24000 continuous, 40 integer (40 binary)
Coefficient statistics:
  Matrix range     [1e+00, 1e+03]
  Objective range  [1e+00, 5e+02]
  Bounds range     [1e+00, 1e+00]
  RHS range        [5e+00, 2e+01]

Using branch priorities.
Found heuristic solution: objective 1302571.0000
Presolve time: 0.05s
Presolved: 1600 rows, 24040 columns, 68400 nonzeros
Variable types: 24000 continuous, 40 integer (40 binary)

Root relaxation: objective 1.212059e+05, 1495 iterations, 0.02 seconds (0.01 work units)

    Nodes    |    Current Node    |     Objective Bounds      |     Work
 Expl Unexpl |  Obj  Depth IntInf | Incumbent    BestBd   Gap | It/Node Time

     0     0 121205.857    0   39 1302571.00 121205.857  90.7%     -    0s
H    0     0                    130381.32154 121205.857  7.04%     -    0s
H    0     0                    130381.20688 121205.857  7.04%     -    0s
H    0     0                    130355.20688 121205.857  7.02%     -    0s
H    0     0                    130274.53053 128665.607  1.24%     -    0s
     0     0 128665.607    0   12 130274.531 128665.607  1.24%     -    0s
H    0     0                    130247.64180 129062.350  0.91%     -    0s
     0     0 129062.350    0    8 130247.642 129062.350  0.91%     -    0s
H    0     0                    130242.63724 129062.350  0.91%     -    0s
H    0     0                    130140.63724 129062.350  0.83%     -    0s
H    0     0                    130118.70702 129062.350  0.81%     -    0s
     0     0 129883.295    0    4 130118.707 129883.295  0.18%     -    0s
     0     0 129883.295    0    3 130118.707 129883.295  0.18%     -    0s
H    0     0                    130083.16216 129883.295  0.15%     -    0s
H    0     0                    129942.00000 129922.595  0.01%     -    0s
     0     0 129942.000    0    1 129942.000 129942.000  0.00%     -    0s

Cutting planes:
  Implied bound: 886
  MIR: 14
  Flow cover: 199
  Relax-and-lift: 7

Explored 1 nodes (1885 simplex iterations) in 0.34 seconds (0.35 work units)
Thread count was 32 (of 32 available processors)

Solution count 1: 129942 

Optimal solution found (tolerance 0.00e+00)
Best objective 1.299420000000e+05, best bound 1.299420000000e+05, gap 0.0000%
