
Gurobi 13.0.2 (win64) logging started Thu Jul 16 12:01:35 2026

Set parameter LogFile to value "logs/kstar_nI20_nJ40_nK50_nL10_tI5_tJ5_s3_m1_exact_s0_20260716-120135.gurobi.log"
Set parameter Seed to value 0
Set parameter TimeLimit to value 599.9632343
Set parameter MIPGap to value 0
Set parameter MIPGapAbs to value 0.5
Set parameter Cutoff to value 1e+100
Gurobi Optimizer version 13.0.2 build v13.0.2rc1 (win64 - Windows 11+.0 (26200.2))

CPU model: Intel(R) Core(TM) i9-14900HX, instruction set [SSE2|AVX|AVX2]
Thread count: 24 physical cores, 32 logical processors, using up to 32 threads

Non-default parameters:
TimeLimit  599.9632343
MIPGap  0
MIPGapAbs  0.5
PreCrush  1
LazyConstraints  1

Optimize a model with 20 rows, 70 columns and 600 nonzeros (Min)
Model fingerprint: 0x93bd27d6
Model has 70 linear objective coefficients
Variable types: 10 continuous, 60 integer (60 binary)
Coefficient statistics:
  Matrix range     [2e+00, 7e+02]
  Objective range  [1e+00, 5e+02]
  Bounds range     [1e+00, 4e+03]
  RHS range        [6e+02, 7e+02]

Using branch priorities.
Presolve removed 18 rows and 0 columns
Presolve time: 0.00s
Presolved: 2 rows, 70 columns, 60 nonzeros
Variable types: 10 continuous, 60 integer (60 binary)

Root relaxation: objective 4.073008e+04, 4 iterations, 0.00 seconds (0.00 work units)

    Nodes    |    Current Node    |     Objective Bounds      |     Work
 Expl Unexpl |  Obj  Depth IntInf | Incumbent    BestBd   Gap | It/Node Time

     0     0 40730.0829    0    2          - 40730.0829      -     -    0s
H    0     0                    179087.00000 40730.0829  77.3%     -    0s
H    0     0                    163835.00000 40730.0829  75.1%     -    0s
H    0     0                    161617.00000 40730.0829  74.8%     -    0s
H    0     0                    159620.00000 40730.0829  74.5%     -    0s
H    0     0                    155761.00000 40730.0829  73.9%     -    0s
     0     0 40847.2545    0    7 155761.000 40847.2545  73.8%     -    0s
     0     0 41065.1840    0    7 155761.000 41065.1840  73.6%     -    0s
     0     0 41090.9035    0    9 155761.000 41090.9035  73.6%     -    0s
     0     0 41131.6516    0    8 155761.000 41131.6516  73.6%     -    0s
     0     0 41151.3474    0    9 155761.000 41151.3474  73.6%     -    0s
     0     0 41164.0922    0    9 155761.000 41164.0922  73.6%     -    0s
H    0     0                    148227.00000 41164.4980  72.2%     -    0s
     0     0 41170.4202    0   10 148227.000 41170.4202  72.2%     -    0s
     0     0 41171.8478    0   10 148227.000 41171.8478  72.2%     -    0s
H    0     0                    139419.00000 41171.8478  70.5%     -    0s
     0     2 41172.9923    0   12 139419.000 41172.9923  70.5%     -    0s
H 3256  2751                    119274.00000 41249.7540  65.4%   3.8    4s
H 3258  2614                    103688.00000 41308.5060  60.2%   3.8    4s
  3261  2616 42159.3922   28   22 103688.000 41308.5060  60.2%   3.8    5s
H 3265  2488                    96825.000000 41313.1007  57.3%   3.7    6s
H 3266  2488                    95235.000000 41313.1007  56.6%   3.7    6s
  4059  3108 41737.9981   22   14 95235.0000 41379.2019  56.6%   5.7   10s
  6100  4241 43004.6016   40    4 95235.0000 41477.9248  56.4%   5.7   15s
  9945  6171 47150.9572   62    1 95235.0000 41550.1564  56.4%   5.6   20s
 11921  7697 42010.5097   24   14 95235.0000 41553.0518  56.4%   5.7   25s
 13171  8667 49265.0000   54    - 95235.0000 41603.2064  56.3%   5.7   30s
 14461 10103 43423.7504   41    5 95235.0000 41603.2064  56.3%   5.6   35s
 16587 11592 42318.5507   29   13 95235.0000 41655.3827  56.3%   5.6   40s
 17108 12278 42394.5858   32   13 95235.0000 41655.3827  56.3%   5.7   45s
 18702 14007 42568.5057   34   10 95235.0000 41668.0297  56.2%   5.7   51s
 21296 16564 41989.4830   18   20 95235.0000 41716.7248  56.2%   5.7   55s
 24591 19434 42113.8632   24   18 95235.0000 41753.8329  56.2%   5.7   60s
 28138 22514 42268.2441   20   18 95235.0000 41802.2952  56.1%   5.7   66s
 31295 24988 42079.2149   22   18 95235.0000 41828.3293  56.1%   5.6   72s
 32748 26261 42090.5205   19   20 95235.0000 41847.2121  56.1%   5.6   75s
 35621 28858 42953.9314   36    7 95235.0000 41847.2121  56.1%   5.7   81s
 38002 30143 42549.6536   24   14 95235.0000 41882.1328  56.0%   5.7   85s
 40136 32951 42551.8115   28   14 95235.0000 41882.1328  56.0%   5.7   91s
 41899 34268 42218.3983   26   17 95235.0000 41884.1153  56.0%   5.7   95s
 44868 36755 42488.8288   19   15 95235.0000 41908.0521  56.0%   5.7  102s
 46111 38109 63826.0000   69    - 95235.0000 41908.0521  56.0%   5.8  106s
 47934 39641 42242.8380   21   15 95235.0000 41915.6264  56.0%   5.8  110s
 51454 42744 43836.5878   48    4 95235.0000 41932.5145  56.0%   5.8  118s
 53129 44081 42352.7664   24   15 95235.0000 41948.0348  56.0%   5.8  122s
 54612 45458 42453.5561   27   14 95235.0000 41948.0348  56.0%   5.8  126s
 56162 46884 42364.9137   24   13 95235.0000 41960.5010  55.9%   5.9  131s
 58066 48491 43814.2723   57    2 95235.0000 41960.6050  55.9%   5.9  136s
 59907 48935 43198.2613   38    5 95235.0000 41966.3857  55.9%   5.8  141s
 60399 49951 43539.9486   50    1 95235.0000 41966.3857  55.9%   5.8  149s
 61492 50784 42247.2908   25   18 95235.0000 41966.8550  55.9%   5.8  154s
 62387 50903 42739.2407   37   10 95235.0000 41972.1132  55.9%   5.9  168s
 62389 50904 43245.0000   56   30 95235.0000 41972.1132  55.9%   5.9  171s
 62391 50906 43297.0000   39   31 95235.0000 41972.1132  55.9%   5.9  177s
 62392 50906 44703.0000   63   32 95235.0000 41972.1132  55.9%   5.9  180s
H62394 48362                    91016.000000 41972.1132  53.9%   5.9  184s
H62394 45944                    87860.000000 41972.1132  52.2%   5.9  185s
H62396 43647                    84496.000000 41972.1132  50.3%   5.9  189s
 62397 43648 43144.0000   39   31 84496.0000 41972.1132  50.3%   5.9  190s
 62400 43650 43795.8956   51   32 84496.0000 41972.1132  50.3%   5.9  196s
 62402 43651 42852.1143   32   30 84496.0000 41972.1132  50.3%   5.8  200s
 62434 43705 41972.1132   25   26 84496.0000 41972.1132  50.3%   5.9  206s
 62498 43801 42199.5358   27   22 84496.0000 41972.1132  50.3%   5.9  211s
 62628 43953 42510.6201   29   21 84496.0000 41972.1132  50.3%   6.0  216s
 62810 43987 42904.1063   32   17 84496.0000 41972.1132  50.3%   6.0  220s
 63127 44273 43128.5900   36   15 84496.0000 41972.1132  50.3%   6.1  225s
 63612 44604 43888.5691   41    7 84496.0000 41972.1132  50.3%   6.1  230s
 64282 44972 45881.1719   50    2 84496.0000 41972.1132  50.3%   6.1  235s
 64818 45106 42274.5791   31   22 84496.0000 41972.1132  50.3%   6.2  240s
 65595 45491 42585.2158   38   16 84496.0000 41980.0839  50.3%   6.2  245s
 66142 46050 42997.4023   47   13 84496.0000 41981.2016  50.3%   6.2  250s
 67077 46594 42180.7364   28   28 84496.0000 41987.0554  50.3%   6.2  256s
 67698 46728 42204.1712   30   23 84496.0000 41988.3882  50.3%   6.2  263s
 67979 47091 42235.0326   31   23 84496.0000 41988.3882  50.3%   6.2  266s
 69124 47896 42658.2636   37   16 84496.0000 41988.3882  50.3%   6.3  272s
 69853 48268 43449.0014   46    8 84496.0000 42018.8760  50.3%   6.3  275s
 71248 49123 42330.1110   32   22 84496.0000 42033.5228  50.3%   6.4  282s
 72217 49653 43459.1308   56    4 84496.0000 42047.0974  50.2%   6.4  285s
 74180 50483 44427.2326   65    2 84496.0000 42052.0510  50.2%   6.4  292s
 75069 51048 42503.0366   36   22 84496.0000 42089.3913  50.2%   6.4  296s
 76209 51548 43746.3211   56    9 84496.0000 42089.3913  50.2%   6.4  302s
 76997 51902 42830.1200   37   16 84496.0000 42089.3913  50.2%   6.5  306s
 77816 52708 42542.9269   34   20 84496.0000 42130.1151  50.1%   6.5  311s
 79066 53294 42584.2154   35   18 84496.0000 42130.2532  50.1%   6.5  315s
 81371 54439 43449.5816   49    6 84496.0000 42157.6266  50.1%   6.6  324s
 82405 55126 43351.0857   46    7 84496.0000 42163.5626  50.1%   6.6  328s
 83594 55623 42430.1704   33   23 84496.0000 42163.5626  50.1%   6.7  333s
 84646 56294 44004.2727   55    6 84496.0000 42163.5626  50.1%   6.7  337s
 85864 57063 43034.6180   45   16 84496.0000 42176.4973  50.1%   6.7  342s
 87155 57686 42811.7076   39   15 84496.0000 42183.3577  50.1%   6.7  347s
 88427 58368 42734.1182   37   21 84496.0000 42194.5224  50.1%   6.8  353s
 89689 58974 42426.2214   34   23 84496.0000 42194.5224  50.1%   6.8  358s
 90637 59855 42990.0778   39   20 84496.0000 42194.5224  50.1%   6.9  363s
 92307 60620 43627.3630   51    5 84496.0000 42216.3646  50.0%   6.9  369s
 93775 60383 42701.6694   35   18 84496.0000 42221.1227  50.0%   6.9  376s
 93843 60402 42814.8179   36   16 84496.0000 42221.1227  50.0%   6.9  381s
 93875 61087 42867.1842   37   14 84496.0000 42221.1227  50.0%   6.9  387s
 94799 61903 42935.5558   38   17 84496.0000 42221.1227  50.0%   6.9  394s
 96153 62643 43110.3547   39   15 84496.0000 42231.4808  50.0%   7.0  401s
 97514 63687 43151.6989   40   14 84496.0000 42244.7922  50.0%   7.0  408s
 99157 64530 43404.2135   44    8 84496.0000 42247.2799  50.0%   7.1  416s
 100832 65363 42561.9320   35   18 84496.0000 42258.2345  50.0%   7.1  423s
 102422 66322 42560.7996   33   22 84496.0000 42266.8584  50.0%   7.1  431s
 104123 67227 42840.0066   36   15 84496.0000 42273.4759  50.0%   7.1  439s
 105822 68190 43226.3392   41   15 84496.0000 42281.8186  50.0%   7.2  449s
 107566 69451 42911.2223   42   12 84496.0000 42286.9186  50.0%   7.2  458s
 109692 70423 43161.5149   39   15 84496.0000 42288.4058  50.0%   7.3  467s
 111596 71589 43027.4277   41    9 84496.0000 42297.8399  49.9%   7.3  476s
 113800 72813 42810.6738   37   22 84496.0000 42297.9998  49.9%   7.3  486s
 116061 73943 42793.0468   41   22 84496.0000 42306.4601  49.9%   7.3  497s
 118137 75072 42770.1639   37   20 84496.0000 42313.8743  49.9%   7.4  509s
 120238 76286 43359.0351   38   19 84496.0000 42313.8743  49.9%   7.4  521s
 122685 77496 44322.8117   53    2 84496.0000 42325.1881  49.9%   7.4  533s
 124813 77089 42851.6345   35   21 84496.0000 42330.1502  49.9%   7.5  542s
 124865 78032 42966.2367   36   19 84496.0000 42330.1502  49.9%   7.5  552s
 126115 78858 43022.5463   37   17 84496.0000 42330.1502  49.9%   7.5  564s
 127633 79984 43049.0352   38   18 84496.0000 42332.1541  49.9%   7.5  577s
 129561 81220 42654.7835   36   19 84496.0000 42343.0976  49.9%   7.5  593s
 131668 81413 44631.6126   56    2 84496.0000 42348.6448  49.9%   7.6  600s

Cutting planes:
  Gomory: 1
  MIR: 9
  Flow cover: 2

Explored 132531 nodes (1004341 simplex iterations) in 601.34 seconds (265.03 work units)
Thread count was 32 (of 32 available processors)

Solution count 10: 84496 87860 91016 ... 159620

Time limit reached
Best objective 8.449600000000e+04, best bound 4.234864483306e+04, gap 49.8809%

User-callback calls 287294, time in user-callback 64.64 sec
