
Gurobi 13.0.2 (win64) logging started Fri Jul 17 04:16:06 2026

Set parameter LogFile to value "logs/kstar_nI40_nJ20_nK50_nL10_tI4_tJ4_s5_m1_exact_s0_20260717-041606.gurobi.log"
Set parameter Seed to value 0
Set parameter TimeLimit to value 599.9756802
Set parameter MIPGap to value 0
Set parameter MIPGapAbs to value 0.5
Set parameter Cutoff to value 1e+100
Gurobi Optimizer version 13.0.2 build v13.0.2rc1 (win64 - Windows 11+.0 (26200.2))

CPU model: Intel(R) Core(TM) i9-14900HX, instruction set [SSE2|AVX|AVX2]
Thread count: 24 physical cores, 32 logical processors, using up to 32 threads

Non-default parameters:
TimeLimit  599.9756802
MIPGap  0
MIPGapAbs  0.5
PreCrush  1
LazyConstraints  1

Optimize a model with 20 rows, 70 columns and 600 nonzeros (Min)
Model fingerprint: 0xfb5bce26
Model has 70 linear objective coefficients
Variable types: 10 continuous, 60 integer (60 binary)
Coefficient statistics:
  Matrix range     [4e+00, 7e+02]
  Objective range  [1e+00, 5e+02]
  Bounds range     [1e+00, 6e+03]
  RHS range        [6e+02, 7e+02]

Using branch priorities.
Presolve removed 16 rows and 0 columns
Presolve time: 0.00s
Presolved: 4 rows, 70 columns, 120 nonzeros
Variable types: 10 continuous, 60 integer (60 binary)

Root relaxation: objective 4.972832e+04, 5 iterations, 0.00 seconds (0.00 work units)

    Nodes    |    Current Node    |     Objective Bounds      |     Work
 Expl Unexpl |  Obj  Depth IntInf | Incumbent    BestBd   Gap | It/Node Time

     0     0 49728.3173    0    2          - 49728.3173      -     -    0s
H    0     0                    226174.00000 49728.3173  78.0%     -    0s
H    0     0                    206745.00000 49728.3173  75.9%     -    0s
H    0     0                    200024.00000 49728.3173  75.1%     -    0s
H    0     0                    199594.00000 49728.3173  75.1%     -    0s
     0     0 49799.7222    0    5 199594.000 49799.7222  75.0%     -    0s
     0     0 49845.5573    0    9 199594.000 49845.5573  75.0%     -    0s
H    0     0                    185009.00000 49846.4892  73.1%     -    0s
H    0     0                    155523.00000 49846.4892  67.9%     -    0s
H    0     0                    155485.00000 49846.4892  67.9%     -    0s
H    0     0                    155484.00000 49846.4892  67.9%     -    0s
H    0     0                    155428.00000 49846.4892  67.9%     -    0s
     0     0 49918.6424    0   10 155428.000 49918.6424  67.9%     -    0s
     0     0 49920.0637    0   10 155428.000 49920.0637  67.9%     -    0s
H    0     0                    142928.00000 49921.8448  65.1%     -    0s
     0     2 49947.5977    0   10 142928.000 49947.5977  65.1%     -    0s
H 3348  2828                    132312.00000 50157.7431  62.1%   3.8    2s
H 3351  2688                    126654.00000 50157.7431  60.4%   3.8    3s
H 3358  2558                    115697.00000 50157.7431  56.6%   3.8    5s
H 3359  2560                    115505.00000 50157.7431  56.6%   3.8    5s
  5570  4007 51378.6996   35    7 115505.000 50346.8499  56.4%   5.4   10s
 10418  6398 52334.8127   36   12 115505.000 50544.2110  56.2%   5.2   15s
 12351  7813 51093.4184   28    9 115505.000 50544.2110  56.2%   5.3   20s
 14300  9577 50931.0231   26   14 115505.000 50613.8033  56.2%   5.3   25s
 15803 10715 50969.2271   27   17 115505.000 50688.3555  56.1%   5.4   30s
 16547 11377 51253.9729   31   15 115505.000 50688.3555  56.1%   5.4   35s
 18850 13503 51966.7188   36   10 115505.000 50705.9074  56.1%   5.3   40s
 21480 15903 52960.6842   40    6 115505.000 50746.6650  56.1%   5.3   45s
 25578 19552 51469.1259   26   13 115505.000 50778.2490  56.0%   5.4   51s
 29028 22545 51964.5062   30   10 115505.000 50819.4474  56.0%   5.4   56s
 31759 24826 51113.1941   25   21 115505.000 50835.3601  56.0%   5.5   60s
 34671 27271 59695.4732   61    1 115505.000 50859.4070  56.0%   5.5   65s
 37141 29401 51513.0335   29   11 115505.000 50866.8891  56.0%   5.5   70s
 39716 31654 59547.1314   57    3 115505.000 50878.5317  56.0%   5.5   75s
 42479 34024 51665.6548   27   14 115505.000 50894.6510  55.9%   5.5   81s
 45170 36298 52059.4209   30    7 115505.000 50907.3160  55.9%   5.5   87s
 46618 37688 52370.6612   37   10 115505.000 50907.3160  55.9%   5.5   90s
 50066 40485 51708.1657   29   12 115505.000 50930.1763  55.9%   5.5   96s
 51556 40708 51905.6230   29   10 115505.000 50943.9398  55.9%   5.5  111s
H51557 38673                    107130.00000 50943.9398  52.4%   5.5  113s
 51559 38674 51815.7397   42   30 107130.000 50943.9398  52.4%   5.5  117s
H51559 36740                    90208.000000 50943.9398  43.5%   5.5  119s
 51560 36741 52405.7566   39   30 90208.0000 50943.9398  43.5%   5.5  120s
 51565 36744 52116.4164   48   29 90208.0000 50943.9398  43.5%   5.5  126s
 51567 36745 53344.6662   50   32 90208.0000 50943.9398  43.5%   5.5  130s
 51569 36747 52310.3568   41   32 90208.0000 50943.9398  43.5%   5.5  135s
 51633 36822 51379.4288   33   20 90208.0000 50943.9398  43.5%   5.6  140s
 51809 37060 52729.8634   36   12 90208.0000 50943.9398  43.5%   5.7  145s
 52641 37465 58860.0000   71    - 90208.0000 50943.9398  43.5%   5.8  150s
 53401 37967 54839.4314   57    1 90208.0000 50943.9398  43.5%   5.8  155s
 54491 38576 60394.9524   71    5 90208.0000 50943.9398  43.5%   5.9  160s
 55758 39331 52069.6703   46   13 90208.0000 50943.9398  43.5%   5.9  165s
 57241 40191 52054.9208   44   12 90208.0000 50943.9398  43.5%   6.0  170s
 59233 40815 52739.9235   47    8 90208.0000 51025.6107  43.4%   6.0  175s
 59385 41016 52443.5085   46   12 90208.0000 51025.6107  43.4%   6.0  180s
 60181 41462 52083.0550   41   13 90208.0000 51025.6107  43.4%   6.1  185s
 61540 42365 52583.3454   51    8 90208.0000 51025.6107  43.4%   6.1  192s
 62789 42959 53026.6458   59    5 90208.0000 51089.8193  43.4%   6.2  197s
 63373 43507 51419.1739   38   22 90208.0000 51089.8193  43.4%   6.2  200s
 65149 43881 52245.4681   44   20 90208.0000 51089.8193  43.4%   6.2  205s
 65743 44817 52614.8948   46   10 90208.0000 51245.5930  43.2%   6.2  211s
 67832 45792 52847.1513   48   12 90208.0000 51270.9172  43.2%   6.2  217s
 68927 46375 53073.4286   49    9 90208.0000 51315.4343  43.1%   6.3  220s
 70867 47568 51606.8844   39   24 90208.0000 51323.6204  43.1%   6.3  227s
 72259 48185 51687.1458   40   23 90208.0000 51358.5778  43.1%   6.4  231s
 73467 48915 51747.7450   41   20 90208.0000 51358.7509  43.1%   6.4  235s
 76326 49867 51850.4016   40   19 90208.0000 51392.9634  43.0%   6.4  242s
 77927 51110 52080.8177   39   21 90208.0000 51394.9152  43.0%   6.5  246s
 79518 51904 51751.9266   40   21 90208.0000 51394.9152  43.0%   6.5  250s
 81212 52772 52468.7560   45   12 90208.0000 51424.4564  43.0%   6.5  255s
 83162 53434 52092.3050   43   21 90208.0000 51436.0292  43.0%   6.6  260s
 85598 55342 51848.0606   40   22 90208.0000 51457.1422  43.0%   6.6  268s
 87397 55119 51839.6646   35   22 90208.0000 51468.4004  42.9%   6.6  273s
 87596 55639 52066.9502   36   18 90208.0000 51468.4004  42.9%   6.6  277s
 88419 56226 52116.2026   37   18 90208.0000 51468.5705  42.9%   6.6  282s
 89406 57096 52188.4656   38   17 90208.0000 51469.0240  42.9%   6.6  287s
 90807 57864 52189.3846   39   16 90208.0000 51479.0670  42.9%   6.7  294s
 92267 58687 52230.4893   40   16 90208.0000 51488.2502  42.9%   6.7  299s
 93679 59323 52301.7376   41   14 90208.0000 51491.3912  42.9%   6.7  307s
 95449 60438 52460.9468   42   15 90208.0000 51496.2315  42.9%   6.7  312s
 97072 61340 52514.6928   43   11 90208.0000 51505.5531  42.9%   6.7  318s
 98761 61108 52607.4026   44   12 90208.0000 51505.5531  42.9%   6.8  324s
 98982 62001 52609.0346   45   11 90208.0000 51505.5531  42.9%   6.8  331s
 100410 63006 52613.7635   46   11 90208.0000 51505.5531  42.9%   6.8  337s
 102115 64005 52959.0556   53   13 90208.0000 51523.4805  42.9%   6.8  345s
 103995 65110 52146.0083   42   20 90208.0000 51531.8268  42.9%   6.8  353s
 105915 66409 52528.8488   39   14 90208.0000 51536.5513  42.9%   6.9  361s
 108300 67578 52136.2197   44   19 90208.0000 51544.4714  42.9%   6.9  371s
 110531 68697 52371.6961   40   17 90208.0000 51556.1887  42.8%   6.9  380s
 112666 70199 54318.6790   48   24 90208.0000 51563.7419  42.8%   6.9  389s
 115332 71832 56880.6277   75    3 90208.0000 51573.2796  42.8%   7.0  398s
 118162 73333 52406.1514   41   20 90208.0000 51577.9203  42.8%   7.0  409s
 121109 74737 52566.3086   41   14 90208.0000 51600.1396  42.8%   7.0  419s
 124202 76053 52446.2971   43   16 90208.0000 51612.1667  42.8%   7.0  430s
 126681 77416 53513.6668   54    3 90208.0000 51624.2929  42.8%   7.0  442s
 129631 79233 53642.9873   55    8 90208.0000 51627.2190  42.8%   7.0  454s
 132775 80796 53085.4496   41   17 90208.0000 51644.3409  42.7%   7.1  465s
 135527 82489 52384.8350   44   18 90208.0000 51651.0970  42.7%   7.1  478s
 138912 83911 52702.2349   43   16 90208.0000 51658.3758  42.7%   7.1  490s
 141340 85318 53367.4809   62    4 90208.0000 51666.6767  42.7%   7.2  503s
 144230 86950 52100.2182   36   19 90208.0000 51673.0972  42.7%   7.2  516s
 147189 86508 52733.5782   48   15 90208.0000 51682.4881  42.7%   7.2  527s
 147374 87251 52844.5804   49   14 90208.0000 51682.4881  42.7%   7.2  537s
 148447 88296 53054.7729   50   16 90208.0000 51682.4881  42.7%   7.2  549s
 150225 88910 53184.5866   51   15 90208.0000 51684.2174  42.7%   7.2  562s
 152208 90226 53191.4249   52   15 90208.0000 51689.2186  42.7%   7.2  575s
 154149 91448 53354.4400   53   10 90208.0000 51696.3451  42.7%   7.2  587s
 156267 92392 53498.2721   54   12 90208.0000 51703.4780  42.7%   7.2  600s

Cutting planes:
  Gomory: 2
  MIR: 14
  StrongCG: 1
  Flow cover: 1

Explored 158134 nodes (1142895 simplex iterations) in 601.63 seconds (280.54 work units)
Thread count was 32 (of 32 available processors)

Solution count 10: 90208 107130 115505 ... 200024

Time limit reached
Best objective 9.020800000000e+04, best bound 5.170349554293e+04, gap 42.6841%

User-callback calls 342571, time in user-callback 39.59 sec
