
Gurobi 13.0.2 (win64) logging started Fri Jul 17 12:48:35 2026

Set parameter LogFile to value "logs/kstar_nI40_nJ40_nK100_nL10_tI5_tJ5_s1_m1_exact_s0_20260717-124835.gurobi.log"
Set parameter Seed to value 0
Set parameter TimeLimit to value 599.9268654
Set parameter MIPGap to value 0
Set parameter MIPGapAbs to value 0.5
Set parameter Cutoff to value 1e+100
Gurobi Optimizer version 13.0.2 build v13.0.2rc1 (win64 - Windows 11+.0 (26200.2))

CPU model: Intel(R) Core(TM) i9-14900HX, instruction set [SSE2|AVX|AVX2]
Thread count: 24 physical cores, 32 logical processors, using up to 32 threads

Non-default parameters:
TimeLimit  599.9268654
MIPGap  0
MIPGapAbs  0.5
PreCrush  1
LazyConstraints  1

Optimize a model with 20 rows, 90 columns and 800 nonzeros (Min)
Model fingerprint: 0x247bd5bf
Model has 90 linear objective coefficients
Variable types: 10 continuous, 80 integer (80 binary)
Coefficient statistics:
  Matrix range     [3e+00, 1e+03]
  Objective range  [1e+00, 5e+02]
  Bounds range     [1e+00, 8e+03]
  RHS range        [1e+03, 1e+03]

Using branch priorities.
Presolve removed 18 rows and 0 columns
Presolve time: 0.00s
Presolved: 2 rows, 90 columns, 80 nonzeros
Variable types: 10 continuous, 80 integer (80 binary)

Root relaxation: objective 6.900990e+04, 4 iterations, 0.00 seconds (0.00 work units)

    Nodes    |    Current Node    |     Objective Bounds      |     Work
 Expl Unexpl |  Obj  Depth IntInf | Incumbent    BestBd   Gap | It/Node Time

     0     0 69009.9043    0    2          - 69009.9043      -     -    0s
H    0     0                    341903.00000 69009.9043  79.8%     -    0s
H    0     0                    320493.00000 69009.9043  78.5%     -    0s
H    0     0                    319244.00000 69009.9043  78.4%     -    0s
H    0     0                    306741.00000 69009.9043  77.5%     -    0s
H    0     0                    291128.00000 69009.9043  76.3%     -    0s
     0     0 69286.5157    0    6 291128.000 69286.5157  76.2%     -    0s
     0     0 69295.9391    0    6 291128.000 69295.9391  76.2%     -    0s
H    0     0                    286041.00000 69295.9391  75.8%     -    0s
H    0     0                    260128.00000 69295.9391  73.4%     -    0s
     0     2 69415.8766    0    8 260128.000 69415.8766  73.3%     -    0s
  2696  2977 69988.8799   17    5 260128.000 69565.7648  73.3%   3.4    5s
H 3209  2870                    235585.00000 69631.1611  70.4%   3.3    7s
H 3213  2730                    208082.00000 69631.1611  66.5%   3.3    8s
H 3213  2593                    191351.00000 69631.1611  63.6%   3.3    8s
  3222  2602 69631.1611   11   19 191351.000 69631.1611  63.6%   3.3   10s
  3736  3037 70283.6141   21   13 191351.000 69719.2185  63.6%   5.1   15s
  4278  3388 70428.9541   25   11 191351.000 69719.2185  63.6%   5.3   20s
  5542  4227 71323.2877   36    5 191351.000 69781.4424  63.5%   5.0   25s
  7085  5215 74872.2581   75    1 191351.000 69781.4424  63.5%   4.8   30s
  9352  6189 80077.0000   82    - 191351.000 69831.2741  63.5%   4.4   35s
 11521  7691 84267.0000   74    - 191351.000 69922.6819  63.5%   4.3   40s
 13629  9641 71236.1811   41    8 191351.000 69961.0430  63.4%   4.2   45s
 15935 11467 70857.1468   34    6 191351.000 69981.8765  63.4%   4.1   50s
 17381 12503 71244.8943   36    2 191351.000 70002.2793  63.4%   4.2   55s
 19010 14166 71774.7851   60    3 191351.000 70065.0328  63.4%   4.1   60s
 20487 15660 72082.6140   62    3 191351.000 70072.9079  63.4%   4.1   65s
 22680 17597 85381.1897   81    1 191351.000 70079.6729  63.4%   4.1   70s
 23697 18163 83071.3419   83    1 191351.000 70090.8889  63.4%   4.1   75s
 24840 19107 70976.8769   26   11 191351.000 70094.3103  63.4%   4.1   80s
 26535 20978 72085.0000   67    - 191351.000 70094.3103  63.4%   4.1   86s
 28031 22124 81981.0000   65    - 191351.000 70094.3103  63.4%   4.1   91s
 29892 24078 70371.1293   21   21 191351.000 70094.3103  63.4%   4.2   97s
 31074 25075 71534.1925   40    8 191351.000 70094.3103  63.4%   4.1  100s
 33358 27449 71443.1551   54    3 191351.000 70094.3103  63.4%   4.2  107s
 34989 28918 73157.0669   49    1 191351.000 70132.6899  63.3%   4.1  111s
 36655 30105 70983.0916   31   15 191351.000 70132.6899  63.3%   4.1  116s
 39430 32927 72031.0173   70    2 191351.000 70174.7218  63.3%   4.2  123s
 41160 34611 71022.8575   27   11 191351.000 70224.6534  63.3%   4.2  127s
 42871 36103 70629.7393   22   14 191351.000 70224.6534  63.3%   4.2  132s
 44758 37823 71877.9884   38   11 191351.000 70224.6534  63.3%   4.2  136s
 46637 39336 71386.5792   40    9 191351.000 70253.1452  63.3%   4.2  141s
 48381 40610 70774.4381   24    9 191351.000 70254.8275  63.3%   4.2  146s
 49848 40936 71461.5225   46    4 191351.000 70254.8275  63.3%   4.2  150s
 51533 42375 83801.0000   84    - 191351.000 70278.0577  63.3%   4.2  159s
 51759 42833 70687.3002   20   13 191351.000 70282.3821  63.3%   4.2  162s
 52310 43300 70822.2212   24   12 191351.000 70284.5828  63.3%   4.2  166s
 52849 43908 70487.6145   21   17 191351.000 70284.5828  63.3%   4.2  170s
 53675 44052 71772.8645   62    6 191351.000 70284.6913  63.3%   4.2  183s
 53677 44053 71865.9198   66   23 191351.000 70284.6913  63.3%   4.2  186s
 53679 44055 72477.0000   70   24 191351.000 70284.6913  63.3%   4.2  192s
 53680 44055 72554.0000   60   27 191351.000 70284.6913  63.3%   4.2  195s
 53682 44057 72189.0000   56   27 191351.000 70284.6913  63.3%   4.2  201s
 53684 44058 70543.3185   21   27 191351.000 70284.6913  63.3%   4.2  205s
H53684 41854                    179438.00000 70284.6913  60.8%   4.2  206s
H53685 41857                    177924.00000 70284.6913  60.5%   4.2  207s
 53716 41908 70284.6913   27   23 177924.000 70284.6913  60.5%   4.2  211s
 53780 42009 70395.1420   29   25 177924.000 70284.6913  60.5%   4.2  215s
 53902 42094 70605.1828   30   22 177924.000 70284.6913  60.5%   4.3  221s
 54130 42262 70764.8241   32   23 177924.000 70284.6913  60.5%   4.4  226s
 54366 42381 70917.6966   34   21 177924.000 70284.6913  60.5%   4.4  230s
 54650 42638 71145.9849   36   18 177924.000 70284.6913  60.5%   4.4  236s
 55040 42789 71335.0949   38   17 177924.000 70284.6913  60.5%   4.5  241s
 55177 43004 71607.9525   39   12 177924.000 70284.6913  60.5%   4.5  246s
 55627 43297 71622.6935   40   13 177924.000 70284.6913  60.5%   4.5  250s
 56327 43798 71702.5171   43   10 177924.000 70285.5249  60.5%   4.5  256s
 57110 44139 73792.9306   89    1 177924.000 70285.5249  60.5%   4.5  260s
 57911 44599 72449.8996   51    8 177924.000 70285.5249  60.5%   4.5  265s
 58664 45142 102199.000   98    - 177924.000 70285.5249  60.5%   4.5  270s
 59640 45873 72804.8365   69    2 177924.000 70355.1044  60.5%   4.5  275s
 61006 46691 83072.1025   93    3 177924.000 70364.0381  60.5%   4.5  282s
 61808 47065 100326.000  100    - 177924.000 70364.0381  60.5%   4.5  286s
 62655 46960 71001.4918   31   16 177924.000 70458.7732  60.4%   4.5  290s
 63129 47591 71007.4290   34   16 177924.000 70458.7732  60.4%   4.5  298s
 63678 48263 71568.4568   44    8 177924.000 70467.1116  60.4%   4.6  302s
 64665 48885 72402.0146   55    3 177924.000 70467.1116  60.4%   4.6  306s
 65975 49511 74793.4074   70    1 177924.000 70467.1116  60.4%   4.6  310s
 67210 49347 87485.0000   92    - 177924.000 70574.0200  60.3%   4.5  315s
 67288 49368 71167.6746   39   15 177924.000 70589.0929  60.3%   4.6  320s
 67510 49795 76004.6606   83    1 177924.000 70589.0929  60.3%   4.6  325s
 68398 50337 71068.4167   36   14 177924.000 70589.0929  60.3%   4.6  330s
 69575 51005 71114.3026   37   14 177924.000 70589.0929  60.3%   4.6  335s
 70793 51785 71115.5902   38   13 177924.000 70613.4657  60.3%   4.6  340s
 71456 51693 71384.0502   44    9 177924.000 70613.4657  60.3%   4.6  345s
 71539 52501 71439.2492   45   12 177924.000 70613.4657  60.3%   4.6  351s
 72594 53362 72835.7181   84    2 177924.000 70619.3163  60.3%   4.6  357s
 74021 54048 71517.0169   40   14 177924.000 70619.3163  60.3%   4.6  363s
 75609 54918 70897.4601   32   16 177924.000 70669.8563  60.3%   4.6  369s
 77033 55557 81188.0000   84    - 177924.000 70681.6386  60.3%   4.6  374s
 77618 55431 71241.3516   38   12 177924.000 70681.6386  60.3%   4.6  375s
 78293 56027 71217.6615   38   16 177924.000 70681.6386  60.3%   4.6  380s
 79276 57015 71492.9160   44   10 177924.000 70687.3868  60.3%   4.6  386s
 81133 58127 71725.3901   42   13 177924.000 70723.9897  60.3%   4.6  394s
 82026 57904 71435.9127   44   13 177924.000 70723.9897  60.3%   4.6  395s
 82936 59004 74544.1971   86    1 177924.000 70723.9897  60.3%   4.6  401s
 84554 60161 71587.1389   43   11 177924.000 70723.9897  60.3%   4.7  407s
 86691 61368 71242.6198   38   18 177924.000 70729.3733  60.2%   4.7  415s
 88792 62316 71437.3585   44   12 177924.000 70735.8879  60.2%   4.7  423s
 90529 62955 71253.5419   35   14 177924.000 70764.7822  60.2%   4.7  431s
 92035 63892 71890.2432   49    4 177924.000 70764.7822  60.2%   4.8  440s
 94125 63734 71185.8980   35   15 177924.000 70764.7822  60.2%   4.7  448s
 94250 64865 71198.6927   36   16 177924.000 70764.7822  60.2%   4.7  455s
 95880 65784 71233.9114   37   18 177924.000 70764.7822  60.2%   4.7  463s
 97511 66705 71272.9932   38   12 177924.000 70781.6753  60.2%   4.8  473s
 99830 67774 71394.1067   39   10 177924.000 70786.6809  60.2%   4.8  483s
 101828 69411 71930.6538   48    7 177924.000 70801.6016  60.2%   4.8  494s
 104335 68971 71789.3697   42   15 177924.000 70801.6016  60.2%   4.8  504s
 104480 68947 71105.1591   33   15 177924.000 70804.8258  60.2%   4.8  505s
 104512 70012 71845.7842   43   17 177924.000 70804.8258  60.2%   4.8  515s
 105877 71055 71553.5361   41    8 177924.000 70804.8258  60.2%   4.8  525s
 107647 72015 71734.7947   50    2 177924.000 70810.1861  60.2%   4.8  540s
 109592 73228 71159.2087   34   22 177924.000 70810.1861  60.2%   4.8  552s
 111541 74931 71864.3595   46    5 177924.000 70827.7281  60.2%   4.8  567s
 114351 77001 71420.7759   35   18 177924.000 70828.4736  60.2%   4.8  581s
 117717 76706 73635.1268   75    2 177924.000 70837.3813  60.2%   4.8  592s
 118355 77427 71817.9719   42   14 177924.000 70837.3813  60.2%   4.8  600s

Cutting planes:
  Gomory: 1
  Cover: 1
  MIR: 7

Explored 119426 nodes (579711 simplex iterations) in 602.24 seconds (239.03 work units)
Thread count was 32 (of 32 available processors)

Solution count 10: 177924 179438 191351 ... 320493

Time limit reached
Best objective 1.779240000000e+05, best bound 7.083837913794e+04, gap 60.1862%

User-callback calls 272706, time in user-callback 146.16 sec
