
Gurobi 13.0.2 (win64) logging started Fri Jul 17 19:44:37 2026

Set parameter LogFile to value "logs/kstar_nI40_nJ40_nK50_nL10_tI3_tJ3_s2_m1_exact_s0_20260717-194437.gurobi.log"
Set parameter Seed to value 0
Set parameter TimeLimit to value 599.9568353
Set parameter MIPGap to value 0
Set parameter MIPGapAbs to value 0.5
Set parameter Cutoff to value 1e+100
Gurobi Optimizer version 13.0.2 build v13.0.2rc1 (win64 - Windows 11+.0 (26200.2))

CPU model: Intel(R) Core(TM) i9-14900HX, instruction set [SSE2|AVX|AVX2]
Thread count: 24 physical cores, 32 logical processors, using up to 32 threads

Non-default parameters:
TimeLimit  599.9568353
MIPGap  0
MIPGapAbs  0.5
PreCrush  1
LazyConstraints  1

Optimize a model with 20 rows, 90 columns and 800 nonzeros (Min)
Model fingerprint: 0x1d7e3889
Model has 90 linear objective coefficients
Variable types: 10 continuous, 80 integer (80 binary)
Coefficient statistics:
  Matrix range     [1e+01, 6e+02]
  Objective range  [1e+00, 5e+02]
  Bounds range     [1e+00, 3e+03]
  RHS range        [6e+02, 7e+02]

Using branch priorities.
Presolve removed 5 rows and 0 columns
Presolve time: 0.00s
Presolved: 15 rows, 90 columns, 600 nonzeros
Variable types: 10 continuous, 80 integer (80 binary)

Root relaxation: objective 3.106945e+04, 5 iterations, 0.00 seconds (0.00 work units)

    Nodes    |    Current Node    |     Objective Bounds      |     Work
 Expl Unexpl |  Obj  Depth IntInf | Incumbent    BestBd   Gap | It/Node Time

     0     0 31069.4497    0    4          - 31069.4497      -     -    0s
H    0     0                    232098.00000 31069.4497  86.6%     -    0s
     0     0 31146.3626    0    6 232098.000 31146.3626  86.6%     -    0s
     0     0 31242.5800    0    7 232098.000 31242.5800  86.5%     -    0s
H    0     0                    227771.00000 31248.3397  86.3%     -    0s
     0     0 31336.0287    0   10 227771.000 31336.0287  86.2%     -    0s
     0     0 31336.2142    0   10 227771.000 31336.2142  86.2%     -    0s
H    0     0                    195582.00000 31336.2142  84.0%     -    0s
     0     2 31375.7996    0   12 195582.000 31375.7996  84.0%     -    0s
H 2894  2600                    169750.00000 31454.7752  81.5%   3.1    4s
  2896  2601 31709.9245   30   18 169750.000 31454.7752  81.5%   3.1    5s
H 2901  2473                    154413.00000 31454.7752  79.6%   3.1    5s
H 2901  2349                    129357.00000 31454.7752  75.7%   3.1    5s
H 2918  2243                    122234.00000 31469.8712  74.3%   3.1    7s
  3244  2534 31675.8436   23   15 122234.000 31531.5709  74.2%   4.7   10s
  4031  3028 32017.8766   29    8 122234.000 31531.5709  74.2%   5.4   15s
  5190  3733 32962.5121   48    5 122234.000 31551.0964  74.2%   5.2   20s
  7472  5040 44263.0000   83    - 122234.000 31554.5715  74.2%   5.0   25s
  9835  6471 31786.4205   24   19 122234.000 31590.3599  74.2%   4.9   30s
 12018  8374 32902.5581   47    6 122234.000 31623.1692  74.1%   4.7   35s
 13433  9439 32083.3973   30   10 122234.000 31660.9085  74.1%   4.7   41s
 14537 10421 31952.1999   26   18 122234.000 31679.6987  74.1%   4.7   45s
 16104 11552 32714.9060   47    5 122234.000 31679.6987  74.1%   4.7   50s
 16698 12351 34854.2167   87    1 122234.000 31679.6987  74.1%   4.7   56s
 18620 13996 32117.4530   25   15 122234.000 31715.4454  74.1%   4.6   60s
 20836 16265 32082.7583   23   16 122234.000 31715.4454  74.1%   4.6   65s
 22348 17255 32697.2508   44    7 122234.000 31720.7011  74.0%   4.6   71s
 23461 18249 32757.8626   46    6 122234.000 31720.7011  74.0%   4.6   75s
 25633 20384 33112.1479   49    3 122234.000 31731.4101  74.0%   4.6   82s
 27813 22450 33171.7089   51    3 122234.000 31741.5758  74.0%   4.6   87s
 28899 23412 33252.0000   52    - 122234.000 31741.5758  74.0%   4.7   91s
 31418 26022 32809.5212   41    7 122234.000 31741.5758  74.0%   4.7   97s
 32972 27771 32246.3008   26    9 122234.000 31771.5835  74.0%   4.7  101s
 36609 30566 33068.0165   77    4 122234.000 31795.0975  74.0%   4.6  108s
 38491 31384 32963.0573   42    8 122234.000 31799.1310  74.0%   4.6  112s
 39150 32223 32415.5857   37    9 122234.000 31803.7890  74.0%   4.6  115s
 41026 34118 32151.9423   22   17 122234.000 31813.3808  74.0%   4.6  123s
 42188 35293 32844.7506   47    6 122234.000 31813.3808  74.0%   4.7  127s
 43584 35454 34008.0000   80   10 122234.000 31813.3808  74.0%   4.7  139s
 43586 35455 32630.8582   42   26 122234.000 31813.3808  74.0%   4.7  142s
 43588 35457 32266.7028   36   28 122234.000 31813.3808  74.0%   4.7  146s
 43589 35457 33116.0000   75   27 122234.000 31813.3808  74.0%   4.7  150s
 43594 35461 33321.4517   53   27 122234.000 31813.3808  74.0%   4.7  155s
H43594 33687                    116728.00000 31813.3808  72.7%   4.7  158s
 43597 33689 32177.7299   26   25 116728.000 31813.3808  72.7%   4.7  160s
 43600 33691 33169.3123   48   28 116728.000 31813.3808  72.7%   4.7  165s
 43604 33693 33572.5421   80   28 116728.000 31813.3808  72.7%   4.7  170s
H43606 32010                    114752.00000 31813.3808  72.3%   4.7  177s
H43607 32010                    114503.00000 31813.3808  72.2%   4.7  177s
 43610 32012 33489.3463   71   28 114503.000 31813.3808  72.2%   4.7  181s
 43613 32014 34019.1940   81   27 114503.000 31813.3808  72.2%   4.7  185s
H43614 30414                    99354.000000 31813.3808  68.0%   4.7  188s
 43618 30422 31813.3808   28   26 99354.0000 31813.3808  68.0%   4.7  190s
 43710 30596 31813.3808   33   27 99354.0000 31813.3808  68.0%   4.8  196s
 43859 30610 31947.0493   34   25 99354.0000 31813.3808  68.0%   4.8  202s
 44016 30699 32407.5895   40    9 99354.0000 31813.3808  68.0%   4.9  205s
 44277 30982 31903.7324   37   24 99354.0000 31819.6328  68.0%   5.0  210s
 44650 31159 31999.4625   39   22 99354.0000 31825.5758  68.0%   5.0  215s
 45011 31495 32055.6818   41   17 99354.0000 31825.5758  68.0%   5.0  220s
 45972 32018 32177.7509   45   22 99354.0000 31867.1135  67.9%   5.1  225s
 46980 32663 32462.1283   50   14 99354.0000 31867.1135  67.9%   5.1  230s
 47913 33167 33064.2209   54    8 99354.0000 31867.1135  67.9%   5.1  235s
 48869 33548 33099.6020   60    7 99354.0000 31912.5024  67.9%   5.1  240s
 49693 34302 33981.0869   72    3 99354.0000 31926.4471  67.9%   5.1  245s
 51116 35053 40055.5036   96    1 99354.0000 31927.7877  67.9%   5.1  251s
 52066 35423 32926.8501   55    7 99354.0000 31927.7877  67.9%   5.1  255s
 53394 36431 33635.2228   94    3 99354.0000 31933.4697  67.9%   5.1  261s
 54846 37198 32604.0326   50    7 99354.0000 31933.4697  67.9%   5.2  267s
 55889 37065 34062.2946   94    5 99354.0000 31933.4697  67.9%   5.1  270s
 55958 37166 34116.5170   95    3 99354.0000 31936.9147  67.9%   5.1  276s
 56179 37463 32055.5294   41   24 99354.0000 31936.9147  67.9%   5.1  281s
 56874 37454 32567.8445   52   14 99354.0000 31939.8656  67.9%   5.2  286s
 56906 37477 32601.3124   53   13 99354.0000 31939.8656  67.9%   5.2  292s
 56988 38069 32703.3836   54   13 99354.0000 31939.8656  67.9%   5.2  297s
 57635 37938 34051.7942   88    1 99354.0000 31939.8656  67.9%   5.2  302s
 57708 38325 34056.6831   89    1 99354.0000 32001.5511  67.8%   5.2  308s
 58404 38845 32328.2180   46   16 99354.0000 32001.5511  67.8%   5.2  314s
 59206 39365 33039.8686   64    5 99354.0000 32023.4182  67.8%   5.3  320s
 60241 39873 32869.2734   54    9 99354.0000 32023.4182  67.8%   5.3  325s
 61104 40395 33002.7338   68    9 99354.0000 32023.4182  67.8%   5.3  330s
 62172 41252 32364.5707   45   17 99354.0000 32030.3313  67.8%   5.3  336s
 63438 41844 36215.0245  100    2 99354.0000 32030.3313  67.8%   5.3  342s
 64640 42756 32921.7825   55    9 99354.0000 32030.3313  67.8%   5.3  348s
 66192 43890 33011.9555   57    6 99354.0000 32066.8244  67.7%   5.3  354s
 67007 43697 32365.4297   41   18 99354.0000 32066.8244  67.7%   5.3  355s
 68087 44793 32769.7760   59    9 99354.0000 32077.6247  67.7%   5.3  361s
 69996 45971 34783.9653   84    3 99354.0000 32077.6247  67.7%   5.3  368s
 72053 47079 33482.5474   63    4 99354.0000 32098.0873  67.7%   5.3  376s
 74093 47707 33079.8046   52    4 99354.0000 32105.1403  67.7%   5.4  383s
 75609 47598 37236.2778   96    1 99354.0000 32105.1403  67.7%   5.4  390s
 75834 48174 43439.0267   96    2 99354.0000 32105.1403  67.7%   5.4  397s
 76988 49232 32770.3269   52    6 99354.0000 32107.8932  67.7%   5.4  405s
 78774 50811 32774.6535   61   13 99354.0000 32114.0023  67.7%   5.4  414s
 80922 50321 32663.0893   58   11 99354.0000 32118.3905  67.7%   5.4  415s
 81169 51592 32715.4340   54   11 99354.0000 32118.3905  67.7%   5.4  424s
 83017 53380 32758.0855   52   13 99354.0000 32126.9851  67.7%   5.4  432s
 85689 54880 33192.8285   58    8 99354.0000 32132.8785  67.7%   5.4  442s
 88509 56691 33240.5282   71    1 99354.0000 32139.5990  67.7%   5.4  452s
 91586 58216 32408.6029   39   13 99354.0000 32146.0702  67.6%   5.3  463s
 94360 59429 33016.9293   60    8 99354.0000 32153.6668  67.6%   5.4  472s
 96685 59034 32951.9046   60    8 99354.0000 32157.1331  67.6%   5.4  481s
 96911 60567 33063.3835   61   10 99354.0000 32157.1331  67.6%   5.4  491s
 99060 61776 40027.0000  100    - 99354.0000 32159.0612  67.6%   5.4  503s
 101177 61503 33263.7415   64    5 99354.0000 32159.0612  67.6%   5.4  514s
 101411 61454 32631.8758   41   18 99354.0000 32159.0612  67.6%   5.4  515s
 101427 62847 33367.8399   65    6 99354.0000 32159.0612  67.6%   5.4  525s
 103263 64507 33698.0000   72    - 99354.0000 32165.2296  67.6%   5.4  538s
 105854 65949 32578.3914   43   17 99354.0000 32169.8745  67.6%   5.4  550s
 108575 67632 32875.2389   58   11 99354.0000 32174.6799  67.6%   5.4  565s
 111699 68841 32419.7470   39   17 99354.0000 32179.6932  67.6%   5.4  584s
 112544 68689 32644.9110   45   12 99354.0000 32179.6932  67.6%   5.4  585s
 114317 70372 34350.1918   90    4 99354.0000 32180.1364  67.6%   5.5  600s

Cutting planes:
  Gomory: 4
  Cover: 2
  MIR: 9
  StrongCG: 1
  Flow cover: 2

Explored 117168 nodes (638512 simplex iterations) in 602.90 seconds (286.12 work units)
Thread count was 32 (of 32 available processors)

Solution count 10: 99354 114503 114752 ... 227771

Time limit reached
Best objective 9.935400000000e+04, best bound 3.218472496280e+04, gap 67.6060%

User-callback calls 258106, time in user-callback 95.15 sec
