
Gurobi 13.0.2 (win64) logging started Wed Jul 15 20:47:47 2026

Set parameter LogFile to value "logs/kstar_nI20_nJ40_nK100_nL10_tI5_tJ5_s5_m0_exact_s0_20260715-204747.gurobi.log"
Set parameter Seed to value 0
Set parameter TimeLimit to value 599.9295812
Set parameter NodefileStart to value 4
Set parameter MIPGap to value 0
Set parameter MIPGapAbs to value 0.9999
Set parameter Cutoff to value 1e+100
Gurobi Optimizer version 13.0.2 build v13.0.2rc1 (win64 - Windows 11+.0 (26200.2))

CPU model: Intel(R) Core(TM) i9-14900HX, instruction set [SSE2|AVX|AVX2]
Thread count: 24 physical cores, 32 logical processors, using up to 32 threads

Non-default parameters:
TimeLimit  599.9295812
MIPGap  0
MIPGapAbs  0.9999
NodefileStart  4

Optimize a model with 2000 rows, 48060 columns and 136600 nonzeros (Min)
Model fingerprint: 0x52a441c6
Model has 48060 linear objective coefficients
Variable types: 48000 continuous, 60 integer (60 binary)
Coefficient statistics:
  Matrix range     [1e+00, 1e+03]
  Objective range  [1e+00, 5e+02]
  Bounds range     [1e+00, 1e+00]
  RHS range        [5e+00, 2e+01]

Using branch priorities.
Found heuristic solution: objective 1265463.0000
Presolve time: 0.11s
Presolved: 2000 rows, 48060 columns, 136600 nonzeros
Variable types: 48000 continuous, 60 integer (60 binary)
Deterministic concurrent LP optimizer: primal and dual simplex
Showing primal log only...

Concurrent spin time: 0.00s

Solved with dual simplex

Root relaxation: objective 8.463077e+04, 1962 iterations, 0.05 seconds (0.07 work units)

    Nodes    |    Current Node    |     Objective Bounds      |     Work
 Expl Unexpl |  Obj  Depth IntInf | Incumbent    BestBd   Gap | It/Node Time

     0     0 84630.7711    0   56 1265463.00 84630.7711  93.3%     -    0s
H    0     0                    96340.816094 84630.7711  12.2%     -    0s
H    0     0                    96285.079073 84630.7711  12.1%     -    0s
     0     0 94969.4391    0   11 96285.0791 94969.4391  1.37%     -    0s
H    0     0                    96167.275364 95350.0771  0.85%     -    0s
     0     0 95350.0771    0    6 96167.2754 95350.0771  0.85%     -    0s
     0     0 95388.5022    0    5 96167.2754 95388.5022  0.81%     -    0s
     0     0 95388.5022    0    5 96167.2754 95388.5022  0.81%     -    0s
     0     0 95659.0547    0    4 96167.2754 95659.0547  0.53%     -    0s
H    0     0                    95683.000000 95660.2939  0.02%     -    0s
     0     0 95680.9212    0    3 95683.0000 95680.9212  0.00%     -    0s

Cutting planes:
  Implied bound: 850
  MIR: 20
  Flow cover: 265
  Relax-and-lift: 16

Explored 1 nodes (2831 simplex iterations) in 0.76 seconds (0.72 work units)
Thread count was 32 (of 32 available processors)

Solution count 2: 95683 96167.3 

Optimal solution found (tolerance 0.00e+00)
Best objective 9.568300000000e+04, best bound 9.568250464097e+04, gap 0.0005%
