
Gurobi 13.0.2 (win64) logging started Fri Jul 17 00:15:00 2026

Set parameter LogFile to value "logs/kstar_nI40_nJ20_nK100_nL5_tI5_tJ5_s1_m1_exact_s0_20260717-001500.gurobi.log"
Set parameter Seed to value 0
Set parameter TimeLimit to value 599.9806581
Set parameter MIPGap to value 0
Set parameter MIPGapAbs to value 0.5
Set parameter Cutoff to value 1e+100
Gurobi Optimizer version 13.0.2 build v13.0.2rc1 (win64 - Windows 11+.0 (26200.2))

CPU model: Intel(R) Core(TM) i9-14900HX, instruction set [SSE2|AVX|AVX2]
Thread count: 24 physical cores, 32 logical processors, using up to 32 threads

Non-default parameters:
TimeLimit  599.9806581
MIPGap  0
MIPGapAbs  0.5
PreCrush  1
LazyConstraints  1

Optimize a model with 10 rows, 65 columns and 300 nonzeros (Min)
Model fingerprint: 0x12967bf4
Model has 65 linear objective coefficients
Variable types: 5 continuous, 60 integer (60 binary)
Coefficient statistics:
  Matrix range     [4e+00, 1e+03]
  Objective range  [1e+00, 5e+02]
  Bounds range     [1e+00, 1e+04]
  RHS range        [1e+03, 1e+03]

Using branch priorities.
Presolve removed 8 rows and 0 columns
Presolve time: 0.00s
Presolved: 2 rows, 65 columns, 60 nonzeros
Variable types: 5 continuous, 60 integer (60 binary)

Root relaxation: objective 5.092683e+04, 4 iterations, 0.00 seconds (0.00 work units)

    Nodes    |    Current Node    |     Objective Bounds      |     Work
 Expl Unexpl |  Obj  Depth IntInf | Incumbent    BestBd   Gap | It/Node Time

     0     0 50926.8268    0    2          - 50926.8268      -     -    0s
H    0     0                    196988.00000 50926.8268  74.1%     -    0s
H    0     0                    188333.00000 50926.8268  73.0%     -    0s
H    0     0                    179829.00000 50926.8268  71.7%     -    0s
H    0     0                    179107.00000 50926.8268  71.6%     -    0s
H    0     0                    173033.00000 50926.8268  70.6%     -    0s
     0     0 51174.4562    0    4 173033.000 51174.4562  70.4%     -    0s
     0     0 51206.5384    0    8 173033.000 51206.5384  70.4%     -    0s
H    0     0                    152879.00000 51210.3785  66.5%     -    0s
     0     0 51317.8105    0    9 152879.000 51317.8105  66.4%     -    0s
     0     0 51322.9412    0    9 152879.000 51322.9412  66.4%     -    0s
     0     2 51382.5957    0   12 152879.000 51382.5957  66.4%     -    0s
H 3107  2661                    139612.00000 51476.9694  63.1%   3.1    1s
H 3109  2529                    120794.00000 51476.9694  57.4%   3.1    2s
H 3117  2407                    114946.00000 51489.7264  55.2%   3.1    2s
H 3117  2287                    110791.00000 51489.7264  53.5%   3.1    2s
H 3118  2288                    106145.00000 51489.7264  51.5%   3.1    2s
  3496  2678 52273.5380   26    7 106145.000 51582.8272  51.4%   4.6    5s
  8489  5311 52381.9719   35    8 106145.000 51718.9058  51.3%   4.4   10s
*11456  7279              73    98195.000000 51742.7399  47.3%   4.4   13s
 12955  8763 52160.5863   30   11 98195.0000 51780.4924  47.3%   4.4   15s
 19606 14506 52217.5483   24   14 98195.0000 51852.1551  47.2%   4.3   20s
 23963 18063 54785.3769   52    3 98195.0000 51892.5578  47.2%   4.3   25s
 26272 20022 53082.9346   40    4 98195.0000 51897.7291  47.1%   4.3   30s
 29205 22869 52753.1791   28    5 98195.0000 51938.1874  47.1%   4.2   36s
 32422 25197 52459.9134   26   16 98195.0000 51966.7129  47.1%   4.2   40s
 36496 28992 61663.0000   63    - 98195.0000 51979.1034  47.1%   4.1   45s
 39228 31719 53300.4160   27    8 98195.0000 51996.2583  47.0%   4.2   50s
 43060 34811 52209.4286   25   14 98195.0000 52016.0691  47.0%   4.1   55s
 46934 38128 53699.0476   44    7 98195.0000 52022.1837  47.0%   4.1   60s
 52454 42588 52613.1430   24   12 98195.0000 52047.3599  47.0%   4.1   67s
 54027 42834 53555.2627   36    9 98195.0000 52065.6331  47.0%   4.1   73s
 54030 42836 53753.7242   47   23 98195.0000 52065.6331  47.0%   4.1   75s
H54034 40696                    95966.000000 52065.6331  45.7%   4.1   78s
 54040 40700 53136.8948   38   26 95966.0000 52065.6331  45.7%   4.1   80s
H54041 38665                    95752.000000 52065.6331  45.6%   4.1   82s
H54042 38666                    95217.000000 52065.6331  45.3%   4.1   82s
 54046 38669 53371.2519   41   31 95217.0000 52065.6331  45.3%   4.1   85s
H54046 36735                    91921.000000 52065.6331  43.4%   4.1   86s
 54052 36739 53562.5280   42   30 91921.0000 52065.6331  43.4%   4.1   90s
H54053 34902                    87834.000000 52065.6331  40.7%   4.1   92s
H54053 33156                    87722.000000 52065.6331  40.6%   4.1   92s
H54053 31498                    87472.000000 52065.6331  40.5%   4.1   92s
 54149 31656 52467.0313   31   17 87472.0000 52089.1720  40.5%   4.2   95s
 54685 32050 55203.3747   35    6 87472.0000 52089.1720  40.5%   4.3  100s
 55743 32572 54380.9614   47    5 87472.0000 52089.1720  40.5%   4.3  105s
 56647 33070 55406.7017   62    3 87472.0000 52089.1720  40.5%   4.3  110s
 57520 33790 54167.7406   69    2 87472.0000 52089.1720  40.5%   4.4  115s
 59497 34758 53181.7510   41   14 87472.0000 52256.4579  40.3%   4.4  120s
 61211 35957 52654.6191   36   19 87472.0000 52256.4579  40.3%   4.4  125s
 63940 37420 53320.4488   42    6 87472.0000 52378.0020  40.1%   4.4  130s
 67102 39148 55331.0000   68    - 87472.0000 52390.3538  40.1%   4.5  136s
 68722 39667 53545.8820   46    7 87472.0000 52435.5866  40.1%   4.5  141s
 69955 40517 53604.2847   48    6 87472.0000 52455.8177  40.0%   4.5  145s
 71897 41699 53078.2699   38   15 87472.0000 52459.9013  40.0%   4.6  152s
 73992 42174 53429.9806   43    9 87472.0000 52478.5581  40.0%   4.6  155s
 75242 43663 53181.6819   41   11 87472.0000 52490.3136  40.0%   4.6  160s
 77569 44968 53583.4445   53    4 87472.0000 52510.2381  40.0%   4.6  166s
 80493 46690 53241.1737   46   10 87472.0000 52526.4237  40.0%   4.6  172s
 82217 47707 56022.9342   65    1 87472.0000 52535.1727  39.9%   4.6  175s
 85806 48432 53917.2396   62    6 87472.0000 52552.0043  39.9%   4.7  180s
 86270 48551 52913.2080   33   16 87472.0000 52552.2043  39.9%   4.7  185s
 86843 49376 53047.8824   35   17 87472.0000 52552.8540  39.9%   4.7  190s
 88905 50935 53279.9764   37   15 87472.0000 52559.4148  39.9%   4.7  197s
 90200 51657 53368.4415   38   13 87472.0000 52561.4934  39.9%   4.7  200s
 92841 52491 53408.2846   43   15 87472.0000 52566.0779  39.9%   4.7  205s
 94888 54409 53852.2933   55    6 87472.0000 52579.4355  39.9%   4.7  213s
 96840 55890 53009.2220   43   13 87472.0000 52589.7479  39.9%   4.8  218s
 99309 57102 53815.1769   58    2 87472.0000 52591.8847  39.9%   4.8  223s
 101785 58543 53176.9916   40   12 87472.0000 52607.0759  39.9%   4.8  228s
 104659 60137 53530.1643   42   10 87472.0000 52615.6816  39.8%   4.8  234s
 107472 61306 55484.5998   62    1 87472.0000 52625.0042  39.8%   4.8  240s
 110014 62813 53384.5002   41   10 87472.0000 52631.9154  39.8%   4.8  245s
 112845 64384 52975.9229   36   16 87472.0000 52638.9356  39.8%   4.9  250s
 115658 65530 52985.9698   37   18 87472.0000 52649.6503  39.8%   4.9  257s
 118116 67140 53930.3639   57    5 87472.0000 52656.2961  39.8%   4.9  262s
 120785 68559 56009.3824   68    2 87472.0000 52664.0509  39.8%   4.9  267s
 123788 70042 57185.0000   65    - 87472.0000 52671.2709  39.8%   4.9  273s
 126790 71256 53177.4221   43   15 87472.0000 52678.4872  39.8%   5.0  278s
 129097 72665 53351.2691   39   19 87472.0000 52681.4753  39.8%   5.0  285s
 131960 74682 53718.6433   46    9 87472.0000 52692.0684  39.8%   5.0  291s
 135343 76192 53464.2868   43   14 87472.0000 52696.1132  39.8%   5.0  297s
 138294 77724 53614.5235   39   14 87472.0000 52698.2958  39.8%   5.0  304s
 141391 79585 53065.8696   36   18 87472.0000 52709.0150  39.7%   5.1  310s
 144688 81346 53144.3522   38   16 87472.0000 52715.6118  39.7%   5.1  317s
 147961 82229 52941.9762   35   17 87472.0000 52722.7634  39.7%   5.1  323s
 150075 84392 54041.6771   45   13 87472.0000 52727.9385  39.7%   5.1  329s
 151177 84577 53461.9188   42   14 87472.0000 52727.9667  39.7%   5.1  330s
 153205 86613 53905.3846   44   13 87472.0000 52732.7556  39.7%   5.1  337s
 155665 87037 53398.6057   36   22 87472.0000 52736.8508  39.7%   5.1  342s
 155726 87819 53406.7774   37   22 87472.0000 52736.8508  39.7%   5.1  347s
 156842 89187 53452.8688   40   17 87472.0000 52736.9996  39.7%   5.1  353s
 158424 90785 54431.8455   54    7 87472.0000 52737.4120  39.7%   5.2  359s
 159304 90932 53615.0629   44   14 87472.0000 52737.4120  39.7%   5.2  360s
 160437 91354 54877.5506   57    1 87472.0000 52742.2778  39.7%   5.2  366s
 160936 92334 53208.1342   41   20 87472.0000 52742.2778  39.7%   5.2  372s
 162273 93713 53274.4765   37   15 87472.0000 52745.0334  39.7%   5.2  380s
 163787 95376 53236.3863   35   18 87472.0000 52747.2035  39.7%   5.2  388s
 165934 97330 54008.2168   46   10 87472.0000 52755.7814  39.7%   5.2  396s
 168191 99736 55386.6323   55    4 87472.0000 52762.7612  39.7%   5.2  403s
 171144 101853 53952.6952   40   14 87472.0000 52770.0600  39.7%   5.2  412s
 173676 104254 55224.4119   59    3 87472.0000 52775.8596  39.7%   5.2  420s
 176593 106740 53633.6993   38   13 87472.0000 52783.5440  39.7%   5.2  428s
 179271 109007 53553.8465   44   13 87472.0000 52786.8994  39.7%   5.3  436s
 182001 111191 53697.3882   43   16 87472.0000 52793.1263  39.6%   5.3  446s
 184658 113690 53616.4680   40   17 87472.0000 52795.7306  39.6%   5.3  455s
 187538 115674 58024.0000   74    - 87472.0000 52802.7509  39.6%   5.3  463s
 189958 118062 53760.1546   44   16 87472.0000 52806.4588  39.6%   5.3  471s
 192852 120336 54694.6959   44   12 87472.0000 52810.8465  39.6%   5.3  480s
 195556 122707 53639.1766   40   14 87472.0000 52815.4740  39.6%   5.3  488s
 198362 125347 53647.7421   37   15 87472.0000 52820.5873  39.6%   5.3  497s
 201441 127685 59903.8326   71    2 87472.0000 52825.0299  39.6%   5.3  506s
 204033 129853 54346.9522   58    5 87472.0000 52825.6316  39.6%   5.4  515s
 206638 131828 62968.0000   77    - 87472.0000 52833.2137  39.6%   5.4  525s
 209045 134098 53911.5112   44   15 87472.0000 52837.0729  39.6%   5.4  534s
 210984 134430 53913.2112   42   14 87472.0000 52837.6538  39.6%   5.4  535s
 211909 136467 53397.2827   37   21 87472.0000 52840.4076  39.6%   5.4  542s
 214301 138302 56817.1163   49    5 87472.0000 52844.9355  39.6%   5.4  553s
 216671 140701 53694.9837   42   16 87472.0000 52847.1032  39.6%   5.4  562s
 219445 141525 53714.9153   45   16 87472.0000 52850.7913  39.6%   5.4  571s
 220064 142473 53728.8110   46   15 87472.0000 52850.7913  39.6%   5.4  578s
 221365 143808 53852.5308   47   14 87472.0000 52853.0946  39.6%   5.4  587s
 223052 145229 54354.9620   55    7 87472.0000 52853.4375  39.6%   5.4  595s
 224654 145847 54046.3227   40   12 87472.0000 52858.7947  39.6%   5.4  600s

Cutting planes:
  Gomory: 1
  Cover: 2
  MIR: 7
  Flow cover: 5

Explored 225158 nodes (1222869 simplex iterations) in 601.18 seconds (213.17 work units)
Thread count was 32 (of 32 available processors)

Solution count 10: 87472 87834 91921 ... 120794

Time limit reached
Best objective 8.747200000000e+04, best bound 5.285879472515e+04, gap 39.5706%

User-callback calls 469581, time in user-callback 53.57 sec
