
Gurobi 13.0.2 (win64) logging started Fri Jul 17 09:47:40 2026

Set parameter LogFile to value "logs/kstar_nI40_nJ20_nK50_nL5_tI6_tJ6_s3_m1_exact_s0_20260717-094740.gurobi.log"
Set parameter Seed to value 0
Set parameter TimeLimit to value 599.9857381
Set parameter MIPGap to value 0
Set parameter MIPGapAbs to value 0.5
Set parameter Cutoff to value 1e+100
Gurobi Optimizer version 13.0.2 build v13.0.2rc1 (win64 - Windows 11+.0 (26200.2))

CPU model: Intel(R) Core(TM) i9-14900HX, instruction set [SSE2|AVX|AVX2]
Thread count: 24 physical cores, 32 logical processors, using up to 32 threads

Non-default parameters:
TimeLimit  599.9857381
MIPGap  0
MIPGapAbs  0.5
PreCrush  1
LazyConstraints  1

Optimize a model with 10 rows, 65 columns and 300 nonzeros (Min)
Model fingerprint: 0xc0e59904
Model has 65 linear objective coefficients
Variable types: 5 continuous, 60 integer (60 binary)
Coefficient statistics:
  Matrix range     [2e+00, 6e+02]
  Objective range  [1e+00, 5e+02]
  Bounds range     [1e+00, 6e+03]
  RHS range        [6e+02, 6e+02]

Using branch priorities.
Presolve removed 8 rows and 0 columns
Presolve time: 0.00s
Presolved: 2 rows, 65 columns, 60 nonzeros
Variable types: 5 continuous, 60 integer (60 binary)

Root relaxation: objective 2.721049e+04, 4 iterations, 0.00 seconds (0.00 work units)

    Nodes    |    Current Node    |     Objective Bounds      |     Work
 Expl Unexpl |  Obj  Depth IntInf | Incumbent    BestBd   Gap | It/Node Time

     0     0 27210.4931    0    2          - 27210.4931      -     -    0s
H    0     0                    84641.000000 27210.4931  67.9%     -    0s
H    0     0                    84020.000000 27210.4931  67.6%     -    0s
H    0     0                    78002.000000 27210.4931  65.1%     -    0s
H    0     0                    74300.000000 27210.4931  63.4%     -    0s
H    0     0                    64224.000000 27210.4931  57.6%     -    0s
     0     0 27523.3092    0    6 64224.0000 27523.3092  57.1%     -    0s
     0     0 27759.1156    0    9 64224.0000 27759.1156  56.8%     -    0s
     0     0 27852.7548    0   13 64224.0000 27852.7548  56.6%     -    0s
     0     0 27864.5448    0   13 64224.0000 27864.5448  56.6%     -    0s
     0     2 27921.8381    0   14 64224.0000 27921.8381  56.5%     -    0s
H 3516  2960                    53703.000000 28273.7463  47.4%   3.3    1s
H 3518  2813                    53131.000000 28589.6252  46.2%   3.3    1s
H 3521  2674                    52681.000000 28589.6252  45.7%   3.3    1s
H 3537  2550                    49840.000000 28594.0674  42.6%   3.3    2s
H 3538  2552                    49050.000000 28594.0674  41.7%   3.3    2s
  8241  5233 30431.5789   27    6 49050.0000 29378.8773  40.1%   4.0    5s
 16991 11342 35589.0556   57    1 49050.0000 29563.1998  39.7%   4.1   10s
 25157 18330 30880.0389   21   13 49050.0000 29646.1292  39.6%   4.2   15s
 31949 24169 31324.8085   32   13 49050.0000 29671.4373  39.5%   4.3   20s
 36965 28325 31547.9694   27   10 49050.0000 29741.5788  39.4%   4.4   25s
 41213 31907 31389.8381   25    8 49050.0000 29816.5396  39.2%   4.4   30s
 43137 32846 31702.6842   34   13 49050.0000 29826.0921  39.2%   4.4   36s
H43138 31204                    46018.000000 29826.0921  35.2%   4.4   37s
H43138 29644                    45850.000000 29826.0921  34.9%   4.4   37s
H43138 28162                    45387.000000 29826.0921  34.3%   4.4   37s
 43142 28164 31176.9731   30   30 45387.0000 29826.0921  34.3%   4.4   40s
H43142 26755                    44792.000000 29826.0921  33.4%   4.4   40s
H43144 25419                    44268.000000 29826.0921  32.6%   4.4   42s
H43146 24149                    44067.000000 29826.0921  32.3%   4.4   44s
 43149 24151 31506.2574   38   28 44067.0000 29826.0921  32.3%   4.4   45s
H43152 22945                    43657.000000 29826.0921  31.7%   4.4   48s
H43152 21798                    43418.000000 29826.0921  31.3%   4.4   48s
 43216 21874 30819.7766   28   19 43418.0000 29984.4879  30.9%   4.5   50s
 44116 22566 31989.5409   36   20 43418.0000 29999.0154  30.9%   4.7   55s
 45584 23286 33738.6755   48    3 43418.0000 30244.7358  30.3%   4.7   60s
 47827 24540 31115.6778   34   23 43418.0000 30398.1639  30.0%   4.8   65s
 50708 26048 30998.2339   33   20 43418.0000 30481.5815  29.8%   4.9   70s
 53622 27263 31441.3143   37   21 43418.0000 30581.8451  29.6%   5.0   75s
 54872 28372 32514.7875   66    1 43418.0000 30581.8451  29.6%   5.0   81s
 56616 28723 30979.6702   30   27 43418.0000 30706.6522  29.3%   5.0   85s
 57906 29990 32638.6520   46   12 43418.0000 30709.9886  29.3%   5.1   91s
 59759 30811 32723.6957   59    3 43418.0000 30758.8071  29.2%   5.1   95s
 62627 32386 31605.8069   32   18 43418.0000 30863.7259  28.9%   5.2  101s
 64577 33554 33861.3557   64    2 43418.0000 30869.5131  28.9%   5.2  105s
 68306 35458 31621.6072   41   17 43418.0000 30876.1392  28.9%   5.3  112s
 69532 36048 31321.2175   36   18 43418.0000 30934.5821  28.8%   5.3  115s
 72037 37467 31591.0711   30   18 43418.0000 30963.9129  28.7%   5.3  120s
 74378 38801 31576.4661   41   18 43418.0000 30963.9129  28.7%   5.4  125s
 76832 39934 31351.9197   37   22 43418.0000 30980.9726  28.6%   5.4  132s
 78117 40696 31492.4864   34   18 43418.0000 31000.5716  28.6%   5.4  135s
 81055 42306 31534.0780   39   19 43418.0000 31027.5767  28.5%   5.5  142s
 82679 43287 31540.2885   38   19 43418.0000 31042.1005  28.5%   5.5  145s
 86247 45160 32240.5463   47    8 43418.0000 31056.2097  28.5%   5.5  153s
 88152 46143 32118.7810   34   14 43418.0000 31066.9769  28.4%   5.5  157s
 90011 47202 31974.2275   46    7 43418.0000 31083.7771  28.4%   5.5  162s
 91927 48051 31670.3722   38   12 43418.0000 31094.3706  28.4%   5.6  166s
 93899 48768 32860.6769   41   13 43418.0000 31097.7202  28.4%   5.6  170s
 97154 50681 31898.1400   39   16 43418.0000 31107.1301  28.4%   5.6  179s
 98941 50391 32337.1677   46   13 43418.0000 31126.4681  28.3%   5.6  182s
 98983 51227 32368.4661   47   12 43418.0000 31126.4681  28.3%   5.6  186s
 100160 52238 33643.4572   53    6 43418.0000 31128.2829  28.3%   5.6  191s
 102016 53240 32030.5160   39   21 43418.0000 31128.2829  28.3%   5.7  197s
 103833 54310 32191.8108   48   10 43418.0000 31145.1896  28.3%   5.7  202s
 106014 55201 31809.7908   41   21 43418.0000 31154.0715  28.2%   5.7  208s
 108099 56346 34375.4286   69    1 43418.0000 31166.1063  28.2%   5.7  214s
 110348 58096 31789.9958   34   21 43418.0000 31177.7755  28.2%   5.7  219s
 112298 59799 31379.7457   38   25 43418.0000 31187.3257  28.2%   5.7  225s
 114582 61454 34891.5209   61    1 43418.0000 31189.6253  28.2%   5.8  236s
 116432 63407 35210.5743   61    6 43418.0000 31190.8550  28.2%   5.8  242s
 118874 65790 31985.4392   45   14 43418.0000 31201.1039  28.1%   5.8  249s
 120206 65987 32390.1033   51    7 43418.0000 31201.7314  28.1%   5.8  250s
 121605 67648 32014.8112   44   20 43418.0000 31216.1211  28.1%   5.8  257s
 123708 70105 32213.1076   34   16 43418.0000 31228.4060  28.1%   5.8  265s
 126681 72641 31950.6307   39   18 43418.0000 31230.0204  28.1%   5.8  273s
 129945 75183 32609.4829   50    5 43418.0000 31237.6087  28.1%   5.8  281s
 132895 77602 32240.7240   39   13 43418.0000 31251.2396  28.0%   5.8  288s
 135788 79947 32083.9914   38   16 43418.0000 31261.1756  28.0%   5.8  295s
 138299 81878 33818.7247   51    8 43418.0000 31265.2518  28.0%   5.9  302s
 140729 84087 31733.1859   35   21 43418.0000 31274.3531  28.0%   5.9  309s
 143459 86285 32452.0997   43   16 43418.0000 31282.5773  28.0%   5.9  316s
 146165 88439 33112.1022   62    5 43418.0000 31282.5773  28.0%   5.9  324s
 148917 90773 32091.5539   43   19 43418.0000 31294.7208  27.9%   5.9  333s
 151588 93056 31986.0844   35   20 43418.0000 31303.6613  27.9%   5.9  342s
 154170 94973 32707.7709   56   10 43418.0000 31310.6380  27.9%   5.9  349s
 156450 97165 31825.9805   39   23 43418.0000 31317.1704  27.9%   5.9  356s
 159152 99019 32831.5362   48   10 43418.0000 31323.3201  27.9%   5.9  364s
 161142 101165 33682.2531   49    5 43418.0000 31329.7879  27.8%   6.0  371s
 163805 103260 32110.1784   37   15 43418.0000 31330.1801  27.8%   6.0  380s
 166323 105467 33559.4017   55    6 43418.0000 31339.8713  27.8%   6.0  388s
 169047 107604 34598.5245   63    2 43418.0000 31346.5582  27.8%   6.0  397s
 171972 109350 31653.1867   38   25 43418.0000 31353.4748  27.8%   6.0  406s
 173844 111499 32655.3454   52    6 43418.0000 31358.9081  27.8%   6.0  414s
 176376 113569 32601.5643   51    4 43418.0000 31358.9081  27.8%   6.0  423s
 178799 114207 32365.1433   44   18 43418.0000 31361.8577  27.8%   6.0  433s
 179187 115719 32480.3275   45   18 43418.0000 31361.8577  27.8%   6.0  442s
 181339 117592 33033.0616   48   14 43418.0000 31366.2618  27.8%   6.0  452s
 183563 119289 32142.2418   41   12 43418.0000 31376.6169  27.7%   6.0  461s
 185622 121374 32695.2108   44    8 43418.0000 31376.6569  27.7%   6.0  470s
 188282 123744 32024.6326   39   23 43418.0000 31387.1049  27.7%   6.0  479s
 188771 123813 31826.3240   40   22 43418.0000 31389.2471  27.7%   6.0  480s
 190959 125707 32910.9496   37   23 43418.0000 31393.8490  27.7%   6.0  488s
 193164 127574 32597.8414   43   14 43418.0000 31399.0258  27.7%   6.0  497s
 195411 129398 34898.0935   63    4 43418.0000 31402.3669  27.7%   6.0  508s
 197714 131547 32620.9987   42   17 43418.0000 31406.6671  27.7%   6.0  517s
 200178 133228 33255.3910   66    5 43418.0000 31412.9507  27.6%   6.0  526s
 202053 135443 32626.3330   42   11 43418.0000 31413.5344  27.6%   6.1  535s
 204761 137176 32597.2703   48    7 43418.0000 31419.8278  27.6%   6.1  545s
 206664 138923 31996.4995   41   24 43418.0000 31425.2688  27.6%   6.1  553s
 208571 140615 32778.9918   47   16 43418.0000 31425.2688  27.6%   6.1  562s
 210836 142458 33618.4780   54    7 43418.0000 31425.2688  27.6%   6.1  572s
 212926 144401 40642.3427   69    1 43418.0000 31434.0958  27.6%   6.1  581s
 215353 145817 33282.7007   59    7 43418.0000 31438.8929  27.6%   6.1  591s
 216619 147373 32899.2439   51    3 43418.0000 31438.8929  27.6%   6.1  600s

Cutting planes:
  Gomory: 4
  MIR: 4
  Flow cover: 6

Explored 218733 nodes (1338630 simplex iterations) in 601.55 seconds (198.06 work units)
Thread count was 32 (of 32 available processors)

Solution count 10: 43418 43657 44067 ... 52681

Time limit reached
Best objective 4.341800000000e+04, best bound 3.143889285510e+04, gap 27.5902%

User-callback calls 461054, time in user-callback 23.73 sec
