
Gurobi 13.0.2 (win64) logging started Fri Jul 17 23:45:48 2026

Set parameter LogFile to value "logs/kstar_nI40_nJ40_nK50_nL5_tI3_tJ3_s1_m1_exact_s0_20260717-234548.gurobi.log"
Set parameter Seed to value 0
Set parameter TimeLimit to value 599.9774974
Set parameter MIPGap to value 0
Set parameter MIPGapAbs to value 0.5
Set parameter Cutoff to value 1e+100
Gurobi Optimizer version 13.0.2 build v13.0.2rc1 (win64 - Windows 11+.0 (26200.2))

CPU model: Intel(R) Core(TM) i9-14900HX, instruction set [SSE2|AVX|AVX2]
Thread count: 24 physical cores, 32 logical processors, using up to 32 threads

Non-default parameters:
TimeLimit  599.9774974
MIPGap  0
MIPGapAbs  0.5
PreCrush  1
LazyConstraints  1

Optimize a model with 10 rows, 85 columns and 400 nonzeros (Min)
Model fingerprint: 0x75175017
Model has 85 linear objective coefficients
Variable types: 5 continuous, 80 integer (80 binary)
Coefficient statistics:
  Matrix range     [7e+00, 7e+02]
  Objective range  [1e+00, 5e+02]
  Bounds range     [1e+00, 4e+03]
  RHS range        [6e+02, 7e+02]

Using branch priorities.
Presolve removed 1 rows and 0 columns
Presolve time: 0.00s
Presolved: 9 rows, 85 columns, 360 nonzeros
Variable types: 5 continuous, 80 integer (80 binary)

Root relaxation: objective 1.764441e+04, 8 iterations, 0.00 seconds (0.00 work units)

    Nodes    |    Current Node    |     Objective Bounds      |     Work
 Expl Unexpl |  Obj  Depth IntInf | Incumbent    BestBd   Gap | It/Node Time

     0     0 17644.4140    0    3          - 17644.4140      -     -    0s
H    0     0                    109452.00000 17644.4140  83.9%     -    0s
H    0     0                    101087.00000 17644.4140  82.5%     -    0s
     0     0 17874.0966    0    7 101087.000 17874.0966  82.3%     -    0s
     0     0 17940.1482    0   10 101087.000 17940.1482  82.3%     -    0s
     0     0 17959.7089    0   14 101087.000 17959.7089  82.2%     -    0s
     0     0 17962.0361    0   14 101087.000 17962.0361  82.2%     -    0s
     0     2 17962.0361    0   14 101087.000 17962.0361  82.2%     -    0s
H 3280  2881                    83159.000000 18078.8725  78.3%   2.9    5s
  4371  3701 18969.2124   36    2 83159.0000 18152.4600  78.2%   5.4   10s
  7628  5568 18367.2651   21   15 83159.0000 18203.2018  78.1%   5.0   15s
 11911  7739 19253.9458   59    5 83159.0000 18225.9232  78.1%   4.8   20s
 16406 11538 19777.5857   57    2 83159.0000 18279.7020  78.0%   4.7   25s
 17781 12757 18407.7152   29   13 83159.0000 18279.7020  78.0%   4.7   30s
 19736 14664 18508.3069   34   14 83159.0000 18282.5700  78.0%   4.7   35s
 22560 17221 18996.2777   53    9 83159.0000 18303.2211  78.0%   4.6   40s
 27821 21733 18535.7065   29   14 83159.0000 18313.5091  78.0%   4.6   46s
 31391 24966 20932.0042   63    1 83159.0000 18333.7793  78.0%   4.7   51s
 34328 27290 19913.5003   49    1 83159.0000 18346.1085  77.9%   4.6   55s
 38341 29583 18800.5294   40   15 83159.0000 18355.7419  77.9%   4.5   60s
 38998 30849 18824.6609   42   13 83159.0000 18363.2442  77.9%   4.6   65s
 40933 32807 18864.4895   44   10 83159.0000 18367.2840  77.9%   4.6   71s
 43389 33948 18961.9944   46    9 83159.0000 18373.3939  77.9%   4.6   77s
 43429 34201 19047.3198   47    8 83159.0000 18373.3939  77.9%   4.6   80s
 44653 35557 19075.4688   49    8 83159.0000 18373.3939  77.9%   4.6   86s
 46807 37642 19104.9663   51    8 83159.0000 18379.0618  77.9%   4.6   93s
 48124 39083 19141.5397   52   10 83159.0000 18380.7830  77.9%   4.6   96s
 49954 40377 19146.0944   53   10 83159.0000 18384.7575  77.9%   4.6  100s
 53814 43627 19408.5064   55    6 83159.0000 18388.6091  77.9%   4.6  108s
 56257 46260 20477.5703   85    2 83159.0000 18393.9007  77.9%   4.6  112s
 58977 46631 18800.4427   47   14 83159.0000 18397.8686  77.9%   4.6  123s
H58978 44300                    83013.000000 18397.8686  77.8%   4.6  126s
 58982 44302 19413.2445   51   27 83013.0000 18397.8686  77.8%   4.6  130s
 58984 44304 18589.1106   30   25 83013.0000 18397.8686  77.8%   4.6  135s
H58990 42092                    81672.000000 18397.8686  77.5%   4.6  141s
H58992 39988                    66220.000000 18397.8686  72.2%   4.6  144s
 58996 39991 19547.0000   72   28 66220.0000 18397.8686  72.2%   4.6  146s
H58996 37991                    61846.000000 18397.8686  70.3%   4.6  147s
 58999 37993 18743.6495   37   27 61846.0000 18397.8686  70.3%   4.6  150s
 59016 38021 18397.8686   29   28 61846.0000 18397.8686  70.3%   4.6  155s
 59242 38172 18432.3813   34   17 61846.0000 18397.8686  70.3%   4.7  160s
 59290 38329 18465.6712   34   17 61846.0000 18397.8686  70.3%   4.7  165s
 59626 38535 18417.2543   38   23 61846.0000 18397.8686  70.3%   4.8  171s
 59819 38611 18448.9521   40   21 61846.0000 18397.8686  70.3%   4.8  175s
 60195 38962 18593.0259   43   20 61846.0000 18397.8686  70.3%   4.9  180s
 61130 39548 18918.9891   47   19 61846.0000 18397.8686  70.3%   4.9  185s
 62234 40307 19255.7794   55    6 61846.0000 18397.8686  70.3%   4.9  190s
 64105 41458 24153.0000   83    - 61846.0000 18397.8686  70.3%   4.9  195s
 65649 42249 18871.5372   42   15 61846.0000 18397.8686  70.3%   4.9  200s
 67231 43223 20132.8534   67    1 61846.0000 18397.8686  70.3%   4.9  205s
 69077 43988 18580.0263   35   18 61846.0000 18397.8686  70.3%   4.9  210s
 70536 45058 19550.8982   48    3 61846.0000 18397.8686  70.3%   5.0  215s
 73022 45501 20572.5232   94    2 61846.0000 18397.8686  70.3%   5.0  221s
 73055 45727 20545.8008   95    3 61846.0000 18397.8686  70.3%   5.0  225s
 74710 46831 19173.1680   54    2 61846.0000 18397.8686  70.3%   5.0  233s
 76382 46871 19924.7884   82    2 61846.0000 18397.8686  70.3%   5.0  237s
 76503 47157 20217.5192   82    1 61846.0000 18397.8686  70.3%   5.0  241s
 77314 48048 27816.0000  101    - 61846.0000 18397.8686  70.3%   5.0  245s
 79460 48420 19312.5100   41    9 61846.0000 18459.7728  70.2%   5.0  250s
 81211 50454 18556.7746   37   20 61846.0000 18459.7728  70.2%   5.0  258s
 82881 51540 18964.0058   45   13 61846.0000 18502.2843  70.1%   5.1  262s
 84653 52536 18700.5048   48   17 61846.0000 18509.7522  70.1%   5.1  266s
 86574 53734 18613.1338   45   19 61846.0000 18510.4746  70.1%   5.1  270s
 88601 54960 18728.9984   41   18 61846.0000 18521.8650  70.1%   5.1  275s
 90821 56204 18732.3322   46   18 61846.0000 18534.8900  70.0%   5.1  280s
 93015 57164 18879.4002   45   14 61846.0000 18536.9738  70.0%   5.1  285s
 94888 58403 18895.8232   41   13 61846.0000 18549.9669  70.0%   5.1  290s
 96994 59459 19110.0843   48   11 61846.0000 18552.0269  70.0%   5.1  296s
 99093 59075 19076.4467   54    9 61846.0000 18554.7610  70.0%   5.2  302s
 99125 59095 19165.8502   52    8 61846.0000 18554.7610  70.0%   5.2  308s
 99158 60378 19174.0132   55   11 61846.0000 18554.7610  70.0%   5.2  314s
 100883 61760 18981.1958   45   15 61846.0000 18560.8269  70.0%   5.2  320s
 103168 62706 20443.7269   79    6 61846.0000 18566.3850  70.0%   5.2  327s
 104985 63977 19666.2382   88    1 61846.0000 18570.2752  70.0%   5.2  334s
 106513 63659 19609.5773   62    2 61846.0000 18572.9257  70.0%   5.2  335s
 107229 65219 19146.9885   42   11 61846.0000 18576.6663  70.0%   5.2  340s
 109436 66962 20915.6074   76    1 61846.0000 18581.6123  70.0%   5.2  347s
 112387 68604 18882.6003   45   15 61846.0000 18585.6221  69.9%   5.2  355s
 115466 70568 18736.2763   42   15 61846.0000 18590.8889  69.9%   5.2  362s
 118842 72035 20474.2236   84    2 61846.0000 18597.0494  69.9%   5.2  370s
 121690 73929 19172.1426   46    8 61846.0000 18602.8304  69.9%   5.2  378s
 124881 75972 21202.9231   90    1 61846.0000 18606.0347  69.9%   5.2  386s
 128661 77394 19533.7895   59    7 61846.0000 18607.9563  69.9%   5.2  396s
 132368 80221 19476.0214   54    5 61846.0000 18613.5709  69.9%   5.2  405s
 136564 81956 19525.0000   77    1 61846.0000 18619.7216  69.9%   5.2  415s
 140586 83719 19250.8733   51    7 61846.0000 18620.5414  69.9%   5.2  426s
 144703 86083 19430.7767   48   10 61846.0000 18624.1683  69.9%   5.2  436s
 148528 87557 19340.3121   58    8 61846.0000 18627.4690  69.9%   5.2  445s
 152282 89875 19337.2669   55   14 61846.0000 18629.9765  69.9%   5.2  455s
 156293 91913 18947.8845   42   15 61846.0000 18634.5431  69.9%   5.2  466s
 159944 93515 20286.7370   92    4 61846.0000 18634.5431  69.9%   5.2  476s
 163953 95011 21140.0741   84    1 61846.0000 18639.7907  69.9%   5.2  486s
 166492 97220 23088.3154   97    2 61846.0000 18642.1524  69.9%   5.2  496s
 170088 99049 20309.5803   89    1 61846.0000 18644.0269  69.9%   5.2  505s
 173716 101394 19467.9488   62    5 61846.0000 18647.4223  69.8%   5.2  515s
 177324 104155 18816.4696   39   18 61846.0000 18650.3135  69.8%   5.2  526s
 180592 107272 19923.5251   67    5 61846.0000 18652.9559  69.8%   5.2  536s
 184114 110371 18891.1337   38   14 61846.0000 18655.4805  69.8%   5.2  546s
 187470 113102 24280.0000   85    - 61846.0000 18658.6836  69.8%   5.2  556s
 190574 115107 19069.2712   47    6 61846.0000 18660.8603  69.8%   5.2  567s
 192737 115397 19227.2316   53    5 61846.0000 18660.8603  69.8%   5.3  576s
 192769 116673 19395.9690   55    6 61846.0000 18660.8603  69.8%   5.3  587s
 194993 118519 18796.2225   40   17 61846.0000 18661.2351  69.8%   5.2  596s
 197145 119159 18841.6503   38   14 61846.0000 18663.1690  69.8%   5.2  600s

Cutting planes:
  Gomory: 3
  Cover: 2
  MIR: 13
  StrongCG: 1

Explored 197469 nodes (1034339 simplex iterations) in 601.07 seconds (267.62 work units)
Thread count was 32 (of 32 available processors)

Solution count 7: 61846 66220 81672 ... 109452

Time limit reached
Best objective 6.184600000000e+04, best bound 1.866316900037e+04, gap 69.8232%

User-callback calls 418752, time in user-callback 75.64 sec
