
Gurobi 13.0.2 (win64) logging started Thu Jul 16 09:00:51 2026

Set parameter LogFile to value "logs/kstar_nI20_nJ40_nK100_nL5_tI6_tJ6_s5_m1_exact_s0_20260716-090051.gurobi.log"
Set parameter Seed to value 0
Set parameter TimeLimit to value 599.9699747
Set parameter MIPGap to value 0
Set parameter MIPGapAbs to value 0.5
Set parameter Cutoff to value 1e+100
Gurobi Optimizer version 13.0.2 build v13.0.2rc1 (win64 - Windows 11+.0 (26200.2))

CPU model: Intel(R) Core(TM) i9-14900HX, instruction set [SSE2|AVX|AVX2]
Thread count: 24 physical cores, 32 logical processors, using up to 32 threads

Non-default parameters:
TimeLimit  599.9699747
MIPGap  0
MIPGapAbs  0.5
PreCrush  1
LazyConstraints  1

Optimize a model with 10 rows, 65 columns and 300 nonzeros (Min)
Model fingerprint: 0x6d930b4c
Model has 65 linear objective coefficients
Variable types: 5 continuous, 60 integer (60 binary)
Coefficient statistics:
  Matrix range     [9e+00, 1e+03]
  Objective range  [1e+00, 5e+02]
  Bounds range     [1e+00, 1e+04]
  RHS range        [1e+03, 1e+03]

Using branch priorities.
Presolve removed 8 rows and 0 columns
Presolve time: 0.00s
Presolved: 2 rows, 65 columns, 60 nonzeros
Variable types: 5 continuous, 60 integer (60 binary)

Root relaxation: objective 4.506199e+04, 8 iterations, 0.00 seconds (0.00 work units)

    Nodes    |    Current Node    |     Objective Bounds      |     Work
 Expl Unexpl |  Obj  Depth IntInf | Incumbent    BestBd   Gap | It/Node Time

     0     0 45061.9934    0    3          - 45061.9934      -     -    0s
H    0     0                    178656.00000 45061.9934  74.8%     -    0s
H    0     0                    167207.00000 45061.9934  73.1%     -    0s
H    0     0                    160089.00000 45061.9934  71.9%     -    0s
H    0     0                    155763.00000 45061.9934  71.1%     -    0s
H    0     0                    142371.00000 45061.9934  68.3%     -    0s
     0     0 45300.3656    0    6 142371.000 45300.3656  68.2%     -    0s
     0     0 45350.9925    0    8 142371.000 45350.9925  68.1%     -    0s
H    0     0                    138170.00000 45353.4396  67.2%     -    0s
     0     0 45463.7102    0    9 138170.000 45463.7102  67.1%     -    0s
     0     0 45467.9388    0    9 138170.000 45467.9388  67.1%     -    0s
     0     2 45469.1451    0    9 138170.000 45469.1451  67.1%     -    0s
H 3346  2892                    121482.00000 45853.0914  62.3%   3.2    2s
H 3351  2750                    114216.00000 45908.1673  59.8%   3.2    3s
  3457  2973 46073.0577   17   22 114216.000 45993.8208  59.7%   3.7    5s
  5730  4343 47522.0782   34    5 114216.000 46022.0920  59.7%   4.9   10s
  9531  6282 47196.0875   30    2 114216.000 46121.2728  59.6%   5.1   15s
 12640  8473 46725.8007   29   11 114216.000 46150.7603  59.6%   5.0   20s
 16431 11411 47522.6773   46    2 114216.000 46204.4982  59.5%   5.0   25s
 20193 14898 47549.5617   42    7 114216.000 46220.7500  59.5%   5.0   30s
 24192 18363 47928.2041   47    1 114216.000 46245.3703  59.5%   5.1   35s
 29597 23428 46866.2592   29   12 114216.000 46272.1429  59.5%   5.1   41s
 32205 25670 46980.5267   26   15 114216.000 46281.4390  59.5%   5.1   45s
 35980 29107 48435.6200   40    2 114216.000 46315.7286  59.4%   5.2   51s
 37747 29903 48312.6915   49    7 114216.000 46324.5708  59.4%   5.2   55s
 38861 30906 47318.4296   28   16 114216.000 46335.0745  59.4%   5.2   60s
 40284 32467 47397.1551   31    9 114216.000 46341.0269  59.4%   5.2   65s
 42392 34298 47252.5704   31    6 114216.000 46348.7401  59.4%   5.2   71s
 45096 35988 47843.6085   42    7 114216.000 46360.1612  59.4%   5.2   77s
 45443 36506 47831.3903   45    3 114216.000 46360.1612  59.4%   5.2   80s
 47026 37509 47642.8596   39    9 114216.000 46363.6830  59.4%   5.2   89s
H47027 35634                    108920.00000 46363.6830  57.4%   5.2   89s
 47028 35634 47552.5993   42   28 108920.000 46363.6830  57.4%   5.2   90s
H47029 33853                    101690.00000 46363.6830  54.4%   5.2   92s
H47032 32162                    95477.000000 46363.6830  51.4%   5.2   94s
H47032 30554                    91832.000000 46363.6830  49.5%   5.2   95s
 47039 30559 46839.9540   26   30 91832.0000 46363.6830  49.5%   5.2  100s
 47232 30720 46719.8678   31   26 91832.0000 46413.0851  49.5%   5.3  105s
 47891 31235 47075.0589   37   17 91832.0000 46413.0851  49.5%   5.5  110s
 48443 31567 47639.2060   42   10 91832.0000 46517.9150  49.3%   5.5  115s
 50018 32362 48260.6782   56    4 91832.0000 46584.5134  49.3%   5.6  120s
 51159 33380 49293.7532   69    2 91832.0000 46607.6874  49.2%   5.6  126s
 51870 33468 46893.3247   34   17 91832.0000 46607.6874  49.2%   5.6  130s
 52807 34228 57970.0000   74    - 91832.0000 46607.6874  49.2%   5.6  136s
 53842 34695 47504.4956   48    8 91832.0000 46607.6874  49.2%   5.6  140s
 55586 35818 51586.0000   72    - 91832.0000 46671.5937  49.2%   5.7  145s
 57971 37288 46979.7070   36   15 91832.0000 46698.1551  49.1%   5.7  151s
 59802 38311 47399.1379   43   15 91832.0000 46724.4777  49.1%   5.7  156s
 60919 38716 47519.9921   45    9 91832.0000 46728.6302  49.1%   5.7  161s
 62452 39369 48174.6647   62    4 91832.0000 46737.2451  49.1%   5.7  166s
 64047 40453 46925.2294   33   20 91832.0000 46769.5059  49.1%   5.7  171s
 65793 41481 46981.4506   32   23 91832.0000 46770.5082  49.1%   5.7  177s
 66902 42191 48185.4307   69    2 91832.0000 46788.3985  49.1%   5.7  180s
 69508 43334 55942.0000   77    - 91832.0000 46803.9927  49.0%   5.7  187s
 70902 44287 48266.1905   60    2 91832.0000 46817.9343  49.0%   5.7  190s
 74142 45769 47152.1047   37   19 91832.0000 46820.8648  49.0%   5.7  197s
 75581 46590 46983.4684   33   26 91832.0000 46830.5602  49.0%   5.7  200s
 77431 47154 47235.2355   40   17 91832.0000 46837.2540  49.0%   5.7  205s
 78527 48153 47665.1229   41    3 91832.0000 46848.5505  49.0%   5.8  211s
 79864 48922 47196.0189   39   12 91832.0000 46849.0210  49.0%   5.8  215s
 83553 50983 48361.1999   64    2 91832.0000 46869.8788  49.0%   5.8  223s
 85432 51530 47989.3805   57    3 91832.0000 46876.6669  49.0%   5.8  228s
 86691 51823 47411.9852   42   14 91832.0000 46876.6669  49.0%   5.8  232s
 87401 52732 47353.9845   40   19 91832.0000 46876.6669  49.0%   5.8  236s
 88952 53655 49521.0765   71    2 91832.0000 46876.8762  49.0%   5.8  241s
 90524 54767 47913.9475   47    3 91832.0000 46884.1676  48.9%   5.8  245s
 92572 55724 47733.8290   46    8 91832.0000 46884.1676  48.9%   5.8  250s
 94432 56680 47200.5576   35   18 91832.0000 46893.6842  48.9%   5.8  255s
 96370 57639 47312.5604   41   18 91832.0000 46893.6842  48.9%   5.8  260s
 98732 59036 47289.5105   38   12 91832.0000 46903.2385  48.9%   5.8  266s
 100994 58713 48768.4615   63    1 91832.0000 46909.2828  48.9%   5.8  270s
 101185 60210 58178.0000   79    - 91832.0000 46909.3490  48.9%   5.8  276s
 103183 61342 47598.0553   43   13 91832.0000 46909.3583  48.9%   5.8  281s
 105358 62283 57466.0000   76    - 91832.0000 46915.2437  48.9%   5.8  287s
 107186 63535 48111.9027   55    5 91832.0000 46922.9464  48.9%   5.8  293s
 109467 64829 47764.5812   47   10 91832.0000 46924.8570  48.9%   5.8  299s
 111837 65886 47504.6025   43   12 91832.0000 46929.8136  48.9%   5.8  305s
 113813 67310 47670.5700   42   13 91832.0000 46930.3861  48.9%   5.9  311s
 116376 68895 47509.9078   47   12 91832.0000 46937.5636  48.9%   5.9  318s
 119183 69906 47191.7559   37   20 91832.0000 46943.7913  48.9%   5.9  325s
 121365 71217 47327.2410   38   17 91832.0000 46950.5264  48.9%   5.9  331s
 123972 72492 48715.8397   58    4 91832.0000 46951.2580  48.9%   5.9  338s
 126737 74293 47144.2332   37   18 91832.0000 46956.8373  48.9%   5.9  346s
 129620 74601 48464.8842   61    2 91832.0000 46964.8451  48.9%   5.9  353s
 131113 75760 48760.1494   61    1 91832.0000 46964.9651  48.9%   5.9  360s
 133070 77314 47325.3606   36   17 91832.0000 46968.5116  48.9%   5.9  369s
 134501 77059 51871.0000   75    - 91832.0000 46968.7428  48.9%   5.9  370s
 135870 78936 47385.0207   39   16 91832.0000 46974.1459  48.8%   5.9  377s
 138853 80373 47600.8571   43   18 91832.0000 46977.8069  48.8%   5.9  385s
 141912 82671 47833.6721   48   11 91832.0000 46982.0373  48.8%   5.9  393s
 144170 83212 47700.8175   43   12 91832.0000 46982.0373  48.8%   5.9  400s
 144554 84845 47824.5522   44   12 91832.0000 46982.6605  48.8%   5.9  409s
 147009 87211 47988.9314   46    4 91832.0000 46983.9089  48.8%   5.9  417s
 149579 89283 47363.5861   40   14 91832.0000 46990.1477  48.8%   6.0  425s
 152001 91688 47406.9984   38   16 91832.0000 46995.0157  48.8%   5.9  433s
 154683 94045 48041.1755   50    8 91832.0000 46997.4086  48.8%   6.0  442s
 157482 95963 48223.9826   55    3 91832.0000 46999.5982  48.8%   6.0  452s
 159738 97996 51366.0000   83    - 91832.0000 47003.6549  48.8%   6.0  460s
 161993 100253 48251.9188   54    4 91832.0000 47004.9587  48.8%   6.0  469s
 164751 102473 48046.3559   51    9 91832.0000 47010.0869  48.8%   6.0  479s
 166525 102716 47408.3325   39   19 91832.0000 47010.0869  48.8%   6.0  480s
 167284 105031 47682.6381   44   14 91832.0000 47012.7874  48.8%   6.0  487s
 170194 107447 47270.8120   35   18 91832.0000 47016.7782  48.8%   6.0  496s
 172989 109831 47871.9526   46   17 91832.0000 47019.7719  48.8%   6.0  505s
 175679 112092 47339.3705   39   17 91832.0000 47022.9370  48.8%   6.0  514s
 178340 113255 47738.7201   43   19 91832.0000 47026.0960  48.8%   6.0  524s
 179407 114962 47892.5387   44   13 91832.0000 47026.0960  48.8%   6.0  532s
 181588 117008 47986.6351   45   12 91832.0000 47026.4864  48.8%   6.0  542s
 183947 119051 48142.6759   46    9 91832.0000 47029.7871  48.8%   6.0  551s
 186305 119459 49805.7656   58    1 91832.0000 47035.3583  48.8%   6.0  559s
 186445 120736 47482.3866   40   15 91832.0000 47035.3583  48.8%   6.0  569s
 186840 120779 47615.5669   44   10 91832.0000 47035.4602  48.8%   6.0  570s
 188132 122382 50275.7061   79    1 91832.0000 47035.4602  48.8%   6.0  579s
 189359 122555 47459.2307   39   18 91832.0000 47036.1414  48.8%   6.0  580s
 190232 124430 47943.5219   55    7 91832.0000 47037.6937  48.8%   6.0  590s
 192655 126375 47423.8638   40   19 91832.0000 47040.5575  48.8%   6.1  600s

Cutting planes:
  Gomory: 4
  Cover: 1
  MIR: 2
  Zero half: 1

Explored 194739 nodes (1178923 simplex iterations) in 602.04 seconds (182.03 work units)
Thread count was 32 (of 32 available processors)

Solution count 10: 91832 95477 101690 ... 160089

Time limit reached
Best objective 9.183200000000e+04, best bound 4.704531196038e+04, gap 48.7702%

User-callback calls 404638, time in user-callback 93.15 sec
