
Gurobi 13.0.2 (win64) logging started Thu Jul 16 20:13:46 2026

Set parameter LogFile to value "logs/kstar_nI40_nJ20_nK100_nL10_tI5_tJ5_s2_m1_exact_s0_20260716-201346.gurobi.log"
Set parameter Seed to value 0
Set parameter TimeLimit to value 599.9633628
Set parameter MIPGap to value 0
Set parameter MIPGapAbs to value 0.5
Set parameter Cutoff to value 1e+100
Gurobi Optimizer version 13.0.2 build v13.0.2rc1 (win64 - Windows 11+.0 (26200.2))

CPU model: Intel(R) Core(TM) i9-14900HX, instruction set [SSE2|AVX|AVX2]
Thread count: 24 physical cores, 32 logical processors, using up to 32 threads

Non-default parameters:
TimeLimit  599.9633628
MIPGap  0
MIPGapAbs  0.5
PreCrush  1
LazyConstraints  1

Optimize a model with 20 rows, 70 columns and 600 nonzeros (Min)
Model fingerprint: 0xcaacccb8
Model has 70 linear objective coefficients
Variable types: 10 continuous, 60 integer (60 binary)
Coefficient statistics:
  Matrix range     [4e+00, 1e+03]
  Objective range  [1e+00, 5e+02]
  Bounds range     [1e+00, 1e+04]
  RHS range        [1e+03, 1e+03]

Using branch priorities.
Presolve removed 18 rows and 0 columns
Presolve time: 0.00s
Presolved: 2 rows, 70 columns, 60 nonzeros
Variable types: 10 continuous, 60 integer (60 binary)

Root relaxation: objective 9.626216e+04, 5 iterations, 0.00 seconds (0.00 work units)

    Nodes    |    Current Node    |     Objective Bounds      |     Work
 Expl Unexpl |  Obj  Depth IntInf | Incumbent    BestBd   Gap | It/Node Time

     0     0 96262.1602    0    3          - 96262.1602      -     -    0s
H    0     0                    430329.00000 96262.1602  77.6%     -    0s
H    0     0                    392539.00000 96262.1602  75.5%     -    0s
H    0     0                    371033.00000 96262.1602  74.1%     -    0s
H    0     0                    369451.00000 96262.1602  73.9%     -    0s
H    0     0                    354069.00000 96262.1602  72.8%     -    0s
     0     0 96471.1808    0    6 354069.000 96471.1808  72.8%     -    0s
     0     0 96621.8942    0    8 354069.000 96621.8942  72.7%     -    0s
H    0     0                    350489.00000 96621.8942  72.4%     -    0s
H    0     0                    345604.00000 96622.0621  72.0%     -    0s
H    0     0                    287580.00000 96622.0621  66.4%     -    0s
     0     0 96678.0053    0   10 287580.000 96678.0053  66.4%     -    0s
     0     0 96678.4403    0   10 287580.000 96678.4403  66.4%     -    0s
     0     2 96830.0160    0   11 287580.000 96830.0160  66.3%     -    0s
H 3370  2846                    212590.00000 97080.6108  54.3%   2.8    3s
H 3375  2706                    199041.00000 97117.8376  51.2%   2.8    4s
  3381  2710 99789.6958   40   20 199041.000 97117.8376  51.2%   2.7    5s
H 3383  2575                    192027.00000 97117.8376  49.4%   2.7    5s
H 3383  2446                    190242.00000 97117.8376  49.0%   2.7    5s
H 3384  2449                    187896.00000 97117.8376  48.3%   2.8    5s
  5027  3469 102553.116   34    1 187896.000 97400.2063  48.2%   4.0   10s
* 7315  4513              68    176802.00000 97528.0236  44.8%   3.9   14s
  7867  4792 147162.000   60    - 176802.000 97603.0874  44.8%   3.9   15s
* 8528  4912              68    175125.00000 97623.5289  44.3%   4.0   16s
 10179  5899 98381.1758   25   12 175125.000 97794.0422  44.2%   4.0   20s
 11926  7339 100726.046   37    6 175125.000 97872.6057  44.1%   4.0   25s
*12130  7353              70    171795.00000 97872.6057  43.0%   4.0   25s
 13641  8860 100048.731   38    2 171795.000 97891.7791  43.0%   4.0   30s
 15852 10635 100392.088   44    1 171795.000 97927.2080  43.0%   4.0   35s
 18006 12189 98963.2081   36   10 171795.000 97966.1920  43.0%   4.0   40s
 20297 14498 98708.7422   18   19 171795.000 97966.1920  43.0%   4.0   45s
 22266 15940 98619.5014   21   17 171795.000 98038.5597  42.9%   4.0   50s
 23880 17385 98701.1975   25   14 171795.000 98047.3961  42.9%   4.0   56s
 25719 18548 98864.5127   28   13 171795.000 98073.7028  42.9%   4.0   61s
 26517 19584 99255.6524   31   12 171795.000 98073.7028  42.9%   4.0   66s
 27795 20921 99379.3846   33    9 171795.000 98126.9714  42.9%   4.0   70s
 29701 21997 99533.1219   35    8 171795.000 98129.1269  42.9%   4.0   75s
 30756 23430 108004.000   59    - 171795.000 98148.6753  42.9%   4.0   81s
 31906 24179 99590.3302   23   11 171795.000 98154.7008  42.9%   4.0   85s
 33993 26365 100088.808   49    1 171795.000 98172.3029  42.9%   4.0   91s
 35502 27391 101168.317   30    7 171795.000 98204.5302  42.8%   4.0   96s
 37530 28759 101710.623   27   12 171795.000 98218.1337  42.8%   4.0  100s
 40419 31178 100680.344   26    7 171795.000 98230.9500  42.8%   4.0  108s
 41906 32608 99264.5419   22   14 171795.000 98244.4037  42.8%   4.0  112s
 43524 32884 99201.1415   36   10 171795.000 98274.0910  42.8%   4.0  125s
 43527 32886 100698.565   39   27 171795.000 98274.0910  42.8%   4.0  130s
H43531 31244                    160470.00000 98274.0910  38.8%   4.0  136s
H43531 29682                    155830.00000 98274.0910  36.9%   4.0  136s
 43536 29685 99920.9151   31   33 155830.000 98274.0910  36.9%   4.0  140s
H43537 28201                    153625.00000 98274.0910  36.0%   4.0  144s
H43537 26791                    150796.00000 98274.0910  34.8%   4.0  144s
H43538 26791                    150552.00000 98274.0910  34.7%   4.0  144s
 43539 26792 101611.894   36   32 150552.000 98274.0910  34.7%   4.0  146s
 43541 26793 99001.5594   26   32 150552.000 98274.0910  34.7%   4.0  150s
 43545 26799 98274.0910   22   25 150552.000 98274.0910  34.7%   4.0  155s
 43607 26870 101036.910   27   13 150552.000 98544.3770  34.5%   4.1  160s
 43849 27140 102883.704   31    9 150552.000 98566.3003  34.5%   4.2  165s
 44290 27373 103643.353   34    9 150552.000 98566.3003  34.5%   4.3  170s
 44807 27621 104613.978   41    3 150552.000 98566.3003  34.5%   4.3  175s
 45675 28205 109690.215   51    4 150552.000 98692.9639  34.4%   4.3  180s
 46795 28775 118895.630   62    3 150552.000 98844.5925  34.3%   4.3  185s
 47575 29243 113689.000   70    - 150552.000 98891.3197  34.3%   4.4  190s
 48856 29920 110509.233   77    1 150552.000 98957.5569  34.3%   4.4  196s
 49694 30481 99798.1179   31   17 150552.000 99002.6852  34.2%   4.5  200s
 51481 31086 102710.844   45    6 150552.000 99022.4678  34.2%   4.5  205s
 52207 31743 105551.924   53    1 150552.000 99090.3451  34.2%   4.5  210s
 53409 31973 99687.0330   36   17 150552.000 99142.3999  34.1%   4.5  215s
 54177 32723 100246.949   38   14 150552.000 99170.9750  34.1%   4.5  221s
 55270 33385 100622.385   40   11 150552.000 99174.8198  34.1%   4.6  226s
 56596 33612 101402.712   42    8 150552.000 99202.7588  34.1%   4.6  232s
 56638 33814 101473.371   43    6 150552.000 99206.3800  34.1%   4.6  235s
 57581 34716 108265.941   76    1 150552.000 99242.8206  34.1%   4.6  242s
 58480 35247 100472.423   50    6 150552.000 99251.7719  34.1%   4.6  246s
 59495 35658 100230.513   40   13 150552.000 99274.3058  34.1%   4.6  250s
 61441 36879 100019.329   45   11 150552.000 99316.7128  34.0%   4.7  258s
 62804 37498 103475.000   61    - 150552.000 99324.0766  34.0%   4.7  263s
 64007 38011 100183.494   34   17 150552.000 99332.4302  34.0%   4.7  268s
 65264 38950 99650.2789   34   19 150552.000 99370.2733  34.0%   4.7  271s
 66517 39461 100493.064   43    9 150552.000 99380.5945  34.0%   4.8  275s
 68067 40243 99702.9343   36   17 150552.000 99380.5945  34.0%   4.8  280s
 69569 40364 101680.687   53    6 150552.000 99413.4646  34.0%   4.8  285s
 70169 40849 99802.9001   33   14 150552.000 99413.4646  34.0%   4.8  290s
 71038 41709 103281.486   73    3 150552.000 99416.2168  34.0%   4.8  295s
 72525 42532 99674.2832   33   13 150552.000 99441.1270  33.9%   4.8  300s
 74021 43233 103051.475   54    1 150552.000 99446.9731  33.9%   4.8  306s
 75509 44132 102355.511   56    1 150552.000 99474.8807  33.9%   4.8  313s
 77154 44659 101949.791   68    1 150552.000 99488.0488  33.9%   4.8  319s
 78319 45844 101636.697   50    8 150552.000 99488.0488  33.9%   4.8  325s
 80218 46752 106042.707   63    1 150552.000 99511.1651  33.9%   4.8  332s
 82321 47678 100491.821   35   16 150552.000 99522.5803  33.9%   4.8  340s
 84155 48794 102410.000   51    - 150552.000 99548.2162  33.9%   4.8  348s
 86421 50122 104200.531   77    1 150552.000 99560.3545  33.9%   4.8  357s
 88898 51221 100438.579   47   12 150552.000 99573.3230  33.9%   4.8  366s
 91187 52197 100110.876   37   15 150552.000 99591.7603  33.8%   4.8  373s
 93150 52844 101408.966   64    2 150552.000 99592.9328  33.8%   4.8  382s
 94794 54233 102292.444   59    3 150552.000 99612.1597  33.8%   4.8  390s
 97087 55136 101582.782   33   10 150552.000 99622.8545  33.8%   4.8  400s
 99472 56374 102990.087   43    9 150552.000 99631.8193  33.8%   4.8  410s
 101860 57230 100567.603   37   11 150552.000 99650.6451  33.8%   4.8  420s
 103886 58563 108396.000   64    - 150552.000 99662.0085  33.8%   4.8  430s
 106471 58418 101601.448   42    6 150552.000 99672.0521  33.8%   4.8  440s
 106849 58432 104555.039   67    2 150552.000 99672.0521  33.8%   4.8  449s
 106982 59346 101018.274   38   10 150552.000 99676.5313  33.8%   4.8  459s
 107870 59218 102045.321   39   17 150552.000 99676.9253  33.8%   4.8  460s
 108390 60251 102127.988   57    1 150552.000 99678.1906  33.8%   4.9  472s
 110344 61758 102433.807   41    8 150552.000 99683.7195  33.8%   4.9  487s
 112899 63011 100472.026   33   18 150552.000 99695.4352  33.8%   4.9  500s
 115592 64467 102053.352   40   11 150552.000 99711.1481  33.8%   4.9  520s
 118210 65669 101325.585   41   11 150552.000 99725.2598  33.8%   4.9  533s
 120930 66997 102096.032   34   15 150552.000 99739.3351  33.8%   4.9  548s
 123734 68775 101741.061   44    9 150552.000 99751.0256  33.7%   4.9  564s
 124146 68774 101094.233   34   14 150552.000 99755.8521  33.7%   4.9  565s
 126848 70689 101437.764   36   20 150552.000 99762.0262  33.7%   5.0  580s
 128842 72573 101958.854   41    9 150552.000 99777.6302  33.7%   5.0  595s
 131714 73430 101146.064   37   15 150552.000 99784.3176  33.7%   5.0  600s

Cutting planes:
  Gomory: 4
  MIR: 3
  Flow cover: 10

Explored 131982 nodes (657387 simplex iterations) in 600.81 seconds (170.79 work units)
Thread count was 32 (of 32 available processors)

Solution count 10: 150552 150796 153625 ... 190242

Time limit reached
Best objective 1.505520000000e+05, best bound 9.978431759299e+04, gap 33.7210%

User-callback calls 298511, time in user-callback 78.46 sec
