
Gurobi 13.0.2 (win64) logging started Thu Jul 16 11:11:21 2026

Set parameter LogFile to value "logs/kstar_nI20_nJ40_nK50_nL10_tI4_tJ4_s3_m1_exact_s0_20260716-111121.gurobi.log"
Set parameter Seed to value 0
Set parameter TimeLimit to value 599.965308
Set parameter MIPGap to value 0
Set parameter MIPGapAbs to value 0.5
Set parameter Cutoff to value 1e+100
Gurobi Optimizer version 13.0.2 build v13.0.2rc1 (win64 - Windows 11+.0 (26200.2))

CPU model: Intel(R) Core(TM) i9-14900HX, instruction set [SSE2|AVX|AVX2]
Thread count: 24 physical cores, 32 logical processors, using up to 32 threads

Non-default parameters:
TimeLimit  599.965308
MIPGap  0
MIPGapAbs  0.5
PreCrush  1
LazyConstraints  1

Optimize a model with 20 rows, 70 columns and 600 nonzeros (Min)
Model fingerprint: 0xc46b10fc
Model has 70 linear objective coefficients
Variable types: 10 continuous, 60 integer (60 binary)
Coefficient statistics:
  Matrix range     [6e+00, 7e+02]
  Objective range  [1e+00, 5e+02]
  Bounds range     [1e+00, 5e+03]
  RHS range        [6e+02, 7e+02]

Using branch priorities.
Presolve removed 16 rows and 0 columns
Presolve time: 0.02s
Presolved: 4 rows, 70 columns, 100 nonzeros
Variable types: 10 continuous, 60 integer (60 binary)

Root relaxation: objective 4.118367e+04, 6 iterations, 0.00 seconds (0.00 work units)

    Nodes    |    Current Node    |     Objective Bounds      |     Work
 Expl Unexpl |  Obj  Depth IntInf | Incumbent    BestBd   Gap | It/Node Time

     0     0 41183.6711    0    2          - 41183.6711      -     -    0s
H    0     0                    259812.00000 41183.6711  84.1%     -    0s
H    0     0                    242900.00000 41183.6711  83.0%     -    0s
H    0     0                    231221.00000 41183.6711  82.2%     -    0s
H    0     0                    227462.00000 41183.6711  81.9%     -    0s
H    0     0                    212945.00000 41183.6711  80.7%     -    0s
     0     0 41259.1334    0    4 212945.000 41259.1334  80.6%     -    0s
     0     0 41309.5477    0    7 212945.000 41309.5477  80.6%     -    0s
H    0     0                    209688.00000 41309.5477  80.3%     -    0s
H    0     0                    174806.00000 41310.9734  76.4%     -    0s
     0     0 41317.5539    0    5 174806.000 41317.5539  76.4%     -    0s
     0     0 41323.2144    0    5 174806.000 41323.2144  76.4%     -    0s
H    0     0                    164612.00000 41323.2144  74.9%     -    0s
     0     2 41469.5616    0   14 164612.000 41469.5616  74.8%     -    0s
  3618  3227 42704.9978   51   21 164612.000 41645.8423  74.7%   3.3    5s
H 3618  3065                    134253.00000 41700.7524  68.9%   3.3    5s
H 3621  2914                    129301.00000 41700.7524  67.7%   3.3    5s
H 3631  2774                    122569.00000 41713.2296  66.0%   3.3    7s
H 3631  2635                    122479.00000 41713.2296  65.9%   3.3    7s
H 3632  2637                    121532.00000 41713.2296  65.7%   3.3    7s
  4090  3021 42281.1484   24   15 121532.000 41817.0487  65.6%   4.9   10s
  5234  3736 43188.2151   38    4 121532.000 41875.6702  65.5%   5.5   15s
  7885  5204 42967.1234   39    7 121532.000 41918.7615  65.5%   5.4   20s
 10290  6566 43399.7878   55    3 121532.000 41950.8872  65.5%   5.5   25s
 11932  7549 43158.3708   36   10 121532.000 42024.8120  65.4%   5.5   30s
 14510  9824 42620.1999   30   11 121532.000 42032.6053  65.4%   5.5   35s
 17175 12014 42853.8068   24   10 121532.000 42083.2113  65.4%   5.6   40s
 18722 13384 43006.5856   39    2 121532.000 42083.2113  65.4%   5.7   45s
 20887 14840 42593.8763   27   13 121532.000 42104.4195  65.4%   5.6   50s
 23021 16854 42776.5549   25   11 121532.000 42114.6346  65.3%   5.5   56s
 25467 18551 43386.3090   41   10 121532.000 42134.0545  65.3%   5.6   60s
 25871 19085 43056.9254   37    8 121532.000 42134.0545  65.3%   5.6   65s
 26951 19994 49155.4185   62    1 121532.000 42139.2899  65.3%   5.6   72s
 27327 20219 43488.1631   38    7 121532.000 42139.2899  65.3%   5.7   77s
 27803 20634 43522.9999   40    6 121532.000 42140.2894  65.3%   5.7   82s
 28247 21165 43601.3969   42    4 121532.000 42142.5864  65.3%   5.7   86s
 29083 22005 43819.3520   44    6 121532.000 42170.6860  65.3%   5.7   93s
 29679 22765 43830.9788   45    8 121532.000 42170.6860  65.3%   5.7   96s
 30687 23571 42905.4638   31   14 121532.000 42174.6308  65.3%   5.7  100s
 32491 24768 43963.1123   53    3 121532.000 42188.4013  65.3%   5.7  105s
 33982 26875 42587.7320   29   12 121532.000 42191.2857  65.3%   5.8  113s
 35893 28562 49177.2503   66    1 121532.000 42191.2857  65.3%   5.7  118s
 37725 30293 43116.4110   29    9 121532.000 42203.2014  65.3%   5.7  124s
 39614 31754 42847.0206   26   17 121532.000 42220.8185  65.3%   5.8  128s
 41290 33435 42891.7992   30   14 121532.000 42222.6956  65.3%   5.8  133s
 43273 35157 42927.2966   32   15 121532.000 42222.6956  65.3%   5.9  138s
 45308 37055 43371.0594   42   12 121532.000 42244.3511  65.2%   5.9  143s
 47472 38808 42893.6837   28   17 121532.000 42252.9942  65.2%   5.9  148s
 49471 40489 42793.9312   29   16 121532.000 42259.8205  65.2%   5.9  153s
 51363 42351 42591.3187   27   18 121532.000 42259.9020  65.2%   6.0  159s
 51994 42431 43219.7491   40    8 121532.000 42265.7896  65.2%   6.0  160s
 53483 44333 42959.4522   24   17 121532.000 42271.4691  65.2%   6.0  165s
 55908 46132 43051.3295   31   16 121532.000 42277.7928  65.2%   6.0  171s
 57808 47852 42753.9075   24   19 121532.000 42285.3344  65.2%   6.0  179s
 59425 48053 43883.2478   63    2 121532.000 42285.4975  65.2%   6.0  180s
 59783 49655 42500.7077   22   20 121532.000 42290.6546  65.2%   6.0  185s
 61947 51297 43558.9956   43    8 121532.000 42291.0173  65.2%   6.0  192s
 64115 52980 43881.0931   38    4 121532.000 42303.1912  65.2%   6.1  199s
 66488 53532 42735.5368   30    5 121532.000 42303.5419  65.2%   6.0  213s
H66489 50856                    120015.00000 42303.5419  64.8%   6.0  215s
 66491 50857 43821.0000   57   27 120015.000 42303.5419  64.8%   6.0  220s
 66495 50860 44305.0000   62   30 120015.000 42303.5419  64.8%   6.0  226s
H66495 48317                    101395.00000 42303.5419  58.3%   6.0  229s
 66497 48318 43039.8097   33   31 101395.000 42303.5419  58.3%   6.0  232s
 66498 48319 43320.9017   38   30 101395.000 42303.5419  58.3%   6.0  235s
 66500 48320 43504.5917   44   30 101395.000 42303.5419  58.3%   6.0  240s
 66502 48321 43085.5184   33   30 101395.000 42303.5419  58.3%   6.0  245s
 66511 48336 42303.5419   23   26 101395.000 42303.5419  58.3%   6.1  250s
 66535 48376 42303.5419   25   25 101395.000 42303.5419  58.3%   6.1  255s
 66599 48478 42303.5419   27   25 101395.000 42303.5419  58.3%   6.1  260s
 66811 48675 42303.5419   29   22 101395.000 42303.5419  58.3%   6.2  265s
 66990 48684 42435.0636   30   23 101395.000 42303.5419  58.3%   6.3  272s
 67026 48783 42375.9566   31   23 101395.000 42303.5419  58.3%   6.3  275s
 67517 49085 42728.5264   34   17 101395.000 42303.5419  58.3%   6.3  281s
 67878 49325 42833.3454   37   17 101395.000 42303.5419  58.3%   6.4  286s
 68315 49634 43053.4947   40   14 101395.000 42303.5419  58.3%   6.4  290s
 69018 49886 43554.0024   45    9 101395.000 42303.5419  58.3%   6.4  295s
 69303 50051 43505.9585   46    9 101395.000 42303.5419  58.3%   6.4  301s
 69613 50273 43581.5034   47    8 101395.000 42303.5419  58.3%   6.4  307s
 70007 50681 43546.6735   48    7 101395.000 42303.5419  58.3%   6.5  312s
 70396 50887 43551.6202   49    7 101395.000 42303.5419  58.3%   6.5  315s
 71196 51137 43070.7431   41   16 101395.000 42303.5419  58.3%   6.5  320s
 72086 51961 44233.9428   60    2 101395.000 42303.5419  58.3%   6.5  327s
 72875 52454 42450.3001   31   27 101395.000 42303.5419  58.3%   6.5  331s
 73617 52651 42743.0455   37   24 101395.000 42303.5419  58.3%   6.6  336s
 74228 53235 43094.9752   44   17 101395.000 42317.3956  58.3%   6.6  340s
 76012 53569 42878.3359   39   15 101395.000 42322.2012  58.3%   6.6  349s
 76014 53569 42774.8386   33   25 101395.000 42322.2012  58.3%   6.6  350s
 76044 53883 42881.3895   40   16 101395.000 42322.2012  58.3%   6.6  356s
 76448 54178 42975.5816   41   16 101395.000 42322.2012  58.3%   6.6  362s
 77082 54783 43117.4438   42   15 101395.000 42322.2012  58.3%   6.7  369s
 78232 55241 43175.3019   43   14 101395.000 42322.2012  58.3%   6.7  373s
 78958 55865 42664.7684   32   23 101395.000 42399.8541  58.2%   6.8  379s
 80272 55709 42578.1397   32   22 101395.000 42399.8541  58.2%   6.8  387s
 80306 56387 42634.8301   33   21 101395.000 42399.8541  58.2%   6.8  396s
 81369 57253 42816.8481   34   19 101395.000 42399.8541  58.2%   6.8  403s
 82725 57968 42891.0328   35   19 101395.000 42399.8541  58.2%   6.8  411s
 84148 58834 42941.8293   36   15 101395.000 42440.3426  58.1%   6.8  417s
 85652 59688 42886.9980   38   16 101395.000 42454.4671  58.1%   6.9  424s
 87621 60649 43004.9326   34   15 101395.000 42467.8743  58.1%   6.9  431s
 89258 61770 42852.5125   35   22 101395.000 42495.0153  58.1%   6.9  438s
 91127 62664 42770.0754   36   21 101395.000 42512.3667  58.1%   6.9  445s
 92836 62338 43049.2012   41   15 101395.000 42525.6579  58.1%   7.0  452s
 92881 62355 43096.1824   42   19 101395.000 42525.6579  58.1%   7.0  461s
 92913 62835 43069.3810   42   15 101395.000 42525.6579  58.1%   7.0  469s
 93475 63225 42951.0264   37   16 101395.000 42525.6579  58.1%   7.0  477s
 94139 63517 42680.3080   31   22 101395.000 42525.6579  58.1%   7.1  486s
 94821 64246 43917.5727   45    6 101395.000 42525.6579  58.1%   7.1  495s
 95982 65020 43585.7106   43   14 101395.000 42528.5680  58.1%   7.1  505s
 97265 65820 43439.3249   54   12 101395.000 42533.3503  58.1%   7.1  516s
 98732 66956 42899.9645   31   19 101395.000 42551.8459  58.0%   7.1  527s
 100525 68009 43211.6855   37   19 101395.000 42551.8459  58.0%   7.1  539s
 102351 69490 44502.4637   67    2 101395.000 42555.1147  58.0%   7.2  550s
 104963 70964 42881.7180   39   19 101395.000 42568.7654  58.0%   7.2  562s
 107698 72226 43816.1939   48   13 101395.000 42584.9406  58.0%   7.2  576s
 110236 73819 43197.8231   39   15 101395.000 42595.2364  58.0%   7.3  589s
 112029 73457 43743.5368   56   10 101395.000 42597.1411  58.0%   7.3  590s
 113042 74902 42967.3071   41   21 101395.000 42603.1412  58.0%   7.3  600s

Cutting planes:
  Cover: 1
  MIR: 22
  Flow cover: 1

Explored 115217 nodes (839553 simplex iterations) in 602.18 seconds (302.30 work units)
Thread count was 32 (of 32 available processors)

Solution count 10: 101395 120015 121532 ... 231221

Time limit reached
Best objective 1.013950000000e+05, best bound 4.260538192625e+04, gap 57.9808%

User-callback calls 255039, time in user-callback 72.05 sec
