
Gurobi 13.0.2 (win64) logging started Fri Jul 17 12:28:29 2026

Set parameter LogFile to value "logs/kstar_nI40_nJ40_nK100_nL10_tI4_tJ4_s4_m1_exact_s0_20260717-122829.gurobi.log"
Set parameter Seed to value 0
Set parameter TimeLimit to value 599.9339359
Set parameter MIPGap to value 0
Set parameter MIPGapAbs to value 0.5
Set parameter Cutoff to value 1e+100
Gurobi Optimizer version 13.0.2 build v13.0.2rc1 (win64 - Windows 11+.0 (26200.2))

CPU model: Intel(R) Core(TM) i9-14900HX, instruction set [SSE2|AVX|AVX2]
Thread count: 24 physical cores, 32 logical processors, using up to 32 threads

Non-default parameters:
TimeLimit  599.9339359
MIPGap  0
MIPGapAbs  0.5
PreCrush  1
LazyConstraints  1

Optimize a model with 20 rows, 90 columns and 800 nonzeros (Min)
Model fingerprint: 0x105f741a
Model has 90 linear objective coefficients
Variable types: 10 continuous, 80 integer (80 binary)
Coefficient statistics:
  Matrix range     [6e+00, 1e+03]
  Objective range  [1e+00, 5e+02]
  Bounds range     [1e+00, 8e+03]
  RHS range        [1e+03, 1e+03]

Using branch priorities.
Presolve removed 15 rows and 0 columns
Presolve time: 0.00s
Presolved: 5 rows, 90 columns, 200 nonzeros
Variable types: 10 continuous, 80 integer (80 binary)

Root relaxation: objective 6.858272e+04, 4 iterations, 0.00 seconds (0.00 work units)

    Nodes    |    Current Node    |     Objective Bounds      |     Work
 Expl Unexpl |  Obj  Depth IntInf | Incumbent    BestBd   Gap | It/Node Time

     0     0 68582.7172    0    2          - 68582.7172      -     -    0s
H    0     0                    456366.00000 68582.7172  85.0%     -    0s
H    0     0                    433636.00000 68582.7172  84.2%     -    0s
H    0     0                    394653.00000 68582.7172  82.6%     -    0s
H    0     0                    376891.00000 68582.7172  81.8%     -    0s
     0     0 68689.9696    0    6 376891.000 68689.9696  81.8%     -    0s
     0     0 68695.9124    0    6 376891.000 68695.9124  81.8%     -    0s
H    0     0                    366483.00000 68695.9124  81.3%     -    0s
H    0     0                    328156.00000 68696.8243  79.1%     -    0s
H    0     0                    294656.00000 68700.0191  76.7%     -    0s
     0     2 68820.0237    0    9 294656.000 68820.0237  76.6%     -    0s
  2244  2505 69591.1832   28    1 294656.000 68862.6888  76.6%   2.6    5s
H 3241  2911                    284305.00000 69004.7544  75.7%   2.5    8s
H 3241  2765                    256521.00000 69004.7544  73.1%   2.5    8s
  3254  2774 69391.7043   23   18 256521.000 69020.4033  73.1%   2.5   10s
  3620  3129 69378.4750   22   16 256521.000 69087.5873  73.1%   3.7   15s
  4286  3531 69634.3621   23    9 256521.000 69087.5873  73.1%   4.4   20s
  5106  4131 70008.6698   35    4 256521.000 69087.5873  73.1%   4.4   25s
  6561  5018 73013.9714   57    1 256521.000 69120.5287  73.1%   4.2   30s
  7863  5690 87605.0000   80    - 256521.000 69160.4264  73.0%   4.2   35s
  9264  6444 70684.6650   55    1 256521.000 69185.3765  73.0%   4.0   40s
 10766  7107 69643.5042   26   11 256521.000 69201.7244  73.0%   4.0   45s
 12345  8319 69423.6160   22   18 256521.000 69227.7551  73.0%   3.9   50s
 14070  9574 86655.0000   88    - 256521.000 69233.0469  73.0%   3.8   55s
 15664 11235 69903.2072   37   10 256521.000 69264.9970  73.0%   3.8   60s
 16387 11525 70779.2722   55    3 256521.000 69264.9970  73.0%   3.8   65s
 16716 11810 70891.1097   58    3 256521.000 69264.9970  73.0%   3.9   70s
 17033 12313 71489.4258   63    2 256521.000 69264.9970  73.0%   3.9   75s
 17431 12442 69690.2503   23   19 256521.000 69264.9970  73.0%   3.9   80s
 18091 13468 72204.0750   68    2 256521.000 69264.9970  73.0%   3.9   86s
 19252 14698 69710.9671   24   12 256521.000 69264.9970  73.0%   3.9   90s
 20675 15870 70671.1658   66    2 256521.000 69264.9970  73.0%   3.9   96s
 22323 17295 70138.2807   29   11 256521.000 69290.1402  73.0%   3.9  101s
 24423 19018 69692.3946   21   17 256521.000 69318.1504  73.0%   3.9  106s
 26323 20908 69614.9941   22   19 256521.000 69333.5401  73.0%   3.9  111s
 28713 22841 69672.1900   20   16 256521.000 69343.3492  73.0%   3.9  116s
 29971 24261 70442.5164   48    3 256521.000 69343.3492  73.0%   3.9  120s
 32126 25398 70011.3585   34    6 256521.000 69343.3492  73.0%   3.9  125s
 34219 28053 71026.7398   78    1 256521.000 69343.3492  73.0%   3.9  132s
 36088 29847 69813.0603   27   15 256521.000 69363.4462  73.0%   3.9  136s
 38067 31518 69716.1912   25   16 256521.000 69363.4462  73.0%   3.9  141s
 40110 31883 69599.1096   21   15 256521.000 69404.4413  72.9%   3.9  146s
 40163 31885 70884.0000   37    6 256521.000 69409.5590  72.9%   3.9  160s
 40166 31887 70338.3482   62   26 256521.000 69409.5590  72.9%   3.9  165s
 40168 31888 70557.2447   46   25 256521.000 69409.5590  72.9%   3.9  170s
 40172 31891 70479.9202   41   29 256521.000 69409.5590  72.9%   3.9  176s
H40172 30296                    253184.00000 69409.5590  72.6%   3.9  179s
H40172 28781                    222788.00000 69409.5590  68.8%   3.9  179s
 40175 28783 72475.0973   66   28 222788.000 69409.5590  68.8%   3.9  180s
 40177 28784 70241.0000   71   28 222788.000 69409.5590  68.8%   3.9  185s
 40180 28786 70211.4843   43   30 222788.000 69409.5590  68.8%   3.9  191s
 40182 28788 70179.7541   34   30 222788.000 69409.5590  68.8%   3.9  197s
 40183 28788 72380.0000   77   30 222788.000 69409.5590  68.8%   3.9  200s
 40185 28790 72188.4936   76   28 222788.000 69409.5590  68.8%   3.9  205s
H40185 27350                    197752.00000 69409.5590  64.9%   3.9  206s
 40206 27376 69409.5590   27   26 197752.000 69409.5590  64.9%   3.9  210s
 40281 27552 69409.5590   30   25 197752.000 69409.5590  64.9%   4.0  215s
 40450 27567 69468.2661   31   22 197752.000 69409.5590  64.9%   4.1  221s
 40620 27750 69508.5769   32   21 197752.000 69409.5590  64.9%   4.1  226s
 40844 27852 69608.3960   33   19 197752.000 69409.5590  64.9%   4.2  231s
 41056 27987 69633.2539   35   17 197752.000 69409.5590  64.9%   4.2  236s
 41346 28259 69783.6095   36   19 197752.000 69409.5590  64.9%   4.2  241s
 41689 28435 69787.3941   39   19 197752.000 69409.5590  64.9%   4.3  245s
 42193 28645 70033.6691   40   15 197752.000 69409.5590  64.9%   4.3  251s
 42345 28846 70061.0560   41   15 197752.000 69409.5590  64.9%   4.3  255s
 43004 29282 70235.3965   44   15 197752.000 69409.5590  64.9%   4.3  261s
 43521 29555 70271.3503   47   13 197752.000 69409.5590  64.9%   4.4  265s
 44359 30095 70700.9652   53    4 197752.000 69409.5590  64.9%   4.4  271s
 45002 30377 71240.9353   61    2 197752.000 69409.5590  64.9%   4.4  275s
 45719 30960 73628.4470   74    1 197752.000 69409.5590  64.9%   4.4  281s
 46248 31287 74884.3809   82    2 197752.000 69409.5590  64.9%   4.4  285s
 47491 31837 69667.4615   36   15 197752.000 69409.5590  64.9%   4.4  291s
 48059 32181 70416.3809   57    2 197752.000 69409.5590  64.9%   4.4  295s
 48641 32299 69836.0274   38   15 197752.000 69458.0380  64.9%   4.4  304s
 48986 32823 69845.1987   39   15 197752.000 69458.0380  64.9%   4.4  308s
 49678 33248 70878.6807   65    3 197752.000 69499.0733  64.9%   4.4  314s
 50500 33524 93751.0000  103    - 197752.000 69499.0733  64.9%   4.4  319s
 51068 34214 69888.3503   41   10 197752.000 69509.6043  64.9%   4.5  324s
 51439 34114 71913.6794   92    2 197752.000 69509.6043  64.9%   4.4  325s
 52145 34474 70704.3951   76    3 197752.000 69511.8256  64.8%   4.4  334s
 52254 34470 72658.8897   83    1 197752.000 69511.8256  64.8%   4.4  335s
 52986 34809 69621.2779   38   19 197752.000 69511.8256  64.8%   4.4  340s
 53597 34726 69897.5672   43   14 197752.000 69536.2591  64.8%   4.5  345s
 53635 35004 69948.9874   44    8 197752.000 69536.2591  64.8%   4.5  350s
 54011 35394 70847.2556   56    2 197752.000 69536.2591  64.8%   4.5  357s
 54645 35928 72017.0717   70    1 197752.000 69536.2591  64.8%   4.5  363s
 55572 36322 81038.0000   92    - 197752.000 69536.2591  64.8%   4.5  369s
 55685 36318 70211.0314   46    6 197752.000 69536.2591  64.8%   4.5  370s
 56407 36547 70237.2703   39    6 197752.000 69540.3516  64.8%   4.5  375s
 56997 37212 71445.0388   67    2 197752.000 69557.1405  64.8%   4.5  381s
 57951 37685 88770.0000   93    - 197752.000 69561.4648  64.8%   4.5  387s
 58983 37585 70323.9206   44   10 197752.000 69561.4648  64.8%   4.5  394s
 59021 37576 69920.8541   35   18 197752.000 69561.4648  64.8%   4.5  395s
 59104 37986 70435.6303   45    7 197752.000 69561.4648  64.8%   4.5  401s
 59732 38614 70495.5019   45    7 197752.000 69561.4648  64.8%   4.6  408s
 61080 39274 70558.5256   46    6 197752.000 69600.0927  64.8%   4.5  417s
 62489 40092 70459.2047   46    8 197752.000 69602.9188  64.8%   4.5  424s
 63873 40791 72424.2104   74    1 197752.000 69602.9478  64.8%   4.5  431s
 65073 41558 70098.5744   41    7 197752.000 69606.0829  64.8%   4.5  439s
 66464 42617 72146.0422   91    2 197752.000 69606.4622  64.8%   4.5  446s
 68307 42301 70004.1983   44   14 197752.000 69606.4622  64.8%   4.5  455s
 68399 43210 70058.0672   45   14 197752.000 69606.4622  64.8%   4.5  464s
 69529 43949 70069.8469   46   11 197752.000 69610.7699  64.8%   4.6  472s
 70872 44934 70167.8677   47   10 197752.000 69628.7102  64.8%   4.6  481s
 72572 45801 70264.3775   48    7 197752.000 69632.7524  64.8%   4.6  489s
 72924 45741 69843.2956   36   20 197752.000 69632.7524  64.8%   4.6  490s
 74325 45629 70349.5912   49   10 197752.000 69634.0536  64.8%   4.5  497s
 74515 46688 70391.7709   50    8 197752.000 69634.0536  64.8%   4.6  507s
 76121 47683 70200.1973   43    8 197752.000 69644.2690  64.8%   4.6  519s
 77496 47396 70264.0789   49    9 197752.000 69648.0265  64.8%   4.6  520s
 77818 48781 70893.6939   61    2 197752.000 69648.0265  64.8%   4.6  530s
 79720 49806 70088.4239   42   13 197752.000 69657.3523  64.8%   4.6  543s
 81677 50606 70426.7740   64    3 197752.000 69657.3523  64.8%   4.6  554s
 83110 50444 70994.5651   68    1 197752.000 69658.8639  64.8%   4.6  556s
 83774 51795 70170.1947   40   15 197752.000 69658.8639  64.8%   4.6  566s
 85801 52481 70135.7377   38    8 197752.000 69659.9886  64.8%   4.6  583s
 87249 52418 71465.8093   60    2 197752.000 69664.2351  64.8%   4.6  585s
 88583 54271 71573.4310   75    2 197752.000 69667.8200  64.8%   4.6  597s

Cutting planes:
  Gomory: 1
  Cover: 1
  MIR: 13
  StrongCG: 1
  Flow cover: 3

Explored 91178 nodes (419902 simplex iterations) in 601.23 seconds (258.26 work units)
Thread count was 32 (of 32 available processors)

Solution count 10: 197752 222788 253184 ... 433636

Time limit reached
Best objective 1.977520000000e+05, best bound 6.966885823287e+04, gap 64.7696%

User-callback calls 228179, time in user-callback 165.93 sec
