
Gurobi 13.0.2 (win64) logging started Fri Jul 17 19:24:31 2026

Set parameter LogFile to value "logs/kstar_nI40_nJ40_nK50_nL10_tI2_tJ2_s5_m1_exact_s0_20260717-192430.gurobi.log"
Set parameter Seed to value 0
Set parameter TimeLimit to value 599.9542539
Set parameter MIPGap to value 0
Set parameter MIPGapAbs to value 0.5
Set parameter Cutoff to value 1e+100
Gurobi Optimizer version 13.0.2 build v13.0.2rc1 (win64 - Windows 11+.0 (26200.2))

CPU model: Intel(R) Core(TM) i9-14900HX, instruction set [SSE2|AVX|AVX2]
Thread count: 24 physical cores, 32 logical processors, using up to 32 threads

Non-default parameters:
TimeLimit  599.9542539
MIPGap  0
MIPGapAbs  0.5
PreCrush  1
LazyConstraints  1

Optimize a model with 20 rows, 90 columns and 800 nonzeros (Min)
Model fingerprint: 0xa7aa90ac
Model has 90 linear objective coefficients
Variable types: 10 continuous, 80 integer (80 binary)
Coefficient statistics:
  Matrix range     [4e+00, 7e+02]
  Objective range  [1e+00, 5e+02]
  Bounds range     [1e+00, 4e+03]
  RHS range        [5e+02, 7e+02]

Using branch priorities.
Presolve removed 16 rows and 0 columns
Presolve time: 0.00s
Presolved: 4 rows, 90 columns, 160 nonzeros
Variable types: 10 continuous, 80 integer (80 binary)

Root relaxation: objective 3.392282e+04, 8 iterations, 0.00 seconds (0.00 work units)

    Nodes    |    Current Node    |     Objective Bounds      |     Work
 Expl Unexpl |  Obj  Depth IntInf | Incumbent    BestBd   Gap | It/Node Time

     0     0 33922.8153    0    2          - 33922.8153      -     -    0s
H    0     0                    369365.00000 33922.8153  90.8%     -    0s
H    0     0                    329977.00000 33922.8153  89.7%     -    0s
H    0     0                    329635.00000 33922.8153  89.7%     -    0s
H    0     0                    325539.00000 33922.8153  89.6%     -    0s
H    0     0                    311147.00000 33922.8153  89.1%     -    0s
H    0     0                    294659.00000 33922.8153  88.5%     -    0s
     0     0 33971.2947    0    5 294659.000 33971.2947  88.5%     -    0s
     0     0 33973.0790    0    5 294659.000 33973.0790  88.5%     -    0s
H    0     0                    292820.00000 33973.0790  88.4%     -    0s
H    0     0                    266329.00000 33973.0790  87.2%     -    0s
H    0     0                    255372.00000 33973.0790  86.7%     -    0s
     0     2 34015.1759    0   13 255372.000 34015.1759  86.7%     -    0s
  3322  3098 34588.2008   34    5 255372.000 34075.7928  86.7%   2.7    5s
H 3325  2944                    213684.00000 34075.7928  84.1%   2.7    6s
H 3335  2804                    181727.00000 34075.7928  81.2%   2.7    7s
H 3340  2666                    171212.00000 34075.7928  80.1%   2.7    8s
H 3341  2667                    170595.00000 34075.7928  80.0%   2.7    8s
  3408  2744 34127.0902   18   18 170595.000 34084.4701  80.0%   3.3   10s
  4048  3223 34410.4040   24    9 170595.000 34110.4064  80.0%   4.9   15s
  4742  3737 34406.3818   28   10 170595.000 34110.4064  80.0%   5.3   20s
  6068  4477 34270.6936   34   19 170595.000 34165.3822  80.0%   5.6   25s
  7604  5155 149547.000   88    - 170595.000 34191.8239  80.0%   5.5   30s
  9345  6173 36466.0000   72    - 170595.000 34192.6058  80.0%   5.3   35s
 10554  6776 54447.0000   92    - 170595.000 34193.2481  80.0%   5.3   40s
*10592  6647              92    168004.00000 34193.2481  79.6%   5.3   40s
 12317  8154 35233.4466   61    6 168004.000 34212.4005  79.6%   5.2   45s
 13705  8963 34391.3875   27   18 168004.000 34215.5811  79.6%   5.1   50s
 13932  9237 34411.1119   29   18 168004.000 34215.5811  79.6%   5.2   55s
 14469  9695 34422.1883   31   18 168004.000 34224.6058  79.6%   5.1   60s
 15003 10119 34427.9343   33   17 168004.000 34227.0924  79.6%   5.1   65s
 15596 10613 34451.0872   35   20 168004.000 34231.2408  79.6%   5.1   70s
 16672 11649 34600.2603   38   12 168004.000 34236.7740  79.6%   5.1   76s
 17220 11842 34617.2063   40   12 168004.000 34237.3133  79.6%   5.1   86s
 17711 12446 34671.7201   46   11 168004.000 34241.9885  79.6%   5.1   92s
 18241 13108 37589.1875   76    4 168004.000 34244.1826  79.6%   5.1   95s
 20052 14335 35056.1389   51    5 168004.000 34244.1826  79.6%   4.9  101s
 21452 15178 35532.6287   38    2 168004.000 34244.1826  79.6%   4.9  105s
 22928 16416 35612.0431   40    2 168004.000 34249.7604  79.6%   4.9  110s
 24363 17401 36177.7975   79    2 168004.000 34260.2631  79.6%   4.9  115s
 24688 17943 34396.9488   21   18 168004.000 34260.2631  79.6%   4.9  122s
 25331 18565 34961.1990   73    1 168004.000 34270.4282  79.6%   4.8  125s
 26862 19977 34389.2286   28   22 168004.000 34270.5477  79.6%   4.9  131s
 28843 21972 34721.9586   31   10 168004.000 34270.5477  79.6%   4.9  138s
 30260 23230 34772.4466   34    7 168004.000 34279.9575  79.6%   4.9  143s
 31826 24743 35030.2649   38    1 168004.000 34280.2866  79.6%   5.0  148s
 33661 25979 35190.5792   46    5 168004.000 34288.3020  79.6%   5.0  152s
 35238 27469 35356.9736   50    3 168004.000 34288.3020  79.6%   5.0  157s
 37198 29064 37321.1896   78    1 168004.000 34301.9590  79.6%   4.9  162s
 39068 29398 35068.6074   59    5 168004.000 34304.6611  79.6%   4.9  183s
H39069 27929                    152635.00000 34304.6611  77.5%   4.9  186s
 39070 27929 35139.3115   64   27 152635.000 34304.6611  77.5%   4.9  198s
 39071 27930 34924.3720   48   26 152635.000 34304.6611  77.5%   4.9  201s
 39073 27931 34895.9161   40   25 152635.000 34304.6611  77.5%   4.9  207s
 39074 27932 36503.1318   72   25 152635.000 34304.6611  77.5%   4.9  210s
H39081 26539                    146806.00000 34304.6611  76.6%   4.9  216s
 39086 26542 35674.0000   74   30 146806.000 34304.6611  76.6%   4.9  223s
 39090 26545 36047.0000   60   29 146806.000 34304.6611  76.6%   4.9  225s
 39093 26547 36179.8763   71   29 146806.000 34304.6611  76.6%   4.9  231s
 39095 26548 34998.6878   56   27 146806.000 34304.6611  76.6%   4.9  236s
 39103 26562 34304.6611   27   26 146806.000 34304.6611  76.6%   5.0  240s
 39159 26624 34304.6611   30   28 146806.000 34304.6611  76.6%   5.0  245s
 39361 26759 34304.6611   33   27 146806.000 34304.6611  76.6%   5.1  256s
 39426 26835 34304.6611   34   28 146806.000 34304.6611  76.6%   5.2  262s
 39632 26941 34312.6569   35   23 146806.000 34304.6611  76.6%   5.3  266s
 39745 27104 34304.6611   37   27 146806.000 34304.6611  76.6%   5.4  270s
 40138 27380 34313.5579   39   27 146806.000 34304.6611  76.6%   5.5  275s
 40601 27705 34427.2459   40   20 146806.000 34304.6611  76.6%   5.5  280s
 41119 27925 34304.6611   42   23 146806.000 34304.6611  76.6%   5.6  285s
 41753 28220 34478.5158   44   18 146806.000 34304.6611  76.6%   5.7  290s
 42280 28425 34554.8023   47   20 146806.000 34304.6611  76.6%   5.8  296s
 42314 28491 34685.0436   47   15 146806.000 34304.6611  76.6%   5.8  301s
 42415 28659 34563.0116   48   19 146806.000 34304.6611  76.6%   5.8  305s
 42850 28945 34622.3486   50   19 146806.000 34304.6611  76.6%   5.9  312s
 43124 28916 34640.2530   51   20 146806.000 34304.6611  76.6%   5.9  316s
 43160 28961 34821.6520   51   15 146806.000 34304.6611  76.6%   5.9  321s
 43244 29095 34651.5812   52   19 146806.000 34304.6611  76.6%   5.9  325s
 43787 29599 34749.4579   54   13 146806.000 34304.6611  76.6%   5.9  333s
 44277 29835 34719.8161   57   16 146806.000 34304.6611  76.6%   6.0  338s
 44746 30226 34747.4344   60   16 146806.000 34304.6611  76.6%   6.0  344s
 45314 30083 35252.2990   46    2 146806.000 34304.6611  76.6%   6.1  345s
 45828 30513 34999.6415   69   12 146806.000 34304.6611  76.6%   6.1  350s
 46597 31307 35913.8144   93    2 146806.000 34304.6611  76.6%   6.1  359s
 47348 31718 34411.3275   33   22 146806.000 34304.6611  76.6%   6.2  364s
 48235 31991 35097.5202   41    5 146806.000 34304.6611  76.6%   6.2  370s
 48895 32404 35681.2963   54    1 146806.000 34304.6611  76.6%   6.2  376s
 49765 32887 36552.0295   88    2 146806.000 34304.6611  76.6%   6.3  382s
 50557 33404 54190.3916  103    1 146806.000 34304.6611  76.6%   6.3  388s
 51557 33869 34425.9281   45   23 146806.000 34304.6611  76.6%   6.3  394s
 52159 33751 45863.0000   96    - 146806.000 34304.6611  76.6%   6.3  395s
 52487 33737 34495.2528   53   19 146806.000 34304.6611  76.6%   6.3  402s
 52519 33767 34507.9097   54   21 146806.000 34304.6611  76.6%   6.3  411s
 52622 34472 34519.3642   55   18 146806.000 34304.6611  76.6%   6.3  420s
 53704 35147 34994.2381   49   10 146806.000 34304.6611  76.6%   6.3  430s
 54773 35801 34406.9270   43   25 146806.000 34330.5101  76.6%   6.4  439s
 55349 35679 34574.5268   33   21 146806.000 34330.5101  76.6%   6.4  440s
 55945 36210 34407.3459   45   25 146806.000 34330.5101  76.6%   6.4  446s
 56893 36912 34554.8368   58   17 146806.000 34330.5101  76.6%   6.5  453s
 57985 37366 51703.7355  102    1 146806.000 34335.8161  76.6%   6.6  463s
 59339 38086 34869.6703   47   12 146806.000 34335.8161  76.6%   6.6  472s
 60730 38706 34419.9348   35   23 146806.000 34335.8161  76.6%   6.6  480s
 62029 39621 34855.2877   55   10 146806.000 34340.7212  76.6%   6.6  488s
 63418 40295 34463.9624   33   24 146806.000 34347.0948  76.6%   6.7  497s
 64693 41098 35225.6606   60   10 146806.000 34347.0948  76.6%   6.8  506s
 66137 40859 35268.8942   72    2 146806.000 34360.1519  76.6%   6.8  519s
 66228 40846 34518.3378   47   20 146806.000 34360.1519  76.6%   6.8  520s
 66235 41997 35608.1067   73    4 146806.000 34360.1519  76.6%   6.8  529s
 66281 41991 34699.0819   43   18 146806.000 34360.1519  76.6%   6.8  530s
 67807 42638 34749.4019   51   15 146806.000 34360.1519  76.6%   6.8  541s
 69081 43573 34604.7663   40   22 146806.000 34360.1519  76.6%   6.8  552s
 70615 44457 35504.4011   75    3 146806.000 34365.6647  76.6%   6.9  563s
 72372 44848 34789.4690   53   13 146806.000 34365.6647  76.6%   6.9  575s
 73524 45602 34648.6686   34   20 146806.000 34365.6647  76.6%   6.9  590s
 75540 46304 35879.6038   77    3 146806.000 34365.6647  76.6%   6.9  599s
 75597 46294 34663.7598   54   19 146806.000 34365.6647  76.6%   6.9  600s

Cutting planes:
  Gomory: 1
  MIR: 12
  Flow cover: 4

Explored 76801 nodes (529258 simplex iterations) in 602.48 seconds (317.48 work units)
Thread count was 32 (of 32 available processors)

Solution count 10: 146806 152635 168004 ... 311147

Time limit reached
Best objective 1.468060000000e+05, best bound 3.436566466355e+04, gap 76.5911%

User-callback calls 184298, time in user-callback 106.80 sec
