
Gurobi 13.0.2 (win64) logging started Fri Jul 17 02:45:43 2026

Set parameter LogFile to value "logs/kstar_nI40_nJ20_nK50_nL10_tI3_tJ3_s1_m1_exact_s0_20260717-024543.gurobi.log"
Set parameter Seed to value 0
Set parameter TimeLimit to value 599.9744762
Set parameter MIPGap to value 0
Set parameter MIPGapAbs to value 0.5
Set parameter Cutoff to value 1e+100
Gurobi Optimizer version 13.0.2 build v13.0.2rc1 (win64 - Windows 11+.0 (26200.2))

CPU model: Intel(R) Core(TM) i9-14900HX, instruction set [SSE2|AVX|AVX2]
Thread count: 24 physical cores, 32 logical processors, using up to 32 threads

Non-default parameters:
TimeLimit  599.9744762
MIPGap  0
MIPGapAbs  0.5
PreCrush  1
LazyConstraints  1

Optimize a model with 20 rows, 70 columns and 600 nonzeros (Min)
Model fingerprint: 0xe684fc17
Model has 70 linear objective coefficients
Variable types: 10 continuous, 60 integer (60 binary)
Coefficient statistics:
  Matrix range     [1e+01, 7e+02]
  Objective range  [1e+00, 5e+02]
  Bounds range     [1e+00, 6e+03]
  RHS range        [6e+02, 7e+02]

Using branch priorities.
Presolve removed 5 rows and 0 columns
Presolve time: 0.00s
Presolved: 15 rows, 70 columns, 480 nonzeros
Variable types: 10 continuous, 60 integer (60 binary)

Root relaxation: objective 5.024981e+04, 7 iterations, 0.00 seconds (0.00 work units)

    Nodes    |    Current Node    |     Objective Bounds      |     Work
 Expl Unexpl |  Obj  Depth IntInf | Incumbent    BestBd   Gap | It/Node Time

     0     0 50249.8148    0    4          - 50249.8148      -     -    0s
H    0     0                    276063.00000 50249.8148  81.8%     -    0s
H    0     0                    253028.00000 50249.8148  80.1%     -    0s
H    0     0                    250211.00000 50249.8148  79.9%     -    0s
H    0     0                    233812.00000 50249.8148  78.5%     -    0s
     0     0 50512.3066    0    7 233812.000 50512.3066  78.4%     -    0s
     0     0 50610.9129    0    6 233812.000 50610.9129  78.4%     -    0s
H    0     0                    232412.00000 50610.9129  78.2%     -    0s
     0     0 50649.0152    0    6 232412.000 50649.0152  78.2%     -    0s
     0     0 50697.0338    0    7 232412.000 50697.0338  78.2%     -    0s
     0     0 50712.0964    0   10 232412.000 50712.0964  78.2%     -    0s
     0     0 50744.1884    0   11 232412.000 50744.1884  78.2%     -    0s
     0     0 50752.4903    0   15 232412.000 50752.4903  78.2%     -    0s
     0     0 50752.7545    0   15 232412.000 50752.7545  78.2%     -    0s
     0     0 50752.7545    0   15 232412.000 50752.7545  78.2%     -    0s
     0     2 50754.0829    0   15 232412.000 50754.0829  78.2%     -    0s
H 3563  2972                    159406.00000 50857.9336  68.1%   3.1    2s
H 3572  2829                    153444.00000 50857.9336  66.9%   3.1    4s
H 3578  2691                    133434.00000 50857.9336  61.9%   3.1    5s
H 3579  2691                    131498.00000 50857.9336  61.3%   3.1    5s
  5212  3758 51825.8840   33   11 131498.000 50889.6624  61.3%   5.0   10s
* 5951  3933              71    113702.00000 50889.6624  55.2%   5.1   11s
* 5952  3803              71    113421.00000 50889.6624  55.1%   5.1   11s
  8574  5145 113320.000   63    - 113421.000 50941.5169  55.1%   5.5   15s
 10701  6273 52529.9690   42    2 113421.000 50962.3267  55.1%   5.5   20s
 11790  7135 52450.0846   47    4 113421.000 51032.7307  55.0%   5.6   25s
 12958  8067 51966.9021   40   11 113421.000 51041.2818  55.0%   5.6   30s
 14346  9353 51815.6074   46    6 113421.000 51041.2818  55.0%   5.6   35s
 16136 10981 52012.9020   50    8 113421.000 51067.6164  55.0%   5.6   40s
 19024 12969 51885.0982   30   13 113421.000 51072.7562  55.0%   5.7   45s
 19502 13552 60176.0000   67    - 113421.000 51072.7562  55.0%   5.7   50s
 20917 15048 56229.0000   55    - 113421.000 51128.4007  54.9%   5.9   55s
 23207 17228 51401.0347   24   19 113421.000 51143.7629  54.9%   5.9   60s
 26400 19826 51433.5872   33   19 113421.000 51152.1219  54.9%   5.9   65s
 29478 22491 51289.4790   24   18 113421.000 51157.9040  54.9%   5.9   71s
 32253 24800 60347.0000   60    - 113421.000 51189.5116  54.9%   5.9   77s
 33510 26025 52037.9975   37   10 113421.000 51203.9548  54.9%   6.0   80s
 36296 27447 51450.2480   27   19 113421.000 51222.8940  54.8%   6.0   86s
 36747 27972 51475.3944   29   18 113421.000 51222.8940  54.8%   6.0   93s
 37065 28082 51531.6003   30   18 113421.000 51222.8940  54.8%   6.0   96s
 37235 28284 51610.8939   32   17 113421.000 51229.7449  54.8%   6.1  103s
 37393 28522 51690.1808   33   16 113421.000 51230.3078  54.8%   6.1  107s
 37657 28792 51692.8498   34   15 113421.000 51230.4974  54.8%   6.1  110s
 37978 29094 51787.2914   35   16 113421.000 51230.4974  54.8%   6.1  116s
 38361 29499 51801.8579   36   14 113421.000 51231.3136  54.8%   6.1  121s
 38981 30122 51852.2721   37   13 113421.000 51231.4045  54.8%   6.1  126s
 39697 30883 51909.4053   38   12 113421.000 51233.2714  54.8%   6.1  133s
 40793 31926 52274.5808   39   11 113421.000 51238.7324  54.8%   6.1  141s
 41969 32994 52311.8803   40   11 113421.000 51240.8230  54.8%   6.2  147s
 43318 34413 52320.2628   41   11 113421.000 51241.2647  54.8%   6.2  152s
 45153 35997 52413.5542   42   11 113421.000 51241.2647  54.8%   6.2  158s
 47018 37703 52507.5779   43   10 113421.000 51253.7405  54.8%   6.2  166s
 49068 39339 52598.2172   44    9 113421.000 51260.2840  54.8%   6.3  175s
 50939 41531 52647.4962   45    7 113421.000 51267.9953  54.8%   6.3  182s
 53564 43693 52704.7807   46    7 113421.000 51273.7933  54.8%   6.4  189s
 56189 45896 51550.0321   30   18 113421.000 51286.4926  54.8%   6.4  196s
 58696 46253 53465.0000   55   15 113421.000 51295.0042  54.8%   6.5  212s
H58697 43941                    113240.00000 51295.0042  54.7%   6.5  215s
 58700 43943 52839.3030   56   28 113240.000 51295.0042  54.7%   6.5  221s
 58704 43945 52052.4581   34   31 113240.000 51295.0042  54.7%   6.5  226s
H58704 41747                    104960.00000 51295.0042  51.1%   6.5  229s
 58707 41749 52381.4501   39   31 104960.000 51295.0042  51.1%   6.5  232s
 58710 41751 52860.5517   48   31 104960.000 51295.0042  51.1%   6.5  237s
 58713 41753 53355.0000   54   29 104960.000 51295.0042  51.1%   6.5  241s
 58716 41755 51790.7893   28   28 104960.000 51295.0042  51.1%   6.5  246s
 58718 41757 51770.0689   31   27 104960.000 51295.0042  51.1%   6.5  251s
 58720 41758 52345.5110   32   28 104960.000 51295.0042  51.1%   6.5  255s
H58720 39670                    102757.00000 51295.0042  50.1%   6.5  258s
 58722 39671 53566.0000   58   29 102757.000 51295.0042  50.1%   6.5  260s
 58726 39677 51295.0042   21   25 102757.000 51295.0042  50.1%   6.5  265s
 58788 39748 51295.0042   26   25 102757.000 51295.0042  50.1%   6.5  271s
 58993 39886 51756.4718   30   19 102757.000 51295.0042  50.1%   6.6  275s
 59193 40019 51745.2974   30   20 102757.000 51295.0042  50.1%   6.7  281s
 59346 40200 51851.4995   31   18 102757.000 51295.0042  50.1%   6.7  286s
 59581 40353 52001.5034   33   19 102757.000 51295.0042  50.1%   6.7  290s
 59886 40458 52757.8958   38   10 102757.000 51295.0042  50.1%   6.7  295s
 60299 40782 52265.3659   39   13 102757.000 51295.0042  50.1%   6.7  300s
 61117 41177 52723.2356   46    8 102757.000 51295.0042  50.1%   6.7  305s
 61645 41290 51837.5908   35   16 102757.000 51345.5494  50.0%   6.7  310s
 61990 41763 52985.6635   49    7 102757.000 51345.5494  50.0%   6.8  316s
 62729 42165 53024.5012   50    2 102757.000 51350.3876  50.0%   6.8  320s
 64052 42944 52399.0557   44    9 102757.000 51410.2379  50.0%   6.8  325s
 65520 43763 51823.3276   32   18 102757.000 51468.6851  49.9%   6.8  331s
 67078 44600 51878.0653   33   20 102757.000 51480.4790  49.9%   6.8  337s
 68011 45232 53910.9562   57    3 102757.000 51537.6491  49.8%   6.8  340s
 70024 46027 52652.6466   39    8 102757.000 51564.3302  49.8%   6.8  346s
 71719 47135 52068.4395   33   19 102757.000 51583.6713  49.8%   6.8  352s
 72684 46940 54141.4340   62    2 102757.000 51613.9221  49.8%   6.8  356s
 72717 47366 54144.5845   63    2 102757.000 51613.9221  49.8%   6.8  361s
 73441 48050 52173.8311   41   18 102757.000 51614.0894  49.8%   6.8  366s
 74570 48772 51800.7084   37   17 102757.000 51632.1945  49.8%   6.8  371s
 75936 49053 54062.1918   64    4 102757.000 51632.1945  49.8%   6.8  376s
 77076 50022 51964.8832   33   19 102757.000 51632.1945  49.8%   6.8  381s
 78559 50651 52088.0113   33   19 102757.000 51665.4262  49.7%   6.8  385s
 79909 51381 52007.0293   33   19 102757.000 51690.9703  49.7%   6.8  390s
 81933 52129 52219.7811   33   16 102757.000 51707.6653  49.7%   6.8  395s
 84212 53797 52129.4103   37   16 102757.000 51714.9337  49.7%   6.9  403s
 85755 54480 52438.0167   36   20 102757.000 51723.9502  49.7%   6.9  409s
 87199 55454 51820.5395   33   20 102757.000 51731.2073  49.7%   6.9  414s
 88876 56172 52531.1615   41   13 102757.000 51737.0104  49.7%   6.9  419s
 90494 56923 52439.9594   44   15 102757.000 51750.7365  49.6%   6.9  425s
 91904 57682 52547.7808   49    6 102757.000 51750.7365  49.6%   6.9  430s
 93254 58571 52949.1381   47    3 102757.000 51751.2835  49.6%   6.9  436s
 94878 59535 52142.7165   37   18 102757.000 51767.9415  49.6%   6.9  442s
 96667 60164 52496.2192   36   11 102757.000 51768.6783  49.6%   6.9  448s
 98105 61002 52410.6496   33   14 102757.000 51776.0890  49.6%   7.0  454s
 99809 60776 53865.7997   65    2 102757.000 51776.3638  49.6%   7.0  462s
 99841 61617 54166.9556   66    1 102757.000 51776.3638  49.6%   7.0  470s
 101193 62382 55850.7704   60    5 102757.000 51776.9885  49.6%   7.0  478s
 102641 62173 51945.4305   32   21 102757.000 51777.5874  49.6%   7.0  487s
 102673 63051 52034.2591   33   19 102757.000 51777.5874  49.6%   7.0  494s
 103725 62867 52212.9727   43   17 102757.000 51777.7308  49.6%   7.0  495s
 103946 63619 52099.6136   34   16 102757.000 51777.7308  49.6%   7.0  502s
 105210 64071 52146.4434   35   16 102757.000 51790.4054  49.6%   7.0  510s
 106392 65180 52085.5713   33   19 102757.000 51793.4668  49.6%   7.0  519s
 108329 66031 52188.2385   36   19 102757.000 51797.9119  49.6%   7.0  528s
 110153 67502 52383.5832   37   14 102757.000 51806.5154  49.6%   7.0  537s
 112576 68743 52343.8280   37   17 102757.000 51811.4315  49.6%   7.0  548s
 114803 70127 52519.5941   38   14 102757.000 51816.8071  49.6%   7.0  558s
 117449 71396 52309.4408   41   21 102757.000 51827.8613  49.6%   7.0  569s
 117705 71354 52572.2824   37   16 102757.000 51827.8613  49.6%   7.0  570s
 120046 73066 53054.7863   47   13 102757.000 51835.7696  49.6%   7.0  581s
 122944 74483 52105.0608   33   19 102757.000 51843.7055  49.5%   7.0  593s
 125743 74986 59283.6338   61    2 102757.000 51848.9590  49.5%   7.1  600s

Cutting planes:
  Gomory: 3
  Cover: 1
  MIR: 14
  Flow cover: 3

Explored 127108 nodes (896442 simplex iterations) in 601.63 seconds (340.21 work units)
Thread count was 32 (of 32 available processors)

Solution count 10: 102757 104960 113240 ... 250211

Time limit reached
Best objective 1.027570000000e+05, best bound 5.185193431316e+04, gap 49.5393%

User-callback calls 290729, time in user-callback 45.67 sec
