
Gurobi 13.0.2 (win64) logging started Fri Jul 17 12:58:38 2026

Set parameter LogFile to value "logs/kstar_nI40_nJ40_nK100_nL10_tI5_tJ5_s2_m1_exact_s0_20260717-125838.gurobi.log"
Set parameter Seed to value 0
Set parameter TimeLimit to value 599.9321841
Set parameter MIPGap to value 0
Set parameter MIPGapAbs to value 0.5
Set parameter Cutoff to value 1e+100
Gurobi Optimizer version 13.0.2 build v13.0.2rc1 (win64 - Windows 11+.0 (26200.2))

CPU model: Intel(R) Core(TM) i9-14900HX, instruction set [SSE2|AVX|AVX2]
Thread count: 24 physical cores, 32 logical processors, using up to 32 threads

Non-default parameters:
TimeLimit  599.9321841
MIPGap  0
MIPGapAbs  0.5
PreCrush  1
LazyConstraints  1

Optimize a model with 20 rows, 90 columns and 800 nonzeros (Min)
Model fingerprint: 0xc4598363
Model has 90 linear objective coefficients
Variable types: 10 continuous, 80 integer (80 binary)
Coefficient statistics:
  Matrix range     [3e+00, 1e+03]
  Objective range  [1e+00, 5e+02]
  Bounds range     [1e+00, 7e+03]
  RHS range        [1e+03, 1e+03]

Using branch priorities.
Presolve removed 18 rows and 0 columns
Presolve time: 0.00s
Presolved: 2 rows, 90 columns, 80 nonzeros
Variable types: 10 continuous, 80 integer (80 binary)

Root relaxation: objective 6.743680e+04, 7 iterations, 0.00 seconds (0.00 work units)

    Nodes    |    Current Node    |     Objective Bounds      |     Work
 Expl Unexpl |  Obj  Depth IntInf | Incumbent    BestBd   Gap | It/Node Time

     0     0 67436.7953    0    3          - 67436.7953      -     -    0s
H    0     0                    431565.00000 67436.7953  84.4%     -    0s
H    0     0                    384473.00000 67436.7953  82.5%     -    0s
H    0     0                    384340.00000 67436.7953  82.5%     -    0s
H    0     0                    337947.00000 67436.7953  80.0%     -    0s
     0     0 67635.5342    0    5 337947.000 67635.5342  80.0%     -    0s
     0     0 67638.4739    0    5 337947.000 67638.4739  80.0%     -    0s
H    0     0                    331753.00000 67638.4739  79.6%     -    0s
H    0     0                    308913.00000 67638.4739  78.1%     -    0s
     0     2 67777.2577    0    9 308913.000 67777.2577  78.1%     -    0s
  1977  2173 85493.2889   65    2 308913.000 67844.2203  78.0%   2.8    5s
H 3221  2847                    291157.00000 67981.2318  76.7%   2.9    8s
H 3223  2705                    247203.00000 68013.4258  72.5%   2.9    9s
H 3227  2573                    245935.00000 68041.5786  72.3%   2.9   10s
H 3242  2453                    228674.00000 68047.4760  70.2%   2.8   11s
  3502  2659 68380.7442   22   13 228674.000 68133.9754  70.2%   3.9   15s
  4070  3068 68716.3525   27   14 228674.000 68133.9754  70.2%   4.5   20s
  4839  3685 69073.0069   37    3 228674.000 68133.9754  70.2%   4.5   25s
  5916  4139 70441.2011   57    1 228674.000 68170.3022  70.2%   4.4   30s
  7719  5152 68507.1417   19   18 228674.000 68228.3122  70.2%   4.2   35s
  9674  6306 78285.0000   86    - 228674.000 68235.4364  70.2%   4.0   40s
 11197  7303 68783.6468   26   12 228674.000 68294.5762  70.1%   4.0   45s
 13003  8706 68733.9579   29   18 228674.000 68294.5762  70.1%   4.0   50s
 14605 10447 72379.3868   85    2 228674.000 68318.2431  70.1%   3.9   55s
 15727 11003 69002.1481   26   19 228674.000 68375.5176  70.1%   3.9   60s
 16579 11868 68775.0697   25   10 228674.000 68375.5176  70.1%   3.9   65s
 17908 12741 68837.9378   28   10 228674.000 68387.5729  70.1%   3.8   71s
 18461 13462 68854.4343   31    9 228674.000 68389.7578  70.1%   3.8   75s
 19752 14575 68980.9059   34   11 228674.000 68389.7578  70.1%   3.8   81s
 20961 15527 69071.6623   36    7 228674.000 68389.7578  70.1%   3.8   85s
 22611 17231 68871.0166   24   12 228674.000 68418.7123  70.1%   3.8   91s
 24092 18593 68837.9345   23   11 228674.000 68418.7123  70.1%   3.9   95s
 25555 19985 68807.0708   24   18 228674.000 68418.7123  70.1%   3.9  101s
 27278 21551 71131.2283   69    3 228674.000 68420.5704  70.1%   3.9  105s
 29473 23741 69230.2585   35    9 228674.000 68424.5467  70.1%   3.9  111s
 30845 24928 68883.5119   22   13 228674.000 68463.3408  70.1%   3.9  115s
 32349 26035 69408.2339   47    1 228674.000 68463.3408  70.1%   3.9  120s
 34551 27326 70303.5473   45    1 228674.000 68474.0944  70.1%   4.0  126s
 34780 28082 69996.4634   44    2 228674.000 68474.0944  70.1%   4.0  130s
 37024 30049 69257.9876   33    9 228674.000 68476.2041  70.1%   3.9  136s
 38059 30812 69168.9632   26   12 228674.000 68483.7332  70.1%   4.0  140s
 39960 32827 69809.7312   51    2 228674.000 68483.7332  70.1%   4.0  148s
 41227 34272 69710.0261   46    5 228674.000 68483.7332  70.1%   4.0  152s
 42854 35845 69204.3352   30    9 228674.000 68513.8962  70.0%   4.0  158s
 44642 37458 69094.6146   25   20 228674.000 68522.5852  70.0%   4.0  163s
 46498 39129 68816.7202   20   15 228674.000 68538.2212  70.0%   4.0  168s
 48532 40931 68954.4001   29   15 228674.000 68551.6729  70.0%   4.0  174s
 50576 42664 68904.0029   28   16 228674.000 68562.1269  70.0%   4.0  180s
 52501 44208 68762.7123   26   24 228674.000 68562.5361  70.0%   4.0  185s
 54374 45843 69747.1560   43    8 228674.000 68562.5361  70.0%   4.0  192s
 56140 47039 69583.3516   29    6 228674.000 68567.5585  70.0%   4.1  198s
 57669 48579 71639.9395   76    2 228674.000 68575.5579  70.0%   4.1  204s
 58279 48698 69520.3881   36    8 228674.000 68577.8222  70.0%   4.1  205s
 60068 50717 69456.7200   52   10 228674.000 68584.9202  70.0%   4.1  212s
 62293 51043 69919.5182   51    5 228674.000 68587.9297  70.0%   4.1  226s
H62294 48491                    217262.00000 68587.9297  68.4%   4.1  229s
 62295 48491 69665.9326   42   26 217262.000 68587.9297  68.4%   4.1  230s
 62298 48493 72900.0818   72   27 217262.000 68587.9297  68.4%   4.1  239s
 62299 48494 69640.5675   36   28 217262.000 68587.9297  68.4%   4.1  243s
 62300 48495 69070.7209   30   27 217262.000 68587.9297  68.4%   4.1  246s
H62300 46070                    205515.00000 68587.9297  66.6%   4.1  249s
H62300 43767                    191925.00000 68587.9297  64.3%   4.1  249s
 62303 43769 73050.2464   67   28 191925.000 68587.9297  64.3%   4.1  252s
 62304 43769 68933.4573   30   28 191925.000 68587.9297  64.3%   4.1  256s
 62306 43771 68638.2099   27   28 191925.000 68587.9297  64.3%   4.1  263s
 62307 43771 76011.0000   85   28 191925.000 68587.9297  64.3%   4.1  265s
 62309 43773 69211.0741   33   28 191925.000 68587.9297  64.3%   4.1  272s
 62310 43773 69780.4301   60   29 191925.000 68587.9297  64.3%   4.1  276s
 62312 43775 69551.8891   42   29 191925.000 68587.9297  64.3%   4.1  280s
 62327 43802 68587.9297   31   30 191925.000 68587.9297  64.3%   4.1  285s
 62375 43850 68626.3617   33   23 191925.000 68587.9297  64.3%   4.1  291s
 62501 43934 68777.1518   35   25 191925.000 68587.9297  64.3%   4.2  298s
 62533 44066 68886.3123   36   25 191925.000 68587.9297  64.3%   4.2  301s
 62810 44174 68902.9454   37   25 191925.000 68587.9297  64.3%   4.3  306s
 62993 44328 69010.0258   38   20 191925.000 68587.9297  64.3%   4.3  310s
 63222 44454 69310.4508   44   10 191925.000 68587.9297  64.3%   4.3  315s
 63481 44602 69128.7943   42   21 191925.000 68587.9297  64.3%   4.4  320s
 63639 44763 69473.1324   43   19 191925.000 68587.9297  64.3%   4.4  325s
 64177 45150 69498.6471   46   16 191925.000 68587.9297  64.3%   4.4  330s
 64458 45254 69695.0700   48   11 191925.000 68593.3999  64.3%   4.4  335s
 65149 45735 69786.7184   53    9 191925.000 68593.3999  64.3%   4.4  341s
 65760 46090 70024.2574   58   10 191925.000 68593.3999  64.3%   4.4  345s
 66498 46579 70079.0297   64    7 191925.000 68595.1264  64.3%   4.4  351s
 67330 47284 71191.6098   74    1 191925.000 68595.1264  64.3%   4.5  356s
 68063 47788 71215.4167   86    1 191925.000 68595.1264  64.3%   4.5  360s
 69091 47947 69798.0000  107    - 191925.000 68602.2178  64.3%   4.5  365s
 70202 49024 69406.0494   48   18 191925.000 68602.2178  64.3%   4.5  372s
 71231 49448 70379.9407   75    2 191925.000 68602.2178  64.3%   4.5  376s
 72142 49319 68987.5627   39   17 191925.000 68602.2178  64.3%   4.5  381s
 72207 49578 69062.8654   40   17 191925.000 68602.2178  64.3%   4.5  385s
 72832 49847 68994.4550   36   19 191925.000 68602.2178  64.3%   4.5  390s
 73781 50168 69437.7350   49   12 191925.000 68744.8923  64.2%   4.5  395s
 74730 50712 69635.8920   50   10 191925.000 68745.2799  64.2%   4.6  400s
 75791 51291 69757.0413   51    9 191925.000 68745.2799  64.2%   4.6  405s
 75885 51765 69994.1224   57    4 191925.000 68745.2799  64.2%   4.6  413s
 76534 52207 69138.0414   40   17 191925.000 68745.2799  64.2%   4.6  418s
 77276 52584 74429.0000   98    - 191925.000 68748.4345  64.2%   4.6  424s
 77864 52448 69730.7187   51    6 191925.000 68748.4345  64.2%   4.6  425s
 78620 52844 69840.1045   52    7 191925.000 68748.4345  64.2%   4.6  430s
 78712 53677 69606.9771   45   12 191925.000 68748.4345  64.2%   4.6  435s
 79953 53562 71687.0046   69    1 191925.000 68810.4178  64.1%   4.6  442s
 80079 53940 71687.5552   70    1 191925.000 68810.4178  64.1%   4.6  449s
 80649 54719 72178.1444   82    1 191925.000 68810.4178  64.1%   4.6  456s
 81883 55419 68926.5664   37   21 191925.000 68810.4178  64.1%   4.6  463s
 83035 56154 69405.2609   48   12 191925.000 68810.4178  64.1%   4.7  470s
 84609 56905 70063.7349   62    3 191925.000 68815.4523  64.1%   4.7  477s
 86192 57902 71678.6314   94    1 191925.000 68840.1184  64.1%   4.7  485s
 87862 58943 69290.0038   46   19 191925.000 68846.9480  64.1%   4.7  492s
 89676 58645 69063.9996   39   20 191925.000 68847.0702  64.1%   4.7  503s
 89779 59561 69100.0865   40   19 191925.000 68847.0702  64.1%   4.7  513s
 90775 59335 69361.7894   49   11 191925.000 68847.0702  64.1%   4.7  515s
 91020 60444 71983.4994   83    2 191925.000 68847.0702  64.1%   4.7  524s
 91626 60318 69107.6575   40   17 191925.000 68847.0702  64.1%   4.7  525s
 92510 60238 69993.4474   56    8 191925.000 68847.0702  64.1%   4.7  534s
 92673 61185 70106.7965   57    8 191925.000 68847.0702  64.1%   4.7  544s
 93303 61054 69397.8876   51   14 191925.000 68857.8524  64.1%   4.7  545s
 93981 61901 69499.5237   39   15 191925.000 68875.2215  64.1%   4.7  554s
 94722 61770 69607.4135   47    6 191925.000 68875.2215  64.1%   4.8  555s
 95529 62999 70868.7619   57    1 191925.000 68875.2215  64.1%   4.8  567s
 97964 62739 69331.3229   41   16 191925.000 68888.0095  64.1%   4.8  570s
 97965 64276 69305.0883   40   23 191925.000 68888.0095  64.1%   4.8  582s
 100016 63850 69378.1706   42   14 191925.000 68892.5828  64.1%   4.8  585s
 100017 65563 69443.6198   47   10 191925.000 68892.5828  64.1%   4.8  596s

Cutting planes:
  Gomory: 3
  Cover: 2
  MIR: 3
  StrongCG: 1
  Flow cover: 1

Explored 102189 nodes (488865 simplex iterations) in 601.34 seconds (236.42 work units)
Thread count was 32 (of 32 available processors)

Solution count 10: 191925 205515 217262 ... 384340

Time limit reached
Best objective 1.919250000000e+05, best bound 6.890150470417e+04, gap 64.0998%

User-callback calls 247698, time in user-callback 158.77 sec
