
Gurobi 13.0.2 (win64) logging started Sat Jul 18 01:36:19 2026

Set parameter LogFile to value "logs/kstar_nI40_nJ40_nK50_nL5_tI5_tJ5_s2_m1_exact_s0_20260718-013619.gurobi.log"
Set parameter Seed to value 0
Set parameter TimeLimit to value 599.9777981
Set parameter MIPGap to value 0
Set parameter MIPGapAbs to value 0.5
Set parameter Cutoff to value 1e+100
Gurobi Optimizer version 13.0.2 build v13.0.2rc1 (win64 - Windows 11+.0 (26200.2))

CPU model: Intel(R) Core(TM) i9-14900HX, instruction set [SSE2|AVX|AVX2]
Thread count: 24 physical cores, 32 logical processors, using up to 32 threads

Non-default parameters:
TimeLimit  599.9777981
MIPGap  0
MIPGapAbs  0.5
PreCrush  1
LazyConstraints  1

Optimize a model with 10 rows, 85 columns and 400 nonzeros (Min)
Model fingerprint: 0xf361c215
Model has 85 linear objective coefficients
Variable types: 5 continuous, 80 integer (80 binary)
Coefficient statistics:
  Matrix range     [6e+00, 7e+02]
  Objective range  [1e+00, 5e+02]
  Bounds range     [1e+00, 4e+03]
  RHS range        [6e+02, 7e+02]

Using branch priorities.
Presolve removed 8 rows and 0 columns
Presolve time: 0.00s
Presolved: 2 rows, 85 columns, 80 nonzeros
Variable types: 5 continuous, 80 integer (80 binary)

Root relaxation: objective 1.790908e+04, 4 iterations, 0.00 seconds (0.00 work units)

    Nodes    |    Current Node    |     Objective Bounds      |     Work
 Expl Unexpl |  Obj  Depth IntInf | Incumbent    BestBd   Gap | It/Node Time

     0     0 17909.0791    0    3          - 17909.0791      -     -    0s
H    0     0                    100747.00000 17909.0791  82.2%     -    0s
H    0     0                    93422.000000 17909.0791  80.8%     -    0s
H    0     0                    87553.000000 17909.0791  79.5%     -    0s
H    0     0                    77922.000000 17909.0791  77.0%     -    0s
     0     0 18183.2612    0    7 77922.0000 18183.2612  76.7%     -    0s
     0     0 18187.3357    0    7 77922.0000 18187.3357  76.7%     -    0s
     0     2 18309.8207    0   11 77922.0000 18309.8207  76.5%     -    0s
H 3885  3425                    73100.000000 18748.9656  74.4%   3.2    2s
H 3887  3255                    64075.000000 18776.7447  70.7%   3.2    3s
  3959  3336 18894.9435   15   23 64075.0000 18852.2729  70.6%   3.6    5s
  8188  5966 19970.5168   38   10 64075.0000 18867.3692  70.6%   5.2   10s
 13107  8494 19486.6983   28   16 64075.0000 18974.9910  70.4%   5.5   15s
 15285 10399 19563.4206   26   16 64075.0000 19007.3656  70.3%   5.4   20s
 17861 12606 19592.1786   25   17 64075.0000 19011.7505  70.3%   5.4   25s
 20894 15421 19956.1370   31   15 64075.0000 19047.2735  70.3%   5.3   30s
 25421 19666 19434.6481   21   22 64075.0000 19058.3143  70.3%   5.5   35s
 29971 23985 20873.4316   44    3 64075.0000 19058.3143  70.3%   5.7   40s
 34851 28410 19506.9595   21   15 64075.0000 19111.1737  70.2%   5.7   45s
 40500 33203 19634.1246   27   14 64075.0000 19143.1853  70.1%   5.7   51s
 43655 36264 20512.3211   45    1 64075.0000 19146.9701  70.1%   5.8   55s
 46723 37706 20394.0024   39   11 64075.0000 19165.7409  70.1%   5.7   60s
 48403 39231 19691.8129   25   14 64075.0000 19172.2386  70.1%   5.8   65s
 50562 41993 20140.6607   40    2 64075.0000 19181.8421  70.1%   5.8   70s
 53811 44879 19564.6213   21   17 64075.0000 19191.6209  70.0%   5.8   76s
 57679 48597 22740.0974   66    1 64075.0000 19209.1052  70.0%   5.8   81s
 60632 50660 19972.5187   31   18 64075.0000 19210.7167  70.0%   5.8   85s
 64957 54934 19417.8777   21   24 64075.0000 19229.5608  70.0%   5.8   92s
 67372 57629 19738.6143   21   20 64075.0000 19238.1157  70.0%   5.8   95s
 72708 61842 20522.9032   55    3 64075.0000 19238.1157  70.0%   5.9  103s
 75155 64778 19978.4637   25   13 64075.0000 19254.4360  70.0%   5.9  106s
 78772 67274 19722.6874   23   26 64075.0000 19265.6121  69.9%   5.9  111s
 81545 67667 20348.4898   41    7 64075.0000 19274.6915  69.9%   5.9  119s
H81546 64284                    57262.000000 19274.6915  66.3%   5.9  121s
 81549 64286 21885.0000   63   35 57262.0000 19274.6915  66.3%   5.9  126s
H81551 61073                    51668.000000 19274.6915  62.7%   5.9  129s
 81553 61074 22046.2694   62   33 51668.0000 19274.6915  62.7%   5.9  131s
 81556 61076 20820.0000   59   36 51668.0000 19274.6915  62.7%   5.9  136s
 81559 61078 21973.0000   67   35 51668.0000 19274.6915  62.7%   5.9  141s
 81563 61084 19274.6915   23   36 51668.0000 19274.6915  62.7%   5.9  145s
 81657 61223 19401.1393   29   31 51668.0000 19274.6915  62.7%   5.9  150s
 82183 61605 19654.6045   35   21 51668.0000 19274.6915  62.7%   6.0  155s
 82953 62024 20034.5879   40   19 51668.0000 19274.6915  62.7%   6.1  160s
 84117 62914 20422.6826   48   12 51668.0000 19274.6915  62.7%   6.1  165s
 85392 63387 21023.7302   62    6 51668.0000 19274.6915  62.7%   6.2  170s
 86154 64271 23821.0000   76    - 51668.0000 19304.7152  62.6%   6.2  176s
 87479 65061 19952.9032   45   17 51668.0000 19348.7053  62.6%   6.2  180s
 89739 66438 19897.4847   47   21 51668.0000 19378.2374  62.5%   6.2  186s
 91489 67583 19672.8161   39   22 51668.0000 19397.3544  62.5%   6.3  190s
 93587 68518 19815.7467   36   20 51668.0000 19397.3544  62.5%   6.3  195s
 95493 68959 19968.9191   34   22 51668.0000 19397.3544  62.5%   6.3  200s
 97008 69837 19993.9000   36   22 51668.0000 19397.3544  62.5%   6.3  205s
 98777 70980 21345.8121   67    2 51668.0000 19485.2243  62.3%   6.4  210s
 101076 72340 20084.2118   47   13 51668.0000 19486.0463  62.3%   6.4  217s
 102952 73236 19630.7821   32   21 51668.0000 19489.9389  62.3%   6.3  220s
 105863 74854 20294.3540   51   15 51668.0000 19503.9826  62.3%   6.4  227s
 107290 75809 19853.9710   36   22 51668.0000 19504.4932  62.3%   6.4  230s
 110634 77736 23350.0000   80    - 51668.0000 19523.5349  62.2%   6.5  237s
 112368 78638 21016.0579   62    7 51668.0000 19523.5349  62.2%   6.5  242s
 114015 78364 20044.7235   43   14 51668.0000 19529.2995  62.2%   6.5  245s
 115176 80300 20885.0317   69    1 51668.0000 19540.5796  62.2%   6.5  252s
 117047 81178 20018.6592   43   19 51668.0000 19540.5796  62.2%   6.5  256s
 118804 82542 20069.9512   40   17 51668.0000 19540.5796  62.2%   6.6  261s
 120914 83551 19799.0745   35   24 51668.0000 19561.4855  62.1%   6.6  265s
 124934 85910 19781.6544   35   26 51668.0000 19571.7062  62.1%   6.6  274s
 127030 86989 27501.0000   96    - 51668.0000 19571.7062  62.1%   6.6  279s
 128960 86670 19890.0570   38   22 51668.0000 19581.8809  62.1%   6.7  282s
 129144 87935 19915.3320   39   21 51668.0000 19581.8809  62.1%   6.7  288s
 130847 89086 19957.6478   40   22 51668.0000 19583.7470  62.1%   6.7  293s
 132747 90698 19965.1561   41   20 51668.0000 19593.6484  62.1%   6.7  299s
 135275 92054 20499.2910   53    8 51668.0000 19593.6484  62.1%   6.7  305s
 137823 93388 20041.4032   44   20 51668.0000 19602.8460  62.1%   6.7  310s
 140237 94982 20049.1579   39   26 51668.0000 19607.1153  62.1%   6.7  317s
 143018 96782 19939.4391   38   17 51668.0000 19612.4877  62.0%   6.8  323s
 146025 96163 20617.9590   51   10 51668.0000 19615.4065  62.0%   6.8  327s
 146119 98040 20625.4750   52   11 51668.0000 19616.1215  62.0%   6.8  334s
 148520 98944 26516.1206   90    1 51668.0000 19616.1215  62.0%   6.8  341s
 150717 100239 19908.3446   35   22 51668.0000 19618.5983  62.0%   6.8  348s
 152775 101737 20196.6383   41   19 51668.0000 19624.2264  62.0%   6.8  356s
 155552 103414 19954.5515   37   23 51668.0000 19624.2264  62.0%   6.8  364s
 158664 105537 21122.7420   57    6 51668.0000 19630.6619  62.0%   6.8  371s
 162045 107302 21178.5942   81    1 51668.0000 19633.0463  62.0%   6.9  379s
 165470 109193 25480.0000   89    - 51668.0000 19641.2630  62.0%   6.9  387s
 168738 110472 20504.2195   52   15 51668.0000 19646.8612  62.0%   6.9  395s
 171261 112297 20253.3756   47   17 51668.0000 19650.8981  62.0%   7.0  403s
 175020 113508 24445.0000   97    - 51668.0000 19652.5250  62.0%   6.9  411s
 178313 115257 20412.3919   47   20 51668.0000 19658.5871  62.0%   6.9  418s
 180935 116467 21146.4660   54   14 51668.0000 19662.9934  61.9%   7.0  428s
 183315 117781 19949.8822   37   23 51668.0000 19663.4351  61.9%   7.0  435s
 185729 119651 19983.5917   35   28 51668.0000 19663.4351  61.9%   7.0  443s
 188841 121380 20967.7694   87    3 51668.0000 19666.3433  61.9%   7.0  452s
 192030 122706 19911.1565   33   26 51668.0000 19674.1995  61.9%   7.0  460s
 194745 124460 21675.2494   65    2 51668.0000 19674.1995  61.9%   7.1  469s
 197752 123864 20053.6863   37   24 51668.0000 19678.4939  61.9%   7.1  475s
 197841 125525 20056.5134   38   22 51668.0000 19678.4939  61.9%   7.1  483s
 200089 126716 20710.9035   49   17 51668.0000 19679.7667  61.9%   7.1  491s
 202218 127742 21453.7924   61    5 51668.0000 19682.6847  61.9%   7.1  500s
 204173 127351 20787.8781   50    6 51668.0000 19685.3781  61.9%   7.1  506s
 204205 128727 21616.0593   51    1 51668.0000 19685.3781  61.9%   7.1  516s
 206390 129889 20462.2979   46   11 51668.0000 19686.6224  61.9%   7.1  526s
 208677 131798 19848.7656   32   30 51668.0000 19687.6727  61.9%   7.1  535s
 211732 133430 20136.5661   36   27 51668.0000 19691.1919  61.9%   7.1  545s
 214628 135131 20075.3188   39   22 51668.0000 19695.2901  61.9%   7.1  554s
 215484 134934 20591.2666   50   17 51668.0000 19695.2901  61.9%   7.1  555s
 217554 136617 20926.5984   57    6 51668.0000 19698.2403  61.9%   7.1  564s
 220236 138410 20077.3303   38   19 51668.0000 19698.6280  61.9%   7.2  574s
 223436 139704 20136.8357   39   22 51668.0000 19702.0550  61.9%   7.2  584s
 226083 141104 20114.9218   41   23 51668.0000 19704.9411  61.9%   7.2  594s
 228794 141317 20169.8363   38   21 51668.0000 19706.2004  61.9%   7.2  600s

Cutting planes:
  Gomory: 9

Explored 229599 nodes (1655734 simplex iterations) in 600.77 seconds (267.44 work units)
Thread count was 32 (of 32 available processors)

Solution count 8: 51668 57262 64075 ... 100747

Time limit reached
Best objective 5.166800000000e+04, best bound 1.970620041737e+04, gap 61.8600%

User-callback calls 481658, time in user-callback 57.67 sec
