
Gurobi 13.0.2 (win64) logging started Wed Jul 15 20:49:04 2026

Set parameter LogFile to value "logs/kstar_nI40_nJ20_nK100_nL10_tI5_tJ5_s2_m0_exact_s0_20260715-204904.gurobi.log"
Set parameter Seed to value 0
Set parameter TimeLimit to value 599.9648791
Set parameter NodefileStart to value 4
Set parameter MIPGap to value 0
Set parameter MIPGapAbs to value 0.9999
Set parameter Cutoff to value 1e+100
Gurobi Optimizer version 13.0.2 build v13.0.2rc1 (win64 - Windows 11+.0 (26200.2))

CPU model: Intel(R) Core(TM) i9-14900HX, instruction set [SSE2|AVX|AVX2]
Thread count: 24 physical cores, 32 logical processors, using up to 32 threads

Non-default parameters:
TimeLimit  599.9648791
MIPGap  0
MIPGapAbs  0.9999
NodefileStart  4

Optimize a model with 1800 rows, 28060 columns and 76600 nonzeros (Min)
Model fingerprint: 0x04911c25
Model has 28060 linear objective coefficients
Variable types: 28000 continuous, 60 integer (60 binary)
Coefficient statistics:
  Matrix range     [1e+00, 1e+03]
  Objective range  [1e+00, 5e+02]
  Bounds range     [1e+00, 1e+00]
  RHS range        [5e+00, 2e+01]

Using branch priorities.
Found heuristic solution: objective 1262005.0000
Presolve time: 0.05s
Presolved: 1800 rows, 28060 columns, 76600 nonzeros
Variable types: 28000 continuous, 60 integer (60 binary)

Root relaxation: objective 1.014943e+05, 1466 iterations, 0.01 seconds (0.01 work units)

    Nodes    |    Current Node    |     Objective Bounds      |     Work
 Expl Unexpl |  Obj  Depth IntInf | Incumbent    BestBd   Gap | It/Node Time

     0     0 101494.283    0   54 1262005.00 101494.283  92.0%     -    0s
H    0     0                    113592.87194 101494.283  10.7%     -    0s
H    0     0                    113422.55775 101494.283  10.5%     -    0s
     0     0 106855.454    0   38 113422.558 106855.454  5.79%     -    0s
H    0     0                    112333.00000 106993.472  4.75%     -    0s
     0     0 107096.553    0   38 112333.000 107096.553  4.66%     -    0s
     0     0 107106.366    0   38 112333.000 107106.366  4.65%     -    0s
H    0     0                    111452.00000 109846.834  1.44%     -    0s
     0     0 109846.834    0   31 111452.000 109846.834  1.44%     -    0s
     0     0 109916.588    0   30 111452.000 109916.588  1.38%     -    0s
     0     0 109918.054    0   30 111452.000 109918.054  1.38%     -    0s
     0     0 109919.095    0   30 111452.000 109919.095  1.38%     -    0s
H    0     0                    111115.00000 110401.858  0.64%     -    0s
     0     0 110401.858    0   21 111115.000 110401.858  0.64%     -    0s
H    0     0                    111084.71429 110407.866  0.61%     -    0s
H    0     0                    111016.00000 110407.866  0.55%     -    0s
     0     0 110478.095    0   18 111016.000 110478.095  0.48%     -    0s
     0     0 110506.041    0   18 111016.000 110506.041  0.46%     -    0s
H    0     0                    111012.00000 110512.203  0.45%     -    0s
     0     0 110512.203    0   17 111012.000 110512.203  0.45%     -    0s
H    0     0                    110898.49413 110512.203  0.35%     -    0s
H    0     0                    110785.00000 110512.203  0.25%     -    0s
     0     0 110587.886    0   18 110785.000 110587.886  0.18%     -    0s
     0     0 110595.679    0    4 110785.000 110595.679  0.17%     -    0s
     0     0 110599.067    0    4 110785.000 110599.067  0.17%     -    0s
     0     0 110625.810    0   16 110785.000 110625.810  0.14%     -    0s
H    0     0                    110733.00000 110627.757  0.10%     -    0s
     0     0 110628.470    0    7 110733.000 110628.470  0.09%     -    0s
     0     0 110629.699    0    7 110733.000 110629.699  0.09%     -    0s
     0     0 110630.644    0    7 110733.000 110630.644  0.09%     -    0s
     0     0 110638.777    0    7 110733.000 110638.777  0.09%     -    0s
     0     0 110638.777    0    7 110733.000 110638.777  0.09%     -    0s
     0     0 110638.777    0    7 110733.000 110638.777  0.09%     -    0s
     0     2 110638.777    0    7 110733.000 110638.777  0.09%     -    0s
*    7     2               3    110722.00000 110696.072  0.02%  17.7    0s
*   13     0               4    110710.00000 110703.193  0.01%  13.4    0s

Cutting planes:
  Lift-and-project: 4
  Implied bound: 779
  MIR: 204
  Flow cover: 51
  Relax-and-lift: 3

Explored 15 nodes (3094 simplex iterations) in 0.92 seconds (0.86 work units)
Thread count was 32 (of 32 available processors)

Solution count 10: 110710 110722 110785 ... 1.26201e+06

Optimal solution found (tolerance 0.00e+00)
Best objective 1.107100000000e+05, best bound 1.107100000000e+05, gap 0.0000%
