
Gurobi 13.0.2 (win64) logging started Fri Jul 17 08:37:22 2026

Set parameter LogFile to value "logs/kstar_nI40_nJ20_nK50_nL5_tI5_tJ5_s1_m1_exact_s0_20260717-083722.gurobi.log"
Set parameter Seed to value 0
Set parameter TimeLimit to value 599.9869365
Set parameter MIPGap to value 0
Set parameter MIPGapAbs to value 0.5
Set parameter Cutoff to value 1e+100
Gurobi Optimizer version 13.0.2 build v13.0.2rc1 (win64 - Windows 11+.0 (26200.2))

CPU model: Intel(R) Core(TM) i9-14900HX, instruction set [SSE2|AVX|AVX2]
Thread count: 24 physical cores, 32 logical processors, using up to 32 threads

Non-default parameters:
TimeLimit  599.9869365
MIPGap  0
MIPGapAbs  0.5
PreCrush  1
LazyConstraints  1

Optimize a model with 10 rows, 65 columns and 300 nonzeros (Min)
Model fingerprint: 0x32d61a66
Model has 65 linear objective coefficients
Variable types: 5 continuous, 60 integer (60 binary)
Coefficient statistics:
  Matrix range     [1e+00, 7e+02]
  Objective range  [1e+00, 5e+02]
  Bounds range     [1e+00, 7e+03]
  RHS range        [6e+02, 7e+02]

Using branch priorities.
Presolve removed 8 rows and 0 columns
Presolve time: 0.00s
Presolved: 2 rows, 65 columns, 60 nonzeros
Variable types: 5 continuous, 60 integer (60 binary)

Root relaxation: objective 2.734585e+04, 2 iterations, 0.00 seconds (0.00 work units)

    Nodes    |    Current Node    |     Objective Bounds      |     Work
 Expl Unexpl |  Obj  Depth IntInf | Incumbent    BestBd   Gap | It/Node Time

     0     0 27345.8509    0    3          - 27345.8509      -     -    0s
H    0     0                    99440.000000 27345.8509  72.5%     -    0s
H    0     0                    93956.000000 27345.8509  70.9%     -    0s
H    0     0                    91947.000000 27345.8509  70.3%     -    0s
     0     0 27565.3976    0    4 91947.0000 27565.3976  70.0%     -    0s
     0     0 27714.1365    0    8 91947.0000 27714.1365  69.9%     -    0s
H    0     0                    84472.000000 27760.8805  67.1%     -    0s
     0     0 27940.5225    0   14 84472.0000 27940.5225  66.9%     -    0s
     0     0 28050.0778    0   13 84472.0000 28050.0778  66.8%     -    0s
H    0     0                    74900.000000 28055.9505  62.5%     -    0s
H    0     0                    66015.000000 28055.9505  57.5%     -    0s
     0     0 28200.0838    0   14 66015.0000 28200.0838  57.3%     -    0s
     0     0 28205.0424    0   14 66015.0000 28205.0424  57.3%     -    0s
     0     2 28284.5229    0   13 66015.0000 28284.5229  57.2%     -    0s
H 3336  2819                    62203.000000 28408.6704  54.3%   3.3    1s
H 3336  2678                    62155.000000 28408.6704  54.3%   3.3    1s
H 3338  2545                    56750.000000 28458.9374  49.9%   3.3    1s
H 3348  2424                    56451.000000 28499.3926  49.5%   3.3    2s
H 3352  2305                    54340.000000 28499.3926  47.6%   3.3    2s
  4139  2969 30520.8314   22   13 54340.0000 28654.2220  47.3%   5.3    5s
  7734  4774 30688.3241   39    3 54340.0000 28753.7786  47.1%   5.4   10s
 14245  9767 29895.8236   21   15 54340.0000 29040.4560  46.6%   5.3   15s
 24645 18977 35220.0000   49    - 54340.0000 29309.5087  46.1%   5.2   20s
 32558 26097 36510.5351   50    3 54340.0000 29410.7290  45.9%   5.1   25s
 38489 31053 30250.4744   26   17 54340.0000 29466.9828  45.8%   5.1   30s
 44977 36694 29975.0788   23   16 54340.0000 29506.8501  45.7%   5.2   36s
 50155 40990 31820.7496   31   14 54340.0000 29551.0702  45.6%   5.2   41s
 53215 43793 30645.0034   28   15 54340.0000 29578.5150  45.6%   5.2   45s
 58594 48370 32105.2023   39    7 54340.0000 29607.1199  45.5%   5.3   51s
 62091 51158 31635.1401   33    7 54340.0000 29622.3166  45.5%   5.3   55s
 65635 53168 31691.0000   49   14 54340.0000 29640.6319  45.5%   5.3   64s
H65636 50510                    50038.000000 29640.6319  40.8%   5.3   65s
H65638 47985                    47502.000000 29640.6319  37.6%   5.3   68s
H65642 45589                    46384.000000 29640.6319  36.1%   5.3   70s
H65642 43309                    46380.000000 29640.6319  36.1%   5.3   70s
H65647 41146                    46167.000000 29640.6319  35.8%   5.3   74s
 65649 41147 30516.5118   23   32 46167.0000 29640.6319  35.8%   5.3   75s
H65650 39091                    46101.000000 29640.6319  35.7%   5.3   77s
 65746 39255 31120.4810   30   24 46101.0000 29761.4129  35.4%   5.4   80s
 66580 39830 31705.9411   39    9 46101.0000 29761.4129  35.4%   5.5   85s
 67903 40564 32860.0370   51    4 46101.0000 29761.4129  35.4%   5.5   90s
 69231 41492 37679.3375   70    3 46101.0000 29900.6550  35.1%   5.5   95s
 72094 42994 31675.7852   43    8 46101.0000 30013.1081  34.9%   5.6  101s
 73519 43766 30892.3745   32   18 46101.0000 30013.1081  34.9%   5.6  105s
 76484 45517 31231.6819   36   15 46101.0000 30079.7092  34.8%   5.7  111s
 78723 46206 31235.7951   41   18 46101.0000 30211.0269  34.5%   5.7  115s
 79326 46957 31467.7562   41   12 46101.0000 30214.5897  34.5%   5.7  120s
 81005 48096 31704.4902   49   15 46101.0000 30248.3087  34.4%   5.7  125s
 84486 50068 32422.7675   56    8 46101.0000 30302.6988  34.3%   5.8  131s
 86758 51012 31100.7817   35   21 46101.0000 30349.4910  34.2%   5.8  135s
 89890 53051 36500.7546   76    3 46101.0000 30390.8185  34.1%   5.9  141s
 92745 54624 31269.3607   38   21 46101.0000 30401.3688  34.1%   5.9  147s
 94209 55456 31356.7552   36   20 46101.0000 30441.5380  34.0%   5.9  150s
 97204 56923 31395.7379   35   21 46101.0000 30456.6895  33.9%   6.0  158s
 98353 57543 31792.9008   40   19 46101.0000 30469.5835  33.9%   6.0  161s
 99854 58383 32226.0200   49   13 46101.0000 30469.5835  33.9%   6.0  165s
 102763 58907 30982.9627   36   21 46101.0000 30493.4720  33.9%   6.1  173s
 102795 59883 31296.4090   37   21 46101.0000 30493.4720  33.9%   6.1  177s
 104186 60567 32056.9776   43   11 46101.0000 30493.7944  33.9%   6.1  180s
 105605 61665 31412.2398   43   14 46101.0000 30493.7944  33.9%   6.2  185s
 107355 62456 31155.3736   36   22 46101.0000 30531.1992  33.8%   6.2  190s
 108974 62856 31417.3969   38   19 46101.0000 30542.0052  33.7%   6.2  197s
 109913 63602 31500.4546   39   18 46101.0000 30542.0052  33.7%   6.2  201s
 111167 64110 31531.3601   40   15 46101.0000 30555.0990  33.7%   6.2  205s
 112205 64932 31621.2565   41   14 46101.0000 30569.2749  33.7%   6.3  210s
 114981 66730 31788.6147   43   13 46101.0000 30577.8671  33.7%   6.3  219s
 116936 67371 31728.6138   36   14 46101.0000 30583.9385  33.7%   6.3  225s
 118639 68942 31050.1975   33   21 46101.0000 30595.7713  33.6%   6.4  230s
 121038 69819 31379.3712   39   27 46101.0000 30610.6969  33.6%   6.4  235s
 122977 70981 32568.6249   50    4 46101.0000 30612.1350  33.6%   6.4  241s
 125280 72151 31090.1036   35   27 46101.0000 30621.1625  33.6%   6.5  246s
 127517 73597 32421.6670   46    8 46101.0000 30636.2486  33.5%   6.5  252s
 129889 74701 31723.8334   46    9 46101.0000 30640.6058  33.5%   6.5  259s
 132112 75902 31351.1889   40   20 46101.0000 30664.1596  33.5%   6.6  265s
 134193 77452 31939.2003   40   19 46101.0000 30664.2653  33.5%   6.6  271s
 136976 78552 32113.3624   49   20 46101.0000 30675.9203  33.5%   6.7  277s
 139341 80131 32038.9138   44   12 46101.0000 30690.5846  33.4%   6.7  284s
 142149 81524 31898.1328   43   15 46101.0000 30702.5239  33.4%   6.7  291s
 144677 82844 33442.6538   69    2 46101.0000 30711.4558  33.4%   6.8  298s
 147725 84470 32226.3649   41   19 46101.0000 30720.6899  33.4%   6.8  305s
 150527 85457 32985.4083   52    5 46101.0000 30730.1083  33.3%   6.8  316s
 152566 86798 32839.7642   52   11 46101.0000 30730.3912  33.3%   6.8  323s
 155272 88335 32222.3937   46   19 46101.0000 30742.5333  33.3%   6.9  330s
 158001 89758 31440.5572   39   21 46101.0000 30760.7499  33.3%   6.9  338s
 160752 91290 32071.2023   40   21 46101.0000 30762.1760  33.3%   6.9  345s
 163461 92427 32360.1357   50   15 46101.0000 30773.8114  33.2%   7.0  353s
 165838 93823 31917.7867   44   16 46101.0000 30783.3430  33.2%   7.0  361s
 168373 95165 31759.7888   42   21 46101.0000 30789.9400  33.2%   7.0  370s
 170750 96656 31948.1863   42   18 46101.0000 30791.8746  33.2%   7.0  377s
 173538 96409 33833.9617   69    4 46101.0000 30804.6342  33.2%   7.1  385s
 173942 97444 33846.1072   70    4 46101.0000 30804.6342  33.2%   7.1  393s
 175576 98638 32002.8485   49   18 46101.0000 30805.4379  33.2%   7.1  401s
 177566 99716 32232.9650   48   16 46101.0000 30815.2651  33.2%   7.1  410s
 179624 101180 33193.6963   65    5 46101.0000 30822.0322  33.1%   7.1  419s
 182054 102208 31363.8621   39   17 46101.0000 30833.1799  33.1%   7.1  427s
 184168 104006 31813.5273   42   20 46101.0000 30840.9404  33.1%   7.2  437s
 186724 105865 31724.8681   39   18 46101.0000 30846.8669  33.1%   7.2  447s
 188984 108096 32941.6340   51    7 46101.0000 30848.2671  33.1%   7.2  456s
 191484 110321 32737.4282   53   11 46101.0000 30862.7663  33.1%   7.2  464s
 194057 112521 33334.7169   41   16 46101.0000 30870.2055  33.0%   7.2  473s
 196625 114571 32607.6088   46   10 46101.0000 30878.3629  33.0%   7.3  481s
 199198 116862 31807.2833   39   18 46101.0000 30882.7759  33.0%   7.3  489s
 200234 116991 32397.4812   49   12 46101.0000 30884.4444  33.0%   7.3  490s
 201660 118922 32242.4948   45   19 46101.0000 30884.7243  33.0%   7.3  497s
 204195 120575 32530.3721   45   20 46101.0000 30890.1765  33.0%   7.3  506s
 206321 122640 32074.1667   43   19 46101.0000 30899.3666  33.0%   7.3  516s
 208621 124556 32753.8991   55   14 46101.0000 30905.0937  33.0%   7.3  524s
 210832 126555 31917.0014   42   19 46101.0000 30910.1997  33.0%   7.4  531s
 213176 128412 38337.6920   76    5 46101.0000 30919.0354  32.9%   7.4  543s
 215354 130197 32168.4656   40   19 46101.0000 30920.2539  32.9%   7.4  551s
 217296 132186 33305.5738   44   16 46101.0000 30930.0281  32.9%   7.4  559s
 219650 134202 32428.5568   47   17 46101.0000 30930.7455  32.9%   7.5  568s
 221979 135879 32106.3739   39   27 46101.0000 30936.4534  32.9%   7.5  576s
 223855 137567 33345.7021   51   12 46101.0000 30936.4534  32.9%   7.5  585s
 225816 139445 32494.3197   37   19 46101.0000 30946.0686  32.9%   7.5  594s
 228158 140794 32152.0121   45   20 46101.0000 30951.0453  32.9%   7.5  600s

Cutting planes:
  Gomory: 4
  MIR: 8
  StrongCG: 1
  Flow cover: 3

Explored 229367 nodes (1738995 simplex iterations) in 600.90 seconds (208.22 work units)
Thread count was 32 (of 32 available processors)

Solution count 10: 46101 46167 46380 ... 62155

Time limit reached
Best objective 4.610100000000e+04, best bound 3.095104527003e+04, gap 32.8625%

User-callback calls 478416, time in user-callback 24.74 sec
