
Gurobi 13.0.2 (win64) logging started Wed Jul 15 20:56:42 2026

Set parameter LogFile to value "logs/kstar_nI40_nJ40_nK50_nL5_tI5_tJ5_s2_m0_exact_s0_20260715-205642.gurobi.log"
Set parameter Seed to value 0
Set parameter TimeLimit to value 599.9748512
Set parameter NodefileStart to value 4
Set parameter MIPGap to value 0
Set parameter MIPGapAbs to value 0.9999
Set parameter Cutoff to value 1e+100
Gurobi Optimizer version 13.0.2 build v13.0.2rc1 (win64 - Windows 11+.0 (26200.2))

CPU model: Intel(R) Core(TM) i9-14900HX, instruction set [SSE2|AVX|AVX2]
Thread count: 24 physical cores, 32 logical processors, using up to 32 threads

Non-default parameters:
TimeLimit  599.9748512
MIPGap  0
MIPGapAbs  0.9999
NodefileStart  4

Optimize a model with 850 rows, 18080 columns and 46400 nonzeros (Min)
Model fingerprint: 0xdcf96bb4
Model has 18080 linear objective coefficients
Variable types: 18000 continuous, 80 integer (80 binary)
Coefficient statistics:
  Matrix range     [1e+00, 7e+02]
  Objective range  [1e+00, 5e+02]
  Bounds range     [1e+00, 1e+00]
  RHS range        [5e+00, 2e+01]

Using branch priorities.
Found heuristic solution: objective 355148.00000
Presolve time: 0.02s
Presolved: 850 rows, 18080 columns, 46400 nonzeros
Variable types: 18000 continuous, 80 integer (80 binary)

Root relaxation: objective 2.144785e+04, 761 iterations, 0.00 seconds (0.01 work units)

    Nodes    |    Current Node    |     Objective Bounds      |     Work
 Expl Unexpl |  Obj  Depth IntInf | Incumbent    BestBd   Gap | It/Node Time

     0     0 21447.8497    0   79 355148.000 21447.8497  94.0%     -    0s
H    0     0                    40149.545791 21447.8497  46.6%     -    0s
H    0     0                    39364.000000 21447.8497  45.5%     -    0s
H    0     0                    39158.000000 21447.8497  45.2%     -    0s
     0     0 27858.8884    0   66 39158.0000 27858.8884  28.9%     -    0s
H    0     0                    36437.000000 27893.7424  23.4%     -    0s
H    0     0                    36218.000000 27893.7424  23.0%     -    0s
H    0     0                    36102.000000 27893.7424  22.7%     -    0s
     0     0 27950.9129    0   66 36102.0000 27950.9129  22.6%     -    0s
     0     0 27953.5374    0   65 36102.0000 27953.5374  22.6%     -    0s
     0     0 27953.5530    0   65 36102.0000 27953.5530  22.6%     -    0s
H    0     0                    35850.000000 27953.5530  22.0%     -    0s
     0     0 29798.2742    0   75 35850.0000 29798.2742  16.9%     -    0s
H    0     0                    34224.000000 29799.9482  12.9%     -    0s
     0     0 30224.4594    0   73 34224.0000 30224.4594  11.7%     -    0s
     0     0 30301.2863    0   72 34224.0000 30301.2863  11.5%     -    0s
     0     0 30323.3656    0   71 34224.0000 30323.3656  11.4%     -    0s
     0     0 30333.0634    0   73 34224.0000 30333.0634  11.4%     -    0s
     0     0 30925.5104    0   75 34224.0000 30925.5104  9.64%     -    0s
H    0     0                    33890.000000 30925.5743  8.75%     -    0s
H    0     0                    33834.000000 30925.5743  8.60%     -    0s
H    0     0                    33829.000000 30925.5743  8.58%     -    0s
H    0     0                    33724.000000 30925.5743  8.30%     -    0s
H    0     0                    33661.000000 30925.5743  8.13%     -    0s
H    0     0                    33657.000000 30925.5743  8.12%     -    0s
     0     0 31134.6445    0   77 33657.0000 31134.6445  7.49%     -    0s
     0     0 31198.1245    0   77 33657.0000 31198.1245  7.31%     -    0s
     0     0 31227.8444    0   77 33657.0000 31227.8444  7.22%     -    0s
     0     0 31235.3622    0   77 33657.0000 31235.3622  7.20%     -    0s
     0     0 31236.4132    0   77 33657.0000 31236.4132  7.19%     -    0s
H    0     0                    33564.000000 31236.4132  6.93%     -    0s
     0     0 31417.9387    0   77 33564.0000 31417.9387  6.39%     -    0s
     0     0 31488.6626    0   77 33564.0000 31488.6626  6.18%     -    1s
     0     0 31506.8409    0   78 33564.0000 31506.8409  6.13%     -    1s
     0     0 31514.4124    0   78 33564.0000 31514.4124  6.11%     -    1s
     0     0 31549.4362    0   77 33564.0000 31549.4362  6.00%     -    1s
     0     0 31560.6129    0   76 33564.0000 31560.6129  5.97%     -    1s
     0     0 31562.5734    0   76 33564.0000 31562.5734  5.96%     -    1s
     0     0 31590.5200    0   75 33564.0000 31590.5200  5.88%     -    1s
     0     0 31590.9844    0   75 33564.0000 31590.9844  5.88%     -    1s
     0     0 31590.9844    0   75 33564.0000 31590.9844  5.88%     -    1s
     0     0 31590.9844    0   75 33564.0000 31590.9844  5.88%     -    1s
     0     2 31590.9844    0   75 33564.0000 31590.9844  5.88%     -    1s
H  349   390                    33075.000000 31945.8045  3.41%   118    1s
H  351   390                    32966.000000 31945.8045  3.09%   118    1s
H  352   390                    32742.000000 31945.8045  2.43%   118    1s
*  547   526              28    32611.000000 31945.8045  2.04%   106    2s
H  767   641                    32445.000000 32039.2128  1.25%  95.8    2s
* 1858   635              20    32444.000000 32189.7344  0.78%  90.1    3s

Cutting planes:
  Implied bound: 382
  MIR: 253
  Flow cover: 494
  Relax-and-lift: 20

Explored 3145 nodes (256307 simplex iterations) in 4.86 seconds (8.16 work units)
Thread count was 32 (of 32 available processors)

Solution count 10: 32444 32445 32611 ... 33724

Optimal solution found (tolerance 0.00e+00)
Best objective 3.244400000000e+04, best bound 3.244400000000e+04, gap 0.0000%
