
Gurobi 13.0.2 (win64) logging started Thu Jul 16 09:51:05 2026

Set parameter LogFile to value "logs/kstar_nI20_nJ40_nK50_nL10_tI2_tJ2_s5_m1_exact_s0_20260716-095105.gurobi.log"
Set parameter Seed to value 0
Set parameter TimeLimit to value 599.9650453
Set parameter MIPGap to value 0
Set parameter MIPGapAbs to value 0.5
Set parameter Cutoff to value 1e+100
Gurobi Optimizer version 13.0.2 build v13.0.2rc1 (win64 - Windows 11+.0 (26200.2))

CPU model: Intel(R) Core(TM) i9-14900HX, instruction set [SSE2|AVX|AVX2]
Thread count: 24 physical cores, 32 logical processors, using up to 32 threads

Non-default parameters:
TimeLimit  599.9650453
MIPGap  0
MIPGapAbs  0.5
PreCrush  1
LazyConstraints  1

Optimize a model with 20 rows, 70 columns and 600 nonzeros (Min)
Model fingerprint: 0xb1fc5755
Model has 70 linear objective coefficients
Variable types: 10 continuous, 60 integer (60 binary)
Coefficient statistics:
  Matrix range     [1e+00, 7e+02]
  Objective range  [1e+00, 5e+02]
  Bounds range     [1e+00, 4e+03]
  RHS range        [6e+02, 7e+02]

Using branch priorities.
Presolve removed 16 rows and 0 columns
Presolve time: 0.00s
Presolved: 4 rows, 70 columns, 120 nonzeros
Variable types: 10 continuous, 60 integer (60 binary)

Root relaxation: objective 3.814479e+04, 6 iterations, 0.00 seconds (0.00 work units)

    Nodes    |    Current Node    |     Objective Bounds      |     Work
 Expl Unexpl |  Obj  Depth IntInf | Incumbent    BestBd   Gap | It/Node Time

     0     0 38144.7853    0    4          - 38144.7853      -     -    0s
H    0     0                    350324.00000 38144.7853  89.1%     -    0s
H    0     0                    309044.00000 38144.7853  87.7%     -    0s
H    0     0                    286336.00000 38144.7853  86.7%     -    0s
H    0     0                    264270.00000 38144.7853  85.6%     -    0s
     0     0 38169.5805    0    7 264270.000 38169.5805  85.6%     -    0s
     0     0 38169.8205    0    7 264270.000 38169.8205  85.6%     -    0s
H    0     0                    263467.00000 38169.8205  85.5%     -    0s
H    0     0                    215236.00000 38169.8244  82.3%     -    0s
H    0     0                    202722.00000 38170.6339  81.2%     -    0s
     0     2 38201.0631    0   11 202722.000 38201.0631  81.2%     -    0s
  3394  2958 39476.0000   42    7 202722.000 38281.4500  81.1%   3.1    5s
H 3404  2816                    189916.00000 38281.4500  79.8%   3.1    6s
  3727  3123 38466.2146   19   14 189916.000 38306.8378  79.8%   4.5   10s
  4962  3866 38465.4524   29   20 189916.000 38306.8378  79.8%   5.7   15s
  6305  4521 38570.4733   34   15 189916.000 38360.7976  79.8%   5.9   20s
  7524  5213 40277.5963   67    1 189916.000 38383.0036  79.8%   5.9   25s
  9377  6203 40142.8573   59    2 189916.000 38414.1079  79.8%   5.8   30s
 10036  6461 38844.6934   19    9 189916.000 38416.2731  79.8%   5.9   35s
 10941  6959 39679.7178   42    1 189916.000 38422.4338  79.8%   5.9   40s
 12085  7563 38737.6874   19   12 189916.000 38441.5614  79.8%   5.8   45s
 13631  8970 38719.5578   30   19 189916.000 38443.1477  79.8%   5.9   50s
 15340 10113 39405.9227   55    6 189916.000 38447.7685  79.8%   5.8   55s
 16558 11088 38747.0604   25   16 189916.000 38447.9383  79.8%   5.8   60s
 17050 11728 38880.3435   28   14 189916.000 38470.8072  79.7%   5.8   65s
 18351 13013 38566.8708   20   19 189916.000 38475.7668  79.7%   5.8   70s
 20477 14489 40584.0998   62    3 189916.000 38480.4882  79.7%   5.7   76s
 21902 15794 38694.5387   22   21 189916.000 38500.2435  79.7%   5.7   80s
 23264 16756 39624.9787   55    3 189916.000 38503.7072  79.7%   5.7   85s
 24673 18101 39264.4365   33    4 189916.000 38503.7072  79.7%   5.7   90s
 26132 19261 39039.8083   37   12 189916.000 38504.1016  79.7%   5.8   95s
 27727 20740 39005.1721   33   12 189916.000 38504.1016  79.7%   5.9  100s
 29139 21813 38987.4433   42   14 189916.000 38504.1016  79.7%   5.9  106s
 29737 21942 38621.5414   28   21 189916.000 38504.4222  79.7%   6.0  110s
 29769 21974 38625.6109   29   19 189916.000 38504.4222  79.7%   6.0  115s
 29801 22173 38631.0064   30   20 189916.000 38504.4222  79.7%   6.0  120s
 30060 22313 38636.9281   31   18 189916.000 38504.4222  79.7%   6.0  125s
 30220 22667 38704.2453   32   18 189916.000 38504.4222  79.7%   6.1  130s
 30697 23043 38707.1319   33   18 189916.000 38504.4222  79.7%   6.1  136s
 31379 23488 38711.1808   34   16 189916.000 38530.7044  79.7%   6.1  142s
 32386 24397 38750.6494   35   15 189916.000 38545.5298  79.7%   6.0  148s
 33155 25136 39019.5170   36    7 189916.000 38545.5298  79.7%   6.0  154s
 34054 25367 39056.8278   37    8 189916.000 38545.5298  79.7%   6.0  159s
 34202 25623 39162.3445   38    8 189916.000 38545.5298  79.7%   6.0  165s
 34524 26029 39356.0054   42    3 189916.000 38545.5298  79.7%   6.0  171s
 34989 26671 38811.4409   39   17 189916.000 38546.9354  79.7%   6.1  178s
 35782 27459 38719.2302   32   24 189916.000 38546.9354  79.7%   6.1  184s
 36708 28345 39206.3633   49   14 189916.000 38546.9354  79.7%   6.1  191s
 37832 29122 40633.9915   67    1 189916.000 38557.6995  79.7%   6.1  198s
 38698 29807 39911.1728   50    2 189916.000 38559.0284  79.7%   6.2  205s
 39835 30762 39221.5204   28    9 189916.000 38559.4498  79.7%   6.2  212s
 41413 32128 39047.2451   37   12 189916.000 38564.4964  79.7%   6.2  219s
 42065 32228 39010.7765   33   17 189916.000 38565.0780  79.7%   6.2  220s
 42899 33424 38859.7920   30   23 189916.000 38572.0633  79.7%   6.2  226s
 44290 34289 38875.4602   27   16 189916.000 38572.0633  79.7%   6.3  233s
 45683 35449 39709.4227   43    6 189916.000 38572.0633  79.7%   6.3  241s
 47093 36606 38890.6332   22   17 189916.000 38574.0746  79.7%   6.3  250s
 48949 38091 38887.3021   30   20 189916.000 38577.6255  79.7%   6.4  259s
 50398 39607 38917.7199   24   17 189916.000 38584.4080  79.7%   6.4  268s
 52217 41218 38871.0580   33   14 189916.000 38592.8821  79.7%   6.5  276s
 54193 41535 39012.9316   34    7 189916.000 38598.3153  79.7%   6.5  302s
 54197 41538 40786.0000   53   30 189916.000 38598.3153  79.7%   6.5  306s
H54200 39462                    184808.00000 38598.3153  79.1%   6.5  310s
 54206 39466 39355.4709   35   31 184808.000 38598.3153  79.1%   6.5  317s
 54211 39469 39288.1917   57   33 184808.000 38598.3153  79.1%   6.5  321s
H54211 37496                    159771.00000 38598.3153  75.8%   6.5  321s
 54215 37499 38618.0896   32   32 159771.000 38598.3153  75.8%   6.5  325s
H54217 35624                    142380.00000 38598.3153  72.9%   6.5  327s
 54225 35638 38598.3153   27   27 142380.000 38598.3153  72.9%   6.5  330s
 54249 35678 38598.3153   29   26 142380.000 38598.3153  72.9%   6.6  335s
 54313 35791 38598.3153   31   28 142380.000 38598.3153  72.9%   6.6  340s
 54447 35870 38598.3153   33   26 142380.000 38598.3153  72.9%   6.7  349s
 54539 35970 38851.3687   33   20 142380.000 38598.3153  72.9%   6.7  351s
 54799 36135 38598.3153   35   26 142380.000 38598.3153  72.9%   6.9  355s
 55263 36422 38818.0352   37   23 142380.000 38598.3153  72.9%   7.0  361s
 55522 36506 38704.9411   38   24 142380.000 38598.3153  72.9%   7.0  365s
 55843 36656 38781.7220   40   24 142380.000 38598.3153  72.9%   7.1  371s
 56048 36801 39113.3140   41   12 142380.000 38598.3153  72.9%   7.1  375s
 56282 36938 38949.8601   43   22 142380.000 38598.3153  72.9%   7.2  380s
 56567 37061 38953.9563   44   23 142380.000 38598.3153  72.9%   7.2  385s
 56772 37184 39160.7505   45   13 142380.000 38598.3153  72.9%   7.2  390s
 57066 37447 39062.9746   47   17 142380.000 38598.3153  72.9%   7.3  395s
 57517 37650 39130.4727   50   18 142380.000 38598.3153  72.9%   7.3  400s
 57684 37753 39139.7048   51   16 142380.000 38598.3153  72.9%   7.4  405s
 58282 38141 39288.1411   53   14 142380.000 38598.3153  72.9%   7.4  412s
 58684 38129 39593.9986   55    7 142380.000 38598.3153  72.9%   7.4  417s
 58751 38271 39384.4946   56   10 142380.000 38598.3153  72.9%   7.4  423s
 59021 38368 39548.1014   56    7 142380.000 38598.3153  72.9%   7.4  429s
 59217 38685 39638.0135   57    7 142380.000 38598.3153  72.9%   7.5  433s
 59646 38842 40095.5690   67    4 142380.000 38598.3153  72.9%   7.5  437s
 60087 39180 41002.2266   81    1 142380.000 38598.3153  72.9%   7.5  442s
 60665 39446 38855.9545   39   24 142380.000 38598.3153  72.9%   7.5  446s
 61145 39765 39013.5071   44   25 142380.000 38598.3153  72.9%   7.6  450s
 61655 40002 39121.6696   54   19 142380.000 38598.3153  72.9%   7.6  455s
 62142 40061 39808.1771   71    7 142380.000 38598.3153  72.9%   7.7  460s
 62328 40349 39934.8622   73    2 142380.000 38598.3153  72.9%   7.7  465s
 62823 40787 38892.2239   37   26 142380.000 38598.3153  72.9%   7.7  470s
 63495 41106 39404.4146   44    8 142380.000 38598.3153  72.9%   7.7  475s
 64156 41384 38679.8576   38   31 142380.000 38598.3153  72.9%   7.8  481s
 64732 41314 38968.8023   42   28 142380.000 38598.3153  72.9%   7.8  489s
 64787 41623 39262.9407   43   15 142380.000 38598.3153  72.9%   7.8  499s
 65214 41824 39270.3619   44   14 142380.000 38598.3153  72.9%   7.8  506s
 65609 42355 39392.4093   45   11 142380.000 38598.3153  72.9%   7.9  512s
 66438 42698 38678.8197   49   24 142380.000 38598.3153  72.9%   7.9  520s
 67102 43022 38833.7384   58   17 142380.000 38598.3153  72.9%   7.9  526s
 67762 42932 39695.2658   76    2 142380.000 38598.3153  72.9%   8.0  533s
 67798 43085 40038.3295   77    4 142380.000 38598.3153  72.9%   8.0  542s
 68148 43527 40044.4570   78    3 142380.000 38598.3153  72.9%   8.0  550s
 69114 43997 40144.4736   79    2 142380.000 38598.3153  72.9%   8.0  559s
 70210 44582 38786.1132   41   30 142380.000 38598.3153  72.9%   8.0  567s
 71221 45138 38880.7666   55   21 142380.000 38603.7083  72.9%   8.1  576s
 72213 45759 38693.6420   40   26 142380.000 38629.2368  72.9%   8.1  584s
 72241 45751 38820.1685   53   23 142380.000 38629.2368  72.9%   8.1  585s
 73329 46211 40272.9058   67    3 142380.000 38633.6242  72.9%   8.1  593s
 74182 46262 39156.5068   42   19 142380.000 38633.6242  72.9%   8.2  600s

Cutting planes:
  MIR: 19
  Flow cover: 4

Explored 74502 nodes (611823 simplex iterations) in 602.18 seconds (289.30 work units)
Thread count was 32 (of 32 available processors)

Solution count 10: 142380 159771 184808 ... 350324

Time limit reached
Best objective 1.423800000000e+05, best bound 3.863362417752e+04, gap 72.8658%

User-callback calls 187857, time in user-callback 97.92 sec
