
Gurobi 13.0.2 (win64) logging started Fri Jul 10 23:00:03 2026

Set parameter LogFile to value "logs/kstar_nI20_nJ20_nK100_nL10_tI4_tJ4_s1_m0_exact_s0_20260710-230003.gurobi.log"
Set parameter Seed to value 0
Set parameter TimeLimit to value 599.9716548
Set parameter NodefileStart to value 4
Set parameter MIPGap to value 0
Set parameter MIPGapAbs to value 0.9999
Set parameter Cutoff to value 1e+100
Gurobi Optimizer version 13.0.2 build v13.0.2rc1 (win64 - Windows 11+.0 (26200.2))

CPU model: Intel(R) Core(TM) i9-14900HX, instruction set [SSE2|AVX|AVX2]
Thread count: 24 physical cores, 32 logical processors, using up to 32 threads

Non-default parameters:
TimeLimit  599.9716548
MIPGap  0
MIPGapAbs  0.9999
NodefileStart  4

Optimize a model with 1600 rows, 24040 columns and 68400 nonzeros (Min)
Model fingerprint: 0x64161e55
Model has 24040 linear objective coefficients
Variable types: 24000 continuous, 40 integer (40 binary)
Coefficient statistics:
  Matrix range     [1e+00, 1e+03]
  Objective range  [1e+00, 5e+02]
  Bounds range     [1e+00, 1e+00]
  RHS range        [5e+00, 2e+01]

Using branch priorities.
Found heuristic solution: objective 1214446.0000
Presolve time: 0.04s
Presolved: 1600 rows, 24040 columns, 68400 nonzeros
Variable types: 24000 continuous, 40 integer (40 binary)

Root relaxation: objective 1.212143e+05, 1511 iterations, 0.01 seconds (0.01 work units)

    Nodes    |    Current Node    |     Objective Bounds      |     Work
 Expl Unexpl |  Obj  Depth IntInf | Incumbent    BestBd   Gap | It/Node Time

     0     0 121214.275    0   37 1214446.00 121214.275  90.0%     -    0s
H    0     0                    128417.10431 121214.275  5.61%     -    0s
     0     0 127675.239    0    8 128417.104 127675.239  0.58%     -    0s
H    0     0                    128291.53765 127775.575  0.40%     -    0s
H    0     0                    128250.00000 127775.575  0.37%     -    0s
     0     0 127775.575    0    6 128250.000 127775.575  0.37%     -    0s
*    0     0               0    128135.00000 128135.000  0.00%     -    0s

Cutting planes:
  Implied bound: 885
  MIR: 33
  Flow cover: 175
  Relax-and-lift: 9

Explored 1 nodes (1865 simplex iterations) in 0.24 seconds (0.26 work units)
Thread count was 32 (of 32 available processors)

Solution count 1: 128135 

Optimal solution found (tolerance 0.00e+00)
Best objective 1.281350000000e+05, best bound 1.281350000000e+05, gap 0.0000%
