
Gurobi 13.0.2 (win64) logging started Fri Jul 17 16:49:57 2026

Set parameter LogFile to value "logs/kstar_nI40_nJ40_nK100_nL5_tI4_tJ4_s5_m1_exact_s0_20260717-164957.gurobi.log"
Set parameter Seed to value 0
Set parameter TimeLimit to value 599.9628558
Set parameter MIPGap to value 0
Set parameter MIPGapAbs to value 0.5
Set parameter Cutoff to value 1e+100
Gurobi Optimizer version 13.0.2 build v13.0.2rc1 (win64 - Windows 11+.0 (26200.2))

CPU model: Intel(R) Core(TM) i9-14900HX, instruction set [SSE2|AVX|AVX2]
Thread count: 24 physical cores, 32 logical processors, using up to 32 threads

Non-default parameters:
TimeLimit  599.9628558
MIPGap  0
MIPGapAbs  0.5
PreCrush  1
LazyConstraints  1

Optimize a model with 10 rows, 85 columns and 400 nonzeros (Min)
Model fingerprint: 0xe4987153
Model has 85 linear objective coefficients
Variable types: 5 continuous, 80 integer (80 binary)
Coefficient statistics:
  Matrix range     [2e+01, 1e+03]
  Objective range  [1e+00, 5e+02]
  Bounds range     [1e+00, 8e+03]
  RHS range        [1e+03, 1e+03]

Using branch priorities.
Presolve removed 8 rows and 0 columns
Presolve time: 0.00s
Presolved: 2 rows, 85 columns, 80 nonzeros
Variable types: 5 continuous, 80 integer (80 binary)

Root relaxation: objective 3.594143e+04, 4 iterations, 0.00 seconds (0.00 work units)

    Nodes    |    Current Node    |     Objective Bounds      |     Work
 Expl Unexpl |  Obj  Depth IntInf | Incumbent    BestBd   Gap | It/Node Time

     0     0 35941.4340    0    2          - 35941.4340      -     -    0s
H    0     0                    293101.00000 35941.4340  87.7%     -    0s
H    0     0                    253472.00000 35941.4340  85.8%     -    0s
H    0     0                    234278.00000 35941.4340  84.7%     -    0s
H    0     0                    181014.00000 35941.4340  80.1%     -    0s
     0     0 36182.2223    0    6 181014.000 36182.2223  80.0%     -    0s
     0     0 36259.0043    0    8 181014.000 36259.0043  80.0%     -    0s
H    0     0                    170175.00000 36263.8610  78.7%     -    0s
     0     0 36320.2327    0   10 170175.000 36320.2327  78.7%     -    0s
     0     0 36321.8453    0   10 170175.000 36321.8453  78.7%     -    0s
H    0     0                    162800.00000 36321.8453  77.7%     -    0s
     0     2 36356.4285    0   14 162800.000 36356.4285  77.7%     -    0s
  3981  3645 36595.8920   20   10 162800.000 36427.0973  77.6%   2.7    5s
H 3982  3463                    147812.00000 36427.0973  75.4%   2.7    6s
H 3988  3294                    140110.00000 36492.2774  74.0%   2.7    6s
H 3988  3129                    133952.00000 36492.2774  72.8%   2.7    7s
  4050  3187 36554.2614   20   20 133952.000 36538.8987  72.7%   3.0   10s
  5720  4247 37282.2443   42    4 133952.000 36559.4575  72.7%   4.0   15s
  8307  5799 39654.0262   85    1 133952.000 36577.4758  72.7%   3.7   20s
 10061  6746 38846.4821   73    1 133952.000 36623.9423  72.7%   3.7   25s
 11795  7428 39108.1884   60    2 133952.000 36657.0676  72.6%   3.8   30s
 12908  8093 36819.2942   25   16 133952.000 36677.7677  72.6%   3.8   35s
 14805  9677 39048.0549   72    2 133952.000 36705.6030  72.6%   3.7   40s
 17377 11589 37051.8193   38   12 133952.000 36705.6030  72.6%   3.7   45s
 18889 12987 51700.8015   92    1 133952.000 36718.2305  72.6%   3.6   50s
 21090 14858 37139.8325   31    6 133952.000 36718.2305  72.6%   3.6   55s
 23674 17291 38773.2139   58    1 133952.000 36745.4245  72.6%   3.6   60s
 26229 19726 37279.6966   39    8 133952.000 36752.6499  72.6%   3.6   65s
 28726 21658 37007.2976   29   18 133952.000 36763.9062  72.6%   3.6   70s
 30592 23224 37452.4042   43    6 133952.000 36763.9062  72.6%   3.6   75s
 33143 25387 37428.6527   42    2 133952.000 36772.6570  72.5%   3.6   80s
 35386 27366 37063.6626   28   16 133952.000 36772.6570  72.5%   3.7   86s
 39296 30583 37006.1556   34   19 133952.000 36799.3220  72.5%   3.6   92s
 41275 32297 36874.5000   24   20 133952.000 36806.0885  72.5%   3.6   96s
 45125 35842 37259.6309   33   16 133952.000 36815.2596  72.5%   3.6  102s
 47467 37599 37131.7079   27   14 133952.000 36820.6593  72.5%   3.6  105s
 51697 41637 37036.9317   30   20 133952.000 36822.5289  72.5%   3.6  113s
 54075 43082 36990.3938   27   16 133952.000 36834.6402  72.5%   3.6  116s
 55656 43392 36952.4112   33   16 133952.000 36834.6402  72.5%   3.6  120s
 56553 44402 37032.7074   35   14 133952.000 36834.6402  72.5%   3.7  126s
 57416 45375 37156.1201   36   16 133952.000 36842.2339  72.5%   3.6  130s
 60049 47226 37892.6180   48    5 133952.000 36844.8048  72.5%   3.6  135s
 62308 50096 37173.4731   39   15 133952.000 36848.6693  72.5%   3.6  143s
 64304 51584 37195.4506   32   13 133952.000 36856.8287  72.5%   3.7  148s
 67455 54513 39238.0914   81    1 133952.000 36857.1046  72.5%   3.6  153s
 70377 57193 41449.0000   82    - 133952.000 36863.9108  72.5%   3.6  159s
 73751 57826 37775.2472   46    7 133952.000 36865.3852  72.5%   3.6  160s
 73906 57864 37139.8917   37   10 133952.000 36865.3852  72.5%   3.6  170s
 73909 57866 37874.0000   56   27 133952.000 36865.3852  72.5%   3.6  175s
 73911 57867 37117.8874   31   26 133952.000 36865.3852  72.5%   3.6  180s
 73917 57871 38896.2049   76   27 133952.000 36865.3852  72.5%   3.6  185s
 73921 57874 37557.6091   48   28 133952.000 36865.3852  72.5%   3.6  191s
 73924 57876 36970.8994   37   28 133952.000 36865.3852  72.5%   3.6  196s
 73956 57930 36865.3852   32   27 133952.000 36865.3852  72.5%   3.7  201s
 73988 57952 36865.3852   33   25 133952.000 36865.3852  72.5%   3.7  205s
 74287 58260 36877.3695   36   25 133952.000 36865.3852  72.5%   3.7  211s
 74740 58429 37420.7318   50   13 133952.000 36865.3852  72.5%   3.8  215s
 75022 58638 37019.8198   42   21 133952.000 36865.3852  72.5%   3.8  221s
 75206 58805 37384.2870   53   13 133952.000 36865.3852  72.5%   3.8  225s
 75857 59285 37550.1172   47   15 133952.000 36865.3852  72.5%   3.8  230s
 76768 59693 60413.0000  107    - 133952.000 36865.3852  72.5%   3.9  235s
 77520 60215 84411.7172  103    2 133952.000 36865.3852  72.5%   3.9  240s
 78882 60812 41576.8356   87    1 133952.000 36865.3852  72.5%   3.9  246s
 79005 61349 41571.2087   88    1 133952.000 36865.3852  72.5%   3.9  252s
 79660 61812 52731.0000   98    - 133952.000 36865.3852  72.5%   3.9  255s
 80544 62167 37265.7649   40   10 133952.000 36865.3852  72.5%   4.0  262s
 81247 62868 38229.9115   73    3 133952.000 36895.5958  72.5%   4.0  265s
 83448 64121 37575.8822   63    7 133952.000 36895.9142  72.5%   4.0  273s
 84680 64700 37112.0027   43   17 133952.000 36942.0970  72.4%   4.0  277s
 85807 65630 38899.3026   75    2 133952.000 36946.1759  72.4%   4.0  280s
 87866 66528 37391.0758   49   12 133952.000 36961.1148  72.4%   4.0  285s
 89210 66960 37375.7267   44   15 133952.000 36965.8466  72.4%   4.0  293s
 90068 67678 38392.3823   76    3 133952.000 36965.8466  72.4%   4.0  298s
 91353 68972 37758.8743   52    3 133952.000 36965.8466  72.4%   4.0  302s
 93289 70058 37994.1587   52    4 133952.000 36998.7561  72.4%   4.0  307s
 95154 71045 37801.5604   56    5 133952.000 37002.8008  72.4%   4.1  312s
 96984 72050 37569.0230   51    5 133952.000 37002.8008  72.4%   4.1  317s
 98998 73225 37432.3515   51    9 133952.000 37010.6204  72.4%   4.1  322s
 100933 74272 37349.6334   37   19 133952.000 37025.7908  72.4%   4.1  327s
 102950 75489 37407.7195   43   12 133952.000 37031.4388  72.4%   4.1  332s
 105016 76520 37296.1505   41   15 133952.000 37031.8503  72.4%   4.1  337s
 107020 77818 37218.8339   44   23 133952.000 37033.2616  72.4%   4.1  343s
 109182 77742 37301.0768   42   16 133952.000 37041.0473  72.3%   4.1  348s
 109728 78733 37302.0010   43   17 133952.000 37041.0473  72.3%   4.1  353s
 111083 79735 37398.4080   44   16 133952.000 37041.0473  72.3%   4.2  359s
 112954 79513 37439.4903   45   12 133952.000 37046.3386  72.3%   4.2  364s
 113142 80521 37514.0528   46   11 133952.000 37046.3386  72.3%   4.2  369s
 113944 80356 38058.1432   58    5 133952.000 37048.2783  72.3%   4.2  370s
 114495 81171 37538.7474   47    9 133952.000 37049.2036  72.3%   4.2  375s
 116065 81991 37347.8981   41   11 133952.000 37049.2036  72.3%   4.2  383s
 118190 83932 37708.7677   54    9 133952.000 37055.6771  72.3%   4.2  390s
 120794 85011 38368.7110   74    3 133952.000 37059.6414  72.3%   4.2  397s
 123216 85714 39347.9435   76    1 133952.000 37062.0717  72.3%   4.2  405s
 126266 87815 39292.5720   88    1 133952.000 37068.3545  72.3%   4.2  413s
 129132 89249 42898.0000  104    - 133952.000 37070.7028  72.3%   4.2  422s
 131770 90936 37383.8461   41   15 133952.000 37073.6166  72.3%   4.2  431s
 134909 92263 38351.9858   69    7 133952.000 37078.6666  72.3%   4.2  439s
 137446 93817 37363.2945   46   17 133952.000 37085.6162  72.3%   4.3  448s
 140424 96154 37191.1872   44   23 133952.000 37087.9618  72.3%   4.3  458s
 144155 95822 37500.3199   52   12 133952.000 37091.5737  72.3%   4.3  466s
 144776 98179 37543.0373   53   11 133952.000 37091.5737  72.3%   4.3  476s
 148407 100243 37335.8572   45   22 133952.000 37095.0825  72.3%   4.3  487s
 151782 101611 37933.5715   74    3 133952.000 37099.0597  72.3%   4.3  497s
 154526 102992 37252.7487   43   20 133952.000 37106.8630  72.3%   4.3  510s
 157225 104933 39008.8875   86    3 133952.000 37106.8630  72.3%   4.3  521s
 160452 105188 37684.1630   54   10 133952.000 37112.2548  72.3%   4.3  531s
 161654 106837 37686.8494   55    9 133952.000 37112.2548  72.3%   4.4  541s
 164354 108748 45136.0000   97    - 133952.000 37112.2548  72.3%   4.4  553s
 167848 111067 37931.0832   66   11 133952.000 37117.2134  72.3%   4.4  566s
 171810 110528 37839.4562   57    2 133952.000 37121.0924  72.3%   4.4  576s
 172144 112114 38970.2435   99    3 133952.000 37121.0924  72.3%   4.4  587s
 174616 112947 37542.7253   49   10 133952.000 37124.7681  72.3%   4.4  599s
 175754 112865 37510.2648   50   13 133952.000 37125.4706  72.3%   4.4  600s

Cutting planes:
  Gomory: 2
  Cover: 1
  MIR: 5
  Flow cover: 2

Explored 177189 nodes (776157 simplex iterations) in 601.63 seconds (221.34 work units)
Thread count was 32 (of 32 available processors)

Solution count 9: 133952 140110 147812 ... 293101

Time limit reached
Best objective 1.339520000000e+05, best bound 3.712636632152e+04, gap 72.2838%

User-callback calls 377010, time in user-callback 121.70 sec
