
Gurobi 13.0.2 (win64) logging started Thu Jul 16 18:13:14 2026

Set parameter LogFile to value "logs/kstar_nI40_nJ20_nK100_nL10_tI2_tJ2_s5_m1_exact_s0_20260716-181314.gurobi.log"
Set parameter Seed to value 0
Set parameter TimeLimit to value 599.9638939
Set parameter MIPGap to value 0
Set parameter MIPGapAbs to value 0.5
Set parameter Cutoff to value 1e+100
Gurobi Optimizer version 13.0.2 build v13.0.2rc1 (win64 - Windows 11+.0 (26200.2))

CPU model: Intel(R) Core(TM) i9-14900HX, instruction set [SSE2|AVX|AVX2]
Thread count: 24 physical cores, 32 logical processors, using up to 32 threads

Non-default parameters:
TimeLimit  599.9638939
MIPGap  0
MIPGapAbs  0.5
PreCrush  1
LazyConstraints  1

Optimize a model with 20 rows, 70 columns and 600 nonzeros (Min)
Model fingerprint: 0xa9c7fe9b
Model has 70 linear objective coefficients
Variable types: 10 continuous, 60 integer (60 binary)
Coefficient statistics:
  Matrix range     [2e+01, 1e+03]
  Objective range  [1e+00, 5e+02]
  Bounds range     [1e+00, 1e+04]
  RHS range        [1e+03, 1e+03]

Using branch priorities.
Presolve removed 16 rows and 0 columns
Presolve time: 0.00s
Presolved: 4 rows, 70 columns, 120 nonzeros
Variable types: 10 continuous, 60 integer (60 binary)

Root relaxation: objective 9.520792e+04, 6 iterations, 0.00 seconds (0.00 work units)

    Nodes    |    Current Node    |     Objective Bounds      |     Work
 Expl Unexpl |  Obj  Depth IntInf | Incumbent    BestBd   Gap | It/Node Time

     0     0 95207.9160    0    2          - 95207.9160      -     -    0s
H    0     0                    784659.00000 95207.9160  87.9%     -    0s
H    0     0                    698222.00000 95207.9160  86.4%     -    0s
H    0     0                    650599.00000 95207.9160  85.4%     -    0s
H    0     0                    557242.00000 95207.9160  82.9%     -    0s
     0     0 95237.2660    0    5 557242.000 95237.2660  82.9%     -    0s
     0     0 95239.2765    0    7 557242.000 95239.2765  82.9%     -    0s
H    0     0                    542312.00000 95239.2765  82.4%     -    0s
     0     0 95277.6658    0   12 542312.000 95277.6658  82.4%     -    0s
     0     0 95277.9259    0   12 542312.000 95277.9259  82.4%     -    0s
H    0     0                    467860.00000 95277.9259  79.6%     -    0s
     0     2 95278.0294    0   12 467860.000 95278.0294  79.6%     -    0s
  3350  2884 95431.2126    8   12 467860.000 95356.1145  79.6%   2.9    5s
H 3351  2740                    324814.00000 95356.1145  70.6%   2.9    5s
H 3357  2607                    309589.00000 95402.5010  69.2%   2.9    6s
H 3367  2482                    280564.00000 95426.1392  66.0%   2.9    7s
H 3368  2483                    273636.00000 95426.1392  65.1%   2.9    7s
H 3378  2365                    269701.00000 95426.1392  64.6%   2.9    8s
  3615  2555 95535.4792   20   18 269701.000 95461.1804  64.6%   4.0   10s
  4531  3134 95694.8500   26   16 269701.000 95461.1804  64.6%   4.4   15s
  5826  3755 95711.6505   19   16 269701.000 95508.0325  64.6%   4.6   20s
  6919  4335 132400.689   48    3 269701.000 95508.0325  64.6%   4.6   25s
  8331  5020 95924.0858   26   12 269701.000 95532.6858  64.6%   4.5   30s
  9971  5823 95916.3148   29   13 269701.000 95545.8025  64.6%   4.4   35s
 12167  7328 95654.5099   25   15 269701.000 95577.6669  64.6%   4.3   40s
 13039  7871 95640.9741   28   16 269701.000 95577.6669  64.6%   4.4   45s
 13451  8354 95850.7277   35   12 269701.000 95577.6669  64.6%   4.4   50s
 14583  9366 95879.1316   38   14 269701.000 95592.1154  64.6%   4.4   55s
 16296 10630 95666.2302   31   16 269701.000 95595.6960  64.6%   4.3   61s
 16979 11104 96134.5559   38    9 269701.000 95601.2465  64.6%   4.3   66s
 17778 11977 95738.2455   22   13 269701.000 95608.3962  64.6%   4.4   70s
 19756 13620 97100.1767   46    2 269701.000 95613.5249  64.5%   4.3   76s
 21220 14840 96552.6685   42    1 269701.000 95634.5206  64.5%   4.3   80s
 23055 16337 97456.9994   39    5 269701.000 95640.8566  64.5%   4.3   85s
 25527 18014 95937.6117   28   13 269701.000 95643.9425  64.5%   4.2   90s
 26976 19396 95930.4816   27    8 269701.000 95655.8505  64.5%   4.2   95s
 28939 21257 96698.4186   41    5 269701.000 95660.7112  64.5%   4.2  100s
 31343 22598 97234.5409   40    2 269701.000 95682.3799  64.5%   4.3  107s
 31638 23007 97277.9552   51    1 269701.000 95687.0366  64.5%   4.3  111s
 32175 23577 95854.5978   27   16 269701.000 95687.0366  64.5%   4.3  116s
 32932 24266 96064.2426   26    5 269701.000 95687.9420  64.5%   4.3  121s
 33802 24776 96100.8493   29   13 269701.000 95688.6741  64.5%   4.4  126s
 34586 25316 97093.0185   42    2 269701.000 95693.7280  64.5%   4.4  131s
 35709 26476 95865.5721   23   16 269701.000 95700.2255  64.5%   4.3  137s
 37005 27539 96077.2075   21   13 269701.000 95700.5411  64.5%   4.3  142s
 38262 28444 95812.8800   25   19 269701.000 95703.8518  64.5%   4.3  147s
 39484 29511 96606.3911   37    4 269701.000 95706.1415  64.5%   4.3  153s
 40703 30658 96146.6549   33   14 269701.000 95708.7580  64.5%   4.4  159s
 42025 30944 96367.9480   34    9 269701.000 95708.7580  64.5%   4.4  160s
 42352 31958 96813.9770   42    4 269701.000 95708.7580  64.5%   4.3  165s
 43839 33048 96293.7003   34   14 269701.000 95708.7580  64.5%   4.4  172s
 45227 33973 95950.7430   25   14 269701.000 95708.7580  64.5%   4.4  178s
 46666 34373 96820.0000   53   12 269701.000 95726.5057  64.5%   4.4  205s
 46669 34375 96791.0000   43   27 269701.000 95726.5057  64.5%   4.4  210s
 46671 34376 95825.7962   24   28 269701.000 95726.5057  64.5%   4.4  216s
 46672 34377 96189.0888   38   27 269701.000 95726.5057  64.5%   4.4  220s
 46678 34381 102605.000   58   30 269701.000 95726.5057  64.5%   4.4  227s
 46682 34384 97258.0000   47   31 269701.000 95726.5057  64.5%   4.4  230s
 46687 34387 96842.0000   44   29 269701.000 95726.5057  64.5%   4.4  236s
H46687 32667                    240788.00000 95726.5057  60.2%   4.4  240s
H46688 32668                    233678.00000 95726.5057  59.0%   4.4  240s
 46692 32670 95867.7829   25   27 233678.000 95726.5057  59.0%   4.4  246s
 46696 32673 97621.0000   59   31 233678.000 95726.5057  59.0%   4.4  252s
 46697 32674 96158.8536   28   31 233678.000 95726.5057  59.0%   4.4  255s
H46697 31040                    196194.00000 95726.5057  51.2%   4.4  255s
H46698 31042                    193866.00000 95726.5057  50.6%   4.4  256s
 46713 31067 95726.5057   29   27 193866.000 95726.5057  50.6%   4.4  261s
 46761 31115 95726.5057   31   25 193866.000 95726.5057  50.6%   4.4  265s
 46939 31234 95726.5057   34   25 193866.000 95726.5057  50.6%   4.5  270s
 46971 31260 95785.3909   34   23 193866.000 95726.5057  50.6%   4.5  275s
 47256 31520 95809.0558   36   18 193866.000 95726.5057  50.6%   4.6  280s
 47674 31765 96025.5064   38   22 193866.000 95726.5057  50.6%   4.7  286s
 48019 31883 96077.1472   40   14 193866.000 95726.5057  50.6%   4.7  290s
 48250 32036 96468.7439   42   13 193866.000 95726.5057  50.6%   4.7  295s
 48434 32110 96473.1930   42   13 193866.000 95726.5057  50.6%   4.7  300s
 48907 32424 96546.1121   44   11 193866.000 95726.5057  50.6%   4.7  305s
 49509 32666 96565.1816   47    9 193866.000 95726.5057  50.6%   4.8  310s
 50134 33041 97477.0000   56    - 193866.000 95726.5057  50.6%   4.8  315s
 50906 33449 98961.9363   66    1 193866.000 95726.5057  50.6%   4.8  321s
 51301 33611 99909.2583   71    2 193866.000 95726.5057  50.6%   4.8  325s
 51999 34026 95741.4305   37   18 193866.000 95726.5057  50.6%   4.9  331s
 52948 34495 96060.6238   51   14 193866.000 95726.5057  50.6%   4.9  337s
 53489 34488 96409.8143   62    7 193866.000 95726.5057  50.6%   4.9  342s
 53538 34625 96410.2594   63    6 193866.000 95726.5057  50.6%   4.9  348s
 53756 34621 96426.8117   64    4 193866.000 95726.5057  50.6%   4.9  352s
 53864 34867 96514.3923   65    3 193866.000 95726.5057  50.6%   4.9  358s
 54231 35278 95924.7008   33   17 193866.000 95726.5057  50.6%   4.9  362s
 54929 35672 98207.7191   62    2 193866.000 95740.2318  50.6%   5.0  366s
 55792 36164 96288.0919   36   13 193866.000 95770.8390  50.6%   5.0  371s
 56733 36378 97176.0000   68    - 193866.000 95770.8390  50.6%   5.0  376s
 57406 36798 96182.0181   36   13 193866.000 95781.5006  50.6%   5.0  381s
 58118 37255 97873.9675   73    5 193866.000 95781.5006  50.6%   5.0  385s
 59000 37736 95899.5048   40   21 193866.000 95781.7309  50.6%   5.0  390s
 60868 38101 97917.2200   68    2 193866.000 95783.2656  50.6%   5.0  400s
 60902 38553 97917.3214   69    2 193866.000 95783.2656  50.6%   5.0  407s
 61599 38490 96594.9349   43    3 193866.000 95783.2656  50.6%   5.1  414s
 61606 38488 96314.7875   45   13 193866.000 95783.2656  50.6%   5.1  415s
 61659 39024 96718.4680   44    5 193866.000 95783.2656  50.6%   5.1  424s
 62469 39538 96174.4369   40   13 193866.000 95796.5448  50.6%   5.1  431s
 63403 39951 136007.000   80    - 193866.000 95796.5448  50.6%   5.1  439s
 64405 40444 96218.1044   39   12 193866.000 95819.9715  50.6%   5.1  446s
 65513 40839 97766.9812   57    5 193866.000 95819.9715  50.6%   5.2  454s
 66752 41547 96066.3547   47   17 193866.000 95858.4449  50.6%   5.1  462s
 68307 42292 98651.0000   73    - 193866.000 95863.8983  50.6%   5.1  470s
 69682 42987 96502.0333   59    2 193866.000 95871.2721  50.5%   5.1  477s
 70940 43667 96095.4942   42   11 193866.000 95875.1740  50.5%   5.2  485s
 72444 43489 96135.4776   43   14 193866.000 95881.0924  50.5%   5.2  496s
 72476 44407 96171.1521   44   16 193866.000 95881.0924  50.5%   5.2  507s
 73952 44307 96163.3383   41   17 193866.000 95886.8801  50.5%   5.2  521s
 74164 45210 96426.0000   42   13 193866.000 95887.4869  50.5%   5.2  532s
 75487 45891 95981.7664   49   15 193866.000 95888.2170  50.5%   5.2  544s
 76947 46661 96812.1935   56   10 193866.000 95900.3134  50.5%   5.3  555s
 78668 47347 106684.000   78    - 193866.000 95900.3134  50.5%   5.3  566s
 80321 48260 97460.5744   74    2 193866.000 95901.4129  50.5%   5.3  577s
 82077 49479 96211.7447   38   18 193866.000 95902.2561  50.5%   5.3  587s
 84080 50149 96869.4342   56    5 193866.000 95918.2718  50.5%   5.3  599s

Cutting planes:
  MIR: 13
  StrongCG: 2
  Flow cover: 11

Explored 85590 nodes (457901 simplex iterations) in 601.85 seconds (299.44 work units)
Thread count was 32 (of 32 available processors)

Solution count 10: 193866 196194 233678 ... 542312

Time limit reached
Best objective 1.938660000000e+05, best bound 9.592368195263e+04, gap 50.5206%

User-callback calls 212166, time in user-callback 101.61 sec
