
Gurobi 13.0.2 (win64) logging started Wed Jul 15 20:49:31 2026

Set parameter LogFile to value "logs/kstar_nI40_nJ20_nK50_nL10_tI5_tJ5_s3_m0_exact_s0_20260715-204930.gurobi.log"
Set parameter Seed to value 0
Set parameter TimeLimit to value 599.9768588
Set parameter NodefileStart to value 4
Set parameter MIPGap to value 0
Set parameter MIPGapAbs to value 0.9999
Set parameter Cutoff to value 1e+100
Gurobi Optimizer version 13.0.2 build v13.0.2rc1 (win64 - Windows 11+.0 (26200.2))

CPU model: Intel(R) Core(TM) i9-14900HX, instruction set [SSE2|AVX|AVX2]
Thread count: 24 physical cores, 32 logical processors, using up to 32 threads

Non-default parameters:
TimeLimit  599.9768588
MIPGap  0
MIPGapAbs  0.9999
NodefileStart  4

Optimize a model with 1300 rows, 18060 columns and 46600 nonzeros (Min)
Model fingerprint: 0xd9c5ecf7
Model has 18060 linear objective coefficients
Variable types: 18000 continuous, 60 integer (60 binary)
Coefficient statistics:
  Matrix range     [1e+00, 7e+02]
  Objective range  [1e+00, 5e+02]
  Bounds range     [1e+00, 1e+00]
  RHS range        [5e+00, 2e+01]

Using branch priorities.
Found heuristic solution: objective 654104.00000
Presolve time: 0.01s
Presolved: 1300 rows, 18060 columns, 46600 nonzeros
Variable types: 18000 continuous, 60 integer (60 binary)

Root relaxation: objective 5.347178e+04, 964 iterations, 0.00 seconds (0.01 work units)

    Nodes    |    Current Node    |     Objective Bounds      |     Work
 Expl Unexpl |  Obj  Depth IntInf | Incumbent    BestBd   Gap | It/Node Time

     0     0 53471.7819    0   58 654104.000 53471.7819  91.8%     -    0s
H    0     0                    67330.579819 53471.7819  20.6%     -    0s
H    0     0                    67269.198262 53471.7819  20.5%     -    0s
H    0     0                    67216.070341 53471.7819  20.4%     -    0s
H    0     0                    67176.210838 58393.0710  13.1%     -    0s
H    0     0                    67170.334112 58393.0710  13.1%     -    0s
     0     0 58393.0710    0   39 67170.3341 58393.0710  13.1%     -    0s
H    0     0                    66191.000000 58500.4907  11.6%     -    0s
     0     0 58500.4907    0   39 66191.0000 58500.4907  11.6%     -    0s
     0     0 58500.4907    0   39 66191.0000 58500.4907  11.6%     -    0s
     0     0 62651.5649    0   28 66191.0000 62651.5649  5.35%     -    0s
H    0     0                    65502.000000 62677.9394  4.31%     -    0s
H    0     0                    65188.000000 62677.9394  3.85%     -    0s
H    0     0                    65001.000000 62911.7942  3.21%     -    0s
     0     0 62911.7942    0   29 65001.0000 62911.7942  3.21%     -    0s
     0     0 62990.0492    0   28 65001.0000 62990.0492  3.09%     -    0s
     0     0 62992.7040    0   28 65001.0000 62992.7040  3.09%     -    0s
     0     0 63385.4595    0   31 65001.0000 63385.4595  2.49%     -    0s
H    0     0                    64816.000000 63391.0947  2.20%     -    0s
     0     0 63585.5676    0   29 64816.0000 63585.5676  1.90%     -    0s
     0     0 63617.7922    0   28 64816.0000 63617.7922  1.85%     -    0s
     0     0 63621.5442    0   28 64816.0000 63621.5442  1.84%     -    0s
     0     0 63765.8682    0   23 64816.0000 63765.8682  1.62%     -    0s
H    0     0                    64079.000000 63772.3570  0.48%     -    0s
     0     0 63804.9704    0   21 64079.0000 63804.9704  0.43%     -    0s
     0     0 63809.1832    0   15 64079.0000 63809.1832  0.42%     -    0s
H    0     0                    64058.000000 63809.1832  0.39%     -    0s
H    0     0                    64004.000000 63809.1832  0.30%     -    0s
     0     0 63827.3485    0   11 64004.0000 63827.3485  0.28%     -    0s
H    0     0                    63901.000000 63827.3485  0.12%     -    0s
     0     0 63844.7418    0   22 63901.0000 63844.7418  0.09%     -    0s
     0     0 63845.0472    0   21 63901.0000 63845.0472  0.09%     -    0s
     0     0 63846.5424    0    6 63901.0000 63846.5424  0.09%     -    0s
     0     0 63857.5000    0    6 63901.0000 63857.5000  0.07%     -    0s
H    0     0                    63881.000000 63857.5000  0.04%     -    0s
H    0     0                    63879.000000 63857.5000  0.03%     -    0s
     0     0 63857.5000    0    6 63879.0000 63857.5000  0.03%     -    0s
H    0     0                    63865.000000 63857.5000  0.01%     -    0s
     0     0 63857.5000    0    6 63865.0000 63857.5000  0.01%     -    0s
     0     0 63857.5000    0    6 63865.0000 63857.5000  0.01%     -    0s
     0     0 63857.5000    0    6 63865.0000 63857.5000  0.01%     -    0s
     0     0 63857.5000    0    7 63865.0000 63857.5000  0.01%     -    0s
     0     0 63857.5000    0    7 63865.0000 63857.5000  0.01%     -    0s
     0     0 63857.5000    0    7 63865.0000 63857.5000  0.01%     -    0s
     0     0 63857.5000    0    7 63865.0000 63857.5000  0.01%     -    0s
     0     0 63857.5000    0    5 63865.0000 63857.5000  0.01%     -    0s
     0     0 63857.5000    0    5 63865.0000 63857.5000  0.01%     -    0s
     0     0 63857.5000    0    5 63865.0000 63857.5000  0.01%     -    0s
     0     0 63863.5564    0    5 63865.0000 63863.5564  0.00%     -    0s

Cutting planes:
  Gomory: 1
  Cover: 4
  MIR: 40
  Flow cover: 14
  Zero half: 1

Explored 1 nodes (2728 simplex iterations) in 0.65 seconds (0.63 work units)
Thread count was 32 (of 32 available processors)

Solution count 10: 63865 63879 64004 ... 67170.3

Optimal solution found (tolerance 0.00e+00)
Best objective 6.386500000000e+04, best bound 6.386500000000e+04, gap 0.0000%
