
Gurobi 13.0.2 (win64) logging started Fri Jul 17 03:05:48 2026

Set parameter LogFile to value "logs/kstar_nI40_nJ20_nK50_nL10_tI3_tJ3_s3_m1_exact_s0_20260717-030548.gurobi.log"
Set parameter Seed to value 0
Set parameter TimeLimit to value 599.9666025
Set parameter MIPGap to value 0
Set parameter MIPGapAbs to value 0.5
Set parameter Cutoff to value 1e+100
Gurobi Optimizer version 13.0.2 build v13.0.2rc1 (win64 - Windows 11+.0 (26200.2))

CPU model: Intel(R) Core(TM) i9-14900HX, instruction set [SSE2|AVX|AVX2]
Thread count: 24 physical cores, 32 logical processors, using up to 32 threads

Non-default parameters:
TimeLimit  599.9666025
MIPGap  0
MIPGapAbs  0.5
PreCrush  1
LazyConstraints  1

Optimize a model with 20 rows, 70 columns and 600 nonzeros (Min)
Model fingerprint: 0x2f9241e9
Model has 70 linear objective coefficients
Variable types: 10 continuous, 60 integer (60 binary)
Coefficient statistics:
  Matrix range     [1e+00, 7e+02]
  Objective range  [1e+00, 5e+02]
  Bounds range     [1e+00, 6e+03]
  RHS range        [6e+02, 7e+02]

Using branch priorities.
Presolve removed 4 rows and 0 columns
Presolve time: 0.00s
Presolved: 16 rows, 70 columns, 520 nonzeros
Variable types: 10 continuous, 60 integer (60 binary)

Root relaxation: objective 5.392847e+04, 11 iterations, 0.00 seconds (0.00 work units)

    Nodes    |    Current Node    |     Objective Bounds      |     Work
 Expl Unexpl |  Obj  Depth IntInf | Incumbent    BestBd   Gap | It/Node Time

     0     0 53928.4742    0    4          - 53928.4742      -     -    0s
H    0     0                    294189.00000 53928.4742  81.7%     -    0s
H    0     0                    278088.00000 53928.4742  80.6%     -    0s
H    0     0                    270925.00000 53928.4742  80.1%     -    0s
H    0     0                    265419.00000 53928.4742  79.7%     -    0s
     0     0 54088.9665    0    7 265419.000 54088.9665  79.6%     -    0s
     0     0 54150.6614    0    9 265419.000 54150.6614  79.6%     -    0s
H    0     0                    209499.00000 54161.4721  74.1%     -    0s
     0     0 54180.3854    0   11 209499.000 54180.3854  74.1%     -    0s
     0     0 54181.5748    0   11 209499.000 54181.5748  74.1%     -    0s
     0     2 54198.6964    0   14 209499.000 54198.6964  74.1%     -    0s
H 3926  3243                    164537.00000 54423.1749  66.9%   2.8    2s
  5762  4543 56031.7713   40    2 164537.000 54651.1072  66.8%   3.9    5s
* 8284  5511              70    139058.00000 54738.6024  60.6%   3.9    8s
* 8513  5477              70    138892.00000 54738.6024  60.6%   3.9    8s
  9686  6012 62977.0000   57    - 138892.000 54738.6024  60.6%   3.9   10s
*10024  5918              68    134114.00000 54752.9867  59.2%   3.9   10s
*10028  5770              68    133545.00000 54752.9867  59.0%   3.9   10s
 13331  8012 56010.8468   40    4 133545.000 54886.1983  58.9%   3.9   15s
 14454  8861 56064.4994   28    9 133545.000 54902.2420  58.9%   3.9   20s
 15279  9572 56534.7454   33    3 133545.000 54902.2420  58.9%   4.0   25s
 17284 11081 56035.8299   38    3 133545.000 54937.8630  58.9%   3.9   30s
 20299 13886 57589.4038   65    4 133545.000 54976.2979  58.8%   4.0   35s
 23286 16488 57266.7050   45    7 133545.000 55038.5864  58.8%   4.1   40s
 26127 19144 55412.1159   25   16 133545.000 55038.5864  58.8%   4.1   45s
 29607 22169 56163.5966   36   12 133545.000 55063.6808  58.8%   4.1   51s
 32064 24143 56101.2427   41    1 133545.000 55067.3785  58.8%   4.1   55s
 34255 26153 55285.2911   24   17 133545.000 55089.7455  58.7%   4.2   60s
 36604 27941 56127.2894   33   12 133545.000 55120.7309  58.7%   4.2   65s
 39043 30286 55308.6272   23   17 133545.000 55127.1168  58.7%   4.2   70s
 40520 30526 56308.9006   37   11 133545.000 55127.1168  58.7%   4.2   81s
H40521 29000                    128752.00000 55127.1168  57.2%   4.2   81s
 40540 29029 55127.1168   29   25 128752.000 55127.1168  57.2%   4.2   85s
 40794 29246 55600.3757   33   21 128752.000 55127.1168  57.2%   4.4   91s
 41426 29668 56168.5106   38   13 128752.000 55127.1168  57.2%   4.6   95s
 42169 30164 56877.3753   44    5 128752.000 55127.1168  57.2%   4.6  100s
 43280 30615 62749.6116   59    3 128752.000 55127.1168  57.2%   4.7  105s
 43697 30945 62870.7827   66    1 128752.000 55127.1168  57.2%   4.7  110s
 45220 31900 56317.4882   44    4 128752.000 55127.1168  57.2%   4.8  115s
 47039 32987 56432.6497   49    5 128752.000 55134.9876  57.2%   4.8  120s
 49194 34079 60342.0670   71    1 128752.000 55161.2322  57.2%   4.9  126s
 50759 34430 55744.5754   34   20 128752.000 55186.0918  57.1%   5.0  130s
 52104 35349 57093.4804   63    6 128752.000 55319.8815  57.0%   5.0  136s
 53381 36438 60075.0000   64    - 128752.000 55339.5930  57.0%   5.0  141s
 54335 36528 55905.3265   37   12 128752.000 55344.3992  57.0%   5.1  145s
 55335 37270 55940.5574   39   11 128752.000 55346.4112  57.0%   5.1  150s
 56516 38031 55633.2455   38   22 128752.000 55368.9169  57.0%   5.2  155s
 58320 39221 55788.3424   39   18 128752.000 55368.9169  57.0%   5.2  161s
 59451 39884 55562.0616   36   17 128752.000 55420.5805  57.0%   5.3  165s
 61697 41079 56669.7509   54   10 128752.000 55461.3811  56.9%   5.4  171s
 64493 42517 55887.9254   47   16 128752.000 55496.4797  56.9%   5.4  178s
 65934 43333 56242.6448   40   15 128752.000 55497.7546  56.9%   5.4  181s
 67321 43950 55859.7182   42   11 128752.000 55497.7546  56.9%   5.5  185s
 70011 44486 55990.5637   41   14 128752.000 55522.8041  56.9%   5.6  194s
 70043 45036 56013.2247   42   15 128752.000 55522.8041  56.9%   5.6  197s
 70768 45601 56179.7828   47   17 128752.000 55522.8041  56.9%   5.6  203s
 71775 46162 55751.8770   46   16 128752.000 55522.8041  56.9%   5.6  207s
 72754 46951 56053.5727   45   17 128752.000 55545.6148  56.9%   5.7  212s
 74134 47668 55956.1825   44   19 128752.000 55549.6406  56.9%   5.7  217s
 75537 48165 57173.7891   55    6 128752.000 55556.9993  56.8%   5.7  223s
 76614 48120 57151.0000   62    - 128752.000 55564.4361  56.8%   5.7  228s
 76854 48613 55723.1897   38   18 128752.000 55568.2879  56.8%   5.7  233s
 77564 49248 57899.7756   58    2 128752.000 55568.4800  56.8%   5.7  239s
 78670 49862 69200.9865   77    1 128752.000 55571.8782  56.8%   5.8  245s
 79813 50678 55948.0398   38   21 128752.000 55574.3452  56.8%   5.8  251s
 81241 51711 56346.6298   44   17 128752.000 55577.3052  56.8%   5.8  257s
 82926 52544 56692.7325   47    7 128752.000 55582.2094  56.8%   5.9  263s
 84844 53444 56362.1398   42   20 128752.000 55587.3671  56.8%   5.9  270s
 86481 54290 57629.0000   77    - 128752.000 55590.3896  56.8%   5.9  278s
 88020 55192 58682.6156   60    4 128752.000 55600.2141  56.8%   6.0  285s
 90138 56509 56420.2635   50   20 128752.000 55604.7106  56.8%   6.0  293s
 92408 57448 58836.4738   72    4 128752.000 55604.7106  56.8%   6.0  301s
 94634 58932 56985.5812   51   10 128752.000 55614.2218  56.8%   6.0  310s
 97116 60019 56385.9403   42   16 128752.000 55620.9969  56.8%   6.1  319s
 99201 61317 58128.9137   59    8 128752.000 55630.0029  56.8%   6.1  328s
 101555 62620 56615.0921   52   11 128752.000 55635.4095  56.8%   6.2  339s
 104033 63833 56333.5071   43   20 128752.000 55643.0032  56.8%   6.2  349s
 106326 65369 56115.3493   39   18 128752.000 55646.7060  56.8%   6.3  359s
 109020 66490 59851.2295   77    1 128752.000 55658.4795  56.8%   6.3  368s
 111415 67952 56374.0696   40   19 128752.000 55662.7456  56.8%   6.3  380s
 114144 69240 55892.4827   40   22 128752.000 55673.1310  56.8%   6.3  391s
 116516 70627 65484.0000   79    - 128752.000 55678.6835  56.8%   6.4  405s
 119279 72053 56163.1451   36   21 128752.000 55685.2249  56.8%   6.4  418s
 122072 73743 86118.0000   79    - 128752.000 55689.6468  56.7%   6.4  432s
 124968 74909 57096.8930   49    4 128752.000 55697.4497  56.7%   6.5  445s
 127380 76247 56587.2865   42    8 128752.000 55705.7732  56.7%   6.5  460s
 130262 78727 56881.3336   48   14 128752.000 55706.0787  56.7%   6.6  475s
 132857 80958 56267.0763   42   21 128752.000 55714.6280  56.7%   6.6  489s
 135569 83202 56184.7046   42   20 128752.000 55719.5586  56.7%   6.6  503s
 137982 85262 57028.5474   52   10 128752.000 55726.1188  56.7%   6.7  517s
 140585 87383 57683.6340   62    2 128752.000 55732.0825  56.7%   6.7  530s
 143083 89476 56191.7654   42   20 128752.000 55736.4852  56.7%   6.7  545s
 145684 91650 57222.0329   59    6 128752.000 55740.6624  56.7%   6.8  560s
 148035 93835 56902.7396   43   19 128752.000 55740.7571  56.7%   6.8  575s
 150644 94315 55915.7330   40   24 128752.000 55748.5913  56.7%   6.8  587s
 150805 95127 56025.8345   41   21 128752.000 55748.7272  56.7%   6.8  599s
 150995 95160 56388.6528   37   15 128752.000 55748.7272  56.7%   6.8  600s

Explored 151920 nodes (1035256 simplex iterations) in 601.37 seconds (270.46 work units)
Thread count was 32 (of 32 available processors)

Solution count 10: 128752 133545 134114 ... 278088

Time limit reached
Best objective 1.287520000000e+05, best bound 5.574872718502e+04, gap 56.7007%

User-callback calls 317324, time in user-callback 47.40 sec
