
Gurobi 13.0.2 (win64) logging started Thu Jul 16 08:50:48 2026

Set parameter LogFile to value "logs/kstar_nI20_nJ40_nK100_nL5_tI6_tJ6_s4_m1_exact_s0_20260716-085048.gurobi.log"
Set parameter Seed to value 0
Set parameter TimeLimit to value 599.9693586
Set parameter MIPGap to value 0
Set parameter MIPGapAbs to value 0.5
Set parameter Cutoff to value 1e+100
Gurobi Optimizer version 13.0.2 build v13.0.2rc1 (win64 - Windows 11+.0 (26200.2))

CPU model: Intel(R) Core(TM) i9-14900HX, instruction set [SSE2|AVX|AVX2]
Thread count: 24 physical cores, 32 logical processors, using up to 32 threads

Non-default parameters:
TimeLimit  599.9693586
MIPGap  0
MIPGapAbs  0.5
PreCrush  1
LazyConstraints  1

Optimize a model with 10 rows, 65 columns and 300 nonzeros (Min)
Model fingerprint: 0xbfd07506
Model has 65 linear objective coefficients
Variable types: 5 continuous, 60 integer (60 binary)
Coefficient statistics:
  Matrix range     [2e+01, 1e+03]
  Objective range  [1e+00, 5e+02]
  Bounds range     [1e+00, 9e+03]
  RHS range        [1e+03, 1e+03]

Using branch priorities.
Presolve removed 8 rows and 0 columns
Presolve time: 0.00s
Presolved: 2 rows, 65 columns, 60 nonzeros
Variable types: 5 continuous, 60 integer (60 binary)

Root relaxation: objective 4.212801e+04, 4 iterations, 0.00 seconds (0.00 work units)

    Nodes    |    Current Node    |     Objective Bounds      |     Work
 Expl Unexpl |  Obj  Depth IntInf | Incumbent    BestBd   Gap | It/Node Time

     0     0 42128.0074    0    2          - 42128.0074      -     -    0s
H    0     0                    159356.00000 42128.0074  73.6%     -    0s
H    0     0                    150199.00000 42128.0074  72.0%     -    0s
H    0     0                    149522.00000 42128.0074  71.8%     -    0s
H    0     0                    145334.00000 42128.0074  71.0%     -    0s
H    0     0                    129620.00000 42128.0074  67.5%     -    0s
H    0     0                    127999.00000 42128.0074  67.1%     -    0s
     0     0 42432.3516    0    5 127999.000 42432.3516  66.8%     -    0s
     0     0 42486.3877    0    8 127999.000 42486.3877  66.8%     -    0s
     0     0 42542.7585    0   11 127999.000 42542.7585  66.8%     -    0s
H    0     0                    111586.00000 42553.0999  61.9%     -    0s
     0     0 42558.8718    0   13 111586.000 42558.8718  61.9%     -    0s
     0     0 42561.5385    0   13 111586.000 42561.5385  61.9%     -    0s
     0     2 42584.4732    0   17 111586.000 42584.4732  61.8%     -    0s
  3388  3053 46364.0000   55   20 111586.000 42705.7384  61.7%   3.3    5s
  5511  4518 43754.7446   27    8 111586.000 42883.0637  61.6%   5.1   10s
  9113  6454 43680.2387   33   11 111586.000 42993.7718  61.5%   4.8   15s
 12683  8456 43875.0391   37   10 111586.000 43015.9392  61.5%   4.9   20s
 15998 11490 44885.4595   54    2 111586.000 43055.1245  61.4%   5.0   25s
 18954 13874 43798.7014   32   13 111586.000 43077.5975  61.4%   5.1   30s
 23610 18487 43522.1729   23   14 111586.000 43094.2298  61.4%   5.2   35s
 28983 22672 43905.8629   33   13 111586.000 43137.8362  61.3%   5.2   41s
 30127 24156 43556.3292   24   18 111586.000 43165.5243  61.3%   5.2   45s
 33310 27385 56107.1292   69    1 111586.000 43189.7872  61.3%   5.2   51s
 36144 29924 44532.5621   50    6 111586.000 43204.7835  61.3%   5.2   56s
 39255 32322 44407.6527   45    1 111586.000 43218.4749  61.3%   5.2   61s
 42105 35163 43558.3771   23   18 111586.000 43226.5837  61.3%   5.2   66s
 45743 38456 43597.6544   27   12 111586.000 43244.9766  61.2%   5.2   71s
 47724 40035 44171.1244   34   11 111586.000 43247.3097  61.2%   5.2   75s
 51233 43162 43619.1742   26   20 111586.000 43258.7229  61.2%   5.2   81s
 53790 44121 44128.9967   40    6 111586.000 43258.7229  61.2%   5.3   87s
 54015 44525 44145.3506   41    7 111586.000 43258.7229  61.2%   5.3   90s
 55890 47018 44465.6640   50    2 111586.000 43264.2870  61.2%   5.3   96s
 57724 47305 43677.1484   34   13 111586.000 43273.3561  61.2%   5.3  103s
 57726 47306 44806.3629   61   28 111586.000 43273.3561  61.2%   5.3  105s
 57730 47309 45039.0000   69   27 111586.000 43273.3561  61.2%   5.3  110s
H57735 44946                    100567.00000 43273.3561  57.0%   5.3  113s
 57738 44948 44162.8941   36   31 100567.000 43273.3561  57.0%   5.3  116s
H57740 42702                    97848.000000 43273.3561  55.8%   5.3  118s
H57740 40567                    96072.000000 43273.3561  55.0%   5.3  118s
H57741 40567                    96048.000000 43273.3561  54.9%   5.3  118s
 57744 40569 44250.0420   42   30 96048.0000 43273.3561  54.9%   5.3  121s
 57762 40598 43273.3561   28   25 96048.0000 43273.3561  54.9%   5.3  125s
 57954 40851 43555.0781   32   27 96048.0000 43273.3561  54.9%   5.4  131s
 58571 41234 43767.2292   35   26 96048.0000 43273.3561  54.9%   5.5  135s
 58931 41371 43628.3573   32   21 96048.0000 43273.3561  54.9%   5.6  140s
 59197 41634 44120.7153   41   23 96048.0000 43273.3561  54.9%   5.6  145s
 60386 42300 44437.3788   48   11 96048.0000 43304.1050  54.9%   5.6  150s
 61843 43314 53240.0000   66    - 96048.0000 43335.9659  54.9%   5.6  155s
 62522 43744 44318.6443   40    9 96048.0000 43372.2117  54.8%   5.7  160s
 64128 44310 44275.9518   54    8 96048.0000 43372.2117  54.8%   5.7  166s
 65057 45285 43602.9520   38   20 96048.0000 43372.2117  54.8%   5.7  171s
 66700 46285 43646.9968   35   21 96048.0000 43378.4873  54.8%   5.7  176s
 68692 47402 43938.7734   40   15 96048.0000 43437.8106  54.8%   5.7  181s
 70527 48349 44737.2520   63    3 96048.0000 43445.0711  54.8%   5.8  186s
 71607 48210 43779.7929   41   17 96048.0000 43467.1436  54.7%   5.8  191s
 71673 48707 43870.8127   43   18 96048.0000 43467.1436  54.7%   5.8  196s
 73241 49793 43915.4323   45   16 96048.0000 43480.5410  54.7%   5.8  202s
 74424 50530 43939.9626   46   15 96048.0000 43503.8161  54.7%   5.8  205s
 76822 51656 44639.3993   59    5 96048.0000 43519.2338  54.7%   5.8  211s
 77886 52538 43859.6020   40   21 96048.0000 43522.5533  54.7%   5.9  215s
 79386 53307 43961.1352   43   16 96048.0000 43523.6466  54.7%   5.9  221s
 80824 54012 44164.1408   43   13 96048.0000 43535.0766  54.7%   5.9  226s
 83601 55684 44175.6165   48   13 96048.0000 43544.8804  54.7%   5.9  233s
 85156 55396 44604.2098   54    2 96048.0000 43548.2729  54.7%   6.0  237s
 85188 56368 44640.6019   55    1 96048.0000 43548.2729  54.7%   6.0  240s
 86559 57157 45710.3955   56    1 96048.0000 43549.6549  54.7%   6.0  245s
 88176 57595 45732.4685   58    1 96048.0000 43550.5533  54.7%   6.0  253s
 89046 58386 45785.9426   59    1 96048.0000 43550.5533  54.7%   6.0  259s
 90321 59527 45793.0613   60    1 96048.0000 43550.5533  54.7%   6.0  264s
 92003 59174 44618.3124   50    6 96048.0000 43566.5833  54.6%   6.0  265s
 92222 60474 50754.0000   77    - 96048.0000 43566.5833  54.6%   6.0  270s
 94061 61665 52502.0000   81    - 96048.0000 43572.1802  54.6%   6.0  275s
 96031 62638 45845.5343   60    2 96048.0000 43577.6512  54.6%   6.1  281s
 97925 63785 44408.7454   47   13 96048.0000 43578.0064  54.6%   6.1  286s
 100072 64822 53387.0000   79    - 96048.0000 43584.0109  54.6%   6.1  292s
 102090 66197 44064.5433   47   19 96048.0000 43585.6156  54.6%   6.1  298s
 104544 67289 43775.9410   36   16 96048.0000 43592.6354  54.6%   6.1  304s
 106647 68608 44343.5487   48   15 96048.0000 43597.3606  54.6%   6.1  310s
 109072 69588 43805.7878   35   25 96048.0000 43597.3606  54.6%   6.2  316s
 111029 71068 44100.2131   41   18 96048.0000 43603.7336  54.6%   6.2  322s
 113592 72236 44753.7917   59    6 96048.0000 43607.4680  54.6%   6.2  329s
 115909 73632 44125.3573   37   14 96048.0000 43610.9349  54.6%   6.2  336s
 118279 75357 44682.3633   54    9 96048.0000 43614.4071  54.6%   6.3  343s
 121330 76722 44735.5298   53    8 96048.0000 43616.0673  54.6%   6.2  351s
 124014 78123 44478.5461   52   10 96048.0000 43619.2019  54.6%   6.2  358s
 126658 79519 44683.8597   51    8 96048.0000 43622.5801  54.6%   6.3  366s
 129460 81175 44043.7105   43   17 96048.0000 43623.3635  54.6%   6.3  375s
 132455 82609 43932.5328   38   20 96048.0000 43628.8143  54.6%   6.3  383s
 135390 82122 44877.1120   53    9 96048.0000 43632.3535  54.6%   6.3  385s
 135478 84395 43781.5611   34   19 96048.0000 43632.5947  54.6%   6.3  392s
 138508 83882 43898.7240   41   16 96048.0000 43636.3851  54.6%   6.3  398s
 138680 85269 44031.6269   42   18 96048.0000 43636.3851  54.6%   6.3  406s
 140631 86564 43727.5263   35   23 96048.0000 43638.4622  54.6%   6.3  417s
 142906 88085 46710.8158   65    1 96048.0000 43641.0777  54.6%   6.3  426s
 145608 90039 44454.4259   54    9 96048.0000 43644.4706  54.6%   6.4  436s
 149063 91520 44151.7427   41   19 96048.0000 43645.8447  54.6%   6.4  447s
 151993 93234 43965.5341   40   18 96048.0000 43650.7481  54.6%   6.4  456s
 155023 94896 44185.3638   43   16 96048.0000 43655.0022  54.5%   6.4  467s
 158013 96187 44196.5957   41   22 96048.0000 43658.5699  54.5%   6.4  477s
 160640 97773 56525.0000   81    - 96048.0000 43662.1729  54.5%   6.4  486s
 163305 99147 44844.6171   53    7 96048.0000 43662.3119  54.5%   6.4  497s
 166082 100586 43890.5190   37   18 96048.0000 43667.5925  54.5%   6.4  507s
 168529 102133 44705.5450   53    6 96048.0000 43670.1991  54.5%   6.4  517s
 171490 103314 43947.0451   37   23 96048.0000 43672.0831  54.5%   6.4  528s
 173818 104876 44808.5211   53    6 96048.0000 43672.2893  54.5%   6.5  538s
 176755 106358 44004.5471   37   21 96048.0000 43676.1266  54.5%   6.5  548s
 179804 107723 44590.9813   54   11 96048.0000 43676.1301  54.5%   6.5  560s
 182551 110249 44062.1865   41   21 96048.0000 43681.0291  54.5%   6.5  570s
 185259 112508 44067.9005   43   18 96048.0000 43681.0291  54.5%   6.5  580s
 188022 114880 44156.0074   44   19 96048.0000 43684.4414  54.5%   6.5  591s
 190630 115293 44009.8597   43   23 96048.0000 43687.2040  54.5%   6.5  600s

Cutting planes:
  Gomory: 8
  Cover: 3
  MIR: 2

Explored 190728 nodes (1236772 simplex iterations) in 601.54 seconds (205.23 work units)
Thread count was 32 (of 32 available processors)

Solution count 10: 96048 96072 97848 ... 159356

Time limit reached
Best objective 9.604800000000e+04, best bound 4.368720403753e+04, gap 54.5152%

User-callback calls 400715, time in user-callback 94.18 sec
