
Gurobi 13.0.2 (win64) logging started Fri Jul 17 13:18:44 2026

Set parameter LogFile to value "logs/kstar_nI40_nJ40_nK100_nL10_tI5_tJ5_s4_m1_exact_s0_20260717-131844.gurobi.log"
Set parameter Seed to value 0
Set parameter TimeLimit to value 599.9334548
Set parameter MIPGap to value 0
Set parameter MIPGapAbs to value 0.5
Set parameter Cutoff to value 1e+100
Gurobi Optimizer version 13.0.2 build v13.0.2rc1 (win64 - Windows 11+.0 (26200.2))

CPU model: Intel(R) Core(TM) i9-14900HX, instruction set [SSE2|AVX|AVX2]
Thread count: 24 physical cores, 32 logical processors, using up to 32 threads

Non-default parameters:
TimeLimit  599.9334548
MIPGap  0
MIPGapAbs  0.5
PreCrush  1
LazyConstraints  1

Optimize a model with 20 rows, 90 columns and 800 nonzeros (Min)
Model fingerprint: 0xc50339df
Model has 90 linear objective coefficients
Variable types: 10 continuous, 80 integer (80 binary)
Coefficient statistics:
  Matrix range     [1e+00, 1e+03]
  Objective range  [1e+00, 5e+02]
  Bounds range     [1e+00, 7e+03]
  RHS range        [1e+03, 1e+03]

Using branch priorities.
Presolve removed 18 rows and 0 columns
Presolve time: 0.00s
Presolved: 2 rows, 90 columns, 80 nonzeros
Variable types: 10 continuous, 80 integer (80 binary)

Root relaxation: objective 6.880955e+04, 2 iterations, 0.00 seconds (0.00 work units)

    Nodes    |    Current Node    |     Objective Bounds      |     Work
 Expl Unexpl |  Obj  Depth IntInf | Incumbent    BestBd   Gap | It/Node Time

     0     0 68809.5496    0    2          - 68809.5496      -     -    0s
H    0     0                    401716.00000 68809.5496  82.9%     -    0s
H    0     0                    370934.00000 68809.5496  81.4%     -    0s
H    0     0                    363812.00000 68809.5496  81.1%     -    0s
H    0     0                    362213.00000 68809.5496  81.0%     -    0s
     0     0 69035.7032    0    4 362213.000 69035.7032  80.9%     -    0s
     0     0 69039.0578    0    4 362213.000 69039.0578  80.9%     -    0s
H    0     0                    337541.00000 69039.0578  79.5%     -    0s
H    0     0                    306191.00000 69040.3086  77.5%     -    0s
     0     2 69186.6964    0   11 306191.000 69186.6964  77.4%     -    0s
  2966  3216 70882.5512   45    1 306191.000 69282.3201  77.4%   2.8    5s
H 3547  3130                    285608.00000 69282.3201  75.7%   2.6    7s
H 3549  2974                    243893.00000 69303.2219  71.6%   2.6    8s
H 3555  2829                    218582.00000 69324.8772  68.3%   2.6    8s
H 3564  2693                    200329.00000 69337.6115  65.4%   2.6    9s
H 3565  2696                    200250.00000 69337.6115  65.4%   2.7    9s
  3567  2697 69375.6181   13   16 200250.000 69346.4301  65.4%   2.7   10s
  4080  3131 69851.8647   24   14 200250.000 69473.4651  65.3%   4.1   15s
  5000  3820 70854.1503   34    7 200250.000 69473.4651  65.3%   4.4   20s
  6469  4635 81719.0000   71    - 200250.000 69509.4958  65.3%   4.3   25s
  8146  5485 70059.2782   22   18 200250.000 69509.4958  65.3%   4.2   30s
  9410  6164 71147.7720   51    3 200250.000 69596.8671  65.2%   4.2   35s
 10561  6902 70326.0872   28   13 200250.000 69642.1248  65.2%   4.2   40s
 11906  7757 77166.0000   74    - 200250.000 69642.1248  65.2%   4.2   45s
 13862  9393 74367.2226   73    1 200250.000 69684.7752  65.2%   4.1   50s
 15932 11268 70029.5173   27   17 200250.000 69707.8526  65.2%   4.1   55s
 16519 11560 70146.8606   24   17 200250.000 69711.0852  65.2%   4.2   60s
 17617 12801 70488.5841   39   11 200250.000 69732.6763  65.2%   4.2   66s
 18730 13763 70614.4695   42   11 200250.000 69732.6763  65.2%   4.2   71s
 20522 15450 70997.5717   45    8 200250.000 69732.6763  65.2%   4.2   76s
 21901 16557 71122.8612   47   10 200250.000 69765.4929  65.2%   4.2   80s
 23394 17799 70903.4297   38    7 200250.000 69765.5421  65.2%   4.2   85s
 25734 19834 71834.3705   49    2 200250.000 69765.5421  65.2%   4.2   90s
 28622 22727 70173.2407   24   17 200250.000 69765.5421  65.2%   4.3   96s
 29655 23854 72069.5671   64    1 200250.000 69765.5421  65.2%   4.3  100s
 32306 26395 71208.0433   36    6 200250.000 69765.5421  65.2%   4.3  107s
 33926 27731 70990.2016   41    4 200250.000 69765.5421  65.2%   4.3  110s
 36400 29097 81154.0000   82    - 200250.000 69852.2735  65.1%   4.3  115s
 38190 31456 70996.5407   37   13 200250.000 69855.6868  65.1%   4.4  121s
 39512 32516 91206.8497   84    3 200250.000 69855.6868  65.1%   4.4  125s
 41885 34015 70771.8493   32   11 200250.000 69882.6498  65.1%   4.4  130s
 44045 35507 70352.8526   23   16 200250.000 69895.7639  65.1%   4.4  137s
 44116 35894 70360.3016   24   14 200250.000 69895.7639  65.1%   4.4  142s
 44701 36531 70408.8547   25   15 200250.000 69898.8866  65.1%   4.4  146s
 45342 37304 70412.4698   26   14 200250.000 69898.8866  65.1%   4.4  150s
 46449 38219 70485.8286   27   12 200250.000 69898.8866  65.1%   4.4  156s
 47517 38666 70509.8938   28   13 200250.000 69918.3649  65.1%   4.4  160s
 47857 39389 70540.4700   29   14 200250.000 69918.3649  65.1%   4.4  165s
 48843 40585 70620.8192   30   12 200250.000 69924.6770  65.1%   4.4  171s
 50161 40806 70639.4747   31   11 200250.000 69924.6770  65.1%   4.4  176s
 50283 41335 70717.5744   32    7 200250.000 69924.6770  65.1%   4.4  180s
 50982 42209 70742.2063   33    8 200250.000 69924.6770  65.1%   4.4  185s
 52017 42337 71399.0000   44    4 200250.000 69926.5988  65.1%   4.4  198s
 52019 42338 70955.4631   40   28 200250.000 69926.5988  65.1%   4.4  200s
 52022 42340 72135.0000   52   28 200250.000 69926.5988  65.1%   4.4  208s
H52022 40222                    179587.00000 69926.5988  61.1%   4.4  211s
H52024 38213                    173234.00000 69926.5988  59.6%   4.4  217s
 52027 38215 73550.3423   59   30 173234.000 69926.5988  59.6%   4.4  223s
 52028 38215 70179.4527   25   29 173234.000 69926.5988  59.6%   4.4  225s
 52030 38217 70935.1467   49   29 173234.000 69926.5988  59.6%   4.4  230s
 52062 38271 69943.0397   29   26 173234.000 69926.5988  59.6%   4.4  236s
 52126 38382 70059.4997   31   26 173234.000 69926.5988  59.6%   4.5  240s
 52260 38494 70190.4531   32   24 173234.000 69926.5988  59.6%   4.5  246s
 52505 38664 70387.7249   35   20 173234.000 69926.5988  59.6%   4.6  250s
 52851 38799 70619.4244   38   16 173234.000 69926.5988  59.6%   4.6  255s
 53173 39006 70698.0326   40   16 173234.000 69926.5988  59.6%   4.7  261s
 53476 39338 70900.9382   42   13 173234.000 69926.5988  59.6%   4.7  265s
 53855 39390 70454.5983   31   17 173234.000 69926.5988  59.6%   4.7  270s
 54184 39789 71229.0038   48   11 173234.000 69932.0252  59.6%   4.7  277s
 54457 39993 71262.7437   50   10 173234.000 69932.0252  59.6%   4.7  280s
 55144 40366 71549.8471   54    6 173234.000 70033.9501  59.6%   4.7  285s
 55736 40655 71493.6331   59    5 173234.000 70037.6877  59.6%   4.7  290s
 56593 41073 71293.8752   57    3 173234.000 70049.4387  59.6%   4.7  295s
 57451 41662 80971.0000   85    - 173234.000 70097.0087  59.5%   4.8  300s
 58627 42739 71079.3391   57    7 173234.000 70097.0087  59.5%   4.8  307s
 59589 42932 83028.0000   95    - 173234.000 70097.0087  59.5%   4.8  311s
 60670 43306 71301.4128   57    6 173234.000 70110.7715  59.5%   4.8  315s
 61993 44402 70620.4968   31   14 173234.000 70110.7715  59.5%   4.8  321s
 63476 44733 72635.2778   82    1 173234.000 70110.7715  59.5%   4.8  327s
 63584 45324 72664.7394   83    1 173234.000 70110.7715  59.5%   4.8  331s
 64382 45218 70514.6752   35   23 173234.000 70110.7715  59.5%   4.8  335s
 64504 45462 70577.3578   37   22 173234.000 70110.7715  59.5%   4.8  344s
 64878 45778 70629.6341   38   19 173234.000 70177.2420  59.5%   4.8  348s
 65357 46155 71207.3445   57    9 173234.000 70244.7409  59.5%   4.8  353s
 66009 46701 70492.4259   32   21 173234.000 70247.7427  59.4%   4.9  358s
 66928 47266 71568.8248   65    3 173234.000 70247.7427  59.4%   4.9  363s
 68043 47956 70534.9982   38   17 173234.000 70287.9727  59.4%   4.8  368s
 69237 48381 70633.6849   35   19 173234.000 70289.3689  59.4%   4.9  373s
 70101 49196 71083.3780   43   15 173234.000 70289.3689  59.4%   4.9  378s
 71581 49988 71424.0340   48    9 173234.000 70296.1599  59.4%   4.9  384s
 73308 50575 73004.4486   72    1 173234.000 70296.1599  59.4%   4.9  389s
 74283 50440 75506.6500   88    1 173234.000 70296.1599  59.4%   4.9  394s
 74333 50425 70628.5863   40   14 173234.000 70296.1599  59.4%   4.9  395s
 74869 51284 71349.9522   52   13 173234.000 70304.6829  59.4%   4.9  400s
 75868 52230 70959.4835   46   11 173234.000 70304.6829  59.4%   4.9  406s
 77574 53158 71480.0667   55    6 173234.000 70322.5269  59.4%   4.9  413s
 79262 54197 70899.8237   47   13 173234.000 70322.5269  59.4%   4.9  420s
 81097 55273 70707.6919   37   19 173234.000 70344.3901  59.4%   4.9  427s
 83047 56543 70646.7735   37   17 173234.000 70344.3901  59.4%   4.9  434s
 83808 56399 71224.5821   52   16 173234.000 70344.3901  59.4%   4.9  435s
 85216 56188 70761.2855   39   21 173234.000 70370.0730  59.4%   4.9  442s
 85382 57174 70898.4485   40   19 173234.000 70370.0730  59.4%   4.9  449s
 85868 57089 70809.4666   39    8 173234.000 70370.0730  59.4%   4.9  450s
 86762 57994 70617.2448   36   24 173234.000 70370.0730  59.4%   5.0  458s
 88223 58682 73019.7815   75    1 173234.000 70372.6324  59.4%   5.0  465s
 89819 59381 70699.0782   41   18 173234.000 70372.6324  59.4%   5.0  474s
 90372 59277 71016.8427   46    6 173234.000 70380.7399  59.4%   5.0  475s
 91075 60360 71325.4429   52    7 173234.000 70380.7399  59.4%   5.0  483s
 93287 61832 70552.6141   34   22 173234.000 70389.2061  59.4%   5.0  492s
 95558 63229 70825.5537   38   14 173234.000 70395.7555  59.4%   5.0  502s
 97963 64209 71261.2566   59    6 173234.000 70401.4468  59.4%   5.0  512s
 99971 65643 71480.7856   57   14 173234.000 70404.8420  59.4%   5.0  522s
 102360 66907 70754.9120   32   13 173234.000 70409.3399  59.4%   5.0  532s
 104821 68158 71170.3277   47    9 173234.000 70417.6685  59.4%   5.0  543s
 107233 69184 71356.5094   45   13 173234.000 70424.2169  59.3%   5.1  556s
 110062 68996 71185.6721   51   12 173234.000 70425.4545  59.3%   5.0  567s
 110185 69986 71220.2536   52    9 173234.000 70425.4545  59.3%   5.0  577s
 111802 71475 71256.6329   53   10 173234.000 70425.9436  59.3%   5.0  589s
 114082 72193 72970.5085   68    1 173234.000 70426.4977  59.3%   5.1  600s

Cutting planes:
  Gomory: 2
  Cover: 2
  MIR: 2
  StrongCG: 1
  Flow cover: 1

Explored 116001 nodes (586168 simplex iterations) in 602.64 seconds (245.86 work units)
Thread count was 32 (of 32 available processors)

Solution count 10: 173234 179587 200250 ... 363812

Time limit reached
Best objective 1.732340000000e+05, best bound 7.042649766446e+04, gap 59.3460%

User-callback calls 272004, time in user-callback 152.42 sec
