
Gurobi 13.0.2 (win64) logging started Fri Jul 17 19:14:27 2026

Set parameter LogFile to value "logs/kstar_nI40_nJ40_nK50_nL10_tI2_tJ2_s4_m1_exact_s0_20260717-191427.gurobi.log"
Set parameter Seed to value 0
Set parameter TimeLimit to value 599.9541023
Set parameter MIPGap to value 0
Set parameter MIPGapAbs to value 0.5
Set parameter Cutoff to value 1e+100
Gurobi Optimizer version 13.0.2 build v13.0.2rc1 (win64 - Windows 11+.0 (26200.2))

CPU model: Intel(R) Core(TM) i9-14900HX, instruction set [SSE2|AVX|AVX2]
Thread count: 24 physical cores, 32 logical processors, using up to 32 threads

Non-default parameters:
TimeLimit  599.9541023
MIPGap  0
MIPGapAbs  0.5
PreCrush  1
LazyConstraints  1

Optimize a model with 20 rows, 90 columns and 800 nonzeros (Min)
Model fingerprint: 0xc6eebb6d
Model has 90 linear objective coefficients
Variable types: 10 continuous, 80 integer (80 binary)
Coefficient statistics:
  Matrix range     [1e+01, 7e+02]
  Objective range  [1e+00, 5e+02]
  Bounds range     [1e+00, 4e+03]
  RHS range        [6e+02, 7e+02]

Using branch priorities.
Presolve removed 16 rows and 0 columns
Presolve time: 0.00s
Presolved: 4 rows, 90 columns, 160 nonzeros
Variable types: 10 continuous, 80 integer (80 binary)

Root relaxation: objective 3.286673e+04, 7 iterations, 0.00 seconds (0.00 work units)

    Nodes    |    Current Node    |     Objective Bounds      |     Work
 Expl Unexpl |  Obj  Depth IntInf | Incumbent    BestBd   Gap | It/Node Time

     0     0 32866.7345    0    4          - 32866.7345      -     -    0s
H    0     0                    317800.00000 32866.7345  89.7%     -    0s
H    0     0                    263591.00000 32866.7345  87.5%     -    0s
H    0     0                    236208.00000 32866.7345  86.1%     -    0s
     0     0 32915.3508    0    9 236208.000 32915.3508  86.1%     -    0s
     0     0 32915.5203    0    9 236208.000 32915.5203  86.1%     -    0s
H    0     0                    236075.00000 32915.5203  86.1%     -    0s
H    0     0                    232455.00000 32915.7209  85.8%     -    0s
H    0     0                    201684.00000 32915.7512  83.7%     -    0s
H    0     0                    182460.00000 32915.7512  82.0%     -    0s
     0     2 32935.5062    0   10 182460.000 32935.5062  81.9%     -    0s
  3550  3260 34739.8476   39    2 182460.000 33003.5894  81.9%   2.5    5s
H 3904  3177                    160523.00000 33003.5894  79.4%   2.5    8s
  3925  3191 33504.0000   21   19 160523.000 33009.9973  79.4%   2.4   10s
  4407  3586 33138.9242   27   14 160523.000 33068.5363  79.4%   4.3   15s
  4972  3940 33372.5948   31   10 160523.000 33068.5363  79.4%   5.1   20s
  6051  4604 33463.1689   38   12 160523.000 33075.0064  79.4%   5.4   25s
  7352  5318 33968.7981   52    3 160523.000 33104.6074  79.4%   5.5   30s
  8563  5997 35207.5573   71    2 160523.000 33107.4721  79.4%   5.5   35s
  9935  6622 33288.1635   33   14 160523.000 33138.7903  79.4%   5.3   40s
 11453  7182 34559.9220   63    6 160523.000 33138.7903  79.4%   5.2   45s
 12108  7689 33413.2343   22   15 160523.000 33157.7341  79.3%   5.2   50s
 13615  8517 34528.9180   62    3 160523.000 33159.9021  79.3%   5.2   55s
 15249  9838 33350.0978   27   20 160523.000 33169.1872  79.3%   5.1   60s
 16503 10846 33593.1817   33   11 160523.000 33179.5514  79.3%   5.1   65s
 16845 11182 33693.6567   40   13 160523.000 33179.5514  79.3%   5.2   71s
 17176 11283 33701.5736   42   12 160523.000 33179.5514  79.3%   5.2   76s
 17343 11634 33993.1539   54    8 160523.000 33179.5514  79.3%   5.2   82s
 17631 12029 34287.1436   65    7 160523.000 33179.5514  79.3%   5.2   85s
 18499 12679 33457.5958   25   18 160523.000 33179.5514  79.3%   5.2   91s
 19565 13626 34666.2031   74    1 160523.000 33179.5514  79.3%   5.2   97s
 20016 14225 33396.2511   23   19 160523.000 33179.5514  79.3%   5.2  100s
 21281 14879 34427.0623   72    2 160523.000 33179.5514  79.3%   5.1  105s
 22072 15666 34359.2456   39    3 160523.000 33179.5514  79.3%   5.1  111s
 22378 16064 34375.0571   40    4 160523.000 33211.6327  79.3%   5.1  115s
 23848 17310 33571.9902   35   19 160523.000 33217.7493  79.3%   5.1  122s
 24341 18090 34047.9520   48    7 160523.000 33217.7493  79.3%   5.1  125s
 26038 19692 34518.7558   63    4 160523.000 33217.7493  79.3%   5.1  132s
 27304 20720 33925.0525   44    3 160523.000 33223.7979  79.3%   5.0  136s
 28353 21722 33491.7908   31   19 160523.000 33223.7979  79.3%   5.0  140s
 29474 22661 34918.5573   80    4 160523.000 33231.5969  79.3%   5.0  145s
 30831 23874 33980.7270   29    3 160523.000 33238.1056  79.3%   5.0  150s
 32023 25138 128417.000   94    - 160523.000 33238.1056  79.3%   5.0  155s
 33612 26263 33393.6785   35   17 160523.000 33238.1056  79.3%   5.0  160s
 34885 27651 69870.0000   94    - 160523.000 33245.9061  79.3%   5.0  166s
 36575 29165 33624.6071   30   17 160523.000 33248.7255  79.3%   5.0  172s
 38310 30675 33501.7917   31   19 160523.000 33248.7255  79.3%   5.0  177s
 40162 32276 33482.4342   22   19 160523.000 33277.8584  79.3%   5.0  183s
 41838 33587 33361.1498   33   24 160523.000 33277.8584  79.3%   5.0  188s
 43249 34942 34021.6828   48    8 160523.000 33277.8584  79.3%   5.0  194s
 43891 35026 33448.5294   40   19 160523.000 33286.3836  79.3%   5.0  195s
 44891 36563 33537.3478   35   14 160523.000 33286.3836  79.3%   5.0  201s
 46854 38483 34082.4636   33    2 160523.000 33287.8635  79.3%   5.0  207s
 48964 39273 33391.2998   31   16 160523.000 33287.8635  79.3%   5.0  213s
 49732 40567 33420.6200   32   18 160523.000 33294.8500  79.3%   5.1  220s
 51324 42155 33560.5630   34   20 160523.000 33298.2947  79.3%   5.1  227s
 53132 43653 61071.4979   86    1 160523.000 33304.1269  79.3%   5.1  234s
 54655 43864 33404.8602   40   21 160523.000 33305.4736  79.3%   5.1  235s
 54869 45232 33808.0127   50    9 160523.000 33305.4736  79.3%   5.1  242s
 56741 47076 33844.5478   41   12 160523.000 33308.2085  79.3%   5.1  250s
 58856 47341 34409.0000   57    9 160523.000 33308.2901  79.3%   5.1  276s
 58860 47344 34178.3444   73   26 160523.000 33308.2901  79.3%   5.1  281s
 58868 47349 33505.9409   35   32 160523.000 33308.2901  79.3%   5.1  286s
H58868 44981                    152869.00000 33308.2901  78.2%   5.1  287s
 58873 44984 33862.2481   50   32 152869.000 33308.2901  78.2%   5.1  291s
 58879 44988 60168.0000   92   32 152869.000 33308.2901  78.2%   5.1  297s
H58879 42738                    150348.00000 33308.2901  77.8%   5.1  298s
 58881 42740 35526.0000   76   30 150348.000 33308.2901  77.8%   5.1  302s
 58884 42742 34073.3316   49   35 150348.000 33308.2901  77.8%   5.1  308s
H58886 40605                    134520.00000 33308.2901  75.2%   5.1  310s
 58894 40619 33308.2901   29   28 134520.000 33308.2901  75.2%   5.2  315s
 58918 40659 33308.2901   31   30 134520.000 33308.2901  75.2%   5.2  320s
 58982 40775 33308.2901   33   25 134520.000 33308.2901  75.2%   5.2  325s
 59119 40842 33308.2901   34   27 134520.000 33308.2901  75.2%   5.3  335s
 59347 41037 33308.2901   36   22 134520.000 33308.2901  75.2%   5.4  340s
 59591 41111 33308.2901   38   24 134520.000 33308.2901  75.2%   5.4  345s
 59786 41333 33308.2901   39   22 134520.000 33308.2901  75.2%   5.5  351s
 60023 41505 33367.3590   40   20 134520.000 33308.2901  75.2%   5.5  355s
 60523 41769 33308.2901   42   26 134520.000 33308.2901  75.2%   5.6  361s
 60828 41974 33318.7581   43   24 134520.000 33308.2901  75.2%   5.6  365s
 61182 42186 33360.8662   45   22 134520.000 33308.2901  75.2%   5.7  370s
 61584 42381 33521.3292   46   20 134520.000 33308.2901  75.2%   5.7  375s
 62149 42760 33378.0719   49   19 134520.000 33308.2901  75.2%   5.8  382s
 62383 42866 33582.4684   50   16 134520.000 33308.2901  75.2%   5.8  385s
 62872 43136 33620.2867   52   17 134520.000 33308.2901  75.2%   5.8  391s
 63138 43188 86944.0000  103    - 134520.000 33308.2901  75.2%   5.8  395s
 63486 43307 33645.9233   55   18 134520.000 33308.2901  75.2%   5.9  402s
 63518 43527 33958.1861   55   16 134520.000 33308.2901  75.2%   5.9  408s
 63789 43728 33653.8890   56   17 134520.000 33308.2901  75.2%   5.9  413s
 64198 43989 33833.7615   57   12 134520.000 33308.2901  75.2%   5.9  417s
 64601 43923 33687.4977   59   19 134520.000 33308.2901  75.2%   5.9  424s
 64636 44218 33870.1385   60   12 134520.000 33308.2901  75.2%   5.9  431s
 65141 44560 33920.4612   60    8 134520.000 33308.2901  75.2%   5.9  436s
 65719 44846 34009.0722   64    9 134520.000 33308.2901  75.2%   6.0  441s
 66342 45117 34208.1546   68    8 134520.000 33308.2901  75.2%   6.0  447s
 66856 45515 34601.4202   74    1 134520.000 33308.2901  75.2%   6.0  453s
 67683 45929 35359.4727   90    3 134520.000 33308.2901  75.2%   6.0  459s
 68448 45807 34870.3252   83    4 134520.000 33308.2901  75.2%   6.0  460s
 68486 46291 49805.0000  105    - 134520.000 33308.2901  75.2%   6.0  465s
 69250 46220 33424.1751   41   30 134520.000 33308.2901  75.2%   6.0  472s
 69367 46659 33427.5273   42   29 134520.000 33308.2901  75.2%   6.0  481s
 69957 46981 33577.5139   50   21 134520.000 33308.2901  75.2%   6.1  487s
 70564 47441 33719.7748   58   15 134520.000 33308.2901  75.2%   6.1  493s
 71394 47827 34408.8152   85    4 134520.000 33308.2901  75.2%   6.1  500s
 72184 47718 33512.9993   39   23 134520.000 33308.2901  75.2%   6.1  507s
 72219 48432 33657.1506   40   15 134520.000 33308.2901  75.2%   6.2  514s
 72412 48377 34090.2780   47    5 134520.000 33308.2901  75.2%   6.1  515s
 73319 48877 35263.7320   86    3 134520.000 33308.2901  75.2%   6.2  522s
 74148 49054 33720.2404   42   18 134520.000 33308.2901  75.2%   6.2  530s
 74696 49700 33731.6632   43   18 134520.000 33308.2901  75.2%   6.2  538s
 75664 50343 35052.6099   87    3 134520.000 33308.2901  75.2%   6.2  546s
 76783 50159 33641.2851   49   17 134520.000 33308.2901  75.2%   6.3  557s
 76872 50177 33750.0121   50   17 134520.000 33308.2901  75.2%   6.3  567s
 76907 50909 33771.5457   51   15 134520.000 33308.2901  75.2%   6.3  578s
 77933 51754 33793.0910   52   14 134520.000 33308.2901  75.2%   6.3  589s
 78068 51723 34195.4796   61    8 134520.000 33308.2901  75.2%   6.3  590s
 79301 52254 110159.000  105    - 134520.000 33308.2901  75.2%   6.3  600s

Cutting planes:
  MIR: 23
  Flow cover: 3

Explored 80398 nodes (511440 simplex iterations) in 602.45 seconds (299.06 work units)
Thread count was 32 (of 32 available processors)

Solution count 10: 134520 150348 152869 ... 317800

Time limit reached
Best objective 1.345200000000e+05, best bound 3.330829010104e+04, gap 75.2392%

User-callback calls 198742, time in user-callback 123.95 sec
