
Gurobi 13.0.2 (win64) logging started Wed Jul 15 20:54:19 2026

Set parameter LogFile to value "logs/kstar_nI40_nJ40_nK50_nL5_tI3_tJ3_s2_m0_exact_s0_20260715-205419.gurobi.log"
Set parameter Seed to value 0
Set parameter TimeLimit to value 599.9752385
Set parameter NodefileStart to value 4
Set parameter MIPGap to value 0
Set parameter MIPGapAbs to value 0.9999
Set parameter Cutoff to value 1e+100
Gurobi Optimizer version 13.0.2 build v13.0.2rc1 (win64 - Windows 11+.0 (26200.2))

CPU model: Intel(R) Core(TM) i9-14900HX, instruction set [SSE2|AVX|AVX2]
Thread count: 24 physical cores, 32 logical processors, using up to 32 threads

Non-default parameters:
TimeLimit  599.9752385
MIPGap  0
MIPGapAbs  0.9999
NodefileStart  4

Optimize a model with 850 rows, 18080 columns and 46400 nonzeros (Min)
Model fingerprint: 0x4bde8518
Model has 18080 linear objective coefficients
Variable types: 18000 continuous, 80 integer (80 binary)
Coefficient statistics:
  Matrix range     [1e+00, 6e+02]
  Objective range  [1e+00, 5e+02]
  Bounds range     [1e+00, 1e+00]
  RHS range        [5e+00, 2e+01]

Using branch priorities.
Found heuristic solution: objective 328924.00000
Presolve time: 0.02s
Presolved: 850 rows, 18080 columns, 46400 nonzeros
Variable types: 18000 continuous, 80 integer (80 binary)

Root relaxation: objective 1.987381e+04, 777 iterations, 0.00 seconds (0.01 work units)

    Nodes    |    Current Node    |     Objective Bounds      |     Work
 Expl Unexpl |  Obj  Depth IntInf | Incumbent    BestBd   Gap | It/Node Time

     0     0 19873.8066    0   75 328924.000 19873.8066  94.0%     -    0s
H    0     0                    40520.491242 19873.8066  51.0%     -    0s
H    0     0                    39717.000000 19873.8066  50.0%     -    0s
     0     0 25971.0249    0   67 39717.0000 25971.0249  34.6%     -    0s
H    0     0                    37573.000000 25988.4224  30.8%     -    0s
H    0     0                    37077.000000 25988.4224  29.9%     -    0s
H    0     0                    35642.000000 25988.4224  27.1%     -    0s
     0     0 25993.2669    0   65 35642.0000 25993.2669  27.1%     -    0s
     0     0 25993.2669    0   65 35642.0000 25993.2669  27.1%     -    0s
     0     0 28295.7157    0   77 35642.0000 28295.7157  20.6%     -    0s
     0     0 28748.9570    0   78 35642.0000 28748.9570  19.3%     -    0s
     0     0 28836.8571    0   77 35642.0000 28836.8571  19.1%     -    0s
     0     0 28851.7718    0   78 35642.0000 28851.7718  19.1%     -    0s
     0     0 28853.1293    0   78 35642.0000 28853.1293  19.0%     -    0s
     0     0 29855.1054    0   79 35642.0000 29855.1054  16.2%     -    0s
     0     0 30115.5771    0   79 35642.0000 30115.5771  15.5%     -    0s
     0     0 30218.5700    0   77 35642.0000 30218.5700  15.2%     -    0s
     0     0 30246.9690    0   76 35642.0000 30246.9690  15.1%     -    0s
     0     0 30250.1661    0   76 35642.0000 30250.1661  15.1%     -    0s
H    0     0                    35348.963490 30547.7719  13.6%     -    0s
H    0     0                    34948.111837 30547.7719  12.6%     -    0s
H    0     0                    34744.174319 30547.7719  12.1%     -    0s
H    0     0                    34453.909763 30547.7719  11.3%     -    0s
H    0     0                    34437.622092 30547.7719  11.3%     -    0s
H    0     0                    34430.736968 30547.7719  11.3%     -    0s
H    0     0                    34203.733646 30547.7719  10.7%     -    0s
H    0     0                    33831.787574 30547.7719  9.71%     -    0s
H    0     0                    33748.586816 30547.7719  9.48%     -    0s
H    0     0                    33685.611206 30547.7719  9.32%     -    0s
     0     0 30547.7719    0   78 33685.6112 30547.7719  9.32%     -    0s
H    0     0                    33527.526608 30633.7714  8.63%     -    1s
H    0     0                    33404.754678 30633.7714  8.30%     -    1s
H    0     0                    33341.000000 30633.7714  8.12%     -    1s
H    0     0                    33272.000000 30633.7714  7.93%     -    1s
     0     0 30633.7714    0   78 33272.0000 30633.7714  7.93%     -    1s
     0     0 30660.3719    0   78 33272.0000 30660.3719  7.85%     -    1s
     0     0 30671.3660    0   78 33272.0000 30671.3660  7.82%     -    1s
     0     0 30673.8260    0   78 33272.0000 30673.8260  7.81%     -    1s
     0     0 30714.0174    0   79 33272.0000 30714.0174  7.69%     -    1s
     0     0 30735.1873    0   78 33272.0000 30735.1873  7.62%     -    1s
     0     0 30743.8627    0   78 33272.0000 30743.8627  7.60%     -    1s
     0     0 30778.9280    0   77 33272.0000 30778.9280  7.49%     -    1s
     0     0 30779.3888    0   77 33272.0000 30779.3888  7.49%     -    1s
     0     0 30779.3888    0   77 33272.0000 30779.3888  7.49%     -    1s
H    0     0                    32266.000000 30779.3888  4.61%     -    1s
     0     2 30779.3888    0   77 32266.0000 30779.3888  4.61%     -    1s
*  809   692              39    32126.000000 31176.4134  2.96%   128    2s
* 1033   820              32    32120.000000 31270.6914  2.64%   119    3s
H 1370   988                    32079.000000 31371.7279  2.20%   111    3s
* 2035  1177              31    31881.000000 31451.3734  1.35%   104    4s
  2642  1200 31732.2831    8   65 31881.0000 31543.7411  1.06%   103    5s
* 3676  1007              27    31861.000000 31696.8828  0.52%   104    6s
* 3773  1007              26    31858.000000 31705.0061  0.48%   103    6s

Cutting planes:
  Implied bound: 458
  MIR: 303
  Flow cover: 494
  Relax-and-lift: 15

Explored 5043 nodes (429940 simplex iterations) in 6.89 seconds (12.75 work units)
Thread count was 32 (of 32 available processors)

Solution count 10: 31858 31861 31881 ... 33527.5

Optimal solution found (tolerance 0.00e+00)
Best objective 3.185800000000e+04, best bound 3.185800000000e+04, gap 0.0000%
