
Gurobi 13.0.2 (win64) logging started Thu Jul 16 03:19:07 2026

Set parameter LogFile to value "logs/kstar_nI20_nJ40_nK100_nL10_tI5_tJ5_s1_m1_exact_s0_20260716-031907.gurobi.log"
Set parameter Seed to value 0
Set parameter TimeLimit to value 599.9439022
Set parameter MIPGap to value 0
Set parameter MIPGapAbs to value 0.5
Set parameter Cutoff to value 1e+100
Gurobi Optimizer version 13.0.2 build v13.0.2rc1 (win64 - Windows 11+.0 (26200.2))

CPU model: Intel(R) Core(TM) i9-14900HX, instruction set [SSE2|AVX|AVX2]
Thread count: 24 physical cores, 32 logical processors, using up to 32 threads

Non-default parameters:
TimeLimit  599.9439022
MIPGap  0
MIPGapAbs  0.5
PreCrush  1
LazyConstraints  1

Optimize a model with 20 rows, 70 columns and 600 nonzeros (Min)
Model fingerprint: 0x1e16d33c
Model has 70 linear objective coefficients
Variable types: 10 continuous, 60 integer (60 binary)
Coefficient statistics:
  Matrix range     [4e+00, 1e+03]
  Objective range  [1e+00, 5e+02]
  Bounds range     [1e+00, 1e+04]
  RHS range        [1e+03, 1e+03]

Using branch priorities.
Presolve removed 18 rows and 0 columns
Presolve time: 0.00s
Presolved: 2 rows, 70 columns, 60 nonzeros
Variable types: 10 continuous, 60 integer (60 binary)

Root relaxation: objective 8.320748e+04, 4 iterations, 0.00 seconds (0.00 work units)

    Nodes    |    Current Node    |     Objective Bounds      |     Work
 Expl Unexpl |  Obj  Depth IntInf | Incumbent    BestBd   Gap | It/Node Time

     0     0 83207.4765    0    2          - 83207.4765      -     -    0s
H    0     0                    389069.00000 83207.4765  78.6%     -    0s
H    0     0                    371610.00000 83207.4765  77.6%     -    0s
H    0     0                    359808.00000 83207.4765  76.9%     -    0s
H    0     0                    352439.00000 83207.4765  76.4%     -    0s
H    0     0                    350937.00000 83207.4765  76.3%     -    0s
     0     0 83386.9377    0    5 350937.000 83386.9377  76.2%     -    0s
     0     0 83452.3415    0    8 350937.000 83452.3415  76.2%     -    0s
H    0     0                    318137.00000 83454.1122  73.8%     -    0s
     0     0 83529.3534    0    9 318137.000 83529.3534  73.7%     -    0s
     0     0 83534.9706    0    9 318137.000 83534.9706  73.7%     -    0s
H    0     0                    300459.00000 83534.9706  72.2%     -    0s
     0     2 83539.0802    0   11 300459.000 83539.0802  72.2%     -    0s
  3488  3174 96349.0000   51    9 300459.000 83638.0697  72.2%   2.9    5s
H 3489  3016                    238092.00000 83638.0697  64.9%   2.9    5s
H 3496  2869                    234811.00000 83638.0697  64.4%   2.9    6s
H 3496  2725                    222412.00000 83638.0697  62.4%   2.9    6s
H 3504  2594                    205005.00000 83648.8310  59.2%   2.9    7s
H 3505  2594                    202020.00000 83648.8310  58.6%   2.9    7s
  3754  2798 83875.3291   19   14 202020.000 83668.4523  58.6%   3.8   10s
  4705  3491 84413.8007   30    5 202020.000 83685.7439  58.6%   4.8   15s
  5550  4009 84759.4328   45    3 202020.000 83712.3924  58.6%   5.1   20s
  7066  4793 97020.0000   64    - 202020.000 83723.7694  58.6%   5.0   25s
  8582  5453 83939.0639   19   16 202020.000 83773.3444  58.5%   5.0   30s
  9596  6048 84076.9668   23   17 202020.000 83773.3840  58.5%   5.0   35s
 10377  6567 99594.0000   65    - 202020.000 83773.3840  58.5%   5.0   40s
 12017  7727 84372.8745   25   10 202020.000 83784.0008  58.5%   5.0   45s
 14101  9689 84965.7635   39    2 202020.000 83812.2269  58.5%   5.0   50s
 16113 11478 84310.9087   28   13 202020.000 83839.2471  58.5%   5.0   55s
 17723 12676 83923.0111   22   18 202020.000 83842.5746  58.5%   5.0   60s
 19446 14428 84491.3078   34    9 202020.000 83843.2401  58.5%   5.0   66s
 21220 15711 85037.0297   37    5 202020.000 83843.2401  58.5%   5.1   70s
 23019 16988 84441.8204   30    8 202020.000 83854.6322  58.5%   5.0   75s
 24683 18259 84305.8205   22   13 202020.000 83874.8136  58.5%   5.1   80s
 26706 20569 84164.8807   22   12 202020.000 83882.7083  58.5%   5.0   85s
 28875 22468 84138.7163   22   19 202020.000 83888.4793  58.5%   5.0   91s
 30164 23704 84307.6258   29   11 202020.000 83893.5913  58.5%   5.1   95s
 32459 25582 85917.4603   59    2 202020.000 83903.1411  58.5%   5.1  101s
 34153 26897 84288.2367   24   14 202020.000 83903.1411  58.5%   5.1  105s
 36304 28848 90745.0000   67    - 202020.000 83918.6513  58.5%   5.1  111s
 37314 30010 84779.3381   30   12 202020.000 83918.6513  58.5%   5.2  115s
 40877 31609 85638.7510   30    1 202020.000 83918.6513  58.5%   5.1  120s
 42504 34184 84345.8653   26   16 202020.000 83939.2805  58.5%   5.1  127s
 44158 35427 84479.7354   31    9 202020.000 83946.6601  58.4%   5.1  131s
 46139 36719 84504.9061   25   16 202020.000 83946.6601  58.4%   5.1  135s
 47511 37043 84475.3793   25   17 202020.000 83949.8195  58.4%   5.1  140s
 47871 37497 84691.8676   27   13 202020.000 83949.8195  58.4%   5.1  146s
 48145 37809 84713.9420   28   11 202020.000 83949.8195  58.4%   5.1  150s
 49125 38437 84677.7342   27   13 202020.000 83949.8195  58.4%   5.2  157s
 49169 38673 84712.4364   28   12 202020.000 83949.8195  58.4%   5.2  161s
 49474 39079 84720.8637   29   13 202020.000 83949.8195  58.4%   5.2  165s
 49995 39845 84722.9998   30   13 202020.000 83950.3181  58.4%   5.2  170s
 50914 39960 84414.7510   25    9 202020.000 83959.2323  58.4%   5.2  181s
H50915 37962                    197232.00000 83959.2323  57.4%   5.2  184s
 50917 37963 85185.5332   39   27 197232.000 83959.2323  57.4%   5.2  186s
H50918 36066                    184314.00000 83959.2323  54.4%   5.2  192s
 50925 36070 84215.2146   22   28 184314.000 83959.2323  54.4%   5.2  197s
 50927 36072 86554.0000   63   28 184314.000 83959.2323  54.4%   5.2  201s
H50928 34268                    179714.00000 83959.2323  53.3%   5.2  205s
H50928 32555                    178364.00000 83959.2323  52.9%   5.2  205s
H50929 32556                    176135.00000 83959.2323  52.3%   5.2  205s
 50933 32559 85430.3424   48   27 176135.000 83959.2323  52.3%   5.2  211s
 50949 32586 83959.2323   24   25 176135.000 83959.2323  52.3%   5.2  215s
 51098 32741 84195.1384   27   20 176135.000 83959.2323  52.3%   5.3  220s
 51347 32865 84364.4344   30   17 176135.000 83959.2323  52.3%   5.4  225s
 51601 33049 84593.8710   33   17 176135.000 83959.2323  52.3%   5.4  230s
 52010 33267 92403.0000   69    - 176135.000 83959.2323  52.3%   5.5  235s
 52325 33432 84630.4013   38   15 176135.000 83959.2323  52.3%   5.5  240s
 52891 33943 84737.9722   41   17 176135.000 83959.2323  52.3%   5.5  245s
 53363 34157 84847.5711   44   14 176135.000 83959.2323  52.3%   5.6  251s
 53870 34372 89522.0000   70    - 176135.000 83959.2323  52.3%   5.6  255s
 54591 34906 91698.0000   67    - 176135.000 83959.2323  52.3%   5.6  260s
 55423 35341 87327.5037   71    1 176135.000 84028.6273  52.3%   5.6  265s
 56142 35836 84299.2653   28   20 176135.000 84074.7677  52.3%   5.6  270s
 56652 35804 84794.6893   38   11 176135.000 84105.7930  52.2%   5.6  276s
 57022 36319 85630.7245   51    5 176135.000 84116.4772  52.2%   5.7  282s
 57450 36581 89806.0000   73    - 176135.000 84119.6061  52.2%   5.7  285s
 58487 37061 84411.5529   37   16 176135.000 84131.9469  52.2%   5.7  291s
 59417 37841 85025.4533   49    6 176135.000 84131.9469  52.2%   5.8  296s
 60176 37744 85257.3128   56    3 176135.000 84131.9469  52.2%   5.7  301s
 60245 38164 86103.7143   57    1 176135.000 84131.9469  52.2%   5.7  305s
 61316 38383 84538.9002   41   14 176135.000 84131.9469  52.2%   5.8  310s
 62084 39385 85094.9090   53    9 176135.000 84188.3870  52.2%   5.8  317s
 62862 39725 84259.0405   30   22 176135.000 84188.3870  52.2%   5.8  320s
 63724 40038 84703.5779   40   13 176135.000 84188.3870  52.2%   5.8  325s
 64269 40418 85713.1280   64    4 176135.000 84189.8243  52.2%   5.9  331s
 64957 40831 84730.1957   35   13 176135.000 84189.8243  52.2%   5.9  335s
 65858 41248 98008.0000   75    - 176135.000 84215.5227  52.2%   5.9  340s
 66731 41901 84934.2682   43   10 176135.000 84239.7482  52.2%   5.9  345s
 67798 41784 84753.5016   34   14 176135.000 84241.2957  52.2%   5.9  350s
 67930 41797 84797.8812   35   15 176135.000 84241.2957  52.2%   5.9  355s
 67980 42408 84826.0680   36   15 176135.000 84241.2957  52.2%   5.9  360s
 68782 42913 91697.1484   73    1 176135.000 84241.2957  52.2%   5.9  366s
 69810 43564 84711.1112   46   13 176135.000 84252.0852  52.2%   5.9  372s
 70893 44096 84438.2411   35   19 176135.000 84256.5833  52.2%   5.9  377s
 71799 44643 85416.4036   53    5 176135.000 84256.5833  52.2%   6.0  382s
 72904 45313 84697.3956   38   16 176135.000 84258.3147  52.2%   5.9  388s
 73940 46224 84415.2021   33   18 176135.000 84265.6640  52.2%   6.0  393s
 75683 46881 105545.483   75    1 176135.000 84278.3532  52.2%   6.0  399s
 75986 46833 85315.7536   53    1 176135.000 84278.3532  52.2%   6.0  400s
 77117 47865 85110.5775   48   13 176135.000 84280.2160  52.2%   6.0  406s
 78549 47593 84881.4929   40   15 176135.000 84280.2160  52.2%   6.0  412s
 78680 48578 84936.8906   41   14 176135.000 84280.2160  52.2%   6.0  419s
 80055 49489 85096.7363   44   12 176135.000 84284.7144  52.1%   6.0  425s
 81604 50348 84853.5586   44   12 176135.000 84286.9528  52.1%   6.0  432s
 83159 51070 85007.8231   42   13 176135.000 84298.6918  52.1%   6.1  440s
 84538 52076 84566.7938   36   19 176135.000 84298.6918  52.1%   6.1  448s
 86277 52766 84606.2379   35   19 176135.000 84298.6918  52.1%   6.1  455s
 87935 53874 84422.2664   31   20 176135.000 84312.2507  52.1%   6.1  463s
 89785 53656 84533.7320   38   17 176135.000 84319.4542  52.1%   6.1  470s
 89996 53652 84560.9032   39   17 176135.000 84319.4546  52.1%   6.1  478s
 90041 54438 84565.6886   40   16 176135.000 84319.4546  52.1%   6.1  486s
 91056 55336 84757.9408   41   17 176135.000 84320.1442  52.1%   6.2  495s
 92680 56228 84849.2390   42   15 176135.000 84320.1442  52.1%   6.1  504s
 93134 56161 84512.1453   27   21 176135.000 84320.1442  52.1%   6.1  505s
 94423 57012 84886.7774   43   16 176135.000 84326.4770  52.1%   6.1  514s
 94757 56938 84595.9031   35   18 176135.000 84326.4770  52.1%   6.2  515s
 95865 58238 84905.7390   44   16 176135.000 84330.6478  52.1%   6.2  525s
 97764 59195 85874.2162   56    1 176135.000 84330.6478  52.1%   6.2  536s
 99793 60394 84934.6772   42    9 176135.000 84335.9853  52.1%   6.2  548s
 102312 60402 93308.0000   72    - 176135.000 84339.0306  52.1%   6.2  558s
 102816 61774 84998.5713   44   10 176135.000 84339.0306  52.1%   6.2  571s
 104675 63444 85404.3048   61    1 176135.000 84345.4326  52.1%   6.2  584s
 107283 62893 85182.9856   51    3 176135.000 84346.7822  52.1%   6.2  586s
 107461 64773 84854.2359   39   13 176135.000 84346.7822  52.1%   6.2  598s

Cutting planes:
  Gomory: 3
  MIR: 8
  Flow cover: 1

Explored 109870 nodes (686310 simplex iterations) in 601.36 seconds (271.31 work units)
Thread count was 32 (of 32 available processors)

Solution count 10: 176135 178364 184314 ... 318137

Time limit reached
Best objective 1.761350000000e+05, best bound 8.434838175506e+04, gap 52.1115%

User-callback calls 241095, time in user-callback 131.86 sec
