
Gurobi 13.0.2 (win64) logging started Sat Jul 18 00:15:55 2026

Set parameter LogFile to value "logs/kstar_nI40_nJ40_nK50_nL5_tI3_tJ3_s4_m1_exact_s0_20260718-001555.gurobi.log"
Set parameter Seed to value 0
Set parameter TimeLimit to value 599.9772144
Set parameter MIPGap to value 0
Set parameter MIPGapAbs to value 0.5
Set parameter Cutoff to value 1e+100
Gurobi Optimizer version 13.0.2 build v13.0.2rc1 (win64 - Windows 11+.0 (26200.2))

CPU model: Intel(R) Core(TM) i9-14900HX, instruction set [SSE2|AVX|AVX2]
Thread count: 24 physical cores, 32 logical processors, using up to 32 threads

Non-default parameters:
TimeLimit  599.9772144
MIPGap  0
MIPGapAbs  0.5
PreCrush  1
LazyConstraints  1

Optimize a model with 10 rows, 85 columns and 400 nonzeros (Min)
Model fingerprint: 0x8de5ce26
Model has 85 linear objective coefficients
Variable types: 5 continuous, 80 integer (80 binary)
Coefficient statistics:
  Matrix range     [1e+00, 6e+02]
  Objective range  [1e+00, 5e+02]
  Bounds range     [1e+00, 4e+03]
  RHS range        [6e+02, 6e+02]

Using branch priorities.
Presolve removed 2 rows and 0 columns
Presolve time: 0.00s
Presolved: 8 rows, 85 columns, 320 nonzeros
Variable types: 5 continuous, 80 integer (80 binary)

Root relaxation: objective 1.711756e+04, 3 iterations, 0.00 seconds (0.00 work units)

    Nodes    |    Current Node    |     Objective Bounds      |     Work
 Expl Unexpl |  Obj  Depth IntInf | Incumbent    BestBd   Gap | It/Node Time

     0     0 17117.5601    0    4          - 17117.5601      -     -    0s
H    0     0                    130172.00000 17117.5601  86.9%     -    0s
H    0     0                    123425.00000 17117.5601  86.1%     -    0s
H    0     0                    122178.00000 17117.5601  86.0%     -    0s
H    0     0                    98169.000000 17117.5601  82.6%     -    0s
     0     0 17226.1520    0    9 98169.0000 17226.1520  82.5%     -    0s
     0     0 17228.9585    0    9 98169.0000 17228.9585  82.4%     -    0s
H    0     0                    79439.000000 17228.9585  78.3%     -    0s
     0     2 17264.0949    0   11 79439.0000 17264.0949  78.3%     -    0s
H 3423  2974                    70112.000000 17463.9311  75.1%   2.6    3s
  3752  3226 17723.0566   21   17 70112.0000 17570.1909  74.9%   3.8    5s
  5064  4176 18238.8016   35    4 70112.0000 17570.1909  74.9%   4.8   10s
 10221  7164 18963.8450   34    2 70112.0000 17670.3522  74.8%   4.4   15s
 15534 10803 20031.5624   53    1 70112.0000 17712.4550  74.7%   4.1   20s
 17320 12279 18244.3952   29   17 70112.0000 17717.0873  74.7%   4.1   25s
 20232 15006 18996.7829   38    5 70112.0000 17717.0873  74.7%   4.1   30s
 22413 16516 18066.0599   24   12 70112.0000 17793.3595  74.6%   4.2   35s
 23548 17482 18355.3745   28    8 70112.0000 17817.5745  74.6%   4.2   40s
 24826 18467 18055.1655   27   14 70112.0000 17817.5745  74.6%   4.2   45s
 27481 21554 18918.6528   36    2 70112.0000 17830.4881  74.6%   4.2   50s
 31544 25128 21575.0369   68    1 70112.0000 17842.0187  74.6%   4.2   56s
 34161 26382 18760.3043   44    5 70112.0000 17861.7097  74.5%   4.2   60s
 35343 27218 18761.5148   46    3 70112.0000 17861.7097  74.5%   4.2   65s
 36749 28871 18733.2810   37    8 70112.0000 17873.1730  74.5%   4.2   70s
 38667 30769 19392.6035   68    2 70112.0000 17874.8103  74.5%   4.3   76s
 41599 33766 18708.7828   42    5 70112.0000 17880.8383  74.5%   4.3   83s
 43594 35328 18263.4394   24   13 70112.0000 17887.4008  74.5%   4.3   86s
 45211 37720 18606.3390   35   11 70112.0000 17897.1823  74.5%   4.3   90s
 50938 42644 18556.4309   43   14 70112.0000 17914.3037  74.4%   4.4   98s
 53677 45454 21544.2598   84    1 70112.0000 17920.0475  74.4%   4.4  102s
 56967 47559 18718.0096   33    4 70112.0000 17929.3315  74.4%   4.4  107s
 59708 50799 18363.9169   25   14 70112.0000 17929.3315  74.4%   4.4  112s
 63370 53908 20600.4061   76    3 70112.0000 17943.5054  74.4%   4.4  117s
 67004 57408 18999.7393   54    5 70112.0000 17953.3797  74.4%   4.4  121s
 71033 57922 18342.8884   28    9 70112.0000 17958.1071  74.4%   4.4  132s
H71034 55026                    64800.000000 17958.1071  72.3%   4.4  133s
 71037 55028 19759.0000   55   26 64800.0000 17958.1071  72.3%   4.4  135s
H71041 52279                    57067.000000 17958.1071  68.5%   4.4  138s
 71046 52283 19849.0000   78   28 57067.0000 17958.1071  68.5%   4.4  141s
 71066 52313 17958.1071   27   26 57067.0000 17958.1071  68.5%   4.4  145s
 71247 52450 17958.1071   31   24 57067.0000 17958.1071  68.5%   4.5  150s
 71621 52775 18253.3729   35   21 57067.0000 17958.1071  68.5%   4.6  155s
 72261 53124 18357.0630   39   16 57067.0000 17958.1071  68.5%   4.7  160s
 72706 53485 18699.6622   44   10 57067.0000 17958.1071  68.5%   4.7  165s
 73631 54058 19039.3153   56    4 57067.0000 17958.1071  68.5%   4.7  170s
 74803 54800 22155.2923   78    1 57067.0000 17958.1071  68.5%   4.8  175s
 76474 55927 18796.0193   42    8 57067.0000 17958.1071  68.5%   4.8  181s
 77805 56789 18277.2175   31   16 57067.0000 17958.1071  68.5%   4.8  186s
 79523 57569 18245.0162   35   17 57067.0000 17958.1071  68.5%   4.8  191s
 81225 58007 19779.4463   84    3 57067.0000 17958.1071  68.5%   4.9  196s
 81774 59052 19981.7965   86    2 57067.0000 17958.1071  68.5%   4.9  202s
 82736 59785 18352.7096   38   19 57067.0000 17958.1071  68.5%   4.9  206s
 84261 60490 18336.5186   32   17 57067.0000 17958.1071  68.5%   4.9  210s
 85477 60554 19081.5294   37    4 57067.0000 18014.8544  68.4%   4.9  216s
 86507 60942 19119.8538   38    5 57067.0000 18034.6794  68.4%   4.9  220s
 88554 62414 20043.2664   86    1 57067.0000 18121.5147  68.2%   4.9  228s
 89826 63052 19382.0954   61    2 57067.0000 18121.5147  68.2%   4.9  231s
 91113 64062 18398.7258   37   20 57067.0000 18125.7739  68.2%   4.9  235s
 94034 65629 19763.0766   67    1 57067.0000 18125.7739  68.2%   4.9  242s
 95624 66596 18637.6910   41   12 57067.0000 18145.9933  68.2%   4.9  246s
 97325 67636 18400.8462   35   17 57067.0000 18160.2806  68.2%   4.9  250s
 100111 68597 18387.4758   40   16 57067.0000 18165.1224  68.2%   4.9  255s
 103193 71268 18354.4975   33   22 57067.0000 18180.2530  68.1%   5.0  263s
 105401 72187 24075.0000   96    - 57067.0000 18180.4187  68.1%   5.0  268s
 107627 73583 18808.6658   41   10 57067.0000 18185.2416  68.1%   5.0  272s
 109928 74799 18467.3210   38   19 57067.0000 18191.0206  68.1%   5.0  277s
 112034 75722 18599.8782   41   16 57067.0000 18204.0848  68.1%   5.0  281s
 113937 77119 18505.6877   37   16 57067.0000 18205.5638  68.1%   5.0  286s
 116328 77517 18633.7525   41   13 57067.0000 18217.4556  68.1%   5.1  292s
 119500 77721 18289.1219   38   23 57067.0000 18219.2016  68.1%   5.0  297s
 119676 79371 18303.1629   39   22 57067.0000 18219.2016  68.1%   5.0  303s
 122002 80694 18377.1380   36   20 57067.0000 18222.4895  68.1%   5.0  310s
 124391 81945 18706.0532   36   14 57067.0000 18227.4748  68.1%   5.0  316s
 126766 83624 18820.3677   53   16 57067.0000 18231.7948  68.1%   5.0  321s
 129526 84720 19042.0648   56    9 57067.0000 18238.6661  68.0%   5.0  328s
 132027 85574 19987.3588   67    2 57067.0000 18245.6832  68.0%   5.1  334s
 135099 87816 19344.8925   70    2 57067.0000 18247.4014  68.0%   5.0  341s
 138182 89437 18705.7245   41   14 57067.0000 18251.3684  68.0%   5.0  348s
 141098 89073 19372.9366   72    1 57067.0000 18252.8070  68.0%   5.0  355s
 141488 90951 19959.7814   73    1 57067.0000 18252.8070  68.0%   5.1  362s
 143962 92430 18792.0998   43   12 57067.0000 18258.7788  68.0%   5.1  370s
 146598 93771 20024.6860   84    2 57067.0000 18263.0780  68.0%   5.1  377s
 148985 95825 18455.4622   37   15 57067.0000 18271.6414  68.0%   5.1  385s
 152648 97811 19067.9332   53   14 57067.0000 18273.7073  68.0%   5.1  394s
 156183 99768 18746.9587   43   13 57067.0000 18280.1035  68.0%   5.1  402s
 159735 101499 18567.9932   40   16 57067.0000 18284.8369  68.0%   5.1  412s
 163059 103334 19204.9500   51    8 57067.0000 18289.8260  68.0%   5.1  421s
 166607 104705 19568.1517   92    2 57067.0000 18292.1874  67.9%   5.1  430s
 169589 105727 19585.2036   73    2 57067.0000 18298.3539  67.9%   5.1  439s
 172979 105590 19671.9926   48    1 57067.0000 18299.9572  67.9%   5.1  440s
 173366 108131 18495.2183   37   20 57067.0000 18301.0278  67.9%   5.1  449s
 176880 109719 20493.8364   76    2 57067.0000 18305.7550  67.9%   5.1  459s
 179319 109185 18925.0621   45   11 57067.0000 18305.7550  67.9%   5.1  460s
 179814 111392 18543.6032   35   17 57067.0000 18310.8141  67.9%   5.1  468s
 182840 112653 19152.1177   53    9 57067.0000 18313.4506  67.9%   5.1  477s
 185962 114462 18731.3124   44   15 57067.0000 18313.5668  67.9%   5.1  486s
 188826 116088 19760.2443   73    2 57067.0000 18319.2961  67.9%   5.2  496s
 191652 117409 18535.0811   37   19 57067.0000 18322.6799  67.9%   5.2  504s
 191808 117369 18986.9694   45   17 57067.0000 18322.6799  67.9%   5.2  505s
 194238 118349 18676.0023   39   19 57067.0000 18325.6507  67.9%   5.2  514s
 197640 119717 18770.5975   40   16 57067.0000 18326.2643  67.9%   5.2  522s
 199722 120719 19142.1890   46    9 57067.0000 18329.7577  67.9%   5.2  532s
 202985 122493 18617.3729   40   16 57067.0000 18329.7577  67.9%   5.2  542s
 205641 123656 18915.6518   49   13 57067.0000 18333.7886  67.9%   5.2  550s
 207668 124858 19096.3138   44    8 57067.0000 18334.1343  67.9%   5.2  559s
 207744 124853 18656.3511   37   17 57067.0000 18334.1343  67.9%   5.2  560s
 210165 124632 20330.3138   82    2 57067.0000 18334.2531  67.9%   5.2  567s
 210438 126027 20370.7715   83    2 57067.0000 18334.2531  67.9%   5.2  577s
 212386 127286 18491.2267   39   16 57067.0000 18336.0018  67.9%   5.2  586s
 214575 128636 18905.2544   43   16 57067.0000 18337.6305  67.9%   5.3  595s
 216897 128881 18831.0755   45   15 57067.0000 18339.1220  67.9%   5.3  600s

Cutting planes:
  Gomory: 3
  Cover: 2
  MIR: 12
  Flow cover: 1

Explored 217807 nodes (1147930 simplex iterations) in 601.44 seconds (255.06 work units)
Thread count was 32 (of 32 available processors)

Solution count 8: 57067 64800 70112 ... 130172

Time limit reached
Best objective 5.706700000000e+04, best bound 1.833912195025e+04, gap 67.8639%

User-callback calls 452728, time in user-callback 75.69 sec
