
Gurobi 13.0.2 (win64) logging started Sat Jul 11 06:14:23 2026

Set parameter LogFile to value "logs/kstar_nI20_nJ20_nK50_nL10_tI3_tJ3_s2_m0_exact_s0_20260711-061423.gurobi.log"
Set parameter Seed to value 0
Set parameter TimeLimit to value 599.981823
Set parameter NodefileStart to value 4
Set parameter MIPGap to value 0
Set parameter MIPGapAbs to value 0.9999
Set parameter Cutoff to value 1e+100
Gurobi Optimizer version 13.0.2 build v13.0.2rc1 (win64 - Windows 11+.0 (26200.2))

CPU model: Intel(R) Core(TM) i9-14900HX, instruction set [SSE2|AVX|AVX2]
Thread count: 24 physical cores, 32 logical processors, using up to 32 threads

Non-default parameters:
TimeLimit  599.981823
MIPGap  0
MIPGapAbs  0.9999
NodefileStart  4

Optimize a model with 1100 rows, 14040 columns and 38400 nonzeros (Min)
Model fingerprint: 0x3970135a
Model has 14040 linear objective coefficients
Variable types: 14000 continuous, 40 integer (40 binary)
Coefficient statistics:
  Matrix range     [1e+00, 6e+02]
  Objective range  [1e+00, 5e+02]
  Bounds range     [1e+00, 1e+00]
  RHS range        [5e+00, 2e+01]

Using branch priorities.
Found heuristic solution: objective 631451.00000
Presolve time: 0.03s
Presolved: 1100 rows, 14040 columns, 38400 nonzeros
Variable types: 14000 continuous, 40 integer (40 binary)

Root relaxation: objective 5.730339e+04, 926 iterations, 0.00 seconds (0.01 work units)

    Nodes    |    Current Node    |     Objective Bounds      |     Work
 Expl Unexpl |  Obj  Depth IntInf | Incumbent    BestBd   Gap | It/Node Time

     0     0 57303.3916    0   40 631451.000 57303.3916  90.9%     -    0s
H    0     0                    66169.495394 57303.3916  13.4%     -    0s
H    0     0                    66133.959245 57303.3916  13.4%     -    0s
H    0     0                    66127.522013 64965.3878  1.76%     -    0s
     0     0 64965.3878    0    9 66127.5220 64965.3878  1.76%     -    0s
H    0     0                    65678.000000 65522.0730  0.24%     -    0s
     0     0 65522.0730    0    5 65678.0000 65522.0730  0.24%     -    0s
     0     0 65553.1479    0    1 65678.0000 65553.1479  0.19%     -    0s
H    0     0                    65566.000000 65553.1479  0.02%     -    0s

Cutting planes:
  Implied bound: 439
  MIR: 18
  Flow cover: 179
  Relax-and-lift: 14

Explored 1 nodes (1327 simplex iterations) in 0.18 seconds (0.18 work units)
Thread count was 32 (of 32 available processors)

Solution count 3: 65566 65678 66127.5 

Optimal solution found (tolerance 0.00e+00)
Best objective 6.556600000000e+04, best bound 6.556600000000e+04, gap 0.0000%
