
Gurobi 13.0.2 (win64) logging started Fri Jul 10 22:29:55 2026

Set parameter LogFile to value "logs/kstar_nI20_nJ20_nK100_nL10_tI3_tJ3_s3_m1_exact_s0_20260710-222955.gurobi.log"
Set parameter Seed to value 0
Set parameter TimeLimit to value 599.9681284
Set parameter MIPGap to value 0
Set parameter MIPGapAbs to value 0.5
Set parameter Cutoff to value 1e+100
Gurobi Optimizer version 13.0.2 build v13.0.2rc1 (win64 - Windows 11+.0 (26200.2))

CPU model: Intel(R) Core(TM) i9-14900HX, instruction set [SSE2|AVX|AVX2]
Thread count: 24 physical cores, 32 logical processors, using up to 32 threads

Non-default parameters:
TimeLimit  599.9681284
MIPGap  0
MIPGapAbs  0.5
PreCrush  1
LazyConstraints  1

Optimize a model with 20 rows, 50 columns and 400 nonzeros (Min)
Model fingerprint: 0xe9172661
Model has 50 linear objective coefficients
Variable types: 10 continuous, 40 integer (40 binary)
Coefficient statistics:
  Matrix range     [6e+00, 1e+03]
  Objective range  [1e+00, 5e+02]
  Bounds range     [1e+00, 1e+04]
  RHS range        [1e+03, 1e+03]

Using branch priorities.
Presolve removed 6 rows and 0 columns
Presolve time: 0.00s
Presolved: 14 rows, 50 columns, 280 nonzeros
Variable types: 10 continuous, 40 integer (40 binary)

Root relaxation: objective 1.139823e+05, 7 iterations, 0.00 seconds (0.00 work units)

    Nodes    |    Current Node    |     Objective Bounds      |     Work
 Expl Unexpl |  Obj  Depth IntInf | Incumbent    BestBd   Gap | It/Node Time

     0     0 113982.268    0    2          - 113982.268      -     -    0s
H    0     0                    559912.00000 113982.268  79.6%     -    0s
H    0     0                    513690.00000 113982.268  77.8%     -    0s
H    0     0                    508485.00000 113982.268  77.6%     -    0s
H    0     0                    469011.00000 113982.268  75.7%     -    0s
H    0     0                    423185.00000 113982.268  73.1%     -    0s
     0     0 114140.581    0    6 423185.000 114140.581  73.0%     -    0s
     0     0 114208.229    0    8 423185.000 114208.229  73.0%     -    0s
H    0     0                    412274.00000 114208.229  72.3%     -    0s
     0     0 114223.614    0   10 412274.000 114223.614  72.3%     -    0s
     0     0 114227.755    0   10 412274.000 114227.755  72.3%     -    0s
     0     2 114234.848    0   13 412274.000 114234.848  72.3%     -    0s
  3075  2654 115164.067   23    1 412274.000 114404.577  72.3%   3.3    5s
H 3793  2915                    308544.00000 114431.066  62.9%   3.3    6s
  4522  3458 115150.533   27    7 308544.000 114431.066  62.9%   4.5   10s
  6013  4190 117387.856   42    2 308544.000 114537.335  62.9%   4.7   15s
  6861  4549 115169.640   30   10 308544.000 114586.079  62.9%   4.8   20s
  7909  5048 114966.644   29   12 308544.000 114617.490  62.9%   4.9   25s
  9603  5819 116107.997   40    2 308544.000 114656.825  62.8%   5.0   30s
 10445  6196 115324.762   29    7 308544.000 114694.990  62.8%   5.0   35s
 11460  6684 115518.958   33    5 308544.000 114698.119  62.8%   5.0   40s
 13080  7617 114980.242   24   13 308544.000 114746.228  62.8%   5.0   45s
 14241  8430 114959.428   25   15 308544.000 114754.095  62.8%   5.1   50s
 15271  9411 122750.644   36    3 308544.000 114778.455  62.8%   5.0   55s
 16676 10482 117199.388   48    2 308544.000 114780.925  62.8%   5.0   61s
 17304 11085 115152.431   31    8 308544.000 114780.925  62.8%   5.1   65s
 19099 12394 116132.341   37    9 308544.000 114814.074  62.8%   5.0   71s
 20364 13415 115203.707   26   10 308544.000 114817.484  62.8%   5.0   75s
 22582 15225 115367.060   26    8 308544.000 114848.295  62.8%   5.0   80s
 24850 17187 116131.443   38    7 308544.000 114862.518  62.8%   5.0   86s
 26504 18481 116780.465   43    2 308544.000 114862.518  62.8%   5.0   90s
 28153 19778 115255.234   27   11 308544.000 114870.224  62.8%   5.0   95s
 29754 21181 115075.906   27   14 308544.000 114897.628  62.8%   5.1  100s
 30858 21869 115548.343   35    6 308544.000 114897.784  62.8%   5.1  107s
 31553 22436 115645.603   36    5 308544.000 114901.657  62.8%   5.1  110s
 33406 23953 116103.401   37    6 308544.000 114917.101  62.8%   5.0  118s
 34360 24683 116824.423   38    5 308544.000 114921.780  62.8%   5.1  122s
 35269 25529 116870.087   39    5 308544.000 114923.985  62.8%   5.1  126s
 36361 26298 115418.193   28   12 308544.000 114928.714  62.8%   5.1  130s
 37340 27181 115950.465   36    3 308544.000 114934.910  62.7%   5.1  135s
 38433 28158 116212.052   43    4 308544.000 114934.910  62.7%   5.1  140s
 39691 29044 115004.257   27   19 308544.000 114943.131  62.7%   5.1  145s
 40841 30010 115305.509   25   12 308544.000 114947.546  62.7%   5.1  150s
 42088 31013 115562.701   32   12 308544.000 114951.580  62.7%   5.1  155s
 43539 32045 162590.000   52    - 308544.000 114960.670  62.7%   5.2  160s
 44573 33088 120174.458   49    2 308544.000 114964.060  62.7%   5.2  165s
 45998 34262 116351.129   38   10 308544.000 114965.921  62.7%   5.2  170s
 47561 35499 115371.454   27   11 308544.000 114975.362  62.7%   5.2  176s
 48964 36578 116048.021   32    2 308544.000 114979.102  62.7%   5.2  181s
 50318 37745 116442.573   41    6 308544.000 114979.102  62.7%   5.2  187s
 51868 38936 115853.247   31   13 308544.000 114985.115  62.7%   5.2  193s
 53389 40252 116270.065   42    3 308544.000 114989.694  62.7%   5.2  200s
 54994 41052 115719.111   28    5 308544.000 114995.648  62.7%   5.2  206s
 55810 41987 116553.473   41    3 308544.000 114995.648  62.7%   5.2  212s
 57245 42936 116318.814   36    2 308544.000 115000.534  62.7%   5.2  218s
 58279 43877 115373.138   25   11 308544.000 115000.534  62.7%   5.2  225s
 59826 44440 116005.788   37    6 308544.000 115007.559  62.7%   5.2  232s
 60179 44539 115442.977   29   10 308544.000 115008.391  62.7%   5.2  252s
H60180 42313                    290467.00000 115008.391  60.4%   5.2  253s
 60185 42319 115008.391   26   21 290467.000 115008.391  60.4%   5.2  256s
 60215 42369 115008.391   30   23 290467.000 115008.391  60.4%   5.3  262s
 60247 42390 115008.391   31   22 290467.000 115008.391  60.4%   5.3  265s
 60396 42605 115008.391   33   22 290467.000 115008.391  60.4%   5.3  270s
 60708 42715 115008.391   36   19 290467.000 115008.391  60.4%   5.4  277s
 60760 42813 115008.391   37   18 290467.000 115008.391  60.4%   5.4  280s
 61299 43054 115112.643   39   17 290467.000 115008.391  60.4%   5.4  286s
 61758 43245 115686.309   43   11 290467.000 115008.391  60.4%   5.5  290s
 62254 43520 115673.828   42   15 290467.000 115008.391  60.4%   5.5  295s
 62780 43822 115504.315   42   16 290467.000 115008.391  60.4%   5.5  300s
 63318 43956 116461.171   48    8 290467.000 115008.391  60.4%   5.6  305s
 63624 44253 116799.297   51    3 290467.000 115008.391  60.4%   5.6  311s
 64194 44522 129784.766   59    3 290467.000 115008.391  60.4%   5.6  315s
 65032 45027 115959.432   42    8 290467.000 115008.391  60.4%   5.6  321s
 65638 45344 128988.000   60    - 290467.000 115008.391  60.4%   5.7  325s
 66868 45734 115230.179   36   20 290467.000 115008.391  60.4%   5.7  331s
 67803 46317 116160.771   40   14 290467.000 115008.391  60.4%   5.8  338s
 68366 46607 116635.005   43    9 290467.000 115008.391  60.4%   5.8  342s
 68994 46703 117245.257   48    2 290467.000 115008.391  60.4%   5.8  345s
 69250 46681 116254.166   47    5 290467.000 115008.391  60.4%   5.9  350s
 69725 46902 126861.000   57    - 290467.000 115008.391  60.4%   5.9  355s
 70381 47602 116476.834   50    2 290467.000 115008.391  60.4%   5.9  363s
 71212 47922 115713.286   41   10 290467.000 115008.391  60.4%   5.9  368s
 72003 48376 115847.910   39   13 290467.000 115008.391  60.4%   5.9  372s
 72835 48808 115661.469   40   13 290467.000 115008.391  60.4%   6.0  378s
 73673 48700 115237.814   39   19 290467.000 115008.391  60.4%   6.0  384s
 73682 48698 115746.986   44   12 290467.000 115008.391  60.4%   6.0  385s
 73709 49107 115351.921   40   16 290467.000 115008.391  60.4%   6.0  390s
 74424 49570 115521.858   41   14 290467.000 115008.391  60.4%   6.0  396s
 75343 49509 115613.825   38   12 290467.000 115008.391  60.4%   6.0  402s
 75431 49699 115767.296   39   10 290467.000 115008.391  60.4%   6.0  407s
 75737 50097 115931.433   40    7 290467.000 115008.391  60.4%   6.1  413s
 76449 50649 116122.812   41    6 290467.000 115008.391  60.4%   6.1  420s
 77519 51144 116251.826   42    4 290467.000 115008.391  60.4%   6.1  427s
 78667 51727 116268.658   43    3 290467.000 115008.391  60.4%   6.1  436s
 79896 52282 116363.178   44    2 290467.000 115008.391  60.4%   6.1  444s
 80903 53156 116510.132   45    1 290467.000 115008.391  60.4%   6.2  451s
 82427 53140 115480.850   40   18 290467.000 115008.391  60.4%   6.2  459s
 82871 53823 115679.938   41   17 290467.000 115008.391  60.4%   6.2  466s
 84166 54310 116159.305   45    8 290467.000 115008.391  60.4%   6.3  475s
 85281 55123 115633.385   39   13 290467.000 115008.391  60.4%   6.3  484s
 86226 55054 115692.960   39   14 290467.000 115008.391  60.4%   6.3  485s
 87084 55804 115960.256   47   11 290467.000 115021.898  60.4%   6.3  493s
 88550 56607 131099.859   59    1 290467.000 115037.208  60.4%   6.3  503s
 90208 57335 115447.653   37   15 290467.000 115045.698  60.4%   6.4  513s
 91859 58147 115391.195   36   18 290467.000 115057.163  60.4%   6.4  525s
 93584 58012 116261.096   44    5 290467.000 115064.639  60.4%   6.4  536s
 93744 59356 115676.164   38   15 290467.000 115067.384  60.4%   6.4  548s
 95858 59996 115625.373   41   17 290467.000 115084.787  60.4%   6.4  560s
 97525 61103 116072.247   45    9 290467.000 115094.468  60.4%   6.5  574s
 98579 60953 116077.481   45    7 290467.000 115094.468  60.4%   6.5  575s
 99696 62051 116718.370   58    1 290467.000 115104.395  60.4%   6.5  589s
 100189 61991 116441.662   46    2 290467.000 115111.235  60.4%   6.5  590s
 101784 62600 115842.060   40   15 290467.000 115123.758  60.4%   6.5  600s

Explored 103174 nodes (671890 simplex iterations) in 602.36 seconds (320.76 work units)
Thread count was 32 (of 32 available processors)

Solution count 7: 290467 308544 412274 ... 559912

Time limit reached
Best objective 2.904670000000e+05, best bound 1.151299995744e+05, gap 60.3638%

User-callback calls 224465, time in user-callback 98.23 sec
