
Gurobi 13.0.2 (win64) logging started Wed Jul 15 20:54:47 2026

Set parameter LogFile to value "logs/kstar_nI40_nJ40_nK50_nL5_tI4_tJ4_s2_m0_exact_s0_20260715-205447.gurobi.log"
Set parameter Seed to value 0
Set parameter TimeLimit to value 599.975357
Set parameter NodefileStart to value 4
Set parameter MIPGap to value 0
Set parameter MIPGapAbs to value 0.9999
Set parameter Cutoff to value 1e+100
Gurobi Optimizer version 13.0.2 build v13.0.2rc1 (win64 - Windows 11+.0 (26200.2))

CPU model: Intel(R) Core(TM) i9-14900HX, instruction set [SSE2|AVX|AVX2]
Thread count: 24 physical cores, 32 logical processors, using up to 32 threads

Non-default parameters:
TimeLimit  599.975357
MIPGap  0
MIPGapAbs  0.9999
NodefileStart  4

Optimize a model with 850 rows, 18080 columns and 46400 nonzeros (Min)
Model fingerprint: 0xfd7bc887
Model has 18080 linear objective coefficients
Variable types: 18000 continuous, 80 integer (80 binary)
Coefficient statistics:
  Matrix range     [1e+00, 7e+02]
  Objective range  [1e+00, 5e+02]
  Bounds range     [1e+00, 1e+00]
  RHS range        [5e+00, 2e+01]

Using branch priorities.
Found heuristic solution: objective 332552.00000
Presolve time: 0.01s
Presolved: 850 rows, 18080 columns, 46400 nonzeros
Variable types: 18000 continuous, 80 integer (80 binary)

Root relaxation: objective 2.138097e+04, 798 iterations, 0.01 seconds (0.01 work units)

    Nodes    |    Current Node    |     Objective Bounds      |     Work
 Expl Unexpl |  Obj  Depth IntInf | Incumbent    BestBd   Gap | It/Node Time

     0     0 21380.9650    0   77 332552.000 21380.9650  93.6%     -    0s
H    0     0                    39712.733452 21380.9650  46.2%     -    0s
H    0     0                    38381.000000 21380.9650  44.3%     -    0s
H    0     0                    37857.000000 26434.5370  30.2%     -    0s
     0     0 26434.5370    0   69 37857.0000 26434.5370  30.2%     -    0s
H    0     0                    36146.000000 26438.1316  26.9%     -    0s
H    0     0                    35847.000000 26438.1316  26.2%     -    0s
H    0     0                    35842.000000 26438.1316  26.2%     -    0s
H    0     0                    35823.000000 26438.1316  26.2%     -    0s
     0     0 26517.0116    0   68 35823.0000 26517.0116  26.0%     -    0s
     0     0 26518.6943    0   68 35823.0000 26518.6943  26.0%     -    0s
H    0     0                    35756.000000 26518.6943  25.8%     -    0s
H    0     0                    35715.000000 28573.8564  20.0%     -    0s
H    0     0                    35372.439024 28573.8564  19.2%     -    0s
H    0     0                    35025.000000 28573.8564  18.4%     -    0s
     0     0 28573.8564    0   74 35025.0000 28573.8564  18.4%     -    0s
H    0     0                    34390.000000 28588.9923  16.9%     -    0s
H    0     0                    33819.000000 28588.9923  15.5%     -    0s
H    0     0                    33625.000000 28588.9923  15.0%     -    0s
H    0     0                    33484.727618 29077.1807  13.2%     -    0s
     0     0 29077.1807    0   71 33484.7276 29077.1807  13.2%     -    0s
     0     0 29205.7351    0   73 33484.7276 29205.7351  12.8%     -    0s
     0     0 29254.4534    0   72 33484.7276 29254.4534  12.6%     -    0s
     0     0 29263.4734    0   72 33484.7276 29263.4734  12.6%     -    0s
     0     0 29270.5293    0   72 33484.7276 29270.5293  12.6%     -    0s
     0     0 29271.2332    0   72 33484.7276 29271.2332  12.6%     -    0s
H    0     0                    33390.000000 29769.1670  10.8%     -    0s
H    0     0                    33278.000000 29769.1670  10.5%     -    0s
     0     0 29769.1670    0   77 33278.0000 29769.1670  10.5%     -    0s
H    0     0                    32396.000000 29946.3027  7.56%     -    0s
H    0     0                    32372.000000 29946.3027  7.49%     -    0s
H    0     0                    32321.000000 29946.3027  7.35%     -    0s
     0     0 29946.3027    0   77 32321.0000 29946.3027  7.35%     -    0s
     0     0 30008.6605    0   76 32321.0000 30008.6605  7.15%     -    0s
     0     0 30034.5287    0   76 32321.0000 30034.5287  7.07%     -    0s
     0     0 30041.0395    0   76 32321.0000 30041.0395  7.05%     -    0s
     0     0 30182.2714    0   76 32321.0000 30182.2714  6.62%     -    0s
     0     0 30236.5917    0   75 32321.0000 30236.5917  6.45%     -    0s
H    0     0                    32274.164166 30266.1426  6.22%     -    0s
H    0     0                    32054.826930 30266.1426  5.58%     -    0s
     0     0 30266.1426    0   74 32054.8269 30266.1426  5.58%     -    0s
H    0     0                    31917.162075 30274.5510  5.15%     -    1s
H    0     0                    31850.162075 30274.5510  4.95%     -    1s
H    0     0                    31783.000000 30274.5510  4.75%     -    1s
     0     0 30274.5510    0   75 31783.0000 30274.5510  4.75%     -    1s
     0     0 30279.1439    0   75 31783.0000 30279.1439  4.73%     -    1s
     0     0 30347.1450    0   74 31783.0000 30347.1450  4.52%     -    1s
     0     0 30370.7149    0   73 31783.0000 30370.7149  4.44%     -    1s
     0     0 30376.8728    0   75 31783.0000 30376.8728  4.42%     -    1s
     0     0 30403.0831    0   74 31783.0000 30403.0831  4.34%     -    1s
     0     0 30403.3338    0   74 31783.0000 30403.3338  4.34%     -    1s
     0     0 30403.3338    0   74 31783.0000 30403.3338  4.34%     -    1s
     0     2 30403.3338    0   74 31783.0000 30403.3338  4.34%     -    1s
H  555   555                    31271.344037 30673.2858  1.91%   116    2s
*  656   530              25    31120.000000 30765.5433  1.14%   108    2s
H  842   555                    31099.000000 30765.5433  1.07%   108    3s
* 1012   546              18    31096.000000 30868.4581  0.73%   104    3s
* 1014   546              17    31081.000000 30868.4581  0.68%   104    3s
* 1019   546              18    31077.000000 30868.4581  0.67%   103    3s
* 1227   491              20    31026.000000 30881.3128  0.47%  95.7    3s
* 1259   491              17    31020.000000 30881.3128  0.45%  94.3    3s
* 1335   311              13    31010.000000 30932.5543  0.25%  90.4    3s

Cutting planes:
  Implied bound: 390
  MIR: 282
  Flow cover: 501
  Relax-and-lift: 24

Explored 1852 nodes (130005 simplex iterations) in 3.87 seconds (6.52 work units)
Thread count was 32 (of 32 available processors)

Solution count 10: 31010 31020 31026 ... 31783

Optimal solution found (tolerance 0.00e+00)
Best objective 3.101000000000e+04, best bound 3.101000000000e+04, gap 0.0000%
