
Gurobi 13.0.2 (win64) logging started Wed Jul 15 20:49:14 2026

Set parameter LogFile to value "logs/kstar_nI40_nJ20_nK100_nL5_tI3_tJ3_s3_m0_exact_s0_20260715-204913.gurobi.log"
Set parameter Seed to value 0
Set parameter TimeLimit to value 599.9815287
Set parameter NodefileStart to value 4
Set parameter MIPGap to value 0
Set parameter MIPGapAbs to value 0.9999
Set parameter Cutoff to value 1e+100
Gurobi Optimizer version 13.0.2 build v13.0.2rc1 (win64 - Windows 11+.0 (26200.2))

CPU model: Intel(R) Core(TM) i9-14900HX, instruction set [SSE2|AVX|AVX2]
Thread count: 24 physical cores, 32 logical processors, using up to 32 threads

Non-default parameters:
TimeLimit  599.9815287
MIPGap  0
MIPGapAbs  0.9999
NodefileStart  4

Optimize a model with 900 rows, 14060 columns and 38300 nonzeros (Min)
Model fingerprint: 0xb234070e
Model has 14060 linear objective coefficients
Variable types: 14000 continuous, 60 integer (60 binary)
Coefficient statistics:
  Matrix range     [1e+00, 1e+03]
  Objective range  [1e+00, 5e+02]
  Bounds range     [1e+00, 1e+00]
  RHS range        [5e+00, 2e+01]

Using branch priorities.
Found heuristic solution: objective 644121.00000
Presolve time: 0.03s
Presolved: 900 rows, 14060 columns, 38300 nonzeros
Variable types: 14000 continuous, 60 integer (60 binary)

Root relaxation: objective 5.512501e+04, 754 iterations, 0.00 seconds (0.01 work units)

    Nodes    |    Current Node    |     Objective Bounds      |     Work
 Expl Unexpl |  Obj  Depth IntInf | Incumbent    BestBd   Gap | It/Node Time

     0     0 55125.0106    0   57 644121.000 55125.0106  91.4%     -    0s
H    0     0                    68476.978319 55125.0106  19.5%     -    0s
H    0     0                    68467.921688 55125.0106  19.5%     -    0s
H    0     0                    68452.820071 55125.0106  19.5%     -    0s
H    0     0                    68450.921688 55125.0106  19.5%     -    0s
     0     0 59665.6385    0   38 68450.9217 59665.6385  12.8%     -    0s
H    0     0                    67886.000000 59789.3535  11.9%     -    0s
     0     0 59789.3535    0   38 67886.0000 59789.3535  11.9%     -    0s
     0     0 64191.0203    0   34 67886.0000 64191.0203  5.44%     -    0s
     0     0 64359.7193    0   33 67886.0000 64359.7193  5.19%     -    0s
     0     0 64372.2459    0   33 67886.0000 64372.2459  5.18%     -    0s
     0     0 65250.3792    0   24 67886.0000 65250.3792  3.88%     -    0s
H    0     0                    65563.000000 65256.4744  0.47%     -    0s
     0     0 65380.6649    0   16 65563.0000 65380.6649  0.28%     -    0s
     0     0 65392.5796    0   16 65563.0000 65392.5796  0.26%     -    0s
     0     0 65392.5796    0   16 65563.0000 65392.5796  0.26%     -    0s
     0     0 65462.6562    0    8 65563.0000 65462.6562  0.15%     -    0s
     0     0 65462.7692    0   11 65563.0000 65462.7692  0.15%     -    0s
H    0     0                    65530.000000 65471.8894  0.09%     -    0s
     0     0 65485.1193    0    8 65530.0000 65485.1193  0.07%     -    0s
     0     0 65489.5421    0   15 65530.0000 65489.5421  0.06%     -    0s
*    0     0               0    65517.000000 65517.0000  0.00%     -    0s

Cutting planes:
  Lift-and-project: 1
  Implied bound: 392
  MIR: 142
  Flow cover: 32
  Relax-and-lift: 9

Explored 1 nodes (1550 simplex iterations) in 0.31 seconds (0.30 work units)
Thread count was 32 (of 32 available processors)

Solution count 5: 65517 65563 67886 ... 644121

Optimal solution found (tolerance 0.00e+00)
Best objective 6.551700000000e+04, best bound 6.551700000000e+04, gap 0.0000%
