
Gurobi 13.0.2 (win64) logging started Fri Jul 17 15:19:26 2026

Set parameter LogFile to value "logs/kstar_nI40_nJ40_nK100_nL5_tI3_tJ3_s1_m1_exact_s0_20260717-151926.gurobi.log"
Set parameter Seed to value 0
Set parameter TimeLimit to value 599.9665256
Set parameter MIPGap to value 0
Set parameter MIPGapAbs to value 0.5
Set parameter Cutoff to value 1e+100
Gurobi Optimizer version 13.0.2 build v13.0.2rc1 (win64 - Windows 11+.0 (26200.2))

CPU model: Intel(R) Core(TM) i9-14900HX, instruction set [SSE2|AVX|AVX2]
Thread count: 24 physical cores, 32 logical processors, using up to 32 threads

Non-default parameters:
TimeLimit  599.9665256
MIPGap  0
MIPGapAbs  0.5
PreCrush  1
LazyConstraints  1

Optimize a model with 10 rows, 85 columns and 400 nonzeros (Min)
Model fingerprint: 0x3f230358
Model has 85 linear objective coefficients
Variable types: 5 continuous, 80 integer (80 binary)
Coefficient statistics:
  Matrix range     [2e+01, 1e+03]
  Objective range  [1e+00, 5e+02]
  Bounds range     [1e+00, 7e+03]
  RHS range        [1e+03, 1e+03]

Using branch priorities.
Presolve time: 0.00s
Presolved: 10 rows, 85 columns, 400 nonzeros
Variable types: 5 continuous, 80 integer (80 binary)

Root relaxation: objective 3.279705e+04, 7 iterations, 0.00 seconds (0.00 work units)

    Nodes    |    Current Node    |     Objective Bounds      |     Work
 Expl Unexpl |  Obj  Depth IntInf | Incumbent    BestBd   Gap | It/Node Time

     0     0 32797.0486    0    5          - 32797.0486      -     -    0s
H    0     0                    337364.00000 32797.0486  90.3%     -    0s
H    0     0                    288540.00000 32797.0486  88.6%     -    0s
H    0     0                    232982.00000 32797.0486  85.9%     -    0s
H    0     0                    205125.00000 32797.0486  84.0%     -    0s
H    0     0                    179582.00000 32797.0486  81.7%     -    0s
     0     0 32863.2940    0    9 179582.000 32863.2940  81.7%     -    0s
     0     0 32865.6309    0    9 179582.000 32865.6309  81.7%     -    0s
H    0     0                    177265.00000 32865.6309  81.5%     -    0s
H    0     0                    153971.00000 32865.6309  78.7%     -    0s
     0     2 32954.4725    0   14 153971.000 32954.4725  78.6%     -    1s
  2681  2949 33858.8918   51    4 153971.000 33045.8490  78.5%   2.9    5s
H 3855  3347                    143829.00000 33113.4876  77.0%   2.6    9s
H 3856  3347                    142068.00000 33113.4876  76.7%   2.6    9s
  3871  3362 33118.0050   15   16 142068.000 33118.0050  76.7%   2.7   10s
  4484  3852 33319.7843   27   13 142068.000 33152.5653  76.7%   4.2   15s
  6145  4837 33770.7273   38    5 142068.000 33152.5653  76.7%   4.3   20s
  8152  5921 36169.5455   69    1 142068.000 33186.8021  76.6%   4.1   25s
  9689  6701 44919.0000   77    - 142068.000 33207.3210  76.6%   4.0   30s
 11107  7415 33380.3224   31   10 142068.000 33208.6861  76.6%   3.9   35s
*11580  7524              93    110608.00000 33208.6861  70.0%   3.9   36s
 12096  7643 33529.9940   27    5 110608.000 33215.5855  70.0%   4.0   40s
 12898  8252 34227.9496   34    2 110608.000 33225.0016  70.0%   4.0   45s
 14067  9107 34689.4931   59    3 110608.000 33232.0239  70.0%   4.0   50s
 16123 10856 33573.1243   36    9 110608.000 33239.2592  69.9%   3.8   55s
 19318 13635 33998.9924   43    2 110608.000 33239.2592  69.9%   3.7   61s
 21943 15731 34733.9644   69    3 110608.000 33252.0944  69.9%   3.7   65s
 24313 17806 35905.7466   71    2 110608.000 33252.0944  69.9%   3.7   70s
 25517 18711 33415.3582   24   16 110608.000 33252.0944  69.9%   3.7   76s
 27039 19829 33844.8126   45    1 110608.000 33252.0944  69.9%   3.6   80s
 28944 21870 33765.1648   40    7 110608.000 33265.3354  69.9%   3.6   85s
 31603 24273 33605.9100   32   10 110608.000 33282.4397  69.9%   3.6   91s
 33655 25846 36640.0451   74    1 110608.000 33282.4692  69.9%   3.6   96s
 35062 27240 33526.4081   33    9 110608.000 33288.3172  69.9%   3.6  100s
 38304 30175 33885.6849   55    4 110608.000 33290.1746  69.9%   3.7  106s
 39890 31892 33673.0183   36    8 110608.000 33290.1746  69.9%   3.7  110s
 43959 35046 33825.2339   41   10 110608.000 33299.2589  69.9%   3.7  117s
 45443 36249 33515.5488   31    7 110608.000 33299.2589  69.9%   3.7  121s
 46975 38022 33390.7428   27   17 110608.000 33309.2620  69.9%   3.7  125s
 51234 41764 33810.0885   33    9 110608.000 33314.6687  69.9%   3.7  133s
 53468 43758 33572.4447   31    8 110608.000 33316.5129  69.9%   3.7  137s
 55730 45689 34543.5296   72    2 110608.000 33318.9013  69.9%   3.7  142s
 58177 47611 54012.0000   79    - 110608.000 33323.2404  69.9%   3.7  147s
 60247 47931 33431.6045   31   14 110608.000 33323.9130  69.9%   3.8  151s
 60520 49125 33443.9469   32   16 110608.000 33325.7492  69.9%   3.8  156s
 62096 50367 33568.1905   27   10 110608.000 33325.7854  69.9%   3.8  162s
 63488 51464 33723.0458   43   11 110608.000 33326.8067  69.9%   3.8  168s
 66059 52301 34347.0000   66    9 110608.000 33328.4278  69.9%   3.7  184s
H66060 49686                    110397.00000 33328.4278  69.8%   3.7  186s
 66064 49688 34560.0000   63   20 110397.000 33328.4278  69.8%   3.7  190s
 66066 49690 34266.0000   40   20 110397.000 33328.4278  69.8%   3.7  195s
 66075 49696 34417.5744   62   25 110397.000 33328.4278  69.8%   3.7  201s
 66078 49698 34592.0442   57   23 110397.000 33328.4278  69.8%   3.7  205s
 66081 49700 34928.0000   73   23 110397.000 33328.4278  69.8%   3.7  210s
 66114 49755 33328.4278   32   19 110397.000 33328.4278  69.8%   3.7  216s
 66288 49871 33328.4278   35   18 110397.000 33328.4278  69.8%   3.8  221s
 66320 49892 33393.8807   35   18 110397.000 33328.4278  69.8%   3.8  227s
 66491 50107 33328.4278   37   19 110397.000 33328.4278  69.8%   3.9  231s
 66748 50231 33398.6747   41   17 110397.000 33328.4278  69.8%   3.9  235s
 67117 50485 33488.6939   41   19 110397.000 33328.4278  69.8%   4.0  241s
 67468 50642 33513.0564   43   15 110397.000 33328.4278  69.8%   4.0  245s
 67805 50877 34228.0000   67    - 110397.000 33328.4278  69.8%   4.0  250s
 68534 51392 33818.4073   50   12 110397.000 33328.4278  69.8%   4.0  256s
 69056 51682 48254.0000   99    - 110397.000 33328.4278  69.8%   4.1  260s
 69826 52180 34180.9977   61    5 110397.000 33328.4278  69.8%   4.1  265s
 70711 52498 36431.1599   96    2 110397.000 33328.4278  69.8%   4.1  270s
 71481 53248 35729.4869   82    2 110397.000 33328.4278  69.8%   4.1  277s
 72113 53486 37586.2842   92    1 110397.000 33328.4278  69.8%   4.1  281s
 73430 54420 33392.7978   39   17 110397.000 33328.4278  69.8%   4.2  288s
 74387 54682 33767.9053   55    9 110397.000 33328.4278  69.8%   4.2  292s
 75116 55194 51695.0000   95    - 110397.000 33328.4278  69.8%   4.2  296s
 75860 55611 33566.9117   46   14 110397.000 33328.4278  69.8%   4.2  300s
 77528 56628 34055.6065   65    1 110397.000 33328.4278  69.8%   4.3  308s
 78713 56930 50471.0000  101    - 110397.000 33328.4278  69.8%   4.3  311s
 79331 56817 33444.2122   47   16 110397.000 33328.4278  69.8%   4.3  315s
 79371 57189 33451.9521   48   15 110397.000 33328.4278  69.8%   4.3  320s
 79950 57129 34815.3285   76    3 110397.000 33328.4278  69.8%   4.3  325s
 79982 57155 34890.4718   77    1 110397.000 33328.4278  69.8%   4.3  330s
 80035 57871 34898.2099   78    1 110397.000 33328.4278  69.8%   4.3  336s
 81039 58409 33533.0977   42   15 110397.000 33328.4278  69.8%   4.3  342s
 82196 59083 33938.1969   61    6 110397.000 33328.4278  69.8%   4.3  348s
 83508 59454 33682.7805   40   13 110397.000 33328.4278  69.8%   4.3  354s
 84186 60269 34101.1199   59    2 110397.000 33328.4278  69.8%   4.3  359s
 85110 60130 34051.8079   57    1 110397.000 33339.7063  69.8%   4.3  360s
 85754 60065 33500.5196   49   13 110397.000 33340.0461  69.8%   4.3  365s
 85788 60676 33505.6542   50   13 110397.000 33340.0461  69.8%   4.3  371s
 86762 61893 33519.0812   51   13 110397.000 33340.0461  69.8%   4.3  378s
 88595 62956 33648.7385   49   13 110397.000 33357.6606  69.8%   4.3  384s
 88891 62904 33489.4580   50   17 110397.000 33357.6606  69.8%   4.3  385s
 90589 63999 33684.8108   47   13 110397.000 33364.7160  69.8%   4.4  392s
 92520 65053 33657.8082   58   12 110397.000 33370.1624  69.8%   4.4  399s
 94178 64706 33464.3006   47   18 110397.000 33373.8127  69.8%   4.4  400s
 94439 64681 33782.7260   42    7 110397.000 33373.8127  69.8%   4.4  407s
 94471 65268 33908.6123   43    3 110397.000 33373.8127  69.8%   4.4  413s
 95287 66201 34701.3040   69    1 110397.000 33373.8127  69.8%   4.5  420s
 97425 67619 33667.8788   50   11 110397.000 33374.9087  69.8%   4.4  427s
 99658 69249 33830.8772   68   10 110397.000 33383.5357  69.8%   4.5  435s
 102477 70525 33744.3894   47   12 110397.000 33391.5607  69.8%   4.5  445s
 105108 71669 33935.1380   60    9 110397.000 33395.6459  69.7%   4.5  454s
 105448 71621 34180.8256   57    2 110397.000 33395.6459  69.7%   4.5  455s
 108284 73348 33583.0613   47   16 110397.000 33396.4163  69.7%   4.4  465s
 111032 75036 33626.8941   56   13 110397.000 33404.8591  69.7%   4.5  476s
 114289 75942 34184.4862   63    5 110397.000 33409.0720  69.7%   4.5  485s
 116456 77696 35499.4657   84    2 110397.000 33410.2194  69.7%   4.5  496s
 119479 79586 33598.1373   49   16 110397.000 33411.0991  69.7%   4.5  507s
 122855 81250 34073.7110   70    3 110397.000 33418.0321  69.7%   4.5  519s
 125358 80755 33781.8507   51   14 110397.000 33419.2197  69.7%   4.5  520s
 126073 82410 34658.1462   91    2 110397.000 33422.0106  69.7%   4.5  530s
 128642 82626 33720.4464   45   17 110397.000 33422.1489  69.7%   4.5  541s
 129563 85144 33752.4340   46   16 110397.000 33422.1489  69.7%   4.5  553s
 133202 85992 34482.6775   64   13 110397.000 33428.4560  69.7%   4.5  566s
 137084 88665 33724.6136   48   13 110397.000 33429.7128  69.7%   4.5  580s
 141237 88006 33874.9046   49    8 110397.000 33436.8098  69.7%   4.5  592s
 141331 89163 33937.8465   50   10 110397.000 33436.8098  69.7%   4.5  600s

Cutting planes:
  Cover: 2
  MIR: 8
  StrongCG: 1
  Flow cover: 4

Explored 142839 nodes (644263 simplex iterations) in 602.65 seconds (214.08 work units)
Thread count was 32 (of 32 available processors)

Solution count 10: 110397 110608 142068 ... 337364

Time limit reached
Best objective 1.103970000000e+05, best bound 3.343680984540e+04, gap 69.7122%

User-callback calls 319442, time in user-callback 156.03 sec
