
Gurobi 13.0.2 (win64) logging started Wed Jul 15 20:47:30 2026

Set parameter LogFile to value "logs/kstar_nI20_nJ40_nK100_nL10_tI2_tJ2_s1_m0_exact_s0_20260715-204730.gurobi.log"
Set parameter Seed to value 0
Set parameter TimeLimit to value 599.9432838
Set parameter NodefileStart to value 4
Set parameter MIPGap to value 0
Set parameter MIPGapAbs to value 0.9999
Set parameter Cutoff to value 1e+100
Gurobi Optimizer version 13.0.2 build v13.0.2rc1 (win64 - Windows 11+.0 (26200.2))

CPU model: Intel(R) Core(TM) i9-14900HX, instruction set [SSE2|AVX|AVX2]
Thread count: 24 physical cores, 32 logical processors, using up to 32 threads

Non-default parameters:
TimeLimit  599.9432838
MIPGap  0
MIPGapAbs  0.9999
NodefileStart  4

Optimize a model with 2000 rows, 48060 columns and 136600 nonzeros (Min)
Model fingerprint: 0xe49f0bec
Model has 48060 linear objective coefficients
Variable types: 48000 continuous, 60 integer (60 binary)
Coefficient statistics:
  Matrix range     [1e+00, 1e+03]
  Objective range  [1e+00, 5e+02]
  Bounds range     [1e+00, 1e+00]
  RHS range        [5e+00, 2e+01]

Using branch priorities.
Found heuristic solution: objective 1212739.0000
Presolve time: 0.10s
Presolved: 2000 rows, 48060 columns, 136600 nonzeros
Variable types: 48000 continuous, 60 integer (60 binary)
Deterministic concurrent LP optimizer: primal and dual simplex
Showing primal log only...

Concurrent spin time: 0.00s

Solved with dual simplex

Root relaxation: objective 8.062249e+04, 1953 iterations, 0.05 seconds (0.06 work units)

    Nodes    |    Current Node    |     Objective Bounds      |     Work
 Expl Unexpl |  Obj  Depth IntInf | Incumbent    BestBd   Gap | It/Node Time

     0     0 80622.4943    0   60 1212739.00 80622.4943  93.4%     -    0s
H    0     0                    95456.145647 80622.4943  15.5%     -    0s
H    0     0                    95440.712344 80622.4943  15.5%     -    0s
H    0     0                    95439.208382 80622.4943  15.5%     -    0s
     0     0 92768.4127    0   14 95439.2084 92768.4127  2.80%     -    0s
     0     0 95040.5585    0    7 95439.2084 95040.5585  0.42%     -    0s
     0     0 95044.0897    0    5 95439.2084 95044.0897  0.41%     -    0s
*    0     0               0    95369.000000 95369.0000  0.00%     -    0s

Cutting planes:
  Implied bound: 893
  MIR: 17
  Flow cover: 345
  Relax-and-lift: 26

Explored 1 nodes (2824 simplex iterations) in 0.64 seconds (0.72 work units)
Thread count was 32 (of 32 available processors)

Solution count 1: 95369 

Optimal solution found (tolerance 0.00e+00)
Best objective 9.536900000000e+04, best bound 9.536900000000e+04, gap 0.0000%
