
Gurobi 13.0.2 (win64) logging started Fri Jul 17 04:46:15 2026

Set parameter LogFile to value "logs/kstar_nI40_nJ20_nK50_nL10_tI5_tJ5_s3_m1_exact_s0_20260717-044615.gurobi.log"
Set parameter Seed to value 0
Set parameter TimeLimit to value 599.9753038
Set parameter MIPGap to value 0
Set parameter MIPGapAbs to value 0.5
Set parameter Cutoff to value 1e+100
Gurobi Optimizer version 13.0.2 build v13.0.2rc1 (win64 - Windows 11+.0 (26200.2))

CPU model: Intel(R) Core(TM) i9-14900HX, instruction set [SSE2|AVX|AVX2]
Thread count: 24 physical cores, 32 logical processors, using up to 32 threads

Non-default parameters:
TimeLimit  599.9753038
MIPGap  0
MIPGapAbs  0.5
PreCrush  1
LazyConstraints  1

Optimize a model with 20 rows, 70 columns and 600 nonzeros (Min)
Model fingerprint: 0xa398759c
Model has 70 linear objective coefficients
Variable types: 10 continuous, 60 integer (60 binary)
Coefficient statistics:
  Matrix range     [4e+00, 7e+02]
  Objective range  [1e+00, 5e+02]
  Bounds range     [1e+00, 6e+03]
  RHS range        [5e+02, 7e+02]

Using branch priorities.
Presolve removed 18 rows and 0 columns
Presolve time: 0.00s
Presolved: 2 rows, 70 columns, 60 nonzeros
Variable types: 10 continuous, 60 integer (60 binary)

Root relaxation: objective 4.943762e+04, 4 iterations, 0.00 seconds (0.00 work units)

    Nodes    |    Current Node    |     Objective Bounds      |     Work
 Expl Unexpl |  Obj  Depth IntInf | Incumbent    BestBd   Gap | It/Node Time

     0     0 49437.6182    0    2          - 49437.6182      -     -    0s
H    0     0                    203893.00000 49437.6182  75.8%     -    0s
H    0     0                    198410.00000 49437.6182  75.1%     -    0s
H    0     0                    186219.00000 49437.6182  73.5%     -    0s
H    0     0                    174418.00000 49437.6182  71.7%     -    0s
H    0     0                    161251.00000 49437.6182  69.3%     -    0s
     0     0 49548.5522    0    4 161251.000 49548.5522  69.3%     -    0s
     0     0 49624.1691    0    9 161251.000 49624.1691  69.2%     -    0s
H    0     0                    160429.00000 49624.1691  69.1%     -    0s
H    0     0                    156146.00000 49631.3876  68.2%     -    0s
     0     0 49651.6071    0   10 156146.000 49651.6071  68.2%     -    0s
     0     0 49653.4477    0   10 156146.000 49653.4477  68.2%     -    0s
     0     2 49653.4477    0   10 156146.000 49653.4477  68.2%     -    0s
H 3240  2764                    103813.00000 49778.1167  52.1%   3.7    2s
H 3252  2633                    99378.000000 49923.5401  49.8%   3.7    4s
H 3253  2633                    98380.000000 49923.5401  49.3%   3.7    4s
  3261  2639 50608.4848   20   21 98380.0000 49923.5401  49.3%   3.7    5s
H 3262  2507                    96939.000000 49923.5401  48.5%   3.7    5s
  5769  4158 57528.0000   55    - 96939.0000 50173.4930  48.2%   5.5   10s
 11210  6885 51093.0080   35    5 96939.0000 50321.1809  48.1%   5.2   15s
 12248  7886 54929.4094   57    1 96939.0000 50322.0931  48.1%   5.1   20s
 15395 10311 52958.2280   43    1 96939.0000 50366.1881  48.0%   5.0   25s
 17855 12700 51163.0629   27   12 96939.0000 50392.2347  48.0%   5.0   30s
 20485 15091 51055.3120   27   15 96939.0000 50406.6981  48.0%   5.0   35s
 24161 18276 51355.4031   31   12 96939.0000 50427.5472  48.0%   5.1   40s
 27698 21257 51790.5377   27   16 96939.0000 50483.7479  47.9%   5.1   45s
 30577 23883 51385.7657   30   15 96939.0000 50512.5438  47.9%   5.2   50s
 33661 26565 51214.0803   29   17 96939.0000 50512.5438  47.9%   5.3   56s
 36464 28699 55250.8034   61    2 96939.0000 50552.6393  47.9%   5.2   60s
 39748 31618 52330.1236   48    8 96939.0000 50565.0959  47.8%   5.3   67s
 42085 33374 52375.7199   31   14 96939.0000 50567.8825  47.8%   5.3   71s
 44288 34962 69558.5495   55    1 96939.0000 50590.8896  47.8%   5.4   76s
 45536 36392 52034.1105   35   16 96939.0000 50596.5862  47.8%   5.4   81s
 47293 38089 51878.5677   32   14 96939.0000 50597.1308  47.8%   5.5   86s
 48465 38678 53638.9827   46    5 96939.0000 50602.8379  47.8%   5.5   90s
 50073 40406 52233.1599   37   10 96939.0000 50616.0586  47.8%   5.5   96s
 51073 41351 51787.1228   32    9 96939.0000 50616.0586  47.8%   5.5  100s
 53634 42911 51687.2798   30   11 96939.0000 50630.5772  47.8%   5.5  105s
 55867 45634 51859.2660   25   16 96939.0000 50641.3124  47.8%   5.5  113s
 57476 46977 52855.9367   33    9 96939.0000 50650.5529  47.8%   5.5  117s
 59031 48259 52091.6405   37   14 96939.0000 50650.5529  47.8%   5.6  121s
 60914 49626 52559.6321   34    9 96939.0000 50661.4709  47.7%   5.5  125s
 63803 52448 51561.4644   29   19 96939.0000 50678.3774  47.7%   5.6  133s
 65598 52689 52129.6173   31   10 96939.0000 50683.6259  47.7%   5.6  147s
 65600 52690 52148.2896   51   29 96939.0000 50683.6259  47.7%   5.6  150s
 65602 52692 53255.0000   63   32 96939.0000 50683.6259  47.7%   5.6  156s
H65604 50058                    87724.000000 50683.6259  42.2%   5.6  161s
H65604 47555                    87019.000000 50683.6259  41.8%   5.6  161s
 65608 47558 52442.7587   41   35 87019.0000 50683.6259  41.8%   5.6  165s
 65610 47559 52700.3242   49   36 87019.0000 50683.6259  41.8%   5.6  170s
 65613 47561 51864.8327   30   36 87019.0000 50683.6259  41.8%   5.6  176s
 65629 47589 51272.3319   27   22 87019.0000 50728.2488  41.7%   5.6  180s
 65817 47734 52477.9874   31   25 87019.0000 50921.2864  41.5%   5.7  186s
 66227 48066 52709.9020   35   23 87019.0000 50921.2864  41.5%   5.8  190s
 66732 48448 53354.8060   38   19 87019.0000 50921.2864  41.5%   5.8  195s
 67619 48989 53687.7652   42   18 87019.0000 51112.0578  41.3%   5.9  200s
 68934 49495 54035.2979   48   10 87019.0000 51154.4728  41.2%   5.9  205s
 69891 50392 54922.3971   58    1 87019.0000 51331.2206  41.0%   5.9  211s
 71081 50838 64125.0010   78    3 87019.0000 51331.2206  41.0%   5.9  216s
 71920 51369 52775.1057   49    6 87019.0000 51331.2206  41.0%   5.9  220s
 73316 52064 56819.8693   66    3 87019.0000 51402.4554  40.9%   5.9  225s
 74877 52880 51895.3566   35   25 87019.0000 51531.1153  40.8%   5.9  230s
 77232 54227 53442.4000   50    1 87019.0000 51598.2731  40.7%   6.0  237s
 79150 54549 52842.5042   33   17 87019.0000 51606.6108  40.7%   6.0  242s
 79193 54722 52762.1669   33   16 87019.0000 51613.9462  40.7%   6.0  245s
 80035 55730 52870.7307   34   13 87019.0000 51634.5595  40.7%   6.0  250s
 81944 56738 52887.9075   35   13 87019.0000 51639.5799  40.7%   6.0  255s
 83945 57252 53162.1384   43    8 87019.0000 51686.5711  40.6%   6.1  261s
 84660 58025 53179.3218   44    8 87019.0000 51686.5711  40.6%   6.1  267s
 85638 58684 53234.8476   44    6 87019.0000 51714.7544  40.6%   6.1  270s
 87608 59791 53345.5271   45    5 87019.0000 51743.8994  40.5%   6.1  277s
 88823 60533 53241.6045   46    5 87019.0000 51757.0090  40.5%   6.1  281s
 90172 61272 53326.0652   46    3 87019.0000 51769.1666  40.5%   6.1  285s
 93173 62897 52121.4409   32   24 87019.0000 51788.6220  40.5%   6.1  294s
 94637 63549 53349.0220   50   11 87019.0000 51801.1090  40.5%   6.1  298s
 95960 64450 53012.6873   40   14 87019.0000 51803.3199  40.5%   6.2  302s
 97488 65302 54794.4158   54    5 87019.0000 51826.9502  40.4%   6.2  307s
 99128 66165 53871.4289   56    8 87019.0000 51848.2900  40.4%   6.2  311s
 100756 67156 54099.6215   57    3 87019.0000 51853.2236  40.4%   6.2  316s
 102625 67992 53740.4926   52    9 87019.0000 51853.2236  40.4%   6.2  322s
 104285 68862 52105.8676   38   25 87019.0000 51883.7527  40.4%   6.2  327s
 105974 70051 52227.6974   36   22 87019.0000 51890.9287  40.4%   6.3  333s
 108083 71098 52479.2605   35   23 87019.0000 51911.3362  40.3%   6.3  338s
 110182 71997 53689.4905   47   10 87019.0000 51923.8229  40.3%   6.3  344s
 111953 73183 52654.8279   37   16 87019.0000 51928.6855  40.3%   6.3  349s
 112693 73033 52929.4901   42   12 87019.0000 51938.3943  40.3%   6.3  350s
 114044 74287 52945.9415   48   10 87019.0000 51948.1526  40.3%   6.4  355s
 116043 75323 52583.3704   37   19 87019.0000 51950.7664  40.3%   6.4  362s
 118159 75624 54480.4552   69    5 87019.0000 51958.6107  40.3%   6.4  370s
 119142 76620 53800.9011   59    8 87019.0000 51958.6107  40.3%   6.4  376s
 120688 77699 54629.1301   61    6 87019.0000 51971.3960  40.3%   6.4  383s
 122711 78967 53092.3094   39   11 87019.0000 51980.1501  40.3%   6.4  391s
 124978 79836 53094.4057   33   26 87019.0000 51992.8149  40.3%   6.5  399s
 125725 79713 53409.7516   64   10 87019.0000 51994.6749  40.2%   6.5  400s
 126842 81177 52905.5414   37   15 87019.0000 51996.0009  40.2%   6.5  407s
 129095 82568 57812.0952   64    6 87019.0000 52010.7918  40.2%   6.5  414s
 129173 82552 55501.7127   66    1 87019.0000 52010.7918  40.2%   6.5  415s
 131705 83773 53053.0259   38   17 87019.0000 52019.8285  40.2%   6.5  424s
 133964 85183 54457.0628   70    5 87019.0000 52019.8875  40.2%   6.6  432s
 136565 84785 53447.1295   35   19 87019.0000 52038.1254  40.2%   6.6  440s
 136745 85210 53634.5798   36   16 87019.0000 52038.1254  40.2%   6.6  447s
 137375 85855 53674.1373   37   14 87019.0000 52038.2823  40.2%   6.6  455s
 138384 86425 53771.3278   38   13 87019.0000 52038.6185  40.2%   6.6  464s
 139448 87286 53773.6619   39   11 87019.0000 52039.8995  40.2%   6.6  473s
 140926 88286 53864.6094   40   10 87019.0000 52049.8101  40.2%   6.7  483s
 142811 89548 53878.8452   41   12 87019.0000 52056.0872  40.2%   6.7  493s
 145321 90842 53903.9182   42    9 87019.0000 52061.9095  40.2%   6.7  505s
 147669 92063 52732.0432   33   26 87019.0000 52062.3179  40.2%   6.7  516s
 150451 92679 55318.6446   67    1 87019.0000 52080.0253  40.2%   6.7  529s
 152170 94616 52739.6158   36   22 87019.0000 52086.4440  40.1%   6.7  540s
 155177 95799 52786.3070   33   29 87019.0000 52095.4482  40.1%   6.8  553s
 157595 97227 54455.8035   40   22 87019.0000 52104.6791  40.1%   6.8  564s
 157675 97208 53058.6385   50   12 87019.0000 52104.6791  40.1%   6.8  565s
 160309 98569 54885.5402   68    3 87019.0000 52113.2577  40.1%   6.9  578s
 162873 99955 53925.6245   46   20 87019.0000 52121.6541  40.1%   6.9  590s
 165408 100672 53059.6144   41   15 87019.0000 52129.7505  40.1%   6.9  600s

Cutting planes:
  Gomory: 2
  Cover: 1
  MIR: 12
  Flow cover: 4

Explored 167078 nodes (1163189 simplex iterations) in 601.68 seconds (275.71 work units)
Thread count was 32 (of 32 available processors)

Solution count 10: 87019 87724 96939 ... 198410

Time limit reached
Best objective 8.701900000000e+04, best bound 5.213110871549e+04, gap 40.0923%

User-callback calls 357753, time in user-callback 35.18 sec
