
Gurobi 13.0.2 (win64) logging started Fri Jul 17 02:15:35 2026

Set parameter LogFile to value "logs/kstar_nI40_nJ20_nK50_nL10_tI2_tJ2_s3_m1_exact_s0_20260717-021535.gurobi.log"
Set parameter Seed to value 0
Set parameter TimeLimit to value 599.9750097
Set parameter MIPGap to value 0
Set parameter MIPGapAbs to value 0.5
Set parameter Cutoff to value 1e+100
Gurobi Optimizer version 13.0.2 build v13.0.2rc1 (win64 - Windows 11+.0 (26200.2))

CPU model: Intel(R) Core(TM) i9-14900HX, instruction set [SSE2|AVX|AVX2]
Thread count: 24 physical cores, 32 logical processors, using up to 32 threads

Non-default parameters:
TimeLimit  599.9750097
MIPGap  0
MIPGapAbs  0.5
PreCrush  1
LazyConstraints  1

Optimize a model with 20 rows, 70 columns and 600 nonzeros (Min)
Model fingerprint: 0xc747489c
Model has 70 linear objective coefficients
Variable types: 10 continuous, 60 integer (60 binary)
Coefficient statistics:
  Matrix range     [8e+00, 7e+02]
  Objective range  [1e+00, 5e+02]
  Bounds range     [1e+00, 6e+03]
  RHS range        [6e+02, 7e+02]

Using branch priorities.
Presolve removed 16 rows and 0 columns
Presolve time: 0.00s
Presolved: 4 rows, 70 columns, 120 nonzeros
Variable types: 10 continuous, 60 integer (60 binary)

Root relaxation: objective 4.912672e+04, 11 iterations, 0.00 seconds (0.00 work units)

    Nodes    |    Current Node    |     Objective Bounds      |     Work
 Expl Unexpl |  Obj  Depth IntInf | Incumbent    BestBd   Gap | It/Node Time

     0     0 49126.7156    0    4          - 49126.7156      -     -    0s
H    0     0                    330493.00000 49126.7156  85.1%     -    0s
H    0     0                    294896.00000 49126.7156  83.3%     -    0s
H    0     0                    292508.00000 49126.7156  83.2%     -    0s
H    0     0                    277331.00000 49126.7156  82.3%     -    0s
H    0     0                    252525.00000 49126.7156  80.5%     -    0s
     0     0 49187.7845    0   11 252525.000 49187.7845  80.5%     -    0s
     0     0 49188.4023    0   11 252525.000 49188.4023  80.5%     -    0s
H    0     0                    226841.00000 49188.4023  78.3%     -    0s
     0     2 49201.1463    0   17 226841.000 49201.1463  78.3%     -    0s
H 3363  2816                    224497.00000 49266.6660  78.1%   3.2    3s
H 3363  2675                    198756.00000 49266.6660  75.2%   3.2    3s
  3619  2878 49357.3615   19   17 198756.000 49303.8163  75.2%   4.6    5s
  4685  3590 49476.5761   28   18 198756.000 49303.8163  75.2%   5.9   10s
  7648  5277 50775.1945   39    3 198756.000 49369.6903  75.2%   5.6   15s
  9580  6102 50986.8941   52    1 198756.000 49395.4140  75.1%   5.6   20s
 10708  6726 50304.2487   33    2 198756.000 49395.4140  75.1%   5.6   25s
 12309  7921 50686.4056   52    3 198756.000 49396.5452  75.1%   5.5   30s
 14753  9962 83724.0000   68    - 198756.000 49445.9822  75.1%   5.5   35s
 16409 11262 50973.2454   45    5 198756.000 49449.7271  75.1%   5.5   40s
 18254 13059 50950.9175   36    1 198756.000 49449.7271  75.1%   5.5   45s
 20735 14663 49859.6136   19   19 198756.000 49460.7186  75.1%   5.4   50s
 21344 15363 50399.3888   31    2 198756.000 49475.8290  75.1%   5.4   57s
 21903 15739 50079.2005   36   13 198756.000 49479.7725  75.1%   5.4   60s
 23183 16885 50051.7746   27   13 198756.000 49493.8833  75.1%   5.4   67s
 23578 17026 50089.6358   28   10 198756.000 49493.8833  75.1%   5.4   70s
 24267 17708 49699.7581   27   19 198756.000 49524.9063  75.1%   5.4   75s
 25234 18614 50967.1644   44    2 198756.000 49526.4791  75.1%   5.4   80s
 26762 20049 50156.4870   23    5 198756.000 49526.4791  75.1%   5.4   87s
 27933 21008 51141.5880   44    5 198756.000 49538.2419  75.1%   5.4   90s
 30676 23702 50087.6796   32   17 198756.000 49549.8277  75.1%   5.4   97s
 32248 24785 50178.6094   23    8 198756.000 49562.7880  75.1%   5.4  100s
 35038 27143 49993.3131   26   18 198756.000 49577.5439  75.1%   5.5  108s
 36559 27955 49907.9513   20   15 198756.000 49581.0091  75.1%   5.5  112s
 38410 28677 49855.6801   24   17 198756.000 49586.9289  75.1%   5.4  117s
 38442 29133 50119.6026   25   14 198756.000 49586.9289  75.1%   5.4  123s
 39082 29653 50132.8595   26   16 198756.000 49587.9337  75.1%   5.4  128s
 39686 30309 50134.4862   27   16 198756.000 49592.3963  75.0%   5.5  134s
 40462 30811 50136.2899   28   15 198756.000 49595.6839  75.0%   5.5  140s
 41162 31642 50252.7081   29   14 198756.000 49597.4781  75.0%   5.5  146s
 42072 32393 50283.4820   30   14 198756.000 49597.4781  75.0%   5.5  152s
 43062 33321 50425.3396   31   10 198756.000 49599.9580  75.0%   5.5  158s
 44105 34204 50486.3890   32   12 198756.000 49606.4185  75.0%   5.5  165s
 45108 35060 50623.4133   33   12 198756.000 49610.6516  75.0%   5.6  171s
 46098 35193 50815.0000   43   11 198756.000 49610.6596  75.0%   5.6  191s
 46107 35199 52099.0000   63   28 198756.000 49610.6596  75.0%   5.6  196s
H46107 33438                    192381.00000 49610.6596  74.2%   5.6  197s
H46112 31769                    183564.00000 49610.6596  73.0%   5.6  199s
 46113 31770 52545.9291   56   30 183564.000 49610.6596  73.0%   5.6  200s
H46115 30182                    165002.00000 49610.6596  69.9%   5.6  202s
 46118 30184 51572.3267   58   28 165002.000 49610.6596  69.9%   5.6  205s
H46121 28676                    132130.00000 49610.6596  62.5%   5.6  208s
 46125 28684 49610.6596   22   26 132130.000 49610.6596  62.5%   5.6  210s
 46217 28863 49610.6596   27   29 132130.000 49610.6596  62.5%   5.7  216s
 46371 28919 49610.6596   28   31 132130.000 49610.6596  62.5%   5.8  221s
 46714 29192 49811.1017   30   21 132130.000 49610.6596  62.5%   6.0  225s
 47183 29401 49726.4632   33   23 132130.000 49610.6596  62.5%   6.0  231s
 47459 29627 49818.4849   34   23 132130.000 49610.6596  62.5%   6.1  235s
 48173 30059 49897.4825   37   24 132130.000 49610.6596  62.5%   6.2  240s
 49057 30596 50473.5483   41   11 132130.000 49610.6596  62.5%   6.2  245s
 50259 31191 50870.8902   46    5 132130.000 49610.6596  62.5%   6.2  250s
 51120 31452 50289.3616   35   11 132130.000 49610.6596  62.5%   6.3  255s
 51760 32040 53627.5541   68    1 132130.000 49610.6596  62.5%   6.3  261s
*52491 30885              80    120784.00000 49610.6596  58.9%   6.3  263s
 52952 31136 50276.1274   39   14 120784.000 49610.6596  58.9%   6.3  266s
 54142 31805 50532.7927   48    6 120784.000 49610.6596  58.9%   6.3  271s
 55383 32340 50840.5681   60    2 120784.000 49629.5688  58.9%   6.3  276s
 56507 32615 51211.9675   53    4 120784.000 49629.5688  58.9%   6.3  283s
 56689 32785 51452.2343   54    1 120784.000 49629.5688  58.9%   6.4  289s
 57042 33132 50401.3696   36    6 120784.000 49640.4188  58.9%   6.4  292s
 57558 33524 49917.7921   36   22 120784.000 49640.4188  58.9%   6.4  296s
 58482 33470 50063.6772   43   23 120784.000 49693.2029  58.9%   6.4  300s
 59348 34353 50689.7499   56   13 120784.000 49696.9563  58.9%   6.4  307s
 60071 34788 50088.8623   29   15 120784.000 49701.7666  58.9%   6.4  311s
 61065 35074 50790.4141   51    9 120784.000 49708.2351  58.8%   6.5  315s
 62242 36077 51139.4479   45    6 120784.000 49708.2351  58.8%   6.6  322s
 63450 36520 52808.2202   60    2 120784.000 49708.3632  58.8%   6.5  327s
 64520 36998 49868.1126   29   26 120784.000 49708.3632  58.8%   6.5  331s
 65476 37434 52204.7239   63    5 120784.000 49721.6863  58.8%   6.6  336s
 66531 37350 50484.9584   44   15 120784.000 49723.7391  58.8%   6.6  344s
 66581 37370 50485.1228   45   14 120784.000 49723.7391  58.8%   6.6  352s
 66613 37392 50494.8206   46   11 120784.000 49723.7391  58.8%   6.6  363s
 66645 38116 50545.3224   47   11 120784.000 49723.7391  58.8%   6.6  369s
 67018 38052 50034.1397   34   17 120784.000 49723.7391  58.8%   6.6  370s
 67698 38564 50833.7120   41   11 120784.000 49725.4846  58.8%   6.6  378s
 68632 39241 49943.0748   38   23 120784.000 49739.3040  58.8%   6.7  385s
 69855 39886 52010.1482   69    5 120784.000 49757.4042  58.8%   6.7  394s
 71195 40552 50850.0467   42   15 120784.000 49766.9198  58.8%   6.7  401s
 72555 41140 49991.6130   38   19 120784.000 49766.9198  58.8%   6.7  409s
 73047 41080 50518.4699   39   14 120784.000 49766.9198  58.8%   6.7  410s
 73885 41845 50064.9973   34   18 120784.000 49799.3998  58.8%   6.7  418s
 75193 42699 50492.4821   52   13 120784.000 49803.9125  58.8%   6.8  425s
 76732 43467 50095.6502   33   21 120784.000 49810.0714  58.8%   6.8  433s
 78252 44195 50061.5932   38   18 120784.000 49817.3439  58.8%   6.8  441s
 79649 45143 50254.4750   37   17 120784.000 49820.6665  58.8%   6.9  449s
 80892 44897 50449.0739   41   14 120784.000 49826.5476  58.7%   6.9  450s
 81341 45924 51176.0000   51    - 120784.000 49826.5476  58.7%   6.9  458s
 83076 46818 50003.6776   36   18 120784.000 49833.1802  58.7%   6.9  467s
 84698 46541 51492.1964   52    4 120784.000 49833.1802  58.7%   6.9  478s
 84730 47527 51292.8189   50    8 120784.000 49833.1802  58.7%   6.9  491s
 86140 47349 50176.8762   36   22 120784.000 49841.6812  58.7%   6.9  502s
 86259 48434 50186.8893   37   18 120784.000 49841.6812  58.7%   6.9  512s
 87797 49096 50940.5182   55   10 120784.000 49845.6709  58.7%   7.0  523s
 89231 50057 50451.6568   57   14 120784.000 49852.5944  58.7%   7.0  535s
 90865 51046 49991.9473   34   22 120784.000 49858.3143  58.7%   7.0  546s
 92690 51863 49908.5610   30   24 120784.000 49862.0546  58.7%   7.1  560s
 94383 52925 50331.8944   40   15 120784.000 49867.2389  58.7%   7.1  572s
 96407 54152 51750.5676   65    3 120784.000 49872.6863  58.7%   7.1  586s
 98630 53820 50295.5366   42   20 120784.000 49876.7294  58.7%   7.1  600s

Cutting planes:
  MIR: 13
  StrongCG: 2
  Flow cover: 13

Explored 98746 nodes (702444 simplex iterations) in 601.69 seconds (333.04 work units)
Thread count was 32 (of 32 available processors)

Solution count 10: 120784 132130 165002 ... 277331

Time limit reached
Best objective 1.207840000000e+05, best bound 4.987672937270e+04, gap 58.7058%

User-callback calls 223657, time in user-callback 51.92 sec
