
Gurobi 13.0.2 (win64) logging started Sat Jul 18 00:25:58 2026

Set parameter LogFile to value "logs/kstar_nI40_nJ40_nK50_nL5_tI3_tJ3_s5_m1_exact_s0_20260718-002558.gurobi.log"
Set parameter Seed to value 0
Set parameter TimeLimit to value 599.977069
Set parameter MIPGap to value 0
Set parameter MIPGapAbs to value 0.5
Set parameter Cutoff to value 1e+100
Gurobi Optimizer version 13.0.2 build v13.0.2rc1 (win64 - Windows 11+.0 (26200.2))

CPU model: Intel(R) Core(TM) i9-14900HX, instruction set [SSE2|AVX|AVX2]
Thread count: 24 physical cores, 32 logical processors, using up to 32 threads

Non-default parameters:
TimeLimit  599.977069
MIPGap  0
MIPGapAbs  0.5
PreCrush  1
LazyConstraints  1

Optimize a model with 10 rows, 85 columns and 400 nonzeros (Min)
Model fingerprint: 0x8884af56
Model has 85 linear objective coefficients
Variable types: 5 continuous, 80 integer (80 binary)
Coefficient statistics:
  Matrix range     [3e+00, 6e+02]
  Objective range  [1e+00, 5e+02]
  Bounds range     [1e+00, 4e+03]
  RHS range        [6e+02, 7e+02]

Using branch priorities.
Presolve time: 0.00s
Presolved: 10 rows, 85 columns, 400 nonzeros
Variable types: 5 continuous, 80 integer (80 binary)

Root relaxation: objective 1.717653e+04, 6 iterations, 0.00 seconds (0.00 work units)

    Nodes    |    Current Node    |     Objective Bounds      |     Work
 Expl Unexpl |  Obj  Depth IntInf | Incumbent    BestBd   Gap | It/Node Time

     0     0 17176.5283    0    3          - 17176.5283      -     -    0s
H    0     0                    173818.00000 17176.5283  90.1%     -    0s
H    0     0                    158048.00000 17176.5283  89.1%     -    0s
H    0     0                    144932.00000 17176.5283  88.1%     -    0s
H    0     0                    129112.00000 17176.5283  86.7%     -    0s
H    0     0                    128018.00000 17176.5283  86.6%     -    0s
     0     0 17324.6704    0    7 128018.000 17324.6704  86.5%     -    0s
     0     0 17381.9272    0    7 128018.000 17381.9272  86.4%     -    0s
     0     0 17430.4265    0   12 128018.000 17430.4265  86.4%     -    0s
     0     0 17431.5449    0   12 128018.000 17431.5449  86.4%     -    0s
H    0     0                    115120.00000 17431.5449  84.9%     -    0s
H    0     0                    95914.000000 17431.5449  81.8%     -    0s
     0     2 17438.9268    0   14 95914.0000 17438.9268  81.8%     -    0s
H 3004  2715                    88613.000000 17503.1873  80.2%   2.8    2s
H 3006  2580                    86478.000000 17550.5798  79.7%   2.8    2s
H 3023  2461                    74221.000000 17577.1151  76.3%   2.8    4s
H 3024  2464                    71396.000000 17577.1151  75.4%   2.9    4s
  3073  2510 17690.9067   19   17 71396.0000 17656.2678  75.3%   3.2    5s
  5117  3940 20392.1063   59    2 71396.0000 17660.5675  75.3%   5.2   10s
  8917  5958 25185.0000   74    - 71396.0000 17739.1674  75.2%   4.7   15s
 14243 10083 18666.5517   48    1 71396.0000 17806.8637  75.1%   4.7   20s
 16237 11700 17968.3469   26   15 71396.0000 17807.5573  75.1%   4.6   25s
 17277 12639 18061.1019   28   18 71396.0000 17808.8043  75.1%   4.6   30s
 20059 15559 18504.7882   67    1 71396.0000 17808.8043  75.1%   4.6   35s
 24519 19212 18797.2772   37    4 71396.0000 17860.3954  75.0%   4.6   40s
 30049 24078 17988.4121   25   20 71396.0000 17883.0232  75.0%   4.4   46s
 33158 26455 18857.1863   35    4 71396.0000 17884.0458  75.0%   4.5   50s
 35109 27043 20598.9861   74   12 71396.0000 17889.3904  74.9%   4.4   60s
H35110 25691                    71150.000000 17889.3904  74.9%   4.4   61s
 35111 25691 19626.6771   75   27 71150.0000 17889.3904  74.9%   4.4   65s
 35116 25695 18578.2290   38   26 71150.0000 17889.3904  74.9%   4.4   70s
H35122 24414                    66975.000000 17889.3904  73.3%   4.4   74s
 35126 24416 19216.0000   64   31 66975.0000 17889.3904  73.3%   4.4   75s
 35131 24420 19345.9301   54   29 66975.0000 17889.3904  73.3%   4.4   80s
 35165 24475 17889.3904   28   26 66975.0000 17889.3904  73.3%   4.4   85s
 35541 24728 17969.0345   34   23 66975.0000 17889.3904  73.3%   4.7   90s
 36081 25088 18078.5664   38   22 66975.0000 17889.3904  73.3%   4.8   95s
 36412 25417 18178.5342   41   20 66975.0000 17889.3904  73.3%   4.9  101s
 37735 26064 26097.0000   92    - 66975.0000 17889.3904  73.3%   4.9  105s
 39425 26997 19985.6742   81    3 66975.0000 17889.3904  73.3%   4.9  110s
 41095 28173 25015.0000   96    - 66975.0000 17889.3904  73.3%   5.0  116s
 42953 29269 19455.3636   74    1 66975.0000 17889.3904  73.3%   5.1  121s
 44750 30223 18021.1104   36   21 66975.0000 17889.3904  73.3%   5.1  125s
 47682 31847 18140.0477   30   21 66975.0000 17891.3875  73.3%   5.1  131s
 48657 31746 18478.5494   47   13 66975.0000 17891.3875  73.3%   5.1  137s
 48790 31755 18498.7503   48   11 66975.0000 17891.3875  73.3%   5.1  140s
 49293 32368 18434.9808   45   15 66975.0000 17891.3875  73.3%   5.1  147s
 49708 33107 19115.8211   61    5 66975.0000 17891.3875  73.3%   5.2  150s
 52120 34186 26125.0000   95    - 66975.0000 17891.3875  73.3%   5.2  157s
 53165 34040 18358.0758   54   12 66975.0000 17950.6163  73.2%   5.3  160s
 54514 35682 18238.5793   45   17 66975.0000 17950.6163  73.2%   5.2  168s
 55979 36359 18208.1719   39   17 66975.0000 17961.0228  73.2%   5.2  172s
 57357 37423 18545.2238   48   11 66975.0000 18002.4536  73.1%   5.3  176s
 59233 38538 18577.5740   44   16 66975.0000 18018.5975  73.1%   5.3  180s
 62855 39115 18396.2525   47   15 66975.0000 18030.8978  73.1%   5.3  188s
 62887 40274 18576.6118   48   12 66975.0000 18030.8978  73.1%   5.3  192s
 64464 41541 18392.8956   47   11 66975.0000 18033.3610  73.1%   5.3  196s
 66705 42245 19688.0344   76    2 66975.0000 18039.1763  73.1%   5.3  201s
 68284 43595 18496.7477   48   15 66975.0000 18040.8636  73.1%   5.3  205s
 70367 44924 18431.2608   46   12 66975.0000 18048.5177  73.1%   5.4  210s
 72676 46075 18761.5146   61   13 66975.0000 18048.5177  73.1%   5.4  215s
 74983 47267 18840.8234   49    7 66975.0000 18057.8083  73.0%   5.4  220s
 77235 48315 18740.6580   59   12 66975.0000 18066.0078  73.0%   5.4  225s
 79269 49556 18523.6555   41   10 66975.0000 18066.0078  73.0%   5.5  231s
 81676 50452 19415.1788   78    1 66975.0000 18066.0078  73.0%   5.5  237s
 83715 51266 18942.6578   56    3 66975.0000 18076.1296  73.0%   5.5  243s
 86753 53131 18518.9816   44   12 66975.0000 18077.1495  73.0%   5.5  249s
 89309 54387 20824.0000   81    - 66975.0000 18082.9380  73.0%   5.5  255s
 91826 55372 18675.4142   46    8 66975.0000 18086.9694  73.0%   5.6  261s
 95232 57368 20059.0550   93    1 66975.0000 18090.2208  73.0%   5.5  268s
 97923 56919 19524.9637   70    2 66975.0000 18093.1348  73.0%   5.5  275s
 98183 58393 19698.4878   71    3 66975.0000 18093.1348  73.0%   5.5  282s
 100153 59407 28465.0000   96    - 66975.0000 18094.0565  73.0%   5.6  289s
 101370 59159 18445.2323   44   13 66975.0000 18095.6566  73.0%   5.6  290s
 102057 61149 18257.3019   36   21 66975.0000 18096.4993  73.0%   5.6  296s
 104785 62851 18176.6910   38   20 66975.0000 18099.9681  73.0%   5.6  303s
 107796 62265 18588.3592   51   14 66975.0000 18104.3467  73.0%   5.6  311s
 108053 64340 18623.2579   52   12 66975.0000 18104.3604  73.0%   5.6  320s
 110804 66912 18640.5720   53   13 66975.0000 18105.8542  73.0%   5.6  328s
 113798 69298 18675.5621   54   10 66975.0000 18110.5074  73.0%   5.6  337s
 116534 72091 18711.4692   55    9 66975.0000 18112.7662  73.0%   5.7  348s
 119734 74967 18715.8114   56    9 66975.0000 18115.5861  73.0%   5.7  357s
 122990 77855 18731.7383   57   10 66975.0000 18119.5801  72.9%   5.7  367s
 126216 80558 18793.1758   58    9 66975.0000 18123.0669  72.9%   5.7  376s
 129154 83274 18255.7239   39   21 66975.0000 18129.4708  72.9%   5.7  385s
 132340 86564 18273.9889   40   20 66975.0000 18132.6175  72.9%   5.7  395s
 136025 89784 19115.4509   64    8 66975.0000 18136.2757  72.9%   5.8  405s
 139636 91536 18362.0794   41   18 66975.0000 18141.1273  72.9%   5.8  414s
 141331 92028 18386.4216   40   20 66975.0000 18141.1273  72.9%   5.8  415s
 142526 92484 18380.5193   43   20 66975.0000 18141.1273  72.9%   5.8  422s
 142806 93990 18389.7902   44   18 66975.0000 18141.1273  72.9%   5.8  432s
 145026 96441 18466.8572   45   19 66975.0000 18141.1273  72.9%   5.8  443s
 148010 99044 20326.2551   89    2 66975.0000 18146.2201  72.9%   5.8  454s
 150842 101649 18373.8460   40   17 66975.0000 18149.4450  72.9%   5.8  463s
 153832 104314 19500.4720   66    8 66975.0000 18151.7425  72.9%   5.8  473s
 156895 105480 19407.2527   52    1 66975.0000 18154.0963  72.9%   5.8  485s
 161758 109603 19694.9749   92    2 66975.0000 18156.8403  72.9%   5.7  496s
 164822 112259 30028.0000  101    - 66975.0000 18159.1056  72.9%   5.7  507s
 167616 114992 18709.8239   46   12 66975.0000 18161.3950  72.9%   5.7  518s
 170723 117811 19415.8399   60    6 66975.0000 18164.8563  72.9%   5.8  529s
 173926 119696 18832.6574   40    7 66975.0000 18166.8868  72.9%   5.8  540s
 176905 121227 18699.6720   38   10 66975.0000 18166.8868  72.9%   5.8  552s
 179939 123747 20342.5299   97    1 66975.0000 18168.6129  72.9%   5.7  563s
 183435 126631 18641.9225   45   11 66975.0000 18173.1813  72.9%   5.7  576s
 186699 129068 19287.0000   50    1 66975.0000 18176.0406  72.9%   5.7  589s
 189849 131838 19508.4568   65    7 66975.0000 18177.1606  72.9%   5.7  600s

Cutting planes:
  Cover: 2
  MIR: 13
  StrongCG: 2

Explored 192672 nodes (1104338 simplex iterations) in 602.15 seconds (262.97 work units)
Thread count was 32 (of 32 available processors)

Solution count 10: 66975 71150 71396 ... 144932

Time limit reached
Best objective 6.697500000000e+04, best bound 1.817716056684e+04, gap 72.8598%

User-callback calls 406476, time in user-callback 72.89 sec
