
Gurobi 13.0.2 (win64) logging started Wed Jul 15 20:48:29 2026

Set parameter LogFile to value "logs/kstar_nI20_nJ40_nK50_nL10_tI6_tJ6_s5_m0_exact_s0_20260715-204829.gurobi.log"
Set parameter Seed to value 0
Set parameter TimeLimit to value 599.9616181
Set parameter NodefileStart to value 4
Set parameter MIPGap to value 0
Set parameter MIPGapAbs to value 0.9999
Set parameter Cutoff to value 1e+100
Gurobi Optimizer version 13.0.2 build v13.0.2rc1 (win64 - Windows 11+.0 (26200.2))

CPU model: Intel(R) Core(TM) i9-14900HX, instruction set [SSE2|AVX|AVX2]
Thread count: 24 physical cores, 32 logical processors, using up to 32 threads

Non-default parameters:
TimeLimit  599.9616181
MIPGap  0
MIPGapAbs  0.9999
NodefileStart  4

Optimize a model with 1500 rows, 28060 columns and 76600 nonzeros (Min)
Model fingerprint: 0x883670b2
Model has 28060 linear objective coefficients
Variable types: 28000 continuous, 60 integer (60 binary)
Coefficient statistics:
  Matrix range     [1e+00, 7e+02]
  Objective range  [1e+00, 5e+02]
  Bounds range     [1e+00, 1e+00]
  RHS range        [5e+00, 2e+01]

Using branch priorities.
Found heuristic solution: objective 632396.00000
Presolve time: 0.05s
Presolved: 1500 rows, 28060 columns, 76600 nonzeros
Variable types: 28000 continuous, 60 integer (60 binary)

Root relaxation: objective 4.682017e+04, 1514 iterations, 0.01 seconds (0.02 work units)

    Nodes    |    Current Node    |     Objective Bounds      |     Work
 Expl Unexpl |  Obj  Depth IntInf | Incumbent    BestBd   Gap | It/Node Time

     0     0 46820.1710    0   58 632396.000 46820.1710  92.6%     -    0s
H    0     0                    59768.430024 46820.1710  21.7%     -    0s
H    0     0                    59638.240928 46820.1710  21.5%     -    0s
H    0     0                    59626.843741 46820.1710  21.5%     -    0s
     0     0 57135.3014    0   23 59626.8437 57135.3014  4.18%     -    0s
H    0     0                    58170.000000 57142.3248  1.77%     -    0s
     0     0 57163.2435    0   22 58170.0000 57163.2435  1.73%     -    0s
     0     0 57173.4835    0   22 58170.0000 57173.4835  1.71%     -    0s
     0     0 57788.6066    0   11 58170.0000 57788.6066  0.66%     -    0s
H    0     0                    58008.000000 57793.2763  0.37%     -    0s
     0     0 57845.6289    0   14 58008.0000 57845.6289  0.28%     -    0s
     0     0 57854.8473    0   15 58008.0000 57854.8473  0.26%     -    0s
     0     0 57857.6863    0   13 58008.0000 57857.6863  0.26%     -    0s
     0     0 57918.7066    0   15 58008.0000 57918.7066  0.15%     -    0s
H    0     0                    57974.000000 57933.6360  0.07%     -    0s
     0     0 57957.5000    0    5 57974.0000 57957.5000  0.03%     -    0s
     0     0 57957.8889    0    5 57974.0000 57957.8889  0.03%     -    0s
H    0     0                    57964.000000 57957.8889  0.01%     -    0s
     0     0 57960.0000    0    5 57964.0000 57960.0000  0.01%     -    0s
     0     0 57960.0000    0    5 57964.0000 57960.0000  0.01%     -    0s
     0     0 57960.0000    0    5 57964.0000 57960.0000  0.01%     -    0s
H    0     0                    57961.000000 57960.0000  0.00%     -    0s
     0     0 57960.0000    0    5 57961.0000 57960.0000  0.00%     -    0s

Cutting planes:
  Implied bound: 395
  MIR: 43
  Flow cover: 191
  Relax-and-lift: 7

Explored 1 nodes (2858 simplex iterations) in 0.65 seconds (0.60 work units)
Thread count was 32 (of 32 available processors)

Solution count 7: 57961 57964 57974 ... 59768.4

Optimal solution found (tolerance 0.00e+00)
Best objective 5.796100000000e+04, best bound 5.796100000000e+04, gap 0.0000%
