
Gurobi 13.0.2 (win64) logging started Thu Jul 16 18:53:25 2026

Set parameter LogFile to value "logs/kstar_nI40_nJ20_nK100_nL10_tI3_tJ3_s4_m1_exact_s0_20260716-185325.gurobi.log"
Set parameter Seed to value 0
Set parameter TimeLimit to value 599.9633765
Set parameter MIPGap to value 0
Set parameter MIPGapAbs to value 0.5
Set parameter Cutoff to value 1e+100
Gurobi Optimizer version 13.0.2 build v13.0.2rc1 (win64 - Windows 11+.0 (26200.2))

CPU model: Intel(R) Core(TM) i9-14900HX, instruction set [SSE2|AVX|AVX2]
Thread count: 24 physical cores, 32 logical processors, using up to 32 threads

Non-default parameters:
TimeLimit  599.9633765
MIPGap  0
MIPGapAbs  0.5
PreCrush  1
LazyConstraints  1

Optimize a model with 20 rows, 70 columns and 600 nonzeros (Min)
Model fingerprint: 0x5d8c1126
Model has 70 linear objective coefficients
Variable types: 10 continuous, 60 integer (60 binary)
Coefficient statistics:
  Matrix range     [1e+01, 1e+03]
  Objective range  [1e+00, 5e+02]
  Bounds range     [1e+00, 1e+04]
  RHS range        [1e+03, 1e+03]

Using branch priorities.
Presolve removed 8 rows and 0 columns
Presolve time: 0.00s
Presolved: 12 rows, 70 columns, 400 nonzeros
Variable types: 10 continuous, 60 integer (60 binary)

Root relaxation: objective 1.040036e+05, 6 iterations, 0.00 seconds (0.00 work units)

    Nodes    |    Current Node    |     Objective Bounds      |     Work
 Expl Unexpl |  Obj  Depth IntInf | Incumbent    BestBd   Gap | It/Node Time

     0     0 104003.626    0    3          - 104003.626      -     -    0s
H    0     0                    514834.00000 104003.626  79.8%     -    0s
H    0     0                    475258.00000 104003.626  78.1%     -    0s
     0     0 104120.044    0    9 475258.000 104120.044  78.1%     -    0s
     0     0 104171.134    0   13 475258.000 104171.134  78.1%     -    0s
H    0     0                    406322.00000 104174.445  74.4%     -    0s
     0     0 104206.304    0   11 406322.000 104206.304  74.4%     -    0s
     0     0 104207.483    0   11 406322.000 104207.483  74.4%     -    0s
H    0     0                    368480.00000 104207.483  71.7%     -    0s
     0     2 104242.474    0   15 368480.000 104242.474  71.7%     -    0s
  3378  3192 104882.522   10    8 368480.000 104450.097  71.7%   2.9    5s
H 3788  3090                    331400.00000 104461.948  68.5%   2.8    7s
H 3788  2935                    306533.00000 104461.948  65.9%   2.8    7s
H 3793  2791                    277334.00000 104462.547  62.3%   2.8    8s
H 3806  2659                    254904.00000 104479.995  59.0%   2.8    9s
  3822  2687 104580.263   18   15 254904.000 104542.121  59.0%   3.0   10s
  4524  3173 105800.993   28    9 254904.000 104641.607  58.9%   4.4   15s
  5660  3895 105335.732   29    7 254904.000 104641.607  58.9%   4.4   20s
  7527  4777 105526.503   33    5 254904.000 104752.317  58.9%   4.3   25s
 10320  6430 105110.452   23   13 254904.000 104769.335  58.9%   4.1   30s
 13132  8201 106502.067   49    1 254904.000 104872.611  58.9%   4.0   35s
 15548 10262 105199.664   24   13 254904.000 104895.068  58.8%   4.0   40s
 17311 11472 105657.528   34    8 254904.000 104929.849  58.8%   4.0   46s
 18610 12519 105638.583   41    1 254904.000 104951.064  58.8%   4.0   50s
 19924 13480 106326.992   44    6 254904.000 104951.064  58.8%   4.0   55s
 20254 13804 105779.951   33   11 254904.000 104951.064  58.8%   4.1   61s
 20731 14329 105465.247   27   11 254904.000 104975.733  58.8%   4.1   66s
 21451 15055 105202.604   24   14 254904.000 104975.733  58.8%   4.1   70s
 22672 15731 105215.964   23   15 254904.000 104995.303  58.8%   4.1   75s
 24329 17468 115333.000   72    - 254904.000 105004.885  58.8%   4.1   81s
 25597 18880 105537.128   33    7 254904.000 105012.233  58.8%   4.1   85s
 27859 20698 105748.043   34    6 254904.000 105029.342  58.8%   4.1   90s
 30564 22606 106441.117   49    1 254904.000 105043.450  58.8%   4.1   98s
 30973 23847 106492.621   50    1 254904.000 105043.450  58.8%   4.1  101s
 32573 24996 106791.000   51    - 254904.000 105049.923  58.8%   4.1  106s
 34000 26229 105234.584   23   15 254904.000 105061.018  58.8%   4.1  110s
 37458 29124 105454.304   31    9 254904.000 105077.161  58.8%   4.1  119s
 38931 29517 120873.191   69    1 254904.000 105085.806  58.8%   4.1  120s
 41262 31033 107510.089   57    5 254904.000 105097.217  58.8%   4.1  125s
 43178 32743 106001.770   34    6 254904.000 105100.350  58.8%   4.1  130s
 45215 35414 105722.588   38   11 254904.000 105113.757  58.8%   4.1  138s
 47135 36622 106201.487   35    3 254904.000 105120.341  58.8%   4.1  143s
 48816 38111 105740.560   32   11 254904.000 105120.599  58.8%   4.1  148s
 50486 39614 106230.218   40    6 254904.000 105128.215  58.8%   4.1  153s
 52394 40929 105801.279   29   11 254904.000 105131.920  58.8%   4.2  158s
 53871 42192 169249.000   67    - 254904.000 105132.042  58.8%   4.2  163s
 55919 44141 105552.189   27   16 254904.000 105139.418  58.8%   4.2  168s
 58075 45710 105812.694   32   19 254904.000 105141.387  58.8%   4.2  174s
 59997 46144 107807.393   58    2 254904.000 105147.786  58.8%   4.2  178s
 60097 46761 108082.352   56    2 254904.000 105147.786  58.8%   4.2  183s
 61314 48016 105762.880   36   12 254904.000 105148.663  58.7%   4.2  188s
 62717 49188 122202.000   66    - 254904.000 105148.823  58.7%   4.2  194s
 64084 50282 106097.774   43    9 254904.000 105159.795  58.7%   4.2  200s
 65307 51765 107388.551   54    3 254904.000 105164.983  58.7%   4.2  206s
 67106 53155 105434.749   27   15 254904.000 105164.983  58.7%   4.2  213s
 68803 54375 105787.182   30   15 254904.000 105172.715  58.7%   4.3  219s
 70120 55796 106107.665   30   12 254904.000 105180.429  58.7%   4.3  227s
 72017 56240 128225.064   57    5 254904.000 105180.429  58.7%   4.3  233s
 72176 56826 128229.137   58    4 254904.000 105180.429  58.7%   4.3  240s
 73157 57794 105676.518   28   15 254904.000 105181.597  58.7%   4.3  247s
 74274 58951 105845.812   30    9 254904.000 105185.371  58.7%   4.3  255s
 75692 60030 106308.039   39    8 254904.000 105188.049  58.7%   4.3  264s
 76815 60188 105777.744   33   14 254904.000 105193.879  58.7%   4.3  265s
 76893 61464 105591.518   25   11 254904.000 105195.625  58.7%   4.3  273s
 78756 62863 105568.830   26   15 254904.000 105203.589  58.7%   4.3  284s
 79085 62924 106621.502   43    8 254904.000 105203.589  58.7%   4.3  285s
 80380 63126 106496.000   47   11 254904.000 105209.478  58.7%   4.4  310s
H80381 59970                    254301.00000 105209.478  58.6%   4.4  313s
 80383 59971 118989.000   69   28 254301.000 105209.478  58.6%   4.4  316s
 80384 59972 105759.654   30   27 254301.000 105209.478  58.6%   4.4  321s
H80384 56973                    247424.00000 105209.478  57.5%   4.4  325s
 80388 56975 106810.787   40   30 247424.000 105209.478  57.5%   4.4  333s
 80389 56976 106112.641   37   31 247424.000 105209.478  57.5%   4.4  335s
H80389 54127                    222497.00000 105209.478  52.7%   4.4  339s
 80391 54128 106262.000   43   32 222497.000 105209.478  52.7%   4.4  342s
 80392 54129 105812.945   35   32 222497.000 105209.478  52.7%   4.4  346s
 80394 54130 222497.000   73   32 222497.000 105209.478  52.7%   4.4  350s
 80409 54157 105209.478   27   23 222497.000 105209.478  52.7%   4.4  355s
 80457 54205 105332.676   29   24 222497.000 105209.478  52.7%   4.4  361s
 80618 54313 105661.703   31   17 222497.000 105209.478  52.7%   4.5  368s
 80650 54423 105854.041   32   20 222497.000 105209.478  52.7%   4.5  371s
 80908 54509 106021.030   33   15 222497.000 105209.478  52.7%   4.5  375s
 81053 54681 106148.033   34   18 222497.000 105209.478  52.7%   4.6  380s
 81378 54901 106220.114   36   16 222497.000 105209.478  52.7%   4.6  385s
 81789 55088 106358.639   38   14 222497.000 105209.478  52.7%   4.6  390s
 82150 55338 106429.717   40   14 222497.000 105209.478  52.7%   4.6  396s
 82381 55488 106470.304   42   12 222497.000 105209.478  52.7%   4.6  401s
 82631 55633 106492.923   43   12 222497.000 105209.478  52.7%   4.6  405s
 82991 55686 106554.159   44   13 222497.000 105209.478  52.7%   4.6  410s
 83297 56036 106620.234   45   15 222497.000 105209.478  52.7%   4.6  416s
 83783 56219 106628.859   46   14 222497.000 105209.478  52.7%   4.7  421s
 84340 56748 106962.103   47   10 222497.000 105209.478  52.7%   4.7  426s
 85402 56928 106999.293   48    8 222497.000 105209.478  52.7%   4.7  433s
 85475 57395 107132.940   49   10 222497.000 105209.478  52.7%   4.7  437s
 86073 57664 107384.290   53    4 222497.000 105209.478  52.7%   4.7  442s
 86810 57939 108341.021   59    2 222497.000 105209.478  52.7%   4.7  446s
 87430 58305 106323.473   45    8 222497.000 105209.478  52.7%   4.7  450s
 88750 58832 106838.736   55    3 222497.000 105259.627  52.7%   4.8  458s
 89087 59165 106853.831   56    4 222497.000 105259.627  52.7%   4.8  462s
 89776 59628 105777.694   36   19 222497.000 105286.350  52.7%   4.8  466s
 90585 59570 106196.406   45   14 222497.000 105316.263  52.7%   4.8  471s
 90702 60024 107361.192   46    8 222497.000 105316.263  52.7%   4.8  478s
 91440 60452 105908.888   34   15 222497.000 105316.263  52.7%   4.8  482s
 92204 60955 107705.492   62    1 222497.000 105316.263  52.7%   4.8  487s
 93150 61398 105762.863   35   18 222497.000 105316.263  52.7%   4.8  492s
 94081 61276 106276.785   49   12 222497.000 105316.263  52.7%   4.9  497s
 94124 61785 106346.180   50   13 222497.000 105316.263  52.7%   4.9  502s
 94895 62220 106415.697   51   12 222497.000 105379.931  52.6%   4.9  508s
 95637 62686 106443.313   52   11 222497.000 105379.931  52.6%   4.9  514s
 96510 62771 106493.316   53   10 222497.000 105379.931  52.6%   4.9  520s
 96926 62785 106553.296   54    6 222497.000 105418.192  52.6%   4.9  526s
 97032 63392 106554.286   55    5 222497.000 105418.192  52.6%   4.9  531s
 97967 64118 106612.453   56    4 222497.000 105439.738  52.6%   4.9  537s
 99153 64693 106944.083   60    5 222497.000 105459.326  52.6%   4.9  544s
 100316 65380 106028.117   39   15 222497.000 105475.446  52.6%   5.0  551s
 101710 65873 105886.322   33   15 222497.000 105480.074  52.6%   5.0  557s
 103122 65928 106117.246   37   13 222497.000 105499.007  52.6%   5.0  565s
 103403 66244 106168.886   38   10 222497.000 105499.007  52.6%   5.0  573s
 103882 66933 106027.759   38   13 222497.000 105517.939  52.6%   5.0  581s
 104934 67659 105728.453   34   18 222497.000 105522.009  52.6%   5.0  588s
 106213 68535 106611.593   40   14 222497.000 105524.658  52.6%   5.1  595s
 107762 68800 105690.562   37   18 222497.000 105546.451  52.6%   5.1  600s

Cutting planes:
  Gomory: 1
  Cover: 1
  MIR: 16
  StrongCG: 1
  Flow cover: 7

Explored 108534 nodes (551273 simplex iterations) in 601.59 seconds (259.37 work units)
Thread count was 32 (of 32 available processors)

Solution count 10: 222497 247424 254301 ... 475258

Time limit reached
Best objective 2.224970000000e+05, best bound 1.055497949050e+05, gap 52.5613%

User-callback calls 262565, time in user-callback 88.77 sec
