
Gurobi 13.0.2 (win64) logging started Fri Jul 17 11:18:13 2026

Set parameter LogFile to value "logs/kstar_nI40_nJ40_nK100_nL10_tI3_tJ3_s2_m1_exact_s0_20260717-111813.gurobi.log"
Set parameter Seed to value 0
Set parameter TimeLimit to value 599.9319546
Set parameter MIPGap to value 0
Set parameter MIPGapAbs to value 0.5
Set parameter Cutoff to value 1e+100
Gurobi Optimizer version 13.0.2 build v13.0.2rc1 (win64 - Windows 11+.0 (26200.2))

CPU model: Intel(R) Core(TM) i9-14900HX, instruction set [SSE2|AVX|AVX2]
Thread count: 24 physical cores, 32 logical processors, using up to 32 threads

Non-default parameters:
TimeLimit  599.9319546
MIPGap  0
MIPGapAbs  0.5
PreCrush  1
LazyConstraints  1

Optimize a model with 20 rows, 90 columns and 800 nonzeros (Min)
Model fingerprint: 0xadb87f9f
Model has 90 linear objective coefficients
Variable types: 10 continuous, 80 integer (80 binary)
Coefficient statistics:
  Matrix range     [1e+01, 1e+03]
  Objective range  [1e+00, 5e+02]
  Bounds range     [1e+00, 7e+03]
  RHS range        [1e+03, 1e+03]

Using branch priorities.
Presolve removed 7 rows and 0 columns
Presolve time: 0.00s
Presolved: 13 rows, 90 columns, 520 nonzeros
Variable types: 10 continuous, 80 integer (80 binary)

Root relaxation: objective 6.304493e+04, 9 iterations, 0.00 seconds (0.00 work units)

    Nodes    |    Current Node    |     Objective Bounds      |     Work
 Expl Unexpl |  Obj  Depth IntInf | Incumbent    BestBd   Gap | It/Node Time

     0     0 63044.9333    0    5          - 63044.9333      -     -    0s
H    0     0                    517105.00000 63044.9333  87.8%     -    0s
H    0     0                    497658.00000 63044.9333  87.3%     -    0s
     0     0 63150.2950    0    6 497658.000 63150.2950  87.3%     -    0s
     0     0 63153.1311    0    6 497658.000 63153.1311  87.3%     -    0s
H    0     0                    432422.00000 63153.1311  85.4%     -    0s
H    0     0                    379294.00000 63159.4090  83.3%     -    0s
H    0     0                    274576.00000 63159.4090  77.0%     -    0s
     0     2 63337.8570    0    9 274576.000 63337.8570  76.9%     -    0s
  1999  2187 105894.000   78    - 274576.000 63397.1598  76.9%   2.7    5s
  3270  3063 63919.0000   26   15 274576.000 63439.3935  76.9%   2.7   10s
H 3276  2913                    263246.00000 63451.7448  75.9%   2.7   11s
  3336  2976 63614.8565   18   15 263246.000 63508.9660  75.9%   3.1   15s
  3747  3255 63930.3014   28   11 263246.000 63529.3521  75.9%   4.2   20s
  4177  3589 64009.8512   29   12 263246.000 63529.3521  75.9%   4.6   25s
  5082  4184 64521.9100   39    2 263246.000 63529.3521  75.9%   4.5   30s
  6086  4816 65406.1742   55    1 263246.000 63562.6772  75.9%   4.5   35s
  7435  5382 68282.9911   74    1 263246.000 63622.8053  75.8%   4.4   40s
  8828  6209 64311.9193   39    8 263246.000 63622.8053  75.8%   4.3   46s
  9528  6490 65370.4820   57    6 263246.000 63622.8053  75.8%   4.3   51s
 10219  7014 87086.3544   90    1 263246.000 63626.4790  75.8%   4.2   56s
 11142  7311 63904.6098   40   11 263246.000 63626.4790  75.8%   4.2   60s
 12327  8228 77473.0000   80    - 263246.000 63652.3661  75.8%   4.2   65s
 13776  9227 64438.7570   43    5 263246.000 63652.3661  75.8%   4.0   70s
 15158 10468 64557.7741   49    1 263246.000 63658.2059  75.8%   4.1   75s
 16820 11689 65824.3632   74    2 263246.000 63679.0796  75.8%   3.9   81s
 17023 11986 83207.9340   89    1 263246.000 63693.5244  75.8%   4.0   85s
 17856 12933 64436.1121   36    9 263246.000 63693.5244  75.8%   4.0   91s
 18809 13550 63818.0977   22   17 263246.000 63693.5244  75.8%   4.0   96s
 19891 14609 63979.5775   28   13 263246.000 63693.5244  75.8%   4.0  100s
 21317 15779 64620.3413   59    2 263246.000 63701.5821  75.8%   3.9  106s
 22693 16621 63945.0657   25   13 263246.000 63716.6861  75.8%   3.9  111s
 23921 17812 64197.2880   38   11 263246.000 63722.6862  75.8%   3.9  116s
 25038 18712 76890.0000   86    - 263246.000 63722.7466  75.8%   3.8  120s
 26945 20201 84406.0000   83    - 263246.000 63724.2723  75.8%   3.8  126s
 28095 21132 95681.0000   91    - 263246.000 63724.2723  75.8%   3.8  130s
 28958 21633 63870.8273   33   16 263246.000 63724.2723  75.8%   3.8  136s
 29440 22122 63909.3944   34   16 263246.000 63724.2723  75.8%   3.8  140s
 30336 22678 64144.3446   41   13 263246.000 63747.4685  75.8%   3.8  145s
 30678 22999 64546.4496   64    4 263246.000 63747.4685  75.8%   3.8  151s
 31038 23346 64533.3575   62    4 263246.000 63747.4685  75.8%   3.8  155s
 31389 23901 64772.4646   63    2 263246.000 63751.9039  75.8%   3.8  160s
 32048 24402 64754.0351   64    2 263246.000 63751.9039  75.8%   3.8  165s
 32893 25310 64958.0875   63    3 263246.000 63757.6187  75.8%   3.8  171s
 34014 26377 64744.9885   63    1 263246.000 63757.6187  75.8%   3.8  177s
 35435 26959 64748.7227   64    1 263246.000 63761.9980  75.8%   3.8  184s
 36558 27438 64169.6828   40   15 263246.000 63763.7902  75.8%   3.8  185s
 37185 28654 64749.9095   65    1 263246.000 63763.7902  75.8%   3.7  191s
 38637 30000 64658.8714   65    3 263246.000 63776.8685  75.8%   3.8  197s
 40276 31672 64742.9244   66    1 263246.000 63779.5495  75.8%   3.8  204s
 42125 33395 64759.6778   67    2 263246.000 63781.8184  75.8%   3.8  211s
 44146 34665 64800.2889   66    3 263246.000 63789.4258  75.8%   3.8  217s
 45712 36397 64766.5298   68    2 263246.000 63791.1467  75.8%   3.8  224s
 46178 36465 64310.6142   46   12 263246.000 63792.1533  75.8%   3.8  225s
 47668 38155 64401.8296   31   10 263246.000 63792.3917  75.8%   3.8  232s
 49902 38519 66440.0854   62    6 263246.000 63798.7647  75.8%   3.8  251s
 49904 38520 66803.0000   91   24 263246.000 63798.7647  75.8%   3.8  255s
 49906 38522 67642.0000   93   26 263246.000 63798.7647  75.8%   3.8  261s
 49907 38522 63904.7393   25   27 263246.000 63798.7647  75.8%   3.8  265s
 49909 38524 64108.4184   26   26 263246.000 63798.7647  75.8%   3.8  274s
 49910 38524 64450.2257   51   25 263246.000 63798.7647  75.8%   3.8  279s
 49913 38526 65066.9357   52   28 263246.000 63798.7647  75.8%   3.8  282s
H49913 36599                    247619.00000 63798.7647  74.2%   3.8  288s
 49915 36601 64385.1035   28   28 247619.000 63798.7647  74.2%   3.8  291s
 49916 36601 64152.3420   36   30 247619.000 63798.7647  74.2%   3.8  295s
H49917 34772                    229827.00000 63798.7647  72.2%   3.8  302s
H49918 34773                    229481.00000 63798.7647  72.2%   3.8  303s
 49919 34773 64823.0000   68   29 229481.000 63798.7647  72.2%   3.8  306s
 49921 34775 64054.4402   21   30 229481.000 63798.7647  72.2%   3.8  312s
 49925 34782 63798.7647   29   26 229481.000 63798.7647  72.2%   3.8  315s
 49957 34828 63798.7647   32   23 229481.000 63798.7647  72.2%   3.9  320s
 50153 34962 63893.5005   35   19 229481.000 63798.7647  72.2%   4.0  328s
 50185 34985 63819.6621   36   22 229481.000 63798.7647  72.2%   4.0  333s
 50218 35116 63890.3440   37   23 229481.000 63798.7647  72.2%   4.0  336s
 50435 35238 64005.9763   38   22 229481.000 63798.7647  72.2%   4.1  341s
 50655 35369 64031.1142   39   20 229481.000 63798.7647  72.2%   4.1  345s
 50815 35381 64263.5714   43   13 229481.000 63798.7647  72.2%   4.1  350s
 51039 35589 64097.8258   42   19 229481.000 63798.7647  72.2%   4.1  356s
 51188 35737 64131.0680   43   20 229481.000 63798.7647  72.2%   4.2  361s
 51496 35949 64179.2724   45   12 229481.000 63798.7647  72.2%   4.2  365s
 52065 36221 64227.8311   48   13 229481.000 63798.7647  72.2%   4.2  370s
 52447 36429 64349.0490   50   14 229481.000 63798.7647  72.2%   4.2  375s
 52858 36686 64355.3225   53   14 229481.000 63798.7647  72.2%   4.2  380s
 53346 36938 64458.8601   55    7 229481.000 63798.7647  72.2%   4.2  385s
 53813 37213 64672.2796   58    4 229481.000 63798.7647  72.2%   4.3  391s
 54331 37519 65122.3864   67    3 229481.000 63798.7647  72.2%   4.3  396s
 54867 37807 65842.0000   75    - 229481.000 63841.6738  72.2%   4.3  401s
 55180 38104 66385.8223   81    4 229481.000 63841.6738  72.2%   4.3  406s
 55727 38337 68252.5373   88    1 229481.000 63858.0683  72.2%   4.3  410s
 56232 38576 68791.0000   97    - 229481.000 63858.0683  72.2%   4.3  415s
 56795 38978 64975.3135   71    2 229481.000 63858.0683  72.2%   4.3  420s
 57517 39226 69252.6913   83    3 229481.000 63858.0683  72.2%   4.3  425s
 58541 39934 65398.2893   87    3 229481.000 63893.6252  72.2%   4.3  434s
 58816 39886 65755.1874   65    6 229481.000 63893.6252  72.2%   4.3  435s
 59486 40340 91255.0000  106    - 229481.000 63905.0448  72.2%   4.3  440s
 59985 40601 64511.3160   52   11 229481.000 63905.0448  72.2%   4.3  445s
 60605 40556 65253.8282   77    4 229481.000 63905.0448  72.2%   4.3  450s
 60648 40578 65281.5413   78    3 229481.000 63905.0448  72.2%   4.3  455s
 60680 41203 65421.1877   79    2 229481.000 63905.0448  72.2%   4.3  460s
 61482 41603 64089.3062   43   17 229481.000 63905.0448  72.2%   4.4  465s
 62340 42145 64586.1808   62    8 229481.000 63951.3487  72.1%   4.4  471s
 63247 41978 64098.2489   38   21 229481.000 63954.3570  72.1%   4.4  477s
 63284 42188 64121.9568   39   19 229481.000 63954.3570  72.1%   4.4  484s
 63688 42947 64921.5421   64    3 229481.000 63954.3570  72.1%   4.4  490s
 64658 42740 64146.0091   41   16 229481.000 63954.3570  72.1%   4.4  496s
 64690 43094 64251.2601   42   13 229481.000 63954.3570  72.1%   4.4  504s
 65158 43019 64235.3466   43   16 229481.000 63954.3570  72.1%   4.4  505s
 65240 43947 64332.2619   43   10 229481.000 63954.3570  72.1%   4.4  511s
 66374 44420 66027.1309   93    2 229481.000 63954.3570  72.1%   4.4  518s
 67414 44259 64451.6342   52   12 229481.000 63954.3570  72.1%   4.4  520s
 67522 45351 64460.5231   51    9 229481.000 63954.3570  72.1%   4.4  525s
 68907 45868 75897.0000  102    - 229481.000 63956.4475  72.1%   4.4  532s
 70168 46828 64502.6700   52    7 229481.000 63991.2177  72.1%   4.5  539s
 70541 46747 64440.6007   56   11 229481.000 63991.2177  72.1%   4.5  540s
 71624 47513 64043.5271   40   20 229481.000 63991.2177  72.1%   4.5  547s
 72939 48086 64624.3782   60   13 229481.000 63991.2177  72.1%   4.5  556s
 74057 48658 69743.0000   97    - 229481.000 63991.9663  72.1%   4.5  564s
 74529 48559 65079.3134   63    1 229481.000 63991.9663  72.1%   4.5  565s
 75175 49316 64242.2638   52   17 229481.000 63991.9663  72.1%   4.5  576s
 76712 50021 66194.0943   81    2 229481.000 63991.9663  72.1%   4.5  586s
 78376 49953 64521.1725   51    8 229481.000 63991.9663  72.1%   4.5  597s
 78499 49925 64075.0829   44   18 229481.000 63991.9663  72.1%   4.5  600s

Cutting planes:
  Gomory: 2
  Cover: 1
  MIR: 13
  StrongCG: 1
  Flow cover: 1

Explored 78500 nodes (355269 simplex iterations) in 600.55 seconds (211.13 work units)
Thread count was 32 (of 32 available processors)

Solution count 9: 229481 229827 247619 ... 517105

Time limit reached
Best objective 2.294810000000e+05, best bound 6.399196630817e+04, gap 72.1145%

User-callback calls 205691, time in user-callback 197.48 sec
