
Gurobi 13.0.2 (win64) logging started Wed Jul 15 20:48:15 2026

Set parameter LogFile to value "logs/kstar_nI20_nJ40_nK50_nL10_tI2_tJ2_s4_m0_exact_s0_20260715-204815.gurobi.log"
Set parameter Seed to value 0
Set parameter TimeLimit to value 599.961285
Set parameter NodefileStart to value 4
Set parameter MIPGap to value 0
Set parameter MIPGapAbs to value 0.9999
Set parameter Cutoff to value 1e+100
Gurobi Optimizer version 13.0.2 build v13.0.2rc1 (win64 - Windows 11+.0 (26200.2))

CPU model: Intel(R) Core(TM) i9-14900HX, instruction set [SSE2|AVX|AVX2]
Thread count: 24 physical cores, 32 logical processors, using up to 32 threads

Non-default parameters:
TimeLimit  599.961285
MIPGap  0
MIPGapAbs  0.9999
NodefileStart  4

Optimize a model with 1500 rows, 28060 columns and 76600 nonzeros (Min)
Model fingerprint: 0x3e52fa59
Model has 28060 linear objective coefficients
Variable types: 28000 continuous, 60 integer (60 binary)
Coefficient statistics:
  Matrix range     [1e+00, 7e+02]
  Objective range  [1e+00, 5e+02]
  Bounds range     [1e+00, 1e+00]
  RHS range        [5e+00, 2e+01]

Using branch priorities.
Found heuristic solution: objective 618308.00000
Presolve time: 0.05s
Presolved: 1500 rows, 28060 columns, 76600 nonzeros
Variable types: 28000 continuous, 60 integer (60 binary)

Root relaxation: objective 4.231030e+04, 1339 iterations, 0.01 seconds (0.01 work units)

    Nodes    |    Current Node    |     Objective Bounds      |     Work
 Expl Unexpl |  Obj  Depth IntInf | Incumbent    BestBd   Gap | It/Node Time

     0     0 42310.3025    0   60 618308.000 42310.3025  93.2%     -    0s
H    0     0                    56992.206002 42310.3025  25.8%     -    0s
H    0     0                    56988.408950 42310.3025  25.8%     -    0s
     0     0 54425.5296    0   26 56988.4089 54425.5296  4.50%     -    0s
H    0     0                    56313.000000 54443.0904  3.32%     -    0s
H    0     0                    56252.000000 54443.0904  3.22%     -    0s
     0     0 54444.8545    0   24 56252.0000 54444.8545  3.21%     -    0s
H    0     0                    55976.000000 54444.8545  2.74%     -    0s
     0     0 55437.2675    0   13 55976.0000 55437.2675  0.96%     -    0s
H    0     0                    55715.000000 55439.6034  0.49%     -    0s
     0     0 55485.3061    0   15 55715.0000 55485.3061  0.41%     -    0s
     0     0 55501.6820    0    5 55715.0000 55501.6820  0.38%     -    0s
H    0     0                    55697.000000 55501.6820  0.35%     -    0s
     0     0 55516.2430    0   15 55697.0000 55516.2430  0.32%     -    0s
     0     0 55516.2748    0   15 55697.0000 55516.2748  0.32%     -    0s
     0     0 55516.2748    0   15 55697.0000 55516.2748  0.32%     -    0s
H    0     0                    55526.000000 55516.9106  0.02%     -    0s
     0     1 55518.2006    0    2 55526.0000 55518.2006  0.01%     -    0s

Cutting planes:
  Implied bound: 432
  MIR: 16
  Flow cover: 204
  Relax-and-lift: 28

Explored 1 nodes (2410 simplex iterations) in 0.57 seconds (0.51 work units)
Thread count was 32 (of 32 available processors)

Solution count 6: 55526 55697 55976 ... 56992.2

Optimal solution found (tolerance 0.00e+00)
Best objective 5.552600000000e+04, best bound 5.552591666161e+04, gap 0.0002%
