
Gurobi 13.0.2 (win64) logging started Wed Jul 15 20:49:39 2026

Set parameter LogFile to value "logs/kstar_nI40_nJ20_nK50_nL5_tI3_tJ3_s5_m0_exact_s0_20260715-204939.gurobi.log"
Set parameter Seed to value 0
Set parameter TimeLimit to value 599.9873375
Set parameter NodefileStart to value 4
Set parameter MIPGap to value 0
Set parameter MIPGapAbs to value 0.9999
Set parameter Cutoff to value 1e+100
Gurobi Optimizer version 13.0.2 build v13.0.2rc1 (win64 - Windows 11+.0 (26200.2))

CPU model: Intel(R) Core(TM) i9-14900HX, instruction set [SSE2|AVX|AVX2]
Thread count: 24 physical cores, 32 logical processors, using up to 32 threads

Non-default parameters:
TimeLimit  599.9873375
MIPGap  0
MIPGapAbs  0.9999
NodefileStart  4

Optimize a model with 650 rows, 9060 columns and 23300 nonzeros (Min)
Model fingerprint: 0x251072a8
Model has 9060 linear objective coefficients
Variable types: 9000 continuous, 60 integer (60 binary)
Coefficient statistics:
  Matrix range     [1e+00, 6e+02]
  Objective range  [1e+00, 5e+02]
  Bounds range     [1e+00, 1e+00]
  RHS range        [5e+00, 2e+01]

Using branch priorities.
Found heuristic solution: objective 312866.00000
Presolve time: 0.02s
Presolved: 650 rows, 9060 columns, 23300 nonzeros
Variable types: 9000 continuous, 60 integer (60 binary)

Root relaxation: objective 2.877500e+04, 507 iterations, 0.00 seconds (0.00 work units)

    Nodes    |    Current Node    |     Objective Bounds      |     Work
 Expl Unexpl |  Obj  Depth IntInf | Incumbent    BestBd   Gap | It/Node Time

     0     0 28774.9963    0   54 312866.000 28774.9963  90.8%     -    0s
H    0     0                    41692.525317 28774.9963  31.0%     -    0s
H    0     0                    41106.943629 28774.9963  30.0%     -    0s
H    0     0                    41041.000000 28774.9963  29.9%     -    0s
     0     0 33078.8644    0   41 41041.0000 33078.8644  19.4%     -    0s
H    0     0                    39863.707338 33125.2614  16.9%     -    0s
     0     0 33125.2614    0   40 39863.7073 33125.2614  16.9%     -    0s
     0     0 33125.5712    0   40 39863.7073 33125.5712  16.9%     -    0s
     0     0 35292.2182    0   43 39863.7073 35292.2182  11.5%     -    0s
     0     0 35526.6720    0   44 39863.7073 35526.6720  10.9%     -    0s
     0     0 35579.3148    0   43 39863.7073 35579.3148  10.7%     -    0s
     0     0 35599.1032    0   43 39863.7073 35599.1032  10.7%     -    0s
     0     0 35599.2082    0   44 39863.7073 35599.2082  10.7%     -    0s
     0     0 36167.4856    0   43 39863.7073 36167.4856  9.27%     -    0s
H    0     0                    37978.000000 36171.0216  4.76%     -    0s
     0     0 36445.2107    0   44 37978.0000 36445.2107  4.04%     -    0s
     0     0 36468.0495    0   43 37978.0000 36468.0495  3.98%     -    0s
     0     0 36480.6600    0   45 37978.0000 36480.6600  3.94%     -    0s
     0     0 36482.1970    0   44 37978.0000 36482.1970  3.94%     -    0s
     0     0 36698.4425    0   44 37978.0000 36698.4425  3.37%     -    0s
H    0     0                    36807.000000 36703.1309  0.28%     -    0s
     0     0 36748.2952    0   35 36807.0000 36748.2952  0.16%     -    0s
     0     0 36748.7092    0   33 36807.0000 36748.7092  0.16%     -    0s
     0     0 36752.5936    0   32 36807.0000 36752.5936  0.15%     -    0s
     0     0 36803.5216    0   30 36807.0000 36803.5216  0.01%     -    0s
     0     0     cutoff    0      36807.0000 36807.0000  0.00%     -    0s

Cutting planes:
  Implied bound: 181
  MIR: 138
  Flow cover: 84
  Relax-and-lift: 8

Explored 1 nodes (1977 simplex iterations) in 0.30 seconds (0.33 work units)
Thread count was 32 (of 32 available processors)

Solution count 6: 36807 37978 39863.7 ... 312866

Optimal solution found (tolerance 0.00e+00)
Best objective 3.680700000000e+04, best bound 3.680700000000e+04, gap 0.0000%
