
Gurobi 13.0.2 (win64) logging started Wed Jul 15 20:48:38 2026

Set parameter LogFile to value "logs/kstar_nI20_nJ40_nK50_nL5_tI3_tJ3_s4_m0_exact_s0_20260715-204838.gurobi.log"
Set parameter Seed to value 0
Set parameter TimeLimit to value 599.9787129
Set parameter NodefileStart to value 4
Set parameter MIPGap to value 0
Set parameter MIPGapAbs to value 0.9999
Set parameter Cutoff to value 1e+100
Gurobi Optimizer version 13.0.2 build v13.0.2rc1 (win64 - Windows 11+.0 (26200.2))

CPU model: Intel(R) Core(TM) i9-14900HX, instruction set [SSE2|AVX|AVX2]
Thread count: 24 physical cores, 32 logical processors, using up to 32 threads

Non-default parameters:
TimeLimit  599.9787129
MIPGap  0
MIPGapAbs  0.9999
NodefileStart  4

Optimize a model with 750 rows, 14060 columns and 38300 nonzeros (Min)
Model fingerprint: 0x6bc952bb
Model has 14060 linear objective coefficients
Variable types: 14000 continuous, 60 integer (60 binary)
Coefficient statistics:
  Matrix range     [1e+00, 7e+02]
  Objective range  [1e+00, 5e+02]
  Bounds range     [1e+00, 1e+00]
  RHS range        [5e+00, 2e+01]

Using branch priorities.
Found heuristic solution: objective 310062.00000
Presolve time: 0.02s
Presolved: 750 rows, 14060 columns, 38300 nonzeros
Variable types: 14000 continuous, 60 integer (60 binary)

Root relaxation: objective 2.423591e+04, 737 iterations, 0.00 seconds (0.01 work units)

    Nodes    |    Current Node    |     Objective Bounds      |     Work
 Expl Unexpl |  Obj  Depth IntInf | Incumbent    BestBd   Gap | It/Node Time

     0     0 24235.9054    0   59 310062.000 24235.9054  92.2%     -    0s
H    0     0                    39592.468706 24235.9054  38.8%     -    0s
H    0     0                    39582.065930 24235.9054  38.8%     -    0s
H    0     0                    39262.212182 24235.9054  38.3%     -    0s
H    0     0                    39058.190384 32559.7434  16.6%     -    0s
H    0     0                    39044.091032 32559.7434  16.6%     -    0s
     0     0 32559.7434    0   51 39044.0910 32559.7434  16.6%     -    0s
H    0     0                    38273.000000 32570.6787  14.9%     -    0s
H    0     0                    37862.000000 32570.6787  14.0%     -    0s
H    0     0                    37846.000000 32570.6787  13.9%     -    0s
H    0     0                    37812.000000 32570.6787  13.9%     -    0s
H    0     0                    37513.000000 32570.6787  13.2%     -    0s
     0     0 32684.6053    0   50 37513.0000 32684.6053  12.9%     -    0s
     0     0 32718.4891    0   50 37513.0000 32718.4891  12.8%     -    0s
     0     0 32719.4432    0   50 37513.0000 32719.4432  12.8%     -    0s
     0     0 34510.9863    0   58 37513.0000 34510.9863  8.00%     -    0s
     0     0 34882.2620    0   59 37513.0000 34882.2620  7.01%     -    0s
     0     0 34955.4423    0   55 37513.0000 34955.4423  6.82%     -    0s
     0     0 35012.4327    0   56 37513.0000 35012.4327  6.67%     -    0s
     0     0 35021.8384    0   54 37513.0000 35021.8384  6.64%     -    0s
     0     0 35022.9152    0   55 37513.0000 35022.9152  6.64%     -    0s
     0     0 35197.1804    0   54 37513.0000 35197.1804  6.17%     -    0s
     0     0 35234.2840    0   52 37513.0000 35234.2840  6.07%     -    0s
     0     0 35236.3333    0   51 37513.0000 35236.3333  6.07%     -    0s
     0     0 35249.5588    0   51 37513.0000 35249.5588  6.03%     -    0s
     0     0 35252.0621    0   51 37513.0000 35252.0621  6.03%     -    0s
     0     0 35252.0621    0   51 37513.0000 35252.0621  6.03%     -    0s
H    0     0                    37167.000000 35252.0621  5.15%     -    0s
H    0     0                    36989.000000 35252.0621  4.70%     -    0s
H    0     0                    36929.000000 35252.0621  4.54%     -    0s
H    0     0                    36924.000000 35252.0621  4.53%     -    0s
H    0     0                    36850.000000 35252.0621  4.34%     -    0s
     0     2 35252.0621    0   51 36850.0000 35252.0621  4.34%     -    0s
H  114   185                    36600.777526 35690.7068  2.49%  94.8    0s
H  116   185                    36595.408862 35690.7068  2.47%  93.9    0s
H  184   256                    36351.169231 35690.7068  1.82%  72.8    0s
*  187   256              11    36210.000000 35690.7068  1.43%  71.9    0s
H  189   256                    36059.169231 35690.7068  1.02%  71.1    0s
*  190   256              14    35917.000000 35690.7068  0.63%  70.8    0s
H  377   132                    35860.000000 35764.1695  0.27%  44.6    0s

Cutting planes:
  Implied bound: 372
  MIR: 74
  Flow cover: 259
  Relax-and-lift: 24

Explored 588 nodes (20702 simplex iterations) in 0.95 seconds (1.05 work units)
Thread count was 32 (of 32 available processors)

Solution count 10: 35860 35917 36059.2 ... 36989

Optimal solution found (tolerance 0.00e+00)
Best objective 3.586000000000e+04, best bound 3.586000000000e+04, gap 0.0000%
