
Gurobi 13.0.2 (win64) logging started Fri Jul 17 13:28:48 2026

Set parameter LogFile to value "logs/kstar_nI40_nJ40_nK100_nL10_tI5_tJ5_s5_m1_exact_s0_20260717-132848.gurobi.log"
Set parameter Seed to value 0
Set parameter TimeLimit to value 599.9322192
Set parameter MIPGap to value 0
Set parameter MIPGapAbs to value 0.5
Set parameter Cutoff to value 1e+100
Gurobi Optimizer version 13.0.2 build v13.0.2rc1 (win64 - Windows 11+.0 (26200.2))

CPU model: Intel(R) Core(TM) i9-14900HX, instruction set [SSE2|AVX|AVX2]
Thread count: 24 physical cores, 32 logical processors, using up to 32 threads

Non-default parameters:
TimeLimit  599.9322192
MIPGap  0
MIPGapAbs  0.5
PreCrush  1
LazyConstraints  1

Optimize a model with 20 rows, 90 columns and 800 nonzeros (Min)
Model fingerprint: 0xc40a9a05
Model has 90 linear objective coefficients
Variable types: 10 continuous, 80 integer (80 binary)
Coefficient statistics:
  Matrix range     [2e+00, 1e+03]
  Objective range  [1e+00, 5e+02]
  Bounds range     [1e+00, 7e+03]
  RHS range        [1e+03, 1e+03]

Using branch priorities.
Presolve removed 18 rows and 0 columns
Presolve time: 0.00s
Presolved: 2 rows, 90 columns, 80 nonzeros
Variable types: 10 continuous, 80 integer (80 binary)

Root relaxation: objective 6.487211e+04, 4 iterations, 0.00 seconds (0.00 work units)

    Nodes    |    Current Node    |     Objective Bounds      |     Work
 Expl Unexpl |  Obj  Depth IntInf | Incumbent    BestBd   Gap | It/Node Time

     0     0 64872.1067    0    3          - 64872.1067      -     -    0s
H    0     0                    442351.00000 64872.1067  85.3%     -    0s
H    0     0                    418362.00000 64872.1067  84.5%     -    0s
H    0     0                    408525.00000 64872.1067  84.1%     -    0s
H    0     0                    398744.00000 64872.1067  83.7%     -    0s
H    0     0                    345788.00000 64872.1067  81.2%     -    0s
     0     0 65206.9252    0    6 345788.000 65206.9252  81.1%     -    0s
     0     0 65212.5163    0    6 345788.000 65212.5163  81.1%     -    0s
H    0     0                    340106.00000 65212.5163  80.8%     -    0s
H    0     0                    317442.00000 65212.5163  79.5%     -    0s
H    0     0                    314172.00000 65217.1349  79.2%     -    0s
H    0     0                    285939.00000 65217.1349  77.2%     -    0s
     0     2 65316.1565    0    9 285939.000 65316.1565  77.2%     -    0s
  2223  2426 65563.5930   14   13 285939.000 65374.3934  77.1%   3.3    5s
H 3604  3181                    245767.00000 65421.2337  73.4%   3.0    8s
H 3610  3026                    226068.00000 65421.2337  71.1%   3.0   10s
H 3616  2878                    210741.00000 65435.6564  68.9%   3.0   11s
H 3617  2878                    209077.00000 65455.1440  68.7%   3.0   11s
  3883  3089 65722.2633   20   12 209077.000 65592.7953  68.6%   3.9   15s
  4483  3490 65980.8457   23    8 209077.000 65592.7953  68.6%   4.7   20s
  5466  4154 66087.0555   31   11 209077.000 65592.7953  68.6%   4.6   25s
  6930  5043 66647.2295   48    3 209077.000 65642.4856  68.6%   4.6   30s
  8459  5977 68461.0000   70    - 209077.000 65663.0110  68.6%   4.4   35s
 10080  6812 67856.9633   58    1 209077.000 65671.8172  68.6%   4.4   40s
 11953  7666 72121.0000   74    - 209077.000 65678.7430  68.6%   4.4   45s
 13319  8740 65918.1661   19   13 209077.000 65734.2967  68.6%   4.4   50s
 13864  9367 66024.1356   23   11 209077.000 65734.2967  68.6%   4.4   55s
 14921 10388 66484.4237   34    5 209077.000 65739.9077  68.6%   4.4   60s
 15605 10879 67456.2795   41    2 209077.000 65758.1225  68.5%   4.4   65s
 16571 11551 66469.5971   39    8 209077.000 65762.9962  68.5%   4.3   70s
 16959 11916 65993.5686   26   14 209077.000 65762.9962  68.5%   4.3   76s
 17790 12906 66047.5466   29   16 209077.000 65764.7808  68.5%   4.3   81s
 19223 14093 66078.8952   32   14 209077.000 65764.7808  68.5%   4.3   86s
 20399 15204 66623.8737   45    4 209077.000 65786.9123  68.5%   4.3   91s
 22011 16384 66149.5993   29   16 209077.000 65790.2659  68.5%   4.2   95s
 24517 18739 67659.7815   64    1 209077.000 65802.5158  68.5%   4.2  101s
 26444 20480 66260.5289   23   12 209077.000 65811.8094  68.5%   4.2  106s
 27882 21178 66267.5601   23   14 209077.000 65827.1876  68.5%   4.2  110s
 28824 22248 68204.9886   62    1 209077.000 65827.1876  68.5%   4.2  115s
 30963 24407 66236.5008   24   11 209077.000 65844.2690  68.5%   4.2  123s
 32332 25462 66129.7593   19   16 209077.000 65844.9829  68.5%   4.2  126s
 33457 26702 66922.1536   46    2 209077.000 65849.5934  68.5%   4.2  130s
 34860 27232 66409.1161   27    6 209077.000 65849.5934  68.5%   4.2  135s
 38214 30276 66280.2023   19   11 209077.000 65868.7385  68.5%   4.1  143s
 39764 31841 66012.3502   22   18 209077.000 65870.3203  68.5%   4.1  148s
 41507 32970 67458.0924   57    3 209077.000 65873.8015  68.5%   4.1  152s
 42729 34242 66241.8837   26   17 209077.000 65874.1707  68.5%   4.1  156s
 44353 35860 67128.6200   54    1 209077.000 65878.0894  68.5%   4.2  161s
 46231 37483 66455.1221   35   14 209077.000 65878.0894  68.5%   4.2  167s
 48004 38918 66605.4545   29   16 209077.000 65884.5724  68.5%   4.2  172s
 49585 40693 66154.3132   20   19 209077.000 65887.8474  68.5%   4.2  176s
 51670 42181 68817.0854   78    1 209077.000 65899.8857  68.5%   4.2  182s
 53400 43962 66724.1721   35   11 209077.000 65899.8857  68.5%   4.2  187s
 55347 44313 66165.7657   24   20 209077.000 65901.5917  68.5%   4.2  192s
 55612 44918 66202.8348   25   21 209077.000 65901.5917  68.5%   4.2  196s
 56608 45836 66554.6097   29   10 209077.000 65917.2227  68.5%   4.2  201s
 57909 47028 66643.9620   37   11 209077.000 65924.8480  68.5%   4.2  207s
 59071 48426 67137.1058   50    2 209077.000 65925.5994  68.5%   4.2  213s
 60823 48672 66462.7941   31    6 209077.000 65927.0536  68.5%   4.3  229s
 60825 48673 66848.0691   57   26 209077.000 65927.0536  68.5%   4.3  232s
 60827 48675 66349.5395   33   24 209077.000 65927.0536  68.5%   4.3  238s
 60828 48675 66907.0046   35   29 209077.000 65927.0536  68.5%   4.3  243s
 60830 48677 66131.6445   25   29 209077.000 65927.0536  68.5%   4.3  245s
H60830 46243                    189470.00000 65927.0536  65.2%   4.3  249s
H60830 43930                    182033.00000 65927.0536  63.8%   4.3  249s
 60833 43932 67945.1918   52   27 182033.000 65927.0536  63.8%   4.3  251s
 60834 43932 68097.0000   70   30 182033.000 65927.0536  63.8%   4.3  255s
 60836 43934 67638.5110   65   27 182033.000 65927.0536  63.8%   4.3  262s
 60840 43936 73958.0000   86   28 182033.000 65927.0536  63.8%   4.3  267s
 60841 43937 67668.0000   73   28 182033.000 65927.0536  63.8%   4.3  270s
 60857 43965 65927.0536   24   24 182033.000 65927.0536  63.8%   4.3  275s
 60937 44115 65927.0536   27   24 182033.000 65927.0536  63.8%   4.3  281s
 61082 44143 66068.8642   28   23 182033.000 65927.0536  63.8%   4.4  287s
 61270 44336 66024.6456   30   24 182033.000 65927.0536  63.8%   4.4  291s
 61495 44465 66148.7987   31   23 182033.000 65927.0536  63.8%   4.5  295s
 61901 44678 66320.4641   33   22 182033.000 65927.0536  63.8%   4.5  301s
 61980 44803 66356.0768   34   22 182033.000 65927.0536  63.8%   4.5  305s
 62392 44986 66354.7377   36   24 182033.000 65927.0536  63.8%   4.5  310s
 62722 45256 66457.6523   38   19 182033.000 65927.0536  63.8%   4.5  317s
 63116 45504 66589.0458   40   17 182033.000 65952.5465  63.8%   4.6  321s
 63524 45769 66852.8115   43   12 182033.000 65967.0070  63.8%   4.6  325s
 64247 46254 67284.6252   48   11 182033.000 65968.3420  63.8%   4.6  331s
 64829 46567 67528.0500   54    3 182033.000 65968.3420  63.8%   4.6  335s
 65285 46770 67699.4442   62    3 182033.000 65996.3052  63.7%   4.6  340s
 66017 47006 69473.9863   75    1 182033.000 65996.3052  63.7%   4.6  347s
 66052 47388 69636.8881   76    1 182033.000 66015.9534  63.7%   4.7  352s
 66524 47682 75856.0000   86    - 182033.000 66015.9534  63.7%   4.6  356s
 67194 47982 66340.7715   31   19 182033.000 66015.9534  63.7%   4.7  360s
 68326 48704 66543.2134   39   14 182033.000 66021.5053  63.7%   4.7  367s
 69021 49107 66747.5790   46    9 182033.000 66021.5053  63.7%   4.7  372s
 69776 49396 67740.7482   54    4 182033.000 66041.5018  63.7%   4.7  376s
 70440 49967 68756.1374   63    1 182033.000 66041.5018  63.7%   4.7  380s
 71507 50297 71200.4770   90    3 182033.000 66041.5018  63.7%   4.7  385s
 73045 50791 67766.0000   80    - 182033.000 66041.5018  63.7%   4.7  394s
 73146 51098 66214.9140   34   18 182033.000 66041.5018  63.7%   4.7  400s
 74127 51676 68344.4355   61    1 182033.000 66061.5133  63.7%   4.7  405s
 74625 52118 66606.1855   48   12 182033.000 66061.5133  63.7%   4.7  414s
 75402 52576 66681.2750   54   11 182033.000 66061.5133  63.7%   4.7  419s
 75976 52429 66371.8042   31   17 182033.000 66095.8008  63.7%   4.8  420s
 76939 52911 66262.6927   28   21 182033.000 66095.8008  63.7%   4.8  425s
 77793 53384 66266.7732   29   20 182033.000 66095.8008  63.7%   4.8  430s
 77969 54233 66921.8707   48    8 182033.000 66095.8008  63.7%   4.8  435s
 79044 54029 67152.8478   61    3 182033.000 66095.8008  63.7%   4.8  440s
 79158 54057 67315.0801   62    4 182033.000 66095.8008  63.7%   4.8  447s
 79207 54615 67359.4716   62    4 182033.000 66095.8008  63.7%   4.8  454s
 80109 55377 84483.0000   93    - 182033.000 66095.8008  63.7%   4.8  461s
 81301 56005 66694.7466   46   11 182033.000 66095.8008  63.7%   4.8  467s
 82506 56545 66318.0927   34   17 182033.000 66095.8008  63.7%   4.8  475s
 83574 57327 68007.9456   83    1 182033.000 66095.8008  63.7%   4.8  481s
 84975 57886 66493.8572   36   26 182033.000 66095.8008  63.7%   4.8  488s
 85945 57763 66670.3690   43   15 182033.000 66095.8008  63.7%   4.9  495s
 86153 58715 66688.7088   44   15 182033.000 66115.9739  63.7%   4.9  503s
 87465 59265 67246.4809   53    7 182033.000 66115.9739  63.7%   4.9  510s
 88525 60056 71222.1829   82    1 182033.000 66173.1874  63.6%   4.9  518s
 89865 59821 67040.7946   45    5 182033.000 66174.1549  63.6%   4.9  520s
 89994 61012 66555.8400   41   16 182033.000 66174.1549  63.6%   4.9  528s
 91562 61985 66441.5459   31   17 182033.000 66182.4222  63.6%   4.9  537s
 93387 62896 66277.9450   35   21 182033.000 66183.4020  63.6%   4.9  546s
 94924 63485 67390.9549   56    9 182033.000 66183.4020  63.6%   4.9  555s
 96249 64341 66568.3354   41   16 182033.000 66183.4026  63.6%   5.0  565s
 98198 65458 66338.9216   30   23 182033.000 66198.1794  63.6%   5.0  576s
 100133 66549 69538.4232   84    1 182033.000 66198.1794  63.6%   5.0  586s
 102045 67729 66911.5330   46    7 182033.000 66198.1794  63.6%   5.0  597s

Cutting planes:
  Gomory: 5
  Cover: 1
  MIR: 8
  StrongCG: 1

Explored 103981 nodes (524847 simplex iterations) in 601.00 seconds (251.65 work units)
Thread count was 32 (of 32 available processors)

Solution count 10: 182033 189470 209077 ... 398744

Time limit reached
Best objective 1.820330000000e+05, best bound 6.620783179711e+04, gap 63.6287%

User-callback calls 246558, time in user-callback 159.73 sec
