
Gurobi 13.0.2 (win64) logging started Wed Jul 15 20:49:34 2026

Set parameter LogFile to value "logs/kstar_nI40_nJ20_nK50_nL10_tI6_tJ6_s3_m0_exact_s0_20260715-204934.gurobi.log"
Set parameter Seed to value 0
Set parameter TimeLimit to value 599.9755573
Set parameter NodefileStart to value 4
Set parameter MIPGap to value 0
Set parameter MIPGapAbs to value 0.9999
Set parameter Cutoff to value 1e+100
Gurobi Optimizer version 13.0.2 build v13.0.2rc1 (win64 - Windows 11+.0 (26200.2))

CPU model: Intel(R) Core(TM) i9-14900HX, instruction set [SSE2|AVX|AVX2]
Thread count: 24 physical cores, 32 logical processors, using up to 32 threads

Non-default parameters:
TimeLimit  599.9755573
MIPGap  0
MIPGapAbs  0.9999
NodefileStart  4

Optimize a model with 1300 rows, 18060 columns and 46600 nonzeros (Min)
Model fingerprint: 0xb1e645fc
Model has 18060 linear objective coefficients
Variable types: 18000 continuous, 60 integer (60 binary)
Coefficient statistics:
  Matrix range     [1e+00, 7e+02]
  Objective range  [1e+00, 5e+02]
  Bounds range     [1e+00, 1e+00]
  RHS range        [5e+00, 2e+01]

Using branch priorities.
Found heuristic solution: objective 679173.00000
Presolve time: 0.03s
Presolved: 1300 rows, 18060 columns, 46600 nonzeros
Variable types: 18000 continuous, 60 integer (60 binary)

Root relaxation: objective 5.434130e+04, 951 iterations, 0.01 seconds (0.01 work units)

    Nodes    |    Current Node    |     Objective Bounds      |     Work
 Expl Unexpl |  Obj  Depth IntInf | Incumbent    BestBd   Gap | It/Node Time

     0     0 54341.2988    0   59 679173.000 54341.2988  92.0%     -    0s
H    0     0                    67574.561356 54341.2988  19.6%     -    0s
H    0     0                    67536.332126 54341.2988  19.5%     -    0s
H    0     0                    67501.977061 54341.2988  19.5%     -    0s
H    0     0                    67496.975265 61725.7962  8.55%     -    0s
     0     0 61725.7962    0   33 67496.9753 61725.7962  8.55%     -    0s
H    0     0                    65398.000000 61739.2248  5.59%     -    0s
     0     0 61759.2493    0   31 65398.0000 61759.2493  5.56%     -    0s
     0     0 61759.2493    0   31 65398.0000 61759.2493  5.56%     -    0s
     0     0 62992.9184    0   27 65398.0000 62992.9184  3.68%     -    0s
H    0     0                    65078.000000 63009.3910  3.18%     -    0s
H    0     0                    64950.000000 63009.3910  2.99%     -    0s
H    0     0                    64630.000000 63009.3910  2.51%     -    0s
H    0     0                    64555.000000 63009.3910  2.39%     -    0s
     0     0 63227.4081    0   25 64555.0000 63227.4081  2.06%     -    0s
     0     0 63249.2581    0   26 64555.0000 63249.2581  2.02%     -    0s
     0     0 63254.6881    0   26 64555.0000 63254.6881  2.01%     -    0s
     0     0 63450.4001    0   23 64555.0000 63450.4001  1.71%     -    0s
H    0     0                    63904.000000 63452.3546  0.71%     -    0s
H    0     0                    63865.000000 63452.3546  0.65%     -    0s
     0     0 63484.8700    0   17 63865.0000 63484.8700  0.60%     -    0s
H    0     0                    63824.000000 63487.8297  0.53%     -    0s
     0     0 63487.8297    0   21 63824.0000 63487.8297  0.53%     -    0s
H    0     0                    63773.000000 63487.8297  0.45%     -    0s
     0     0 63511.8078    0   17 63773.0000 63511.8078  0.41%     -    0s
H    0     0                    63592.000000 63513.2400  0.12%     -    0s
     0     0 63526.9608    0   18 63592.0000 63526.9608  0.10%     -    0s
     0     0 63527.4456    0   16 63592.0000 63527.4456  0.10%     -    0s
     0     0 63530.7126    0   16 63592.0000 63530.7126  0.10%     -    0s
     0     0 63532.2351    0   14 63592.0000 63532.2351  0.09%     -    0s
     0     0 63536.6560    0   15 63592.0000 63536.6560  0.09%     -    0s
     0     0 63536.6614    0   14 63592.0000 63536.6614  0.09%     -    0s
     0     0 63538.7895    0    1 63592.0000 63538.7895  0.08%     -    0s
H    0     0                    63561.000000 63538.7895  0.03%     -    0s
     0     0 63539.7237    0   10 63561.0000 63539.7237  0.03%     -    0s
*    0     0               0    63543.000000 63543.0000  0.00%     -    0s

Cutting planes:
  Implied bound: 372
  MIR: 104
  Flow cover: 185
  Relax-and-lift: 4

Explored 1 nodes (2117 simplex iterations) in 0.50 seconds (0.46 work units)
Thread count was 32 (of 32 available processors)

Solution count 10: 63543 63561 63592 ... 64950

Optimal solution found (tolerance 0.00e+00)
Best objective 6.354300000000e+04, best bound 6.354300000000e+04, gap 0.0000%
