
Gurobi 13.0.2 (win64) logging started Fri Jul 17 10:48:00 2026

Set parameter LogFile to value "logs/kstar_nI40_nJ40_nK100_nL10_tI2_tJ2_s4_m1_exact_s0_20260717-104800.gurobi.log"
Set parameter Seed to value 0
Set parameter TimeLimit to value 599.9295792
Set parameter MIPGap to value 0
Set parameter MIPGapAbs to value 0.5
Set parameter Cutoff to value 1e+100
Gurobi Optimizer version 13.0.2 build v13.0.2rc1 (win64 - Windows 11+.0 (26200.2))

CPU model: Intel(R) Core(TM) i9-14900HX, instruction set [SSE2|AVX|AVX2]
Thread count: 24 physical cores, 32 logical processors, using up to 32 threads

Non-default parameters:
TimeLimit  599.9295792
MIPGap  0
MIPGapAbs  0.5
PreCrush  1
LazyConstraints  1

Optimize a model with 20 rows, 90 columns and 800 nonzeros (Min)
Model fingerprint: 0xaf36a419
Model has 90 linear objective coefficients
Variable types: 10 continuous, 80 integer (80 binary)
Coefficient statistics:
  Matrix range     [3e+00, 1e+03]
  Objective range  [1e+00, 5e+02]
  Bounds range     [1e+00, 8e+03]
  RHS range        [1e+03, 1e+03]

Using branch priorities.
Presolve removed 16 rows and 0 columns
Presolve time: 0.00s
Presolved: 4 rows, 90 columns, 160 nonzeros
Variable types: 10 continuous, 80 integer (80 binary)

Root relaxation: objective 6.739200e+04, 7 iterations, 0.00 seconds (0.00 work units)

    Nodes    |    Current Node    |     Objective Bounds      |     Work
 Expl Unexpl |  Obj  Depth IntInf | Incumbent    BestBd   Gap | It/Node Time

     0     0 67392.0000    0    -          - 67392.0000      -     -    0s
     0     0 67416.4114    0    5          - 67416.4114      -     -    0s
     0     0 67426.1640    0    6          - 67426.1640      -     -    0s
H    0     0                    775582.00000 67427.7987  91.3%     -    0s
H    0     0                    608773.00000 67427.7987  88.9%     -    0s
H    0     0                    534610.00000 67427.7987  87.4%     -    0s
     0     0 67445.7261    0    9 534610.000 67445.7261  87.4%     -    0s
     0     0 67446.1269    0    9 534610.000 67446.1269  87.4%     -    0s
     0     2 67457.3616    0    8 534610.000 67457.3616  87.4%     -    1s
  2503  2479 67860.4017   26    3 534610.000 67499.0000  87.4%   2.3    5s
H 3000  2646                    447662.00000 67517.6392  84.9%   2.3    9s
H 3000  2514                    428255.00000 67517.6392  84.2%   2.3    9s
H 3006  2391                    394590.00000 67524.0566  82.9%   2.2    9s
  3007  2392 67683.1593   24   17 394590.000 67524.0566  82.9%   2.2   10s
  3299  2665 67706.4523   24    6 394590.000 67559.3020  82.9%   3.4   15s
  3527  2781 67674.5313   27   13 394590.000 67559.3020  82.9%   3.9   20s
  3827  2949 67979.2884   35    3 394590.000 67559.3020  82.9%   4.2   25s
  4189  3297 67748.3352   33   12 394590.000 67559.3020  82.9%   4.4   30s
  5137  3756 67828.4843   42   10 394590.000 67585.0148  82.9%   4.4   35s
  6086  4416 67875.9859   51    8 394590.000 67585.0148  82.9%   4.4   40s
  7168  4883 68286.3500   63    1 394590.000 67596.2570  82.9%   4.3   45s
  8667  5465 69990.0000   78    - 394590.000 67601.3551  82.9%   4.2   51s
  9676  6362 67821.0861   41   11 394590.000 67601.3551  82.9%   4.1   55s
 11275  7361 318706.000   93    - 394590.000 67609.2214  82.9%   3.9   62s
 11827  7670 78411.0000   79    - 394590.000 67623.1061  82.9%   3.9   65s
 13049  8958 68565.0031   63    5 394590.000 67625.1455  82.9%   3.8   70s
 14130  9730 68325.9352   44    1 394590.000 67630.8486  82.9%   3.8   75s
 15854 11332 68572.2336   59    5 394590.000 67630.8486  82.9%   3.7   80s
 16456 11492 230556.000   93    - 394590.000 67635.6826  82.9%   3.7   86s
 16491 11521 318970.000   94    - 394590.000 67639.6936  82.9%   3.7   91s
 16567 11574 67692.4070   33   12 394590.000 67639.6936  82.9%   3.7   95s
 16879 11982 68216.1985   80    1 394590.000 67639.6936  82.9%   3.7  100s
 17896 12826 68511.3049   58    4 394590.000 67644.6331  82.9%   3.7  106s
 18442 13290 68818.2896   58    2 394590.000 67647.3343  82.9%   3.7  110s
 19964 14347 68532.8558   38    2 394590.000 67647.3343  82.9%   3.6  117s
 20457 14876 68978.1666   58    4 394590.000 67647.3343  82.9%   3.6  120s
 21803 16200 68120.4972   26    1 394590.000 67657.7402  82.9%   3.6  126s
 22748 16979 68870.8548   69    2 394590.000 67657.7402  82.9%   3.6  130s
 23753 17720 67954.9716   31   14 394590.000 67657.7402  82.9%   3.5  135s
 25572 19392 67800.9848   25   11 394590.000 67675.6225  82.8%   3.5  142s
 26538 19511 73269.0000   92    9 394590.000 67679.1808  82.8%   3.5  158s
 26540 19512 68806.0821   69   22 394590.000 67679.1808  82.8%   3.5  162s
 26542 19514 68779.0000   64   22 394590.000 67679.1808  82.8%   3.5  165s
 26545 19516 67908.6496   35   23 394590.000 67679.1808  82.8%   3.5  170s
H26546 18540                    341326.00000 67679.1808  80.2%   3.5  176s
H26553 17617                    320358.00000 67679.1808  78.9%   3.4  182s
 26556 17619 67863.5103   33   26 320358.000 67679.1808  78.9%   3.4  187s
 26558 17620 69223.3381   66   24 320358.000 67679.1808  78.9%   3.4  192s
 26562 17623 67993.9823   48   24 320358.000 67679.1808  78.9%   3.4  196s
 26567 17631 67679.1808   30   22 320358.000 67679.1808  78.9%   3.5  200s
 26659 17828 67679.1808   35   19 320358.000 67679.1808  78.9%   3.5  206s
 26830 17838 67679.1808   37   18 320358.000 67679.1808  78.9%   3.7  213s
 26865 17965 67679.1808   38   17 320358.000 67679.1808  78.9%   3.7  215s
 27181 18096 67679.1808   40   20 320358.000 67679.1808  78.9%   3.8  221s
 27400 18265 67757.8882   41   17 320358.000 67679.1808  78.9%   3.9  226s
 27523 18297 67679.1808   42   19 320358.000 67679.1808  78.9%   3.9  231s
 27562 18362 67679.2786   43   20 320358.000 67679.1808  78.9%   3.9  235s
 27721 18517 67687.4949   44   19 320358.000 67679.1808  78.9%   4.0  241s
 28015 18731 67688.1835   45   18 320358.000 67679.1808  78.9%   4.0  247s
 28185 18852 67693.2685   46   20 320358.000 67679.1808  78.9%   4.0  250s
 28596 19014 67710.2122   47   19 320358.000 67679.1808  78.9%   4.0  255s
 28948 19183 67890.1033   48   15 320358.000 67679.1808  78.9%   4.1  261s
 29132 19309 67732.3126   49   21 320358.000 67679.1808  78.9%   4.1  265s
 29563 19564 67875.7771   51   17 320358.000 67679.1808  78.9%   4.2  272s
 29792 19669 67747.0373   51   20 320358.000 67679.1808  78.9%   4.2  275s
 30290 19942 67989.3604   53   16 320358.000 67679.1808  78.9%   4.2  280s
 30853 20229 68231.8771   56    8 320358.000 67679.1808  78.9%   4.2  286s
 31453 20355 140215.000  105    - 320358.000 67679.1808  78.9%   4.2  290s
 31814 20514 68454.0763   61    4 320358.000 67679.1808  78.9%   4.3  298s
 31849 20566 68214.0737   62   14 320358.000 67679.1808  78.9%   4.3  304s
 31917 20565 68063.1991   50   11 320358.000 67679.1808  78.9%   4.3  305s
 31969 20850 68341.7241   62    8 320358.000 67679.1808  78.9%   4.3  310s
 32375 21087 68656.4298   68    4 320358.000 67679.1808  78.9%   4.4  315s
 33099 21379 139534.000  103    - 320358.000 67679.1808  78.9%   4.4  320s
 34015 22197 81994.9180   99    1 320358.000 67679.1808  78.9%   4.4  328s
 34811 22376 67683.0833   41   22 320358.000 67679.1808  78.9%   4.4  334s
 34983 22367 69721.2102   95    3 320358.000 67679.1808  78.9%   4.4  335s
 35687 22813 69506.8155   98    4 320358.000 67679.1808  78.9%   4.4  340s
 36278 23070 69284.0301   82    2 320358.000 67679.1808  78.9%   4.4  346s
 36883 23383 71178.3979  102    1 320358.000 67679.1808  78.9%   4.4  352s
 37598 23904 68078.7522   48   10 320358.000 67679.1808  78.9%   4.5  358s
 38626 24228 69088.1314   88    1 320358.000 67683.5924  78.9%   4.4  365s
 39595 24614 68100.8166   43    9 320358.000 67683.5924  78.9%   4.4  372s
 40388 24550 68723.4313   85    3 320358.000 67683.5924  78.9%   4.4  379s
 40423 24850 68738.9151   86    4 320358.000 67683.5924  78.9%   4.4  387s
 40933 25209 67876.7702   40   14 320358.000 67683.5924  78.9%   4.4  396s
 41647 25712 67765.2455   43   26 320358.000 67683.5924  78.9%   4.4  404s
 42489 26023 67767.3653   46   23 320358.000 67683.5924  78.9%   4.5  412s
 43036 25947 68424.4309   70    5 320358.000 67683.5924  78.9%   4.5  415s
 43289 25954 67774.3270   49   18 320358.000 67683.5924  78.9%   4.5  422s
 43358 26356 67984.6621   49   15 320358.000 67683.5924  78.9%   4.5  432s
 43971 26630 67816.1381   53   20 320358.000 67683.5924  78.9%   4.5  441s
 44506 27071 67883.6311   55   20 320358.000 67708.2532  78.9%   4.6  449s
 44609 27051 71024.9284   99    3 320358.000 67708.2532  78.9%   4.6  450s
 45377 27563 67856.5898   59   19 320358.000 67708.2532  78.9%   4.6  457s
 46334 28029 68127.3759   64    9 320358.000 67708.2532  78.9%   4.6  468s
 46996 27941 70337.8942   93    2 320358.000 67708.2532  78.9%   4.7  470s
 47335 28414 68132.4218   73   10 320358.000 67708.2532  78.9%   4.7  478s
 48152 29149 69794.5827   90    4 320358.000 67724.2812  78.9%   4.7  487s
 49394 29768 67837.8649   45   19 320358.000 67724.2812  78.9%   4.7  497s
 50563 30089 68391.8251   57    2 320358.000 67733.3150  78.9%   4.7  506s
 51504 30946 68022.8838   44   22 320358.000 67733.3150  78.9%   4.7  515s
 52710 31622 68409.3596   73    6 320358.000 67733.3150  78.9%   4.8  524s
 53316 31523 68126.9598   55   15 320358.000 67747.5043  78.9%   4.8  526s
 54140 32302 67942.1008   48   18 320358.000 67747.5043  78.9%   4.8  534s
 55371 32201 67785.9134   42   21 320358.000 67748.0222  78.9%   4.8  545s
 55598 32881 67790.9983   43   22 320358.000 67763.5013  78.8%   4.8  557s
 56632 33677 67792.9280   44   20 320358.000 67763.5013  78.8%   4.8  570s
 58043 33493 68857.0000   74    - 320358.000 67763.5013  78.8%   4.8  585s
 58140 34471 68494.1360   63    7 320358.000 67763.5013  78.8%   4.8  599s
 58518 34409 68513.9721   55    2 320358.000 67763.5013  78.8%   4.8  600s

Cutting planes:
  MIR: 12
  Flow cover: 6

Explored 59636 nodes (285394 simplex iterations) in 603.64 seconds (217.27 work units)
Thread count was 32 (of 32 available processors)

Solution count 8: 320358 341326 394590 ... 775582

Time limit reached
Best objective 3.203580000000e+05, best bound 6.777382353727e+04, gap 78.8443%

User-callback calls 155574, time in user-callback 220.57 sec
