
Gurobi 13.0.2 (win64) logging started Thu Jul 16 22:04:20 2026

Set parameter LogFile to value "logs/kstar_nI40_nJ20_nK100_nL5_tI2_tJ2_s3_m1_exact_s0_20260716-220420.gurobi.log"
Set parameter Seed to value 0
Set parameter TimeLimit to value 599.9801746
Set parameter MIPGap to value 0
Set parameter MIPGapAbs to value 0.5
Set parameter Cutoff to value 1e+100
Gurobi Optimizer version 13.0.2 build v13.0.2rc1 (win64 - Windows 11+.0 (26200.2))

CPU model: Intel(R) Core(TM) i9-14900HX, instruction set [SSE2|AVX|AVX2]
Thread count: 24 physical cores, 32 logical processors, using up to 32 threads

Non-default parameters:
TimeLimit  599.9801746
MIPGap  0
MIPGapAbs  0.5
PreCrush  1
LazyConstraints  1

Optimize a model with 10 rows, 65 columns and 300 nonzeros (Min)
Model fingerprint: 0x97488521
Model has 65 linear objective coefficients
Variable types: 5 continuous, 60 integer (60 binary)
Coefficient statistics:
  Matrix range     [2e+00, 1e+03]
  Objective range  [1e+00, 5e+02]
  Bounds range     [1e+00, 1e+04]
  RHS range        [1e+03, 1e+03]

Using branch priorities.
Presolve removed 6 rows and 0 columns
Presolve time: 0.00s
Presolved: 4 rows, 65 columns, 120 nonzeros
Variable types: 5 continuous, 60 integer (60 binary)

Root relaxation: objective 5.103941e+04, 11 iterations, 0.00 seconds (0.00 work units)

    Nodes    |    Current Node    |     Objective Bounds      |     Work
 Expl Unexpl |  Obj  Depth IntInf | Incumbent    BestBd   Gap | It/Node Time

     0     0 51039.4052    0    4          - 51039.4052      -     -    0s
H    0     0                    447298.00000 51039.4052  88.6%     -    0s
H    0     0                    390915.00000 51039.4052  86.9%     -    0s
H    0     0                    316565.00000 51039.4052  83.9%     -    0s
H    0     0                    283167.00000 51039.4052  82.0%     -    0s
H    0     0                    255797.00000 51039.4052  80.0%     -    0s
     0     0 51061.9985    0    8 255797.000 51061.9985  80.0%     -    0s
     0     0 51062.3435    0    8 255797.000 51062.3435  80.0%     -    0s
H    0     0                    164835.00000 51062.7814  69.0%     -    0s
     0     2 51127.2254    0   12 164835.000 51127.2254  69.0%     -    0s
H 3590  2861                    150164.00000 51214.7545  65.9%   2.6    4s
  3597  2866 52305.0000   36   21 150164.000 51214.7545  65.9%   2.6    5s
H 3600  2724                    136593.00000 51214.7545  62.5%   2.6    5s
  4733  3551 51579.2439   25   11 136593.000 51279.5963  62.5%   4.1   10s
  7639  4932 106645.335   60    2 136593.000 51321.7827  62.4%   4.0   15s
 10135  6166 52840.8446   38    4 136593.000 51358.2166  62.4%   4.0   20s
 11576  6805 51910.1427   36   11 136593.000 51398.2199  62.4%   4.0   25s
 14051  9058 51843.0794   22    7 136593.000 51403.9807  62.4%   4.0   30s
 16987 11180 53339.1649   60    2 136593.000 51430.7998  62.3%   4.0   35s
 18541 12281 51957.4271   38    3 136593.000 51430.7998  62.3%   4.0   40s
 20377 14004 51856.3319   19    5 136593.000 51468.5346  62.3%   3.9   46s
 22710 15897 51798.2737   26    8 136593.000 51484.1546  62.3%   3.8   51s
 25833 18458 51734.3684   22    8 136593.000 51504.7999  62.3%   3.8   56s
 27902 20108 61857.7009   68    1 136593.000 51505.9864  62.3%   3.8   60s
 30339 22204 52151.9970   32    4 136593.000 51518.9982  62.3%   3.8   65s
 32980 24246 61336.9109   54    2 136593.000 51528.4117  62.3%   3.8   70s
 36044 26805 51899.3839   26   12 136593.000 51545.1251  62.3%   3.7   76s
 39489 29706 51810.4673   30    8 136593.000 51555.0472  62.3%   3.7   81s
 41468 30985 52632.7122   32    4 136593.000 51563.7304  62.3%   3.7   87s
 42743 32006 53251.2810   57    2 136593.000 51563.7304  62.3%   3.7   91s
 43930 32861 52955.0764   53    3 136593.000 51565.6465  62.2%   3.7   95s
 45784 33947 51899.1290   27    9 136593.000 51565.6465  62.2%   3.7  100s
 47876 36535 55742.9338   52    2 136593.000 51578.7707  62.2%   3.7  108s
 49580 37311 52508.5418   42    3 136593.000 51582.7557  62.2%   3.7  112s
 50297 38291 51978.2193   23    6 136593.000 51583.1330  62.2%   3.7  116s
 51618 39189 52289.7131   30   10 136593.000 51585.2808  62.2%   3.7  120s
 54000 40682 52324.0453   33    5 136593.000 51591.3661  62.2%   3.7  125s
 55662 42049 52325.4496   34    5 136593.000 51593.3206  62.2%   3.7  130s
 58289 45253 53006.1554   56    1 136593.000 51602.3150  62.2%   3.7  140s
 60481 46937 52391.7689   40    2 136593.000 51610.1751  62.2%   3.7  145s
 62407 48797 52183.1735   56    1 136593.000 51613.3667  62.2%   3.7  151s
 64922 49283 52564.0209   51    8 136593.000 51617.8325  62.2%   3.7  171s
 64926 49286 52271.0000   33   22 136593.000 51617.8325  62.2%   3.7  176s
 64932 49290 52466.0000   52   25 136593.000 51617.8325  62.2%   3.7  180s
H64932 46825                    133050.00000 51617.8325  61.2%   3.7  182s
 64937 46828 52258.0000   33   22 133050.000 51617.8325  61.2%   3.7  185s
 64946 46834 59776.0000   59   27 133050.000 51617.8325  61.2%   3.7  191s
 64951 46837 52704.8402   49   27 133050.000 51617.8325  61.2%   3.7  195s
H64951 44494                    127242.00000 51617.8325  59.4%   3.7  197s
 64955 44497 53101.0000   58   27 127242.000 51617.8325  59.4%   3.7  200s
 64961 44501 51835.0453   28   28 127242.000 51617.8325  59.4%   3.7  206s
 64993 44555 51617.8325   29   24 127242.000 51617.8325  59.4%   3.7  210s
 65214 44709 51693.9523   32   19 127242.000 51617.8325  59.4%   3.7  218s
 65399 44919 51617.8325   33   14 127242.000 51617.8325  59.4%   3.8  220s
 65830 45112 51832.9425   36   15 127242.000 51617.8325  59.4%   3.8  225s
 66091 45324 52631.6548   47    7 127242.000 51617.8325  59.4%   3.8  230s
 66829 45689 52109.8495   43   10 127242.000 51617.8325  59.4%   3.8  235s
 67639 46228 52790.5314   49    5 127242.000 51617.8325  59.4%   3.8  241s
 68627 46616 55582.0000   58    - 127242.000 51617.8325  59.4%   3.8  245s
 69513 47192 55919.0000   72    - 127242.000 51617.8325  59.4%   3.8  250s
 70768 47875 53234.4815   60    2 127242.000 51621.9662  59.4%   3.8  255s
 72359 48608 52747.0300   70    1 127242.000 51634.2779  59.4%   3.8  260s
 73871 49405 66176.9013   73    3 127242.000 51634.2779  59.4%   3.8  265s
 75357 49712 52903.3471   77    1 127242.000 51670.4035  59.4%   3.8  271s
 75438 50193 52215.2534   40    7 127242.000 51670.4035  59.4%   3.9  275s
 77097 51295 52407.7650   49    2 127242.000 51670.4035  59.4%   3.9  283s
 78272 51556 52124.4039   41   12 127242.000 51670.4035  59.4%   3.9  286s
 78976 51901 52698.6495   51    3 127242.000 51670.4035  59.4%   3.9  293s
 79863 52310 53456.6580   71    2 127242.000 51670.4035  59.4%   3.9  298s
 80770 52880 52014.0911   41   16 127242.000 51670.4035  59.4%   3.9  302s
 81792 53677 55777.0000   68    - 127242.000 51739.7085  59.3%   3.9  305s
 84703 54990 52549.9300   48    6 127242.000 51756.2385  59.3%   3.9  314s
 86139 55815 52418.1568   44    4 127242.000 51759.8065  59.3%   3.9  318s
 87631 55625 52371.5189   46    3 127242.000 51761.2249  59.3%   3.9  322s
 87743 56173 52530.4492   47    2 127242.000 51761.2249  59.3%   3.9  327s
 88631 56759 52539.2498   48    1 127242.000 51775.3010  59.3%   3.9  332s
 89750 57489 51924.6353   39   17 127242.000 51775.3010  59.3%   3.8  336s
 91328 57332 51984.8257   33   13 127242.000 51787.7062  59.3%   3.8  341s
 91360 58045 51991.6440   34   13 127242.000 51792.4956  59.3%   3.8  346s
 92328 58700 52141.8846   41   12 127242.000 51792.4956  59.3%   3.8  352s
 93645 59576 53428.4436   71    1 127242.000 51793.1518  59.3%   3.8  358s
 95327 60486 52063.6992   36   10 127242.000 51803.4512  59.3%   3.8  365s
 97167 61158 52059.6408   41   16 127242.000 51810.6184  59.3%   3.8  371s
 98738 61817 53285.9001   52    2 127242.000 51816.3210  59.3%   3.9  378s
 100571 63137 52465.2464   47   16 127242.000 51818.1415  59.3%   3.8  385s
 102930 64351 53233.1735   59    2 127242.000 51826.3517  59.3%   3.8  393s
 105504 65364 51975.2839   36   13 127242.000 51834.3539  59.3%   3.8  400s
 107623 65183 51944.0721   43   17 127242.000 51835.9217  59.3%   3.8  407s
 107840 66535 52003.8715   44   16 127242.000 51835.9217  59.3%   3.8  416s
 110074 68091 52521.7783   56    7 127242.000 51848.4454  59.3%   3.8  424s
 112694 69102 52438.1110   50    6 127242.000 51851.5873  59.2%   3.8  432s
 114839 70418 54058.0891   72    2 127242.000 51865.3464  59.2%   3.8  441s
 117512 72088 52541.0127   63    9 127242.000 51870.9761  59.2%   3.8  450s
 120458 73450 52661.5464   48    8 127242.000 51871.0529  59.2%   3.9  461s
 123316 74665 52149.3520   39    9 127242.000 51882.9755  59.2%   3.8  470s
 126013 74643 52906.3628   46    2 127242.000 51890.1719  59.2%   3.9  478s
 126771 76352 52368.7598   36   10 127242.000 51890.1719  59.2%   3.9  488s
 129817 77653 52324.2029   44    5 127242.000 51893.5746  59.2%   3.8  499s
 132388 78771 52446.1052   38    5 127242.000 51901.7951  59.2%   3.9  511s
 135701 80802 54200.8313   68    1 127242.000 51907.1027  59.2%   3.8  523s
 138988 82577 52660.5047   49    5 127242.000 51915.8951  59.2%   3.9  535s
 142507 82204 52258.1825   36   14 127242.000 51924.4374  59.2%   3.9  546s
 142811 83669 52303.0753   37   15 127242.000 51924.4374  59.2%   3.9  559s
 145081 85192 52366.3641   37   11 127242.000 51924.9456  59.2%   3.9  572s
 147947 86857 52263.5859   48   16 127242.000 51928.0465  59.2%   3.9  587s
 151157 88650 52487.0145   40    6 127242.000 51935.2475  59.2%   3.9  600s

Cutting planes:
  MIR: 12
  StrongCG: 1
  Flow cover: 7

Explored 154655 nodes (599177 simplex iterations) in 602.74 seconds (237.60 work units)
Thread count was 32 (of 32 available processors)

Solution count 10: 127242 133050 136593 ... 447298

Time limit reached
Best objective 1.272420000000e+05, best bound 5.194128327549e+04, gap 59.1791%

User-callback calls 330422, time in user-callback 80.11 sec
