
Gurobi 13.0.2 (win64) logging started Wed Jul 15 20:56:58 2026

Set parameter LogFile to value "logs/kstar_nI40_nJ40_nK50_nL5_tI5_tJ5_s5_m0_exact_s0_20260715-205658.gurobi.log"
Set parameter Seed to value 0
Set parameter TimeLimit to value 599.9769213
Set parameter NodefileStart to value 4
Set parameter MIPGap to value 0
Set parameter MIPGapAbs to value 0.9999
Set parameter Cutoff to value 1e+100
Gurobi Optimizer version 13.0.2 build v13.0.2rc1 (win64 - Windows 11+.0 (26200.2))

CPU model: Intel(R) Core(TM) i9-14900HX, instruction set [SSE2|AVX|AVX2]
Thread count: 24 physical cores, 32 logical processors, using up to 32 threads

Non-default parameters:
TimeLimit  599.9769213
MIPGap  0
MIPGapAbs  0.9999
NodefileStart  4

Optimize a model with 850 rows, 18080 columns and 46400 nonzeros (Min)
Model fingerprint: 0x886a4c45
Model has 18080 linear objective coefficients
Variable types: 18000 continuous, 80 integer (80 binary)
Coefficient statistics:
  Matrix range     [1e+00, 7e+02]
  Objective range  [1e+00, 5e+02]
  Bounds range     [1e+00, 1e+00]
  RHS range        [5e+00, 2e+01]

Using branch priorities.
Found heuristic solution: objective 328086.00000
Presolve time: 0.03s
Presolved: 850 rows, 18080 columns, 46400 nonzeros
Variable types: 18000 continuous, 80 integer (80 binary)

Root relaxation: objective 2.049696e+04, 825 iterations, 0.00 seconds (0.01 work units)

    Nodes    |    Current Node    |     Objective Bounds      |     Work
 Expl Unexpl |  Obj  Depth IntInf | Incumbent    BestBd   Gap | It/Node Time

     0     0 20496.9618    0   77 328086.000 20496.9618  93.8%     -    0s
H    0     0                    39660.410800 20496.9618  48.3%     -    0s
H    0     0                    38740.000000 20496.9618  47.1%     -    0s
H    0     0                    38634.984068 20496.9618  46.9%     -    0s
     0     0 25647.9113    0   67 38634.9841 25647.9113  33.6%     -    0s
H    0     0                    36560.000000 25662.2378  29.8%     -    0s
H    0     0                    36411.000000 25662.2378  29.5%     -    0s
H    0     0                    36238.000000 25662.2378  29.2%     -    0s
H    0     0                    36191.000000 25662.2378  29.1%     -    0s
     0     0 25781.9832    0   66 36191.0000 25781.9832  28.8%     -    0s
     0     0 25791.5709    0   68 36191.0000 25791.5709  28.7%     -    0s
     0     0 25794.0035    0   68 36191.0000 25794.0035  28.7%     -    0s
     0     0 25794.4258    0   68 36191.0000 25794.4258  28.7%     -    0s
H    0     0                    35754.000000 27591.5285  22.8%     -    0s
H    0     0                    35206.000000 27591.5285  21.6%     -    0s
H    0     0                    34440.000000 27591.5285  19.9%     -    0s
     0     0 27591.5285    0   66 34440.0000 27591.5285  19.9%     -    0s
H    0     0                    34375.000000 27592.2823  19.7%     -    0s
H    0     0                    33037.000000 27592.2823  16.5%     -    0s
H    0     0                    33013.000000 27592.2823  16.4%     -    0s
H    0     0                    32948.000000 27592.2823  16.3%     -    0s
H    0     0                    32899.000000 27592.2823  16.1%     -    0s
H    0     0                    32883.000000 27592.2823  16.1%     -    0s
H    0     0                    32835.000000 27592.2823  16.0%     -    0s
     0     0 27898.0040    0   71 32835.0000 27898.0040  15.0%     -    0s
     0     0 28022.4565    0   72 32835.0000 28022.4565  14.7%     -    0s
     0     0 28028.2171    0   72 32835.0000 28028.2171  14.6%     -    0s
     0     0 28029.7170    0   72 32835.0000 28029.7170  14.6%     -    0s
     0     0 28900.7579    0   67 32835.0000 28900.7579  12.0%     -    0s
H    0     0                    31944.000000 28904.5181  9.52%     -    0s
H    0     0                    31848.000000 28904.5181  9.24%     -    0s
H    0     0                    31791.000000 28904.5181  9.08%     -    0s
H    0     0                    31788.000000 28904.5181  9.07%     -    0s
H    0     0                    31772.000000 28904.5181  9.03%     -    0s
H    0     0                    31745.000000 28904.5181  8.95%     -    0s
H    0     0                    31625.000000 29181.7332  7.73%     -    0s
     0     0 29181.7332    0   70 31625.0000 29181.7332  7.73%     -    0s
     0     0 29268.6329    0   72 31625.0000 29268.6329  7.45%     -    0s
     0     0 29299.4182    0   71 31625.0000 29299.4182  7.35%     -    1s
     0     0 29306.9684    0   72 31625.0000 29306.9684  7.33%     -    1s
     0     0 29312.2585    0   72 31625.0000 29312.2585  7.31%     -    1s
     0     0 29445.2950    0   70 31625.0000 29445.2950  6.89%     -    1s
     0     0 29493.9371    0   71 31625.0000 29493.9371  6.74%     -    1s
     0     0 29523.8158    0   72 31625.0000 29523.8158  6.64%     -    1s
     0     0 29538.6135    0   72 31625.0000 29538.6135  6.60%     -    1s
     0     0 29540.4742    0   72 31625.0000 29540.4742  6.59%     -    1s
     0     0 29597.4331    0   72 31625.0000 29597.4331  6.41%     -    1s
     0     0 29610.6512    0   70 31625.0000 29610.6512  6.37%     -    1s
     0     0 29616.1390    0   71 31625.0000 29616.1390  6.35%     -    1s
     0     0 29643.2113    0   68 31625.0000 29643.2113  6.27%     -    1s
     0     0 29643.8113    0   68 31625.0000 29643.8113  6.26%     -    1s
     0     0 29643.8113    0   68 31625.0000 29643.8113  6.26%     -    1s
     0     0 29643.8113    0   68 31625.0000 29643.8113  6.26%     -    1s
     0     2 29643.9610    0   68 31625.0000 29643.9610  6.26%     -    1s
H  227   286                    30893.000000 29867.4642  3.32%   191    2s
H  240   286                    30571.000000 29867.4642  2.30%   188    2s
H  522   506                    30350.000000 29867.4642  1.59%   121    2s
*  728   553              26    30343.000000 29987.4753  1.17%   108    2s
*  794   567              33    30327.000000 30003.4132  1.07%   106    2s
H 1351   534                    30324.000000 30153.3442  0.56%   101    3s
* 1754   340              16    30323.000000 30214.8781  0.36%  95.4    3s
* 1846    82              25    30293.000000 30214.8781  0.26%  92.4    4s

Cutting planes:
  Implied bound: 390
  MIR: 325
  Flow cover: 532
  Relax-and-lift: 24

Explored 2225 nodes (180237 simplex iterations) in 4.21 seconds (7.19 work units)
Thread count was 32 (of 32 available processors)

Solution count 10: 30293 30323 30324 ... 31745

Optimal solution found (tolerance 0.00e+00)
Best objective 3.029300000000e+04, best bound 3.029300000000e+04, gap 0.0000%
