
Gurobi 13.0.2 (win64) logging started Sat Jul 11 05:54:19 2026

Set parameter LogFile to value "logs/kstar_nI20_nJ20_nK50_nL10_tI2_tJ2_s5_m1_exact_s0_20260711-055419.gurobi.log"
Set parameter Seed to value 0
Set parameter TimeLimit to value 599.9802604
Set parameter MIPGap to value 0
Set parameter MIPGapAbs to value 0.5
Set parameter Cutoff to value 1e+100
Gurobi Optimizer version 13.0.2 build v13.0.2rc1 (win64 - Windows 11+.0 (26200.2))

CPU model: Intel(R) Core(TM) i9-14900HX, instruction set [SSE2|AVX|AVX2]
Thread count: 24 physical cores, 32 logical processors, using up to 32 threads

Non-default parameters:
TimeLimit  599.9802604
MIPGap  0
MIPGapAbs  0.5
PreCrush  1
LazyConstraints  1

Optimize a model with 20 rows, 50 columns and 400 nonzeros (Min)
Model fingerprint: 0xfecd9d48
Model has 50 linear objective coefficients
Variable types: 10 continuous, 40 integer (40 binary)
Coefficient statistics:
  Matrix range     [9e+00, 7e+02]
  Objective range  [1e+00, 5e+02]
  Bounds range     [1e+00, 6e+03]
  RHS range        [6e+02, 7e+02]

Using branch priorities.
Presolve removed 16 rows and 0 columns
Presolve time: 0.02s
Presolved: 4 rows, 50 columns, 80 nonzeros
Variable types: 10 continuous, 40 integer (40 binary)

Root relaxation: objective 5.498800e+04, 6 iterations, 0.00 seconds (0.00 work units)

    Nodes    |    Current Node    |     Objective Bounds      |     Work
 Expl Unexpl |  Obj  Depth IntInf | Incumbent    BestBd   Gap | It/Node Time

     0     0 54988.0000    0    -          - 54988.0000      -     -    0s
     0     0 55001.8786    0    4          - 55001.8786      -     -    0s
H    0     0                    438825.00000 55001.8786  87.5%     -    0s
H    0     0                    431744.00000 55001.8786  87.3%     -    0s
H    0     0                    419710.00000 55001.8786  86.9%     -    0s
H    0     0                    361934.00000 55001.8786  84.8%     -    0s
H    0     0                    325459.00000 55001.8786  83.1%     -    0s
     0     0 55034.0801    0    8 325459.000 55034.0801  83.1%     -    0s
     0     0 55059.5798    0    8 325459.000 55059.5798  83.1%     -    0s
     0     0 55068.0757    0   11 325459.000 55068.0757  83.1%     -    0s
     0     0 55086.7909    0   11 325459.000 55086.7909  83.1%     -    0s
     0     0 55100.9677    0   12 325459.000 55100.9677  83.1%     -    0s
     0     0 55106.5021    0   14 325459.000 55106.5021  83.1%     -    0s
     0     0 55114.1640    0   12 325459.000 55114.1640  83.1%     -    0s
     0     0 55124.4120    0   13 325459.000 55124.4120  83.1%     -    0s
     0     0 55138.3783    0   12 325459.000 55138.3783  83.1%     -    0s
     0     0 55139.9489    0   14 325459.000 55139.9489  83.1%     -    0s
     0     0 55148.6441    0   13 325459.000 55148.6441  83.1%     -    0s
     0     0 55157.2631    0   14 325459.000 55157.2631  83.1%     -    0s
     0     0 55162.1686    0   15 325459.000 55162.1686  83.1%     -    0s
     0     0 55169.0396    0   16 325459.000 55169.0396  83.0%     -    0s
     0     0 55181.1139    0   15 325459.000 55181.1139  83.0%     -    0s
     0     0 55186.6353    0   14 325459.000 55186.6353  83.0%     -    0s
     0     0 55207.7650    0   15 325459.000 55207.7650  83.0%     -    0s
     0     0 55222.5903    0   15 325459.000 55222.5903  83.0%     -    0s
     0     0 55223.5687    0   17 325459.000 55223.5687  83.0%     -    0s
     0     0 55224.0666    0   17 325459.000 55224.0666  83.0%     -    0s
     0     0 55225.0024    0   19 325459.000 55225.0024  83.0%     -    0s
     0     0 55225.5227    0   19 325459.000 55225.5227  83.0%     -    0s
     0     2 55226.0722    0   19 325459.000 55226.0722  83.0%     -    0s
H 4034  2989                    255043.00000 55336.6322  78.3%   3.1    3s
  4038  2991 56468.0000   33   23 255043.000 55336.6322  78.3%   3.1    5s
H 4038  2841                    201251.00000 55336.6322  72.5%   3.1    5s
H 4043  2703                    190929.00000 55336.6322  71.0%   3.1    6s
H 4052  2573                    168684.00000 55336.6322  67.2%   3.0    8s
H 4053  2575                    166028.00000 55336.6322  66.7%   3.1    8s
  4148  2795 55368.7138   19   19 166028.000 55336.6322  66.7%   3.7   10s
  5443  3437 56230.9118   33    4 166028.000 55365.9408  66.7%   5.3   15s
  6861  4139 56131.3139   28   11 166028.000 55424.4411  66.6%   5.7   20s
  8585  4970 63197.0000   51    - 166028.000 55448.2709  66.6%   5.8   25s
 10982  5941 56443.3756   38    5 166028.000 55508.0237  66.6%   6.0   30s
 11253  6179 55737.3858   27   17 166028.000 55508.0237  66.6%   6.1   35s
 11536  6285 56523.6018   31    7 166028.000 55516.2861  66.6%   6.2   40s
 11992  6626 57149.8185   34    4 166028.000 55516.2861  66.6%   6.2   46s
 12760  7261 57422.9167   37    2 166028.000 55516.2861  66.6%   6.2   51s
 13734  8102 57896.0664   40    2 166028.000 55539.4607  66.5%   6.3   55s
 14741  8831 58340.2947   42    1 166028.000 55539.4607  66.5%   6.3   60s
 16747 10551 55801.2157   22   18 166028.000 55558.0756  66.5%   6.5   65s
 17389 10927 56090.3517   35   11 166028.000 55576.2433  66.5%   6.5   71s
 17814 11294 56320.2755   27   10 166028.000 55576.2433  66.5%   6.5   75s
 18450 11890 56807.9123   36    4 166028.000 55576.2433  66.5%   6.5   80s
 19902 13152 56357.4928   35   14 166028.000 55595.9463  66.5%   6.6   85s
 21435 14268 56553.7564   30   11 166028.000 55600.5119  66.5%   6.6   90s
 23443 15990 57307.4716   45    1 166028.000 55612.0314  66.5%   6.6   96s
 24948 17178 55877.0358   33   14 166028.000 55649.3137  66.5%   6.6  101s
 26767 18576 57472.0000   45    - 166028.000 55649.3137  66.5%   6.6  108s
 27550 19197 55983.7517   31   19 166028.000 55661.7117  66.5%   6.6  110s
 29266 20655 55897.5379   23   22 166028.000 55683.1404  66.5%   6.6  117s
 30346 21250 56299.6313   29   14 166028.000 55683.1404  66.5%   6.6  122s
 31582 22409 56565.3264   36    9 166028.000 55695.8229  66.5%   6.6  126s
 32773 23291 57740.3704   44    2 166028.000 55696.0797  66.5%   6.6  131s
 33844 23576 56360.7184   32   13 166028.000 55700.7114  66.5%   6.6  138s
 33953 23761 56416.8347   33   12 166028.000 55700.7114  66.5%   6.6  144s
 34293 24073 56514.7482   34   13 166028.000 55700.7114  66.5%   6.6  150s
 34658 24486 57396.7485   39    2 166028.000 55707.3534  66.4%   6.6  157s
 35243 24903 56958.7705   42    3 166028.000 55708.4001  66.4%   6.6  164s
 35805 25351 56965.1067   43    5 166028.000 55711.9780  66.4%   6.6  171s
 36522 25817 55962.1227   22   19 166028.000 55713.6545  66.4%   6.6  178s
 36921 26207 57763.0000   51    - 166028.000 55713.6545  66.4%   6.6  184s
 37181 26255 56389.9404   37   11 166028.000 55714.2777  66.4%   6.6  185s
 37452 26385 56303.8533   36   13 166028.000 55715.3994  66.4%   6.6  191s
 37570 26643 56448.8494   37   10 166028.000 55715.3994  66.4%   6.7  198s
 38022 27065 56035.1593   23   18 166028.000 55718.6869  66.4%   6.7  206s
 38532 27566 56491.9410   35   12 166028.000 55722.7711  66.4%   6.7  214s
 39255 28258 56186.3801   27   18 166028.000 55725.4763  66.4%   6.7  224s
 40127 29161 56893.2900   34   10 166028.000 55731.7965  66.4%   6.7  233s
 41526 30115 55923.9180   22   20 166028.000 55733.8654  66.4%   6.7  244s
 42058 30243 55993.8099   32   17 166028.000 55736.1260  66.4%   6.7  245s
 42801 31299 56111.3043   32   15 166028.000 55737.8321  66.4%   6.6  255s
 44380 32736 56500.0883   31   11 166028.000 55742.7487  66.4%   6.7  266s
 46176 34071 56007.6090   22   18 166028.000 55751.3082  66.4%   6.7  277s
 48001 35522 57293.4934   44    3 166028.000 55761.5260  66.4%   6.7  288s
 50451 37424 56947.4830   39    6 166028.000 55767.6256  66.4%   6.7  298s
 52428 37818 56712.0981   36   19 166028.000 55774.9201  66.4%   6.7  354s
H52429 35928                    146242.00000 55774.9201  61.9%   6.7  359s
 52430 35928 57357.0000   42   31 146242.000 55774.9201  61.9%   6.7  360s
 52431 35929 56722.6727   32   32 146242.000 55774.9201  61.9%   6.7  367s
H52431 34132                    136182.00000 55774.9201  59.0%   6.7  373s
 52435 34135 57724.0000   50   34 136182.000 55774.9201  59.0%   6.7  378s
H52435 32428                    129759.00000 55774.9201  57.0%   6.7  383s
 52439 32430 56564.3709   36   32 129759.000 55774.9201  57.0%   6.7  388s
 52440 32431 56800.6951   38   32 129759.000 55774.9201  57.0%   6.7  393s
 52443 32433 56300.8497   32   32 129759.000 55774.9201  57.0%   6.7  398s
H52443 30811                    125718.00000 55774.9201  55.6%   6.7  403s
H52444 30812                    122482.00000 55774.9201  54.5%   6.7  403s
 52445 30812 59121.0000   51   33 122482.000 55774.9201  54.5%   6.7  407s
 52446 30813 57331.0000   43   32 122482.000 55774.9201  54.5%   6.7  413s
 52447 30814 65801.0000   50   34 122482.000 55774.9201  54.5%   6.7  417s
 52448 30814 56294.4914   30   33 122482.000 55774.9201  54.5%   6.7  422s
 52449 30815 57719.0000   51   33 122482.000 55774.9201  54.5%   6.7  428s
H52449 29274                    117961.00000 55774.9201  52.7%   6.7  428s
 52451 29278 55774.9201   22   31 117961.000 55774.9201  52.7%   6.7  430s
 52465 29302 55774.9201   25   30 117961.000 55774.9201  52.7%   6.7  435s
 52513 29350 55774.9201   27   27 117961.000 55774.9201  52.7%   6.8  441s
 52668 29563 55845.0663   29   25 117961.000 55774.9201  52.7%   6.8  447s
 52944 29640 56034.4871   31   20 117961.000 55774.9201  52.7%   6.9  452s
 52980 29694 56259.4761   31   22 117961.000 55774.9201  52.7%   6.9  456s
 53165 29856 56150.1391   32   18 117961.000 55774.9201  52.7%   7.0  461s
 53470 29917 67167.0000   58    - 117961.000 55774.9201  52.7%   7.0  465s
 53689 30072 56532.8683   35   15 117961.000 55774.9201  52.7%   7.0  470s
 54062 30299 56936.7806   37   13 117961.000 55774.9201  52.7%   7.0  475s
 54464 30430 57202.9441   40    9 117961.000 55774.9201  52.7%   7.0  482s
 54504 30467 57313.9812   41    9 117961.000 55774.9201  52.7%   7.1  487s
 54601 30488 57397.2144   41    8 117961.000 55774.9201  52.7%   7.1  491s
 54638 30555 57315.6983   42    9 117961.000 55774.9201  52.7%   7.1  496s
 54967 30792 57685.5667   47    6 117961.000 55774.9201  52.7%   7.1  501s
 55469 31027 62185.6912   55    1 117961.000 55774.9201  52.7%   7.1  505s
 56212 31542 56591.9508   41   12 117961.000 55801.7124  52.7%   7.1  512s
 56675 31729 71412.0000   60    - 117961.000 55827.5553  52.7%   7.2  515s
 57563 32251 56808.7875   41   11 117961.000 55844.7717  52.7%   7.2  523s
 58082 32538 56273.6407   30   17 117961.000 55844.7717  52.7%   7.2  527s
 58657 32808 57519.1152   50    2 117961.000 55866.2944  52.6%   7.3  531s
 59196 33093 56422.3366   39   18 117961.000 55866.2944  52.6%   7.3  535s
 59731 33352 106496.474   57    1 117961.000 55868.1061  52.6%   7.3  540s
 61055 33915 56413.2095   37   20 117961.000 55868.1061  52.6%   7.4  549s
 61691 34174 56012.0284   34   23 117961.000 55886.3827  52.6%   7.4  554s
 62213 34406 56930.8567   40    7 117961.000 55886.3827  52.6%   7.4  559s
 63109 34427 69651.0000   59    - 117961.000 55887.0717  52.6%   7.4  566s
 63200 34456 56408.3801   37   20 117961.000 55887.0717  52.6%   7.4  574s
 63316 34922 56513.7657   38   20 117961.000 55925.5439  52.6%   7.4  581s
 64001 35193 56124.1529   30   25 117961.000 55989.9470  52.5%   7.4  587s
 64603 35568 57502.6905   48    1 117961.000 55994.4617  52.5%   7.4  595s
 65361 35939 56536.3598   37   16 117961.000 55996.1152  52.5%   7.4  600s

Cutting planes:
  MIR: 20
  Flow cover: 7

Explored 65994 nodes (492650 simplex iterations) in 601.10 seconds (268.32 work units)
Thread count was 32 (of 32 available processors)

Solution count 10: 117961 122482 125718 ... 255043

Time limit reached
Best objective 1.179610000000e+05, best bound 5.599611519597e+04, gap 52.5300%

User-callback calls 150682, time in user-callback 50.31 sec
