
Gurobi 13.0.2 (win64) logging started Thu Jul 16 14:32:19 2026

Set parameter LogFile to value "logs/kstar_nI20_nJ40_nK50_nL5_tI3_tJ3_s3_m1_exact_s0_20260716-143219.gurobi.log"
Set parameter Seed to value 0
Set parameter TimeLimit to value 599.980763
Set parameter MIPGap to value 0
Set parameter MIPGapAbs to value 0.5
Set parameter Cutoff to value 1e+100
Gurobi Optimizer version 13.0.2 build v13.0.2rc1 (win64 - Windows 11+.0 (26200.2))

CPU model: Intel(R) Core(TM) i9-14900HX, instruction set [SSE2|AVX|AVX2]
Thread count: 24 physical cores, 32 logical processors, using up to 32 threads

Non-default parameters:
TimeLimit  599.980763
MIPGap  0
MIPGapAbs  0.5
PreCrush  1
LazyConstraints  1

Optimize a model with 10 rows, 65 columns and 300 nonzeros (Min)
Model fingerprint: 0x896091c0
Model has 65 linear objective coefficients
Variable types: 5 continuous, 60 integer (60 binary)
Coefficient statistics:
  Matrix range     [5e+00, 6e+02]
  Objective range  [1e+00, 5e+02]
  Bounds range     [1e+00, 4e+03]
  RHS range        [6e+02, 7e+02]

Using branch priorities.
Presolve removed 5 rows and 0 columns
Presolve time: 0.00s
Presolved: 5 rows, 65 columns, 160 nonzeros
Variable types: 5 continuous, 60 integer (60 binary)

Root relaxation: objective 2.093032e+04, 5 iterations, 0.00 seconds (0.00 work units)

    Nodes    |    Current Node    |     Objective Bounds      |     Work
 Expl Unexpl |  Obj  Depth IntInf | Incumbent    BestBd   Gap | It/Node Time

     0     0 20930.3232    0    3          - 20930.3232      -     -    0s
H    0     0                    146392.00000 20930.3232  85.7%     -    0s
H    0     0                    132965.00000 20930.3232  84.3%     -    0s
H    0     0                    126919.00000 20930.3232  83.5%     -    0s
H    0     0                    104878.00000 20930.3232  80.0%     -    0s
H    0     0                    92428.000000 20930.3232  77.4%     -    0s
     0     0 21164.8822    0    8 92428.0000 21164.8822  77.1%     -    0s
     0     0 21240.6085    0   10 92428.0000 21240.6085  77.0%     -    0s
     0     0 21289.2277    0   15 92428.0000 21289.2277  77.0%     -    0s
     0     0 21291.9964    0   15 92428.0000 21291.9964  77.0%     -    0s
     0     2 21291.9964    0   16 92428.0000 21291.9964  77.0%     -    0s
H 3013  2615                    85894.000000 21397.3513  75.1%   2.9    2s
  3304  2846 21616.2946   22   16 85894.0000 21411.0054  75.1%   4.0    5s
  6720  4894 22091.9244   37    9 85894.0000 21442.5177  75.0%   4.7   10s
 11466  7388 23043.0627   45    2 85894.0000 21510.4580  75.0%   4.5   15s
 13984  9339 22199.8959   34   11 85894.0000 21548.7244  74.9%   4.6   20s
 14827 10124 21949.7394   20   16 85894.0000 21579.0067  74.9%   4.6   25s
 16301 11459 21787.9288   19   20 85894.0000 21587.7376  74.9%   4.7   30s
 18888 13706 22753.5601   52    5 85894.0000 21614.5759  74.8%   4.7   35s
 20289 14849 22772.1394   36    1 85894.0000 21616.0917  74.8%   4.7   40s
 22023 16506 22444.8679   43    6 85894.0000 21616.0917  74.8%   4.7   45s
 25249 19204 22990.7377   40    3 85894.0000 21651.4594  74.8%   4.8   50s
 28066 21774 22596.0608   54    8 85894.0000 21653.2247  74.8%   4.7   55s
 31025 24714 21885.1198   31   19 85894.0000 21684.6260  74.8%   4.8   61s
 34621 27675 22040.9256   22   19 85894.0000 21698.7874  74.7%   4.9   67s
 36170 29429 22129.2812   28   10 85894.0000 21698.7874  74.7%   4.9   71s
 38951 31200 23797.4325   66    1 85894.0000 21721.8364  74.7%   4.9   75s
 43019 33665 22240.1802   34   15 85894.0000 21739.9540  74.7%   4.9   88s
H43020 31982                    77438.000000 21739.9540  71.9%   4.9   89s
 43021 31982 24009.1021   59   26 77438.0000 21739.9540  71.9%   4.9   90s
 43025 31985 24135.0000   60   28 77438.0000 21739.9540  71.9%   4.9   95s
H43029 30389                    75519.000000 21739.9540  71.2%   4.9   97s
 43033 30391 22935.6880   57   29 75519.0000 21739.9540  71.2%   4.9  100s
H43035 28873                    68391.000000 21739.9540  68.2%   4.9  102s
 43040 28876 23151.0000   51   30 68391.0000 21739.9540  68.2%   4.9  105s
 43136 29066 21739.9540   31   23 68391.0000 21739.9540  68.2%   5.0  110s
 43337 29224 21742.4442   33   19 68391.0000 21739.9540  68.2%   5.1  115s
 44105 29683 22050.3739   39   17 68391.0000 21739.9540  68.2%   5.3  120s
 45017 30171 22097.6931   44   13 68391.0000 21739.9540  68.2%   5.3  125s
 45971 30720 22596.4277   52    5 68391.0000 21739.9540  68.2%   5.4  130s
 46952 31347 24996.0621   69    3 68391.0000 21739.9540  68.2%   5.5  135s
 48362 32179 21798.0277   36   20 68391.0000 21739.9540  68.2%   5.5  141s
 49530 32970 23005.2925   59    8 68391.0000 21739.9540  68.2%   5.6  145s
 51131 33912 22462.9667   49    9 68391.0000 21739.9540  68.2%   5.7  150s
 51858 33777 23428.4720   66    1 68391.0000 21756.1787  68.2%   5.7  155s
 52302 34410 22427.1066   49   11 68391.0000 21788.9193  68.1%   5.7  161s
 52944 34627 22032.3431   34   17 68391.0000 21800.5463  68.1%   5.7  165s
 53447 34745 22124.8943   39   15 68391.0000 21800.5463  68.1%   5.8  172s
 53661 35196 22199.5165   44   15 68391.0000 21800.5463  68.1%   5.8  175s
 55215 36252 22049.2348   40   19 68391.0000 21848.0482  68.1%   5.8  183s
 56250 36777 23130.0733   67    6 68391.0000 21848.0482  68.1%   5.9  187s
 57188 36604 22198.7068   36   15 68391.0000 21848.0482  68.1%   5.9  190s
 57648 37354 22239.3009   38   13 68391.0000 21848.0482  68.1%   5.9  197s
 58447 37784 22290.5494   39   12 68391.0000 21848.0482  68.1%   5.9  201s
 59316 38493 22331.2867   40   18 68391.0000 21857.3150  68.0%   5.9  205s
 61339 38764 23326.6595   53    5 68391.0000 21873.7527  68.0%   6.0  210s
 62673 40714 22248.4470   42   19 68391.0000 21884.2581  68.0%   6.0  218s
 64233 41551 22166.2697   36   17 68391.0000 21895.3613  68.0%   6.1  223s
 66207 42322 22174.4737   34   16 68391.0000 21903.9302  68.0%   6.1  228s
 67671 43065 22147.7055   35   22 68391.0000 21912.3183  68.0%   6.1  232s
 69511 44116 22758.2659   44   11 68391.0000 21912.3183  68.0%   6.1  237s
 71504 44960 22212.2949   42   18 68391.0000 21921.4254  67.9%   6.1  242s
 73024 45511 22441.8620   45   11 68391.0000 21928.7091  67.9%   6.2  248s
 74817 46578 22300.3168   38   15 68391.0000 21928.7091  67.9%   6.2  253s
 76700 47622 23305.2470   59    1 68391.0000 21941.6062  67.9%   6.2  258s
 79077 48720 22848.4037   57    9 68391.0000 21941.6062  67.9%   6.2  264s
 81078 50092 22302.7048   39   13 68391.0000 21950.9977  67.9%   6.2  270s
 83400 51234 22680.6147   57   12 68391.0000 21950.9977  67.9%   6.3  276s
 85566 52659 22385.5400   43   15 68391.0000 21961.8135  67.9%   6.3  282s
 88012 53969 22693.1762   52    7 68391.0000 21969.5125  67.9%   6.3  288s
 90419 55420 22094.8438   35   19 68391.0000 21970.0056  67.9%   6.3  294s
 93084 56613 23504.3193   66    3 68391.0000 21980.1539  67.9%   6.3  301s
 95345 57912 22200.6898   40   19 68391.0000 21987.0437  67.9%   6.4  308s
 97766 59037 23083.0901   57    4 68391.0000 21991.5997  67.8%   6.4  315s
 100502 60124 23428.5055   61    1 68391.0000 21992.7673  67.8%   6.4  322s
 103065 62041 22203.2348   40   22 68391.0000 21997.5362  67.8%   6.4  330s
 105922 63383 22204.1193   39   17 68391.0000 21999.5178  67.8%   6.4  338s
 108853 64582 22853.8292   55   10 68391.0000 22009.2937  67.8%   6.4  346s
 111805 66174 22581.5285   42   11 68391.0000 22012.2001  67.8%   6.4  355s
 114827 67882 22338.5696   39   19 68391.0000 22016.1032  67.8%   6.4  363s
 118129 67474 22530.6711   45   17 68391.0000 22021.0968  67.8%   6.4  370s
 118380 68739 22633.0101   46   11 68391.0000 22021.0968  67.8%   6.4  381s
 120816 69922 22792.5968   47    8 68391.0000 22022.0963  67.8%   6.4  391s
 122827 71463 22878.3611   48    7 68391.0000 22025.1936  67.8%   6.5  401s
 126222 73189 22892.5297   49    8 68391.0000 22028.9939  67.8%   6.5  412s
 129048 73813 23023.5059   50    4 68391.0000 22033.2520  67.8%   6.5  423s
 132092 76631 23105.9699   51    2 68391.0000 22037.0744  67.8%   6.4  433s
 135018 79227 23225.7895   52    1 68391.0000 22040.5275  67.8%   6.5  444s
 137824 81689 23603.4798   53    3 68391.0000 22042.1020  67.8%   6.5  455s
 140631 84295 23711.6182   54    1 68391.0000 22048.0932  67.8%   6.5  466s
 143766 86747 22610.3243   50   13 68391.0000 22052.3427  67.8%   6.5  477s
 146444 89055 22299.3464   42   14 68391.0000 22056.4500  67.7%   6.5  488s
 148876 89371 22631.6848   49   14 68391.0000 22058.4358  67.7%   6.5  490s
 149123 91558 22433.6024   41   18 68391.0000 22058.4358  67.7%   6.5  499s
 149740 91611 22826.8399   50    8 68391.0000 22061.2928  67.7%   6.5  500s
 151761 93943 23385.1271   64    5 68391.0000 22063.9737  67.7%   6.6  510s
 154708 96120 23439.1746   62    2 68391.0000 22065.9817  67.7%   6.6  525s
 157085 98309 30495.0000   83    - 68391.0000 22067.4889  67.7%   6.6  536s
 160253 100382 22904.1363   49   10 68391.0000 22072.0166  67.7%   6.6  548s
 163716 103448 23133.5837   55   12 68391.0000 22076.6164  67.7%   6.6  561s
 166425 105885 23090.5533   59   14 68391.0000 22079.8380  67.7%   6.6  572s
 169245 108058 22495.2616   42   19 68391.0000 22083.6747  67.7%   6.6  585s
 171770 110386 22152.8004   37   19 68391.0000 22086.6732  67.7%   6.6  597s
 174440 110750 22531.6500   47   15 68391.0000 22089.1831  67.7%   6.6  600s

Cutting planes:
  Cover: 1
  MIR: 13
  StrongCG: 2
  Flow cover: 4

Explored 174456 nodes (1152338 simplex iterations) in 600.50 seconds (252.01 work units)
Thread count was 32 (of 32 available processors)

Solution count 9: 68391 75519 77438 ... 146392

Time limit reached
Best objective 6.839100000000e+04, best bound 2.208918307348e+04, gap 67.7016%

User-callback calls 372957, time in user-callback 64.04 sec
