
Gurobi 13.0.2 (win64) logging started Wed Jul 15 20:48:39 2026

Set parameter LogFile to value "logs/kstar_nI20_nJ40_nK50_nL5_tI4_tJ4_s1_m0_exact_s0_20260715-204839.gurobi.log"
Set parameter Seed to value 0
Set parameter TimeLimit to value 599.9799768
Set parameter NodefileStart to value 4
Set parameter MIPGap to value 0
Set parameter MIPGapAbs to value 0.9999
Set parameter Cutoff to value 1e+100
Gurobi Optimizer version 13.0.2 build v13.0.2rc1 (win64 - Windows 11+.0 (26200.2))

CPU model: Intel(R) Core(TM) i9-14900HX, instruction set [SSE2|AVX|AVX2]
Thread count: 24 physical cores, 32 logical processors, using up to 32 threads

Non-default parameters:
TimeLimit  599.9799768
MIPGap  0
MIPGapAbs  0.9999
NodefileStart  4

Optimize a model with 750 rows, 14060 columns and 38300 nonzeros (Min)
Model fingerprint: 0x1544b40d
Model has 14060 linear objective coefficients
Variable types: 14000 continuous, 60 integer (60 binary)
Coefficient statistics:
  Matrix range     [1e+00, 6e+02]
  Objective range  [1e+00, 5e+02]
  Bounds range     [1e+00, 1e+00]
  RHS range        [5e+00, 2e+01]

Using branch priorities.
Found heuristic solution: objective 313930.00000
Presolve time: 0.02s
Presolved: 750 rows, 14060 columns, 38300 nonzeros
Variable types: 14000 continuous, 60 integer (60 binary)

Root relaxation: objective 2.259532e+04, 742 iterations, 0.01 seconds (0.01 work units)

    Nodes    |    Current Node    |     Objective Bounds      |     Work
 Expl Unexpl |  Obj  Depth IntInf | Incumbent    BestBd   Gap | It/Node Time

     0     0 22595.3239    0   60 313930.000 22595.3239  92.8%     -    0s
H    0     0                    35704.231773 22595.3239  36.7%     -    0s
H    0     0                    35349.164304 22595.3239  36.1%     -    0s
H    0     0                    35069.734897 22595.3239  35.6%     -    0s
H    0     0                    34314.547933 22595.3239  34.2%     -    0s
H    0     0                    34082.609592 29323.4469  14.0%     -    0s
H    0     0                    33970.285012 29323.4469  13.7%     -    0s
     0     0 29323.4469    0   45 33970.2850 29323.4469  13.7%     -    0s
H    0     0                    33280.000000 29362.2736  11.8%     -    0s
     0     0 29375.8688    0   43 33280.0000 29375.8688  11.7%     -    0s
     0     0 29377.4066    0   43 33280.0000 29377.4066  11.7%     -    0s
     0     0 30762.8821    0   46 33280.0000 30762.8821  7.56%     -    0s
     0     0 31009.7391    0   47 33280.0000 31009.7391  6.82%     -    0s
     0     0 31065.5931    0   46 33280.0000 31065.5931  6.65%     -    0s
     0     0 31093.3074    0   48 33280.0000 31093.3074  6.57%     -    0s
     0     0 31094.9018    0   46 33280.0000 31094.9018  6.57%     -    0s
     0     0 31391.6570    0   51 33280.0000 31391.6570  5.67%     -    0s
H    0     0                    32668.000000 31394.6041  3.90%     -    0s
     0     0 31445.8945    0   45 32668.0000 31445.8945  3.74%     -    0s
     0     0 31455.9248    0   45 32668.0000 31455.9248  3.71%     -    0s
     0     0 31464.7444    0   46 32668.0000 31464.7444  3.68%     -    0s
     0     0 31466.9547    0   46 32668.0000 31466.9547  3.68%     -    0s
     0     0 31497.3121    0   41 32668.0000 31497.3121  3.58%     -    0s
H    0     0                    32416.000000 31499.2023  2.83%     -    0s
H    0     0                    32272.000000 31499.2023  2.39%     -    0s
H    0     0                    32270.000000 31499.2023  2.39%     -    0s
H    0     0                    32133.000000 31499.2023  1.97%     -    0s
     0     0 31501.7222    0   41 32133.0000 31501.7222  1.96%     -    0s
     0     0 31506.7917    0   42 32133.0000 31506.7917  1.95%     -    0s
     0     0 31507.7329    0   42 32133.0000 31507.7329  1.95%     -    0s
     0     0 31507.7329    0   42 32133.0000 31507.7329  1.95%     -    0s
     0     0 31507.7329    0   42 32133.0000 31507.7329  1.95%     -    0s
H    0     0                    32123.000000 31507.7329  1.92%     -    0s
     0     2 31507.7329    0   42 32123.0000 31507.7329  1.92%     -    0s
H  149   138                    31831.407407 31662.0560  0.53%  53.7    0s
*  188    46              11    31827.000000 31662.0560  0.52%  47.0    0s
*  250    46              11    31771.000000 31662.0560  0.34%  37.0    0s

Cutting planes:
  Implied bound: 292
  MIR: 68
  Flow cover: 176
  Relax-and-lift: 20

Explored 323 nodes (12161 simplex iterations) in 0.84 seconds (0.78 work units)
Thread count was 32 (of 32 available processors)

Solution count 10: 31771 31827 32123 ... 35069.7

Optimal solution found (tolerance 0.00e+00)
Best objective 3.177100000000e+04, best bound 3.177100000000e+04, gap 0.0000%
