
Gurobi 13.0.2 (win64) logging started Fri Jul 17 01:45:25 2026

Set parameter LogFile to value "logs/kstar_nI40_nJ20_nK100_nL5_tI6_tJ6_s5_m1_exact_s0_20260717-014525.gurobi.log"
Set parameter Seed to value 0
Set parameter TimeLimit to value 599.9800361
Set parameter MIPGap to value 0
Set parameter MIPGapAbs to value 0.5
Set parameter Cutoff to value 1e+100
Gurobi Optimizer version 13.0.2 build v13.0.2rc1 (win64 - Windows 11+.0 (26200.2))

CPU model: Intel(R) Core(TM) i9-14900HX, instruction set [SSE2|AVX|AVX2]
Thread count: 24 physical cores, 32 logical processors, using up to 32 threads

Non-default parameters:
TimeLimit  599.9800361
MIPGap  0
MIPGapAbs  0.5
PreCrush  1
LazyConstraints  1

Optimize a model with 10 rows, 65 columns and 300 nonzeros (Min)
Model fingerprint: 0xe942ffb6
Model has 65 linear objective coefficients
Variable types: 5 continuous, 60 integer (60 binary)
Coefficient statistics:
  Matrix range     [2e+00, 1e+03]
  Objective range  [1e+00, 5e+02]
  Bounds range     [1e+00, 1e+04]
  RHS range        [1e+03, 1e+03]

Using branch priorities.
Presolve removed 8 rows and 0 columns
Presolve time: 0.00s
Presolved: 2 rows, 65 columns, 60 nonzeros
Variable types: 5 continuous, 60 integer (60 binary)

Root relaxation: objective 5.290280e+04, 5 iterations, 0.00 seconds (0.00 work units)

    Nodes    |    Current Node    |     Objective Bounds      |     Work
 Expl Unexpl |  Obj  Depth IntInf | Incumbent    BestBd   Gap | It/Node Time

     0     0 52902.7951    0    3          - 52902.7951      -     -    0s
H    0     0                    174489.00000 52902.7951  69.7%     -    0s
H    0     0                    162545.00000 52902.7951  67.5%     -    0s
H    0     0                    150346.00000 52902.7951  64.8%     -    0s
H    0     0                    149234.00000 52902.7951  64.6%     -    0s
H    0     0                    137760.00000 52902.7951  61.6%     -    0s
     0     0 53070.7874    0    4 137760.000 53070.7874  61.5%     -    0s
     0     0 53137.3959    0    5 137760.000 53137.3959  61.4%     -    0s
H    0     0                    137129.00000 53139.5569  61.2%     -    0s
H    0     0                    122329.00000 53139.5569  56.6%     -    0s
     0     0 53192.0085    0    7 122329.000 53192.0085  56.5%     -    0s
     0     0 53203.5218    0    8 122329.000 53203.5218  56.5%     -    0s
     0     0 53284.8926    0   10 122329.000 53284.8926  56.4%     -    0s
H    0     0                    114856.00000 53286.1396  53.6%     -    0s
     0     0 53331.4445    0   12 114856.000 53331.4445  53.6%     -    0s
     0     0 53335.0801    0   12 114856.000 53335.0801  53.6%     -    0s
H    0     0                    113414.00000 53335.0801  53.0%     -    0s
     0     2 53376.9509    0   13 113414.000 53376.9509  52.9%     -    0s
H 3031  2622                    111302.00000 53514.3487  51.9%   3.3    2s
H 3033  2492                    106518.00000 53514.3487  49.8%   3.3    2s
H 3047  2376                    100549.00000 53514.3487  46.8%   3.3    3s
  3796  3007 54728.0104   27    8 100549.000 53570.4730  46.7%   4.7    5s
 10691  6820 55530.2696   44    3 100549.000 53721.1431  46.6%   4.0   10s
 13353  8949 54539.5992   29    8 100549.000 53763.8374  46.5%   4.0   15s
 18249 13146 58243.1124   36    3 100549.000 53814.9812  46.5%   3.9   20s
 24419 18515 54590.7423   31    8 100549.000 53856.5060  46.4%   3.9   25s
 29292 22984 56766.2300   45    2 100549.000 53876.6933  46.4%   3.9   30s
 34592 27431 54906.6922   29    3 100549.000 53934.7145  46.4%   3.9   35s
 38907 31377 58158.6504   49    1 100549.000 53950.6443  46.3%   3.9   41s
 42734 34477 55351.6186   43    2 100549.000 53959.1287  46.3%   3.9   45s
 48111 39120 56580.3399   34    2 100549.000 53995.5410  46.3%   3.9   51s
 51692 41962 55539.0419   32    6 100549.000 54005.9477  46.3%   3.9   55s
 54963 45110 55494.6722   35    3 100549.000 54017.6695  46.3%   3.9   60s
 59277 48654 55570.5460   23   12 100549.000 54042.7829  46.3%   3.9   65s
 63602 51964 54691.0344   24   10 100549.000 54058.8973  46.2%   3.9   70s
 66571 53279 56618.0000   58   12 100549.000 54067.5153  46.2%   3.9   79s
H66572 50616                    98618.000000 54067.5153  45.2%   3.9   80s
H66572 48085                    98479.000000 54067.5153  45.1%   3.9   80s
 66578 48089 58210.3750   49   24 98479.0000 54067.5153  45.1%   3.9   85s
 66582 48091 55100.6923   31   25 98479.0000 54067.5153  45.1%   3.9   90s
H66582 45686                    95626.000000 54067.5153  43.5%   3.9   91s
H66586 43404                    88397.000000 54067.5153  38.8%   3.9   95s
 66598 43421 54067.5153   28   20 88397.0000 54067.5153  38.8%   3.9  100s
 66934 43753 56552.6104   35    7 88397.0000 54067.5153  38.8%   4.0  105s
 67629 44133 58791.7867   42    6 88397.0000 54067.5153  38.8%   4.0  110s
 69184 45072 64067.8054   60    2 88397.0000 54136.1895  38.8%   4.1  115s
 70971 45766 54727.8112   35   16 88397.0000 54285.9949  38.6%   4.1  120s
 72249 46674 54579.5811   33   16 88397.0000 54302.0406  38.6%   4.1  126s
 73239 47197 58133.1014   63    1 88397.0000 54365.3402  38.5%   4.1  130s
 74861 48099 56044.9411   49    6 88397.0000 54378.1620  38.5%   4.1  135s
 77043 49201 54897.5315   36   11 88397.0000 54436.7028  38.4%   4.1  141s
 78311 49862 54895.6156   37   12 88397.0000 54436.7028  38.4%   4.1  145s
 80140 50851 54661.3788   36   13 88397.0000 54460.4684  38.4%   4.1  151s
 81628 51792 54769.9173   38   16 88397.0000 54531.2421  38.3%   4.2  155s
 83896 52848 55018.9346   40   12 88397.0000 54545.7213  38.3%   4.2  160s
 85975 53916 55312.7262   43   11 88397.0000 54579.8745  38.3%   4.2  167s
 87916 54193 55985.4187   40   13 88397.0000 54609.7763  38.2%   4.2  170s
 89528 55905 56208.7368   56    1 88397.0000 54621.1623  38.2%   4.2  177s
 90870 56689 55539.8196   41   11 88397.0000 54633.5973  38.2%   4.2  180s
 93917 58405 58448.9794   73    1 88397.0000 54661.2757  38.2%   4.2  187s
 95701 58953 55051.1734   39   15 88397.0000 54664.5138  38.2%   4.2  191s
 97964 59551 55085.3335   38   15 88397.0000 54686.3876  38.1%   4.2  195s
 99587 61307 56490.1462   40   11 88397.0000 54694.3243  38.1%   4.2  200s
 103068 61928 55161.3827   40   14 88397.0000 54702.4810  38.1%   4.3  207s
 103100 62548 55200.4290   41   15 88397.0000 54702.4810  38.1%   4.3  210s
 105560 64363 57054.8257   68    1 88397.0000 54724.8793  38.1%   4.3  218s
 107415 65399 55015.9875   37   15 88397.0000 54732.6547  38.1%   4.3  222s
 109467 66536 55357.2406   38   13 88397.0000 54744.4894  38.1%   4.3  227s
 111583 67598 60268.0000   65    - 88397.0000 54755.9936  38.1%   4.3  232s
 113635 68558 56045.6317   43    3 88397.0000 54764.3927  38.0%   4.3  238s
 115544 69772 55341.6639   41   12 88397.0000 54765.9970  38.0%   4.3  243s
 117837 71100 56406.6130   52    4 88397.0000 54783.5760  38.0%   4.3  248s
 120396 70969 55679.4407   39   13 88397.0000 54792.7104  38.0%   4.3  252s
 120993 71668 55725.5762   40   13 88397.0000 54792.9826  38.0%   4.3  255s
 123823 73386 55549.2883   38   10 88397.0000 54805.4886  38.0%   4.3  263s
 125194 74452 59022.0000   65    - 88397.0000 54806.0718  38.0%   4.3  269s
 127341 75704 57651.4701   67    2 88397.0000 54818.2770  38.0%   4.3  275s
 129551 77102 55164.8665   38   13 88397.0000 54829.3793  38.0%   4.3  281s
 132179 78610 55999.8220   50    8 88397.0000 54836.8024  38.0%   4.3  287s
 134980 80262 56405.0000   65    - 88397.0000 54842.4756  38.0%   4.3  294s
 138005 81371 55254.5043   39   13 88397.0000 54859.2175  37.9%   4.3  300s
 140380 83102 57996.5701   43    6 88397.0000 54866.9790  37.9%   4.3  307s
 143605 84418 56013.5954   44    8 88397.0000 54869.3524  37.9%   4.3  315s
 146306 86161 56139.3422   39   10 88397.0000 54890.4310  37.9%   4.3  322s
 149449 87628 55210.4343   38   13 88397.0000 54890.4937  37.9%   4.3  330s
 152522 89550 58194.2190   55    4 88397.0000 54901.0421  37.9%   4.3  338s
 156088 91090 56030.8983   40   12 88397.0000 54915.1089  37.9%   4.3  347s
 159417 92755 55460.2783   38   16 88397.0000 54924.7880  37.9%   4.3  355s
 162770 93449 58620.7043   70    1 88397.0000 54935.6827  37.9%   4.3  362s
 165145 94892 55678.9236   42   12 88397.0000 54936.1895  37.9%   4.3  371s
 167944 96687 56044.0396   49    9 88397.0000 54949.8529  37.8%   4.3  379s
 170966 98092 56825.2690   68    2 88397.0000 54962.1298  37.8%   4.3  389s
 173739 97591 57134.6663   63    2 88397.0000 54966.9156  37.8%   4.3  390s
 173837 99193 55956.0380   44    9 88397.0000 54966.9156  37.8%   4.3  396s
 176084 100621 55965.0661   38   15 88397.0000 54972.4976  37.8%   4.4  405s
 178930 101899 55599.5548   43   14 88397.0000 54977.7980  37.8%   4.4  413s
 181508 103324 55991.6581   40    8 88397.0000 54982.9856  37.8%   4.4  420s
 183640 104754 57806.9246   44    4 88397.0000 54982.9908  37.8%   4.4  428s
 186678 104609 61991.0000   62    - 88397.0000 54988.5050  37.8%   4.4  437s
 187302 105408 59711.9434   79    1 88397.0000 54988.5050  37.8%   4.4  445s
 188847 105393 57826.4751   42   11 88397.0000 54989.4465  37.8%   4.4  454s
 189218 106213 57847.2272   43   11 88397.0000 54989.5059  37.8%   4.4  463s
 190566 107245 56028.3822   44    9 88397.0000 54989.5059  37.8%   4.4  473s
 192389 108642 56579.2752   52    5 88397.0000 54999.7979  37.8%   4.4  483s
 194822 109660 55899.5901   41   12 88397.0000 55005.1138  37.8%   4.4  493s
 197084 111132 56219.6826   48    8 88397.0000 55011.4566  37.8%   4.4  505s
 199752 113659 56312.8087   47    5 88397.0000 55018.0060  37.8%   4.4  515s
 202652 116045 56171.6710   47    9 88397.0000 55025.2772  37.8%   4.4  526s
 205457 118370 56485.2346   40   13 88397.0000 55034.5785  37.7%   4.4  537s
 208277 120569 55737.5566   39   11 88397.0000 55038.8812  37.7%   4.4  546s
 210763 122324 56750.6530   44    9 88397.0000 55039.7995  37.7%   4.4  557s
 212888 124458 56865.8326   53    3 88397.0000 55048.9585  37.7%   4.4  567s
 215509 126568 58140.7315   40   16 88397.0000 55056.5879  37.7%   4.4  577s
 218150 128554 59663.7232   52    5 88397.0000 55056.5879  37.7%   4.4  590s
 220476 130501 56063.7420   44   10 88397.0000 55059.5690  37.7%   4.4  600s

Cutting planes:
  Gomory: 2
  MIR: 8
  StrongCG: 1

Explored 222859 nodes (976698 simplex iterations) in 602.06 seconds (189.60 work units)
Thread count was 32 (of 32 available processors)

Solution count 10: 88397 95626 98479 ... 122329

Time limit reached
Best objective 8.839700000000e+04, best bound 5.506958652107e+04, gap 37.7020%

User-callback calls 461548, time in user-callback 55.36 sec
