
Gurobi 13.0.2 (win64) logging started Thu Jul 16 13:21:57 2026

Set parameter LogFile to value "logs/kstar_nI20_nJ40_nK50_nL5_tI2_tJ2_s1_m1_exact_s0_20260716-132157.gurobi.log"
Set parameter Seed to value 0
Set parameter TimeLimit to value 599.9806863
Set parameter MIPGap to value 0
Set parameter MIPGapAbs to value 0.5
Set parameter Cutoff to value 1e+100
Gurobi Optimizer version 13.0.2 build v13.0.2rc1 (win64 - Windows 11+.0 (26200.2))

CPU model: Intel(R) Core(TM) i9-14900HX, instruction set [SSE2|AVX|AVX2]
Thread count: 24 physical cores, 32 logical processors, using up to 32 threads

Non-default parameters:
TimeLimit  599.9806863
MIPGap  0
MIPGapAbs  0.5
PreCrush  1
LazyConstraints  1

Optimize a model with 10 rows, 65 columns and 300 nonzeros (Min)
Model fingerprint: 0x0cf02be0
Model has 65 linear objective coefficients
Variable types: 5 continuous, 60 integer (60 binary)
Coefficient statistics:
  Matrix range     [5e+00, 7e+02]
  Objective range  [1e+00, 5e+02]
  Bounds range     [1e+00, 4e+03]
  RHS range        [6e+02, 7e+02]

Using branch priorities.
Presolve removed 6 rows and 0 columns
Presolve time: 0.00s
Presolved: 4 rows, 65 columns, 120 nonzeros
Variable types: 5 continuous, 60 integer (60 binary)

Root relaxation: objective 1.971968e+04, 5 iterations, 0.00 seconds (0.00 work units)

    Nodes    |    Current Node    |     Objective Bounds      |     Work
 Expl Unexpl |  Obj  Depth IntInf | Incumbent    BestBd   Gap | It/Node Time

     0     0 19719.6815    0    4          - 19719.6815      -     -    0s
H    0     0                    165008.00000 19719.6815  88.0%     -    0s
H    0     0                    145570.00000 19719.6815  86.5%     -    0s
H    0     0                    116631.00000 19719.6815  83.1%     -    0s
H    0     0                    115381.00000 19719.6815  82.9%     -    0s
H    0     0                    111388.00000 19719.6815  82.3%     -    0s
     0     0 19794.8986    0    8 111388.000 19794.8986  82.2%     -    0s
     0     0 19798.5384    0    8 111388.000 19798.5384  82.2%     -    0s
H    0     0                    100553.00000 19798.7430  80.3%     -    0s
H    0     0                    89393.000000 19798.7430  77.9%     -    0s
     0     2 19834.4256    0   12 89393.0000 19834.4256  77.8%     -    0s
  3670  3230 20128.2395   18   15 89393.0000 19992.4906  77.6%   3.5    5s
  5850  4639 20721.1436   37    8 89393.0000 20035.9746  77.6%   4.6   10s
  9853  6686 20495.8916   18   12 89393.0000 20086.7346  77.5%   4.6   15s
 12883  8083 27530.0000   65    - 89393.0000 20086.7346  77.5%   4.6   20s
 14725  9838 20931.1383   38    6 89393.0000 20086.7346  77.5%   4.7   25s
 16261 11228 21165.8123   44    3 89393.0000 20133.0993  77.5%   4.7   30s
 18490 13334 21173.1146   48    3 89393.0000 20158.1466  77.4%   4.8   35s
 20486 15047 21177.9880   52    3 89393.0000 20158.5610  77.4%   4.8   40s
 22406 16751 20569.1389   22   14 89393.0000 20158.5610  77.4%   4.9   45s
 24797 18705 22034.9545   60    1 89393.0000 20185.2546  77.4%   4.9   50s
 27718 21289 20769.6302   36    9 89393.0000 20213.0935  77.4%   5.0   55s
 30067 23691 20588.3557   33   15 89393.0000 20231.0326  77.4%   5.0   60s
 33476 26430 21028.7351   34    5 89393.0000 20256.2931  77.3%   5.0   65s
 37721 29803 20949.5291   27    9 89393.0000 20266.7415  77.3%   5.0   72s
 39384 31118 20431.7770   21   20 89393.0000 20273.2022  77.3%   5.0   75s
 42208 33607 20529.8987   31   14 89393.0000 20282.6510  77.3%   5.0   80s
 45831 36231 21241.1921   42    4 89393.0000 20291.7880  77.3%   5.0   86s
 47783 37437 21369.4377   38    2 89393.0000 20293.4001  77.3%   5.1   90s
 50372 38984 20529.7303   26   16 89393.0000 20293.4001  77.3%   5.1   97s
 50516 39346 20678.8376   27   12 89393.0000 20293.4001  77.3%   5.1  101s
 51203 39557 20769.0226   29    6 89393.0000 20293.4001  77.3%   5.1  105s
 51235 39734 20778.1644   30    8 89393.0000 20293.4001  77.3%   5.1  110s
 51504 40128 20862.5838   30    6 89393.0000 20303.2788  77.3%   5.1  115s
 52154 40793 20919.1511   31    7 89393.0000 20303.9605  77.3%   5.1  120s
 52888 41522 20858.8439   29   11 89393.0000 20304.8379  77.3%   5.1  125s
 53774 41656 21573.0000   50    8 89393.0000 20306.8095  77.3%   5.1  139s
H53775 39574                    86500.000000 20306.8095  76.5%   5.1  140s
H53784 37600                    75818.000000 20306.8095  73.2%   5.1  143s
 53786 37601 20557.8405   27   33 75818.0000 20306.8095  73.2%   5.1  145s
 53794 37609 20306.8095   20   32 75818.0000 20306.8095  73.2%   5.1  150s
 53888 37766 20306.8095   26   25 75818.0000 20306.8095  73.2%   5.2  155s
 54016 37853 20424.7464   27   23 75818.0000 20306.8095  73.2%   5.2  161s
 54491 38178 20306.8095   32   23 75818.0000 20306.8095  73.2%   5.4  165s
 54847 38362 20790.5825   45   13 75818.0000 20306.8095  73.2%   5.4  170s
 55776 38825 20306.8095   29   26 75818.0000 20306.8095  73.2%   5.5  175s
 56843 39482 20543.3155   42   18 75818.0000 20306.8095  73.2%   5.6  180s
 57712 40100 20937.3550   47    8 75818.0000 20306.8095  73.2%   5.6  185s
 58564 40635 21359.6678   56    4 75818.0000 20306.8095  73.2%   5.6  190s
 59740 40869 20403.6957   30   21 75818.0000 20306.8095  73.2%   5.7  195s
 59850 41398 20444.8651   32   19 75818.0000 20306.8095  73.2%   5.7  200s
 61214 42036 21996.6524   71    4 75818.0000 20306.8095  73.2%   5.7  205s
 62530 42538 21810.8302   42    1 75818.0000 20306.8095  73.2%   5.8  211s
 63640 42613 21276.3959   47    7 75818.0000 20306.8095  73.2%   5.8  215s
 64448 43549 21009.6388   42   12 75818.0000 20306.8095  73.2%   5.8  222s
 65235 43989 20359.6146   30   20 75818.0000 20306.8095  73.2%   5.8  225s
 67184 45023 21927.7819   52    2 75818.0000 20306.8095  73.2%   5.9  231s
 68355 44911 23562.0795   70    1 75818.0000 20306.8095  73.2%   5.9  235s
 69369 46308 21092.1930   39   12 75818.0000 20306.8095  73.2%   5.9  243s
 70597 46879 20938.8040   37   16 75818.0000 20306.8095  73.2%   5.9  247s
 71637 46674 36343.7190   75    1 75818.0000 20306.8095  73.2%   5.9  251s
 71683 47186 36376.0000   76    - 75818.0000 20306.8095  73.2%   5.9  256s
 72491 47091 21157.6830   41    6 75818.0000 20306.8095  73.2%   5.9  261s
 72523 47885 21192.7967   42    3 75818.0000 20306.8095  73.2%   6.0  267s
 73746 48698 21075.4834   38    9 75818.0000 20325.1326  73.2%   6.0  271s
 75199 49522 22186.8107   61    2 75818.0000 20343.6181  73.2%   6.0  276s
 76701 49962 21199.2202   41    3 75818.0000 20354.2255  73.2%   6.1  281s
 77932 50427 21126.0760   38   10 75818.0000 20354.2255  73.2%   6.1  286s
 79785 51476 20758.3629   34   14 75818.0000 20360.4954  73.1%   6.1  291s
 81278 52310 20555.8990   39   22 75818.0000 20365.5820  73.1%   6.1  297s
 82720 53368 21024.8387   32   15 75818.0000 20365.5820  73.1%   6.1  302s
 84548 53058 21369.6446   45    6 75818.0000 20381.2398  73.1%   6.2  308s
 84638 53883 21377.5444   46    7 75818.0000 20381.2398  73.1%   6.2  314s
 85758 54536 21378.0764   47    7 75818.0000 20381.3630  73.1%   6.2  319s
 86987 55543 22287.6920   63    7 75818.0000 20381.9404  73.1%   6.3  325s
 88888 56594 22102.1112   70    2 75818.0000 20388.0320  73.1%   6.3  332s
 90842 57533 21400.2520   47    8 75818.0000 20397.4170  73.1%   6.3  339s
 92656 58694 20998.1308   47   10 75818.0000 20403.2045  73.1%   6.3  346s
 94711 59660 20840.7936   34   17 75818.0000 20408.0554  73.1%   6.4  353s
 96454 60726 20633.7680   30   22 75818.0000 20408.4582  73.1%   6.4  360s
 98438 60388 22683.3626   72    1 75818.0000 20408.4582  73.1%   6.5  367s
 98561 60409 20577.6789   37   22 75818.0000 20408.4582  73.1%   6.5  374s
 98593 61449 20581.6622   38   22 75818.0000 20408.4582  73.1%   6.5  381s
 100928 62698 22079.7182   64    1 75818.0000 20415.2182  73.1%   6.4  390s
 102871 64020 21858.2786   54    9 75818.0000 20423.0822  73.1%   6.5  399s
 105248 65466 20766.0138   42   16 75818.0000 20429.7191  73.1%   6.5  408s
 107788 66780 21592.0106   56    3 75818.0000 20434.7486  73.0%   6.5  417s
 110211 66700 21093.0506   32   14 75818.0000 20439.6326  73.0%   6.6  426s
 110885 68545 21159.5753   33   10 75818.0000 20439.6326  73.0%   6.6  437s
 113702 70105 22905.2571   71    1 75818.0000 20445.5438  73.0%   6.6  448s
 116506 71479 20567.1577   36   18 75818.0000 20450.6646  73.0%   6.7  460s
 119062 72951 21140.3948   42    4 75818.0000 20455.0046  73.0%   6.7  472s
 122220 74632 21648.9086   56    7 75818.0000 20458.7759  73.0%   6.7  486s
 125437 74215 20581.2637   31   21 75818.0000 20464.8198  73.0%   6.7  498s
 125628 75848 20707.1840   31   18 75818.0000 20465.0982  73.0%   6.7  512s
 128245 75571 20646.8600   34   21 75818.0000 20467.5728  73.0%   6.7  523s
 128393 78114 20712.3294   35   18 75818.0000 20467.5728  73.0%   6.7  536s
 131785 79885 20965.8854   32   17 75818.0000 20473.3020  73.0%   6.8  551s
 135174 80619 22075.7645   72    1 75818.0000 20478.7528  73.0%   6.8  566s
 137622 82630 20995.0739   43   16 75818.0000 20481.6776  73.0%   6.8  582s
 141253 83728 20568.1872   33   22 75818.0000 20484.6347  73.0%   6.8  600s

Cutting planes:
  MIR: 21
  Flow cover: 2

Explored 145316 nodes (987255 simplex iterations) in 602.86 seconds (264.05 work units)
Thread count was 32 (of 32 available processors)

Solution count 8: 75818 86500 89393 ... 165008

Time limit reached
Best objective 7.581800000000e+04, best bound 2.049054099913e+04, gap 72.9740%

User-callback calls 314794, time in user-callback 70.21 sec
