
Gurobi 13.0.2 (win64) logging started Wed Jul 15 20:51:54 2026

Set parameter LogFile to value "logs/kstar_nI40_nJ40_nK50_nL10_tI2_tJ2_s3_m0_exact_s0_20260715-205153.gurobi.log"
Set parameter Seed to value 0
Set parameter TimeLimit to value 599.9567068
Set parameter NodefileStart to value 4
Set parameter MIPGap to value 0
Set parameter MIPGapAbs to value 0.9999
Set parameter Cutoff to value 1e+100
Gurobi Optimizer version 13.0.2 build v13.0.2rc1 (win64 - Windows 11+.0 (26200.2))

CPU model: Intel(R) Core(TM) i9-14900HX, instruction set [SSE2|AVX|AVX2]
Thread count: 24 physical cores, 32 logical processors, using up to 32 threads

Non-default parameters:
TimeLimit  599.9567068
MIPGap  0
MIPGapAbs  0.9999
NodefileStart  4

Optimize a model with 1700 rows, 36080 columns and 92800 nonzeros (Min)
Model fingerprint: 0x99022e2a
Model has 36080 linear objective coefficients
Variable types: 36000 continuous, 80 integer (80 binary)
Coefficient statistics:
  Matrix range     [1e+00, 6e+02]
  Objective range  [1e+00, 5e+02]
  Bounds range     [1e+00, 1e+00]
  RHS range        [5e+00, 2e+01]

Using branch priorities.
Found heuristic solution: objective 624262.00000
Presolve time: 0.07s
Presolved: 1700 rows, 36080 columns, 92800 nonzeros
Variable types: 36000 continuous, 80 integer (80 binary)

Root relaxation: objective 3.615224e+04, 1292 iterations, 0.01 seconds (0.01 work units)

    Nodes    |    Current Node    |     Objective Bounds      |     Work
 Expl Unexpl |  Obj  Depth IntInf | Incumbent    BestBd   Gap | It/Node Time

     0     0 36152.2389    0   80 624262.000 36152.2389  94.2%     -    0s
H    0     0                    57299.726592 36152.2389  36.9%     -    0s
H    0     0                    57285.830134 36152.2389  36.9%     -    0s
H    0     0                    57255.496912 36152.2389  36.9%     -    0s
H    0     0                    57192.651396 47531.8796  16.9%     -    0s
H    0     0                    57119.053107 47531.8796  16.8%     -    0s
H    0     0                    56910.950064 47531.8796  16.5%     -    0s
H    0     0                    56835.024532 47531.8796  16.4%     -    0s
H    0     0                    56404.000000 47531.8796  15.7%     -    0s
     0     0 47531.8796    0   61 56404.0000 47531.8796  15.7%     -    0s
H    0     0                    55564.000000 47539.9336  14.4%     -    0s
H    0     0                    55541.000000 47539.9336  14.4%     -    0s
H    0     0                    55447.000000 47539.9336  14.3%     -    0s
H    0     0                    55283.000000 47539.9336  14.0%     -    0s
     0     0 47850.8494    0   61 55283.0000 47850.8494  13.4%     -    0s
     0     0 47954.1223    0   60 55283.0000 47954.1223  13.3%     -    0s
     0     0 47955.4071    0   60 55283.0000 47955.4071  13.3%     -    0s
H    0     0                    55267.000000 50042.8962  9.45%     -    0s
H    0     0                    55261.000000 50042.8962  9.44%     -    0s
     0     0 50042.8962    0   64 55261.0000 50042.8962  9.44%     -    0s
H    0     0                    53777.000000 50063.8816  6.90%     -    0s
H    0     0                    53568.000000 50063.8816  6.54%     -    0s
H    0     0                    53562.000000 50063.8816  6.53%     -    0s
H    0     0                    53549.000000 50063.8816  6.51%     -    0s
H    0     0                    53386.000000 50063.8816  6.22%     -    0s
H    0     0                    53380.000000 50841.2006  4.76%     -    0s
     0     0 50841.2006    0   67 53380.0000 50841.2006  4.76%     -    0s
     0     0 51022.6756    0   66 53380.0000 51022.6756  4.42%     -    0s
     0     0 51078.2969    0   67 53380.0000 51078.2969  4.31%     -    0s
     0     0 51116.5189    0   66 53380.0000 51116.5189  4.24%     -    0s
     0     0 51119.5886    0   68 53380.0000 51119.5886  4.23%     -    0s
     0     0 51516.2795    0   67 53380.0000 51516.2795  3.49%     -    0s
H    0     0                    53108.000000 51516.3446  3.00%     -    1s
H    0     0                    52936.000000 51516.3446  2.68%     -    1s
     0     0 51594.8440    0   68 52936.0000 51594.8440  2.53%     -    1s
     0     0 51623.4868    0   69 52936.0000 51623.4868  2.48%     -    1s
H    0     0                    52865.000000 51635.1271  2.33%     -    1s
     0     0 51635.1271    0   67 52865.0000 51635.1271  2.33%     -    1s
H    0     0                    52636.000000 51638.8598  1.89%     -    1s
     0     0 51638.8598    0   68 52636.0000 51638.8598  1.89%     -    1s
     0     0 51744.0783    0   67 52636.0000 51744.0783  1.69%     -    1s
     0     0 51775.7638    0   68 52636.0000 51775.7638  1.63%     -    1s
     0     0 51786.2655    0   68 52636.0000 51786.2655  1.61%     -    1s
     0     0 51813.3691    0   68 52636.0000 51813.3691  1.56%     -    1s
     0     0 51813.7451    0   68 52636.0000 51813.7451  1.56%     -    1s
     0     0 51813.7451    0   68 52636.0000 51813.7451  1.56%     -    1s
H    0     0                    52584.000000 51813.8383  1.46%     -    1s
H    0     0                    52578.000000 51813.8383  1.45%     -    1s
H    0     0                    52472.000000 51813.8383  1.25%     -    1s
H    0     0                    52419.000000 51813.8383  1.15%     -    1s
     0     2 51813.8383    0   68 52419.0000 51813.8383  1.15%     -    1s
*  313   158              16    52403.000000 52139.5615  0.50%  90.7    2s
*  525   213              16    52269.000000 52141.5564  0.24%  76.2    2s
*  686    14              16    52255.000000 52186.7033  0.13%  62.8    2s

Cutting planes:
  Implied bound: 438
  MIR: 268
  Flow cover: 669
  Relax-and-lift: 13

Explored 795 nodes (48777 simplex iterations) in 3.15 seconds (3.69 work units)
Thread count was 32 (of 32 available processors)

Solution count 10: 52255 52269 52403 ... 53108

Optimal solution found (tolerance 0.00e+00)
Best objective 5.225500000000e+04, best bound 5.225500000000e+04, gap 0.0000%
