
Gurobi 13.0.2 (win64) logging started Fri Jul 17 09:37:38 2026

Set parameter LogFile to value "logs/kstar_nI40_nJ20_nK50_nL5_tI6_tJ6_s2_m1_exact_s0_20260717-093738.gurobi.log"
Set parameter Seed to value 0
Set parameter TimeLimit to value 599.9841388
Set parameter MIPGap to value 0
Set parameter MIPGapAbs to value 0.5
Set parameter Cutoff to value 1e+100
Gurobi Optimizer version 13.0.2 build v13.0.2rc1 (win64 - Windows 11+.0 (26200.2))

CPU model: Intel(R) Core(TM) i9-14900HX, instruction set [SSE2|AVX|AVX2]
Thread count: 24 physical cores, 32 logical processors, using up to 32 threads

Non-default parameters:
TimeLimit  599.9841388
MIPGap  0
MIPGapAbs  0.5
PreCrush  1
LazyConstraints  1

Optimize a model with 10 rows, 65 columns and 300 nonzeros (Min)
Model fingerprint: 0x94d331fb
Model has 65 linear objective coefficients
Variable types: 5 continuous, 60 integer (60 binary)
Coefficient statistics:
  Matrix range     [3e+00, 6e+02]
  Objective range  [1e+00, 5e+02]
  Bounds range     [1e+00, 6e+03]
  RHS range        [6e+02, 7e+02]

Using branch priorities.
Presolve removed 8 rows and 0 columns
Presolve time: 0.00s
Presolved: 2 rows, 65 columns, 60 nonzeros
Variable types: 5 continuous, 60 integer (60 binary)

Root relaxation: objective 2.815622e+04, 7 iterations, 0.00 seconds (0.00 work units)

    Nodes    |    Current Node    |     Objective Bounds      |     Work
 Expl Unexpl |  Obj  Depth IntInf | Incumbent    BestBd   Gap | It/Node Time

     0     0 28156.2164    0    3          - 28156.2164      -     -    0s
H    0     0                    82498.000000 28156.2164  65.9%     -    0s
H    0     0                    79590.000000 28156.2164  64.6%     -    0s
H    0     0                    79326.000000 28156.2164  64.5%     -    0s
H    0     0                    70189.000000 28156.2164  59.9%     -    0s
H    0     0                    69955.000000 28156.2164  59.8%     -    0s
     0     0 28928.0598    0    5 69955.0000 28928.0598  58.6%     -    0s
     0     0 29167.9712    0    8 69955.0000 29167.9712  58.3%     -    0s
H    0     0                    68580.000000 29178.7558  57.5%     -    0s
     0     0 29267.3118    0    7 68580.0000 29267.3118  57.3%     -    0s
     0     0 29327.1688    0   10 68580.0000 29327.1688  57.2%     -    0s
H    0     0                    61278.000000 29330.7898  52.1%     -    0s
     0     0 29455.8767    0    9 61278.0000 29455.8767  51.9%     -    0s
     0     0 29456.9681    0    9 61278.0000 29456.9681  51.9%     -    0s
H    0     0                    59161.000000 29456.9681  50.2%     -    0s
     0     2 29613.8538    0   10 59161.0000 29613.8538  49.9%     -    0s
H 4071  3297                    48941.000000 30351.5165  38.0%   2.9    1s
H 4073  3133                    48513.000000 30558.8718  37.0%   2.9    1s
  9591  6302 34099.4939   47    2 48513.0000 31313.3547  35.5%   3.8    5s
*15871  9866              72    46180.000000 31678.2984  31.4%   3.9    8s
*15872  9859              72    45830.000000 31678.2984  30.9%   3.9    8s
 17744 11386 35081.4560   49    3 45830.0000 31692.8896  30.8%   4.1   10s
 25101 17742 35184.6470   45    3 45830.0000 31909.3819  30.4%   4.5   15s
 29677 21284 33736.3839   33    9 45830.0000 32039.8705  30.1%   4.7   20s
 34451 25468 34884.5568   61    1 45830.0000 32146.1489  29.9%   5.0   25s
 39288 29529 33486.3616   33   17 45830.0000 32228.9962  29.7%   5.1   31s
 42275 31922 33932.1178   35   15 45830.0000 32296.8346  29.5%   5.3   35s
 46020 34816 34480.5706   42    4 45830.0000 32319.5323  29.5%   5.3   41s
 47364 35674 35324.8878   37    7 45830.0000 32319.5323  29.5%   5.3   45s
 50290 38318 34190.0834   31   14 45830.0000 32355.1060  29.4%   5.3   50s
 53346 40933 35334.5825   34   16 45830.0000 32416.6324  29.3%   5.4   56s
 55189 42710 33680.8793   33   25 45830.0000 32416.6324  29.3%   5.5   60s
 56517 42962 33947.7752   53    9 45830.0000 32431.6622  29.2%   5.5   73s
 56519 42963 34720.8756   54   34 45830.0000 32431.6622  29.2%   5.5   75s
H56520 40815                    45488.000000 32431.6622  28.7%   5.5   78s
 56525 40818 34286.0000   49   37 45488.0000 32431.6622  28.7%   5.5   81s
 56530 40822 34975.0624   55   41 45488.0000 32431.6622  28.7%   5.5   85s
 56534 40824 37140.0000   61   40 45488.0000 32431.6622  28.7%   5.5   91s
H56536 38785                    44853.000000 32431.6622  27.7%   5.5   94s
 56538 38789 32483.8939   25   31 44853.0000 32431.6622  27.7%   5.5   95s
 56632 38934 34612.2890   31   17 44853.0000 32431.6622  27.7%   5.6  101s
 56825 39031 33459.4060   34   23 44853.0000 32431.6622  27.7%   5.7  105s
 57300 39420 36846.0182   42    5 44853.0000 32431.6622  27.7%   5.8  110s
 58091 39857 38268.9817   57    1 44853.0000 32541.8606  27.4%   5.9  115s
 59298 40599 33777.2123   52   17 44853.0000 32590.7748  27.3%   6.0  120s
 60772 41645 33270.8761   37   21 44853.0000 32647.1494  27.2%   6.1  126s
 62482 42571 34561.7080   53   11 44853.0000 32827.2412  26.8%   6.2  130s
 65009 44011 34419.1067   60    4 44853.0000 32866.9407  26.7%   6.3  136s
 66841 44913 35688.3247   81    1 44853.0000 32892.3465  26.7%   6.4  141s
 68282 45635 34016.6992   35   24 44853.0000 32892.3465  26.7%   6.5  145s
 69982 46940 34377.5186   37   17 44853.0000 32892.3465  26.7%   6.6  150s
 71159 47457 36045.8999   46    9 44853.0000 32923.7257  26.6%   6.6  155s
 73113 48559 34913.1275   33   29 44853.0000 32923.7257  26.6%   6.7  162s
 74090 49158 35653.4163   48    7 44853.0000 32923.7257  26.6%   6.7  165s
 76303 50492 34226.6768   37   22 44853.0000 33068.1054  26.3%   6.8  171s
 77960 51188 33883.1836   39   23 44853.0000 33127.8397  26.1%   6.8  178s
 79192 52007 33584.0279   39   23 44853.0000 33160.5516  26.1%   6.9  182s
 80527 52717 33610.9137   41   27 44853.0000 33175.3056  26.0%   6.9  186s
 81939 53434 33515.8379   40   23 44853.0000 33184.0873  26.0%   6.9  190s
 84823 55111 34009.4436   40   18 44853.0000 33223.8383  25.9%   7.0  198s
 86437 56211 34128.1863   41   15 44853.0000 33245.0666  25.9%   7.1  201s
 88389 57046 34052.6272   38   25 44853.0000 33245.0666  25.9%   7.1  206s
 90096 57726 37059.5265   76    1 44853.0000 33256.1371  25.9%   7.1  211s
 91558 58750 34132.8469   44   15 44853.0000 33272.8536  25.8%   7.1  216s
 93307 59662 34374.1255   52   17 44853.0000 33283.5362  25.8%   7.2  220s
 95062 60498 37432.0237   72    1 44853.0000 33295.0124  25.8%   7.2  225s
 96721 61258 33688.0273   39   20 44853.0000 33307.1304  25.7%   7.2  230s
 98834 62663 34118.6072   41   19 44853.0000 33317.7672  25.7%   7.2  235s
 102863 64500 34049.1979   55   16 44853.0000 33336.2713  25.7%   7.3  246s
 104727 65531 42179.7576   73    1 44853.0000 33346.5368  25.7%   7.3  251s
 106698 66648 34079.8904   41   18 44853.0000 33347.4435  25.7%   7.3  256s
 108677 67870 36749.5233   72    4 44853.0000 33367.1859  25.6%   7.4  262s
 110912 68912 35097.7215   61    3 44853.0000 33375.3587  25.6%   7.4  267s
 113410 70096 34608.2413   56   11 44853.0000 33382.4535  25.6%   7.4  274s
 116212 71352 34068.6278   32   33 44853.0000 33382.6268  25.6%   7.4  279s
 116547 71286 36890.0000   75    - 44853.0000 33393.2353  25.5%   7.4  280s
 118332 72441 33936.1902   36   27 44853.0000 33399.1019  25.5%   7.4  286s
 120308 73702 34776.1558   51   11 44853.0000 33399.6350  25.5%   7.5  293s
 122566 75030 35862.4989   64    3 44853.0000 33408.0172  25.5%   7.5  299s
 125116 76300 34634.9833   47   15 44853.0000 33419.1450  25.5%   7.5  304s
 127414 77891 33926.6823   40   23 44853.0000 33428.2437  25.5%   7.6  312s
 130199 79183 33857.5525   39   30 44853.0000 33429.4836  25.5%   7.6  318s
 132534 78708 34870.4408   47    9 44853.0000 33438.3045  25.4%   7.6  323s
 132629 80498 35618.9599   48    4 44853.0000 33438.3045  25.4%   7.6  330s
 135051 81587 35554.2323   62    7 44853.0000 33439.2224  25.4%   7.7  340s
 137355 83107 34679.7559   44   26 44853.0000 33446.3716  25.4%   7.7  347s
 140087 84593 36626.1810   56   13 44853.0000 33455.9024  25.4%   7.7  355s
 142832 86398 34372.6984   41   25 44853.0000 33462.7412  25.4%   7.7  362s
 145902 87609 35026.4612   42   23 44853.0000 33465.0045  25.4%   7.7  370s
 148522 88928 34162.1026   49   16 44853.0000 33478.2122  25.4%   7.7  379s
 150970 88457 35308.2590   52    3 44853.0000 33486.6838  25.3%   7.8  380s
 151069 90468 34910.5553   44   22 44853.0000 33486.6838  25.3%   7.8  387s
 153751 91889 35215.4362   52   11 44853.0000 33493.5721  25.3%   7.8  395s
 156646 93196 34425.2683   40   22 44853.0000 33498.1167  25.3%   7.8  404s
 159107 94666 34325.2083   43   18 44853.0000 33504.8430  25.3%   7.8  412s
 162225 95982 35285.5714   65    6 44853.0000 33504.9045  25.3%   7.8  421s
 164991 97502 33816.9275   38   26 44853.0000 33515.2452  25.3%   7.8  430s
 167635 98933 33835.2464   34   27 44853.0000 33521.7257  25.3%   7.8  438s
 170503 100519 34169.7049   39   27 44853.0000 33525.8508  25.3%   7.8  448s
 173446 102016 36008.4710   67    2 44853.0000 33532.4027  25.2%   7.9  457s
 176984 104609 35076.7770   44   26 44853.0000 33536.9080  25.2%   7.8  465s
 179526 106899 35936.0288   60   12 44853.0000 33541.8450  25.2%   7.8  476s
 182210 108914 35222.8023   54    8 44853.0000 33548.0745  25.2%   7.9  487s
 184434 110897 34294.7118   44   19 44853.0000 33554.3840  25.2%   7.9  498s
 186799 113156 34934.8492   53   15 44853.0000 33558.2106  25.2%   7.9  506s
 189323 115547 34870.0538   55    7 44853.0000 33558.2106  25.2%   7.9  515s
 192177 116472 38687.0000   77    - 44853.0000 33559.4297  25.2%   7.9  526s
 192943 118148 39521.0987   79    2 44853.0000 33566.5252  25.2%   7.9  536s
 195135 120027 35246.5864   49   16 44853.0000 33567.3135  25.2%   7.9  546s
 197160 122197 35426.9807   41   21 44853.0000 33574.4710  25.1%   8.0  555s
 199771 124244 34239.6926   40   24 44853.0000 33575.2476  25.1%   8.0  566s
 202222 126223 34746.5983   51   13 44853.0000 33581.3678  25.1%   8.0  578s
 204560 128149 34020.8741   38   26 44853.0000 33587.3338  25.1%   8.0  588s
 206833 130187 34050.1216   48   18 44853.0000 33591.8476  25.1%   8.0  597s
 208959 130869 35778.7826   58    6 44853.0000 33597.3184  25.1%   8.0  600s

Cutting planes:
  Gomory: 6
  MIR: 7
  Flow cover: 12

Explored 209486 nodes (1683020 simplex iterations) in 600.53 seconds (198.03 work units)
Thread count was 32 (of 32 available processors)

Solution count 10: 44853 45488 45830 ... 69955

Time limit reached
Best objective 4.485300000000e+04, best bound 3.359731835323e+04, gap 25.0946%

User-callback calls 449037, time in user-callback 23.18 sec
