
Gurobi 13.0.2 (win64) logging started Wed Jul 15 20:53:34 2026

Set parameter LogFile to value "logs/kstar_nI40_nJ40_nK50_nL5_tI2_tJ2_s2_m0_exact_s0_20260715-205334.gurobi.log"
Set parameter Seed to value 0
Set parameter TimeLimit to value 599.9756037
Set parameter NodefileStart to value 4
Set parameter MIPGap to value 0
Set parameter MIPGapAbs to value 0.9999
Set parameter Cutoff to value 1e+100
Gurobi Optimizer version 13.0.2 build v13.0.2rc1 (win64 - Windows 11+.0 (26200.2))

CPU model: Intel(R) Core(TM) i9-14900HX, instruction set [SSE2|AVX|AVX2]
Thread count: 24 physical cores, 32 logical processors, using up to 32 threads

Non-default parameters:
TimeLimit  599.9756037
MIPGap  0
MIPGapAbs  0.9999
NodefileStart  4

Optimize a model with 850 rows, 18080 columns and 46400 nonzeros (Min)
Model fingerprint: 0x87ca587d
Model has 18080 linear objective coefficients
Variable types: 18000 continuous, 80 integer (80 binary)
Coefficient statistics:
  Matrix range     [1e+00, 6e+02]
  Objective range  [1e+00, 5e+02]
  Bounds range     [1e+00, 1e+00]
  RHS range        [5e+00, 2e+01]

Using branch priorities.
Found heuristic solution: objective 322383.00000
Presolve time: 0.02s
Presolved: 850 rows, 18080 columns, 46400 nonzeros
Variable types: 18000 continuous, 80 integer (80 binary)

Root relaxation: objective 1.804346e+04, 694 iterations, 0.02 seconds (0.01 work units)

    Nodes    |    Current Node    |     Objective Bounds      |     Work
 Expl Unexpl |  Obj  Depth IntInf | Incumbent    BestBd   Gap | It/Node Time

     0     0 18043.4633    0   76 322383.000 18043.4633  94.4%     -    0s
H    0     0                    37962.669202 18043.4633  52.5%     -    0s
H    0     0                    37498.000000 18043.4633  51.9%     -    0s
H    0     0                    37292.000000 18043.4633  51.6%     -    0s
H    0     0                    37070.568388 24451.1664  34.0%     -    0s
     0     0 24451.1664    0   68 37070.5684 24451.1664  34.0%     -    0s
H    0     0                    36204.000000 24470.6221  32.4%     -    0s
H    0     0                    35584.000000 24470.6221  31.2%     -    0s
H    0     0                    34714.000000 24470.6221  29.5%     -    0s
     0     0 24592.5636    0   68 34714.0000 24592.5636  29.2%     -    0s
     0     0 24594.0232    0   68 34714.0000 24594.0232  29.2%     -    0s
     0     0 26095.4333    0   71 34714.0000 26095.4333  24.8%     -    0s
H    0     0                    34148.000000 26111.7318  23.5%     -    0s
H    0     0                    34089.000000 26111.7318  23.4%     -    0s
     0     0 26567.9334    0   76 34089.0000 26567.9334  22.1%     -    0s
     0     0 26687.6574    0   75 34089.0000 26687.6574  21.7%     -    0s
     0     0 26709.0264    0   75 34089.0000 26709.0264  21.6%     -    0s
H    0     0                    33140.781235 26716.5312  19.4%     -    0s
     0     0 26716.5312    0   74 33140.7812 26716.5312  19.4%     -    0s
     0     0 27775.1421    0   76 33140.7812 27775.1421  16.2%     -    0s
H    0     0                    31592.000000 28117.3756  11.0%     -    0s
H    0     0                    31458.000000 28117.3756  10.6%     -    0s
H    0     0                    31435.000000 28117.3756  10.6%     -    0s
H    0     0                    31400.000000 28117.3756  10.5%     -    0s
     0     0 28117.3756    0   77 31400.0000 28117.3756  10.5%     -    0s
H    0     0                    31374.000000 28195.0872  10.1%     -    0s
H    0     0                    31357.000000 28195.0872  10.1%     -    0s
H    0     0                    31350.000000 28195.0872  10.1%     -    0s
H    0     0                    31231.000000 28195.0872  9.72%     -    0s
H    0     0                    31119.000000 28195.0872  9.40%     -    0s
     0     0 28195.0872    0   75 31119.0000 28195.0872  9.40%     -    0s
     0     0 28226.7119    0   76 31119.0000 28226.7119  9.29%     -    0s
     0     0 28245.3039    0   77 31119.0000 28245.3039  9.23%     -    0s
     0     0 28250.4693    0   76 31119.0000 28250.4693  9.22%     -    0s
H    0     0                    31081.573693 28505.1024  8.29%     -    0s
H    0     0                    30995.000000 28505.1024  8.03%     -    0s
     0     0 28505.1024    0   78 30995.0000 28505.1024  8.03%     -    0s
     0     0 28622.9818    0   78 30995.0000 28622.9818  7.65%     -    0s
     0     0 28652.5766    0   78 30995.0000 28652.5766  7.56%     -    0s
     0     0 28664.7213    0   76 30995.0000 28664.7213  7.52%     -    0s
     0     0 28670.1518    0   77 30995.0000 28670.1518  7.50%     -    0s
     0     0 28745.0195    0   76 30995.0000 28745.0195  7.26%     -    1s
     0     0 28766.8700    0   73 30995.0000 28766.8700  7.19%     -    1s
     0     0 28790.7681    0   73 30995.0000 28790.7681  7.11%     -    1s
     0     0 28797.4655    0   75 30995.0000 28797.4655  7.09%     -    1s
H    0     0                    30724.785281 28838.9510  6.14%     -    1s
H    0     0                    30692.239826 28838.9510  6.04%     -    1s
H    0     0                    30560.495984 28838.9510  5.63%     -    1s
H    0     0                    30398.000000 28838.9510  5.13%     -    1s
     0     0 28838.9510    0   73 30398.0000 28838.9510  5.13%     -    1s
     0     0 28839.2549    0   73 30398.0000 28839.2549  5.13%     -    1s
     0     0 28839.2549    0   73 30398.0000 28839.2549  5.13%     -    1s
     0     2 28841.3216    0   73 30398.0000 28841.3216  5.12%     -    1s
H   73    97                    29953.000000 28988.4361  3.22%   229    1s
H   83    97                    29904.000000 28988.8045  3.06%   220    1s
H   95    97                    29801.000000 28988.8045  2.73%   212    1s
*  566   514              35    29597.000000 29089.6947  1.71%   109    2s
H 1524   869                    29506.000000 29216.3296  0.98%  83.5    3s
* 1532   869              31    29452.000000 29216.3296  0.80%  83.2    3s
* 2517   245              28    29428.000000 29373.4735  0.19%  74.0    4s

Cutting planes:
  Implied bound: 466
  MIR: 361
  Flow cover: 529
  Relax-and-lift: 21

Explored 3159 nodes (197056 simplex iterations) in 4.34 seconds (7.10 work units)
Thread count was 32 (of 32 available processors)

Solution count 10: 29428 29452 29506 ... 30692.2

Optimal solution found (tolerance 0.00e+00)
Best objective 2.942800000000e+04, best bound 2.942800000000e+04, gap 0.0000%
