
Gurobi 13.0.2 (win64) logging started Fri Jul 17 01:35:22 2026

Set parameter LogFile to value "logs/kstar_nI40_nJ20_nK100_nL5_tI6_tJ6_s4_m1_exact_s0_20260717-013522.gurobi.log"
Set parameter Seed to value 0
Set parameter TimeLimit to value 599.9799907
Set parameter MIPGap to value 0
Set parameter MIPGapAbs to value 0.5
Set parameter Cutoff to value 1e+100
Gurobi Optimizer version 13.0.2 build v13.0.2rc1 (win64 - Windows 11+.0 (26200.2))

CPU model: Intel(R) Core(TM) i9-14900HX, instruction set [SSE2|AVX|AVX2]
Thread count: 24 physical cores, 32 logical processors, using up to 32 threads

Non-default parameters:
TimeLimit  599.9799907
MIPGap  0
MIPGapAbs  0.5
PreCrush  1
LazyConstraints  1

Optimize a model with 10 rows, 65 columns and 300 nonzeros (Min)
Model fingerprint: 0x3f8ccace
Model has 65 linear objective coefficients
Variable types: 5 continuous, 60 integer (60 binary)
Coefficient statistics:
  Matrix range     [4e+00, 1e+03]
  Objective range  [1e+00, 5e+02]
  Bounds range     [1e+00, 1e+04]
  RHS range        [1e+03, 1e+03]

Using branch priorities.
Presolve removed 8 rows and 0 columns
Presolve time: 0.02s
Presolved: 2 rows, 65 columns, 60 nonzeros
Variable types: 5 continuous, 60 integer (60 binary)

Root relaxation: objective 5.064190e+04, 4 iterations, 0.00 seconds (0.00 work units)

    Nodes    |    Current Node    |     Objective Bounds      |     Work
 Expl Unexpl |  Obj  Depth IntInf | Incumbent    BestBd   Gap | It/Node Time

     0     0 50641.9017    0    2          - 50641.9017      -     -    0s
H    0     0                    161019.00000 50641.9017  68.5%     -    0s
H    0     0                    147345.00000 50641.9017  65.6%     -    0s
H    0     0                    147164.00000 50641.9017  65.6%     -    0s
H    0     0                    144573.00000 50641.9017  65.0%     -    0s
H    0     0                    133413.00000 50641.9017  62.0%     -    0s
     0     0 50876.2507    0    4 133413.000 50876.2507  61.9%     -    0s
     0     0 50926.4731    0    9 133413.000 50926.4731  61.8%     -    0s
     0     0 51007.4605    0   13 133413.000 51007.4605  61.8%     -    0s
     0     0 51009.0034    0   13 133413.000 51009.0034  61.8%     -    0s
     0     2 51010.6214    0   15 133413.000 51010.6214  61.8%     -    0s
H 3406  2879                    106541.00000 51136.8795  52.0%   3.1    1s
H 3406  2735                    106494.00000 51136.8795  52.0%   3.1    1s
H 3408  2599                    103657.00000 51183.9844  50.6%   3.1    2s
H 3412  2472                    102866.00000 51216.0427  50.2%   3.1    2s
  5400  3809 63267.4265   47    3 102866.000 51327.6074  50.1%   4.3    5s
 11032  6708 52389.5909   26   12 102866.000 51554.4022  49.9%   4.1   10s
 16074 10774 52274.1965   24   13 102866.000 51598.2674  49.8%   4.1   15s
 19014 13591 52251.1331   23   13 102866.000 51636.0589  49.8%   4.1   20s
 25565 19276 52715.4420   25   11 102866.000 51702.7507  49.7%   4.0   25s
 31400 24589 52935.3306   36    4 102866.000 51747.8117  49.7%   4.0   31s
 35867 28213 61385.9269   58    2 102866.000 51815.0996  49.6%   4.0   36s
 38959 30995 54809.1965   27    8 102866.000 51832.2869  49.6%   3.9   40s
 44120 35231 55806.2279   36    2 102866.000 51889.7426  49.6%   3.9   46s
 47744 38205 54253.8755   36    6 102866.000 51912.4856  49.5%   3.9   51s
 51482 41040 53747.3289   41    1 102866.000 51935.1972  49.5%   3.9   56s
 55137 43044 52927.5779   32   13 102866.000 51958.0820  49.5%   3.9   65s
H55141 40894                    94261.000000 51958.0820  44.9%   3.9   69s
 55145 40896 53774.0000   45   26 94261.0000 51958.0820  44.9%   3.9   70s
H55145 38851                    79229.000000 51958.0820  34.4%   3.9   71s
H55147 36910                    78979.000000 51958.0820  34.2%   3.9   73s
H55147 35065                    78633.000000 51958.0820  33.9%   3.9   73s
 55151 35067 55878.0000   52   27 78633.0000 51958.0820  33.9%   3.9   75s
 55186 35124 51958.0820   31   22 78633.0000 51958.0820  33.9%   3.9   80s
 55785 35582 57252.6166   40    4 78633.0000 51958.0820  33.9%   4.1   85s
 56672 36164 58716.0031   47    4 78633.0000 51958.0820  33.9%   4.1   90s
 58487 36944 53398.2305   34   12 78633.0000 51995.1837  33.9%   4.1   95s
 60404 38267 55124.7102   49    4 78633.0000 52177.6571  33.6%   4.2  100s
 62149 39144 58276.9375   52    1 78633.0000 52220.3903  33.6%   4.2  105s
 64744 40673 58505.1500   53    3 78633.0000 52396.9018  33.4%   4.2  110s
 67564 42089 73924.9982   79    1 78633.0000 52546.1493  33.2%   4.2  116s
 69033 42611 61361.0213   73    1 78633.0000 52627.4254  33.1%   4.2  121s
 70613 43463 60003.3077   77    1 78633.0000 52652.4856  33.0%   4.2  125s
 72537 44100 54646.7421   41   11 78633.0000 52715.6481  33.0%   4.2  130s
 73743 44898 62519.4502   64    1 78633.0000 52732.8528  32.9%   4.2  136s
 75344 45842 55516.0955   54    3 78633.0000 52760.7142  32.9%   4.2  141s
 76401 46208 55180.6368   55    3 78633.0000 52778.6499  32.9%   4.3  145s
 77759 46762 57998.0000   62    - 78633.0000 52784.3660  32.9%   4.3  150s
 79196 47770 55254.6184   53    1 78633.0000 52819.2122  32.8%   4.3  155s
 81532 49218 56173.0606   46    4 78633.0000 52826.9464  32.8%   4.3  161s
 84797 50801 55029.2765   41    6 78633.0000 52886.5910  32.7%   4.3  168s
 86241 51798 53786.4855   36   14 78633.0000 52890.6978  32.7%   4.3  171s
 88293 52438 55568.6195   65    3 78633.0000 52917.9635  32.7%   4.3  175s
 91990 54105 58836.0000   63    - 78633.0000 52965.6876  32.6%   4.3  182s
 93678 55268 54058.2562   41   13 78633.0000 52978.9271  32.6%   4.3  187s
 95889 56402 56087.9383   40   10 78633.0000 53010.7509  32.6%   4.3  191s
 98114 57420 54093.2913   37   16 78633.0000 53019.5012  32.6%   4.3  196s
 100489 58926 57646.2238   59    4 78633.0000 53026.8232  32.6%   4.3  201s
 103253 60051 62470.8589   65    1 78633.0000 53057.9548  32.5%   4.3  205s
 105814 61325 54843.5010   46   12 78633.0000 53073.6634  32.5%   4.3  211s
 108911 62681 54472.6638   38   12 78633.0000 53111.3923  32.5%   4.3  217s
 111663 63864 55982.0090   37   11 78633.0000 53132.4569  32.4%   4.3  222s
 114446 65064 55867.2590   45    6 78633.0000 53152.8899  32.4%   4.3  228s
 117110 66729 55484.0110   39    8 78633.0000 53152.8899  32.4%   4.3  234s
 120135 68046 56464.5704   50    4 78633.0000 53200.4568  32.3%   4.3  239s
 121371 67895 54540.9875   50    4 78633.0000 53200.7588  32.3%   4.3  240s
 123074 69484 55186.6163   46    8 78633.0000 53200.8719  32.3%   4.3  246s
 126073 71148 54446.1317   38   20 78633.0000 53221.9953  32.3%   4.3  252s
 129289 72705 55940.5622   46    9 78633.0000 53251.1037  32.3%   4.3  258s
 132712 74002 57806.0000   74    - 78633.0000 53259.0018  32.3%   4.3  266s
 135519 75453 55091.7854   46    8 78633.0000 53274.2043  32.2%   4.3  274s
 138542 77036 55829.5322   52    6 78633.0000 53296.1801  32.2%   4.3  281s
 141957 78531 56121.0461   44    8 78633.0000 53309.3520  32.2%   4.3  288s
 145120 79957 55581.8716   43    8 78633.0000 53338.7647  32.2%   4.3  295s
 147970 80913 58463.4190   62    3 78633.0000 53352.8559  32.1%   4.3  301s
 150177 82196 56005.5113   50    5 78633.0000 53368.7484  32.1%   4.3  309s
 152853 83579 56603.6980   40   13 78633.0000 53376.8481  32.1%   4.3  315s
 155601 84752 62978.4366   66    2 78633.0000 53391.9098  32.1%   4.3  322s
 158724 86118 58201.2724   65    2 78633.0000 53391.9098  32.1%   4.3  331s
 161585 87858 58407.1750   77    1 78633.0000 53413.4380  32.1%   4.3  338s
 164492 89997 62900.0000   77    - 78633.0000 53430.1582  32.1%   4.3  345s
 167453 92109 57917.4587   54    1 78633.0000 53444.9472  32.0%   4.3  355s
 169664 94110 60381.8612   66    1 78633.0000 53454.5725  32.0%   4.3  362s
 172106 96176 55892.9481   45    7 78633.0000 53454.5725  32.0%   4.3  369s
 174832 98435 56583.2014   44   12 78633.0000 53476.7579  32.0%   4.3  376s
 177435 100170 56717.3010   67    2 78633.0000 53485.8110  32.0%   4.4  384s
 180327 102551 57327.5832   42   13 78633.0000 53509.5357  32.0%   4.4  393s
 182844 104756 58987.6097   70    1 78633.0000 53518.0662  31.9%   4.4  400s
 185571 106723 55541.9226   40   16 78633.0000 53536.4944  31.9%   4.4  408s
 187907 108779 57008.1942   58    5 78633.0000 53546.0998  31.9%   4.4  417s
 190396 110297 55309.3294   56    6 78633.0000 53557.7614  31.9%   4.4  427s
 192072 111936 56207.5786   53    4 78633.0000 53568.4436  31.9%   4.4  434s
 194532 114090 54479.3380   40   15 78633.0000 53578.4260  31.9%   4.4  442s
 196882 114763 55996.7738   44    9 78633.0000 53583.0199  31.9%   4.4  452s
 197446 116495 56055.1168   45   10 78633.0000 53583.0199  31.9%   4.4  460s
 199906 117889 56176.3536   47    6 78633.0000 53593.5405  31.8%   4.4  467s
 201405 119602 55938.8644   59    3 78633.0000 53600.4614  31.8%   4.4  475s
 203738 121499 57332.4935   56   10 78633.0000 53611.9512  31.8%   4.4  484s
 206049 123398 57159.3064   48   10 78633.0000 53614.3963  31.8%   4.4  492s
 208511 125558 56232.8953   68    1 78633.0000 53629.9110  31.8%   4.4  500s
 210982 127435 56071.0869   41   15 78633.0000 53639.3226  31.8%   4.4  510s
 213286 129187 56417.2904   47    9 78633.0000 53649.6679  31.8%   4.4  521s
 215349 130999 57421.6703   60    2 78633.0000 53659.5035  31.8%   4.5  529s
 217730 132879 57120.3351   48    9 78633.0000 53667.0000  31.8%   4.5  537s
 219996 134359 55440.5360   46    9 78633.0000 53670.0111  31.7%   4.5  548s
 222416 136584 57370.3753   56    5 78633.0000 53685.5095  31.7%   4.5  556s
 224824 138545 56955.7209   43   18 78633.0000 53694.0464  31.7%   4.5  565s
 227220 140302 60694.1228   61    1 78633.0000 53702.4463  31.7%   4.5  574s
 229281 141795 57008.0638   47    4 78633.0000 53703.8126  31.7%   4.5  583s
 231011 143480 58115.2334   59    5 78633.0000 53705.8955  31.7%   4.5  591s
 233191 145243 59794.1129   52    7 78633.0000 53720.3009  31.7%   4.5  599s
 233789 145352 58359.4818   50   11 78633.0000 53720.3009  31.7%   4.5  600s

Cutting planes:
  Gomory: 1
  MIR: 11
  StrongCG: 1
  Flow cover: 4

Explored 235381 nodes (1060920 simplex iterations) in 601.63 seconds (168.19 work units)
Thread count was 32 (of 32 available processors)

Solution count 10: 78633 78979 79229 ... 144573

Time limit reached
Best objective 7.863300000000e+04, best bound 5.372800109567e+04, gap 31.6725%

User-callback calls 485420, time in user-callback 50.89 sec
