
Gurobi 13.0.2 (win64) logging started Thu Jul 16 18:43:21 2026

Set parameter LogFile to value "logs/kstar_nI40_nJ20_nK100_nL10_tI3_tJ3_s3_m1_exact_s0_20260716-184321.gurobi.log"
Set parameter Seed to value 0
Set parameter TimeLimit to value 599.965224
Set parameter MIPGap to value 0
Set parameter MIPGapAbs to value 0.5
Set parameter Cutoff to value 1e+100
Gurobi Optimizer version 13.0.2 build v13.0.2rc1 (win64 - Windows 11+.0 (26200.2))

CPU model: Intel(R) Core(TM) i9-14900HX, instruction set [SSE2|AVX|AVX2]
Thread count: 24 physical cores, 32 logical processors, using up to 32 threads

Non-default parameters:
TimeLimit  599.965224
MIPGap  0
MIPGapAbs  0.5
PreCrush  1
LazyConstraints  1

Optimize a model with 20 rows, 70 columns and 600 nonzeros (Min)
Model fingerprint: 0x3e3f7f87
Model has 70 linear objective coefficients
Variable types: 10 continuous, 60 integer (60 binary)
Coefficient statistics:
  Matrix range     [7e+00, 1e+03]
  Objective range  [1e+00, 5e+02]
  Bounds range     [1e+00, 1e+04]
  RHS range        [1e+03, 1e+03]

Using branch priorities.
Presolve removed 6 rows and 0 columns
Presolve time: 0.00s
Presolved: 14 rows, 70 columns, 440 nonzeros
Variable types: 10 continuous, 60 integer (60 binary)

Root relaxation: objective 1.016073e+05, 6 iterations, 0.00 seconds (0.00 work units)

    Nodes    |    Current Node    |     Objective Bounds      |     Work
 Expl Unexpl |  Obj  Depth IntInf | Incumbent    BestBd   Gap | It/Node Time

     0     0 101607.266    0    3          - 101607.266      -     -    0s
H    0     0                    577169.00000 101607.266  82.4%     -    0s
H    0     0                    506109.00000 101607.266  79.9%     -    0s
H    0     0                    491560.00000 101607.266  79.3%     -    0s
     0     0 101724.323    0    7 491560.000 101724.323  79.3%     -    0s
     0     0 101846.536    0    9 491560.000 101846.536  79.3%     -    0s
H    0     0                    472752.00000 101866.113  78.5%     -    0s
H    0     0                    451674.00000 101866.113  77.4%     -    0s
     0     0 101884.756    0    9 451674.000 101884.756  77.4%     -    0s
     0     0 101886.488    0    9 451674.000 101886.488  77.4%     -    0s
     0     2 101911.879    0    8 451674.000 101911.879  77.4%     -    0s
H 3786  3128                    389246.00000 102054.620  73.8%   2.7    5s
H 3788  2972                    279298.00000 102063.681  63.5%   2.7    5s
H 3793  2826                    255682.00000 102063.681  60.1%   2.7    6s
  4120  3141 102262.372   25   13 255682.000 102105.854  60.1%   3.8   10s
  4936  3581 102956.275   33    6 255682.000 102108.490  60.1%   4.5   15s
  6082  4351 105032.185   53    4 255682.000 102110.353  60.1%   4.6   20s
  7624  5048 102510.437   25   11 255682.000 102166.500  60.0%   4.6   25s
 10090  6320 102688.462   26   11 255682.000 102194.018  60.0%   4.5   30s
 11706  7084 115936.000   60    - 255682.000 102209.233  60.0%   4.6   35s
 13902  8792 102971.649   53    8 255682.000 102217.856  60.0%   4.6   40s
 16291 10741 118393.000   68    - 255682.000 102247.148  60.0%   4.6   45s
 17541 11608 102936.744   38   12 255682.000 102255.061  60.0%   4.7   51s
 18158 12401 103172.646   41   11 255682.000 102255.061  60.0%   4.7   55s
 19264 13088 103854.016   43    3 255682.000 102278.100  60.0%   4.6   60s
 19933 13572 102658.656   34   12 255682.000 102278.100  60.0%   4.7   65s
 20899 14657 103719.181   46    3 255682.000 102278.100  60.0%   4.7   71s
 21982 15734 103799.894   48    2 255682.000 102278.100  60.0%   4.7   75s
 23168 16628 103931.346   47    3 255682.000 102323.075  60.0%   4.8   80s
 24693 18054 102848.892   34   11 255682.000 102327.785  60.0%   4.8   85s
 26272 19560 102979.484   45   13 255682.000 102327.785  60.0%   4.9   91s
 28723 20900 102555.277   25   15 255682.000 102348.792  60.0%   4.8   97s
 28839 21114 102851.082   26   13 255682.000 102348.792  60.0%   4.9  100s
 29700 22171 102910.808   38   10 255682.000 102348.792  60.0%   4.9  107s
 30502 22821 102803.960   30   16 255682.000 102362.798  60.0%   4.9  111s
 31495 23426 104499.666   66    1 255682.000 102362.798  60.0%   4.8  115s
 32539 24434 103207.807   32   13 255682.000 102378.187  60.0%   4.8  120s
 34411 25352 103402.929   31    4 255682.000 102384.265  60.0%   4.9  125s
 35279 26716 103247.166   33    1 255682.000 102393.281  60.0%   4.9  134s
 36458 26981 103450.347   33    4 255682.000 102393.993  60.0%   4.9  135s
 36459 27839 102673.607   29   18 255682.000 102393.993  60.0%   4.9  140s
 37857 29159 102700.796   27   16 255682.000 102398.820  60.0%   4.9  146s
 39321 30741 103023.396   53   14 255682.000 102402.427  59.9%   4.9  151s
 41244 32183 102684.154   33   17 255682.000 102403.499  59.9%   5.0  156s
 42890 33546 103186.021   34   11 255682.000 102416.839  59.9%   5.0  161s
 44526 34704 103072.202   40    7 255682.000 102426.317  59.9%   5.0  167s
 46584 36605 103193.498   41    6 255682.000 102427.405  59.9%   5.0  172s
 48423 38186 102906.322   41   13 255682.000 102429.920  59.9%   5.0  178s
 50344 39985 103625.169   34    1 255682.000 102434.873  59.9%   5.1  184s
 50658 40028 103389.351   37    7 255682.000 102434.873  59.9%   5.1  185s
 52470 41529 103256.820   40   10 255682.000 102443.338  59.9%   5.1  191s
 54165 43278 130189.302   67    1 255682.000 102449.758  59.9%   5.1  198s
 56199 44983 102726.499   28   11 255682.000 102449.973  59.9%   5.1  204s
 57419 45152 102901.860   28   17 255682.000 102455.507  59.9%   5.1  205s
 58219 45270 116986.000   72    9 255682.000 102460.688  59.9%   5.2  222s
H58220 43007                    255422.00000 102460.688  59.9%   5.2  225s
 58223 43009 106658.147   57   26 255422.000 102460.688  59.9%   5.2  232s
 58226 43011 104658.000   47   27 255422.000 102460.688  59.9%   5.2  235s
H58226 40860                    247499.00000 102460.688  58.6%   5.2  238s
 58228 40861 104173.790   62   28 247499.000 102460.688  58.6%   5.2  240s
 58231 40863 104228.769   63   28 247499.000 102460.688  58.6%   5.2  246s
 58234 40865 103892.000   60   26 247499.000 102460.688  58.6%   5.2  251s
 58236 40866 103229.145   39   28 247499.000 102460.688  58.6%   5.2  256s
 58244 40881 102460.688   32   25 247499.000 102460.688  58.6%   5.2  260s
 58332 41067 102587.729   36   24 247499.000 102460.688  58.6%   5.2  266s
 58500 41126 102713.371   37   20 247499.000 102460.688  58.6%   5.3  271s
 58848 41397 102867.249   39   17 247499.000 102460.688  58.6%   5.3  276s
 59255 41636 103178.197   41   13 247499.000 102460.688  58.6%   5.4  280s
 59627 41811 103370.468   43   16 247499.000 102460.688  58.6%   5.4  285s
 59907 41928 103526.196   45   15 247499.000 102460.688  58.6%   5.4  291s
 60024 42125 103476.904   46    8 247499.000 102460.688  58.6%   5.4  296s
 60476 42384 103723.781   49   11 247499.000 102460.688  58.6%   5.4  302s
 60717 42358 103852.639   50   10 247499.000 102460.688  58.6%   5.4  305s
 60975 42584 103874.057   53    5 247499.000 102460.688  58.6%   5.4  310s
 61704 43024 106494.301   66    1 247499.000 102519.258  58.6%   5.4  316s
 62513 43552 102952.508   37   12 247499.000 102530.696  58.6%   5.4  321s
 63184 43760 104214.409   63    3 247499.000 102530.696  58.6%   5.4  325s
 64129 44384 102846.388   43   19 247499.000 102588.188  58.6%   5.4  330s
 64913 44679 103399.462   52   11 247499.000 102603.347  58.5%   5.4  337s
 65338 44973 104812.752   68    3 247499.000 102603.347  58.5%   5.4  341s
 65947 45226 103059.554   40   16 247499.000 102606.634  58.5%   5.4  345s
 67171 46040 103022.188   39   15 247499.000 102638.689  58.5%   5.4  355s
 67894 46277 104164.234   66    3 247499.000 102638.689  58.5%   5.5  360s
 69269 47072 103779.430   58    3 247499.000 102642.072  58.5%   5.5  368s
 70036 47454 102884.094   38   22 247499.000 102642.072  58.5%   5.5  372s
 70770 47885 103657.666   48    7 247499.000 102642.072  58.5%   5.5  376s
 71586 47773 104884.916   81    1 247499.000 102642.072  58.5%   5.5  380s
 71618 48217 105131.000   82    - 247499.000 102642.072  58.5%   5.5  385s
 72306 48142 103213.763   43   16 247499.000 102642.072  58.5%   5.5  390s
 72346 48563 103222.246   44   15 247499.000 102670.043  58.5%   5.5  395s
 73017 49101 103020.600   47   14 247499.000 102699.659  58.5%   5.5  401s
 73932 49516 103012.253   41   17 247499.000 102699.659  58.5%   5.5  406s
 74796 49752 107947.536   65    1 247499.000 102699.659  58.5%   5.5  411s
 75898 50320 103781.790   61    4 247499.000 102737.214  58.5%   5.5  417s
 76918 50864 103535.750   41   11 247499.000 102768.284  58.5%   5.5  422s
 77786 51376 104491.584   71    3 247499.000 102768.284  58.5%   5.5  428s
 78924 52016 102988.101   40   18 247499.000 102775.559  58.5%   5.5  433s
 80360 51899 105365.908   79    4 247499.000 102787.631  58.5%   5.5  440s
 80413 52416 105432.927   80    3 247499.000 102787.631  58.5%   5.5  447s
 81283 53072 103216.818   54   16 247499.000 102796.683  58.5%   5.5  454s
 82441 53753 103367.420   52    8 247499.000 102797.270  58.5%   5.5  461s
 83685 53554 103219.305   50   14 247499.000 102816.496  58.5%   5.5  469s
 83717 54453 103301.551   51   13 247499.000 102816.496  58.5%   5.5  476s
 84968 54906 103313.870   52   13 247499.000 102819.725  58.5%   5.5  485s
 86023 55547 103367.603   53   12 247499.000 102821.391  58.5%   5.5  493s
 87304 56272 103382.590   54   14 247499.000 102821.391  58.5%   5.5  501s
 88871 57259 103515.265   55   12 247499.000 102835.115  58.5%   5.5  509s
 90536 58005 103635.608   56   10 247499.000 102842.089  58.4%   5.5  518s
 92021 58880 103783.825   57    8 247499.000 102851.385  58.4%   5.6  526s
 93585 59854 103906.271   58    5 247499.000 102858.511  58.4%   5.6  535s
 95426 60669 103963.839   59    7 247499.000 102862.697  58.4%   5.6  545s
 97106 61618 104009.489   60    5 247499.000 102868.451  58.4%   5.6  555s
 98960 61489 104283.422   61    2 247499.000 102874.000  58.4%   5.6  566s
 99219 62437 104317.138   62    1 247499.000 102876.553  58.4%   5.6  576s
 100681 63119 103058.165   44   18 247499.000 102877.592  58.4%   5.6  589s
 102016 64100 103428.635   42   12 247499.000 102885.232  58.4%   5.6  599s
 102131 64077 104131.143   59    8 247499.000 102886.130  58.4%   5.6  600s

Cutting planes:
  Cover: 1
  MIR: 13
  Flow cover: 4

Explored 103823 nodes (581915 simplex iterations) in 602.24 seconds (288.65 work units)
Thread count was 32 (of 32 available processors)

Solution count 10: 247499 255422 255682 ... 577169

Time limit reached
Best objective 2.474990000000e+05, best bound 1.028905514927e+05, gap 58.4279%

User-callback calls 248868, time in user-callback 90.94 sec
