
Gurobi 13.0.2 (win64) logging started Fri Jul 17 21:55:13 2026

Set parameter LogFile to value "logs/kstar_nI40_nJ40_nK50_nL10_tI5_tJ5_s5_m1_exact_s0_20260717-215513.gurobi.log"
Set parameter Seed to value 0
Set parameter TimeLimit to value 599.9567102
Set parameter MIPGap to value 0
Set parameter MIPGapAbs to value 0.5
Set parameter Cutoff to value 1e+100
Gurobi Optimizer version 13.0.2 build v13.0.2rc1 (win64 - Windows 11+.0 (26200.2))

CPU model: Intel(R) Core(TM) i9-14900HX, instruction set [SSE2|AVX|AVX2]
Thread count: 24 physical cores, 32 logical processors, using up to 32 threads

Non-default parameters:
TimeLimit  599.9567102
MIPGap  0
MIPGapAbs  0.5
PreCrush  1
LazyConstraints  1

Optimize a model with 20 rows, 90 columns and 800 nonzeros (Min)
Model fingerprint: 0x0d490ab3
Model has 90 linear objective coefficients
Variable types: 10 continuous, 80 integer (80 binary)
Coefficient statistics:
  Matrix range     [1e+00, 7e+02]
  Objective range  [1e+00, 5e+02]
  Bounds range     [1e+00, 4e+03]
  RHS range        [6e+02, 7e+02]

Using branch priorities.
Presolve removed 18 rows and 0 columns
Presolve time: 0.00s
Presolved: 2 rows, 90 columns, 80 nonzeros
Variable types: 10 continuous, 80 integer (80 binary)

Root relaxation: objective 3.293628e+04, 3 iterations, 0.00 seconds (0.00 work units)

    Nodes    |    Current Node    |     Objective Bounds      |     Work
 Expl Unexpl |  Obj  Depth IntInf | Incumbent    BestBd   Gap | It/Node Time

     0     0 32936.2839    0    2          - 32936.2839      -     -    0s
H    0     0                    196868.00000 32936.2839  83.3%     -    0s
H    0     0                    182549.00000 32936.2839  82.0%     -    0s
H    0     0                    169877.00000 32936.2839  80.6%     -    0s
     0     0 33163.1082    0    5 169877.000 33163.1082  80.5%     -    0s
     0     0 33167.1767    0    5 169877.000 33167.1767  80.5%     -    0s
H    0     0                    166168.00000 33167.1767  80.0%     -    0s
H    0     0                    153671.00000 33168.6779  78.4%     -    0s
     0     2 33359.8549    0    9 153671.000 33359.8549  78.3%     -    0s
H 2930  2613                    149038.00000 33690.6126  77.4%   3.3    3s
H 2933  2484                    129267.00000 33690.6126  73.9%   3.3    3s
H 2933  2360                    113870.00000 33690.6126  70.4%   3.3    3s
H 2936  2243                    112076.00000 33690.6126  69.9%   3.3    4s
  2942  2250 33701.7016   14   22 112076.000 33701.7016  69.9%   3.3    5s
  4033  3089 34246.5110   29   19 112076.000 33756.8554  69.9%   5.8   10s
  6432  4455 35763.3818   79    1 112076.000 33801.3536  69.8%   5.6   15s
  9630  6159 34167.3322   21   18 112076.000 33904.3511  69.7%   5.6   20s
 11262  7580 36561.6297   66    4 112076.000 33957.6348  69.7%   5.7   25s
 12076  8235 37054.0671   71    1 112076.000 33979.7472  69.7%   5.7   30s
 13005  9174 35405.7393   56    4 112076.000 33982.7607  69.7%   5.7   35s
 15266 11291 36944.4359   63    3 112076.000 33995.4751  69.7%   5.7   40s
 16453 12185 34480.1811   29   13 112076.000 34008.4556  69.7%   5.7   45s
 17954 13960 34407.9968   28   16 112076.000 34012.4508  69.7%   5.7   50s
 20809 16095 35071.7833   46   10 112076.000 34051.8162  69.6%   5.6   55s
 24108 19199 41235.0000   84    - 112076.000 34068.6391  69.6%   5.7   60s
 27222 22060 39523.0000   89    - 112076.000 34086.7112  69.6%   5.6   66s
 29211 23938 35310.8020   67    7 112076.000 34111.0793  69.6%   5.6   71s
 31894 26332 34597.9882   32   16 112076.000 34111.0793  69.6%   5.7   77s
 32948 27390 35450.9729   56    3 112076.000 34117.3661  69.6%   5.7   80s
 36049 30382 35047.0185   32    7 112076.000 34119.1761  69.6%   5.7   86s
 37634 31174 34876.0264   34   15 112076.000 34149.5863  69.5%   5.8   92s
 38504 32093 35136.6903   35   14 112076.000 34162.9895  69.5%   5.8   96s
 40408 33547 35167.7779   37   14 112076.000 34162.9895  69.5%   5.8  103s
 41065 34497 35179.3870   38   12 112076.000 34162.9895  69.5%   5.8  106s
 42118 34585 36919.0000   54    5 112076.000 34162.9895  69.5%   5.8  118s
H42119 32856                    110105.00000 34162.9895  69.0%   5.8  120s
H42121 31214                    104594.00000 34162.9895  67.3%   5.8  126s
H42124 29655                    100282.00000 34162.9895  65.9%   5.8  131s
H42126 28173                    98150.000000 34162.9895  65.2%   5.8  135s
 42130 28176 34863.4758   40   32 98150.0000 34162.9895  65.2%   5.8  141s
 42146 28204 34294.3394   32   27 98150.0000 34162.9895  65.2%   5.8  145s
 42321 28336 34504.2177   36   24 98150.0000 34215.9601  65.1%   5.9  151s
 42446 28532 34581.0145   37   25 98150.0000 34215.9601  65.1%   6.0  155s
 42962 28733 35450.9845   58    8 98150.0000 34215.9601  65.1%   6.1  160s
 43363 29045 35011.5163   44   15 98150.0000 34215.9601  65.1%   6.2  166s
 44004 29546 35082.7762   46   19 98150.0000 34314.6071  65.0%   6.2  170s
 45093 30142 35599.5912   52    7 98150.0000 34342.9589  65.0%   6.2  175s
 46149 30722 36031.7253   64    4 98150.0000 34354.9300  65.0%   6.2  180s
 47324 31727 37843.0000   81    - 98150.0000 34427.5735  64.9%   6.2  185s
 48669 31916 35246.5858   54   13 98150.0000 34427.5735  64.9%   6.3  191s
 48992 32567 35385.3122   56   11 98150.0000 34427.5735  64.9%   6.3  196s
 49923 32842 35568.9926   58    6 98150.0000 34484.5142  64.9%   6.2  200s
 51071 33879 35183.0069   39   19 98150.0000 34484.5142  64.9%   6.3  206s
 52645 35021 35009.5523   40   23 98150.0000 34537.3025  64.8%   6.3  211s
 54509 35938 34904.2400   35   20 98150.0000 34538.9782  64.8%   6.3  216s
 55389 35760 36298.7527   70    2 98150.0000 34565.9266  64.8%   6.3  222s
 55439 36285 36318.3233   71    2 98150.0000 34565.9266  64.8%   6.3  226s
 56808 36723 35359.3817   44   12 98150.0000 34637.2561  64.7%   6.3  230s
 57894 37597 35192.2256   43   20 98150.0000 34662.1912  64.7%   6.3  237s
 58707 38363 35446.5474   52   12 98150.0000 34683.0553  64.7%   6.3  241s
 60616 38983 35463.0676   62    8 98150.0000 34683.0553  64.7%   6.3  245s
 63339 41098 35232.2350   46   15 98150.0000 34683.0553  64.7%   6.3  253s
 64909 41818 35115.8321   40   19 98150.0000 34721.4835  64.6%   6.3  257s
 66204 42827 35473.3685   48   12 98150.0000 34721.4835  64.6%   6.3  262s
 67886 43624 38558.0000   86    - 98150.0000 34735.7267  64.6%   6.3  266s
 69429 44513 35609.2654   60   11 98150.0000 34735.7267  64.6%   6.3  271s
 71382 44639 36335.9902   56    1 98150.0000 34766.7416  64.6%   6.3  276s
 73828 46446 35271.4909   44   18 98150.0000 34782.3522  64.6%   6.2  282s
 75913 47526 35195.5192   42   22 98150.0000 34794.8669  64.5%   6.2  287s
 77846 48526 35241.9614   38   18 98150.0000 34802.3447  64.5%   6.2  292s
 79667 49474 35284.3869   39   17 98150.0000 34802.3447  64.5%   6.2  298s
 81242 50391 35861.4768   65    4 98150.0000 34802.3447  64.5%   6.3  304s
 83146 51596 35325.1594   41   20 98150.0000 34822.3483  64.5%   6.2  309s
 84088 51381 35472.8901   42   21 98150.0000 34823.9906  64.5%   6.3  310s
 85153 52948 35386.4722   40   19 98150.0000 34833.1209  64.5%   6.3  315s
 87431 53860 35627.2451   46   14 98150.0000 34836.4694  64.5%   6.3  321s
 89337 55015 35437.3417   49   15 98150.0000 34847.8765  64.5%   6.3  328s
 91276 56432 35288.3919   43   23 98150.0000 34848.2763  64.5%   6.3  335s
 93522 57802 35989.3833   64    8 98150.0000 34848.2763  64.5%   6.3  342s
 95883 59124 35618.5680   55   11 98150.0000 34865.4868  64.5%   6.3  349s
 96950 58892 35626.6423   55   10 98150.0000 34865.5862  64.5%   6.3  350s
 98361 60443 36088.0049   58    8 98150.0000 34872.3216  64.5%   6.3  357s
 100796 61821 37398.1073   83    1 98150.0000 34872.5434  64.5%   6.3  365s
 103302 61395 36367.2946   75    6 98150.0000 34889.1836  64.5%   6.3  371s
 103440 61918 36432.3458   76    6 98150.0000 34889.1836  64.5%   6.3  377s
 104187 62638 36544.7407   78    1 98150.0000 34890.7323  64.5%   6.3  384s
 104456 62593 35458.4319   42   22 98150.0000 34890.7323  64.5%   6.3  385s
 105365 63446 35412.1306   41   19 98150.0000 34892.1364  64.5%   6.3  393s
 106638 64300 36005.3469   57   15 98150.0000 34899.5621  64.4%   6.3  402s
 108156 64100 36366.6689   72    4 98150.0000 34901.9257  64.4%   6.3  410s
 108326 64969 36747.0810   73    4 98150.0000 34901.9257  64.4%   6.4  418s
 109503 65812 35707.6132   66    6 98150.0000 34901.9257  64.4%   6.4  428s
 110871 66931 36417.1942   72    6 98150.0000 34908.7905  64.4%   6.4  439s
 112748 68394 35527.0600   42   22 98150.0000 34915.6450  64.4%   6.4  450s
 115308 69731 35592.2545   45   19 98150.0000 34921.8835  64.4%   6.4  462s
 117938 71286 35359.8749   44   21 98150.0000 34928.5468  64.4%   6.4  475s
 120499 72966 35742.9399   54    9 98150.0000 34933.0678  64.4%   6.4  487s
 123516 74693 35669.0564   54   16 98150.0000 34933.0678  64.4%   6.4  501s
 126931 76209 35542.1074   46   20 98150.0000 34945.7721  64.4%   6.4  515s
 129340 78267 35341.4272   48   21 98150.0000 34955.0143  64.4%   6.4  527s
 131828 81179 36707.9018   80    5 98150.0000 34955.3450  64.4%   6.4  540s
 135172 83856 35200.2344   42   29 98150.0000 34964.0047  64.4%   6.4  554s
 135687 83932 35763.1631   52   14 98150.0000 34964.7473  64.4%   6.4  555s
 138383 86625 36146.1456   56   13 98150.0000 34964.7567  64.4%   6.4  569s
 141398 89464 42226.0000   93    - 98150.0000 34976.4505  64.4%   6.4  583s
 144668 92047 35974.9991   51   11 98150.0000 34982.6499  64.4%   6.5  600s

Cutting planes:
  Gomory: 2
  Cover: 1
  MIR: 8
  Flow cover: 1

Explored 147501 nodes (953841 simplex iterations) in 602.11 seconds (250.22 work units)
Thread count was 32 (of 32 available processors)

Solution count 10: 98150 100282 104594 ... 166168

Time limit reached
Best objective 9.815000000000e+04, best bound 3.498275401923e+04, gap 64.3579%

User-callback calls 315840, time in user-callback 75.42 sec
