
Gurobi 13.0.2 (win64) logging started Thu Jul 16 07:30:24 2026

Set parameter LogFile to value "logs/kstar_nI20_nJ40_nK100_nL5_tI5_tJ5_s1_m1_exact_s0_20260716-073024.gurobi.log"
Set parameter Seed to value 0
Set parameter TimeLimit to value 599.9693502
Set parameter MIPGap to value 0
Set parameter MIPGapAbs to value 0.5
Set parameter Cutoff to value 1e+100
Gurobi Optimizer version 13.0.2 build v13.0.2rc1 (win64 - Windows 11+.0 (26200.2))

CPU model: Intel(R) Core(TM) i9-14900HX, instruction set [SSE2|AVX|AVX2]
Thread count: 24 physical cores, 32 logical processors, using up to 32 threads

Non-default parameters:
TimeLimit  599.9693502
MIPGap  0
MIPGapAbs  0.5
PreCrush  1
LazyConstraints  1

Optimize a model with 10 rows, 65 columns and 300 nonzeros (Min)
Model fingerprint: 0x82252173
Model has 65 linear objective coefficients
Variable types: 5 continuous, 60 integer (60 binary)
Coefficient statistics:
  Matrix range     [4e+00, 1e+03]
  Objective range  [1e+00, 5e+02]
  Bounds range     [1e+00, 9e+03]
  RHS range        [1e+03, 1e+03]

Using branch priorities.
Presolve removed 8 rows and 0 columns
Presolve time: 0.00s
Presolved: 2 rows, 65 columns, 60 nonzeros
Variable types: 5 continuous, 60 integer (60 binary)

Root relaxation: objective 4.162815e+04, 5 iterations, 0.00 seconds (0.00 work units)

    Nodes    |    Current Node    |     Objective Bounds      |     Work
 Expl Unexpl |  Obj  Depth IntInf | Incumbent    BestBd   Gap | It/Node Time

     0     0 41628.1535    0    3          - 41628.1535      -     -    0s
H    0     0                    170547.00000 41628.1535  75.6%     -    0s
H    0     0                    148622.00000 41628.1535  72.0%     -    0s
H    0     0                    143574.00000 41628.1535  71.0%     -    0s
     0     0 41868.1019    0    4 143574.000 41868.1019  70.8%     -    0s
     0     0 42009.8574    0    9 143574.000 42009.8574  70.7%     -    0s
     0     0 42053.4076    0   10 143574.000 42053.4076  70.7%     -    0s
     0     0 42054.6062    0   10 143574.000 42054.6062  70.7%     -    0s
     0     2 42055.5983    0   10 143574.000 42055.5983  70.7%     -    0s
H 3652  3158                    120119.00000 42161.1235  64.9%   3.5    3s
H 3658  3004                    113392.00000 42204.1581  62.8%   3.5    4s
  3667  3010 42859.0000   37   20 113392.000 42205.5383  62.8%   3.5    5s
H 3669  2860                    110435.00000 42210.7868  61.8%   3.4    5s
H 3670  2863                    110305.00000 42210.7868  61.7%   3.5    5s
  5429  4060 42698.4754   30   11 110305.000 42268.4272  61.7%   5.2   10s
  8095  5436 47231.0000   67    - 110305.000 42306.5293  61.6%   5.0   15s
 11290  7338 42739.9572   34   10 110305.000 42358.5108  61.6%   4.8   20s
 15722 10833 43354.6615   45    1 110305.000 42394.5684  61.6%   4.8   25s
 18247 12851 42822.2976   31   12 110305.000 42417.6251  61.5%   4.8   30s
 19890 14325 42654.5412   37   15 110305.000 42422.9893  61.5%   4.8   35s
 22346 16519 42883.9770   43   11 110305.000 42444.5375  61.5%   4.8   40s
 25044 19001 42538.7011   27   20 110305.000 42446.1986  61.5%   4.9   45s
 28512 22179 43954.3442   57    3 110305.000 42453.4736  61.5%   5.0   51s
 31248 24722 42895.9755   33   10 110305.000 42468.5350  61.5%   5.0   55s
 34128 27127 42732.4220   29   15 110305.000 42472.8494  61.5%   5.0   60s
 37407 29746 44057.0176   46    2 110305.000 42484.4245  61.5%   5.0   66s
 40468 32496 42860.8044   41   11 110305.000 42485.2297  61.5%   5.0   71s
 43182 35165 48497.0000   67    - 110305.000 42492.6924  61.5%   5.1   77s
 45063 36595 42580.3731   26   19 110305.000 42498.3913  61.5%   5.1   81s
 46687 37281 42672.4648   27   24 110305.000 42498.3913  61.5%   5.1   85s
 48172 39152 42954.6971   38   12 110305.000 42502.4261  61.5%   5.1   90s
 50987 41699 43126.7647   41    8 110305.000 42505.2669  61.5%   5.1   97s
 52460 43013 50720.2959   69    1 110305.000 42510.0909  61.5%   5.2  100s
 54194 43739 42733.9238   31   15 110305.000 42512.6627  61.5%   5.2  106s
 55540 44547 42845.3468   32   10 110305.000 42514.8512  61.5%   5.2  115s
 55545 44550 43293.3133   37   26 110305.000 42514.8512  61.5%   5.2  120s
 55550 44554 42602.1043   28   27 110305.000 42514.8512  61.5%   5.2  126s
 55557 44558 42733.0457   31   27 110305.000 42514.8512  61.5%   5.2  131s
 55561 44561 43245.6560   47   28 110305.000 42514.8512  61.5%   5.2  135s
 55594 44616 42514.8512   32   18 110305.000 42514.8512  61.5%   5.2  140s
 55658 44737 42514.8512   34   26 110305.000 42514.8512  61.5%   5.2  145s
 55947 44972 42514.8512   36   25 110305.000 42514.8512  61.5%   5.3  150s
 56539 45248 42732.7654   40   23 110305.000 42514.8512  61.5%   5.4  155s
 57083 45542 42932.6968   44   20 110305.000 42514.8512  61.5%   5.4  160s
 57520 45838 42971.1886   46   16 110305.000 42514.8512  61.5%   5.5  165s
 57997 46065 43067.4809   48   11 110305.000 42514.8512  61.5%   5.5  170s
 58872 46744 43627.9653   59    2 110305.000 42514.8512  61.5%   5.5  176s
 59808 47156 42786.9312   46   16 110305.000 42514.8512  61.5%   5.6  180s
 60740 47903 43240.0622   55    9 110305.000 42514.8512  61.5%   5.6  187s
 61354 48217 42582.1815   39   21 110305.000 42514.8512  61.5%   5.6  190s
 62869 49143 43880.5005   72    4 110305.000 42514.8512  61.5%   5.6  196s
 64423 50215 43046.9224   53    9 110305.000 42519.7673  61.5%   5.6  202s
 65522 50061 42686.9978   35   18 110305.000 42519.7673  61.5%   5.7  205s
 66238 50987 42752.4983   41   20 110305.000 42519.7673  61.5%   5.7  211s
 67882 51859 43529.6914   65    2 110305.000 42521.5515  61.5%   5.7  217s
 68909 52559 42845.1279   46   13 110305.000 42521.5515  61.5%   5.7  221s
 70647 53004 42840.3819   35   17 110305.000 42565.8986  61.4%   5.7  225s
 71215 53611 42863.6092   44   16 110305.000 42565.8986  61.4%   5.7  231s
 72261 54235 42631.9806   40   23 110305.000 42569.9514  61.4%   5.8  235s
 74707 54733 43085.3270   47   14 110305.000 42579.9570  61.4%   5.8  240s
 76155 56587 43688.4247   53    1 110305.000 42597.3005  61.4%   5.8  247s
 77637 57346 49989.0000   75    - 110305.000 42598.4710  61.4%   5.8  251s
 79055 57944 42743.0086   40   21 110305.000 42603.1655  61.4%   5.8  255s
 80364 57912 43206.3011   53    9 110305.000 42608.3462  61.4%   5.8  260s
 81845 59668 42998.5420   46   12 110305.000 42608.5629  61.4%   5.8  268s
 83351 59387 43051.5070   47   16 110305.000 42613.7334  61.4%   5.9  273s
 83393 60266 43069.2213   48   16 110305.000 42613.7334  61.4%   5.9  277s
 84599 60877 42758.0179   37   16 110305.000 42618.4445  61.4%   5.9  281s
 85776 61788 42703.3188   39   24 110305.000 42618.6440  61.4%   5.9  286s
 87697 62613 44180.2387   64    3 110305.000 42621.8361  61.4%   5.9  292s
 89199 63480 43001.2718   45   13 110305.000 42627.1478  61.4%   5.9  297s
 90756 64176 43045.1263   52   12 110305.000 42630.4107  61.4%   6.0  302s
 92552 65426 42835.8726   45   22 110305.000 42630.4107  61.4%   6.0  308s
 94733 66529 42942.5353   46   16 110305.000 42635.9702  61.3%   6.0  314s
 96753 67559 44365.1817   77    2 110305.000 42636.0722  61.3%   6.0  319s
 98368 67245 43307.1173   53    8 110305.000 42639.8716  61.3%   6.0  320s
 98705 67447 43094.4731   50    8 110305.000 42642.5681  61.3%   6.0  325s
 99129 67651 43295.6302   50    8 110305.000 42642.7880  61.3%   6.1  330s
 99495 68873 42834.2348   43   22 110305.000 42642.7880  61.3%   6.1  337s
 101236 69734 42925.6806   48   17 110305.000 42643.0145  61.3%   6.1  343s
 102975 70847 43891.8790   71    5 110305.000 42644.0847  61.3%   6.1  349s
 104467 70578 42784.5342   45   18 110305.000 42647.5010  61.3%   6.1  350s
 105004 71737 42927.3337   41   21 110305.000 42650.9214  61.3%   6.1  357s
 106694 73067 43176.8764   52   11 110305.000 42655.9328  61.3%   6.1  364s
 107629 72949 42988.7187   45   15 110305.000 42655.9328  61.3%   6.1  365s
 109410 72751 43127.6601   52   14 110305.000 42655.9328  61.3%   6.1  371s
 109499 73721 43170.2145   53   15 110305.000 42655.9328  61.3%   6.1  379s
 110543 73712 43579.5991   65    2 110305.000 42655.9328  61.3%   6.1  380s
 112078 75346 43273.6217   54   14 110305.000 42658.8691  61.3%   6.1  388s
 114599 76616 43057.0113   45   13 110305.000 42663.5967  61.3%   6.1  398s
 116892 78258 43760.6577   61    6 110305.000 42666.2840  61.3%   6.2  406s
 119740 79818 43223.1647   46   14 110305.000 42669.9838  61.3%   6.2  416s
 122615 80901 43022.9234   48   13 110305.000 42674.8626  61.3%   6.2  425s
 124456 80686 43347.5539   58    8 110305.000 42674.8626  61.3%   6.3  433s
 124919 80753 43227.9544   55   11 110305.000 42674.8626  61.3%   6.3  443s
 125132 82635 43353.3642   57    8 110305.000 42674.8626  61.3%   6.3  454s
 125857 82512 43652.9508   55    3 110305.000 42674.8626  61.3%   6.3  455s
 128078 84152 44073.6061   71    4 110305.000 42676.6128  61.3%   6.3  465s
 131416 85909 44286.8788   78    1 110305.000 42679.2294  61.3%   6.2  477s
 134840 88078 42843.3830   42   20 110305.000 42679.4225  61.3%   6.3  490s
 138589 89767 43347.4243   55    6 110305.000 42686.8047  61.3%   6.3  503s
 142061 89247 78340.0000   86    - 110305.000 42690.9735  61.3%   6.3  515s
 142202 91369 43029.3662   36   16 110305.000 42691.7099  61.3%   6.3  527s
 145142 93285 43971.1114   56    1 110305.000 42692.7389  61.3%   6.3  540s
 148544 94870 44207.3408   76    1 110305.000 42695.3789  61.3%   6.3  553s
 151591 96375 43240.9344   47   11 110305.000 42698.4649  61.3%   6.4  568s
 154615 98160 43301.3421   56   10 110305.000 42703.0003  61.3%   6.3  582s
 157834 98035 43639.1721   61    8 110305.000 42704.8211  61.3%   6.4  593s
 158484 98902 43438.2323   54    6 110305.000 42704.9330  61.3%   6.4  600s

Cutting planes:
  Gomory: 2
  Cover: 3
  MIR: 3
  Flow cover: 1

Explored 159815 nodes (1016985 simplex iterations) in 601.99 seconds (214.51 work units)
Thread count was 32 (of 32 available processors)

Solution count 6: 110305 113392 120119 ... 170547

Time limit reached
Best objective 1.103050000000e+05, best bound 4.270614924859e+04, gap 61.2836%

User-callback calls 337933, time in user-callback 103.57 sec
