
Gurobi 13.0.2 (win64) logging started Fri Jul 17 03:15:51 2026

Set parameter LogFile to value "logs/kstar_nI40_nJ20_nK50_nL10_tI3_tJ3_s4_m1_exact_s0_20260717-031551.gurobi.log"
Set parameter Seed to value 0
Set parameter TimeLimit to value 599.9753787
Set parameter MIPGap to value 0
Set parameter MIPGapAbs to value 0.5
Set parameter Cutoff to value 1e+100
Gurobi Optimizer version 13.0.2 build v13.0.2rc1 (win64 - Windows 11+.0 (26200.2))

CPU model: Intel(R) Core(TM) i9-14900HX, instruction set [SSE2|AVX|AVX2]
Thread count: 24 physical cores, 32 logical processors, using up to 32 threads

Non-default parameters:
TimeLimit  599.9753787
MIPGap  0
MIPGapAbs  0.5
PreCrush  1
LazyConstraints  1

Optimize a model with 20 rows, 70 columns and 600 nonzeros (Min)
Model fingerprint: 0xda707d05
Model has 70 linear objective coefficients
Variable types: 10 continuous, 60 integer (60 binary)
Coefficient statistics:
  Matrix range     [1e+00, 7e+02]
  Objective range  [1e+00, 5e+02]
  Bounds range     [1e+00, 6e+03]
  RHS range        [5e+02, 7e+02]

Using branch priorities.
Presolve removed 7 rows and 0 columns
Presolve time: 0.00s
Presolved: 13 rows, 70 columns, 420 nonzeros
Variable types: 10 continuous, 60 integer (60 binary)

Root relaxation: objective 4.807886e+04, 9 iterations, 0.00 seconds (0.00 work units)

    Nodes    |    Current Node    |     Objective Bounds      |     Work
 Expl Unexpl |  Obj  Depth IntInf | Incumbent    BestBd   Gap | It/Node Time

     0     0 48078.8570    0    4          - 48078.8570      -     -    0s
H    0     0                    248918.00000 48078.8570  80.7%     -    0s
H    0     0                    233036.00000 48078.8570  79.4%     -    0s
     0     0 48269.2305    0    7 233036.000 48269.2305  79.3%     -    0s
     0     0 48382.1859    0    6 233036.000 48382.1859  79.2%     -    0s
H    0     0                    228827.00000 48388.0947  78.9%     -    0s
H    0     0                    213774.00000 48388.0947  77.4%     -    0s
     0     0 48406.7036    0   11 213774.000 48406.7036  77.4%     -    0s
     0     0 48408.6953    0   11 213774.000 48408.6953  77.4%     -    0s
H    0     0                    197190.00000 48408.6953  75.5%     -    0s
H    0     0                    192122.00000 48408.6953  74.8%     -    0s
H    0     0                    171630.00000 48409.3495  71.8%     -    0s
     0     2 48529.8907    0   11 171630.000 48529.8907  71.7%     -    0s
H 4117  3330                    163855.00000 48857.0139  70.2%   3.3    3s
H 4121  3166                    150041.00000 48857.0139  67.4%   3.3    3s
  4131  3173 88840.0000   50   28 150041.000 48857.0139  67.4%   3.3    5s
H 4133  3015                    137016.00000 48857.0139  64.3%   3.3    5s
  6148  4377 50031.9114   32   16 137016.000 48943.3569  64.3%   5.5   10s
* 7852  5108              74    102442.00000 49017.9835  52.2%   5.6   11s
* 9020  5438              74    101336.00000 49017.9835  51.6%   5.4   13s
 10379  6011 50496.4694   33   20 101336.000 49072.1491  51.6%   5.4   15s
 11946  6852 49837.2448   29    8 101336.000 49147.2200  51.5%   5.5   20s
 12672  7302 50231.9401   34    8 101336.000 49209.7352  51.4%   5.5   25s
 13798  8573 52131.0000   49    - 101336.000 49236.5548  51.4%   5.6   30s
 17112 11531 49706.6048   36   15 101336.000 49260.1499  51.4%   5.5   35s
 20739 14622 56065.2011   54    4 101336.000 49298.2489  51.4%   5.6   40s
 22238 15558 51334.2778   40    2 101336.000 49316.6065  51.3%   5.7   45s
 23628 16648 50229.8915   34   12 101336.000 49317.7671  51.3%   5.7   50s
 25729 18763 49885.8961   37   15 101336.000 49337.4060  51.3%   5.7   55s
 28243 21227 50709.9313   32    9 101336.000 49376.0577  51.3%   5.8   61s
 30861 23091 51243.3528   37    1 101336.000 49396.9863  51.3%   5.9   67s
 32749 25090 50302.2637   36   10 101336.000 49409.4522  51.2%   5.8   70s
 36068 27715 50051.5287   28   12 101336.000 49420.9911  51.2%   5.8   76s
 39330 30570 50726.4162   35    6 101336.000 49444.4290  51.2%   5.9   82s
 41044 32101 51287.7625   49    5 101336.000 49444.5348  51.2%   5.9   85s
 44529 35236 50260.9782   30   17 101336.000 49474.2519  51.2%   6.0   93s
 46490 36433 56709.3940   64    2 101336.000 49474.4794  51.2%   6.0   96s
 49670 39300 49966.8896   27   14 101336.000 49490.6777  51.2%   6.0  103s
 51282 40677 50204.3765   25   14 101336.000 49490.9375  51.2%   6.0  107s
 52847 41743 49907.7611   23   20 101336.000 49501.1498  51.2%   6.0  111s
 54353 43180 50762.0177   32   14 101336.000 49501.1498  51.2%   6.0  115s
 57809 44984 52423.0000   67   11 101336.000 49522.2406  51.1%   6.0  137s
 57811 44985 54510.0000   65   27 101336.000 49522.2406  51.1%   6.0  140s
 57813 44987 49757.7488   26   30 101336.000 49522.2406  51.1%   6.0  145s
 57816 44989 50612.7051   42   32 101336.000 49522.2406  51.1%   6.0  150s
H57816 42739                    95122.000000 49522.2406  47.9%   6.0  152s
 57821 42742 49929.9928   25   32 95122.0000 49522.2406  47.9%   6.0  157s
 57823 42743 53131.0000   66   34 95122.0000 49522.2406  47.9%   6.0  161s
 57826 42745 51261.9928   44   34 95122.0000 49522.2406  47.9%   6.0  166s
 57829 42747 53136.1534   57   33 95122.0000 49522.2406  47.9%   6.0  170s
 57831 42749 52013.0000   60   32 95122.0000 49522.2406  47.9%   6.0  175s
 57834 42751 49941.5993   30   33 95122.0000 49522.2406  47.9%   6.0  181s
H57834 40613                    94201.000000 49522.2406  47.4%   6.0  181s
 57850 40640 49531.6684   27   28 94201.0000 49522.2406  47.4%   6.0  185s
 57930 40784 49925.2610   30   24 94201.0000 49586.0992  47.4%   6.1  190s
 58234 40912 50244.6921   32   18 94201.0000 49586.0992  47.4%   6.2  195s
 58496 41145 50473.2829   35   19 94201.0000 49586.0992  47.4%   6.2  200s
 58965 41390 50683.9893   38   19 94201.0000 49586.0992  47.4%   6.3  205s
 59776 42004 51555.3249   44    8 94201.0000 49657.8147  47.3%   6.3  210s
 61076 42487 53678.1106   57    1 94201.0000 49737.2466  47.2%   6.3  215s
 62180 43339 56446.8066   73    1 94201.0000 49804.8072  47.1%   6.3  221s
 63145 43959 50431.5283   41   11 94201.0000 49816.1299  47.1%   6.3  226s
 64360 44540 50100.6588   32   22 94201.0000 49846.6289  47.1%   6.3  230s
 65647 45296 52512.2458   63    4 94201.0000 49894.0129  47.0%   6.3  235s
 67734 46327 51368.0613   65    4 94201.0000 49894.0129  47.0%   6.3  242s
 69236 47156 51285.2492   42    6 94201.0000 49949.7531  47.0%   6.3  247s
 70070 47478 50259.2643   35   22 94201.0000 49949.7531  47.0%   6.4  250s
 71415 47688 50221.7225   32   26 94201.0000 49956.2010  47.0%   6.4  256s
 71451 47709 50353.7356   33   22 94201.0000 49956.2010  47.0%   6.4  261s
 71488 48072 50497.8075   34   19 94201.0000 49989.2759  46.9%   6.4  265s
 72503 48793 50765.3400   36   19 94201.0000 49989.2759  46.9%   6.4  273s
 73244 48952 50938.1040   42   11 94201.0000 49999.8129  46.9%   6.4  277s
 74148 49051 50301.2248   34   22 94201.0000 50013.3690  46.9%   6.4  281s
 75258 50341 51921.7427   55    6 94201.0000 50046.3832  46.9%   6.4  288s
 76272 50732 50606.4656   43   14 94201.0000 50046.3832  46.9%   6.4  291s
 77220 51243 50441.3068   37   23 94201.0000 50075.4895  46.8%   6.4  295s
 79170 52405 53349.7970   69    1 94201.0000 50086.4803  46.8%   6.5  303s
 80294 52903 51019.9742   40    4 94201.0000 50087.8229  46.8%   6.5  307s
 81353 53615 50564.5100   36   24 94201.0000 50087.8229  46.8%   6.5  312s
 82689 54438 50717.3196   39   21 94201.0000 50087.8229  46.8%   6.5  316s
 84204 55295 51509.1813   45   11 94201.0000 50107.9666  46.8%   6.5  321s
 85733 56040 50727.8808   39   17 94201.0000 50128.5411  46.8%   6.5  327s
 87172 56846 50866.2375   43   14 94201.0000 50144.3281  46.8%   6.5  332s
 88691 57735 50492.1998   35   21 94201.0000 50152.1901  46.8%   6.5  337s
 90345 58665 50404.8671   32   18 94201.0000 50166.7199  46.7%   6.6  343s
 92064 59295 51023.7832   37   16 94201.0000 50169.3989  46.7%   6.6  349s
 93568 60435 51007.3945   37   18 94201.0000 50169.3989  46.7%   6.6  355s
 95541 61373 51195.7201   49   11 94201.0000 50191.4659  46.7%   6.6  362s
 97292 62338 55028.0000   78    - 94201.0000 50198.7027  46.7%   6.6  368s
 99151 63187 51421.9563   45   19 94201.0000 50218.5418  46.7%   6.6  375s
 100799 64165 51201.5006   44   16 94201.0000 50225.4125  46.7%   6.7  382s
 102612 65336 51415.1603   44   10 94201.0000 50226.0076  46.7%   6.7  389s
 103497 65160 52185.3110   64    5 94201.0000 50228.2170  46.7%   6.7  390s
 104648 66372 50685.0142   37   19 94201.0000 50235.0415  46.7%   6.7  397s
 106599 66048 50858.4436   39   19 94201.0000 50244.6857  46.7%   6.7  403s
 106710 67287 50915.1706   40   21 94201.0000 50244.6857  46.7%   6.7  411s
 108424 68539 51341.7018   43   12 94201.0000 50245.3692  46.7%   6.7  421s
 110559 69484 50882.1393   34   21 94201.0000 50254.6255  46.7%   6.7  430s
 112348 70881 50712.8431   35   22 94201.0000 50265.8811  46.6%   6.8  440s
 114827 72098 51201.3717   48   10 94201.0000 50272.8032  46.6%   6.8  450s
 117207 73193 50755.8291   37   19 94201.0000 50273.4034  46.6%   6.8  460s
 119275 74442 51628.4630   52    9 94201.0000 50285.2878  46.6%   6.8  471s
 121644 74113 50875.9120   39   16 94201.0000 50296.8085  46.6%   6.9  479s
 121811 74834 51041.4580   39   16 94201.0000 50297.0392  46.6%   6.9  488s
 122926 75636 50976.9618   40   19 94201.0000 50297.1225  46.6%   6.9  498s
 124168 75689 50957.2368   40   15 94201.0000 50297.1225  46.6%   6.9  508s
 124690 76969 52080.1884   67    3 94201.0000 50297.1225  46.6%   6.9  520s
 126716 77918 51332.8773   38   27 94201.0000 50302.4559  46.6%   6.9  532s
 128407 79398 51560.7499   48   11 94201.0000 50306.5758  46.6%   6.9  546s
 130940 81018 51524.3271   45    8 94201.0000 50317.7381  46.6%   6.9  561s
 133938 82212 51338.9390   48   14 94201.0000 50326.0835  46.6%   7.0  578s
 136262 83900 71956.0000   79    - 94201.0000 50335.6705  46.6%   7.0  594s
 139170 84015 51223.1910   46   21 94201.0000 50336.5376  46.6%   7.0  600s

Cutting planes:
  Gomory: 4
  Cover: 1
  MIR: 15
  Flow cover: 4

Explored 140055 nodes (978602 simplex iterations) in 601.13 seconds (314.76 work units)
Thread count was 32 (of 32 available processors)

Solution count 10: 94201 95122 101336 ... 197190

Time limit reached
Best objective 9.420100000000e+04, best bound 5.033653764366e+04, gap 46.5648%

User-callback calls 305035, time in user-callback 39.78 sec
