
Gurobi 13.0.2 (win64) logging started Sat Jul 18 00:36:02 2026

Set parameter LogFile to value "logs/kstar_nI40_nJ40_nK50_nL5_tI4_tJ4_s1_m1_exact_s0_20260718-003602.gurobi.log"
Set parameter Seed to value 0
Set parameter TimeLimit to value 599.976463
Set parameter MIPGap to value 0
Set parameter MIPGapAbs to value 0.5
Set parameter Cutoff to value 1e+100
Gurobi Optimizer version 13.0.2 build v13.0.2rc1 (win64 - Windows 11+.0 (26200.2))

CPU model: Intel(R) Core(TM) i9-14900HX, instruction set [SSE2|AVX|AVX2]
Thread count: 24 physical cores, 32 logical processors, using up to 32 threads

Non-default parameters:
TimeLimit  599.976463
MIPGap  0
MIPGapAbs  0.5
PreCrush  1
LazyConstraints  1

Optimize a model with 10 rows, 85 columns and 400 nonzeros (Min)
Model fingerprint: 0x62610a4e
Model has 85 linear objective coefficients
Variable types: 5 continuous, 80 integer (80 binary)
Coefficient statistics:
  Matrix range     [2e+01, 7e+02]
  Objective range  [1e+00, 5e+02]
  Bounds range     [1e+00, 4e+03]
  RHS range        [6e+02, 7e+02]

Using branch priorities.
Presolve removed 6 rows and 0 columns
Presolve time: 0.00s
Presolved: 4 rows, 85 columns, 160 nonzeros
Variable types: 5 continuous, 80 integer (80 binary)

Root relaxation: objective 1.723739e+04, 3 iterations, 0.00 seconds (0.00 work units)

    Nodes    |    Current Node    |     Objective Bounds      |     Work
 Expl Unexpl |  Obj  Depth IntInf | Incumbent    BestBd   Gap | It/Node Time

     0     0 17237.3922    0    4          - 17237.3922      -     -    0s
H    0     0                    109911.00000 17237.3922  84.3%     -    0s
H    0     0                    107449.00000 17237.3922  84.0%     -    0s
H    0     0                    107391.00000 17237.3922  83.9%     -    0s
H    0     0                    100798.00000 17237.3922  82.9%     -    0s
H    0     0                    95032.000000 17237.3922  81.9%     -    0s
     0     0 17313.8844    0    6 95032.0000 17313.8844  81.8%     -    0s
     0     0 17444.8591    0    7 95032.0000 17444.8591  81.6%     -    0s
H    0     0                    92560.000000 17447.5244  81.2%     -    0s
     0     0 17513.2063    0   10 92560.0000 17513.2063  81.1%     -    0s
     0     0 17521.4892    0   10 92560.0000 17521.4892  81.1%     -    0s
H    0     0                    85418.000000 17521.4892  79.5%     -    0s
H    0     0                    81019.000000 17521.4892  78.4%     -    0s
     0     2 17602.9794    0   13 81019.0000 17602.9794  78.3%     -    0s
H 3797  3355                    72669.000000 17638.5081  75.7%   2.7    2s
  3818  3369 18006.8775   38   22 72669.0000 17720.6790  75.6%   2.6    5s
  5602  4672 18498.1734   31    7 72669.0000 17782.7189  75.5%   4.4   10s
 11167  7776 18142.1808   24   11 72669.0000 17854.2948  75.4%   4.1   15s
 14157  9284 18734.9985   35    7 72669.0000 17897.8094  75.4%   4.0   20s
 17222 11768 19848.4518   56    2 72669.0000 17940.3017  75.3%   4.0   25s
 17998 12609 18285.2765   24   17 72669.0000 17963.3726  75.3%   4.0   30s
 20520 14861 19501.1794   41    3 72669.0000 17985.2379  75.3%   3.9   35s
 25576 19075 20043.9521   50    1 72669.0000 18010.8748  75.2%   3.9   40s
 30610 24170 18653.5937   32   10 72669.0000 18049.9574  75.2%   4.0   45s
 34316 27530 20178.4299   65    1 72669.0000 18077.4636  75.1%   4.0   50s
 38860 31657 18331.0879   24   17 72669.0000 18096.6419  75.1%   4.0   55s
 43616 35821 18602.4430   23   10 72669.0000 18115.6053  75.1%   4.0   60s
 48002 39388 18684.1749   30    8 72669.0000 18129.6951  75.1%   4.0   66s
 50177 39821 19094.6739   33    4 72669.0000 18129.6951  75.1%   4.1   70s
 50489 40308 18785.3089   30    9 72669.0000 18129.6951  75.1%   4.1   76s
 51726 41751 19196.7681   34    2 72669.0000 18129.6951  75.1%   4.1   82s
 53027 43118 19230.9098   33    3 72669.0000 18145.3023  75.0%   4.1   86s
 56136 45770 19270.9972   32    7 72669.0000 18147.7406  75.0%   4.1   93s
 58423 47874 19132.2287   32    3 72669.0000 18149.4515  75.0%   4.1   97s
 61083 48433 19940.3681   75   10 72669.0000 18157.9337  75.0%   4.0  107s
H61084 46012                    71896.000000 18157.9337  74.7%   4.0  108s
 61085 46012 19845.0000   38   28 71896.0000 18157.9337  74.7%   4.0  113s
 61086 46013 21932.2059   77   27 71896.0000 18157.9337  74.7%   4.0  115s
H61087 43713                    57243.000000 18157.9337  68.3%   4.0  118s
 61091 43715 19958.0605   58   28 57243.0000 18157.9337  68.3%   4.0  120s
H61091 41529                    54723.000000 18157.9337  66.8%   4.0  121s
 61097 41533 18489.3583   20   27 54723.0000 18157.9337  66.8%   4.0  125s
 61101 41536 21362.0000   86   29 54723.0000 18157.9337  66.8%   4.0  130s
 61105 41539 20017.0000   63   27 54723.0000 18157.9337  66.8%   4.0  135s
 61187 41609 18261.1062   29   17 54723.0000 18157.9337  66.8%   4.1  140s
 61481 41931 18435.2571   33   22 54723.0000 18157.9337  66.8%   4.2  146s
 61891 42159 18617.0289   36   16 54723.0000 18157.9337  66.8%   4.2  150s
 62653 42831 18851.2246   40   16 54723.0000 18157.9337  66.8%   4.3  155s
 64029 43614 19117.4954   50   12 54723.0000 18212.3763  66.7%   4.3  160s
 65631 44684 20002.4581   66    4 54723.0000 18286.7344  66.6%   4.3  165s
 67107 45278 18742.7592   35   16 54723.0000 18340.3474  66.5%   4.3  170s
 68289 46263 19098.2007   47    9 54723.0000 18340.3474  66.5%   4.4  175s
 69879 47141 21073.1920   60    1 54723.0000 18358.2307  66.5%   4.4  180s
 71776 48269 19554.9953   63    6 54723.0000 18396.7055  66.4%   4.4  185s
 74349 49564 19650.3421   74    2 54723.0000 18453.6257  66.3%   4.4  190s
 75621 49868 19371.9223   53    7 54723.0000 18455.1733  66.3%   4.4  195s
 76637 50668 19828.5541   64    5 54723.0000 18455.1733  66.3%   4.5  200s
 78562 51792 19829.7122   66    3 54723.0000 18483.6812  66.2%   4.5  206s
 79938 52217 19321.8165   51    8 54723.0000 18486.5357  66.2%   4.5  210s
 81581 53726 20674.1899   95    2 54723.0000 18489.2223  66.2%   4.5  216s
 84103 55575 18697.9044   34   15 54723.0000 18497.1388  66.2%   4.5  222s
 85875 55965 19212.5867   57    4 54723.0000 18497.1388  66.2%   4.5  225s
 89337 58055 18949.5143   52    9 54723.0000 18516.1525  66.2%   4.5  235s
 92963 59509 19731.2589   50    3 54723.0000 18528.1437  66.1%   4.6  242s
 95476 61342 25051.0000  102    - 54723.0000 18537.3589  66.1%   4.6  247s
 97923 62435 18740.1554   39   21 54723.0000 18540.5501  66.1%   4.6  251s
 100024 63215 26152.0000  102    - 54723.0000 18555.3857  66.1%   4.6  255s
 103640 64477 18898.9552   39   12 54723.0000 18555.3857  66.1%   4.6  260s
 106520 65596 20230.6141   62   10 54723.0000 18564.2038  66.1%   4.7  265s
 109628 66855 19655.3599   69    2 54723.0000 18568.7018  66.1%   4.7  273s
 109816 67713 19369.8710   70    4 54723.0000 18568.7018  66.1%   4.7  278s
 111512 68896 29334.0000  100    - 54723.0000 18568.7878  66.1%   4.7  283s
 113206 70626 20297.0623   74    4 54723.0000 18568.7878  66.1%   4.7  289s
 115850 71969 19028.3599   45   16 54723.0000 18577.1694  66.1%   4.7  295s
 118421 73343 18945.5105   38   16 54723.0000 18588.0636  66.0%   4.7  301s
 120967 74985 20180.5596   59    2 54723.0000 18593.4544  66.0%   4.7  309s
 123753 76783 18949.9780   34   22 54723.0000 18599.6927  66.0%   4.7  316s
 126889 78745 18934.6664   37   15 54723.0000 18605.8680  66.0%   4.7  323s
 130138 80722 19068.9359   53   17 54723.0000 18608.3695  66.0%   4.8  329s
 131387 80442 19129.7262   46   10 54723.0000 18613.5881  66.0%   4.8  330s
 133667 82570 18859.2329   39   20 54723.0000 18618.3912  66.0%   4.8  336s
 137032 84568 19494.5749   46   11 54723.0000 18623.8817  66.0%   4.8  344s
 140377 86225 19005.1575   38   14 54723.0000 18629.5931  66.0%   4.8  351s
 143459 88317 19820.4555   64    7 54723.0000 18635.2044  65.9%   4.8  358s
 147145 87622 19123.0767   46   13 54723.0000 18640.4993  65.9%   4.8  364s
 147268 88595 19350.1182   47   14 54723.0000 18640.4993  65.9%   4.8  370s
 148440 89496 18968.9529   37   17 54723.0000 18640.4993  65.9%   4.9  376s
 150019 90739 19643.6601   62    9 54723.0000 18640.4993  65.9%   4.9  383s
 152016 91364 19331.1894   38   15 54723.0000 18644.6974  65.9%   4.9  390s
 153962 93355 18953.8078   38   14 54723.0000 18645.5646  65.9%   4.9  398s
 156883 94766 18869.6792   36   16 54723.0000 18650.8461  65.9%   4.9  406s
 159719 95998 19074.3289   38   18 54723.0000 18656.0105  65.9%   4.9  415s
 161909 97759 19380.8200   44    7 54723.0000 18660.3067  65.9%   4.9  422s
 164882 98034 18796.3428   36   17 54723.0000 18662.4706  65.9%   4.9  429s
 166053 99437 18908.8583   37   17 54723.0000 18663.1139  65.9%   4.9  437s
 168159 100706 19280.9872   42   21 54723.0000 18665.1062  65.9%   4.9  445s
 170457 101916 18882.6495   36   17 54723.0000 18669.3950  65.9%   4.9  454s
 173434 103845 20013.7818   59    8 54723.0000 18670.7237  65.9%   4.9  466s
 176404 106078 19678.6359   82    4 54723.0000 18678.7317  65.9%   4.9  475s
 180090 108177 19095.1774   41   13 54723.0000 18682.1308  65.9%   5.0  484s
 182968 107546 19117.5357   44   20 54723.0000 18685.8559  65.9%   5.0  485s
 183861 108796 19352.0103   45   14 54723.0000 18687.2076  65.9%   5.0  495s
 188034 111658 20107.6148   74    2 54723.0000 18691.3235  65.8%   4.9  504s
 191102 114465 19464.3947   50    8 54723.0000 18694.8203  65.8%   5.0  512s
 194225 117540 18869.8534   35   21 54723.0000 18694.8203  65.8%   4.9  520s
 197586 120492 19931.9852   61    4 54723.0000 18699.1553  65.8%   5.0  529s
 201006 122453 19223.9787   43   20 54723.0000 18702.4994  65.8%   5.0  538s
 203039 125058 19245.5801   41    9 54723.0000 18705.5761  65.8%   5.0  547s
 206040 128067 20800.9374   93    2 54723.0000 18708.1785  65.8%   5.0  556s
 209478 130902 19276.3069   45   11 54723.0000 18710.6466  65.8%   5.0  565s
 212886 132835 19020.4056   39   14 54723.0000 18713.4198  65.8%   5.0  575s
 216242 136382 19703.2417   54   15 54723.0000 18716.4839  65.8%   5.0  585s
 219607 139198 19169.6254   40   21 54723.0000 18718.8710  65.8%   5.0  594s
 222728 140978 19120.5809   44   19 54723.0000 18722.4454  65.8%   5.0  600s

Cutting planes:
  Gomory: 4
  Cover: 1
  MIR: 5

Explored 224518 nodes (1128660 simplex iterations) in 601.68 seconds (244.49 work units)
Thread count was 32 (of 32 available processors)

Solution count 10: 54723 57243 71896 ... 107391

Time limit reached
Best objective 5.472300000000e+04, best bound 1.872244536389e+04, gap 65.7869%

User-callback calls 471811, time in user-callback 63.33 sec
