
Gurobi 13.0.2 (win64) logging started Wed Jul 15 20:49:35 2026

Set parameter LogFile to value "logs/kstar_nI40_nJ20_nK50_nL10_tI6_tJ6_s5_m0_exact_s0_20260715-204935.gurobi.log"
Set parameter Seed to value 0
Set parameter TimeLimit to value 599.9758909
Set parameter NodefileStart to value 4
Set parameter MIPGap to value 0
Set parameter MIPGapAbs to value 0.9999
Set parameter Cutoff to value 1e+100
Gurobi Optimizer version 13.0.2 build v13.0.2rc1 (win64 - Windows 11+.0 (26200.2))

CPU model: Intel(R) Core(TM) i9-14900HX, instruction set [SSE2|AVX|AVX2]
Thread count: 24 physical cores, 32 logical processors, using up to 32 threads

Non-default parameters:
TimeLimit  599.9758909
MIPGap  0
MIPGapAbs  0.9999
NodefileStart  4

Optimize a model with 1300 rows, 18060 columns and 46600 nonzeros (Min)
Model fingerprint: 0x767b3471
Model has 18060 linear objective coefficients
Variable types: 18000 continuous, 60 integer (60 binary)
Coefficient statistics:
  Matrix range     [1e+00, 7e+02]
  Objective range  [1e+00, 5e+02]
  Bounds range     [1e+00, 1e+00]
  RHS range        [5e+00, 2e+01]

Using branch priorities.
Found heuristic solution: objective 623707.00000
Presolve time: 0.03s
Presolved: 1300 rows, 18060 columns, 46600 nonzeros
Variable types: 18000 continuous, 60 integer (60 binary)

Root relaxation: objective 5.122625e+04, 1018 iterations, 0.01 seconds (0.01 work units)

    Nodes    |    Current Node    |     Objective Bounds      |     Work
 Expl Unexpl |  Obj  Depth IntInf | Incumbent    BestBd   Gap | It/Node Time

     0     0 51226.2498    0   57 623707.000 51226.2498  91.8%     -    0s
H    0     0                    63311.807005 51226.2498  19.1%     -    0s
H    0     0                    62658.000000 51226.2498  18.2%     -    0s
     0     0 57308.1779    0   31 62658.0000 57308.1779  8.54%     -    0s
H    0     0                    61015.000000 57315.7974  6.06%     -    0s
     0     0 57356.2046    0   31 61015.0000 57356.2046  6.00%     -    0s
     0     0 57358.3459    0   31 61015.0000 57358.3459  5.99%     -    0s
H    0     0                    60982.000000 57358.3459  5.94%     -    0s
H    0     0                    60561.000000 58541.3228  3.33%     -    0s
H    0     0                    60557.000000 58541.3228  3.33%     -    0s
H    0     0                    60493.000000 58541.3228  3.23%     -    0s
H    0     0                    60133.000000 58541.3228  2.65%     -    0s
     0     0 58541.3228    0   24 60133.0000 58541.3228  2.65%     -    0s
H    0     0                    60086.000000 58547.6640  2.56%     -    0s
H    0     0                    59980.000000 58547.6640  2.39%     -    0s
H    0     0                    59624.000000 58700.3571  1.55%     -    0s
     0     0 58700.3571    0   20 59624.0000 58700.3571  1.55%     -    0s
     0     0 58711.2886    0   20 59624.0000 58711.2886  1.53%     -    0s
     0     0 58711.2886    0   20 59624.0000 58711.2886  1.53%     -    0s
H    0     0                    59359.720930 58984.1141  0.63%     -    0s
     0     0 58984.1141    0   16 59359.7209 58984.1141  0.63%     -    0s
H    0     0                    59114.000000 58987.3085  0.21%     -    0s
     0     0 59044.9333    0   18 59114.0000 59044.9333  0.12%     -    0s
     0     0 59045.4688    0   16 59114.0000 59045.4688  0.12%     -    0s
H    0     0                    59090.000000 59049.1480  0.07%     -    0s
     0     0 59049.2627    0   13 59090.0000 59049.2627  0.07%     -    0s
     0     0 59053.5395    0   10 59090.0000 59053.5395  0.06%     -    0s
     0     0 59063.3333    0    1 59090.0000 59063.3333  0.05%     -    0s
H    0     0                    59076.000000 59063.3333  0.02%     -    0s

Cutting planes:
  Implied bound: 381
  MIR: 105
  Flow cover: 175
  Relax-and-lift: 7

Explored 1 nodes (2181 simplex iterations) in 0.36 seconds (0.36 work units)
Thread count was 32 (of 32 available processors)

Solution count 10: 59076 59090 59359.7 ... 60982

Optimal solution found (tolerance 0.00e+00)
Best objective 5.907600000000e+04, best bound 5.907600000000e+04, gap 0.0000%
