
Gurobi 13.0.2 (win64) logging started Thu Jul 16 09:41:02 2026

Set parameter LogFile to value "logs/kstar_nI20_nJ40_nK50_nL10_tI2_tJ2_s4_m1_exact_s0_20260716-094102.gurobi.log"
Set parameter Seed to value 0
Set parameter TimeLimit to value 599.9607568
Set parameter MIPGap to value 0
Set parameter MIPGapAbs to value 0.5
Set parameter Cutoff to value 1e+100
Gurobi Optimizer version 13.0.2 build v13.0.2rc1 (win64 - Windows 11+.0 (26200.2))

CPU model: Intel(R) Core(TM) i9-14900HX, instruction set [SSE2|AVX|AVX2]
Thread count: 24 physical cores, 32 logical processors, using up to 32 threads

Non-default parameters:
TimeLimit  599.9607568
MIPGap  0
MIPGapAbs  0.5
PreCrush  1
LazyConstraints  1

Optimize a model with 20 rows, 70 columns and 600 nonzeros (Min)
Model fingerprint: 0x2091914d
Model has 70 linear objective coefficients
Variable types: 10 continuous, 60 integer (60 binary)
Coefficient statistics:
  Matrix range     [6e+00, 7e+02]
  Objective range  [1e+00, 5e+02]
  Bounds range     [1e+00, 5e+03]
  RHS range        [6e+02, 7e+02]

Using branch priorities.
Presolve removed 16 rows and 0 columns
Presolve time: 0.00s
Presolved: 4 rows, 70 columns, 120 nonzeros
Variable types: 10 continuous, 60 integer (60 binary)

Root relaxation: objective 3.986900e+04, 6 iterations, 0.00 seconds (0.00 work units)

    Nodes    |    Current Node    |     Objective Bounds      |     Work
 Expl Unexpl |  Obj  Depth IntInf | Incumbent    BestBd   Gap | It/Node Time

     0     0 39869.0000    0    -          - 39869.0000      -     -    0s
     0     0 39882.1646    0    4          - 39882.1646      -     -    0s
H    0     0                    354635.00000 39882.1646  88.8%     -    0s
H    0     0                    293514.00000 39882.1646  86.4%     -    0s
H    0     0                    263737.00000 39882.1646  84.9%     -    0s
     0     0 39901.0345    0    9 263737.000 39901.0345  84.9%     -    0s
     0     0 39901.2791    0    9 263737.000 39901.2791  84.9%     -    0s
H    0     0                    227224.00000 39901.2791  82.4%     -    0s
     0     2 39930.5647    0    8 227224.000 39930.5647  82.4%     -    0s
  3161  2849 42168.0000   52    - 227224.000 40017.7761  82.4%   3.0    5s
H 3610  2997                    195218.00000 40017.7761  79.5%   3.2    7s
H 3616  2850                    175911.00000 40017.7761  77.3%   3.1    8s
H 3617  2850                    175766.00000 40017.7761  77.2%   3.1    8s
H 3622  2711                    139259.00000 40017.7761  71.3%   3.1    9s
  3633  2721 40017.7761   15   18 139259.000 40017.7761  71.3%   3.2   10s
  4310  3210 40215.9158   27   13 139259.000 40021.2574  71.3%   5.4   15s
  5612  3986 40583.8818   37    8 139259.000 40074.6275  71.2%   5.8   20s
  7158  4767 41776.6560   58    4 139259.000 40100.5272  71.2%   5.8   25s
  8553  5382 40757.1910   35    9 139259.000 40117.8058  71.2%   5.9   30s
  9522  5977 40163.2031   31   20 139259.000 40139.0052  71.2%   5.9   35s
 10857  6751 41104.6828   54    3 139259.000 40143.5867  71.2%   5.9   40s
 12805  7945 40726.7475   58   13 139259.000 40143.5867  71.2%   5.8   45s
 14544  9515 40567.7587   30   21 139259.000 40177.6429  71.1%   5.8   50s
 16436 10673 40441.4314   27   16 139259.000 40202.7495  71.1%   5.7   56s
 17156 11261 40503.1354   31   14 139259.000 40202.7495  71.1%   5.8   60s
 17371 11578 40527.0300   34   15 139259.000 40202.7495  71.1%   5.8   65s
 18005 12215 40733.7771   37    8 139259.000 40202.7495  71.1%   5.9   71s
 18422 12443 40871.9471   39    7 139259.000 40202.7495  71.1%   5.9   75s
 18898 12835 40900.0532   41    6 139259.000 40219.0679  71.1%   5.9   80s
 19669 13404 40845.0480   29    6 139259.000 40223.4749  71.1%   5.9   85s
 20279 14024 40259.0180   34   24 139259.000 40225.0698  71.1%   5.9   90s
 21494 15320 40866.2905   36   13 139259.000 40226.5124  71.1%   6.0   97s
 22183 15865 40515.7093   24   18 139259.000 40226.5124  71.1%   6.0  100s
 23445 17039 40671.8188   36   16 139259.000 40229.3553  71.1%   6.0  106s
 24907 18212 41931.7691   72    1 139259.000 40233.5018  71.1%   6.1  112s
 25501 18780 40697.1943   32   20 139259.000 40240.9810  71.1%   6.1  115s
 27156 20359 40597.5368   26   14 139259.000 40251.9688  71.1%   6.1  122s
 28074 20950 40379.5857   30   26 139259.000 40251.9688  71.1%   6.2  125s
 30084 22972 40809.0748   36   10 139259.000 40265.0233  71.1%   6.3  133s
 31551 23898 40791.8547   37   14 139259.000 40265.0233  71.1%   6.3  138s
 32564 24656 42218.5176   61    3 139259.000 40265.0233  71.1%   6.4  143s
 33976 25965 40758.5715   36   14 139259.000 40265.0233  71.1%   6.4  148s
 35602 26399 40713.1999   28   12 139259.000 40297.0759  71.1%   6.4  153s
 35739 26644 40714.5117   29   13 139259.000 40297.0759  71.1%   6.4  157s
 36213 27091 40802.6970   27   12 139259.000 40297.0759  71.1%   6.4  162s
 36752 27685 40853.1951   28    9 139259.000 40301.6899  71.1%   6.4  168s
 37470 28295 40882.3689   29   11 139259.000 40303.3357  71.1%   6.4  174s
 38170 29085 40649.6406   28   20 139259.000 40305.5402  71.1%   6.4  180s
 39186 29974 40906.6279   30   11 139259.000 40307.2183  71.1%   6.4  186s
 40196 30651 40834.1104   28   11 139259.000 40308.9729  71.1%   6.4  192s
 41010 31494 41049.5300   31    6 139259.000 40309.7449  71.1%   6.5  200s
 42047 32450 40923.1983   31   11 139259.000 40313.7565  71.1%   6.5  207s
 43390 33466 40961.4547   30    5 139259.000 40319.1809  71.0%   6.5  216s
 44911 34752 41238.0778   33    1 139259.000 40321.4533  71.0%   6.5  225s
 46368 35859 41762.2290   40    2 139259.000 40325.9492  71.0%   6.5  234s
 48290 37402 40550.8024   42   20 139259.000 40326.8442  71.0%   6.5  242s
 49825 38878 41191.1027   50   10 139259.000 40331.1058  71.0%   6.5  252s
 51505 40382 41805.5931   69    1 139259.000 40338.3972  71.0%   6.5  260s
 53441 40717 41141.6959   43    9 139259.000 40342.2915  71.0%   6.6  287s
 53444 40719 42528.0000   72   30 139259.000 40342.2915  71.0%   6.6  291s
 53450 40723 41465.3486   43   32 139259.000 40342.2915  71.0%   6.6  295s
 53454 40726 41703.0000   47   32 139259.000 40342.2915  71.0%   6.6  300s
H53457 38691                    135868.00000 40342.2915  70.3%   6.6  304s
 53459 38692 41227.6872   47   33 135868.000 40342.2915  70.3%   6.6  307s
 53463 38698 40342.2915   30   31 135868.000 40342.2915  70.3%   6.6  311s
 53477 38721 40342.2915   33   31 135868.000 40342.2915  70.3%   6.6  315s
 53525 38769 40342.2915   35   30 135868.000 40342.2915  70.3%   6.6  320s
 53657 38857 40342.2915   37   28 135868.000 40342.2915  70.3%   6.7  329s
 53689 38913 40342.2915   37   26 135868.000 40342.2915  70.3%   6.7  335s
 54023 39186 40342.2915   40   25 135868.000 40342.2915  70.3%   6.8  341s
 54368 39399 40342.2915   42   26 135868.000 40342.2915  70.3%   6.9  346s
 54565 39481 40342.2915   43   27 135868.000 40342.2915  70.3%   7.0  350s
 54779 39567 40342.2915   44   25 135868.000 40342.2915  70.3%   7.0  355s
 54892 39733 40342.2915   45   23 135868.000 40342.2915  70.3%   7.0  362s
 55067 39821 40342.2915   45   26 135868.000 40342.2915  70.3%   7.1  365s
 55407 40042 40342.2915   47   26 135868.000 40342.2915  70.3%   7.1  372s
 55805 40284 40349.7692   49   22 135868.000 40342.2915  70.3%   7.2  376s
 56268 40552 40563.7030   51   21 135868.000 40342.2915  70.3%   7.2  381s
 56758 40830 40402.2758   53   20 135868.000 40342.2915  70.3%   7.2  385s
 57313 41245 40458.6834   55   18 135868.000 40342.2915  70.3%   7.3  392s
 57756 41530 40549.5575   58   18 135868.000 40342.2915  70.3%   7.3  396s
 58286 41703 40678.1011   60   14 135868.000 40342.2915  70.3%   7.3  400s
 58806 41988 40381.8703   41   28 135868.000 40342.2915  70.3%   7.3  405s
 59745 42208 41187.1076   58    3 135868.000 40342.2915  70.3%   7.3  410s
 60260 42472 41092.1755   49    7 135868.000 40342.2915  70.3%   7.4  420s
 60298 42892 41127.2731   50   10 135868.000 40342.2915  70.3%   7.4  427s
 60948 43105 40890.6858   60   12 135868.000 40342.2915  70.3%   7.4  434s
 61643 43557 40933.4679   43   15 135868.000 40342.2915  70.3%   7.4  440s
 62421 43866 42033.7087   84    1 135868.000 40342.2915  70.3%   7.4  447s
 63120 44093 40815.3416   42   18 135868.000 40342.2915  70.3%   7.4  454s
 63324 44069 41092.5828   47    4 135868.000 40342.2915  70.3%   7.4  455s
 63623 44407 40994.4621   45   10 135868.000 40342.2915  70.3%   7.4  460s
 64244 44825 41525.8098   59    4 135868.000 40342.2915  70.3%   7.4  465s
 65233 45185 41895.1883   81    3 135868.000 40342.2915  70.3%   7.4  471s
 66014 45653 40437.3884   57   21 135868.000 40342.2915  70.3%   7.4  477s
 66721 45519 40949.4226   67   14 135868.000 40342.2915  70.3%   7.5  484s
 66750 45512 40799.8222   62   21 135868.000 40342.2915  70.3%   7.5  485s
 66755 46130 41046.4324   68   12 135868.000 40342.2915  70.3%   7.5  491s
 67649 46023 40627.6915   54   21 135868.000 40342.2915  70.3%   7.5  502s
 67821 46546 40637.8919   55   22 135868.000 40342.2915  70.3%   7.5  512s
 68742 47017 40607.8292   41   25 135868.000 40342.2915  70.3%   7.5  521s
 69566 47458 41616.8096   56    7 135868.000 40359.2671  70.3%   7.5  530s
 70379 47410 40740.9696   54   17 135868.000 40379.8352  70.3%   7.5  539s
 70514 47904 41243.5750   66   10 135868.000 40379.8352  70.3%   7.5  546s
 71230 48284 40566.4511   44   20 135868.000 40379.8352  70.3%   7.6  555s
 71973 48713 40950.5951   52   12 135868.000 40379.8352  70.3%   7.6  564s
 72287 48663 42157.2907   68    3 135868.000 40379.8352  70.3%   7.6  565s
 72994 49180 42049.0000   71    - 135868.000 40379.8352  70.3%   7.6  574s
 73767 49072 41367.5838   71    8 135868.000 40388.1199  70.3%   7.7  575s
 73959 49809 40594.1094   45   26 135868.000 40388.8857  70.3%   7.7  584s
 75132 49659 40525.4875   48   26 135868.000 40411.3173  70.3%   7.7  585s
 75255 50412 40805.5248   57   19 135868.000 40411.3173  70.3%   7.7  594s
 75603 50360 40732.0179   50   24 135868.000 40424.7365  70.2%   7.7  595s
 76419 50699 41023.4245   48   19 135868.000 40424.7365  70.2%   7.7  600s

Cutting planes:
  MIR: 21
  Flow cover: 6

Explored 77185 nodes (593074 simplex iterations) in 602.20 seconds (326.39 work units)
Thread count was 32 (of 32 available processors)

Solution count 8: 135868 139259 175766 ... 354635

Time limit reached
Best objective 1.358680000000e+05, best bound 4.042473650636e+04, gap 70.2471%

User-callback calls 190616, time in user-callback 94.17 sec
