
Gurobi 13.0.2 (win64) logging started Fri Jul 17 09:57:43 2026

Set parameter LogFile to value "logs/kstar_nI40_nJ20_nK50_nL5_tI6_tJ6_s4_m1_exact_s0_20260717-095743.gurobi.log"
Set parameter Seed to value 0
Set parameter TimeLimit to value 599.9840861
Set parameter MIPGap to value 0
Set parameter MIPGapAbs to value 0.5
Set parameter Cutoff to value 1e+100
Gurobi Optimizer version 13.0.2 build v13.0.2rc1 (win64 - Windows 11+.0 (26200.2))

CPU model: Intel(R) Core(TM) i9-14900HX, instruction set [SSE2|AVX|AVX2]
Thread count: 24 physical cores, 32 logical processors, using up to 32 threads

Non-default parameters:
TimeLimit  599.9840861
MIPGap  0
MIPGapAbs  0.5
PreCrush  1
LazyConstraints  1

Optimize a model with 10 rows, 65 columns and 300 nonzeros (Min)
Model fingerprint: 0xa08d481d
Model has 65 linear objective coefficients
Variable types: 5 continuous, 60 integer (60 binary)
Coefficient statistics:
  Matrix range     [7e+00, 7e+02]
  Objective range  [1e+00, 5e+02]
  Bounds range     [1e+00, 5e+03]
  RHS range        [6e+02, 7e+02]

Using branch priorities.
Presolve removed 8 rows and 0 columns
Presolve time: 0.00s
Presolved: 2 rows, 65 columns, 60 nonzeros
Variable types: 5 continuous, 60 integer (60 binary)

Root relaxation: objective 2.757372e+04, 5 iterations, 0.00 seconds (0.00 work units)

    Nodes    |    Current Node    |     Objective Bounds      |     Work
 Expl Unexpl |  Obj  Depth IntInf | Incumbent    BestBd   Gap | It/Node Time

     0     0 27573.7232    0    3          - 27573.7232      -     -    0s
H    0     0                    79833.000000 27573.7232  65.5%     -    0s
H    0     0                    76491.000000 27573.7232  64.0%     -    0s
H    0     0                    74619.000000 27573.7232  63.0%     -    0s
H    0     0                    73359.000000 27573.7232  62.4%     -    0s
H    0     0                    67609.000000 27573.7232  59.2%     -    0s
     0     0 27953.6791    0    8 67609.0000 27953.6791  58.7%     -    0s
     0     0 27996.0109    0    8 67609.0000 27996.0109  58.6%     -    0s
     0     0 28411.6779    0    9 67609.0000 28411.6779  58.0%     -    0s
     0     0 28499.6453    0   10 67609.0000 28499.6453  57.8%     -    0s
H    0     0                    65241.000000 28501.6458  56.3%     -    0s
     0     0 28519.2409    0   12 65241.0000 28519.2409  56.3%     -    0s
     0     0 28520.9482    0   12 65241.0000 28520.9482  56.3%     -    0s
H    0     0                    61526.000000 28520.9482  53.6%     -    0s
     0     2 28563.3129    0   13 61526.0000 28563.3129  53.6%     -    0s
H 3710  3045                    51525.000000 28771.0323  44.2%   3.4    1s
H 3712  2894                    51522.000000 28900.9237  43.9%   3.4    2s
H 3716  2752                    48710.000000 28924.2435  40.6%   3.4    2s
H 3724  2619                    47925.000000 28937.5540  39.6%   3.3    2s
H 3724  2488                    47892.000000 28937.5540  39.6%   3.3    2s
H 3725  2491                    47416.000000 28937.5540  39.0%   3.4    2s
  7463  4785 30477.2688   29    9 47416.0000 29342.9986  38.1%   4.6    5s
*11371  6715              71    44636.000000 29438.0771  34.0%   4.6    7s
*12003  7162              71    44582.000000 29438.0771  34.0%   4.5    7s
 14917  9674 30847.9030   30   10 44582.0000 29551.2336  33.7%   4.6   10s
 24118 17817 31101.6153   33    8 44582.0000 29651.2718  33.5%   4.7   15s
 29526 22414 32176.5602   47    4 44582.0000 29753.4790  33.3%   4.7   20s
 35620 27047 31090.8420   35    7 44582.0000 29820.2582  33.1%   4.7   25s
 40003 31548 32264.8257   46    6 44582.0000 29856.9687  33.0%   4.8   30s
 44271 34670 30961.3191   33   11 44582.0000 29896.0313  32.9%   4.7   35s
 48931 38924 30958.7790   29   11 44582.0000 29915.9044  32.9%   4.8   41s
 51517 41062 31276.8941   26   16 44582.0000 29951.2842  32.8%   4.9   45s
 54430 43501 31571.2152   37    9 44582.0000 29971.0516  32.8%   4.9   50s
 58617 47215 34643.7544   61    1 44582.0000 29993.4072  32.7%   4.9   56s
 61943 49989 30936.5435   27   15 44582.0000 30013.3084  32.7%   4.9   61s
 64944 51468 31368.9906   41   12 44582.0000 30035.2709  32.6%   5.0   72s
 64948 51471 32496.0000   66   30 44582.0000 30035.2709  32.6%   5.0   75s
H64950 48898                    44533.000000 30035.2709  32.6%   5.0   77s
 64956 48902 31141.0884   36   31 44533.0000 30035.2709  32.6%   5.0   80s
 64964 48907 31754.0000   57   31 44533.0000 30035.2709  32.6%   5.0   86s
 64968 48910 31207.6494   39   32 44533.0000 30035.2709  32.6%   5.0   90s
 65033 48986 31287.6062   34   24 44533.0000 30136.3475  32.3%   5.0   95s
 65444 49359 31579.3487   38   20 44533.0000 30136.3475  32.3%   5.2  100s
 66205 49796 31810.2406   44   12 44533.0000 30136.3475  32.3%   5.2  105s
 67771 50640 33107.6181   62    1 44533.0000 30367.7023  31.8%   5.3  110s
 69841 51818 31320.4501   42   16 44533.0000 30462.8136  31.6%   5.3  115s
 71641 52517 33857.1882   70    3 44533.0000 30541.9701  31.4%   5.4  120s
 73840 54271 32265.0105   59    6 44533.0000 30560.7142  31.4%   5.5  126s
 76364 55670 30976.0497   37   28 44533.0000 30655.3701  31.2%   5.5  131s
 78220 56505 30800.5225   39   30 44533.0000 30655.3701  31.2%   5.5  135s
 79700 56783 40230.2933   81    2 44533.0000 30734.9550  31.0%   5.5  141s
 80127 57543 32162.0282   52    9 44533.0000 30736.5913  31.0%   5.6  147s
 81249 58095 31419.9500   43   18 44533.0000 30736.5913  31.0%   5.6  150s
 83009 59178 32420.8097   65    1 44533.0000 30741.0560  31.0%   5.6  155s
 85112 60472 31414.9685   45   21 44533.0000 30809.1640  30.8%   5.7  161s
 87559 61181 31965.9492   52    8 44533.0000 30824.2460  30.8%   5.7  168s
 87965 61948 31983.0299   53   10 44533.0000 30831.9354  30.8%   5.7  172s
 89162 62478 33497.7627   61    2 44533.0000 30831.9354  30.8%   5.7  175s
 91879 63842 33353.5361   75    2 44533.0000 30875.3037  30.7%   5.8  181s
 94479 65438 31788.8415   44   18 44533.0000 30892.4139  30.6%   5.8  188s
 95795 65998 31835.7110   50   16 44533.0000 30892.4366  30.6%   5.9  191s
 97977 67511 32461.8248   56   11 44533.0000 30893.1455  30.6%   6.0  198s
 99583 68220 31278.6531   44   19 44533.0000 30905.1772  30.6%   6.0  202s
 101432 69040 32018.1442   54   12 44533.0000 30912.7182  30.6%   6.0  207s
 102966 69843 31584.3501   44   21 44533.0000 30928.6069  30.5%   6.1  210s
 105748 71492 31537.7078   42   24 44533.0000 30928.6969  30.5%   6.2  217s
 107214 72066 32318.7767   54   11 44533.0000 30928.6969  30.5%   6.2  222s
 108614 73082 31325.8892   41   23 44533.0000 30932.3525  30.5%   6.2  226s
 110290 74168 31725.8174   45   14 44533.0000 30946.8987  30.5%   6.3  230s
 112124 75382 32538.2121   61    4 44533.0000 30952.3959  30.5%   6.3  235s
 114406 76544 32552.2706   60   14 44533.0000 30952.3959  30.5%   6.3  240s
 116591 77639 31329.3513   44   22 44533.0000 30969.1663  30.5%   6.3  247s
 118664 78697 32412.5069   58    8 44533.0000 30970.0711  30.5%   6.4  252s
 120735 79942 32780.1160   58   14 44533.0000 30989.0277  30.4%   6.4  258s
 122893 81159 32668.5968   60    4 44533.0000 30999.0695  30.4%   6.5  264s
 125153 82437 31584.7972   43   20 44533.0000 31007.1576  30.4%   6.5  270s
 127687 83033 31700.9943   47   26 44533.0000 31016.1607  30.4%   6.5  278s
 129086 82846 32234.1497   47   17 44533.0000 31016.8483  30.4%   6.5  282s
 129234 83705 32272.1146   48   15 44533.0000 31016.8483  30.4%   6.5  289s
 130347 84584 32398.5611   53   12 44533.0000 31016.8483  30.4%   6.5  296s
 132073 85824 31786.3230   52   18 44533.0000 31016.8483  30.4%   6.6  304s
 134263 86956 38300.0000   84    - 44533.0000 31032.5685  30.3%   6.6  311s
 136312 88172 31865.5243   48   21 44533.0000 31037.0807  30.3%   6.6  321s
 138538 89190 33136.0789   73    2 44533.0000 31045.6864  30.3%   6.7  328s
 140408 90666 31899.9913   45   21 44533.0000 31047.0588  30.3%   6.7  336s
 142988 91936 32879.1146   71    2 44533.0000 31056.1511  30.3%   6.8  343s
 145425 93832 32055.8412   51   18 44533.0000 31065.9341  30.2%   6.8  352s
 148669 95295 31735.3213   49   21 44533.0000 31071.7122  30.2%   6.8  360s
 151475 96503 31444.6217   44   22 44533.0000 31082.4778  30.2%   6.9  372s
 154025 98134 31663.1523   42   19 44533.0000 31091.5698  30.2%   6.9  380s
 156916 99511 32135.6711   48   23 44533.0000 31098.8568  30.2%   6.9  388s
 159641 101064 31602.5116   45   21 44533.0000 31106.8698  30.1%   7.0  398s
 162496 102547 32477.3515   57   13 44533.0000 31112.4283  30.1%   7.0  407s
 165305 103975 31831.5175   46   27 44533.0000 31118.6313  30.1%   7.0  416s
 168102 105012 31745.1761   41   24 44533.0000 31124.8168  30.1%   7.0  425s
 170628 106390 31600.6880   44   26 44533.0000 31132.6472  30.1%   7.0  435s
 173162 107890 31971.8620   44   20 44533.0000 31138.0692  30.1%   7.1  444s
 175762 108650 33659.2267   78    4 44533.0000 31145.6521  30.1%   7.1  453s
 177292 110257 32901.9369   54   17 44533.0000 31145.6521  30.1%   7.2  461s
 179974 111754 42365.5485   76    3 44533.0000 31145.6521  30.1%   7.2  471s
 182823 112901 32021.1365   47   18 44533.0000 31156.5867  30.0%   7.2  481s
 185199 114231 33073.8793   60   14 44533.0000 31162.6638  30.0%   7.2  493s
 187732 115578 31729.7101   46   23 44533.0000 31168.7178  30.0%   7.2  503s
 190188 116690 31697.1066   43   26 44533.0000 31173.9937  30.0%   7.2  512s
 192943 117671 32304.4910   52   17 44533.0000 31178.2556  30.0%   7.3  522s
 194924 119009 32014.9311   42   19 44533.0000 31183.4852  30.0%   7.3  532s
 197180 120265 36231.3172   80    1 44533.0000 31184.0427  30.0%   7.3  542s
 199628 121592 32395.3971   51   12 44533.0000 31189.3974  30.0%   7.3  553s
 202002 122976 31502.7424   42   28 44533.0000 31189.4436  30.0%   7.3  563s
 204666 124008 31599.7769   41   22 44533.0000 31200.1145  29.9%   7.3  576s
 206709 123890 32083.1773   40   30 44533.0000 31206.1535  29.9%   7.4  591s
 207120 125113 32258.9977   41   23 44533.0000 31206.1535  29.9%   7.4  600s

Cutting planes:
  Gomory: 7
  MIR: 4
  Flow cover: 4

Explored 208885 nodes (1541317 simplex iterations) in 601.38 seconds (220.03 work units)
Thread count was 32 (of 32 available processors)

Solution count 10: 44533 44582 44636 ... 67609

Time limit reached
Best objective 4.453300000000e+04, best bound 3.120665722201e+04, gap 29.9246%

User-callback calls 443370, time in user-callback 23.07 sec
