
Gurobi 13.0.2 (win64) logging started Wed Jul 15 20:49:10 2026

Set parameter LogFile to value "logs/kstar_nI40_nJ20_nK100_nL10_tI6_tJ6_s5_m0_exact_s0_20260715-204910.gurobi.log"
Set parameter Seed to value 0
Set parameter TimeLimit to value 599.9653828
Set parameter NodefileStart to value 4
Set parameter MIPGap to value 0
Set parameter MIPGapAbs to value 0.9999
Set parameter Cutoff to value 1e+100
Gurobi Optimizer version 13.0.2 build v13.0.2rc1 (win64 - Windows 11+.0 (26200.2))

CPU model: Intel(R) Core(TM) i9-14900HX, instruction set [SSE2|AVX|AVX2]
Thread count: 24 physical cores, 32 logical processors, using up to 32 threads

Non-default parameters:
TimeLimit  599.9653828
MIPGap  0
MIPGapAbs  0.9999
NodefileStart  4

Optimize a model with 1800 rows, 28060 columns and 76600 nonzeros (Min)
Model fingerprint: 0xb6f18e99
Model has 28060 linear objective coefficients
Variable types: 28000 continuous, 60 integer (60 binary)
Coefficient statistics:
  Matrix range     [1e+00, 1e+03]
  Objective range  [1e+00, 5e+02]
  Bounds range     [1e+00, 1e+00]
  RHS range        [5e+00, 2e+01]

Using branch priorities.
Found heuristic solution: objective 1262683.0000
Presolve time: 0.05s
Presolved: 1800 rows, 28060 columns, 76600 nonzeros
Variable types: 28000 continuous, 60 integer (60 binary)

Root relaxation: objective 1.009867e+05, 1460 iterations, 0.02 seconds (0.01 work units)

    Nodes    |    Current Node    |     Objective Bounds      |     Work
 Expl Unexpl |  Obj  Depth IntInf | Incumbent    BestBd   Gap | It/Node Time

     0     0 100986.702    0   55 1262683.00 100986.702  92.0%     -    0s
H    0     0                    113365.61508 100986.702  10.9%     -    0s
H    0     0                    113275.87028 107436.051  5.16%     -    0s
     0     0 107436.051    0   39 113275.870 107436.051  5.16%     -    0s
H    0     0                    113274.12031 107524.823  5.08%     -    0s
     0     0 107543.856    0   38 113274.120 107543.856  5.06%     -    0s
     0     0 107543.856    0   39 113274.120 107543.856  5.06%     -    0s
H    0     0                    112551.00000 110941.655  1.43%     -    0s
H    0     0                    112219.00000 110941.655  1.14%     -    0s
     0     0 110941.655    0   31 112219.000 110941.655  1.14%     -    0s
H    0     0                    112172.00000 110963.380  1.08%     -    0s
     0     0 111033.861    0   30 112172.000 111033.861  1.01%     -    0s
     0     0 111037.376    0   31 112172.000 111037.376  1.01%     -    0s
H    0     0                    111785.00000 111357.157  0.38%     -    0s
     0     0 111357.157    0   16 111785.000 111357.157  0.38%     -    0s
H    0     0                    111767.00000 111357.473  0.37%     -    0s
H    0     0                    111669.24137 111407.471  0.23%     -    0s
     0     0 111407.471    0    8 111669.241 111407.471  0.23%     -    0s
H    0     0                    111447.87014 111411.655  0.03%     -    0s
H    0     0                    111419.00000 111411.655  0.01%     -    0s
     0     0 111412.780    0    3 111419.000 111412.780  0.01%     -    0s
     0     0 111412.825    0    1 111419.000 111412.825  0.01%     -    0s

Cutting planes:
  Implied bound: 780
  MIR: 212
  Flow cover: 73
  Relax-and-lift: 7

Explored 1 nodes (2483 simplex iterations) in 0.52 seconds (0.51 work units)
Thread count was 32 (of 32 available processors)

Solution count 7: 111419 111669 111767 ... 1.26268e+06

Optimal solution found (tolerance 0.00e+00)
Best objective 1.114190000000e+05, best bound 1.114190000000e+05, gap 0.0000%
