
Gurobi 13.0.2 (win64) logging started Thu Jul 16 08:20:39 2026

Set parameter LogFile to value "logs/kstar_nI20_nJ40_nK100_nL5_tI6_tJ6_s1_m1_exact_s0_20260716-082039.gurobi.log"
Set parameter Seed to value 0
Set parameter TimeLimit to value 599.9676938
Set parameter MIPGap to value 0
Set parameter MIPGapAbs to value 0.5
Set parameter Cutoff to value 1e+100
Gurobi Optimizer version 13.0.2 build v13.0.2rc1 (win64 - Windows 11+.0 (26200.2))

CPU model: Intel(R) Core(TM) i9-14900HX, instruction set [SSE2|AVX|AVX2]
Thread count: 24 physical cores, 32 logical processors, using up to 32 threads

Non-default parameters:
TimeLimit  599.9676938
MIPGap  0
MIPGapAbs  0.5
PreCrush  1
LazyConstraints  1

Optimize a model with 10 rows, 65 columns and 300 nonzeros (Min)
Model fingerprint: 0x8b5100ea
Model has 65 linear objective coefficients
Variable types: 5 continuous, 60 integer (60 binary)
Coefficient statistics:
  Matrix range     [6e+00, 1e+03]
  Objective range  [1e+00, 5e+02]
  Bounds range     [1e+00, 9e+03]
  RHS range        [1e+03, 1e+03]

Using branch priorities.
Presolve removed 8 rows and 0 columns
Presolve time: 0.00s
Presolved: 2 rows, 65 columns, 60 nonzeros
Variable types: 5 continuous, 60 integer (60 binary)

Root relaxation: objective 4.506650e+04, 4 iterations, 0.00 seconds (0.00 work units)

    Nodes    |    Current Node    |     Objective Bounds      |     Work
 Expl Unexpl |  Obj  Depth IntInf | Incumbent    BestBd   Gap | It/Node Time

     0     0 45066.5007    0    2          - 45066.5007      -     -    0s
H    0     0                    183624.00000 45066.5007  75.5%     -    0s
H    0     0                    177647.00000 45066.5007  74.6%     -    0s
H    0     0                    177265.00000 45066.5007  74.6%     -    0s
H    0     0                    169657.00000 45066.5007  73.4%     -    0s
H    0     0                    166357.00000 45066.5007  72.9%     -    0s
H    0     0                    161536.00000 45066.5007  72.1%     -    0s
H    0     0                    151620.00000 45066.5007  70.3%     -    0s
H    0     0                    149239.00000 45066.5007  69.8%     -    0s
     0     0 45407.8136    0    5 149239.000 45407.8136  69.6%     -    0s
     0     0 45522.3530    0    8 149239.000 45522.3530  69.5%     -    0s
H    0     0                    144409.00000 45525.9240  68.5%     -    0s
     0     0 45840.0052    0   10 144409.000 45840.0052  68.3%     -    0s
     0     0 45845.5386    0   10 144409.000 45845.5386  68.3%     -    0s
H    0     0                    133822.00000 45847.1760  65.7%     -    0s
     0     2 46074.7957    0   13 133822.000 46074.7957  65.6%     -    0s
H 3599  3108                    102299.00000 46334.2477  54.7%   3.3    2s
H 3601  2953                    99931.000000 46358.4028  53.6%   3.3    2s
H 3603  2807                    95815.000000 46395.4452  51.6%   3.3    3s
  3898  3117 47322.4738   23   15 95815.0000 46449.5796  51.5%   4.4    5s
  7759  5262 46984.0726   20   13 95815.0000 46565.8725  51.4%   4.7   10s
 12843  8341 47835.8292   38    6 95815.0000 46719.1703  51.2%   4.6   15s
 16381 11289 48354.6376   36    3 95815.0000 46827.6491  51.1%   4.6   20s
 21129 15885 47913.2147   41    6 95815.0000 46852.0448  51.1%   4.6   25s
 27459 21451 51231.4520   54    1 95815.0000 46915.5177  51.0%   4.5   30s
 32033 25548 47177.3496   23   16 95815.0000 46977.2230  51.0%   4.5   36s
 35980 28752 48636.2325   41    7 95815.0000 46982.2555  51.0%   4.5   41s
 39047 31450 53267.0000   60    - 95815.0000 47009.8693  50.9%   4.5   45s
 42617 34771 47889.7515   32   13 95815.0000 47025.2367  50.9%   4.6   50s
 45426 37255 47901.7972   28    8 95815.0000 47036.6895  50.9%   4.6   55s
 48257 39828 48037.1321   28   13 95815.0000 47056.8422  50.9%   4.6   60s
 51227 41346 59478.1490   57    1 95815.0000 47061.1394  50.9%   4.6   65s
 52121 42408 49784.0000   58    - 95815.0000 47067.7134  50.9%   4.6   70s
 53957 44580 47858.4418   25   11 95815.0000 47080.1528  50.9%   4.6   76s
 55597 44862 48542.8675   48   10 95815.0000 47086.6808  50.9%   4.6   82s
H55598 42619                    91846.000000 47086.6808  48.7%   4.6   83s
 55600 42620 50310.0000   65   27 91846.0000 47086.6808  48.7%   4.6   85s
H55602 40490                    90857.000000 47086.6808  48.2%   4.6   88s
H55602 38466                    85323.000000 47086.6808  44.8%   4.6   88s
H55602 36542                    85208.000000 47086.6808  44.7%   4.6   88s
H55604 34717                    84115.000000 47086.6808  44.0%   4.6   90s
 55639 34773 47225.1043   31   21 84115.0000 47086.6808  44.0%   4.6   95s
 55979 35000 48054.3559   37   18 84115.0000 47086.6808  44.0%   4.8  100s
 56544 35339 49057.3622   47    8 84115.0000 47086.6808  44.0%   4.8  105s
 56955 35688 48984.3494   51    4 84115.0000 47086.6808  44.0%   4.9  110s
 57598 36109 49917.8415   54    3 84115.0000 47103.1913  44.0%   4.9  115s
 58567 36819 49820.6674   56    4 84115.0000 47221.5647  43.9%   4.9  120s
 60228 37746 48037.2695   41   19 84115.0000 47273.1912  43.8%   4.9  125s
 62334 38939 54734.0000   73    - 84115.0000 47304.3351  43.8%   5.0  131s
 64103 39901 48033.4308   53    5 84115.0000 47323.4694  43.7%   5.0  135s
 67187 41933 47521.7207   39   17 84115.0000 47389.2612  43.7%   5.0  142s
 69748 42437 48009.1421   40   12 84115.0000 47414.7661  43.6%   5.0  147s
 70011 43156 48028.7732   42   13 84115.0000 47414.7661  43.6%   5.1  152s
 70795 43520 48947.0319   66    2 84115.0000 47418.8373  43.6%   5.1  155s
 72127 44500 47922.9356   42   14 84115.0000 47431.1728  43.6%   5.1  162s
 73199 45038 49526.1007   74    3 84115.0000 47431.3651  43.6%   5.1  165s
 75558 46548 48256.7939   47    9 84115.0000 47450.5152  43.6%   5.1  171s
 78581 48293 57113.0000   78    - 84115.0000 47473.9598  43.6%   5.1  178s
 80164 49159 47550.9476   35   19 84115.0000 47488.7721  43.5%   5.1  181s
 81815 49797 47801.6500   36   17 84115.0000 47498.9568  43.5%   5.1  185s
 84392 51450 48818.5790   77    2 84115.0000 47506.9081  43.5%   5.2  193s
 86084 52417 48477.6156   49    9 84115.0000 47519.3934  43.5%   5.2  196s
 89528 54649 47860.2466   41   16 84115.0000 47523.1381  43.5%   5.2  203s
 91642 55941 57877.4178   77    2 84115.0000 47526.7864  43.5%   5.2  207s
 93917 56906 52195.5234   75    1 84115.0000 47534.9839  43.5%   5.2  212s
 96140 57692 48037.4330   39   12 84115.0000 47543.3227  43.5%   5.2  217s
 98255 58921 49509.7212   69    1 84115.0000 47550.0219  43.5%   5.2  222s
 100350 60081 47933.6766   41   15 84115.0000 47555.7075  43.5%   5.2  228s
 102932 61016 50017.9113   81    1 84115.0000 47563.7706  43.5%   5.2  233s
 105780 62342 48325.3749   45    9 84115.0000 47568.5439  43.4%   5.2  238s
 108067 63527 48479.3321   43   15 84115.0000 47574.3739  43.4%   5.2  244s
 110104 64766 48246.0363   44   12 84115.0000 47582.1394  43.4%   5.2  249s
 112409 66019 48040.2055   37   21 84115.0000 47586.8497  43.4%   5.2  255s
 114766 67361 47954.8216   36   20 84115.0000 47591.7509  43.4%   5.3  261s
 117392 68190 49599.8020   51   12 84115.0000 47597.9843  43.4%   5.3  266s
 119364 68069 49277.3076   55    6 84115.0000 47599.1337  43.4%   5.3  270s
 120356 68482 48237.6636   41   17 84115.0000 47603.5470  43.4%   5.3  275s
 121886 70793 48209.7164   41   15 84115.0000 47603.9912  43.4%   5.3  284s
 123769 70498 48404.7456   42   17 84115.0000 47604.6044  43.4%   5.3  285s
 124247 71836 57061.0000   75    - 84115.0000 47605.4486  43.4%   5.3  291s
 126390 73602 48428.8213   45   13 84115.0000 47609.7186  43.4%   5.3  298s
 129225 74786 49739.7400   55   10 84115.0000 47616.9831  43.4%   5.3  306s
 131737 76454 49595.2235   67    3 84115.0000 47621.9021  43.4%   5.3  313s
 134774 78141 49214.3756   62    3 84115.0000 47627.6986  43.4%   5.3  321s
 137911 78687 48295.7590   43   17 84115.0000 47637.7294  43.4%   5.4  328s
 139563 79875 48300.1151   44   16 84115.0000 47638.0128  43.4%   5.4  335s
 141348 80878 48374.0132   45   11 84115.0000 47638.9998  43.4%   5.4  342s
 143515 82234 48956.3248   52    7 84115.0000 47641.2197  43.4%   5.4  352s
 146278 84164 49614.2380   68    2 84115.0000 47648.1962  43.4%   5.4  360s
 149515 85602 49560.3867   69    3 84115.0000 47654.9185  43.3%   5.4  369s
 152281 85104 48783.1973   48    9 84115.0000 47659.0486  43.3%   5.4  370s
 152500 87484 57369.0000   72    - 84115.0000 47664.3981  43.3%   5.4  377s
 155786 88988 49362.2440   61    6 84115.0000 47668.0174  43.3%   5.4  385s
 158868 90515 48445.8933   44   17 84115.0000 47678.8398  43.3%   5.5  393s
 161576 92257 49261.8504   54    5 84115.0000 47681.9851  43.3%   5.5  401s
 164237 94476 48337.2401   42   13 84115.0000 47684.8958  43.3%   5.5  409s
 164810 94583 49038.7702   51   11 84115.0000 47684.8958  43.3%   5.5  410s
 166805 96817 48173.8496   39   18 84115.0000 47686.5272  43.3%   5.5  418s
 169528 98978 49110.0474   54    5 84115.0000 47693.1390  43.3%   5.5  427s
 172073 101444 48555.9305   44   17 84115.0000 47697.2137  43.3%   5.5  435s
 175030 103478 47997.6919   38   23 84115.0000 47701.3724  43.3%   5.5  443s
 177868 105832 48870.3254   46   14 84115.0000 47705.2727  43.3%   5.5  452s
 180148 107769 50757.1961   64    1 84115.0000 47710.3541  43.3%   5.6  460s
 182703 109749 48241.3109   39   19 84115.0000 47714.2177  43.3%   5.6  467s
 184625 111995 48698.5938   45   15 84115.0000 47714.3151  43.3%   5.6  476s
 187209 112513 50043.6888   55    5 84115.0000 47714.4860  43.3%   5.6  482s
 187619 113446 50085.0541   57    1 84115.0000 47714.4860  43.3%   5.6  488s
 188953 114597 51432.0000   71    - 84115.0000 47716.3395  43.3%   5.6  496s
 190220 115908 48514.1012   44   19 84115.0000 47717.7595  43.3%   5.6  503s
 191725 117322 49256.0161   47   14 84115.0000 47722.2123  43.3%   5.6  513s
 193351 118797 48210.9768   39   21 84115.0000 47723.8252  43.3%   5.6  522s
 195171 120569 50021.8982   60    2 84115.0000 47726.2970  43.3%   5.6  531s
 197295 122577 48512.5678   41   21 84115.0000 47729.5594  43.3%   5.7  540s
 199465 124361 49425.7295   60    3 84115.0000 47732.1272  43.3%   5.7  549s
 201556 126560 48282.6377   41   17 84115.0000 47732.9925  43.3%   5.7  558s
 204231 128359 51824.0000   76    - 84115.0000 47737.9130  43.2%   5.7  567s
 206692 129137 51030.6102   77    1 84115.0000 47741.4924  43.2%   5.7  574s
 207014 129764 51060.0000   78    - 84115.0000 47741.6134  43.2%   5.7  582s
 207916 130772 59047.0000   68    - 84115.0000 47741.7398  43.2%   5.7  590s
 209077 131798 49317.2759   53    7 84115.0000 47742.1307  43.2%   5.7  598s
 210360 132048 48688.4732   45   17 84115.0000 47743.9262  43.2%   5.7  600s

Cutting planes:
  Gomory: 1
  MIR: 5
  StrongCG: 1
  Flow cover: 2

Explored 210407 nodes (1204282 simplex iterations) in 600.63 seconds (188.61 work units)
Thread count was 32 (of 32 available processors)

Solution count 10: 84115 85208 90857 ... 149239

Time limit reached
Best objective 8.411500000000e+04, best bound 4.774392617228e+04, gap 43.2397%

User-callback calls 436874, time in user-callback 81.82 sec
