
Gurobi 13.0.2 (win64) logging started Fri Jul 17 07:17:00 2026

Set parameter LogFile to value "logs/kstar_nI40_nJ20_nK50_nL5_tI3_tJ3_s3_m1_exact_s0_20260717-071700.gurobi.log"
Set parameter Seed to value 0
Set parameter TimeLimit to value 599.9863557
Set parameter MIPGap to value 0
Set parameter MIPGapAbs to value 0.5
Set parameter Cutoff to value 1e+100
Gurobi Optimizer version 13.0.2 build v13.0.2rc1 (win64 - Windows 11+.0 (26200.2))

CPU model: Intel(R) Core(TM) i9-14900HX, instruction set [SSE2|AVX|AVX2]
Thread count: 24 physical cores, 32 logical processors, using up to 32 threads

Non-default parameters:
TimeLimit  599.9863557
MIPGap  0
MIPGapAbs  0.5
PreCrush  1
LazyConstraints  1

Optimize a model with 10 rows, 65 columns and 300 nonzeros (Min)
Model fingerprint: 0x87f28df6
Model has 65 linear objective coefficients
Variable types: 5 continuous, 60 integer (60 binary)
Coefficient statistics:
  Matrix range     [3e+00, 6e+02]
  Objective range  [1e+00, 5e+02]
  Bounds range     [1e+00, 6e+03]
  RHS range        [6e+02, 7e+02]

Using branch priorities.
Presolve removed 2 rows and 0 columns
Presolve time: 0.00s
Presolved: 8 rows, 65 columns, 260 nonzeros
Variable types: 5 continuous, 60 integer (60 binary)

Root relaxation: objective 2.632894e+04, 3 iterations, 0.00 seconds (0.00 work units)

    Nodes    |    Current Node    |     Objective Bounds      |     Work
 Expl Unexpl |  Obj  Depth IntInf | Incumbent    BestBd   Gap | It/Node Time

     0     0 26328.9387    0    2          - 26328.9387      -     -    0s
H    0     0                    155658.00000 26328.9387  83.1%     -    0s
H    0     0                    144948.00000 26328.9387  81.8%     -    0s
H    0     0                    135401.00000 26328.9387  80.6%     -    0s
H    0     0                    118275.00000 26328.9387  77.7%     -    0s
H    0     0                    104349.00000 26328.9387  74.8%     -    0s
     0     0 26609.4787    0    8 104349.000 26609.4787  74.5%     -    0s
     0     0 26657.0269    0   12 104349.000 26657.0269  74.5%     -    0s
H    0     0                    100179.00000 26659.1882  73.4%     -    0s
     0     0 26678.5799    0   13 100179.000 26678.5799  73.4%     -    0s
     0     0 26684.6363    0   13 100179.000 26684.6363  73.4%     -    0s
     0     2 26685.3596    0   16 100179.000 26685.3596  73.4%     -    0s
H 3358  2844                    71187.000000 26896.0311  62.2%   2.8    1s
H 3361  2703                    66480.000000 26896.0311  59.5%   2.8    1s
H 3361  2568                    65779.000000 26896.0311  59.1%   2.8    1s
  7930  5320 45778.0000   69    - 65779.0000 27216.7700  58.6%   3.7    5s
*12873  8224              73    61418.000000 27341.5954  55.5%   3.5    7s
 17784 12629 28104.6540   38    6 61418.0000 27410.2773  55.4%   3.5   10s
 22986 16844 28259.0288   38   11 61418.0000 27433.0513  55.3%   3.6   15s
 25969 19478 35916.3267   64    2 61418.0000 27472.4830  55.3%   3.6   20s
 30819 23868 29406.7717   51    5 61418.0000 27528.8561  55.2%   3.7   25s
 36055 28284 28795.0521   50    3 61418.0000 27557.5196  55.1%   3.7   30s
 40036 31746 32163.5233   66    1 61418.0000 27576.5551  55.1%   3.8   35s
 44398 35518 27938.3773   25   16 61418.0000 27598.4398  55.1%   3.8   41s
 45750 35690 28312.5263   55   13 61418.0000 27599.3127  55.1%   3.8   48s
H45751 33906                    57590.000000 27599.3127  52.1%   3.8   49s
H45754 32212                    52799.000000 27599.3127  47.7%   3.8   49s
 45756 32216 27599.3127   28   27 52799.0000 27599.3127  47.7%   3.8   50s
 46039 32480 27913.0962   37   13 52799.0000 27599.3127  47.7%   4.1   55s
 47345 33280 28532.2912   46   12 52799.0000 27599.3127  47.7%   4.3   60s
 49180 34312 29971.5148   66    2 52799.0000 27599.3127  47.7%   4.4   65s
*49805 33062              85    51242.000000 27599.3127  46.1%   4.4   66s
 52053 34319 28892.3519   60    3 51242.0000 27599.3127  46.1%   4.5   70s
 54642 35292 28438.8085   44    9 51242.0000 27599.3127  46.1%   4.6   75s
 55470 35867 28914.8165   46    8 51242.0000 27599.3127  46.1%   4.7   80s
 57451 37262 29143.0667   78    1 51242.0000 27599.3127  46.1%   4.7   85s
 60403 38897 28286.0708   45   14 51242.0000 27599.3127  46.1%   4.8   91s
 62118 39787 29336.0000   63    - 51242.0000 27599.3127  46.1%   4.9   95s
 64366 40278 28192.2175   38   16 51242.0000 27599.3127  46.1%   5.0  102s
 65002 41327 28199.9729   40   13 51242.0000 27599.3127  46.1%   5.0  106s
 67027 42318 28319.8576   42   12 51242.0000 27599.3127  46.1%   5.1  112s
 69355 43633 28000.6719   40   19 51242.0000 27682.8296  46.0%   5.1  116s
 71719 44885 28038.8127   42   21 51242.0000 27686.6944  46.0%   5.2  121s
 74212 46384 28613.1312   44   14 51242.0000 27704.1515  45.9%   5.2  127s
 75741 47153 28106.4285   42   16 51242.0000 27717.8455  45.9%   5.3  130s
 78915 48706 32986.0000   71    - 51242.0000 27742.1378  45.9%   5.3  136s
 80529 49713 27849.0780   36   18 51242.0000 27749.0987  45.8%   5.3  140s
 83841 50345 28604.4378   44   19 51242.0000 27764.7233  45.8%   5.4  147s
 84053 51092 28615.2435   45   15 51242.0000 27764.8158  45.8%   5.4  150s
 86548 51699 28038.4074   41   19 51242.0000 27769.4973  45.8%   5.4  157s
 86594 52445 28056.6169   42   20 51242.0000 27769.4973  45.8%   5.4  161s
 87632 53052 28228.3747   44   17 51242.0000 27769.4973  45.8%   5.5  165s
 90470 55015 29681.5826   64    3 51242.0000 27782.4792  45.8%   5.5  174s
 92361 55945 28303.5217   41   14 51242.0000 27788.2328  45.8%   5.5  178s
 94316 56995 28152.6649   42   15 51242.0000 27792.0310  45.8%   5.6  183s
 96505 58085 32101.4437   66    2 51242.0000 27792.0310  45.8%   5.6  187s
 98733 59565 28280.0843   45   18 51242.0000 27792.8413  45.8%   5.6  192s
 101155 60589 28098.2886   42   19 51242.0000 27815.7807  45.7%   5.7  198s
 103459 61896 28288.3136   46   14 51242.0000 27815.9842  45.7%   5.7  203s
 105978 63068 28357.0072   46   17 51242.0000 27830.6992  45.7%   5.7  209s
 108366 64484 28998.7560   52    5 51242.0000 27841.7181  45.7%   5.7  214s
 110978 65671 29071.5426   52   12 51242.0000 27848.4614  45.7%   5.8  219s
 112755 65337 28206.6567   40   16 51242.0000 27851.2647  45.6%   5.8  220s
 113310 67040 28006.4563   41   23 51242.0000 27854.5266  45.6%   5.8  225s
 116162 68446 28554.8419   43   16 51242.0000 27862.9955  45.6%   5.8  231s
 119020 69943 30119.6864   64    4 51242.0000 27868.0431  45.6%   5.8  237s
 121878 71623 28800.3963   53    9 51242.0000 27875.4757  45.6%   5.9  243s
 124881 73059 29263.2555   60    4 51242.0000 27884.5066  45.6%   5.9  250s
 127969 74424 28281.8588   45   15 51242.0000 27887.5553  45.6%   5.9  258s
 130692 76014 28604.3514   45   15 51242.0000 27899.5640  45.6%   5.9  264s
 133487 77799 28251.5554   41   18 51242.0000 27905.7915  45.5%   5.9  271s
 136696 77283 28658.2672   49   11 51242.0000 27911.9121  45.5%   6.0  277s
 136875 78142 28664.7761   50   11 51242.0000 27911.9121  45.5%   6.0  283s
 138093 79188 33164.9692   84    2 51242.0000 27912.0314  45.5%   6.0  289s
 139657 80882 28465.8998   44   17 51242.0000 27916.2493  45.5%   6.0  297s
 141743 82690 28753.6396   42   17 51242.0000 27919.7945  45.5%   6.0  304s
 143994 84110 34994.0813   74    2 51242.0000 27926.4726  45.5%   6.0  311s
 145524 85636 29111.8944   46    9 51242.0000 27928.0537  45.5%   6.0  321s
 147543 87660 28528.7178   42   14 51242.0000 27930.5229  45.5%   6.0  329s
 150027 89774 28695.7728   44   12 51242.0000 27935.0062  45.5%   6.0  337s
 152349 91843 28175.7892   39   20 51242.0000 27939.8324  45.5%   6.1  345s
 154967 93268 28207.9077   39   20 51242.0000 27939.8324  45.5%   6.1  354s
 156508 95005 29037.7439   50    5 51242.0000 27943.8234  45.5%   6.1  365s
 158746 97147 29147.0106   44   11 51242.0000 27948.3690  45.5%   6.1  374s
 159967 97299 28811.4265   51   18 51242.0000 27949.3726  45.5%   6.1  375s
 161035 99234 28416.8161   42   15 51242.0000 27952.0440  45.5%   6.1  383s
 163593 101258 28585.3795   39   16 51242.0000 27956.7350  45.4%   6.1  392s
 166318 103702 32416.0575   68    4 51242.0000 27958.7569  45.4%   6.1  401s
 168939 105876 28566.6010   44   13 51242.0000 27964.5433  45.4%   6.1  410s
 171655 108149 28785.5993   45   11 51242.0000 27972.8675  45.4%   6.1  418s
 174329 110621 28644.6670   50   17 51242.0000 27980.3710  45.4%   6.2  429s
 177132 113045 33700.3310   74    5 51242.0000 27985.3812  45.4%   6.2  438s
 179976 115539 30802.0311   60    2 51242.0000 27990.6912  45.4%   6.2  447s
 183017 117006 29822.5301   71    4 51242.0000 27997.2706  45.4%   6.2  457s
 184321 118868 29539.2629   67    5 51242.0000 27997.4644  45.4%   6.2  466s
 186642 121056 29651.0448   52   12 51242.0000 27999.5507  45.4%   6.2  476s
 189289 123087 28565.0437   38   16 51242.0000 28003.9027  45.3%   6.2  486s
 191583 125255 29141.5315   46   11 51242.0000 28009.7351  45.3%   6.2  495s
 194558 127507 29660.2757   58    7 51242.0000 28012.3420  45.3%   6.2  504s
 196887 129996 28541.9130   44   18 51242.0000 28020.0865  45.3%   6.2  514s
 199793 132140 28342.6715   38   18 51242.0000 28026.0861  45.3%   6.2  524s
 201160 132350 28568.4693   47   13 51242.0000 28026.9083  45.3%   6.3  525s
 202322 134278 29483.3843   55    8 51242.0000 28030.3457  45.3%   6.3  535s
 205071 136593 29399.5766   57    7 51242.0000 28031.1453  45.3%   6.3  545s
 207820 139054 28679.6535   44   18 51242.0000 28034.8958  45.3%   6.3  555s
 210445 141308 29069.0878   61    8 51242.0000 28039.0168  45.3%   6.3  564s
 213077 143543 29600.0484   58    8 51242.0000 28042.8463  45.3%   6.3  575s
 215662 145905 28810.1173   41   13 51242.0000 28047.1078  45.3%   6.3  584s
 218340 148196 28549.5507   40   22 51242.0000 28051.3072  45.3%   6.3  594s
 220891 149550 28749.4126   47   14 51242.0000 28051.3072  45.3%   6.3  600s

Explored 222339 nodes (1410713 simplex iterations) in 601.26 seconds (236.07 work units)
Thread count was 32 (of 32 available processors)

Solution count 10: 51242 52799 57590 ... 118275

Time limit reached
Best objective 5.124200000000e+04, best bound 2.805130720691e+04, gap 45.2572%

User-callback calls 461287, time in user-callback 32.82 sec
