
Gurobi 13.0.2 (win64) logging started Thu Jul 16 10:41:14 2026

Set parameter LogFile to value "logs/kstar_nI20_nJ40_nK50_nL10_tI3_tJ3_s5_m1_exact_s0_20260716-104114.gurobi.log"
Set parameter Seed to value 0
Set parameter TimeLimit to value 599.96152
Set parameter MIPGap to value 0
Set parameter MIPGapAbs to value 0.5
Set parameter Cutoff to value 1e+100
Gurobi Optimizer version 13.0.2 build v13.0.2rc1 (win64 - Windows 11+.0 (26200.2))

CPU model: Intel(R) Core(TM) i9-14900HX, instruction set [SSE2|AVX|AVX2]
Thread count: 24 physical cores, 32 logical processors, using up to 32 threads

Non-default parameters:
TimeLimit  599.96152
MIPGap  0
MIPGapAbs  0.5
PreCrush  1
LazyConstraints  1

Optimize a model with 20 rows, 70 columns and 600 nonzeros (Min)
Model fingerprint: 0x7292766b
Model has 70 linear objective coefficients
Variable types: 10 continuous, 60 integer (60 binary)
Coefficient statistics:
  Matrix range     [2e+00, 7e+02]
  Objective range  [1e+00, 5e+02]
  Bounds range     [1e+00, 5e+03]
  RHS range        [6e+02, 7e+02]

Using branch priorities.
Presolve removed 10 rows and 0 columns
Presolve time: 0.00s
Presolved: 10 rows, 70 columns, 300 nonzeros
Variable types: 10 continuous, 60 integer (60 binary)

Root relaxation: objective 4.141812e+04, 7 iterations, 0.00 seconds (0.00 work units)

    Nodes    |    Current Node    |     Objective Bounds      |     Work
 Expl Unexpl |  Obj  Depth IntInf | Incumbent    BestBd   Gap | It/Node Time

     0     0 41418.1180    0    2          - 41418.1180      -     -    0s
H    0     0                    275118.00000 41418.1180  84.9%     -    0s
H    0     0                    242755.00000 41418.1180  82.9%     -    0s
H    0     0                    232384.00000 41418.1180  82.2%     -    0s
H    0     0                    231761.00000 41418.1180  82.1%     -    0s
     0     0 41548.7146    0    5 231761.000 41548.7146  82.1%     -    0s
     0     0 41550.1876    0    5 231761.000 41550.1876  82.1%     -    0s
H    0     0                    227184.00000 41550.1876  81.7%     -    0s
H    0     0                    222446.00000 41550.1876  81.3%     -    0s
H    0     0                    197822.00000 41553.3175  79.0%     -    0s
H    0     0                    197782.00000 41553.3175  79.0%     -    0s
H    0     0                    175272.00000 41553.3175  76.3%     -    0s
     0     2 41586.5610    0   10 175272.000 41586.5610  76.3%     -    0s
  3487  3089 42113.8489   20   20 175272.000 41713.8559  76.2%   3.0    5s
  4078  3530 42248.4679   24   15 175272.000 41899.7243  76.1%   4.6   10s
  5380  4421 42372.6843   34   12 175272.000 41986.3540  76.0%   5.0   15s
  8151  5883 42204.4872   23   18 175272.000 42075.9110  76.0%   4.8   20s
 10056  6694 42908.4460   31    5 175272.000 42098.7914  76.0%   4.9   25s
 10985  7298 42382.7551   24   17 175272.000 42117.9489  76.0%   4.9   30s
 12374  7990 43133.1611   42    7 175272.000 42120.2963  76.0%   4.9   35s
 13043  8361 42934.9305   40    3 175272.000 42120.2963  76.0%   4.9   40s
 14362  9814 42869.0600   35    8 175272.000 42156.5279  75.9%   5.0   45s
 17152 11736 42424.2237   33   17 175272.000 42174.6981  75.9%   4.8   50s
 19336 13898 43049.8169   55    4 175272.000 42186.6412  75.9%   5.0   55s
 21400 15565 43308.8012   48    6 175272.000 42189.5491  75.9%   5.1   60s
 24319 17771 42959.5387   41   13 175272.000 42211.1536  75.9%   5.1   66s
 25072 18616 42656.8758   32   14 175272.000 42211.1536  75.9%   5.2   70s
 26964 20320 42533.1696   33   20 175272.000 42212.8780  75.9%   5.2   76s
 28308 21618 42757.6677   31   14 175272.000 42231.6774  75.9%   5.2   80s
 30025 23262 42434.1170   31   15 175272.000 42231.6774  75.9%   5.3   86s
 31023 24122 42566.7566   31   11 175272.000 42237.8094  75.9%   5.3   90s
 33138 25327 43726.9395   65    2 175272.000 42237.8094  75.9%   5.4   96s
 33206 25727 43754.1251   67    2 175272.000 42237.8094  75.9%   5.4  100s
 34457 26829 43017.2802   43    7 175272.000 42240.5955  75.9%   5.4  107s
 35264 27603 42737.7991   33   11 175272.000 42259.0678  75.9%   5.4  111s
 36073 28364 42447.8130   26   19 175272.000 42259.0678  75.9%   5.4  115s
 37833 30008 43990.6921   59    3 175272.000 42261.6096  75.9%   5.5  124s
 38772 30982 42856.4730   36   13 175272.000 42261.6096  75.9%   5.5  128s
 40098 32140 42684.4545   32   18 175272.000 42279.7934  75.9%   5.5  133s
 41372 33313 42417.3099   35   18 175272.000 42281.1909  75.9%   5.5  138s
 42741 34706 42417.8425   29   15 175272.000 42284.9522  75.9%   5.6  143s
 44261 36096 42651.1062   24   17 175272.000 42288.6286  75.9%   5.6  148s
 45978 37617 42720.0401   31   14 175272.000 42288.6286  75.9%   5.6  153s
 47668 38969 42624.6653   25   20 175272.000 42305.7703  75.9%   5.6  158s
 49171 40394 44813.9169   66    2 175272.000 42311.9184  75.9%   5.7  163s
 50728 41809 42701.7707   24   17 175272.000 42312.0621  75.9%   5.7  169s
 52430 42264 42870.6603   35   13 175272.000 42312.2227  75.9%   5.7  174s
 52734 42828 42976.7617   36   13 175272.000 42312.2227  75.9%   5.7  179s
 53429 43558 42998.3080   37   14 175272.000 42319.2823  75.9%   5.8  185s
 54408 44499 43056.9725   38   10 175272.000 42319.3475  75.9%   5.8  190s
 55526 44671 43723.9662   53    5 175272.000 42321.5452  75.9%   5.8  206s
H55527 42438                    119215.00000 42321.5452  64.5%   5.8  207s
 55532 42444 42321.5452   26   28 119215.000 42321.5452  64.5%   5.8  210s
 55594 42515 42321.5452   31   25 119215.000 42321.5452  64.5%   5.8  216s
 55699 42594 42321.5452   33   26 119215.000 42321.5452  64.5%   5.9  223s
 55740 42710 42321.5452   33   24 119215.000 42321.5452  64.5%   5.9  226s
 56004 42889 42597.5382   37   20 119215.000 42321.5452  64.5%   6.0  230s
 56357 43042 42620.1862   41   16 119215.000 42321.5452  64.5%   6.1  235s
 56721 43269 50454.0000   71    - 119215.000 42321.5452  64.5%   6.1  240s
 57155 43559 42975.7213   46   16 119215.000 42321.5452  64.5%   6.1  245s
 57806 43863 42975.3231   45   10 119215.000 42321.5452  64.5%   6.2  250s
 58558 44405 44279.2470   60    6 119215.000 42321.5452  64.5%   6.2  256s
 59115 44756 44463.4275   67    4 119215.000 42321.5452  64.5%   6.2  260s
 59527 44844 51548.3276   76    1 119215.000 42321.5452  64.5%   6.3  266s
 60068 45146 43134.9531   48   13 119215.000 42321.5452  64.5%   6.3  270s
 60790 45849 49203.0000   77    - 119215.000 42321.5452  64.5%   6.3  275s
 61985 46052 42525.1214   36   23 119215.000 42321.5452  64.5%   6.4  282s
 62040 46303 42321.5452   39   28 119215.000 42321.5452  64.5%   6.4  286s
 62527 46727 42865.2038   42   14 119215.000 42321.5452  64.5%   6.4  290s
 63768 47393 42529.6272   46   21 119215.000 42321.5452  64.5%   6.5  297s
 64420 47940 42560.4615   42   20 119215.000 42321.5452  64.5%   6.5  301s
 65240 48393 42617.7358   46   23 119215.000 42321.5452  64.5%   6.5  305s
 66115 48250 42835.3282   48   15 119215.000 42321.5452  64.5%   6.6  310s
 66171 48584 42817.6016   51   16 119215.000 42321.5452  64.5%   6.6  316s
 66699 49224 42818.3451   52   15 119215.000 42321.5452  64.5%   6.6  320s
 67733 49717 43285.5741   64    9 119215.000 42321.5452  64.5%   6.6  325s
 68595 50236 43557.1825   68    3 119215.000 42321.5452  64.5%   6.6  330s
 69595 50076 42423.1633   36   21 119215.000 42321.5452  64.5%   6.7  335s
 69627 50693 42471.8038   37   20 119215.000 42321.5452  64.5%   6.7  341s
 70400 51067 43352.4488   57    4 119215.000 42321.5452  64.5%   6.7  347s
 71211 51830 42680.6910   45   19 119215.000 42321.5452  64.5%   6.7  353s
 72382 52488 43417.3125   60    4 119215.000 42321.5452  64.5%   6.8  358s
 73679 53267 43324.4540   50    7 119215.000 42321.5452  64.5%   6.8  364s
 75004 53981 42780.8156   37   18 119215.000 42338.6503  64.5%   6.8  370s
 76352 54461 42713.1296   41   21 119215.000 42352.6861  64.5%   6.9  377s
 77241 54291 43253.5576   47   12 119215.000 42352.6861  64.5%   7.0  384s
 77319 54814 43245.0042   47   10 119215.000 42352.6861  64.5%   7.0  390s
 78135 55426 44279.8563   62    2 119215.000 42352.6861  64.5%   7.0  397s
 79185 55260 42855.4829   47   16 119215.000 42364.1217  64.5%   7.0  404s
 79199 55255 42580.1768   34   20 119215.000 42364.1217  64.5%   7.0  405s
 79217 56040 42860.4955   48   16 119215.000 42364.1217  64.5%   7.0  412s
 80296 56684 42921.3215   49   18 119215.000 42364.1217  64.5%   7.1  420s
 81484 57444 43040.6722   50   14 119215.000 42364.1217  64.5%   7.1  427s
 82796 58254 43214.5203   51   12 119215.000 42371.6591  64.5%   7.1  435s
 84177 58809 43224.5378   52   11 119215.000 42388.5456  64.4%   7.2  443s
 85313 59518 43360.0035   53    9 119215.000 42395.5926  64.4%   7.2  451s
 86611 60396 43437.6802   54    7 119215.000 42395.5926  64.4%   7.2  461s
 88210 61320 43483.4302   55    7 119215.000 42409.1927  64.4%   7.2  470s
 89843 62225 43496.3222   56    7 119215.000 42417.1047  64.4%   7.3  480s
 91517 63371 43582.7553   57    7 119215.000 42422.0996  64.4%   7.3  491s
 93621 63863 43588.3282   58    6 119215.000 42429.9167  64.4%   7.3  504s
 95693 64945 43886.6105   59    3 119215.000 42442.0226  64.4%   7.3  517s
 97271 64707 43897.4781   60    4 119215.000 42445.3372  64.4%   7.4  526s
 97414 65893 44190.6951   61    5 119215.000 42445.3372  64.4%   7.4  537s
 99033 66928 42641.7783   44   21 119215.000 42451.1572  64.4%   7.4  549s
 100941 67925 42637.6977   36   22 119215.000 42451.7523  64.4%   7.4  563s
 102824 69095 43255.0159   50   15 119215.000 42459.4523  64.4%   7.4  577s
 104884 70428 42912.2241   48   16 119215.000 42467.0101  64.4%   7.5  593s
 107383 70338 43410.0150   56   11 119215.000 42474.8543  64.4%   7.5  599s
 107410 70333 42730.1284   42   21 119215.000 42474.8543  64.4%   7.5  600s

Explored 107820 nodes (814930 simplex iterations) in 600.79 seconds (264.92 work units)
Thread count was 32 (of 32 available processors)

Solution count 9: 119215 175272 197782 ... 275118

Time limit reached
Best objective 1.192150000000e+05, best bound 4.247485427259e+04, gap 64.3712%

User-callback calls 234799, time in user-callback 84.82 sec
