
Gurobi 13.0.2 (win64) logging started Fri Jul 17 22:35:26 2026

Set parameter LogFile to value "logs/kstar_nI40_nJ40_nK50_nL10_tI6_tJ6_s4_m1_exact_s0_20260717-223526.gurobi.log"
Set parameter Seed to value 0
Set parameter TimeLimit to value 599.955509
Set parameter MIPGap to value 0
Set parameter MIPGapAbs to value 0.5
Set parameter Cutoff to value 1e+100
Gurobi Optimizer version 13.0.2 build v13.0.2rc1 (win64 - Windows 11+.0 (26200.2))

CPU model: Intel(R) Core(TM) i9-14900HX, instruction set [SSE2|AVX|AVX2]
Thread count: 24 physical cores, 32 logical processors, using up to 32 threads

Non-default parameters:
TimeLimit  599.955509
MIPGap  0
MIPGapAbs  0.5
PreCrush  1
LazyConstraints  1

Optimize a model with 20 rows, 90 columns and 800 nonzeros (Min)
Model fingerprint: 0x49e028bd
Model has 90 linear objective coefficients
Variable types: 10 continuous, 80 integer (80 binary)
Coefficient statistics:
  Matrix range     [1e+00, 7e+02]
  Objective range  [1e+00, 5e+02]
  Bounds range     [1e+00, 4e+03]
  RHS range        [6e+02, 7e+02]

Using branch priorities.
Presolve removed 18 rows and 0 columns
Presolve time: 0.00s
Presolved: 2 rows, 90 columns, 80 nonzeros
Variable types: 10 continuous, 80 integer (80 binary)

Root relaxation: objective 3.359382e+04, 3 iterations, 0.00 seconds (0.00 work units)

    Nodes    |    Current Node    |     Objective Bounds      |     Work
 Expl Unexpl |  Obj  Depth IntInf | Incumbent    BestBd   Gap | It/Node Time

     0     0 33593.8185    0    2          - 33593.8185      -     -    0s
H    0     0                    136167.00000 33593.8185  75.3%     -    0s
H    0     0                    126548.00000 33593.8185  73.5%     -    0s
H    0     0                    122623.00000 33593.8185  72.6%     -    0s
     0     0 33886.8026    0    4 122623.000 33886.8026  72.4%     -    0s
     0     0 33933.6515    0    8 122623.000 33933.6515  72.3%     -    0s
     0     0 34009.7641    0   15 122623.000 34009.7641  72.3%     -    0s
     0     0 34012.4494    0   15 122623.000 34012.4494  72.3%     -    0s
H    0     0                    122475.00000 34013.3542  72.2%     -    0s
     0     2 34023.9835    0   16 122475.000 34023.9835  72.2%     -    0s
H 3510  3083                    107569.00000 34165.5715  68.2%   3.9    4s
H 3512  2930                    103420.00000 34197.5067  66.9%   3.9    4s
  3513  2931 43322.0000   74   23 103420.000 34197.5067  66.9%   3.9    5s
H 3515  2785                    97306.000000 34238.4151  64.8%   3.9    5s
H 3515  2646                    92868.000000 34238.4151  63.1%   3.9    5s
H 3524  2519                    87377.000000 34238.4151  60.8%   3.9    6s
  3808  2742 34517.8242   21   18 87377.0000 34309.8179  60.7%   5.1   10s
  5614  3975 35541.4150   41    5 87377.0000 34309.8179  60.7%   6.1   15s
  7824  5009 42372.5191   81    4 87377.0000 34323.0034  60.7%   5.5   20s
  8473  5309 36430.7665   50    1 87377.0000 34353.5160  60.7%   5.6   25s
  9607  6085 34692.9437   33   15 87377.0000 34389.1726  60.6%   5.6   30s
 11909  7577 34655.1847   19   18 87377.0000 34390.4434  60.6%   5.5   35s
 15507 10872 34737.9771   25   15 87377.0000 34401.9225  60.6%   5.5   40s
 17128 12240 35670.9920   39    6 87377.0000 34401.9225  60.6%   5.5   45s
 19217 13993 34933.6738   26   17 87377.0000 34401.9225  60.6%   5.5   50s
 21769 16573 35562.8188   40    9 87377.0000 34401.9225  60.6%   5.5   55s
 24905 18905 35730.3286   40   10 87377.0000 34479.1528  60.5%   5.5   60s
 26028 20041 36615.5596   75    4 87377.0000 34479.1528  60.5%   5.6   66s
 27621 21081 35318.0236   32   13 87377.0000 34479.1528  60.5%   5.6   70s
 28917 23020 34819.0569   27   19 87377.0000 34479.1528  60.5%   5.6   76s
 31050 24099 35577.6439   36   14 87377.0000 34510.9572  60.5%   5.6   80s
 31891 25629 36334.1839   63    3 87377.0000 34512.9165  60.5%   5.7   86s
 33206 26590 35069.5856   28   14 87377.0000 34512.9165  60.5%   5.7   90s
 35535 29266 34982.0228   28   19 87377.0000 34528.3798  60.5%   5.7   96s
 37925 30829 34977.0296   23   18 87377.0000 34529.2123  60.5%   5.7  100s
 40151 33079 34989.7981   28   21 87377.0000 34534.1538  60.5%   5.7  107s
 41406 34546 35681.7578   49    7 87377.0000 34534.1538  60.5%   5.8  111s
 43192 36208 35207.0363   38   15 87377.0000 34556.3133  60.5%   5.8  115s
 46981 39661 35074.7686   28   20 87377.0000 34556.8156  60.5%   5.8  123s
 48941 41206 35090.0721   26   23 87377.0000 34581.3629  60.4%   5.8  127s
 50588 42713 36196.9391   57    6 87377.0000 34581.3629  60.4%   5.8  131s
 52233 44386 35557.7197   34   10 87377.0000 34581.3629  60.4%   5.9  136s
 54306 45940 34832.6860   21   22 87377.0000 34600.9293  60.4%   5.9  141s
 55872 47060 37715.1336   65    4 87377.0000 34605.2119  60.4%   5.9  147s
 57241 48789 35343.1157   33   16 87377.0000 34606.5063  60.4%   5.9  152s
 59303 50643 35840.2011   36   17 87377.0000 34606.5063  60.4%   5.9  157s
 61388 52490 35057.5013   24   24 87377.0000 34629.3408  60.4%   6.0  163s
 63925 54742 35419.0683   33   13 87377.0000 34630.4223  60.4%   5.9  169s
 66222 55098 35021.0834   25   22 87377.0000 34647.6255  60.3%   6.0  174s
 66331 55560 35165.1339   26   19 87377.0000 34647.6695  60.3%   6.0  178s
 66951 55642 35183.4024   35   15 87377.0000 34647.6695  60.3%   6.0  192s
 66953 55643 35892.5661   39   29 87377.0000 34647.6695  60.3%   6.0  195s
H66954 52861                    80724.000000 34647.6695  57.1%   6.0  202s
 66957 52863 37423.0000   73   30 80724.0000 34647.6695  57.1%   6.0  205s
H66957 50220                    77001.000000 34647.6695  55.0%   6.0  208s
 66959 50221 35200.4847   30   30 77001.0000 34647.6695  55.0%   6.0  211s
 66961 50223 35502.8400   35   32 77001.0000 34647.6695  55.0%   6.0  216s
H66961 47712                    72953.000000 34647.6695  52.5%   6.0  219s
H66962 47712                    72272.000000 34647.6695  52.1%   6.0  219s
 66964 47714 34972.3561   29   30 72272.0000 34647.6695  52.1%   6.0  221s
 66966 47715 35443.6861   45   32 72272.0000 34647.6695  52.1%   6.0  227s
 66967 47716 38043.4587   80   32 72272.0000 34647.6695  52.1%   6.0  230s
 66969 47717 35982.8647   58   32 72272.0000 34647.6695  52.1%   6.0  235s
 66974 47725 34647.6695   25   28 72272.0000 34647.6695  52.1%   6.0  240s
 67034 47793 34837.7135   29   28 72272.0000 34706.0472  52.0%   6.0  246s
 67145 47867 35028.8597   31   24 72272.0000 34706.0472  52.0%   6.1  252s
 67313 48087 35138.2349   32   22 72272.0000 34706.0472  52.0%   6.1  257s
 67584 48229 35272.6082   34   18 72272.0000 34706.0472  52.0%   6.2  260s
 67799 48312 35709.6882   36   18 72272.0000 34706.0472  52.0%   6.2  265s
 68199 48570 35825.6378   40   15 72272.0000 34706.0472  52.0%   6.3  271s
 68417 48802 36005.7833   42   16 72272.0000 34706.0472  52.0%   6.3  275s
 68700 49023 36026.8387   43   15 72272.0000 34706.0472  52.0%   6.3  280s
 69759 49646 36422.4110   45   10 72272.0000 34802.6660  51.8%   6.3  286s
 70662 50185 36401.4956   47   11 72272.0000 34828.8906  51.8%   6.3  290s
 71768 50917 36439.2888   48    9 72272.0000 34838.0340  51.8%   6.3  296s
 73107 51479 37123.3983   49    7 72272.0000 34842.6114  51.8%   6.3  302s
 73657 51909 36998.5356   50    7 72272.0000 34845.3441  51.8%   6.3  305s
 75068 52650 38061.3571   74    1 72272.0000 34917.7730  51.7%   6.4  311s
 76486 53804     cutoff  101      72272.0000 34934.6032  51.7%   6.4  317s
 77600 53958 35662.4682   39   14 72272.0000 34981.8523  51.6%   6.4  321s
 78174 54186 37032.5881   54    4 72272.0000 34981.8523  51.6%   6.4  325s
 80331 54704 35290.9508   31   26 72272.0000 34996.1312  51.6%   6.4  331s
 80731 55416 35332.8114   33   25 72272.0000 35007.7556  51.6%   6.4  337s
 81342 55828 35407.2383   34   22 72272.0000 35007.7556  51.6%   6.5  340s
 82098 55717 35432.0263   34   23 72272.0000 35026.0461  51.5%   6.5  345s
 82178 56202 35495.6940   35   21 72272.0000 35029.4770  51.5%   6.5  350s
 83595 57176 35529.8512   36   21 72272.0000 35054.9106  51.5%   6.5  358s
 84428 57950 35600.1883   37   18 72272.0000 35054.9106  51.5%   6.6  362s
 85855 58488 35919.4791   44    7 72272.0000 35054.9106  51.5%   6.5  366s
 86944 58953 36423.9577   76    2 72272.0000 35059.6573  51.5%   6.5  371s
 88028 59827 36217.2604   50   11 72272.0000 35061.2604  51.5%   6.6  376s
 89356 59581 35482.8358   37   22 72272.0000 35064.5433  51.5%   6.6  382s
 89421 59994 35564.5408   38   18 72272.0000 35064.5433  51.5%   6.6  388s
 89984 60668 35595.1664   39   17 72272.0000 35071.8895  51.5%   6.6  394s
 91030 61224 35650.3462   41   18 72272.0000 35071.8895  51.5%   6.6  400s
 92032 61720 35360.2604   34   23 72272.0000 35071.8895  51.5%   6.6  405s
 92890 62645 35873.9513   45    9 72272.0000 35071.8895  51.5%   6.7  411s
 94457 63266 39014.0000   77    - 72272.0000 35115.2677  51.4%   6.6  418s
 95782 63136 40407.0000   77    - 72272.0000 35120.7076  51.4%   6.7  425s
 95904 63714 36209.2590   56    6 72272.0000 35120.7076  51.4%   6.7  430s
 96725 64546 35732.7240   38   17 72272.0000 35126.6359  51.4%   6.7  436s
 97912 65355 35834.2938   43   16 72272.0000 35130.4761  51.4%   6.7  443s
 99372 66379 35361.8445   36   25 72272.0000 35132.6550  51.4%   6.7  450s
 101069 66984 35429.4983   36   21 72272.0000 35151.4794  51.4%   6.7  457s
 102408 67999 35419.9790   36   21 72272.0000 35155.6471  51.4%   6.7  466s
 103881 69147 36068.4906   57    4 72272.0000 35158.2148  51.4%   6.8  475s
 106241 70526 35604.2259   37   18 72272.0000 35161.5771  51.3%   6.8  484s
 106853 70388 36758.4135   81    4 72272.0000 35165.0341  51.3%   6.8  485s
 108522 71835 36345.5595   45   10 72272.0000 35176.4386  51.3%   6.8  494s
 110924 73304 38004.1989   71    2 72272.0000 35182.4495  51.3%   6.8  504s
 113421 74487 37857.6226   75    2 72272.0000 35194.8200  51.3%   6.8  515s
 115700 76070 36482.8367   54   14 72272.0000 35203.8078  51.3%   6.8  526s
 118382 77652 35517.0012   34   19 72272.0000 35208.8465  51.3%   6.8  538s
 121279 79435 36299.4916   55    6 72272.0000 35223.4020  51.3%   6.8  550s
 124294 81047 35501.4618   37   28 72272.0000 35232.4395  51.3%   6.8  562s
 127397 82146 35891.3727   47   16 72272.0000 35240.6470  51.2%   6.8  574s
 128541 81932 36578.8834   78    8 72272.0000 35240.6470  51.2%   6.8  575s
 129939 83891 36067.5399   43   21 72272.0000 35247.3933  51.2%   6.8  587s
 132803 85294 36693.9212   55   11 72272.0000 35253.2372  51.2%   6.8  600s

Cutting planes:
  Gomory: 3
  MIR: 9
  StrongCG: 1
  Flow cover: 2

Explored 135411 nodes (926332 simplex iterations) in 602.03 seconds (282.09 work units)
Thread count was 32 (of 32 available processors)

Solution count 10: 72272 72953 77001 ... 122475

Time limit reached
Best objective 7.227200000000e+04, best bound 3.525375299839e+04, gap 51.2207%

User-callback calls 297343, time in user-callback 73.70 sec
