
Gurobi 13.0.2 (win64) logging started Thu Jul 16 04:49:34 2026

Set parameter LogFile to value "logs/kstar_nI20_nJ40_nK100_nL10_tI6_tJ6_s5_m1_exact_s0_20260716-044934.gurobi.log"
Set parameter Seed to value 0
Set parameter TimeLimit to value 599.9398741
Set parameter MIPGap to value 0
Set parameter MIPGapAbs to value 0.5
Set parameter Cutoff to value 1e+100
Gurobi Optimizer version 13.0.2 build v13.0.2rc1 (win64 - Windows 11+.0 (26200.2))

CPU model: Intel(R) Core(TM) i9-14900HX, instruction set [SSE2|AVX|AVX2]
Thread count: 24 physical cores, 32 logical processors, using up to 32 threads

Non-default parameters:
TimeLimit  599.9398741
MIPGap  0
MIPGapAbs  0.5
PreCrush  1
LazyConstraints  1

Optimize a model with 20 rows, 70 columns and 600 nonzeros (Min)
Model fingerprint: 0x96409b49
Model has 70 linear objective coefficients
Variable types: 10 continuous, 60 integer (60 binary)
Coefficient statistics:
  Matrix range     [1e+01, 1e+03]
  Objective range  [1e+00, 5e+02]
  Bounds range     [1e+00, 9e+03]
  RHS range        [1e+03, 1e+03]

Using branch priorities.
Presolve removed 18 rows and 0 columns
Presolve time: 0.00s
Presolved: 2 rows, 70 columns, 60 nonzeros
Variable types: 10 continuous, 60 integer (60 binary)

Root relaxation: objective 8.170384e+04, 6 iterations, 0.00 seconds (0.00 work units)

    Nodes    |    Current Node    |     Objective Bounds      |     Work
 Expl Unexpl |  Obj  Depth IntInf | Incumbent    BestBd   Gap | It/Node Time

     0     0 81703.8399    0    3          - 81703.8399      -     -    0s
H    0     0                    328207.00000 81703.8399  75.1%     -    0s
H    0     0                    297736.00000 81703.8399  72.6%     -    0s
H    0     0                    293700.00000 81703.8399  72.2%     -    0s
     0     0 81920.9692    0    6 293700.000 81920.9692  72.1%     -    0s
     0     0 82015.2074    0    8 293700.000 82015.2074  72.1%     -    0s
     0     0 82072.8657    0    9 293700.000 82072.8657  72.1%     -    0s
     0     0 82073.9177    0    9 293700.000 82073.9177  72.1%     -    0s
     0     2 82075.2589    0    9 293700.000 82075.2589  72.1%     -    0s
  3055  2786 100422.000   58    - 293700.000 82205.2420  72.0%   3.4    5s
H 3187  2740                    239633.00000 82214.0069  65.7%   3.5    5s
H 3192  2606                    228969.00000 82271.3376  64.1%   3.5    6s
H 3192  2476                    218314.00000 82271.3376  62.3%   3.5    7s
  3298  2686 82415.5832   16   17 218314.000 82332.3594  62.3%   3.9   10s
  4216  3205 82683.4223   22   14 218314.000 82332.3594  62.3%   5.1   15s
  5719  4104 83535.6393   38    6 218314.000 82366.3925  62.3%   5.0   20s
  6936  4574 82523.7467   18   19 218314.000 82396.1164  62.3%   4.8   25s
  8630  5610 84434.8870   56    1 218314.000 82396.1164  62.3%   4.8   30s
 11194  7088 84970.4240   44    1 218314.000 82450.1536  62.2%   4.8   35s
 13170  8946 83332.5460   33    7 218314.000 82455.7457  62.2%   4.7   40s
 15156 10409 82947.4755   26   14 218314.000 82475.3570  62.2%   4.7   45s
 16447 11510 82981.9657   22   16 218314.000 82475.3570  62.2%   4.8   50s
 17295 12455 82878.5145   26   14 218314.000 82475.3570  62.2%   4.8   55s
 18770 13613 83830.4563   41    8 218314.000 82512.5657  62.2%   4.8   61s
 19579 14402 83619.7082   37   10 218314.000 82517.4809  62.2%   4.9   65s
 20809 15477 83594.6878   36    6 218314.000 82517.4809  62.2%   4.9   70s
 22357 16590 83095.7060   25   14 218314.000 82517.4809  62.2%   4.9   75s
 23164 17554 83115.4641   22    8 218314.000 82517.4809  62.2%   4.9   80s
 24626 18883 83241.7926   25    8 218314.000 82517.4809  62.2%   4.9   86s
 25782 20001 83281.2642   27    6 218314.000 82517.4809  62.2%   4.9   91s
 27307 21664 83556.1646   29    4 218314.000 82517.4809  62.2%   5.0   96s
 29736 23845 83648.2164   31    5 218314.000 82578.6737  62.2%   5.0  103s
 31087 25041 83667.9780   32    4 218314.000 82599.5067  62.2%   5.0  107s
 32494 26231 84930.3276   49    1 218314.000 82599.5067  62.2%   5.1  111s
 34230 27707 82963.0917   23   20 218314.000 82613.5695  62.2%   5.1  115s
 37075 30444 82993.3181   22   18 218314.000 82627.0075  62.2%   5.1  122s
 38765 32067 82872.7545   20   15 218314.000 82634.4865  62.1%   5.1  127s
 40775 33698 83832.2671   47    2 218314.000 82634.4865  62.1%   5.1  131s
 42619 35310 83553.3862   34    7 218314.000 82654.5121  62.1%   5.2  136s
 44601 36756 83126.5642   25   17 218314.000 82660.5809  62.1%   5.2  141s
 46140 38359 82942.5299   22   19 218314.000 82664.1504  62.1%   5.2  146s
 48149 40087 83426.7182   27   18 218314.000 82673.8337  62.1%   5.2  151s
 50232 41555 83216.3108   29   16 218314.000 82674.7249  62.1%   5.2  156s
 52201 41971 85245.0000   58    9 218314.000 82683.1241  62.1%   5.2  167s
H52202 39873                    198315.00000 82683.1241  58.3%   5.2  169s
 52204 39874 85718.8231   52   27 198315.000 82683.1241  58.3%   5.2  171s
 52205 39875 84728.4055   57   27 198315.000 82683.1241  58.3%   5.2  175s
H52209 37883                    165958.00000 82683.1241  50.2%   5.2  182s
H52209 35989                    160839.00000 82683.1241  48.6%   5.2  182s
 52212 35991 83232.4671   32   26 160839.000 82683.1241  48.6%   5.2  186s
 52214 35993 83649.4100   47   26 160839.000 82683.1241  48.6%   5.2  190s
 52217 35995 83515.4003   49   28 160839.000 82683.1241  48.6%   5.2  196s
 52249 36049 82683.1241   24   25 160839.000 82683.1241  48.6%   5.2  201s
 52313 36156 82693.7313   26   25 160839.000 82683.1241  48.6%   5.2  205s
 52645 36313 82858.4487   29   22 160839.000 82683.1241  48.6%   5.3  211s
 52729 36459 82900.0396   30   22 160839.000 82683.1241  48.6%   5.4  215s
 53114 36718 83090.8155   33   18 160839.000 82683.1241  48.6%   5.4  220s
 53630 36992 83133.5823   35   12 160839.000 82683.1241  48.6%   5.5  225s
 54375 37403 83536.7096   40   12 160839.000 82683.1241  48.6%   5.5  231s
 54741 37639 83543.3717   43   14 160839.000 82683.1241  48.6%   5.5  235s
 55560 38153 83806.6314   50    6 160839.000 82707.0225  48.6%   5.5  241s
 56233 38685 84198.1273   60    4 160839.000 82712.0722  48.6%   5.5  245s
 57228 39041 98471.0000   76    - 160839.000 82756.9096  48.5%   5.6  250s
 57596 39156 83030.7209   31   24 160839.000 82756.9096  48.5%   5.6  257s
 57818 39154 83058.8143   32   22 160839.000 82759.7067  48.5%   5.6  260s
 58367 39896 83088.0489   34   23 160839.000 82759.7067  48.5%   5.6  267s
 58989 40282 83591.9615   42    8 160839.000 82760.8616  48.5%   5.6  270s
 60350 40969 83044.1249   30   23 160839.000 82760.8616  48.5%   5.7  276s
 61815 41673 84082.9942   57    1 160839.000 82804.8964  48.5%   5.7  282s
 62375 42062 82950.0433   27   20 160839.000 82804.8964  48.5%   5.7  285s
 63837 43125 83200.9682   30   15 160839.000 82804.8964  48.5%   5.8  292s
 64774 43066 86250.3422   66    2 160839.000 82804.8964  48.5%   5.8  296s
 65069 43589 83282.7139   35   15 160839.000 82804.8964  48.5%   5.8  303s
 65846 44250 82978.6053   31   23 160839.000 82804.8964  48.5%   5.8  307s
 66807 44732 83993.7623   51    7 160839.000 82866.9502  48.5%   5.8  311s
 67774 45151 83263.0033   36   16 160839.000 82868.5749  48.5%   5.8  315s
 68704 45804 94577.0000   72    - 160839.000 82868.5749  48.5%   5.8  320s
 70889 47120 83173.1041   30   22 160839.000 82868.5749  48.5%   5.9  328s
 72212 47872 84709.3348   62    1 160839.000 82871.1960  48.5%   5.9  333s
 73547 47670 83580.8112   41   14 160839.000 82889.9565  48.5%   5.9  337s
 73624 47680 83702.5458   42   14 160839.000 82889.9565  48.5%   5.9  342s
 73656 48159 83730.6471   43   14 160839.000 82889.9565  48.5%   5.9  347s
 74402 48843 83073.1903   30   24 160839.000 82889.9565  48.5%   5.9  352s
 75484 49532 83692.7886   51   10 160839.000 82889.9565  48.5%   5.9  357s
 76669 50126 83582.9088   38   20 160839.000 82896.1184  48.5%   6.0  363s
 77813 50664 83025.0246   29   21 160839.000 82920.2673  48.4%   6.0  368s
 79160 51426 93792.0000   73    - 160839.000 82920.2673  48.4%   6.0  374s
 79729 51268 83826.5649   43   12 160839.000 82920.2673  48.4%   6.0  375s
 80240 52198 84258.4680   49    5 160839.000 82920.2673  48.4%   6.0  380s
 81852 52978 83706.4479   41   12 160839.000 82936.6666  48.4%   6.0  387s
 83199 52828 85333.1544   71    1 160839.000 82936.6666  48.4%   6.0  393s
 83438 53777 85413.0000   72    - 160839.000 82936.6666  48.4%   6.0  400s
 84759 54481 85110.7817   59    5 160839.000 82952.2247  48.4%   6.1  408s
 86154 55414 83085.6277   29   24 160839.000 82955.4816  48.4%   6.1  415s
 87708 56559 83462.3301   36   23 160839.000 82966.9037  48.4%   6.1  423s
 89724 57351 83245.6492   31   22 160839.000 82969.5608  48.4%   6.1  433s
 91326 58238 90543.0000   75    - 160839.000 82969.5608  48.4%   6.1  441s
 92986 59538 83363.7866   35   14 160839.000 82984.4389  48.4%   6.2  450s
 95092 59159 83100.5797   31   21 160839.000 82984.4389  48.4%   6.2  457s
 95240 60412 83259.6945   32   22 160839.000 82984.4389  48.4%   6.2  466s
 97091 61500 83522.4844   39   18 160839.000 82985.1934  48.4%   6.2  476s
 99024 62742 84237.9501   52    5 160839.000 82990.5951  48.4%   6.2  486s
 101242 63438 83771.3774   39   11 160839.000 82997.0930  48.4%   6.2  497s
 103428 64943 83854.7432   38   18 160839.000 83005.1649  48.4%   6.2  508s
 105837 64569 83213.1949   32   20 160839.000 83007.9643  48.4%   6.2  518s
 105943 65721 83376.0807   33   17 160839.000 83007.9643  48.4%   6.2  527s
 107621 66689 83442.0781   34   19 160839.000 83010.3531  48.4%   6.3  540s
 109320 66524 83504.7737   35   16 160839.000 83014.5060  48.4%   6.3  549s
 109452 66501 83285.8949   33   23 160839.000 83014.5060  48.4%   6.3  550s
 109578 67956 83645.4635   36   15 160839.000 83014.5060  48.4%   6.3  561s
 111704 69352 84150.8684   57    3 160839.000 83019.3598  48.4%   6.3  574s
 114379 70796 83824.7469   40   13 160839.000 83022.9113  48.4%   6.3  588s
 116733 71576 83347.9086   35   16 160839.000 83028.7057  48.4%   6.4  600s

Cutting planes:
  Gomory: 1
  Cover: 1
  MIR: 5

Explored 118806 nodes (753236 simplex iterations) in 602.68 seconds (283.72 work units)
Thread count was 32 (of 32 available processors)

Solution count 9: 160839 165958 198315 ... 328207

Time limit reached
Best objective 1.608390000000e+05, best bound 8.302969748511e+04, gap 48.3771%

User-callback calls 277930, time in user-callback 124.00 sec
