
Gurobi 13.0.2 (win64) logging started Fri Jul 17 04:56:18 2026

Set parameter LogFile to value "logs/kstar_nI40_nJ20_nK50_nL10_tI5_tJ5_s4_m1_exact_s0_20260717-045618.gurobi.log"
Set parameter Seed to value 0
Set parameter TimeLimit to value 599.9742842
Set parameter MIPGap to value 0
Set parameter MIPGapAbs to value 0.5
Set parameter Cutoff to value 1e+100
Gurobi Optimizer version 13.0.2 build v13.0.2rc1 (win64 - Windows 11+.0 (26200.2))

CPU model: Intel(R) Core(TM) i9-14900HX, instruction set [SSE2|AVX|AVX2]
Thread count: 24 physical cores, 32 logical processors, using up to 32 threads

Non-default parameters:
TimeLimit  599.9742842
MIPGap  0
MIPGapAbs  0.5
PreCrush  1
LazyConstraints  1

Optimize a model with 20 rows, 70 columns and 600 nonzeros (Min)
Model fingerprint: 0x1fbfdb41
Model has 70 linear objective coefficients
Variable types: 10 continuous, 60 integer (60 binary)
Coefficient statistics:
  Matrix range     [4e+00, 6e+02]
  Objective range  [1e+00, 5e+02]
  Bounds range     [1e+00, 7e+03]
  RHS range        [6e+02, 7e+02]

Using branch priorities.
Presolve removed 18 rows and 0 columns
Presolve time: 0.00s
Presolved: 2 rows, 70 columns, 60 nonzeros
Variable types: 10 continuous, 60 integer (60 binary)

Root relaxation: objective 5.153241e+04, 6 iterations, 0.00 seconds (0.00 work units)

    Nodes    |    Current Node    |     Objective Bounds      |     Work
 Expl Unexpl |  Obj  Depth IntInf | Incumbent    BestBd   Gap | It/Node Time

     0     0 51532.4083    0    3          - 51532.4083      -     -    0s
H    0     0                    168996.00000 51532.4083  69.5%     -    0s
H    0     0                    164925.00000 51532.4083  68.8%     -    0s
H    0     0                    158885.00000 51532.4083  67.6%     -    0s
H    0     0                    148624.00000 51532.4083  65.3%     -    0s
     0     0 51733.7470    0    9 148624.000 51733.7470  65.2%     -    0s
     0     0 51871.1530    0    8 148624.000 51871.1530  65.1%     -    0s
H    0     0                    148122.00000 51871.1530  65.0%     -    0s
     0     0 51909.4755    0   10 148122.000 51909.4755  65.0%     -    0s
     0     0 51922.4186    0   12 148122.000 51922.4186  64.9%     -    0s
     0     0 51986.3530    0   12 148122.000 51986.3530  64.9%     -    0s
     0     0 52030.0329    0   13 148122.000 52030.0329  64.9%     -    0s
     0     0 52111.7305    0   15 148122.000 52111.7305  64.8%     -    0s
     0     0 52158.4280    0   15 148122.000 52158.4280  64.8%     -    0s
     0     0 52173.6756    0   16 148122.000 52173.6756  64.8%     -    0s
     0     0 52178.2743    0   16 148122.000 52178.2743  64.8%     -    0s
     0     2 52178.2743    0   16 148122.000 52178.2743  64.8%     -    0s
H 3433  2944                    134496.00000 52284.7363  61.1%   3.4    1s
H 3433  2796                    129501.00000 52284.7363  59.6%   3.4    1s
H 3433  2657                    120163.00000 52284.7363  56.5%   3.4    1s
H 3439  2527                    99473.000000 52293.6108  47.4%   3.4    2s
H 3439  2401                    97436.000000 52293.6108  46.3%   3.4    2s
  5195  3527 54947.0106   40    3 97436.0000 52465.9807  46.2%   4.7    5s
  9452  6002 54898.9077   52    3 97436.0000 52631.8906  46.0%   4.8   10s
 14904 10306 53786.6810   23   14 97436.0000 52792.2329  45.8%   4.7   15s
 17079 11827 54928.8321   30   12 97436.0000 52816.7196  45.8%   4.7   20s
 18978 13590 55238.7475   33    7 97436.0000 52869.5109  45.7%   4.7   25s
 21149 15526 55657.6594   36    4 97436.0000 52907.9571  45.7%   4.7   30s
 23750 17818 56921.8292   40    4 97436.0000 52952.1195  45.7%   4.7   35s
 27698 21262 53832.4695   30   14 97436.0000 52992.9277  45.6%   4.7   40s
 31532 24758 54188.7022   30   12 97436.0000 53055.3800  45.5%   4.8   46s
 35323 28113 54010.8184   26   15 97436.0000 53089.7161  45.5%   4.9   51s
 38147 29455 54790.3454   42   16 97436.0000 53117.8769  45.5%   4.9   62s
H38148 27983                    88636.000000 53117.8769  40.1%   4.9   63s
 38150 27984 56576.0000   58   27 88636.0000 53117.8769  40.1%   4.9   65s
H38153 26586                    84202.000000 53153.0171  36.9%   4.9   69s
 38156 26588 56354.3446   49   30 84202.0000 53153.0171  36.9%   4.9   70s
 38161 26591 54689.5858   38   34 84202.0000 53153.0171  36.9%   4.9   75s
 38168 26596 53875.0820   29   37 84202.0000 53153.0171  36.9%   4.9   81s
 38171 26598 54874.1688   32   39 84202.0000 53153.0171  36.9%   4.9   86s
 38175 26604 53359.0216   27   24 84202.0000 53153.0171  36.9%   4.9   90s
 38330 26802 55142.9939   34   27 84202.0000 53481.2848  36.5%   5.1   95s
 38893 27144 55704.3231   39   17 84202.0000 53481.2848  36.5%   5.3  100s
 39479 27475 56265.9321   45   13 84202.0000 53481.2848  36.5%   5.4  105s
 41073 28493 56744.7668   57    8 84202.0000 53698.2516  36.2%   5.4  110s
 43741 30149 57510.5688   68    4 84202.0000 53901.0767  36.0%   5.5  115s
 45869 31085 54975.6324   44   10 84202.0000 53944.1323  35.9%   5.5  120s
 47949 32329 54403.3194   33   25 84202.0000 54127.5432  35.7%   5.6  125s
 49629 32849 55992.6134   49   14 84202.0000 54127.5432  35.7%   5.6  131s
 51269 33535 55363.6514   48    8 84202.0000 54170.4442  35.7%   5.7  136s
 51692 34119 55426.5761   50    8 84202.0000 54191.2158  35.6%   5.7  140s
 53891 35419 58849.9364   77    2 84202.0000 54239.4006  35.6%   5.8  146s
 55580 36366 56325.7972   55    9 84202.0000 54267.0633  35.6%   5.8  151s
 57722 37609 55007.3500   39   16 84202.0000 54276.1884  35.5%   5.9  155s
 59930 38735 55691.1543   50   12 84202.0000 54281.4886  35.5%   6.0  160s
 62082 39870 55257.8344   40   24 84202.0000 54359.5684  35.4%   6.0  165s
 64693 41272 58180.9669   68    1 84202.0000 54370.2190  35.4%   6.1  170s
 67245 42621 55294.6881   41   18 84202.0000 54393.9575  35.4%   6.3  175s
 69924 43450 56665.1952   66    6 84202.0000 54415.5809  35.4%   6.3  182s
 70434 44391 56816.9621   67    6 84202.0000 54422.6734  35.4%   6.4  185s
 72972 45582 55697.9385   41   17 84202.0000 54431.3509  35.4%   6.4  192s
 74288 46364 55313.5750   39   15 84202.0000 54431.3509  35.4%   6.5  196s
 76645 47152 55217.9709   42   16 84202.0000 54481.4125  35.3%   6.6  200s
 78760 48704 55098.5562   36   22 84202.0000 54482.6343  35.3%   6.7  207s
 80233 49364 57168.9639   55    7 84202.0000 54482.6343  35.3%   6.7  210s
 81933 49820 55485.3237   41   24 84202.0000 54508.2010  35.3%   6.8  217s
 82692 50329 55568.4667   42   28 84202.0000 54508.2010  35.3%   6.8  222s
 83624 51165 55785.6962   43   21 84202.0000 54508.2010  35.3%   6.8  226s
 85022 51869 55853.7511   44   23 84202.0000 54516.8108  35.3%   6.9  231s
 86434 52644 55309.0930   41   24 84202.0000 54534.5591  35.2%   6.9  236s
 87920 53623 55833.4502   49   15 84202.0000 54539.2594  35.2%   6.9  241s
 89657 54588 55463.1124   47   16 84202.0000 54549.7763  35.2%   7.0  246s
 91523 55017 56028.5714   42   18 84202.0000 54558.3400  35.2%   7.0  252s
 92572 55931 56094.1485   43   17 84202.0000 54559.5399  35.2%   7.0  258s
 94051 56843 56187.4641   49   21 84202.0000 54571.8075  35.2%   7.1  264s
 95976 57762 80115.0000   75    - 84202.0000 54588.7865  35.2%   7.1  270s
 98144 59089 56495.5018   60    2 84202.0000 54589.5750  35.2%   7.1  276s
 100314 60246 56162.7141   53   18 84202.0000 54593.9410  35.2%   7.2  283s
 102577 61352 55500.6791   41   21 84202.0000 54608.3085  35.1%   7.2  290s
 104673 62561 56032.3846   52   13 84202.0000 54620.1813  35.1%   7.2  297s
 106962 63754 55334.6281   43   19 84202.0000 54631.0822  35.1%   7.3  305s
 109207 64877 55944.8701   48   23 84202.0000 54642.4593  35.1%   7.3  314s
 111515 65884 56806.7868   62    7 84202.0000 54651.8211  35.1%   7.4  321s
 113789 67526 56738.3609   56   13 84202.0000 54652.7491  35.1%   7.4  329s
 115907 67118 55622.9275   41   23 84202.0000 54661.9730  35.1%   7.4  330s
 116439 68679 55190.7095   43   22 84202.0000 54664.8105  35.1%   7.4  338s
 118880 70310 55022.0550   37   28 84202.0000 54676.9809  35.1%   7.5  347s
 121413 72435 55929.6624   47   21 84202.0000 54690.5670  35.0%   7.5  356s
 123788 74556 56409.1192   53   13 84202.0000 54693.0368  35.0%   7.6  365s
 126185 76719 55906.5688   47   12 84202.0000 54706.1341  35.0%   7.6  375s
 128748 78592 56280.8443   48   18 84202.0000 54706.3313  35.0%   7.6  383s
 130973 80719 55544.1422   40   20 84202.0000 54719.5368  35.0%   7.7  393s
 133384 82972 61387.0000   71    - 84202.0000 54726.8373  35.0%   7.7  402s
 136022 85016 56237.8650   55   14 84202.0000 54736.7973  35.0%   7.7  412s
 138387 86979 57364.6305   63    9 84202.0000 54746.1266  35.0%   7.8  423s
 140732 88892 55715.8974   43   18 84202.0000 54754.2685  35.0%   7.8  432s
 142838 90823 57307.8155   70    7 84202.0000 54755.0166  35.0%   7.8  443s
 145177 92742 55698.3849   45   18 84202.0000 54768.2211  35.0%   7.8  453s
 147386 94767 56280.7376   43   19 84202.0000 54776.6979  34.9%   7.9  463s
 149873 96735 56462.7737   50   18 84202.0000 54777.1172  34.9%   7.9  473s
 152210 98812 55768.7449   41   27 84202.0000 54777.1172  34.9%   7.9  484s
 154498 100541 66057.0000   77    - 84202.0000 54786.2732  34.9%   7.9  497s
 156508 102387 58086.5350   63    9 84202.0000 54800.8078  34.9%   8.0  507s
 158546 104354 55372.4611   41   22 84202.0000 54806.4678  34.9%   8.0  519s
 160855 106109 56680.6005   54   10 84202.0000 54806.6515  34.9%   8.0  530s
 162995 107854 55965.7472   48   20 84202.0000 54814.6711  34.9%   8.1  541s
 165080 109701 56780.8948   50   19 84202.0000 54820.7539  34.9%   8.1  554s
 166714 109957 55333.1039   44   24 84202.0000 54820.9848  34.9%   8.1  555s
 167300 111586 56451.5646   58   14 84202.0000 54827.2373  34.9%   8.1  566s
 169397 113371 55180.8338   37   28 84202.0000 54827.2373  34.9%   8.1  577s
 171534 115147 55742.8579   44   24 84202.0000 54836.9717  34.9%   8.1  589s
 171654 115160 56444.1735   55   12 84202.0000 54836.9717  34.9%   8.1  590s
 173562 115790 57475.6421   57    7 84202.0000 54837.2115  34.9%   8.2  600s

Cutting planes:
  Gomory: 2
  MIR: 16
  Flow cover: 5
  RLT: 1

Explored 174112 nodes (1422989 simplex iterations) in 601.38 seconds (270.00 work units)
Thread count was 32 (of 32 available processors)

Solution count 10: 84202 88636 97436 ... 164925

Time limit reached
Best objective 8.420200000000e+04, best bound 5.483735981910e+04, gap 34.8740%

User-callback calls 365363, time in user-callback 31.82 sec
