
Gurobi 13.0.2 (win64) logging started Wed Jul 15 20:53:29 2026

Set parameter LogFile to value "logs/kstar_nI40_nJ40_nK50_nL10_tI6_tJ6_s5_m0_exact_s0_20260715-205329.gurobi.log"
Set parameter Seed to value 0
Set parameter TimeLimit to value 599.9576757
Set parameter NodefileStart to value 4
Set parameter MIPGap to value 0
Set parameter MIPGapAbs to value 0.9999
Set parameter Cutoff to value 1e+100
Gurobi Optimizer version 13.0.2 build v13.0.2rc1 (win64 - Windows 11+.0 (26200.2))

CPU model: Intel(R) Core(TM) i9-14900HX, instruction set [SSE2|AVX|AVX2]
Thread count: 24 physical cores, 32 logical processors, using up to 32 threads

Non-default parameters:
TimeLimit  599.9576757
MIPGap  0
MIPGapAbs  0.9999
NodefileStart  4

Optimize a model with 1700 rows, 36080 columns and 92800 nonzeros (Min)
Model fingerprint: 0xff394571
Model has 36080 linear objective coefficients
Variable types: 36000 continuous, 80 integer (80 binary)
Coefficient statistics:
  Matrix range     [1e+00, 7e+02]
  Objective range  [1e+00, 5e+02]
  Bounds range     [1e+00, 1e+00]
  RHS range        [5e+00, 2e+01]

Using branch priorities.
Found heuristic solution: objective 672809.00000
Presolve time: 0.05s
Presolved: 1700 rows, 36080 columns, 92800 nonzeros
Variable types: 36000 continuous, 80 integer (80 binary)

Root relaxation: objective 3.760724e+04, 1404 iterations, 0.02 seconds (0.02 work units)

    Nodes    |    Current Node    |     Objective Bounds      |     Work
 Expl Unexpl |  Obj  Depth IntInf | Incumbent    BestBd   Gap | It/Node Time

     0     0 37607.2353    0   79 672809.000 37607.2353  94.4%     -    0s
H    0     0                    55593.383012 37607.2353  32.4%     -    0s
H    0     0                    55519.349650 37607.2353  32.3%     -    0s
H    0     0                    55477.349650 37607.2353  32.2%     -    0s
     0     0 46215.9192    0   52 55477.3496 46215.9192  16.7%     -    0s
H    0     0                    54019.000000 46252.8222  14.4%     -    0s
     0     0 46439.8418    0   53 54019.0000 46439.8418  14.0%     -    0s
     0     0 46446.0546    0   52 54019.0000 46446.0546  14.0%     -    0s
     0     0 46446.3121    0   52 54019.0000 46446.3121  14.0%     -    0s
     0     0 49535.3160    0   64 54019.0000 49535.3160  8.30%     -    0s
H    0     0                    53602.000000 49552.2484  7.56%     -    0s
H    0     0                    53596.000000 49552.2484  7.54%     -    0s
H    0     0                    53298.000000 49552.2484  7.03%     -    0s
     0     0 50096.3559    0   64 53298.0000 50096.3559  6.01%     -    0s
     0     0 50241.1894    0   60 53298.0000 50241.1894  5.74%     -    0s
     0     0 50284.2053    0   64 53298.0000 50284.2053  5.65%     -    0s
     0     0 50312.0309    0   64 53298.0000 50312.0309  5.60%     -    0s
     0     0 50317.1566    0   63 53298.0000 50317.1566  5.59%     -    0s
H    0     0                    52300.000000 50623.6959  3.21%     -    0s
     0     0 50623.6959    0   65 52300.0000 50623.6959  3.21%     -    0s
H    0     0                    51967.000000 50624.6822  2.58%     -    0s
H    0     0                    51930.000000 50624.6822  2.51%     -    0s
     0     0 50736.2297    0   67 51930.0000 50736.2297  2.30%     -    0s
     0     0 50772.4907    0   62 51930.0000 50772.4907  2.23%     -    0s
     0     0 50776.9498    0   63 51930.0000 50776.9498  2.22%     -    0s
     0     0 50833.8925    0   61 51930.0000 50833.8925  2.11%     -    1s
H    0     0                    51830.000000 50834.4515  1.92%     -    1s
H    0     0                    51673.000000 50834.4515  1.62%     -    1s
     0     0 50841.6061    0   53 51673.0000 50841.6061  1.61%     -    1s
     0     0 50876.2908    0   63 51673.0000 50876.2908  1.54%     -    1s
     0     0 50876.3114    0   63 51673.0000 50876.3114  1.54%     -    1s
     0     0 50876.3114    0   63 51673.0000 50876.3114  1.54%     -    1s
     0     0 50876.3114    0   63 51673.0000 50876.3114  1.54%     -    1s
     0     2 50876.4029    0   63 51673.0000 50876.4029  1.54%     -    1s
*  216   196              16    51484.000000 51124.9143  0.70%   118    2s
*  381   217              21    51475.000000 51192.3481  0.55%  91.2    2s
*  417   245              15    51402.000000 51235.1421  0.32%  86.1    2s
H  461   192                    51377.000000 51235.1421  0.28%  81.8    2s
H  470   192                    51323.000000 51235.1421  0.17%  80.7    2s
*  721     2              15    51309.000000 51303.7560  0.01%  57.2    2s

Cutting planes:
  Implied bound: 487
  MIR: 261
  Flow cover: 618
  Relax-and-lift: 22

Explored 734 nodes (46656 simplex iterations) in 2.86 seconds (3.27 work units)
Thread count was 32 (of 32 available processors)

Solution count 10: 51309 51323 51377 ... 51967

Optimal solution found (tolerance 0.00e+00)
Best objective 5.130900000000e+04, best bound 5.130900000000e+04, gap 0.0000%
