
Gurobi 13.0.2 (win64) logging started Thu Jul 16 16:52:55 2026

Set parameter LogFile to value "logs/kstar_nI20_nJ40_nK50_nL5_tI6_tJ6_s2_m1_exact_s0_20260716-165255.gurobi.log"
Set parameter Seed to value 0
Set parameter TimeLimit to value 599.9803937
Set parameter MIPGap to value 0
Set parameter MIPGapAbs to value 0.5
Set parameter Cutoff to value 1e+100
Gurobi Optimizer version 13.0.2 build v13.0.2rc1 (win64 - Windows 11+.0 (26200.2))

CPU model: Intel(R) Core(TM) i9-14900HX, instruction set [SSE2|AVX|AVX2]
Thread count: 24 physical cores, 32 logical processors, using up to 32 threads

Non-default parameters:
TimeLimit  599.9803937
MIPGap  0
MIPGapAbs  0.5
PreCrush  1
LazyConstraints  1

Optimize a model with 10 rows, 65 columns and 300 nonzeros (Min)
Model fingerprint: 0xc2a518ef
Model has 65 linear objective coefficients
Variable types: 5 continuous, 60 integer (60 binary)
Coefficient statistics:
  Matrix range     [5e+00, 7e+02]
  Objective range  [1e+00, 5e+02]
  Bounds range     [1e+00, 5e+03]
  RHS range        [6e+02, 7e+02]

Using branch priorities.
Presolve removed 8 rows and 0 columns
Presolve time: 0.00s
Presolved: 2 rows, 65 columns, 60 nonzeros
Variable types: 5 continuous, 60 integer (60 binary)

Root relaxation: objective 2.195211e+04, 3 iterations, 0.00 seconds (0.00 work units)

    Nodes    |    Current Node    |     Objective Bounds      |     Work
 Expl Unexpl |  Obj  Depth IntInf | Incumbent    BestBd   Gap | It/Node Time

     0     0 21952.1074    0    2          - 21952.1074      -     -    0s
H    0     0                    100131.00000 21952.1074  78.1%     -    0s
H    0     0                    91690.000000 21952.1074  76.1%     -    0s
H    0     0                    89639.000000 21952.1074  75.5%     -    0s
H    0     0                    88339.000000 21952.1074  75.2%     -    0s
     0     0 22159.7700    0    7 88339.0000 22159.7700  74.9%     -    0s
     0     0 22209.8554    0    8 88339.0000 22209.8554  74.9%     -    0s
H    0     0                    84699.000000 22210.3710  73.8%     -    0s
H    0     0                    78048.000000 22210.3710  71.5%     -    0s
     0     0 22341.1167    0   10 78048.0000 22341.1167  71.4%     -    0s
     0     0 22347.5889    0    9 78048.0000 22347.5889  71.4%     -    0s
     0     0 22349.2626    0    9 78048.0000 22349.2626  71.4%     -    0s
     0     2 22623.7601    0   15 78048.0000 22623.7601  71.0%     -    0s
H 3289  2835                    57291.000000 22714.4672  60.4%   4.0    1s
H 3295  2697                    55506.000000 22820.4320  58.9%   4.0    2s
  5131  3926 24018.1773   45    6 55506.0000 22917.8338  58.7%   5.9    5s
  9761  6524 23911.9071   30   10 55506.0000 23114.3194  58.4%   6.0   10s
 16890 12262 24043.9277   27   15 55506.0000 23176.2643  58.2%   5.8   15s
 22734 17566 24431.5298   31   11 55506.0000 23266.7382  58.1%   5.9   20s
 31693 26015 24664.5804   37    8 55506.0000 23384.2336  57.9%   6.0   25s
 36976 30484 24662.7678   28   11 55506.0000 23435.3570  57.8%   6.0   30s
 42530 35351 24687.4633   38   12 55506.0000 23461.7495  57.7%   6.1   35s
 47173 39276 24394.9481   24   18 55506.0000 23492.1337  57.7%   6.0   41s
 50159 41909 24520.6340   25   16 55506.0000 23506.2310  57.7%   6.1   45s
 54904 44916 24355.8000   23   16 55506.0000 23539.4098  57.6%   6.1   52s
 55167 45350 24641.8451   30   14 55506.0000 23539.4098  57.6%   6.1   55s
 56423 46136 25387.8474   52    9 55506.0000 23540.2688  57.6%   6.1   64s
 56425 46137 25820.0000   61   30 55506.0000 23540.2688  57.6%   6.1   65s
H56429 43832                    50291.000000 23639.9859  53.0%   6.1   70s
H56434 41643                    47620.000000 23639.9859  50.4%   6.1   74s
 56437 41645 25700.0000   66   28 47620.0000 23639.9859  50.4%   6.1   75s
H56442 39567                    47513.000000 23639.9859  50.2%   6.1   79s
 56450 39581 23817.1581   26   29 47513.0000 23699.8563  50.1%   6.1   80s
 56650 39824 24363.3492   32   27 47513.0000 23933.5720  49.6%   6.2   85s
 57531 40335 25223.9861   41   11 47513.0000 23933.5720  49.6%   6.3   90s
 58627 41152 25951.0230   54    8 47513.0000 23960.8251  49.6%   6.4   95s
 60294 42230 25483.9431   48    5 47513.0000 24048.1617  49.4%   6.4  100s
 62112 43147 25576.6377   50    8 47513.0000 24118.8629  49.2%   6.4  105s
 64793 44919 24638.8459   40   21 47513.0000 24119.7477  49.2%   6.5  111s
 67646 46427 29689.7724   75    1 47513.0000 24176.8823  49.1%   6.5  116s
 69530 47438 24359.9510   35   19 47513.0000 24226.4716  49.0%   6.6  120s
 70768 47953 25373.9649   58   10 47513.0000 24243.1216  49.0%   6.6  126s
 71898 48687 25425.8802   60    9 47513.0000 24261.8927  48.9%   6.6  130s
 73890 49842 24946.3892   39   21 47513.0000 24310.3577  48.8%   6.6  135s
 74840 50158 24583.0313   35   22 47513.0000 24310.3577  48.8%   6.6  141s
 75392 50436 25180.1451   47   11 47513.0000 24310.3577  48.8%   6.7  145s
 76594 51134 25187.8427   47   11 47513.0000 24317.2045  48.8%   6.7  151s
 77884 52015 25541.1811   49    6 47513.0000 24317.2045  48.8%   6.7  156s
 78763 52273 25052.1970   46   15 47513.0000 24322.5879  48.8%   6.7  160s
 80718 54217 24684.6104   38   22 47513.0000 24348.3185  48.8%   6.8  167s
 82362 54848 25676.9660   62    4 47513.0000 24348.3185  48.8%   6.8  170s
 85289 56702 24672.8713   36   25 47513.0000 24369.8190  48.7%   6.8  177s
 87125 58049 25118.4888   34   24 47513.0000 24372.6074  48.7%   6.8  181s
 89238 59163 26213.8008   51   10 47513.0000 24373.4274  48.7%   6.9  185s
 91366 60358 25736.1343   53    6 47513.0000 24375.6078  48.7%   6.9  190s
 95922 62851 24569.5284   35   27 47513.0000 24401.1942  48.6%   6.9  198s
 98012 63856 24757.0075   38   15 47513.0000 24417.1819  48.6%   7.0  203s
 100064 65064 28055.0000   70    - 47513.0000 24418.2780  48.6%   7.0  209s
 102186 66611 25332.6249   53    8 47513.0000 24430.2089  48.6%   7.0  214s
 104824 67872 25896.8670   65    5 47513.0000 24441.0070  48.6%   7.0  219s
 106046 67616 24915.3546   36   17 47513.0000 24442.2719  48.6%   7.0  220s
 107321 69154 25066.0513   37   18 47513.0000 24450.4044  48.5%   7.0  225s
 109543 71004 25712.8486   54    4 47513.0000 24459.1983  48.5%   7.1  230s
 112835 72283 25559.7837   54    6 47513.0000 24459.4690  48.5%   7.0  236s
 115631 73882 26017.9272   59    7 47513.0000 24465.2003  48.5%   7.0  244s
 116111 73773 24834.1287   38   19 47513.0000 24465.2003  48.5%   7.0  245s
 118277 75495 25327.3579   45   12 47513.0000 24481.3474  48.5%   7.1  251s
 121274 76843 25419.2155   41   14 47513.0000 24489.7694  48.5%   7.1  256s
 123745 78221 26139.4215   59    2 47513.0000 24497.2994  48.4%   7.1  263s
 126348 79863 25011.9590   35   17 47513.0000 24501.1268  48.4%   7.1  270s
 129314 81434 25220.4930   42   17 47513.0000 24507.2106  48.4%   7.1  277s
 132457 82459 26178.5862   50    7 47513.0000 24514.3549  48.4%   7.1  284s
 133456 82367 27103.5019   67    1 47513.0000 24514.5425  48.4%   7.1  285s
 135254 84217 25312.4931   38   15 47513.0000 24523.1137  48.4%   7.1  292s
 138104 85991 25033.2358   34   22 47513.0000 24530.2475  48.4%   7.2  299s
 141025 87534 28008.1678   66    1 47513.0000 24530.2475  48.4%   7.2  306s
 144090 89139 25846.5494   43   10 47513.0000 24549.6454  48.3%   7.2  313s
 147133 90869 26783.4770   66    2 47513.0000 24553.5543  48.3%   7.2  321s
 150096 91936 25529.4723   40   19 47513.0000 24560.5590  48.3%   7.2  328s
 152466 93699 26181.7986   45   13 47513.0000 24561.0124  48.3%   7.3  336s
 155494 93183 25073.9670   39   21 47513.0000 24565.1504  48.3%   7.3  341s
 155604 93926 25161.1840   40   20 47513.0000 24565.1781  48.3%   7.3  348s
 156695 94687 25197.7999   41   16 47513.0000 24565.1781  48.3%   7.3  355s
 158053 95502 25257.3314   42   16 47513.0000 24569.7726  48.3%   7.3  362s
 159441 96254 25285.4726   43   17 47513.0000 24574.1454  48.3%   7.3  369s
 160729 97494 25373.7579   44   16 47513.0000 24576.8677  48.3%   7.3  377s
 162503 97109 25395.7704   45   18 47513.0000 24576.8677  48.3%   7.3  382s
 162705 98177 25412.5532   46   17 47513.0000 24576.8677  48.3%   7.3  390s
 164417 99161 25456.1655   47   17 47513.0000 24576.8677  48.3%   7.3  399s
 166199 100588 25462.3642   48   17 47513.0000 24578.4251  48.3%   7.3  407s
 168563 101754 25074.6355   43   17 47513.0000 24583.7584  48.3%   7.3  417s
 170844 103022 25500.9918   41   17 47513.0000 24587.7750  48.3%   7.3  426s
 173183 104184 25227.8155   37   18 47513.0000 24595.6294  48.2%   7.3  435s
 175443 105799 25990.0986   45   16 47513.0000 24600.4279  48.2%   7.3  445s
 178110 108486 25089.5907   39   19 47513.0000 24607.4838  48.2%   7.3  454s
 181286 111287 25399.9294   36   19 47513.0000 24612.8815  48.2%   7.3  463s
 184610 113679 25706.0225   47   16 47513.0000 24619.0224  48.2%   7.3  472s
 187335 116048 25699.9684   43   17 47513.0000 24625.0473  48.2%   7.3  483s
 189737 118366 25277.2898   37   20 47513.0000 24625.5083  48.2%   7.4  492s
 192697 121021 25435.8963   43   21 47513.0000 24631.2805  48.2%   7.4  501s
 195722 123377 26789.5378   68    2 47513.0000 24637.5987  48.1%   7.4  511s
 198514 125836 25571.3138   41   21 47513.0000 24642.9246  48.1%   7.4  520s
 201269 127906 25341.9248   42   20 47513.0000 24647.7886  48.1%   7.4  529s
 202296 127988 26097.2722   43   21 47513.0000 24648.5200  48.1%   7.4  530s
 203414 130147 26105.4726   57    3 47513.0000 24648.5200  48.1%   7.4  538s
 206155 132605 25657.1000   41   19 47513.0000 24653.8577  48.1%   7.4  548s
 208991 134779 25435.2990   41   21 47513.0000 24658.8845  48.1%   7.4  557s
 211267 137047 26113.2607   48   12 47513.0000 24663.9405  48.1%   7.5  566s
 214162 139063 25469.5079   47   20 47513.0000 24665.3843  48.1%   7.5  576s
 216313 141162 25903.7426   40   19 47513.0000 24667.6564  48.1%   7.5  585s
 219295 143610 25381.0820   37   21 47513.0000 24667.9051  48.1%   7.5  597s
 221910 144329 25292.8891   38   25 47513.0000 24677.4499  48.1%   7.5  600s

Cutting planes:
  Gomory: 6
  MIR: 2
  StrongCG: 1
  Flow cover: 1

Explored 222324 nodes (1669826 simplex iterations) in 600.51 seconds (225.86 work units)
Thread count was 32 (of 32 available processors)

Solution count 10: 47513 47620 50291 ... 91690

Time limit reached
Best objective 4.751300000000e+04, best bound 2.467753782738e+04, gap 48.0615%

User-callback calls 461986, time in user-callback 43.25 sec
