
Gurobi 13.0.2 (win64) logging started Sat Jul 18 02:26:31 2026

Set parameter LogFile to value "logs/kstar_nI40_nJ40_nK50_nL5_tI6_tJ6_s2_m1_exact_s0_20260718-022631.gurobi.log"
Set parameter Seed to value 0
Set parameter TimeLimit to value 599.9787564
Set parameter MIPGap to value 0
Set parameter MIPGapAbs to value 0.5
Set parameter Cutoff to value 1e+100
Gurobi Optimizer version 13.0.2 build v13.0.2rc1 (win64 - Windows 11+.0 (26200.2))

CPU model: Intel(R) Core(TM) i9-14900HX, instruction set [SSE2|AVX|AVX2]
Thread count: 24 physical cores, 32 logical processors, using up to 32 threads

Non-default parameters:
TimeLimit  599.9787564
MIPGap  0
MIPGapAbs  0.5
PreCrush  1
LazyConstraints  1

Optimize a model with 10 rows, 85 columns and 400 nonzeros (Min)
Model fingerprint: 0x4899a41e
Model has 85 linear objective coefficients
Variable types: 5 continuous, 80 integer (80 binary)
Coefficient statistics:
  Matrix range     [2e+00, 6e+02]
  Objective range  [1e+00, 5e+02]
  Bounds range     [1e+00, 4e+03]
  RHS range        [6e+02, 7e+02]

Using branch priorities.
Presolve removed 8 rows and 0 columns
Presolve time: 0.00s
Presolved: 2 rows, 85 columns, 80 nonzeros
Variable types: 5 continuous, 80 integer (80 binary)

Root relaxation: objective 1.873976e+04, 4 iterations, 0.00 seconds (0.00 work units)

    Nodes    |    Current Node    |     Objective Bounds      |     Work
 Expl Unexpl |  Obj  Depth IntInf | Incumbent    BestBd   Gap | It/Node Time

     0     0 18739.7649    0    3          - 18739.7649      -     -    0s
H    0     0                    78579.000000 18739.7649  76.2%     -    0s
H    0     0                    73110.000000 18739.7649  74.4%     -    0s
H    0     0                    70916.000000 18739.7649  73.6%     -    0s
H    0     0                    66377.000000 18739.7649  71.8%     -    0s
     0     0 19105.5878    0    8 66377.0000 19105.5878  71.2%     -    0s
     0     0 19211.2776    0   10 66377.0000 19211.2776  71.1%     -    0s
     0     0 19364.4647    0   10 66377.0000 19364.4647  70.8%     -    0s
     0     0 19365.7217    0   10 66377.0000 19365.7217  70.8%     -    0s
     0     2 19504.6512    0   13 66377.0000 19504.6512  70.6%     -    0s
H 3536  3105                    65682.000000 19680.2944  70.0%   3.6    2s
H 3538  2951                    65118.000000 19710.8373  69.7%   3.6    2s
H 3538  2803                    57520.000000 19710.8373  65.7%   3.6    2s
H 3547  2668                    53588.000000 19727.7177  63.2%   3.6    3s
H 3552  2537                    49449.000000 19727.7177  60.1%   3.6    3s
  3559  2542 25759.0000   63   28 49449.0000 19727.8107  60.1%   3.6    5s
  7167  4834 21789.6311   65    2 49449.0000 19905.3708  59.7%   5.2   10s
 12605  8121 20477.0599   30    9 49449.0000 19995.9853  59.6%   5.1   15s
 15357 10724 20915.3968   48    7 49449.0000 20035.4940  59.5%   5.1   20s
 20314 15263 20816.2729   34   12 49449.0000 20035.4940  59.5%   5.2   25s
 27520 21122 20571.5188   28   17 49449.0000 20081.9001  59.4%   5.2   30s
 32146 25773 20765.2431   48   12 49449.0000 20087.3965  59.4%   5.4   35s
 37490 30460 20566.0791   21   14 49449.0000 20137.9671  59.3%   5.3   41s
 41287 33888 21054.2731   37    7 49449.0000 20137.9671  59.3%   5.4   45s
 45721 37937 21395.2389   74    2 49449.0000 20181.7773  59.2%   5.3   50s
 48978 40086 21052.6753   29   14 49449.0000 20182.7518  59.2%   5.3   55s
 51455 42650 21045.7199   29   14 49449.0000 20199.9597  59.1%   5.3   61s
 53786 43859 21285.6969   52   10 49449.0000 20200.1955  59.1%   5.3   71s
H53787 41667                    47733.000000 20200.1955  57.7%   5.3   72s
H53787 39583                    47452.000000 20200.1955  57.4%   5.3   73s
 53790 39585 21556.3859   50   34 47452.0000 20200.1955  57.4%   5.3   75s
 53794 39587 22514.0000   78   33 47452.0000 20200.1955  57.4%   5.3   80s
H53794 37608                    45923.000000 20200.1955  56.0%   5.3   81s
 53799 37612 20938.9458   37   36 45923.0000 20200.1955  56.0%   5.3   85s
H53802 35733                    43881.000000 20200.1955  54.0%   5.3   89s
 53804 35734 21729.5776   64   35 43881.0000 20200.1955  54.0%   5.3   90s
 53869 35810 20482.2508   29   30 43881.0000 20200.1955  54.0%   5.4   95s
 54382 36153 20904.9374   36   15 43881.0000 20200.1955  54.0%   5.6  100s
 55199 36709 21412.2888   44   13 43881.0000 20200.1955  54.0%   5.6  105s
 55730 36998 22513.1024   50    5 43881.0000 20200.1955  54.0%   5.6  110s
 57517 38148 28456.1204   90    2 43881.0000 20358.2258  53.6%   5.7  115s
 59150 39346 21201.5700   50   10 43881.0000 20360.1057  53.6%   5.7  120s
 62047 40574 26561.0709   84    1 43881.0000 20360.1057  53.6%   5.7  125s
 64029 41817 20746.8871   32   22 43881.0000 20418.5239  53.5%   5.8  130s
 66825 43588 20711.7380   36   20 43881.0000 20418.5239  53.5%   5.9  135s
 67874 44073 21281.5468   49   12 43881.0000 20458.1900  53.4%   5.9  141s
 69246 45065 21641.3318   52    4 43881.0000 20501.9233  53.3%   6.0  145s
 70196 45283 22034.1522   71    2 43881.0000 20501.9233  53.3%   5.9  150s
 72012 46768 22390.9072   72    2 43881.0000 20504.4280  53.3%   5.9  156s
 73995 47571 21068.7170   37   14 43881.0000 20504.4280  53.3%   6.1  162s
 76045 49234 21054.8974   40   12 43881.0000 20533.3085  53.2%   6.2  166s
 79181 51223 21675.9040   48    9 43881.0000 20544.7977  53.2%   6.1  171s
 82916 53102 23444.4044   71    4 43881.0000 20549.4979  53.2%   6.1  178s
 84746 54233 27046.0000   86    - 43881.0000 20569.4153  53.1%   6.1  181s
 88582 56377 21511.3930   56    8 43881.0000 20579.5996  53.1%   6.1  187s
 90587 57429 21555.9018   68    1 43881.0000 20587.3396  53.1%   6.2  191s
 92357 58434 22219.1787   56    8 43881.0000 20587.3396  53.1%   6.2  195s
 94682 59196 23948.8636   76    1 43881.0000 20599.7877  53.1%   6.2  202s
 96070 60120 26507.0000   81    - 43881.0000 20601.2453  53.1%   6.2  206s
 99387 62137 20834.1905   36   15 43881.0000 20612.4273  53.0%   6.2  214s
 101424 63275 21490.6107   42   18 43881.0000 20615.3436  53.0%   6.2  218s
 103421 64666 21514.2856   47   12 43881.0000 20625.7040  53.0%   6.2  223s
 105865 65922 24159.8966   74    3 43881.0000 20631.4912  53.0%   6.2  229s
 108016 67405 21017.8431   36   23 43881.0000 20633.7554  53.0%   6.2  234s
 110857 68800 20886.4173   38   24 43881.0000 20634.9819  53.0%   6.2  240s
 113389 68292 22019.7647   51   11 43881.0000 20652.0668  52.9%   6.2  245s
 114880 70604 22094.6404   53   10 43881.0000 20652.0668  52.9%   6.2  254s
 116924 71928 22118.3036   54    7 43881.0000 20656.2541  52.9%   6.2  259s
 118342 71605 20943.7113   37   25 43881.0000 20656.2541  52.9%   6.2  260s
 119146 73008 21305.0061   39   18 43881.0000 20661.5794  52.9%   6.2  265s
 121123 75004 21376.0945   43   12 43881.0000 20667.7063  52.9%   6.3  271s
 124390 76506 21091.5808   37   19 43881.0000 20670.7428  52.9%   6.3  278s
 127234 78312 21790.4585   67    2 43881.0000 20680.0301  52.9%   6.3  285s
 130420 80436 22022.1531   48   10 43881.0000 20680.0301  52.9%   6.3  292s
 134120 82472 21845.0671   50   11 43881.0000 20693.7713  52.8%   6.3  300s
 137820 83953 20913.4137   34   26 43881.0000 20698.6963  52.8%   6.3  307s
 140699 85991 21391.5099   42   19 43881.0000 20704.9814  52.8%   6.3  314s
 142484 85619 21994.1385   67    7 43881.0000 20706.7676  52.8%   6.3  315s
 144313 87968 23415.0923   99    1 43881.0000 20708.6023  52.8%   6.3  321s
 147870 89676 21223.1718   40   17 43881.0000 20716.1955  52.8%   6.3  328s
 151134 91101 24849.0000   97    - 43881.0000 20722.9409  52.8%   6.3  336s
 153715 92214 21519.7626   39   20 43881.0000 20728.5280  52.8%   6.4  343s
 156146 93998 22833.1250   62    1 43881.0000 20729.4306  52.8%   6.4  350s
 159946 95882 25213.0000   88    - 43881.0000 20735.5041  52.7%   6.3  357s
 163178 98541 21368.8302   38   18 43881.0000 20742.7151  52.7%   6.3  365s
 166536 101280 21051.7558   34   23 43881.0000 20748.2498  52.7%   6.3  373s
 169477 103444 21543.7299   47   16 43881.0000 20753.4821  52.7%   6.4  380s
 171789 105991 21600.1941   43   22 43881.0000 20753.5450  52.7%   6.4  388s
 175055 108798 21084.6008   33   25 43881.0000 20760.4614  52.7%   6.4  395s
 178070 110656 21222.3791   36   25 43881.0000 20765.2656  52.7%   6.4  403s
 181175 113164 21790.5539   45   11 43881.0000 20768.7232  52.7%   6.4  411s
 184056 116195 22199.4135   62    5 43881.0000 20773.0884  52.7%   6.4  419s
 187232 118692 21446.1167   37   21 43881.0000 20775.6187  52.7%   6.4  426s
 190099 120918 23528.5516   79    1 43881.0000 20780.6118  52.6%   6.4  435s
 192352 122743 21747.1189   47    8 43881.0000 20780.6552  52.6%   6.4  444s
 194868 125255 21815.9112   55   14 43881.0000 20780.6552  52.6%   6.4  451s
 197596 127825 23374.9319   82    1 43881.0000 20790.7466  52.6%   6.4  459s
 200460 128304 21277.8591   40   20 43881.0000 20790.7466  52.6%   6.4  466s
 200693 129085 21455.4608   41   18 43881.0000 20790.7466  52.6%   6.4  472s
 201739 130193 21690.0521   42   16 43881.0000 20790.7466  52.6%   6.4  479s
 203214 131790 21991.5185   52    7 43881.0000 20790.7466  52.6%   6.4  486s
 205005 132048 21444.5714   38   21 43881.0000 20794.0730  52.6%   6.4  492s
 205037 132688 21513.1423   39   21 43881.0000 20795.0343  52.6%   6.4  499s
 205887 133416 23000.1306   59    6 43881.0000 20796.5734  52.6%   6.4  505s
 206750 134210 21229.4457   38   26 43881.0000 20796.5957  52.6%   6.4  512s
 207678 135175 21582.9659   43   18 43881.0000 20799.2202  52.6%   6.4  520s
 208742 136477 21524.6774   47   12 43881.0000 20800.8171  52.6%   6.4  528s
 210431 138327 21578.9280   44   13 43881.0000 20800.8171  52.6%   6.4  537s
 212411 140274 24731.0000   79    - 43881.0000 20804.2589  52.6%   6.5  546s
 214832 142539 21967.2760   55   10 43881.0000 20806.4429  52.6%   6.5  555s
 217423 144471 21241.8743   35   23 43881.0000 20809.7665  52.6%   6.5  564s
 217784 144506 21139.6985   41   19 43881.0000 20809.7665  52.6%   6.5  565s
 219450 146590 21786.5751   43   16 43881.0000 20811.7537  52.6%   6.5  574s
 221437 149077 22455.2553   57    6 43881.0000 20814.3468  52.6%   6.5  584s
 224974 151948 25160.8432   75    1 43881.0000 20814.4907  52.6%   6.5  594s
 227309 152255 21298.4239   40   17 43881.0000 20815.0317  52.6%   6.5  595s
 228272 153588 22407.6941   66    3 43881.0000 20815.0317  52.6%   6.5  600s

Cutting planes:
  Gomory: 5
  Cover: 1
  MIR: 4
  Flow cover: 1

Explored 229752 nodes (1490498 simplex iterations) in 601.58 seconds (258.24 work units)
Thread count was 32 (of 32 available processors)

Solution count 10: 43881 45923 47452 ... 66377

Time limit reached
Best objective 4.388100000000e+04, best bound 2.081503168337e+04, gap 52.5648%

User-callback calls 481143, time in user-callback 55.03 sec
