
Gurobi 13.0.2 (win64) logging started Fri Jul 17 07:57:11 2026

Set parameter LogFile to value "logs/kstar_nI40_nJ20_nK50_nL5_tI4_tJ4_s2_m1_exact_s0_20260717-075711.gurobi.log"
Set parameter Seed to value 0
Set parameter TimeLimit to value 599.9860248
Set parameter MIPGap to value 0
Set parameter MIPGapAbs to value 0.5
Set parameter Cutoff to value 1e+100
Gurobi Optimizer version 13.0.2 build v13.0.2rc1 (win64 - Windows 11+.0 (26200.2))

CPU model: Intel(R) Core(TM) i9-14900HX, instruction set [SSE2|AVX|AVX2]
Thread count: 24 physical cores, 32 logical processors, using up to 32 threads

Non-default parameters:
TimeLimit  599.9860248
MIPGap  0
MIPGapAbs  0.5
PreCrush  1
LazyConstraints  1

Optimize a model with 10 rows, 65 columns and 300 nonzeros (Min)
Model fingerprint: 0xac260945
Model has 65 linear objective coefficients
Variable types: 5 continuous, 60 integer (60 binary)
Coefficient statistics:
  Matrix range     [1e+01, 7e+02]
  Objective range  [1e+00, 5e+02]
  Bounds range     [1e+00, 6e+03]
  RHS range        [6e+02, 7e+02]

Using branch priorities.
Presolve removed 8 rows and 0 columns
Presolve time: 0.00s
Presolved: 2 rows, 65 columns, 60 nonzeros
Variable types: 5 continuous, 60 integer (60 binary)

Root relaxation: objective 2.603337e+04, 3 iterations, 0.00 seconds (0.00 work units)

    Nodes    |    Current Node    |     Objective Bounds      |     Work
 Expl Unexpl |  Obj  Depth IntInf | Incumbent    BestBd   Gap | It/Node Time

     0     0 26033.3745    0    2          - 26033.3745      -     -    0s
H    0     0                    112664.00000 26033.3745  76.9%     -    0s
H    0     0                    106686.00000 26033.3745  75.6%     -    0s
H    0     0                    101947.00000 26033.3745  74.5%     -    0s
H    0     0                    95983.000000 26033.3745  72.9%     -    0s
H    0     0                    79384.000000 26033.3745  67.2%     -    0s
     0     0 26186.9364    0    7 79384.0000 26186.9364  67.0%     -    0s
     0     0 26259.1598    0    9 79384.0000 26259.1598  66.9%     -    0s
     0     0 26304.8969    0   13 79384.0000 26304.8969  66.9%     -    0s
     0     0 26308.5205    0   13 79384.0000 26308.5205  66.9%     -    0s
     0     2 26338.5290    0   14 79384.0000 26338.5290  66.8%     -    0s
H 3081  2631                    67982.000000 26515.5628  61.0%   3.0    1s
H 3081  2499                    66050.000000 26515.5628  59.9%   3.0    1s
H 3081  2374                    65967.000000 26515.5628  59.8%   3.0    1s
  4286  3275 27771.8159   25    7 65967.0000 26816.1959  59.3%   4.7    5s
 13343  9190 27669.9713   22   16 65967.0000 27076.3600  59.0%   4.4   10s
 21222 16044 28605.9114   33    4 65967.0000 27176.7801  58.8%   4.7   15s
 25599 19459 37229.3310   59    2 65967.0000 27177.6417  58.8%   4.7   20s
 28411 22073 28519.4779   36    6 65967.0000 27253.2482  58.7%   4.7   25s
 29745 23138 29086.7929   48    4 65967.0000 27292.8269  58.6%   4.8   31s
 32026 25641 29115.4801   47    8 65967.0000 27303.7919  58.6%   4.8   35s
 35812 29251 28047.5571   33   16 65967.0000 27338.0940  58.6%   4.8   41s
 39056 32017 28231.4443   26   16 65967.0000 27361.1357  58.5%   4.8   46s
 42548 35048 28713.1467   39   10 65967.0000 27380.4947  58.5%   4.8   50s
 46826 38383 28044.1581   27   17 65967.0000 27416.0678  58.4%   4.9   56s
 50336 41719 28676.6073   25   13 65967.0000 27423.5061  58.4%   4.9   60s
 54365 44998 28997.0928   40    3 65967.0000 27426.2497  58.4%   4.9   66s
 58700 49043 28039.3581   25   15 65967.0000 27455.8632  58.4%   5.0   71s
 62694 51042 33088.2063   59    2 65967.0000 27468.7859  58.4%   5.0   75s
 65560 53176 29000.4140   39   13 65967.0000 27486.5995  58.3%   5.0   87s
 65564 53179 29528.2770   49   29 65967.0000 27486.5995  58.3%   5.0   91s
H65564 50520                    64967.000000 27486.5995  57.7%   5.0   92s
H65568 47995                    59497.000000 27486.5995  53.8%   5.0   94s
 65569 47996 28793.9256   31   30 59497.0000 27486.5995  53.8%   5.0   95s
H65571 45597                    56478.000000 27486.5995  51.3%   5.0   97s
H65573 43319                    54922.000000 27486.5995  50.0%   5.0   99s
 65576 43321 28431.1848   31   30 54922.0000 27486.5995  50.0%   5.0  100s
 65610 43376 27486.5995   25   22 54922.0000 27486.5995  50.0%   5.1  105s
 66348 43875 28547.8993   31   22 54922.0000 27486.5995  50.0%   5.2  110s
 67445 44613 29693.7985   38    7 54922.0000 27529.9560  49.9%   5.3  115s
 69565 45903 36794.7728   62    2 54922.0000 27557.9011  49.8%   5.3  120s
 72188 47297 27923.7155   28   26 54922.0000 27607.9079  49.7%   5.4  125s
 73966 48206 27947.6775   30   20 54922.0000 27689.5968  49.6%   5.4  130s
 75411 49088 27895.0236   31   24 54922.0000 27689.5968  49.6%   5.5  136s
 76779 50027 29649.2181   60    6 54922.0000 27717.8285  49.5%   5.5  140s
 78419 50949 30849.1589   62    3 54922.0000 27721.1870  49.5%   5.6  145s
 79694 51500 28413.5601   38   14 54922.0000 27722.4845  49.5%   5.6  150s
 81269 52380 29577.9125   57    5 54922.0000 27770.4181  49.4%   5.6  155s
 83999 54167 28360.1881   31   17 54922.0000 27894.3411  49.2%   5.8  160s
 85567 54682 28990.2524   39   10 54922.0000 27897.3979  49.2%   5.8  165s
 87927 55787 28199.0701   34   20 54922.0000 27914.1188  49.2%   5.8  170s
 91678 58011 35159.4500   76    1 54922.0000 27928.4976  49.1%   5.9  177s
 93137 58712 29695.5110   51    8 54922.0000 27956.4477  49.1%   5.9  180s
 95906 60340 29422.9792   58    4 54922.0000 27975.5280  49.1%   6.0  185s
 97430 60825 29234.3822   44   10 54922.0000 27976.0699  49.1%   6.0  191s
 99518 62401 29415.9928   46    8 54922.0000 27976.2983  49.1%   6.1  197s
 101040 63024 29420.4598   47   10 54922.0000 27979.0194  49.1%   6.1  201s
 104245 64857 30589.7907   59    2 54922.0000 27992.0126  49.0%   6.1  208s
 105962 66058 28687.7003   32   21 54922.0000 28000.1061  49.0%   6.1  212s
 107919 66845 28768.6267   37   16 54922.0000 28007.6658  49.0%   6.2  216s
 110327 67759 29038.0425   41   14 54922.0000 28024.6299  49.0%   6.2  220s
 113561 70205 29673.4889   57    7 54922.0000 28039.5994  48.9%   6.2  227s
 115738 70806 29690.7554   51    4 54922.0000 28041.6050  48.9%   6.3  232s
 117152 71937 30483.6526   45    9 54922.0000 28042.7096  48.9%   6.3  237s
 119194 73481 28525.2299   33   17 54922.0000 28061.4596  48.9%   6.3  241s
 121731 74490 28370.1561   33   17 54922.0000 28069.9417  48.9%   6.3  246s
 123825 75799 29876.1925   57    2 54922.0000 28082.9677  48.9%   6.4  251s
 126235 76585 28298.4602   32   19 54922.0000 28090.7392  48.9%   6.4  256s
 128882 77892 28261.0241   34   28 54922.0000 28099.5431  48.8%   6.4  262s
 131204 78883 29245.1893   48    8 54922.0000 28101.1892  48.8%   6.4  268s
 133033 80425 28640.4465   39   27 54922.0000 28107.5624  48.8%   6.4  273s
 135670 82052 28616.0772   34   22 54922.0000 28114.8266  48.8%   6.5  278s
 138586 83094 29484.3093   42   14 54922.0000 28123.8564  48.8%   6.5  285s
 140840 84682 28495.5827   32   20 54922.0000 28131.5800  48.8%   6.5  291s
 143560 86127 28365.0366   35   19 54922.0000 28139.2671  48.8%   6.5  298s
 146425 87579 28452.3006   33   19 54922.0000 28139.7592  48.8%   6.6  305s
 149209 89222 29256.3312   42   15 54922.0000 28151.4304  48.7%   6.6  311s
 152287 90818 28781.2737   36   22 54922.0000 28162.3991  48.7%   6.6  318s
 155226 92108 28464.4971   39   24 54922.0000 28166.1022  48.7%   6.6  324s
 157693 91653 29112.1424   41   13 54922.0000 28178.5824  48.7%   6.7  328s
 157801 91872 28923.8049   40   14 54922.0000 28178.5824  48.7%   6.7  334s
 158150 93238 29066.7853   41   13 54922.0000 28178.5824  48.7%   6.7  341s
 160171 94677 30176.5334   55    4 54922.0000 28178.8348  48.7%   6.7  349s
 162599 95663 30285.5704   62    6 54922.0000 28182.2987  48.7%   6.7  356s
 165036 96750 28852.5498   38   22 54922.0000 28187.8895  48.7%   6.7  364s
 165923 96607 29189.1383   42   17 54922.0000 28187.8895  48.7%   6.7  365s
 167410 98184 28606.2328   33   24 54922.0000 28194.3503  48.7%   6.7  373s
 169807 99682 29803.2134   47   10 54922.0000 28201.3861  48.7%   6.7  380s
 172591 101179 29743.4308   53   10 54922.0000 28206.5400  48.6%   6.8  388s
 175395 102401 28863.7833   42   14 54922.0000 28212.6116  48.6%   6.8  397s
 177722 104032 29391.9583   43   10 54922.0000 28219.3670  48.6%   6.8  405s
 180785 105530 28781.0400   35   18 54922.0000 28222.9853  48.6%   6.8  413s
 183623 106854 28879.4820   34   19 54922.0000 28233.3222  48.6%   6.8  423s
 186199 106418 29031.6334   35   15 54922.0000 28236.5710  48.6%   6.8  430s
 186282 107340 29199.7468   36   16 54922.0000 28238.1934  48.6%   6.8  437s
 187537 108229 30038.0119   62    5 54922.0000 28238.6280  48.6%   6.8  445s
 189099 109302 29750.6382   50   14 54922.0000 28240.2748  48.6%   6.8  453s
 191102 110633 29039.3047   38   14 54922.0000 28243.3660  48.6%   6.8  461s
 193319 111746 30017.3359   46    6 54922.0000 28249.9191  48.6%   6.9  471s
 195656 112878 29312.2918   40   16 54922.0000 28252.5190  48.6%   6.9  481s
 197827 115045 29018.2507   36   17 54922.0000 28257.9362  48.5%   6.9  490s
 200459 117064 29913.6270   52   11 54922.0000 28264.0873  48.5%   6.9  499s
 203036 119179 28860.8817   33   22 54922.0000 28269.4807  48.5%   6.9  508s
 205834 121776 34664.0243   61    2 54922.0000 28273.6754  48.5%   6.9  518s
 208780 124176 29535.3500   41   15 54922.0000 28279.3847  48.5%   6.9  527s
 211521 126227 29213.6404   39   16 54922.0000 28285.3883  48.5%   6.9  535s
 213775 128089 42266.7575   69    1 54922.0000 28290.7005  48.5%   6.9  546s
 215894 130247 28854.2088   39   23 54922.0000 28294.8215  48.5%   7.0  555s
 218821 132124 35005.5491   53    4 54922.0000 28298.1713  48.5%   7.0  565s
 221623 134681 30493.5578   47    9 54922.0000 28304.9650  48.5%   7.0  575s
 224236 137027 30116.3427   48   12 54922.0000 28307.4833  48.5%   7.0  584s
 225724 137236 29349.4875   37   21 54922.0000 28308.7692  48.5%   7.0  585s
 226924 139586 29033.1338   35   23 54922.0000 28312.0373  48.5%   7.0  594s
 229804 139967 29301.3543   38   17 54922.0000 28316.8226  48.4%   7.0  595s
 229911 140918 29523.9317   44   13 54922.0000 28316.8226  48.4%   7.0  600s

Cutting planes:
  Gomory: 4
  MIR: 14
  Flow cover: 2

Explored 231238 nodes (1618763 simplex iterations) in 601.06 seconds (252.94 work units)
Thread count was 32 (of 32 available processors)

Solution count 10: 54922 56478 59497 ... 106686

Time limit reached
Best objective 5.492200000000e+04, best bound 2.831840641399e+04, gap 48.4389%

User-callback calls 481701, time in user-callback 28.19 sec
