
Gurobi 13.0.2 (win64) logging started Fri Jul 17 17:40:10 2026

Set parameter LogFile to value "logs/kstar_nI40_nJ40_nK100_nL5_tI5_tJ5_s5_m1_exact_s0_20260717-174009.gurobi.log"
Set parameter Seed to value 0
Set parameter TimeLimit to value 599.9645442
Set parameter MIPGap to value 0
Set parameter MIPGapAbs to value 0.5
Set parameter Cutoff to value 1e+100
Gurobi Optimizer version 13.0.2 build v13.0.2rc1 (win64 - Windows 11+.0 (26200.2))

CPU model: Intel(R) Core(TM) i9-14900HX, instruction set [SSE2|AVX|AVX2]
Thread count: 24 physical cores, 32 logical processors, using up to 32 threads

Non-default parameters:
TimeLimit  599.9645442
MIPGap  0
MIPGapAbs  0.5
PreCrush  1
LazyConstraints  1

Optimize a model with 10 rows, 85 columns and 400 nonzeros (Min)
Model fingerprint: 0xa88edebd
Model has 85 linear objective coefficients
Variable types: 5 continuous, 80 integer (80 binary)
Coefficient statistics:
  Matrix range     [6e+00, 1e+03]
  Objective range  [1e+00, 5e+02]
  Bounds range     [1e+00, 7e+03]
  RHS range        [1e+03, 1e+03]

Using branch priorities.
Presolve removed 8 rows and 0 columns
Presolve time: 0.00s
Presolved: 2 rows, 85 columns, 80 nonzeros
Variable types: 5 continuous, 80 integer (80 binary)

Root relaxation: objective 3.464940e+04, 4 iterations, 0.00 seconds (0.00 work units)

    Nodes    |    Current Node    |     Objective Bounds      |     Work
 Expl Unexpl |  Obj  Depth IntInf | Incumbent    BestBd   Gap | It/Node Time

     0     0 34649.4031    0    2          - 34649.4031      -     -    0s
H    0     0                    210269.00000 34649.4031  83.5%     -    0s
H    0     0                    203527.00000 34649.4031  83.0%     -    0s
H    0     0                    197674.00000 34649.4031  82.5%     -    0s
H    0     0                    187017.00000 34649.4031  81.5%     -    0s
H    0     0                    161515.00000 34649.4031  78.5%     -    0s
     0     0 34777.1413    0    4 161515.000 34777.1413  78.5%     -    0s
     0     0 34823.4759    0    9 161515.000 34823.4759  78.4%     -    0s
     0     0 34924.6212    0    9 161515.000 34924.6212  78.4%     -    0s
     0     0 34924.8038    0    9 161515.000 34924.8038  78.4%     -    0s
     0     2 34969.0527    0   14 161515.000 34969.0527  78.3%     -    0s
H 3549  3160                    131645.00000 35106.7146  73.3%   3.0    4s
  3550  3160 35549.7220   23   20 131645.000 35106.7146  73.3%   3.0    5s
H 3554  3005                    123814.00000 35151.5878  71.6%   3.0    6s
H 3561  2859                    123388.00000 35151.5878  71.5%   3.0    6s
H 3561  2716                    113145.00000 35151.5878  68.9%   3.0    6s
H 3562  2716                    107113.00000 35151.5878  67.2%   3.0    6s
  3831  2935 35419.6834   23   16 107113.000 35262.1915  67.1%   4.0   10s
  5484  4040 36712.5062   41    3 107113.000 35290.7736  67.1%   4.6   15s
  7748  5262 37014.2590   48    2 107113.000 35290.7736  67.1%   4.4   20s
 10487  6696 37873.1088   79    1 107113.000 35368.7367  67.0%   4.3   25s
 13847  9143 35824.3502   29   13 107113.000 35380.7650  67.0%   4.2   30s
 15548 10709 35843.3124   30   13 107113.000 35414.3968  66.9%   4.3   35s
 17376 12456 37021.5492   42    1 107113.000 35432.8027  66.9%   4.3   40s
 20516 15326 35741.0107   20   15 107113.000 35449.6524  66.9%   4.2   45s
 24337 18637 36322.0188   42    7 107113.000 35461.6888  66.9%   4.2   50s
 27201 20667 38284.6276   54    1 107113.000 35461.6888  66.9%   4.2   55s
 28137 22201 37015.7032   43    1 107113.000 35461.6888  66.9%   4.3   60s
 30470 24217 36617.9197   38    3 107113.000 35494.0575  66.9%   4.2   65s
 32987 26151 36564.0414   40    8 107113.000 35498.4489  66.9%   4.2   70s
 34875 28266 36276.3402   35    6 107113.000 35498.4489  66.9%   4.3   76s
 36719 29785 37848.9407   76    2 107113.000 35523.5118  66.8%   4.2   80s
 38498 30897 36940.9233   42    8 107113.000 35523.5118  66.8%   4.3   88s
 39466 31950 35901.4982   28   19 107113.000 35523.5118  66.8%   4.3   90s
 42188 34674 44282.0000   79    - 107113.000 35523.5118  66.8%   4.3   96s
 43897 36088 35783.2803   28   21 107113.000 35545.7786  66.8%   4.3  100s
 47143 38696 36555.2180   33    6 107113.000 35551.7127  66.8%   4.3  106s
 49295 40253 37196.0000   39    - 107113.000 35552.8713  66.8%   4.4  110s
 53182 44282 35982.4520   27   16 107113.000 35561.7198  66.8%   4.3  117s
 55496 46422 35835.3373   28   18 107113.000 35561.7198  66.8%   4.3  120s
 57997 48455 35867.6690   28   13 107113.000 35572.4458  66.8%   4.3  125s
 63339 51443 36333.4472   55    9 107113.000 35575.0569  66.8%   4.3  136s
 63343 51446 36065.4448   34   25 107113.000 35575.0569  66.8%   4.3  141s
 63347 51448 36605.3710   40   26 107113.000 35575.0569  66.8%   4.3  146s
H63348 48876                    103632.00000 35575.0569  65.7%   4.3  149s
 63351 48878 35865.3369   32   26 103632.000 35575.0569  65.7%   4.3  150s
 63355 48881 36421.4091   45   28 103632.000 35575.0569  65.7%   4.3  156s
 63419 48956 35575.0569   34   23 103632.000 35575.0569  65.7%   4.4  160s
 63582 49069 35863.2686   36   19 103632.000 35575.0569  65.7%   4.4  165s
 64042 49441 36082.3755   41   20 103632.000 35575.0569  65.7%   4.5  170s
 64510 49763 36367.4819   45   18 103632.000 35575.0569  65.7%   4.6  175s
 65088 50138 36935.6620   50    7 103632.000 35575.0569  65.7%   4.6  180s
 65896 50708 38120.1876   61    3 103632.000 35575.0569  65.7%   4.6  186s
 66833 51115 39590.0479   76    1 103632.000 35575.0569  65.7%   4.7  190s
 68013 51939 50389.7736   95    1 103632.000 35575.0569  65.7%   4.7  195s
 69120 52555 38042.2813   81    1 103632.000 35588.3900  65.7%   4.7  200s
 70384 53406 35802.3277   39   17 103632.000 35608.0872  65.6%   4.7  205s
 71839 54582 36529.6855   53    7 103632.000 35608.0872  65.6%   4.7  211s
 73873 55223 42122.0000   90    - 103632.000 35671.5384  65.6%   4.7  216s
 75665 56254 36732.6368   60    6 103632.000 35676.3617  65.6%   4.7  222s
 76543 56826 39809.9146   92    2 103632.000 35676.3617  65.6%   4.7  225s
 77853 56731 35991.8343   38   19 103632.000 35695.8249  65.6%   4.7  231s
 77899 57196 36014.9293   39   20 103632.000 35695.8249  65.6%   4.7  235s
 79903 58460 36970.3740   59    3 103632.000 35719.2101  65.5%   4.7  243s
 80718 59067 37001.0769   62    4 103632.000 35719.2101  65.5%   4.7  246s
 81823 59792 37115.0617   61    3 103632.000 35719.2101  65.5%   4.7  250s
 83131 60519 37538.4948   61    2 103632.000 35753.3921  65.5%   4.7  255s
 86101 62092 37372.7903   63    3 103632.000 35790.8718  65.5%   4.7  263s
 87416 62755 40345.3753   89    2 103632.000 35790.8718  65.5%   4.8  268s
 89345 62773 36103.4040   47   22 103632.000 35801.9375  65.5%   4.7  272s
 89528 63317 36125.7804   48   18 103632.000 35801.9375  65.5%   4.7  277s
 90515 64246 36143.4818   49   18 103632.000 35802.7303  65.5%   4.7  282s
 91935 64227 36223.9966   50   16 103632.000 35803.4345  65.5%   4.7  287s
 92289 65167 36278.2315   51   14 103632.000 35803.4345  65.5%   4.7  292s
 93643 66355 36311.4687   52   14 103632.000 35805.6308  65.4%   4.8  298s
 95596 67638 36322.3753   53   14 103632.000 35806.1306  65.4%   4.8  303s
 97873 68939 36640.8408   63   13 103632.000 35831.4268  65.4%   4.8  310s
 100135 70459 36960.5196   58    6 103632.000 35841.0500  65.4%   4.8  316s
 102706 71862 39191.7460   91    1 103632.000 35847.2582  65.4%   4.8  322s
 105296 72858 37580.0321   73    1 103632.000 35854.0566  65.4%   4.8  328s
 107397 73671 37526.1434   65    1 103632.000 35861.7963  65.4%   4.8  335s
 110043 75491 36369.9309   51   17 103632.000 35865.3354  65.4%   4.8  341s
 112985 75076 37011.9244   63    5 103632.000 35870.8309  65.4%   4.8  348s
 113088 76525 37033.2151   64    3 103632.000 35870.8309  65.4%   4.8  355s
 115029 77973 37063.3108   65    4 103632.000 35873.0353  65.4%   4.8  362s
 117439 79039 37182.0939   66    3 103632.000 35878.0701  65.4%   4.8  369s
 119505 80474 37190.9268   67    3 103632.000 35881.5972  65.4%   4.8  378s
 121856 82256 36434.6832   50   14 103632.000 35884.4933  65.4%   4.9  386s
 125149 83609 36200.7597   43   20 103632.000 35888.7250  65.4%   4.9  395s
 128124 85408 36485.0552   53   13 103632.000 35892.5177  65.4%   4.9  404s
 131097 87564 37050.6923   56    4 103632.000 35902.7235  65.4%   4.9  412s
 134734 89689 36259.7933   45   18 103632.000 35909.0740  65.3%   4.9  422s
 138769 92131 36885.4160   53    3 103632.000 35916.4788  65.3%   4.9  432s
 142919 94292 36658.8545   52    8 103632.000 35921.2324  65.3%   4.9  442s
 147000 93547 36247.3198   43   19 103632.000 35927.3933  65.3%   4.9  451s
 147157 95514 36373.9929   44   19 103632.000 35927.3933  65.3%   4.9  460s
 149750 95178 45798.0000   99    - 103632.000 35928.2065  65.3%   4.9  467s
 150064 96623 36212.3598   40   22 103632.000 35930.4316  65.3%   4.9  476s
 151972 98142 36031.2802   40   22 103632.000 35930.8990  65.3%   4.9  486s
 154495 100091 36990.5654   61    4 103632.000 35934.0847  65.3%   5.0  498s
 157841 101672 36401.7504   47   13 103632.000 35938.1821  65.3%   5.0  510s
 160716 103830 37686.6215   81    1 103632.000 35941.8123  65.3%   5.0  522s
 164391 104712 36906.6166   58    8 103632.000 35947.1511  65.3%   5.0  534s
 165177 104691 36786.1060   56   12 103632.000 35947.1711  65.3%   5.0  535s
 169165 106269 36362.2497   44   14 103632.000 35952.0611  65.3%   5.0  547s
 172427 108580 39526.3297   96    1 103632.000 35953.9151  65.3%   5.0  558s
 175937 108721 36860.5272   49    3 103632.000 35956.8476  65.3%   5.0  569s
 176632 108589 36200.8963   46   25 103632.000 35956.9968  65.3%   5.0  570s
 177101 110752 37214.2787   50    3 103632.000 35956.9968  65.3%   5.0  580s
 179976 112422 36297.0699   47   16 103632.000 35957.1427  65.3%   5.0  592s
 182889 113101 36382.9229   46   20 103632.000 35960.5770  65.3%   5.0  600s

Cutting planes:
  Gomory: 5
  Cover: 2
  MIR: 1
  StrongCG: 2

Explored 184548 nodes (921824 simplex iterations) in 602.18 seconds (229.52 work units)
Thread count was 32 (of 32 available processors)

Solution count 10: 103632 107113 123388 ... 210269

Time limit reached
Best objective 1.036320000000e+05, best bound 3.596367553107e+04, gap 65.2967%

User-callback calls 394364, time in user-callback 113.61 sec
