
Gurobi 13.0.2 (win64) logging started Fri Jul 17 12:08:22 2026

Set parameter LogFile to value "logs/kstar_nI40_nJ40_nK100_nL10_tI4_tJ4_s2_m1_exact_s0_20260717-120822.gurobi.log"
Set parameter Seed to value 0
Set parameter TimeLimit to value 599.932564
Set parameter MIPGap to value 0
Set parameter MIPGapAbs to value 0.5
Set parameter Cutoff to value 1e+100
Gurobi Optimizer version 13.0.2 build v13.0.2rc1 (win64 - Windows 11+.0 (26200.2))

CPU model: Intel(R) Core(TM) i9-14900HX, instruction set [SSE2|AVX|AVX2]
Thread count: 24 physical cores, 32 logical processors, using up to 32 threads

Non-default parameters:
TimeLimit  599.932564
MIPGap  0
MIPGapAbs  0.5
PreCrush  1
LazyConstraints  1

Optimize a model with 20 rows, 90 columns and 800 nonzeros (Min)
Model fingerprint: 0xd7c04ac4
Model has 90 linear objective coefficients
Variable types: 10 continuous, 80 integer (80 binary)
Coefficient statistics:
  Matrix range     [5e+00, 1e+03]
  Objective range  [1e+00, 5e+02]
  Bounds range     [1e+00, 7e+03]
  RHS range        [1e+03, 1e+03]

Using branch priorities.
Presolve removed 17 rows and 0 columns
Presolve time: 0.00s
Presolved: 3 rows, 90 columns, 120 nonzeros
Variable types: 10 continuous, 80 integer (80 binary)

Root relaxation: objective 6.809105e+04, 6 iterations, 0.00 seconds (0.00 work units)

    Nodes    |    Current Node    |     Objective Bounds      |     Work
 Expl Unexpl |  Obj  Depth IntInf | Incumbent    BestBd   Gap | It/Node Time

     0     0 68091.0480    0    4          - 68091.0480      -     -    0s
H    0     0                    457240.00000 68091.0480  85.1%     -    0s
H    0     0                    434443.00000 68091.0480  84.3%     -    0s
H    0     0                    402772.00000 68091.0480  83.1%     -    0s
H    0     0                    371146.00000 68091.0480  81.7%     -    0s
     0     0 68219.3286    0    6 371146.000 68219.3286  81.6%     -    0s
     0     0 68224.4894    0    6 371146.000 68224.4894  81.6%     -    0s
H    0     0                    353671.00000 68224.4894  80.7%     -    1s
     0     2 68357.7532    0    9 353671.000 68357.7532  80.7%     -    1s
  1637  1798 71108.5702   56    4 353671.000 68433.3412  80.7%   2.8    5s
  3623  3348 68758.7013    9    6 353671.000 68460.4097  80.6%   2.5   11s
H 3624  3181                    289113.00000 68460.4097  76.3%   2.5   11s
H 3626  3023                    227231.00000 68460.5684  69.9%   2.5   12s
H 3630  2874                    216785.00000 68471.5780  68.4%   2.5   13s
H 3640  2736                    186600.00000 68481.2773  63.3%   2.5   14s
H 3641  2739                    177616.00000 68482.8747  61.4%   2.5   14s
  3648  2751 68507.8861   18   17 177616.000 68507.8861  61.4%   2.6   15s
  4103  3135 68948.8702   26   11 177616.000 68580.9037  61.4%   3.7   20s
  4714  3562 69203.6139   30   11 177616.000 68580.9037  61.4%   4.1   25s
  5566  4073 69355.8045   39    7 177616.000 68603.2628  61.4%   4.1   30s
  7237  4930 70728.4641   63    3 177616.000 68645.1888  61.4%   3.9   35s
  8763  5947 68803.3730   24   14 177616.000 68648.2319  61.4%   3.9   40s
 10650  6785 73120.1124   85    1 177616.000 68656.0833  61.3%   3.8   45s
 12064  7728 68929.0065   30   14 177616.000 68685.9162  61.3%   3.8   50s
 13865  9339 69385.0647   36    7 177616.000 68767.7914  61.3%   3.8   55s
 15721 11029 69225.4699   33   11 177616.000 68792.2748  61.3%   3.8   60s
 16929 11789 71209.1354   78    2 177616.000 68792.2748  61.3%   3.8   65s
 17655 12583 69094.3418   29   16 177616.000 68826.2403  61.2%   3.9   70s
 19057 13717 69123.1927   22    9 177616.000 68843.3301  61.2%   3.9   76s
 20084 14679 70091.2983   68    3 177616.000 68849.1408  61.2%   3.9   80s
 21057 15409 69155.6178   31   14 177616.000 68849.1408  61.2%   3.8   86s
 22047 16245 69289.1718   29   17 177616.000 68849.1408  61.2%   3.8   91s
 22529 16562 69894.5373   42    4 177616.000 68849.1408  61.2%   3.9   95s
 23272 17283 69949.8318   44    6 177616.000 68849.1408  61.2%   3.9  100s
 24251 18294 70172.4554   46    5 177616.000 68851.9016  61.2%   3.9  105s
 25352 19346 70181.2784   48    4 177616.000 68869.9366  61.2%   3.9  112s
 26182 20191 69318.0779   27   19 177616.000 68869.9366  61.2%   3.9  115s
 28073 21193 70214.0000   50    - 177616.000 68869.9366  61.2%   3.9  120s
 29242 23301 69065.4652   23   10 177616.000 68892.8825  61.2%   3.9  127s
 30883 24777 69108.7757   26   18 177616.000 68896.0620  61.2%   3.9  133s
 32585 25538 70308.3531   70    1 177616.000 68896.0620  61.2%   3.9  138s
 34857 27378 69239.3781   32   20 177616.000 68905.8545  61.2%   3.8  143s
 36015 28848 70057.0501   62    6 177616.000 68907.6826  61.2%   3.8  147s
 38154 30981 69835.8426   46    5 177616.000 68932.7619  61.2%   3.8  152s
 40406 32768 69388.1606   36   11 177616.000 68936.5571  61.2%   3.9  159s
 42378 34562 69338.5303   30   14 177616.000 68946.4085  61.2%   3.9  164s
 42937 34631 69701.3980   37   11 177616.000 68946.4085  61.2%   3.9  165s
 45533 36379 69560.3284   32   15 177616.000 68955.6434  61.2%   3.9  170s
 46306 37337 69193.9430   29   15 177616.000 68956.7753  61.2%   3.9  175s
 47936 38917 69829.4388   38    5 177616.000 68956.7753  61.2%   4.0  180s
 50246 41079 71913.2294   75    1 177616.000 68963.9145  61.2%   3.9  187s
 52704 41697 69622.4220   43    8 177616.000 68970.3776  61.2%   3.9  194s
 52733 41697 69225.2976   27   18 177616.000 68970.3776  61.2%   3.9  195s
 52945 42169 69751.5273   44    6 177616.000 68970.3776  61.2%   3.9  200s
 53647 42713 69771.3251   45    5 177616.000 68970.3776  61.2%   3.9  205s
 54318 43461 69811.9734   46    4 177616.000 68972.1775  61.2%   3.9  211s
 55147 44467 69864.0866   47    3 177616.000 68973.1059  61.2%   3.9  217s
 56361 45550 69886.6827   48    4 177616.000 68976.8653  61.2%   3.9  225s
 57586 46757 69902.1244   49    5 177616.000 68980.7213  61.2%   3.9  232s
 59100 48258 69909.1094   50    4 177616.000 68980.9634  61.2%   3.9  241s
 60785 49566 69806.5799   38    8 177616.000 68983.2873  61.2%   3.9  251s
 62167 51621 69229.7224   24   16 177616.000 68983.2873  61.2%   4.0  259s
 62472 51668 69383.6244   30   17 177616.000 68983.2873  61.2%   4.0  260s
 64744 53529 69566.5505   35    9 177616.000 68983.2873  61.2%   4.0  269s
 66803 55282 69574.5709   33    9 177616.000 69000.7348  61.2%   4.0  278s
 69669 58163 69386.1774   31   16 177616.000 69000.7348  61.2%   4.0  288s
 72613 61095 69762.9116   37    5 177616.000 69013.7039  61.1%   4.0  298s
 75323 61451 70178.2441   70    3 177616.000 69015.6265  61.1%   4.0  301s
 76065 63100 69752.7342   35    5 177616.000 69021.1204  61.1%   4.0  310s
 78687 65826 69643.7996   37   15 177616.000 69021.1204  61.1%   4.0  322s
 82042 69392 69384.9482   26   17 177616.000 69033.0978  61.1%   4.0  333s
 85874 72194 69624.0841   35   14 177616.000 69039.0168  61.1%   4.0  344s
 88922 72529 70320.9828   60    6 177616.000 69043.7096  61.1%   4.1  367s
 88924 72530 69263.0155   34   29 177616.000 69043.7096  61.1%   4.1  372s
 88925 72531 69357.1125   29   29 177616.000 69043.7096  61.1%   4.1  378s
 88926 72532 69892.5657   44   27 177616.000 69043.7096  61.1%   4.1  383s
 88930 72534 69541.5020   32   27 177616.000 69043.7096  61.1%   4.1  386s
H88930 68907                    169284.00000 69043.7096  59.2%   4.1  391s
 88933 68909 71335.2874   71   29 169284.000 69043.7096  59.2%   4.0  395s
 88934 68910 72289.9679   79   29 169284.000 69043.7096  59.2%   4.0  400s
 88937 68912 70522.0000   66   29 169284.000 69043.7096  59.2%   4.0  408s
 88940 68914 70368.0000   70   30 169284.000 69043.7096  59.2%   4.0  412s
 88941 68915 69991.1964   53   30 169284.000 69043.7096  59.2%   4.0  417s
 88943 68916 70108.9824   46   30 169284.000 69043.7096  59.2%   4.0  421s
H88943 65469                    163862.00000 69043.7096  57.9%   4.0  426s
 88946 65471 71748.0000   94   29 163862.000 69043.7096  57.9%   4.0  434s
 88947 65472 70666.0000   78   29 163862.000 69043.7096  57.9%   4.0  438s
 88948 65472 71546.6474   59   30 163862.000 69043.7096  57.9%   4.0  443s
 88949 65473 70661.0000   71   29 163862.000 69043.7096  57.9%   4.0  446s
 88950 65474 70426.0000   88   30 163862.000 69043.7096  57.9%   4.0  450s
 88952 65475 70416.9839   69   30 163862.000 69043.7096  57.9%   4.0  455s
 88964 65487 69043.7096   29   26 163862.000 69043.7096  57.9%   4.1  460s
 89015 65550 69043.7096   32   23 163862.000 69043.7096  57.9%   4.1  466s
 89157 65645 69165.1714   34   26 163862.000 69043.7096  57.9%   4.1  472s
 89189 65681 69213.5747   34   24 163862.000 69043.7096  57.9%   4.1  476s
 89342 65779 69494.9640   38   17 163862.000 69043.7096  57.9%   4.2  480s
 89617 66003 69399.6273   37   21 163862.000 69043.7096  57.9%   4.2  487s
 89818 66127 69517.9208   38   16 163862.000 69043.7096  57.9%   4.2  491s
 90026 66247 69587.3620   39   20 163862.000 69043.7096  57.9%   4.2  495s
 90285 66458 69687.9042   41   17 163862.000 69043.7096  57.9%   4.2  500s
 90539 66637 69809.9266   43    9 163862.000 69043.7096  57.9%   4.2  506s
 90904 66820 70259.5459   45    8 163862.000 69043.7096  57.9%   4.2  511s
 91291 67043 70251.1425   48    9 163862.000 69043.7096  57.9%   4.2  517s
 91465 67146 70382.0349   49    8 163862.000 69043.7096  57.9%   4.3  520s
 91865 67464 70397.0787   51    7 163862.000 69043.7096  57.9%   4.3  525s
 92407 67810 70530.0537   56    3 163862.000 69043.7096  57.9%   4.3  530s
 93046 68142 70742.4141   62    4 163862.000 69043.7096  57.9%   4.3  535s
 93654 68434 70777.4790   70    3 163862.000 69043.7096  57.9%   4.3  541s
 94265 68883 73150.5064   79    1 163862.000 69043.7096  57.9%   4.3  548s
 94714 68809 73394.8811   87    1 163862.000 69043.7096  57.9%   4.3  552s
 94765 68979 73213.3958   88    1 163862.000 69043.7096  57.9%   4.3  557s
 94966 69287 74578.0147   93    1 163862.000 69043.7096  57.9%   4.3  563s
 95436 69654 70920.6669   52    2 163862.000 69102.0857  57.8%   4.3  568s
 96026 69548 72957.7872   86    1 163862.000 69102.0857  57.8%   4.3  574s
 96064 69776 72985.3761   87    1 163862.000 69115.3676  57.8%   4.3  580s
 96435 70162 69289.0011   37   20 163862.000 69115.3676  57.8%   4.3  587s
 96999 70437 69694.5306   49   14 163862.000 69131.1941  57.8%   4.3  593s
 97487 70349 69631.6060   48   15 163862.000 69131.1941  57.8%   4.3  595s
 97908 70870 69595.9546   44   13 163862.000 69131.1941  57.8%   4.3  600s

Cutting planes:
  Gomory: 5
  MIR: 8
  StrongCG: 1
  Flow cover: 1

Explored 98402 nodes (428299 simplex iterations) in 602.08 seconds (240.06 work units)
Thread count was 32 (of 32 available processors)

Solution count 10: 163862 169284 177616 ... 434443

Time limit reached
Best objective 1.638620000000e+05, best bound 6.913119405559e+04, gap 57.8113%

User-callback calls 255412, time in user-callback 159.76 sec
