
Gurobi 13.0.2 (win64) logging started Sat Jul 11 03:24:22 2026

Set parameter LogFile to value "logs/kstar_nI20_nJ20_nK100_nL5_tI4_tJ4_s5_m0_exact_s0_20260711-032422.gurobi.log"
Set parameter Seed to value 0
Set parameter TimeLimit to value 599.984894
Set parameter NodefileStart to value 4
Set parameter MIPGap to value 0
Set parameter MIPGapAbs to value 0.9999
Set parameter Cutoff to value 1e+100
Gurobi Optimizer version 13.0.2 build v13.0.2rc1 (win64 - Windows 11+.0 (26200.2))

CPU model: Intel(R) Core(TM) i9-14900HX, instruction set [SSE2|AVX|AVX2]
Thread count: 24 physical cores, 32 logical processors, using up to 32 threads

Non-default parameters:
TimeLimit  599.984894
MIPGap  0
MIPGapAbs  0.9999
NodefileStart  4

Optimize a model with 800 rows, 12040 columns and 34200 nonzeros (Min)
Model fingerprint: 0xb8db12ea
Model has 12040 linear objective coefficients
Variable types: 12000 continuous, 40 integer (40 binary)
Coefficient statistics:
  Matrix range     [1e+00, 1e+03]
  Objective range  [1e+00, 5e+02]
  Bounds range     [1e+00, 1e+00]
  RHS range        [5e+00, 2e+01]

Using branch priorities.
Found heuristic solution: objective 627842.00000
Presolve time: 0.02s
Presolved: 800 rows, 12040 columns, 34200 nonzeros
Variable types: 12000 continuous, 40 integer (40 binary)

Root relaxation: objective 6.153829e+04, 752 iterations, 0.01 seconds (0.01 work units)

    Nodes    |    Current Node    |     Objective Bounds      |     Work
 Expl Unexpl |  Obj  Depth IntInf | Incumbent    BestBd   Gap | It/Node Time

     0     0 61538.2891    0   39 627842.000 61538.2891  90.2%     -    0s
H    0     0                    69498.716535 61538.2891  11.5%     -    0s
H    0     0                    69489.192108 61538.2891  11.4%     -    0s
H    0     0                    69380.395890 61538.2891  11.3%     -    0s
     0     0 67013.1040    0   14 69380.3959 67013.1040  3.41%     -    0s
H    0     0                    69301.584726 67046.5699  3.25%     -    0s
H    0     0                    69243.440225 67046.5699  3.17%     -    0s
H    0     0                    69121.023916 67046.5699  3.00%     -    0s
     0     0 68153.7238    0    9 69121.0239 68153.7238  1.40%     -    0s
     0     0 68328.3153    0    8 69121.0239 68328.3153  1.15%     -    0s
     0     0 68329.6116    0    8 69121.0239 68329.6116  1.14%     -    0s
     0     0 68440.7559    0    4 69121.0239 68440.7559  0.98%     -    0s
     0     0 68515.3333    0    3 69121.0239 68515.3333  0.88%     -    0s
     0     0 68518.4623    0    3 69121.0239 68518.4623  0.87%     -    0s
H    0     0                    69034.072327 68518.4623  0.75%     -    0s
H    0     0                    68978.487782 68557.6036  0.61%     -    0s
H    0     0                    68586.000000 68557.6036  0.04%     -    0s
     0     0 68565.1233    0    3 68586.0000 68565.1233  0.03%     -    0s
*    0     0               0    68575.000000 68575.0000  0.00%     -    0s

Cutting planes:
  Implied bound: 421
  MIR: 29
  Flow cover: 100
  Relax-and-lift: 4

Explored 1 nodes (1124 simplex iterations) in 0.21 seconds (0.22 work units)
Thread count was 32 (of 32 available processors)

Solution count 6: 68575 68586 68978.5 ... 69301.6

Optimal solution found (tolerance 0.00e+00)
Best objective 6.857500000000e+04, best bound 6.857500000000e+04, gap 0.0000%
