
Gurobi 13.0.2 (win64) logging started Thu Jul 16 05:19:45 2026

Set parameter LogFile to value "logs/kstar_nI20_nJ40_nK100_nL5_tI2_tJ2_s3_m1_exact_s0_20260716-051945.gurobi.log"
Set parameter Seed to value 0
Set parameter TimeLimit to value 599.9683376
Set parameter MIPGap to value 0
Set parameter MIPGapAbs to value 0.5
Set parameter Cutoff to value 1e+100
Gurobi Optimizer version 13.0.2 build v13.0.2rc1 (win64 - Windows 11+.0 (26200.2))

CPU model: Intel(R) Core(TM) i9-14900HX, instruction set [SSE2|AVX|AVX2]
Thread count: 24 physical cores, 32 logical processors, using up to 32 threads

Non-default parameters:
TimeLimit  599.9683376
MIPGap  0
MIPGapAbs  0.5
PreCrush  1
LazyConstraints  1

Optimize a model with 10 rows, 65 columns and 300 nonzeros (Min)
Model fingerprint: 0x8ec9cc47
Model has 65 linear objective coefficients
Variable types: 5 continuous, 60 integer (60 binary)
Coefficient statistics:
  Matrix range     [1e+00, 1e+03]
  Objective range  [1e+00, 5e+02]
  Bounds range     [1e+00, 9e+03]
  RHS range        [1e+03, 1e+03]

Using branch priorities.
Presolve removed 6 rows and 0 columns
Presolve time: 0.00s
Presolved: 4 rows, 65 columns, 120 nonzeros
Variable types: 5 continuous, 60 integer (60 binary)

Root relaxation: objective 4.045126e+04, 10 iterations, 0.00 seconds (0.00 work units)

    Nodes    |    Current Node    |     Objective Bounds      |     Work
 Expl Unexpl |  Obj  Depth IntInf | Incumbent    BestBd   Gap | It/Node Time

     0     0 40451.2605    0    2          - 40451.2605      -     -    0s
H    0     0                    368510.00000 40451.2605  89.0%     -    0s
H    0     0                    353644.00000 40451.2605  88.6%     -    0s
H    0     0                    305091.00000 40451.2605  86.7%     -    0s
H    0     0                    249430.00000 40451.2605  83.8%     -    0s
     0     0 40482.0799    0    4 249430.000 40482.0799  83.8%     -    0s
     0     0 40510.5844    0    8 249430.000 40510.5844  83.8%     -    0s
     0     0 40543.8839    0   12 249430.000 40543.8839  83.7%     -    0s
     0     0 40551.1574    0   12 249430.000 40551.1574  83.7%     -    0s
H    0     0                    197761.00000 40551.1574  79.5%     -    0s
     0     2 40569.8126    0   12 197761.000 40569.8126  79.5%     -    0s
  3825  3281 41223.3369   35   12 197761.000 40634.0791  79.5%   2.6    5s
H 3836  3123                    173736.00000 40634.0791  76.6%   2.6    7s
H 3844  2972                    171676.00000 40634.0791  76.3%   2.6    7s
H 3844  2823                    171672.00000 40634.0791  76.3%   2.6    7s
H 3845  2823                    159027.00000 40634.0791  74.4%   2.6    7s
  3881  2880 40663.6244   19   11 159027.000 40637.0701  74.4%   2.9   10s
  4791  3460 40893.8787   31   12 159027.000 40659.0401  74.4%   4.5   15s
  5756  4133 41131.8115   40    6 159027.000 40675.5929  74.4%   5.0   20s
  8052  5275 41596.3729   48    3 159027.000 40690.4215  74.4%   4.7   25s
 10708  6475 80829.0000   73    - 159027.000 40737.6665  74.4%   4.7   30s
 11906  7138 41342.4316   28    3 159027.000 40740.5680  74.4%   4.7   35s
 13509  8215 40896.7412   37   16 159027.000 40746.9137  74.4%   4.7   40s
 14790  9500 41078.7330   42   10 159027.000 40748.8923  74.4%   4.7   46s
 16189 10692 41216.5033   45    6 159027.000 40748.8923  74.4%   4.7   50s
 17626 11791 41734.5250   41    2 159027.000 40755.1922  74.4%   4.7   55s
 19492 13429 41501.0000   33    - 159027.000 40762.0828  74.4%   4.7   60s
 22278 15965 40794.2784   28   18 159027.000 40782.8973  74.4%   4.8   66s
 24933 17597 61120.4097   73    1 159027.000 40788.3856  74.4%   4.8   71s
 25579 18481 40949.1448   29   12 159027.000 40788.3856  74.4%   4.8   75s
 27162 19654 41340.4809   43    8 159027.000 40802.5361  74.3%   4.8   80s
 28943 21308 41362.5415   40   13 159027.000 40810.9032  74.3%   4.8   85s
 31641 23236 42086.9130   61    1 159027.000 40810.9032  74.3%   4.7   92s
 33025 24530 41172.8177   34    8 159027.000 40817.4474  74.3%   4.6   95s
 35792 26568 41122.8014   44   10 159027.000 40820.7120  74.3%   4.6  102s
 36733 27690 41470.3139   38    5 159027.000 40820.7120  74.3%   4.7  105s
 39622 30382 41249.2217   37   13 159027.000 40829.7028  74.3%   4.7  112s
 41497 31817 40997.4812   27   17 159027.000 40834.3559  74.3%   4.7  117s
 43248 33449 41128.9376   31    9 159027.000 40839.6739  74.3%   4.7  121s
 45367 34647 42155.6539   71    1 159027.000 40842.6142  74.3%   4.6  125s
 48535 37683 41011.6039   23   11 159027.000 40849.4008  74.3%   4.7  134s
 50601 38893 41041.6902   36   18 159027.000 40852.3730  74.3%   4.6  139s
 51869 40173 41237.6030   30   12 159027.000 40852.3730  74.3%   4.7  143s
 53700 40555 42527.3393   61   12 159027.000 40858.7360  74.3%   4.7  160s
 53704 40558 53557.0000   70   24 159027.000 40858.7360  74.3%   4.7  165s
 53708 40560 42140.0000   64   25 159027.000 40858.7360  74.3%   4.7  170s
 53715 40565 42224.0000   51   25 159027.000 40858.7360  74.3%   4.7  176s
H53715 38536                    154774.00000 40858.7360  73.6%   4.7  178s
H53715 36609                    141252.00000 40858.7360  71.1%   4.7  178s
 53720 36612 41388.8581   45   27 141252.000 40858.7360  71.1%   4.7  182s
 53724 36615 42060.0000   59   25 141252.000 40858.7360  71.1%   4.7  186s
 53730 36619 43899.0116   71   25 141252.000 40858.7360  71.1%   4.7  190s
 53735 36622 42284.0000   56   27 141252.000 40858.7360  71.1%   4.7  195s
 53740 36629 40858.7360   26   24 141252.000 40858.7360  71.1%   4.7  200s
 53802 36700 40858.7360   31   24 141252.000 40858.7360  71.1%   4.7  205s
 54018 36853 40858.7360   34   23 141252.000 40858.7360  71.1%   4.8  211s
 54304 37118 41049.4412   36   12 141252.000 40858.7360  71.1%   4.9  215s
 54564 37275 40965.2678   38   17 141252.000 40858.7360  71.1%   4.9  220s
 54818 37451 40930.7823   40   18 141252.000 40858.7360  71.1%   5.0  225s
 55311 37717 40878.2547   42   24 141252.000 40858.7360  71.1%   5.0  230s
 56022 38161 41342.7964   46   12 141252.000 40858.7360  71.1%   5.1  235s
 56546 38343 41461.3383   49   11 141252.000 40858.7360  71.1%   5.1  240s
 57185 38765 41703.1496   54    3 141252.000 40858.7360  71.1%   5.1  246s
 57811 39133 42078.7513   62    3 141252.000 40858.7360  71.1%   5.1  250s
 58785 39660 43928.9059   81    1 141252.000 40858.7360  71.1%   5.2  255s
 60006 40121 41223.8816   40   16 141252.000 40858.7360  71.1%   5.2  260s
 61063 40688 42615.0000   73    1 141252.000 40858.7360  71.1%   5.2  266s
 61701 41095 41222.7842   42   18 141252.000 40858.7360  71.1%   5.2  272s
 62336 41404 42025.7888   64    2 141252.000 40858.7360  71.1%   5.2  275s
 63571 42084 41743.6589   59    5 141252.000 40858.7360  71.1%   5.2  281s
 64419 42395 42359.4197   68    5 141252.000 40858.7360  71.1%   5.2  285s
 65923 43274 41034.7222   47   15 141252.000 40858.7360  71.1%   5.2  291s
 66752 43627 42601.1125   77    3 141252.000 40858.7360  71.1%   5.2  295s
 67558 44106 41395.7657   42   14 141252.000 40858.7360  71.1%   5.2  303s
 68360 44002 47421.0000   81    - 141252.000 40858.7360  71.1%   5.2  307s
 68451 44502 42024.4035   57    5 141252.000 40858.7360  71.1%   5.2  311s
 69304 44944 40978.2311   45   19 141252.000 40858.7360  71.1%   5.2  315s
 70387 45483 41700.6948   52    6 141252.000 40858.7360  71.1%   5.2  320s
 72349 45781 41240.0981   43   13 141252.000 40858.7360  71.1%   5.2  325s
 73640 47110 41271.8238   45   15 141252.000 40858.7360  71.1%   5.2  332s
 74716 47538 41139.2318   45   17 141252.000 40858.7360  71.1%   5.2  337s
 75664 48045 41363.0690   54    9 141252.000 40858.7360  71.1%   5.3  342s
 76947 47963 42542.2912   76    1 141252.000 40875.1901  71.1%   5.3  348s
 76979 48693 42535.9772   76    2 141252.000 40875.7239  71.1%   5.3  353s
 78370 49191 42154.3251   57    1 141252.000 40875.7239  71.1%   5.3  358s
 79568 49690 41664.7924   53    8 141252.000 40878.2305  71.1%   5.3  364s
 80429 49642 41018.9078   43   21 141252.000 40878.2305  71.1%   5.3  365s
 80933 49690 43084.3832   72    2 141252.000 40878.2305  71.1%   5.3  372s
 81081 50328 43204.3837   74    1 141252.000 40878.2305  71.1%   5.3  378s
 82495 51186 42136.6964   61    2 141252.000 40897.8446  71.0%   5.3  384s
 84034 50968 41511.9897   45    6 141252.000 40906.6810  71.0%   5.3  385s
 84035 51170 41501.4215   45   10 141252.000 40906.6810  71.0%   5.3  390s
 84336 52132 41558.7244   46    8 141252.000 40906.6810  71.0%   5.3  396s
 85783 52976 42215.2294   59    2 141252.000 40912.2636  71.0%   5.3  403s
 87360 53707 41423.3173   50   13 141252.000 40920.1046  71.0%   5.3  410s
 88993 54626 42473.6749   61    2 141252.000 40924.6674  71.0%   5.3  417s
 90688 55262 41269.0479   49   14 141252.000 40929.1079  71.0%   5.3  425s
 92039 56055 40976.1588   46   18 141252.000 40929.1079  71.0%   5.3  432s
 93664 57080 41012.6700   37   19 141252.000 40932.1339  71.0%   5.3  440s
 95437 56947 41272.8814   51   14 141252.000 40937.9766  71.0%   5.3  448s
 96166 58099 41273.1718   52   12 141252.000 40938.0882  71.0%   5.3  457s
 98172 59035 42439.2151   69    3 141252.000 40938.5040  71.0%   5.3  466s
 100227 59981 40964.2312   45   18 141252.000 40938.5040  71.0%   5.3  475s
 102360 61145 41706.3837   56    6 141252.000 40947.0290  71.0%   5.3  484s
 102565 61118 42816.8265   63    1 141252.000 40947.0290  71.0%   5.3  485s
 104725 62201 41185.9825   40   13 141252.000 40949.8946  71.0%   5.3  494s
 105099 62131 41290.9365   43   12 141252.000 40949.8946  71.0%   5.3  495s
 106782 61924 42105.3369   77    1 141252.000 40953.9033  71.0%   5.3  505s
 106853 63215 42743.7548   78    1 141252.000 40953.9033  71.0%   5.3  514s
 107922 63044 41140.3184   51   14 141252.000 40954.4539  71.0%   5.3  515s
 108798 63096 42022.1594   70    2 141252.000 40956.4454  71.0%   5.4  528s
 109330 63115 42048.4726   71    2 141252.000 40956.4454  71.0%   5.3  539s
 109376 63782 42090.0488   71    1 141252.000 40956.4454  71.0%   5.4  552s
 112050 65125 41116.3067   43   15 141252.000 40958.8582  71.0%   5.3  565s
 114540 65719 41404.9668   52    8 141252.000 40964.3233  71.0%   5.3  580s
 116913 67162 42282.9109   62    1 141252.000 40967.3193  71.0%   5.3  594s
 118009 67079 41239.2807   40   13 141252.000 40967.3193  71.0%   5.3  596s
 119809 66959 41155.6352   40   15 141252.000 40969.9035  71.0%   5.3  600s

Cutting planes:
  MIR: 8
  StrongCG: 1
  Flow cover: 2

Explored 119859 nodes (632937 simplex iterations) in 601.74 seconds (277.92 work units)
Thread count was 32 (of 32 available processors)

Solution count 10: 141252 154774 159027 ... 368510

Time limit reached
Best objective 1.412520000000e+05, best bound 4.096998775905e+04, gap 70.9951%

User-callback calls 286015, time in user-callback 144.20 sec
