
Gurobi 13.0.2 (win64) logging started Wed Jul 15 20:48:26 2026

Set parameter LogFile to value "logs/kstar_nI20_nJ40_nK50_nL10_tI5_tJ5_s5_m0_exact_s0_20260715-204826.gurobi.log"
Set parameter Seed to value 0
Set parameter TimeLimit to value 599.9652962
Set parameter NodefileStart to value 4
Set parameter MIPGap to value 0
Set parameter MIPGapAbs to value 0.9999
Set parameter Cutoff to value 1e+100
Gurobi Optimizer version 13.0.2 build v13.0.2rc1 (win64 - Windows 11+.0 (26200.2))

CPU model: Intel(R) Core(TM) i9-14900HX, instruction set [SSE2|AVX|AVX2]
Thread count: 24 physical cores, 32 logical processors, using up to 32 threads

Non-default parameters:
TimeLimit  599.9652962
MIPGap  0
MIPGapAbs  0.9999
NodefileStart  4

Optimize a model with 1500 rows, 28060 columns and 76600 nonzeros (Min)
Model fingerprint: 0x5b83ca59
Model has 28060 linear objective coefficients
Variable types: 28000 continuous, 60 integer (60 binary)
Coefficient statistics:
  Matrix range     [1e+00, 7e+02]
  Objective range  [1e+00, 5e+02]
  Bounds range     [1e+00, 1e+00]
  RHS range        [5e+00, 2e+01]

Using branch priorities.
Found heuristic solution: objective 633547.00000
Presolve time: 0.05s
Presolved: 1500 rows, 28060 columns, 76600 nonzeros
Variable types: 28000 continuous, 60 integer (60 binary)

Root relaxation: objective 4.432408e+04, 1398 iterations, 0.01 seconds (0.02 work units)

    Nodes    |    Current Node    |     Objective Bounds      |     Work
 Expl Unexpl |  Obj  Depth IntInf | Incumbent    BestBd   Gap | It/Node Time

     0     0 44324.0846    0   59 633547.000 44324.0846  93.0%     -    0s
H    0     0                    56601.914822 44324.0846  21.7%     -    0s
H    0     0                    56481.443556 44324.0846  21.5%     -    0s
H    0     0                    56404.125096 44324.0846  21.4%     -    0s
H    0     0                    56369.699328 54253.0756  3.75%     -    0s
     0     0 54253.0756    0   14 56369.6993 54253.0756  3.75%     -    0s
H    0     0                    55417.000000 54279.6218  2.05%     -    0s
     0     0 54279.6218    0   14 55417.0000 54279.6218  2.05%     -    0s
     0     0 54735.3456    0    7 55417.0000 54735.3456  1.23%     -    0s
H    0     0                    55120.000000 54738.8911  0.69%     -    0s
     0     0 54744.0347    0    5 55120.0000 54744.0347  0.68%     -    0s
*    0     0               0    54772.000000 54772.0000  0.00%     -    0s

Cutting planes:
  Implied bound: 422
  MIR: 16
  Flow cover: 215
  Relax-and-lift: 18

Explored 1 nodes (2389 simplex iterations) in 0.39 seconds (0.41 work units)
Thread count was 32 (of 32 available processors)

Solution count 4: 54772 55120 55417 56369.7 

Optimal solution found (tolerance 0.00e+00)
Best objective 5.477200000000e+04, best bound 5.477200000000e+04, gap 0.0000%
