
Gurobi 13.0.2 (win64) logging started Fri Jul 17 04:36:12 2026

Set parameter LogFile to value "logs/kstar_nI40_nJ20_nK50_nL10_tI5_tJ5_s2_m1_exact_s0_20260717-043612.gurobi.log"
Set parameter Seed to value 0
Set parameter TimeLimit to value 599.9746323
Set parameter MIPGap to value 0
Set parameter MIPGapAbs to value 0.5
Set parameter Cutoff to value 1e+100
Gurobi Optimizer version 13.0.2 build v13.0.2rc1 (win64 - Windows 11+.0 (26200.2))

CPU model: Intel(R) Core(TM) i9-14900HX, instruction set [SSE2|AVX|AVX2]
Thread count: 24 physical cores, 32 logical processors, using up to 32 threads

Non-default parameters:
TimeLimit  599.9746323
MIPGap  0
MIPGapAbs  0.5
PreCrush  1
LazyConstraints  1

Optimize a model with 20 rows, 70 columns and 600 nonzeros (Min)
Model fingerprint: 0xd99b3dfd
Model has 70 linear objective coefficients
Variable types: 10 continuous, 60 integer (60 binary)
Coefficient statistics:
  Matrix range     [4e+00, 7e+02]
  Objective range  [1e+00, 5e+02]
  Bounds range     [1e+00, 6e+03]
  RHS range        [6e+02, 7e+02]

Using branch priorities.
Presolve removed 18 rows and 0 columns
Presolve time: 0.00s
Presolved: 2 rows, 70 columns, 60 nonzeros
Variable types: 10 continuous, 60 integer (60 binary)

Root relaxation: objective 4.819062e+04, 6 iterations, 0.00 seconds (0.00 work units)

    Nodes    |    Current Node    |     Objective Bounds      |     Work
 Expl Unexpl |  Obj  Depth IntInf | Incumbent    BestBd   Gap | It/Node Time

     0     0 48190.6161    0    3          - 48190.6161      -     -    0s
H    0     0                    191935.00000 48190.6161  74.9%     -    0s
H    0     0                    167895.00000 48190.6161  71.3%     -    0s
H    0     0                    157569.00000 48190.6161  69.4%     -    0s
     0     0 48480.2359    0    7 157569.000 48480.2359  69.2%     -    0s
     0     0 48661.9548    0    6 157569.000 48661.9548  69.1%     -    0s
H    0     0                    155768.00000 48661.9548  68.8%     -    0s
     0     0 48715.9761    0   10 155768.000 48715.9761  68.7%     -    0s
     0     0 48767.8449    0   14 155768.000 48767.8449  68.7%     -    0s
     0     0 48799.1937    0   16 155768.000 48799.1937  68.7%     -    0s
     0     0 48836.1555    0   16 155768.000 48836.1555  68.6%     -    0s
     0     0 48860.9244    0   15 155768.000 48860.9244  68.6%     -    0s
     0     0 48892.6843    0   15 155768.000 48892.6843  68.6%     -    0s
     0     0 48906.1356    0   17 155768.000 48906.1356  68.6%     -    0s
     0     0 48907.3210    0   16 155768.000 48907.3210  68.6%     -    0s
     0     0 48907.3762    0   17 155768.000 48907.3762  68.6%     -    0s
     0     0 48910.9528    0   18 155768.000 48910.9528  68.6%     -    0s
H    0     0                    141722.00000 48913.4674  65.5%     -    0s
H    0     0                    134658.00000 48913.4674  63.7%     -    0s
     0     0 48926.6678    0   18 134658.000 48926.6678  63.7%     -    0s
     0     0 48927.0816    0   18 134658.000 48927.0816  63.7%     -    0s
H    0     0                    124929.00000 48927.0816  60.8%     -    0s
     0     2 48928.6434    0   19 124929.000 48928.6434  60.8%     -    0s
H 2962  2609                    98988.000000 49070.1183  50.4%   3.3    1s
  5377  4131 50993.6685   31   12 98988.0000 49454.6149  50.0%   4.8    5s
 10114  6734 65008.4327   61    1 98988.0000 49717.2290  49.8%   4.7   10s
 14753 10447 55199.0000   56    - 98988.0000 49812.1633  49.7%   4.6   15s
 17402 12546 51089.9988   37   11 98988.0000 49813.5920  49.7%   4.6   20s
 19286 14193 50809.4620   28   12 98988.0000 49869.6347  49.6%   4.6   25s
 22008 16607 50340.8758   26   15 98988.0000 49869.6347  49.6%   4.6   30s
 26937 21207 53791.6751   34   10 98988.0000 49997.1698  49.5%   4.7   36s
 30827 23802 56414.0000   63   18 98988.0000 49998.1894  49.5%   4.7   47s
H30828 22612                    77200.000000 49998.1894  35.2%   4.7   48s
 30830 22613 51210.9651   36   31 77200.0000 49998.1894  35.2%   4.7   50s
H30834 21485                    75670.000000 49998.1894  33.9%   4.7   54s
H30834 20411                    75512.000000 49998.1894  33.8%   4.7   54s
 30838 20413 51268.0929   44   32 75512.0000 49998.1894  33.8%   4.7   55s
H30841 19394                    73612.000000 49998.1894  32.1%   4.7   59s
H30842 19395                    71836.000000 49998.1894  30.4%   4.7   59s
 30845 19397 53597.0000   57   33 71836.0000 49998.1894  30.4%   4.7   60s
 30851 19401 50566.9103   33   32 71836.0000 49998.1894  30.4%   4.7   65s
H30855 18433                    71460.000000 49998.1894  30.0%   4.7   69s
 30858 18435 51904.0000   58   34 71460.0000 49998.1894  30.0%   4.7   70s
 30866 18440 51275.7542   40   38 71460.0000 49998.1894  30.0%   4.7   76s
H30869 17519                    70622.000000 49998.1894  29.2%   4.7   80s
H30870 17520                    69814.000000 49998.1894  28.4%   4.7   80s
H30875 16646                    69734.000000 49998.1894  28.3%   4.7   85s
H30876 16647                    69701.000000 49998.1894  28.3%   4.7   85s
 30882 16651 52411.1711   50   34 69701.0000 49998.1894  28.3%   4.7   90s
 30890 16656 52608.3617   61   35 69701.0000 49998.1894  28.3%   4.7   95s
 30896 16660 51742.3141   52   38 69701.0000 49998.1894  28.3%   4.7  100s
H30897 15827                    69672.000000 49998.1894  28.2%   4.7  101s
 30993 16005 51746.1693   37   22 69672.0000 50265.3573  27.9%   4.9  105s
 31583 16379 52680.1668   42   18 69672.0000 50265.3573  27.9%   5.1  110s
 32368 16796 53210.8997   47   15 69672.0000 50275.2228  27.8%   5.2  115s
 34336 17961 53957.1905   65    5 69672.0000 50518.7482  27.5%   5.3  120s
 36015 18645 51423.9025   46   15 69672.0000 50518.7482  27.5%   5.4  125s
 37200 19533 51726.8024   50   12 69672.0000 50529.7084  27.5%   5.4  131s
 38528 20365 51840.7039   53    9 69672.0000 50561.5439  27.4%   5.5  135s
 40513 21430 52038.0408   56    6 69672.0000 50571.2206  27.4%   5.5  140s
 42774 22870 52040.1884   41   16 69672.0000 50666.8970  27.3%   5.6  146s
 44585 23184 51492.9301   44   21 69672.0000 50833.5300  27.0%   5.6  150s
 45094 23964 51972.6496   48   17 69672.0000 50833.5300  27.0%   5.6  155s
 47537 25413 51479.6522   42   21 69672.0000 50886.2115  27.0%   5.7  161s
 49539 26548 52812.8033   68    6 69672.0000 50886.2115  27.0%   5.7  165s
 51706 27697 51816.1581   44   18 69672.0000 51000.5586  26.8%   5.8  170s
 53979 28935 51798.3056   41   20 69672.0000 51001.1970  26.8%   5.8  176s
 56293 30159 51585.0101   40   25 69672.0000 51035.5876  26.7%   5.9  181s
 58875 31282 51957.7079   46   18 69672.0000 51071.5801  26.7%   5.9  187s
 60280 31955 51576.2698   41   23 69672.0000 51096.6906  26.7%   5.9  190s
 62483 33214 52289.2551   54    9 69672.0000 51109.8348  26.6%   6.0  196s
 63867 33921 53168.9345   82    2 69672.0000 51138.1018  26.6%   6.0  200s
 66607 34673 51784.0785   45   23 69672.0000 51159.8275  26.6%   6.1  206s
 67732 35447 52646.5708   50   19 69672.0000 51169.0206  26.6%   6.1  212s
 68405 36011 52300.3422   44   20 69672.0000 51170.7049  26.6%   6.1  216s
 69346 36642 52310.4292   44   14 69672.0000 51183.5164  26.5%   6.1  220s
 71692 37902 52239.8792   47   22 69672.0000 51192.3582  26.5%   6.1  228s
 73042 38453 52668.3001   51   19 69672.0000 51196.5358  26.5%   6.1  233s
 74260 39284 52272.1022   47   23 69672.0000 51203.6120  26.5%   6.2  237s
 75740 40356 52406.9436   42   25 69672.0000 51210.7264  26.5%   6.2  242s
 77577 41056 52124.5107   46   18 69672.0000 51221.7808  26.5%   6.2  248s
 79005 42352 52178.9106   45   22 69672.0000 51236.9471  26.5%   6.3  253s
 80845 43701 52969.1890   63    6 69672.0000 51247.4256  26.4%   6.3  259s
 82433 45156 52181.8729   43   26 69672.0000 51262.6049  26.4%   6.3  264s
 83950 46752 54938.5399   60    7 69672.0000 51266.5117  26.4%   6.4  270s
 85996 48216 52636.8962   56   10 69672.0000 51267.0493  26.4%   6.4  276s
 87613 50106 52631.5593   57    8 69672.0000 51280.2030  26.4%   6.4  283s
 89869 51914 51801.5663   44   26 69672.0000 51295.8042  26.4%   6.5  290s
 91846 53708 52482.3906   50   17 69672.0000 51295.8042  26.4%   6.5  297s
 94029 55461 53664.1544   75    3 69672.0000 51318.7693  26.3%   6.5  305s
 95974 57109 54235.3825   72    4 69672.0000 51334.8770  26.3%   6.6  312s
 97805 58908 54262.6912   79    4 69672.0000 51335.6589  26.3%   6.6  320s
 100061 60815 52781.3373   45   21 69672.0000 51348.3713  26.3%   6.6  329s
 102483 62623 52537.9289   51   17 69672.0000 51358.3416  26.3%   6.7  337s
 104853 64516 52531.2277   52   22 69672.0000 51363.3027  26.3%   6.7  346s
 106728 65092 51864.3923   44   23 69672.0000 51375.1596  26.3%   6.7  359s
 107176 66310 51950.6392   45   23 69672.0000 51375.2756  26.3%   6.7  370s
 108729 68485 52064.6052   45   18 69672.0000 51376.2402  26.3%   6.8  379s
 109683 68603 52404.2783   40   22 69672.0000 51377.2639  26.3%   6.8  380s
 111385 70732 53714.3387   59    6 69672.0000 51384.0508  26.2%   6.8  389s
 112216 70843 58613.0000   82    - 69672.0000 51385.6542  26.2%   6.8  390s
 113934 72710 53440.8435   59   15 69672.0000 51393.5615  26.2%   6.8  402s
 116726 74806 54945.4750   85    1 69672.0000 51404.9847  26.2%   6.8  413s
 119305 76969 52573.5611   45   20 69672.0000 51414.3435  26.2%   6.9  424s
 119893 77051 54355.7450   66   10 69672.0000 51415.0792  26.2%   6.9  425s
 121673 79140 53060.5265   59   15 69672.0000 51423.6457  26.2%   6.9  435s
 124231 81204 53210.4372   49   13 69672.0000 51424.8424  26.2%   6.9  447s
 126513 83329 52483.5496   48   25 69672.0000 51443.6133  26.2%   6.9  458s
 129011 85286 53351.2323   51   22 69672.0000 51450.3628  26.2%   7.0  470s
 131375 87108 52718.5649   47   25 69672.0000 51455.7181  26.1%   7.0  482s
 133374 89071 54032.7631   57   17 69672.0000 51464.7638  26.1%   7.0  496s
 135867 90848 61148.7884   82    1 69672.0000 51471.9987  26.1%   7.1  509s
 138064 92825 53291.3360   60   10 69672.0000 51478.2500  26.1%   7.1  521s
 140268 94732 54071.1650   46   20 69672.0000 51487.3929  26.1%   7.1  534s
 141158 94845 52348.0770   39   33 69672.0000 51489.4655  26.1%   7.1  535s
 142494 96586 52450.1983   46   26 69672.0000 51497.3467  26.1%   7.2  547s
 144685 98310 52841.9023   48   25 69672.0000 51506.1574  26.1%   7.2  560s
 146531 100191 53422.7630   57   14 69672.0000 51506.1574  26.1%   7.2  574s
 148925 101663 52840.6387   49   23 69672.0000 51517.0806  26.1%   7.2  587s
 150484 103287 53781.7913   55   20 69672.0000 51520.5083  26.1%   7.3  600s

Cutting planes:
  MIR: 16
  StrongCG: 1
  Flow cover: 7

Explored 152272 nodes (1109454 simplex iterations) in 601.69 seconds (279.56 work units)
Thread count was 32 (of 32 available processors)

Solution count 10: 69672 69701 69734 ... 75670

Time limit reached
Best objective 6.967200000000e+04, best bound 5.152720603958e+04, gap 26.0432%

User-callback calls 326817, time in user-callback 28.44 sec
