
Gurobi 13.0.2 (win64) logging started Sat Jul 11 07:04:32 2026

Set parameter LogFile to value "logs/kstar_nI20_nJ20_nK50_nL10_tI4_tJ4_s2_m0_exact_s0_20260711-070432.gurobi.log"
Set parameter Seed to value 0
Set parameter TimeLimit to value 599.9831192
Set parameter NodefileStart to value 4
Set parameter MIPGap to value 0
Set parameter MIPGapAbs to value 0.9999
Set parameter Cutoff to value 1e+100
Gurobi Optimizer version 13.0.2 build v13.0.2rc1 (win64 - Windows 11+.0 (26200.2))

CPU model: Intel(R) Core(TM) i9-14900HX, instruction set [SSE2|AVX|AVX2]
Thread count: 24 physical cores, 32 logical processors, using up to 32 threads

Non-default parameters:
TimeLimit  599.9831192
MIPGap  0
MIPGapAbs  0.9999
NodefileStart  4

Optimize a model with 1100 rows, 14040 columns and 38400 nonzeros (Min)
Model fingerprint: 0xe8ffac2f
Model has 14040 linear objective coefficients
Variable types: 14000 continuous, 40 integer (40 binary)
Coefficient statistics:
  Matrix range     [1e+00, 7e+02]
  Objective range  [1e+00, 5e+02]
  Bounds range     [1e+00, 1e+00]
  RHS range        [5e+00, 2e+01]

Using branch priorities.
Found heuristic solution: objective 614635.00000
Presolve time: 0.02s
Presolved: 1100 rows, 14040 columns, 38400 nonzeros
Variable types: 14000 continuous, 40 integer (40 binary)

Root relaxation: objective 6.649324e+04, 952 iterations, 0.01 seconds (0.01 work units)

    Nodes    |    Current Node    |     Objective Bounds      |     Work
 Expl Unexpl |  Obj  Depth IntInf | Incumbent    BestBd   Gap | It/Node Time

     0     0 66493.2406    0   39 614635.000 66493.2406  89.2%     -    0s
H    0     0                    74162.437941 66493.2406  10.3%     -    0s
H    0     0                    74060.256123 66493.2406  10.2%     -    0s
H    0     0                    74045.895467 66493.2406  10.2%     -    0s
H    0     0                    74024.116311 72507.8186  2.05%     -    0s
     0     0 72507.8186    0    9 74024.1163 72507.8186  2.05%     -    0s
H    0     0                    73977.395645 72540.8997  1.94%     -    0s
H    0     0                    73479.000000 72540.8997  1.28%     -    0s
     0     0 72616.4817    0    9 73479.0000 72616.4817  1.17%     -    0s
H    0     0                    73442.247599 72616.4817  1.12%     -    0s
H    0     0                    73403.063691 72616.4817  1.07%     -    0s
H    0     0                    73195.415818 72616.4817  0.79%     -    0s
     0     0 72865.6524    0    3 73195.4158 72865.6524  0.45%     -    0s
H    0     0                    73084.000000 72873.6285  0.29%     -    0s
     0     0 72873.6285    0    3 73084.0000 72873.6285  0.29%     -    0s
     0     0 72873.6285    0    3 73084.0000 72873.6285  0.29%     -    0s
H    0     0                    72924.000000 72873.6285  0.07%     -    0s

Cutting planes:
  Implied bound: 398
  MIR: 25
  Flow cover: 173
  Relax-and-lift: 7

Explored 1 nodes (1407 simplex iterations) in 0.18 seconds (0.18 work units)
Thread count was 32 (of 32 available processors)

Solution count 4: 72924 73084 73479 73977.4 

Optimal solution found (tolerance 0.00e+00)
Best objective 7.292400000000e+04, best bound 7.292400000000e+04, gap 0.0000%
