
Gurobi 13.0.2 (win64) logging started Thu Jul 16 03:39:12 2026

Set parameter LogFile to value "logs/kstar_nI20_nJ40_nK100_nL10_tI5_tJ5_s3_m1_exact_s0_20260716-033912.gurobi.log"
Set parameter Seed to value 0
Set parameter TimeLimit to value 599.9416734
Set parameter MIPGap to value 0
Set parameter MIPGapAbs to value 0.5
Set parameter Cutoff to value 1e+100
Gurobi Optimizer version 13.0.2 build v13.0.2rc1 (win64 - Windows 11+.0 (26200.2))

CPU model: Intel(R) Core(TM) i9-14900HX, instruction set [SSE2|AVX|AVX2]
Thread count: 24 physical cores, 32 logical processors, using up to 32 threads

Non-default parameters:
TimeLimit  599.9416734
MIPGap  0
MIPGapAbs  0.5
PreCrush  1
LazyConstraints  1

Optimize a model with 20 rows, 70 columns and 600 nonzeros (Min)
Model fingerprint: 0x7adfc76f
Model has 70 linear objective coefficients
Variable types: 10 continuous, 60 integer (60 binary)
Coefficient statistics:
  Matrix range     [1e+00, 1e+03]
  Objective range  [1e+00, 5e+02]
  Bounds range     [1e+00, 9e+03]
  RHS range        [1e+03, 1e+03]

Using branch priorities.
Presolve removed 18 rows and 0 columns
Presolve time: 0.00s
Presolved: 2 rows, 70 columns, 60 nonzeros
Variable types: 10 continuous, 60 integer (60 binary)

Root relaxation: objective 8.220860e+04, 3 iterations, 0.00 seconds (0.00 work units)

    Nodes    |    Current Node    |     Objective Bounds      |     Work
 Expl Unexpl |  Obj  Depth IntInf | Incumbent    BestBd   Gap | It/Node Time

     0     0 82208.5952    0    3          - 82208.5952      -     -    0s
H    0     0                    425189.00000 82208.5952  80.7%     -    0s
H    0     0                    385855.00000 82208.5952  78.7%     -    0s
H    0     0                    381362.00000 82208.5952  78.4%     -    0s
H    0     0                    348909.00000 82208.5952  76.4%     -    0s
     0     0 82374.2750    0    4 348909.000 82374.2750  76.4%     -    0s
     0     0 82575.6642    0    6 348909.000 82575.6642  76.3%     -    0s
H    0     0                    348031.00000 82575.6642  76.3%     -    0s
     0     0 82659.7610    0    9 348031.000 82659.7610  76.2%     -    0s
     0     0 82676.5395    0    9 348031.000 82676.5395  76.2%     -    0s
     0     0 82705.1432    0   12 348031.000 82705.1432  76.2%     -    0s
     0     0 82714.0705    0   14 348031.000 82714.0705  76.2%     -    0s
     0     0 82717.2319    0   14 348031.000 82717.2319  76.2%     -    0s
     0     0 82725.2380    0   14 348031.000 82725.2380  76.2%     -    0s
     0     0 82725.9818    0   12 348031.000 82725.9818  76.2%     -    0s
H    0     0                    297539.00000 82726.7487  72.2%     -    0s
H    0     0                    296834.00000 82726.7487  72.1%     -    0s
     0     0 82727.6396    0   15 296834.000 82727.6396  72.1%     -    0s
     0     0 82727.6450    0   15 296834.000 82727.6450  72.1%     -    0s
     0     2 82736.1593    0   15 296834.000 82736.1593  72.1%     -    0s
  2909  2840 84630.6725   37    1 296834.000 82795.8763  72.1%   3.5    5s
H 3557  3025                    252497.00000 82806.3373  67.2%   3.6    7s
  3573  3035 83451.5000   29   23 252497.000 82852.6861  67.2%   3.6   10s
H 3573  2883                    246213.00000 82853.1454  66.3%   3.6   10s
H 3573  2739                    243373.00000 82853.1454  66.0%   3.6   10s
H 3574  2740                    240604.00000 82853.1454  65.6%   3.6   10s
H 3581  2607                    239015.00000 82853.1454  65.3%   3.6   10s
H 3582  2609                    238598.00000 82853.1454  65.3%   3.6   10s
  4042  3011 83211.9127   25   18 238598.000 82925.6774  65.2%   5.1   15s
  4853  3424 84241.0030   44    4 238598.000 82925.6774  65.2%   5.5   20s
  6486  4486 84059.9219   45    2 238598.000 83013.5928  65.2%   5.3   25s
  8605  5577 83295.7962   25   17 238598.000 83024.6044  65.2%   5.1   30s
 10704  6436 83323.0870   21   19 238598.000 83071.1635  65.2%   5.0   35s
 11589  6994 83531.5471   22   19 238598.000 83105.6640  65.2%   5.0   40s
 12649  8013 83719.9803   28   18 238598.000 83123.1939  65.2%   5.0   45s
 13961  9115 83397.7396   27   18 238598.000 83127.9108  65.2%   5.1   50s
 16678 11465 84700.3697   47    6 238598.000 83136.7163  65.2%   5.0   55s
 17759 12266 83514.4843   32   14 238598.000 83141.4714  65.2%   5.1   60s
 19333 13658 83655.5338   34   12 238598.000 83167.6295  65.1%   5.1   65s
 20971 15131 83540.2080   31   12 238598.000 83168.7384  65.1%   5.1   70s
 23003 16974 84047.6614   37    6 238598.000 83190.4889  65.1%   5.2   75s
 25579 19326 83652.1991   24   20 238598.000 83190.4889  65.1%   5.1   81s
 27765 21233 90922.0000   67    - 238598.000 83214.9000  65.1%   5.1   85s
 28985 21817 83514.6934   25   19 238598.000 83214.9000  65.1%   5.1   91s
 29657 22252 83346.2750   24   17 238598.000 83214.9000  65.1%   5.1   96s
 30301 22917 85363.0856   51    1 238598.000 83232.6074  65.1%   5.2  101s
 31500 24136 83367.1706   29   19 238598.000 83242.1994  65.1%   5.2  107s
 32289 24932 83728.4540   38   11 238598.000 83242.1994  65.1%   5.2  111s
 33413 25829 83605.3736   26   17 238598.000 83246.6884  65.1%   5.2  115s
 35150 26727 84544.1844   44    9 238598.000 83256.1485  65.1%   5.2  120s
 37068 29228 86545.6343   52    3 238598.000 83269.1199  65.1%   5.2  128s
 38511 30582 83504.1525   34   12 238598.000 83273.5907  65.1%   5.2  133s
 40141 31718 89921.0000   61    - 238598.000 83273.5907  65.1%   5.2  138s
 41478 33102 85866.0357   57    1 238598.000 83274.9104  65.1%   5.2  143s
 43075 34494 83619.6718   31   14 238598.000 83290.4308  65.1%   5.2  147s
 44682 35940 83545.0251   24   12 238598.000 83294.0789  65.1%   5.3  152s
 46909 37765 83587.1559   27   17 238598.000 83298.4908  65.1%   5.2  158s
 48818 39577 83802.9401   31   12 238598.000 83306.9941  65.1%   5.2  163s
 50913 41357 84402.0821   40   11 238598.000 83315.1586  65.1%   5.3  169s
 51717 41468 84097.9167   33    6 238598.000 83315.8707  65.1%   5.3  170s
 52960 43141 84170.8612   35    9 238598.000 83322.3065  65.1%   5.3  175s
 55043 44881 233628.000   70    - 238598.000 83322.5370  65.1%   5.3  181s
 57003 46507 88130.9333   63    1 238598.000 83332.6029  65.1%   5.3  187s
 58970 46805 83493.0933   26   15 238598.000 83336.1895  65.1%   5.3  204s
 58972 46806 85117.6244   51   26 238598.000 83336.1895  65.1%   5.3  207s
 58974 46808 84357.5220   47   28 238598.000 83336.1895  65.1%   5.3  211s
 58977 46810 84817.2294   47   29 238598.000 83336.1895  65.1%   5.3  216s
 58978 46810 84677.0000   60   29 238598.000 83336.1895  65.1%   5.3  220s
H58978 44469                    230209.00000 83336.1895  63.8%   5.3  223s
 58982 44472 84481.6188   49   29 230209.000 83336.1895  63.8%   5.3  226s
H58982 42248                    222811.00000 83336.1895  62.6%   5.3  228s
 58984 42249 85506.1244   60   29 222811.000 83336.1895  62.6%   5.3  231s
 58986 42251 83565.5722   29   29 222811.000 83336.1895  62.6%   5.3  236s
 58989 42256 83336.1895   23   27 222811.000 83336.1895  62.6%   5.3  240s
 59019 42306 83336.1895   27   25 222811.000 83336.1895  62.6%   5.3  245s
 59083 42402 83440.3970   29   27 222811.000 83336.1895  62.6%   5.4  250s
 59201 42547 83636.3565   30   25 222811.000 83336.1895  62.6%   5.4  255s
 59626 42773 83929.2621   35   18 222811.000 83336.1895  62.6%   5.5  260s
 59944 42975 84041.5408   36   18 222811.000 83336.1895  62.6%   5.6  265s
 60196 43155 84111.8162   38   15 222811.000 83336.1895  62.6%   5.6  271s
 60430 43186 83415.0610   30   21 222811.000 83336.1895  62.6%   5.6  275s
 60830 43584 84661.0797   45    7 222811.000 83336.1895  62.6%   5.6  280s
 61564 43968 85735.2502   54    1 222811.000 83336.1895  62.6%   5.6  286s
 62085 44091 89900.9540   65    1 222811.000 83336.1895  62.6%   5.6  290s
 62365 44389 98810.1340   75    1 222811.000 83336.1895  62.6%   5.6  295s
 63165 45096 83610.8900   36   21 222811.000 83336.1895  62.6%   5.7  300s
 64266 45785 84292.2128   45    7 222811.000 83336.1895  62.6%   5.7  307s
 65067 46113 84655.4510   41   10 222811.000 83336.1895  62.6%   5.7  311s
 65891 46411 84157.3301   45   10 222811.000 83336.1895  62.6%   5.7  315s
 66863 47302 83980.1321   42   13 222811.000 83336.1895  62.6%   5.7  322s
 67915 47738 96710.0000   77    - 222811.000 83336.1895  62.6%   5.7  325s
 68920 48047 83780.2363   36   22 222811.000 83336.1895  62.6%   5.7  333s
 69801 48482 83792.1224   37   22 222811.000 83341.2953  62.6%   5.7  337s
 70452 48455 83831.1156   38   21 222811.000 83383.1479  62.6%   5.7  341s
 70610 48912 83865.4122   39   19 222811.000 83383.1479  62.6%   5.7  345s
 71364 49500 85362.3958   54    1 222811.000 83383.1479  62.6%   5.7  350s
 72373 49903 83869.9426   41   14 222811.000 83389.8968  62.6%   5.8  358s
 73162 50302 83956.9063   42   14 222811.000 83389.8968  62.6%   5.8  363s
 73981 50878 83990.1155   43   11 222811.000 83419.5377  62.6%   5.8  368s
 74988 51378 83572.7092   34   23 222811.000 83421.6010  62.6%   5.8  372s
 75846 51992 84602.7837   50    7 222811.000 83421.6010  62.6%   5.8  377s
 77128 52769 83917.5060   38   16 222811.000 83453.2914  62.5%   5.8  382s
 78582 52573 83701.9847   34   17 222811.000 83453.2914  62.5%   5.8  388s
 78633 53413 83758.1174   35   18 222811.000 83461.5574  62.5%   5.8  394s
 78867 53366 83825.0586   36   19 222811.000 83461.5574  62.5%   5.8  395s
 79762 54094 83817.7515   38   14 222811.000 83471.0295  62.5%   5.9  400s
 81035 54961 83962.1623   41   13 222811.000 83471.0295  62.5%   5.9  406s
 82512 55652 83936.6212   42   14 222811.000 83483.2930  62.5%   5.9  412s
 83874 56269 83948.0333   41   11 222811.000 83497.8849  62.5%   5.9  420s
 85249 56944 85306.2051   70    1 222811.000 83497.8849  62.5%   5.9  425s
 86539 56759 84154.8968   42   17 222811.000 83498.5176  62.5%   5.9  432s
 86593 57319 84288.8540   43   15 222811.000 83498.5176  62.5%   5.9  439s
 87397 57187 83865.6462   37   17 222811.000 83505.1632  62.5%   5.9  440s
 87503 57978 84309.9815   44   14 222811.000 83505.1632  62.5%   5.9  446s
 88875 58935 84314.3384   45   14 222811.000 83505.1632  62.5%   6.0  454s
 90613 58677 83852.0551   33   14 222811.000 83505.8201  62.5%   5.9  455s
 90658 59624 84371.4798   46   12 222811.000 83505.8201  62.5%   5.9  462s
 92051 60750 84469.4649   47   12 222811.000 83505.8201  62.5%   6.0  470s
 93886 61893 84471.5938   48   10 222811.000 83519.9183  62.5%   6.0  479s
 94973 61657 84699.1904   53    5 222811.000 83529.6617  62.5%   6.0  480s
 95879 62778 84540.8972   49    9 222811.000 83532.2932  62.5%   6.0  488s
 97633 62478 84659.6018   50   10 222811.000 83538.5980  62.5%   6.0  495s
 97730 63626 84688.3525   51    7 222811.000 83538.5980  62.5%   6.0  505s
 99850 64624 84702.8895   52    9 222811.000 83545.0343  62.5%   6.0  514s
 100514 64485 84507.9243   45    9 222811.000 83545.5151  62.5%   6.0  515s
 101549 65282 84706.7713   53    7 222811.000 83547.4662  62.5%   6.0  525s
 104521 66517 84035.2227   41   15 222811.000 83557.4610  62.5%   6.0  537s
 106769 67775 83803.5595   34   24 222811.000 83557.9020  62.5%   6.0  547s
 108879 69094 84603.4721   46    8 222811.000 83564.0114  62.5%   6.0  558s
 110757 68764 84705.8538   62    1 222811.000 83570.5508  62.5%   6.0  560s
 111376 70072 83792.9803   33   20 222811.000 83575.0391  62.5%   6.0  571s
 113603 71394 83812.6028   36   16 222811.000 83575.3100  62.5%   6.0  584s
 114630 71191 83980.3399   39   15 222811.000 83580.9204  62.5%   6.0  585s
 115920 71106 84475.4282   47   11 222811.000 83584.8931  62.5%   6.1  594s
 116136 71809 84505.0925   48    7 222811.000 83585.0038  62.5%   6.1  600s

Cutting planes:
  Gomory: 3
  Cover: 2
  StrongCG: 1
  Flow cover: 2

Explored 117189 nodes (711005 simplex iterations) in 602.17 seconds (271.99 work units)
Thread count was 32 (of 32 available processors)

Solution count 10: 222811 230209 238598 ... 381362

Time limit reached
Best objective 2.228110000000e+05, best bound 8.358500381165e+04, gap 62.4861%

User-callback calls 256130, time in user-callback 138.54 sec
