
Gurobi 13.0.2 (win64) logging started Sat Jul 11 07:54:43 2026

Set parameter LogFile to value "logs/kstar_nI20_nJ20_nK50_nL10_tI5_tJ5_s2_m0_exact_s0_20260711-075443.gurobi.log"
Set parameter Seed to value 0
Set parameter TimeLimit to value 599.9827784
Set parameter NodefileStart to value 4
Set parameter MIPGap to value 0
Set parameter MIPGapAbs to value 0.9999
Set parameter Cutoff to value 1e+100
Gurobi Optimizer version 13.0.2 build v13.0.2rc1 (win64 - Windows 11+.0 (26200.2))

CPU model: Intel(R) Core(TM) i9-14900HX, instruction set [SSE2|AVX|AVX2]
Thread count: 24 physical cores, 32 logical processors, using up to 32 threads

Non-default parameters:
TimeLimit  599.9827784
MIPGap  0
MIPGapAbs  0.9999
NodefileStart  4

Optimize a model with 1100 rows, 14040 columns and 38400 nonzeros (Min)
Model fingerprint: 0xf79dd376
Model has 14040 linear objective coefficients
Variable types: 14000 continuous, 40 integer (40 binary)
Coefficient statistics:
  Matrix range     [1e+00, 7e+02]
  Objective range  [1e+00, 5e+02]
  Bounds range     [1e+00, 1e+00]
  RHS range        [5e+00, 2e+01]

Using branch priorities.
Found heuristic solution: objective 666690.00000
Presolve time: 0.02s
Presolved: 1100 rows, 14040 columns, 38400 nonzeros
Variable types: 14000 continuous, 40 integer (40 binary)

Root relaxation: objective 6.479155e+04, 964 iterations, 0.00 seconds (0.01 work units)

    Nodes    |    Current Node    |     Objective Bounds      |     Work
 Expl Unexpl |  Obj  Depth IntInf | Incumbent    BestBd   Gap | It/Node Time

     0     0 64791.5540    0   38 666690.000 64791.5540  90.3%     -    0s
H    0     0                    71739.270370 64791.5540  9.68%     -    0s
H    0     0                    71671.487882 64791.5540  9.60%     -    0s
H    0     0                    71544.180163 70343.1366  1.68%     -    0s
     0     0 70343.1366    0    7 71544.1802 70343.1366  1.68%     -    0s
H    0     0                    71499.186097 70417.1505  1.51%     -    0s
H    0     0                    71397.919418 70417.1505  1.37%     -    0s
     0     0 70696.4871    0    5 71397.9194 70696.4871  0.98%     -    0s
H    0     0                    71052.000000 70696.6364  0.50%     -    0s
     0     0 70753.7901    0    5 71052.0000 70753.7901  0.42%     -    0s
     0     0 70758.2070    0    4 71052.0000 70758.2070  0.41%     -    0s
     0     0 70758.2070    0    4 71052.0000 70758.2070  0.41%     -    0s
H    0     0                    70930.889423 70758.2070  0.24%     -    0s
     0     0 70791.7750    0    2 70930.8894 70791.7750  0.20%     -    0s
H    0     0                    70796.812500 70791.7750  0.01%     -    0s
     0     0 70792.0000    0    1 70796.8125 70792.0000  0.01%     -    0s
     0     0 70792.0000    0    1 70796.8125 70792.0000  0.01%     -    0s
     0     0 70792.0000    0    1 70796.8125 70792.0000  0.01%     -    0s
*    0     0               0    70792.000000 70792.0000  0.00%     -    0s

Cutting planes:
  Implied bound: 411
  MIR: 25
  Flow cover: 147
  Relax-and-lift: 8

Explored 1 nodes (1344 simplex iterations) in 0.23 seconds (0.22 work units)
Thread count was 32 (of 32 available processors)

Solution count 3: 70792 71052 71397.9 

Optimal solution found (tolerance 0.00e+00)
Best objective 7.079200000000e+04, best bound 7.079200000000e+04, gap 0.0000%
