
Gurobi 13.0.2 (win64) logging started Thu Jul 16 19:43:37 2026

Set parameter LogFile to value "logs/kstar_nI40_nJ20_nK100_nL10_tI4_tJ4_s4_m1_exact_s0_20260716-194337.gurobi.log"
Set parameter Seed to value 0
Set parameter TimeLimit to value 599.9646026
Set parameter MIPGap to value 0
Set parameter MIPGapAbs to value 0.5
Set parameter Cutoff to value 1e+100
Gurobi Optimizer version 13.0.2 build v13.0.2rc1 (win64 - Windows 11+.0 (26200.2))

CPU model: Intel(R) Core(TM) i9-14900HX, instruction set [SSE2|AVX|AVX2]
Thread count: 24 physical cores, 32 logical processors, using up to 32 threads

Non-default parameters:
TimeLimit  599.9646026
MIPGap  0
MIPGapAbs  0.5
PreCrush  1
LazyConstraints  1

Optimize a model with 20 rows, 70 columns and 600 nonzeros (Min)
Model fingerprint: 0x19ca6350
Model has 70 linear objective coefficients
Variable types: 10 continuous, 60 integer (60 binary)
Coefficient statistics:
  Matrix range     [1e+00, 1e+03]
  Objective range  [1e+00, 5e+02]
  Bounds range     [1e+00, 1e+04]
  RHS range        [1e+03, 1e+03]

Using branch priorities.
Presolve removed 17 rows and 0 columns
Presolve time: 0.00s
Presolved: 3 rows, 70 columns, 100 nonzeros
Variable types: 10 continuous, 60 integer (60 binary)

Root relaxation: objective 9.738007e+04, 6 iterations, 0.00 seconds (0.00 work units)

    Nodes    |    Current Node    |     Objective Bounds      |     Work
 Expl Unexpl |  Obj  Depth IntInf | Incumbent    BestBd   Gap | It/Node Time

     0     0 97380.0722    0    4          - 97380.0722      -     -    0s
H    0     0                    436032.00000 97380.0722  77.7%     -    0s
H    0     0                    408952.00000 97380.0722  76.2%     -    0s
H    0     0                    376169.00000 97380.0722  74.1%     -    0s
H    0     0                    350368.00000 97380.0722  72.2%     -    0s
     0     0 97546.8046    0    5 350368.000 97546.8046  72.2%     -    0s
     0     0 97603.6333    0    9 350368.000 97603.6333  72.1%     -    0s
H    0     0                    344930.00000 97603.6333  71.7%     -    0s
     0     0 97632.5031    0   12 344930.000 97632.5031  71.7%     -    0s
     0     0 97635.0430    0   12 344930.000 97635.0430  71.7%     -    0s
     0     2 97778.7982    0    9 344930.000 97778.7982  71.7%     -    0s
H 3220  2690                    205136.00000 97978.5330  52.2%   3.4    4s
  3223  2692 99793.1082   45   20 205136.000 98004.6542  52.2%   3.4    5s
H 3232  2563                    203162.00000 98036.7293  51.7%   3.3    6s
H 3232  2434                    187910.00000 98036.7293  47.8%   3.3    6s
H 3233  2434                    175656.00000 98036.7293  44.2%   3.3    6s
  3836  2868 98734.8515   21   13 175656.000 98053.6217  44.2%   5.1   10s
  5847  4022 99760.1282   29    8 175656.000 98208.8191  44.1%   5.1   15s
  8732  5473 101068.478   50    2 175656.000 98272.7441  44.1%   4.9   20s
 11676  7406 99319.1163   30   11 175656.000 98331.0357  44.0%   5.0   25s
 13135  8591 99732.2829   26    7 175656.000 98412.0609  44.0%   5.1   30s
 14889  9987 98838.4213   28   12 175656.000 98428.2599  44.0%   5.0   35s
 16516 11133 99180.5249   27   10 175656.000 98447.9287  44.0%   5.0   40s
 17208 11749 99605.1595   30    7 175656.000 98447.9287  44.0%   5.0   45s
 18025 12521 99728.0248   32    6 175656.000 98486.4087  43.9%   5.0   50s
 19837 14171 99109.3945   21   12 175656.000 98504.6244  43.9%   4.9   56s
 21572 15639 100009.864   27   12 175656.000 98510.9717  43.9%   4.9   60s
 24137 17903 99067.8564   26   18 175656.000 98518.2379  43.9%   4.9   66s
 26380 19282 100368.263   26    7 175656.000 98545.4224  43.9%   4.9   71s
 27235 20094 100384.502   27   12 175656.000 98571.3299  43.9%   5.0   75s
 29495 22497 98966.0837   21   16 175656.000 98576.5841  43.9%   4.9   82s
 30691 23456 99172.3010   23   14 175656.000 98599.6232  43.9%   5.0   86s
 32644 24880 100209.557   30   12 175656.000 98610.7439  43.9%   4.9   90s
 34988 27369 109879.374   58    2 175656.000 98636.0743  43.8%   5.0   98s
 36570 28513 99420.9431   27   13 175656.000 98636.0743  43.8%   5.0  102s
 38000 29855 99713.6425   28   17 175656.000 98653.7927  43.8%   5.0  106s
 39631 31432 100133.765   28    8 175656.000 98653.7927  43.8%   5.0  111s
 41488 32858 100781.039   43    8 175656.000 98669.6783  43.8%   5.0  116s
 43292 34066 99281.2431   24   16 175656.000 98682.1862  43.8%   5.0  120s
 44610 35243 99584.7491   25   12 175656.000 98692.4773  43.8%   5.1  125s
 47334 36735 100405.354   29    9 175656.000 98695.2513  43.8%   5.1  130s
 49577 39462 99648.4877   21   19 175656.000 98710.3968  43.8%   5.1  139s
 51060 39843 99969.4970   29   18 175656.000 98713.7045  43.8%   5.2  142s
 51229 40597 100058.627   31   17 175656.000 98713.7045  43.8%   5.2  147s
 52380 41625 100292.137   32   16 175656.000 98713.7045  43.8%   5.2  152s
 53633 42601 100257.822   32   17 175656.000 98731.1375  43.8%   5.2  158s
 54773 43868 100352.126   33   17 175656.000 98738.2635  43.8%   5.2  164s
 56388 45344 100049.305   31   18 175656.000 98738.2635  43.8%   5.2  170s
 58368 47015 100498.489   34   17 175656.000 98750.8528  43.8%   5.2  177s
 60217 47707 100436.131   33   14 175656.000 98771.1763  43.8%   5.2  182s
 60897 48677 100734.879   35   12 175656.000 98771.1763  43.8%   5.2  189s
 62165 48894 104207.000   60   12 175656.000 98774.2224  43.8%   5.2  203s
H62166 46450                    171177.00000 98774.2224  42.3%   5.2  206s
H62166 44127                    170699.00000 98774.2224  42.1%   5.2  206s
 62169 44129 100305.588   32   27 170699.000 98774.2224  42.1%   5.2  212s
 62173 44131 102471.152   49   30 170699.000 98774.2224  42.1%   5.2  216s
H62173 41925                    167879.00000 98774.2224  41.2%   5.2  220s
 62177 41928 101254.396   45   32 167879.000 98774.2224  41.2%   5.2  225s
 62179 41929 98884.1089   27   33 167879.000 98774.2224  41.2%   5.2  230s
H62180 39833                    165798.00000 98774.2224  40.4%   5.2  233s
H62180 37841                    165220.00000 98774.2224  40.2%   5.2  233s
H62181 37844                    162272.00000 98774.2224  39.1%   5.2  234s
 62184 37849 98774.2224   27   26 162272.000 98774.2224  39.1%   5.2  235s
 62244 37917 99584.8327   31   21 162272.000 98823.2530  39.1%   5.3  241s
 62382 38077 100510.762   33   13 162272.000 98823.2530  39.1%   5.3  247s
 62629 38177 102601.482   36    8 162272.000 98823.2530  39.1%   5.4  250s
 62814 38324 103580.986   38    5 162272.000 98823.2530  39.1%   5.4  255s
 63014 38419 103690.404   40    6 162272.000 98823.2530  39.1%   5.4  260s
 63294 38628 103795.482   42    5 162272.000 98909.2698  39.0%   5.5  266s
 63622 38897 108744.860   48    4 162272.000 98909.2698  39.0%   5.5  270s
 64216 39126 109180.664   56    1 162272.000 98969.5057  39.0%   5.5  275s
 64778 39518 113251.173   62    6 162272.000 98969.5057  39.0%   5.5  280s
 65316 39692 114346.364   68    4 162272.000 98981.3154  39.0%   5.5  285s
 65961 40044 109982.985   75    2 162272.000 99164.3146  38.9%   5.5  290s
 66728 40683 99702.7075   33   20 162272.000 99166.8187  38.9%   5.5  296s
 67864 41348 99911.3174   39   17 162272.000 99170.3918  38.9%   5.5  301s
 69461 42191 101060.360   51    8 162272.000 99220.3947  38.9%   5.5  307s
 70229 42423 102593.512   62    2 162272.000 99220.3947  38.9%   5.5  310s
 71715 43400 99726.1993   37   19 162272.000 99297.5545  38.8%   5.5  316s
 72657 43819 102373.544   55    4 162272.000 99297.5545  38.8%   5.6  320s
 74532 44883 99749.7101   40   17 162272.000 99299.3151  38.8%   5.6  327s
 75673 45323 108467.662   68    3 162272.000 99327.0316  38.8%   5.6  331s
 76641 45229 100643.428   47    8 162272.000 99383.8240  38.8%   5.6  336s
 76708 45375 100752.874   48    9 162272.000 99383.8240  38.8%   5.6  340s
 77009 46063 100753.565   49    9 162272.000 99433.6251  38.7%   5.6  345s
 78114 46783 99978.2154   38   19 162272.000 99460.3859  38.7%   5.6  350s
 80508 47929 99686.1588   36   16 162272.000 99481.5208  38.7%   5.6  358s
 81744 48665 100039.183   37   16 162272.000 99503.7516  38.7%   5.6  362s
 83037 48484 100023.709   36   20 162272.000 99509.3624  38.7%   5.7  366s
 83143 49056 100100.135   37   19 162272.000 99509.3624  38.7%   5.7  371s
 84143 49618 100047.713   39   16 162272.000 99509.3624  38.7%   5.7  375s
 85117 50125 108637.627   75    1 162272.000 99514.7549  38.7%   5.7  380s
 86307 50691 100825.722   52    7 162272.000 99536.7321  38.7%   5.7  385s
 87395 51015 100485.651   42   15 162272.000 99536.7321  38.7%   5.7  390s
 88112 51566 100534.407   41   17 162272.000 99538.0608  38.7%   5.7  395s
 90353 52830 100354.428   38   21 162272.000 99567.5254  38.6%   5.7  404s
 91404 52644 100494.635   38   13 162272.000 99567.5254  38.6%   5.8  405s
 91598 53478 101698.198   51    3 162272.000 99567.5254  38.6%   5.8  410s
 93053 54317 107719.000   78    - 162272.000 99585.1216  38.6%   5.8  415s
 94561 55171 99995.6561   38   16 162272.000 99598.7973  38.6%   5.8  421s
 96137 56188 101033.288   47   11 162272.000 99603.6589  38.6%   5.8  428s
 98039 56960 102595.851   57    2 162272.000 99619.1328  38.6%   5.8  435s
 99473 57750 101081.191   44    9 162272.000 99619.2165  38.6%   5.8  442s
 101250 58611 103223.763   68    2 162272.000 99638.9507  38.6%   5.8  448s
 102696 58354 100291.353   41   17 162272.000 99639.2670  38.6%   5.9  453s
 102787 58828 100367.605   41   16 162272.000 99639.2670  38.6%   5.9  459s
 103553 59592 100424.635   41   19 162272.000 99639.4215  38.6%   5.9  465s
 104724 60181 107590.260   66    2 162272.000 99653.9491  38.6%   5.9  473s
 106096 61053 101516.693   52    6 162272.000 99657.8976  38.6%   5.9  482s
 107627 61991 100302.873   38   17 162272.000 99667.9984  38.6%   5.9  490s
 109422 62792 100354.112   39   17 162272.000 99667.9984  38.6%   5.9  499s
 110564 62595 111759.322   59    2 162272.000 99679.4524  38.6%   6.0  500s
 111066 63870 102973.333   69    2 162272.000 99685.8509  38.6%   6.0  508s
 113366 64067 109345.015   72    2 162272.000 99695.9889  38.6%   6.0  517s
 114627 64688 100544.286   41   18 162272.000 99695.9889  38.6%   5.9  527s
 115574 65687 100471.465   40   17 162272.000 99698.6668  38.6%   6.0  536s
 117300 66617 101472.937   51    3 162272.000 99710.4957  38.6%   6.0  547s
 119085 67578 99988.5200   35   22 162272.000 99721.2640  38.5%   6.0  557s
 121308 68571 101654.752   53    6 162272.000 99730.5786  38.5%   6.0  569s
 122437 68430 110805.457   71    2 162272.000 99730.5786  38.5%   6.0  570s
 123421 69960 103551.235   64    1 162272.000 99743.2537  38.5%   6.0  581s
 125837 71462 100592.759   43   13 162272.000 99760.4033  38.5%   6.0  594s
 128628 71485 100391.415   36   20 162272.000 99767.8872  38.5%   6.0  600s

Cutting planes:
  Gomory: 2
  MIR: 10
  Flow cover: 3

Explored 129344 nodes (783331 simplex iterations) in 601.28 seconds (235.44 work units)
Thread count was 32 (of 32 available processors)

Solution count 10: 162272 165220 167879 ... 376169

Time limit reached
Best objective 1.622720000000e+05, best bound 9.976788715074e+04, gap 38.5181%

User-callback calls 295799, time in user-callback 77.70 sec
