
Gurobi 13.0.2 (win64) logging started Fri Jul 17 13:38:50 2026

Set parameter LogFile to value "logs/kstar_nI40_nJ40_nK100_nL10_tI6_tJ6_s1_m1_exact_s0_20260717-133850.gurobi.log"
Set parameter Seed to value 0
Set parameter TimeLimit to value 599.9364972
Set parameter MIPGap to value 0
Set parameter MIPGapAbs to value 0.5
Set parameter Cutoff to value 1e+100
Gurobi Optimizer version 13.0.2 build v13.0.2rc1 (win64 - Windows 11+.0 (26200.2))

CPU model: Intel(R) Core(TM) i9-14900HX, instruction set [SSE2|AVX|AVX2]
Thread count: 24 physical cores, 32 logical processors, using up to 32 threads

Non-default parameters:
TimeLimit  599.9364972
MIPGap  0
MIPGapAbs  0.5
PreCrush  1
LazyConstraints  1

Optimize a model with 20 rows, 90 columns and 800 nonzeros (Min)
Model fingerprint: 0x8edff7cd
Model has 90 linear objective coefficients
Variable types: 10 continuous, 80 integer (80 binary)
Coefficient statistics:
  Matrix range     [1e+00, 1e+03]
  Objective range  [1e+00, 5e+02]
  Bounds range     [1e+00, 7e+03]
  RHS range        [1e+03, 1e+03]

Using branch priorities.
Presolve removed 18 rows and 0 columns
Presolve time: 0.00s
Presolved: 2 rows, 90 columns, 80 nonzeros
Variable types: 10 continuous, 80 integer (80 binary)

Root relaxation: objective 6.586042e+04, 3 iterations, 0.00 seconds (0.00 work units)

    Nodes    |    Current Node    |     Objective Bounds      |     Work
 Expl Unexpl |  Obj  Depth IntInf | Incumbent    BestBd   Gap | It/Node Time

     0     0 65860.4188    0    2          - 65860.4188      -     -    0s
H    0     0                    347146.00000 65860.4188  81.0%     -    0s
H    0     0                    323228.00000 65860.4188  79.6%     -    0s
H    0     0                    317381.00000 65860.4188  79.2%     -    0s
H    0     0                    313689.00000 65860.4188  79.0%     -    0s
     0     0 66141.5010    0    7 313689.000 66141.5010  78.9%     -    0s
     0     0 66149.4029    0    7 313689.000 66149.4029  78.9%     -    0s
H    0     0                    288259.00000 66149.4029  77.1%     -    0s
     0     2 66274.2239    0    7 288259.000 66274.2239  77.0%     -    0s
H 2977  2669                    240577.00000 66516.2760  72.4%   2.8    4s
  2978  2669 75185.0000   66   19 240577.000 66516.2760  72.4%   2.8    5s
H 2979  2536                    225622.00000 66580.2321  70.5%   2.8    5s
H 2982  2411                    213862.00000 66585.4324  68.9%   2.8    6s
H 2988  2294                    206679.00000 66595.6477  67.8%   2.8    7s
H 2992  2182                    199276.00000 66610.4120  66.6%   2.8    8s
  3231  2356 66998.9597   17   14 199276.000 66700.2022  66.5%   3.9   10s
  4179  2971 71628.5190   58    1 199276.000 66700.2022  66.5%   5.0   15s
  5041  3582 69189.7318   43    2 199276.000 66704.1378  66.5%   4.9   20s
  6569  4476 67425.1628   30    6 199276.000 66704.1378  66.5%   4.7   25s
  8665  5625 67878.7392   53    1 199276.000 66763.0876  66.5%   4.5   30s
 10547  6712 67007.5025   17   19 199276.000 66763.0876  66.5%   4.5   35s
 11861  8125 67277.1488   18   16 199276.000 66814.5939  66.5%   4.5   40s
 13760  9576 67761.4989   33    5 199276.000 66854.3958  66.5%   4.5   45s
 16022 11525 67718.1387   28   10 199276.000 66856.7602  66.5%   4.4   50s
 17328 12923 68037.3921   32   10 199276.000 66856.7602  66.5%   4.4   55s
 18366 13753 67561.7786   28   15 199276.000 66856.7602  66.5%   4.4   60s
 19885 15220 68123.2013   38    8 199276.000 66856.7602  66.5%   4.4   65s
 21785 16946 67282.3869   19   20 199276.000 66911.6652  66.4%   4.4   70s
 23813 18326 67475.7356   24   15 199276.000 66911.6652  66.4%   4.4   76s
 25030 19596 69098.0000   64    - 199276.000 66911.6652  66.4%   4.4   80s
 26565 21060 67816.5993   24   14 199276.000 66924.2504  66.4%   4.4   85s
 28590 22963 67805.8792   31    7 199276.000 66924.2504  66.4%   4.4   90s
 30886 25043 69424.6034   61    3 199276.000 66963.6686  66.4%   4.4   97s
 32003 26051 67702.2882   24   16 199276.000 66963.6686  66.4%   4.5  100s
 33312 26264 68759.0000   66    7 199276.000 66963.6686  66.4%   4.5  109s
H33313 24951                    183733.00000 66969.5466  63.6%   4.5  111s
 33317 24953 70111.4656   58   30 183733.000 66978.4345  63.5%   4.5  117s
 33318 24954 69415.5531   61   31 183733.000 67099.2613  63.5%   4.5  120s
H33321 23708                    175747.00000 67099.2613  61.8%   4.5  124s
 33323 23709 68326.4046   46   30 175747.000 67099.2613  61.8%   4.5  125s
 33326 23711 68077.3345   34   30 175747.000 67099.2613  61.8%   4.5  131s
 33329 23713 68237.1789   45   30 175747.000 67099.2613  61.8%   4.5  135s
 33346 23742 67194.4295   25   27 175747.000 67184.2756  61.8%   4.5  140s
 33557 23898 67438.3906   29   24 175747.000 67268.7636  61.7%   4.6  146s
 33816 24151 67549.0544   31   22 175747.000 67268.7636  61.7%   4.8  150s
 34114 24344 67653.4136   34   17 175747.000 67268.7636  61.7%   4.8  155s
 34526 24658 67934.9693   38   13 175747.000 67268.7636  61.7%   4.9  160s
 34822 24751 67904.0706   40   10 175747.000 67268.7636  61.7%   4.9  165s
 35415 25284 67976.9643   42    8 175747.000 67268.7636  61.7%   5.0  170s
 36357 25751 69064.8496   50    6 175747.000 67268.7636  61.7%   5.0  175s
 37345 26203 69889.0079   61    3 175747.000 67301.2619  61.7%   5.0  180s
 38136 26989 71839.1355   74    1 175747.000 67365.6796  61.7%   5.0  186s
 39509 27340 67560.8301   32   19 175747.000 67383.6524  61.7%   5.0  191s
 40062 28106 67595.0364   34   20 175747.000 67383.6524  61.7%   5.0  197s
 40832 28505 68812.1403   65    4 175747.000 67383.6524  61.7%   5.0  200s
 42272 29380 68065.2985   44    9 175747.000 67423.5783  61.6%   5.0  206s
 43138 29585 67793.8257   35   20 175747.000 67426.5142  61.6%   5.0  212s
 43659 29527 68263.2225   48   10 175747.000 67428.8169  61.6%   5.0  216s
 43699 29781 68703.0462   49   12 175747.000 67428.8169  61.6%   5.0  220s
 44841 31035 67881.9878   38   10 175747.000 67428.8169  61.6%   5.0  229s
 45900 31563 73427.0000   85    - 175747.000 67428.8169  61.6%   5.1  233s
 46941 31369 68137.6877   39   14 175747.000 67469.7932  61.6%   5.1  236s
 46978 31787 68047.0607   38   13 175747.000 67469.7932  61.6%   5.1  240s
 48745 33357 68055.3234   40    8 175747.000 67471.9232  61.6%   5.1  248s
 50371 34278 67908.1685   40   12 175747.000 67486.4942  61.6%   5.1  252s
 51884 34503 67896.0556   34   19 175747.000 67486.4942  61.6%   5.1  256s
 53189 35147 68996.6175   53    4 175747.000 67501.1738  61.6%   5.2  260s
 55290 36909 81509.0000   92    - 175747.000 67504.6036  61.6%   5.2  269s
 56949 37923 68221.7990   47   14 175747.000 67530.4255  61.6%   5.2  274s
 58717 38866 67907.8458   31   22 175747.000 67532.7604  61.6%   5.2  279s
 59792 38667 67793.5390   33   21 175747.000 67541.7165  61.6%   5.2  280s
 60654 39144 67863.4238   35   22 175747.000 67543.0935  61.6%   5.2  289s
 61454 39906 78831.6720   87    1 175747.000 67543.0935  61.6%   5.2  295s
 62602 40503 69759.7954   64    1 175747.000 67546.8429  61.6%   5.2  300s
 63703 41143 68101.0822   36   15 175747.000 67546.8429  61.6%   5.2  305s
 64922 41792 69631.3906   61    2 175747.000 67546.8429  61.6%   5.3  310s
 66436 42841 68584.4685   58    2 175747.000 67551.3738  61.6%   5.2  317s
 68011 44231 68575.1175   49    3 175747.000 67565.1777  61.6%   5.2  323s
 70153 44850 68573.8134   74    2 175747.000 67573.2010  61.6%   5.2  330s
 72621 45620 67887.2760   32   22 175747.000 67580.7002  61.5%   5.2  339s
 74800 47400 68049.7704   35   21 175747.000 67590.1565  61.5%   5.2  346s
 77214 48720 68176.9607   38   20 175747.000 67595.2306  61.5%   5.2  354s
 79608 49598 68135.5882   38   13 175747.000 67603.9562  61.5%   5.2  361s
 81426 51271 68253.7641   47   16 175747.000 67610.8577  61.5%   5.2  369s
 82013 51129 68916.5952   64    1 175747.000 67610.9230  61.5%   5.2  370s
 84126 52587 68949.0472   59    3 175747.000 67616.8619  61.5%   5.2  379s
 86499 52055 78435.0000   92    - 175747.000 67620.1146  61.5%   5.2  380s
 86581 54173 68386.4016   37   15 175747.000 67620.1146  61.5%   5.2  388s
 89457 55206 68768.7330   51    9 175747.000 67620.1146  61.5%   5.2  397s
 91707 57252 68856.9215   60    1 175747.000 67640.3134  61.5%   5.2  407s
 94889 56666 67995.8909   32   19 175747.000 67645.0096  61.5%   5.2  417s
 95085 57601 68044.4104   33   21 175747.000 67645.0096  61.5%   5.3  426s
 96243 58099 68144.4990   34   18 175747.000 67645.3210  61.5%   5.3  435s
 97508 59203 68158.5155   35   17 175747.000 67646.1294  61.5%   5.3  446s
 99337 60411 68339.9371   36   16 175747.000 67647.8721  61.5%   5.3  457s
 101391 60162 68342.9119   37   15 175747.000 67650.9736  61.5%   5.3  467s
 101617 61074 68351.1651   38   16 175747.000 67651.3794  61.5%   5.3  479s
 102115 60955 68045.5434   37   20 175747.000 67652.0816  61.5%   5.3  480s
 102850 62267 68354.3817   39   14 175747.000 67652.0906  61.5%   5.3  491s
 104738 63075 68354.6109   40   16 175747.000 67656.4526  61.5%   5.3  503s
 106165 65307 68370.7446   41   13 175747.000 67659.9547  61.5%   5.3  515s
 108862 67505 68384.1755   42   14 175747.000 67664.0213  61.5%   5.3  531s
 111412 70403 69516.1366   62    4 175747.000 67664.0213  61.5%   5.3  546s
 114806 74143 68344.9052   38   17 175747.000 67675.0404  61.5%   5.3  563s
 117654 74444 78845.0000   95    - 175747.000 67677.0216  61.5%   5.3  565s
 119044 77240 68804.3012   78    2 175747.000 67679.4843  61.5%   5.4  579s
 122780 79698 68105.0693   37   19 175747.000 67683.7228  61.5%   5.4  595s
 124855 79812 68347.8508   40   17 175747.000 67684.3356  61.5%   5.4  600s

Cutting planes:
  Gomory: 3
  Cover: 2
  MIR: 2
  Flow cover: 1

Explored 124887 nodes (680271 simplex iterations) in 602.40 seconds (237.37 work units)
Thread count was 32 (of 32 available processors)

Solution count 10: 175747 183733 199276 ... 317381

Time limit reached
Best objective 1.757470000000e+05, best bound 6.768433563000e+04, gap 61.4876%

User-callback calls 285464, time in user-callback 126.74 sec
