
Gurobi 13.0.2 (win64) logging started Thu Jul 16 21:24:09 2026

Set parameter LogFile to value "logs/kstar_nI40_nJ20_nK100_nL10_tI6_tJ6_s4_m1_exact_s0_20260716-212409.gurobi.log"
Set parameter Seed to value 0
Set parameter TimeLimit to value 599.9523838
Set parameter MIPGap to value 0
Set parameter MIPGapAbs to value 0.5
Set parameter Cutoff to value 1e+100
Gurobi Optimizer version 13.0.2 build v13.0.2rc1 (win64 - Windows 11+.0 (26200.2))

CPU model: Intel(R) Core(TM) i9-14900HX, instruction set [SSE2|AVX|AVX2]
Thread count: 24 physical cores, 32 logical processors, using up to 32 threads

Non-default parameters:
TimeLimit  599.9523838
MIPGap  0
MIPGapAbs  0.5
PreCrush  1
LazyConstraints  1

Optimize a model with 20 rows, 70 columns and 600 nonzeros (Min)
Model fingerprint: 0x3a5b62db
Model has 70 linear objective coefficients
Variable types: 10 continuous, 60 integer (60 binary)
Coefficient statistics:
  Matrix range     [2e+00, 1e+03]
  Objective range  [1e+00, 5e+02]
  Bounds range     [1e+00, 1e+04]
  RHS range        [1e+03, 1e+03]

Using branch priorities.
Presolve removed 18 rows and 0 columns
Presolve time: 0.00s
Presolved: 2 rows, 70 columns, 60 nonzeros
Variable types: 10 continuous, 60 integer (60 binary)

Root relaxation: objective 1.017818e+05, 5 iterations, 0.00 seconds (0.00 work units)

    Nodes    |    Current Node    |     Objective Bounds      |     Work
 Expl Unexpl |  Obj  Depth IntInf | Incumbent    BestBd   Gap | It/Node Time

     0     0 101781.844    0    3          - 101781.844      -     -    0s
H    0     0                    322799.00000 101781.844  68.5%     -    0s
H    0     0                    307622.00000 101781.844  66.9%     -    0s
H    0     0                    292799.00000 101781.844  65.2%     -    0s
     0     0 102250.399    0    3 292799.000 102250.399  65.1%     -    0s
     0     0 102352.402    0    4 292799.000 102352.402  65.0%     -    0s
H    0     0                    289828.00000 102360.754  64.7%     -    0s
     0     0 102828.446    0    6 289828.000 102828.446  64.5%     -    0s
     0     0 102899.631    0   11 289828.000 102899.631  64.5%     -    0s
H    0     0                    267145.00000 102902.241  61.5%     -    0s
H    0     0                    254774.00000 102902.241  59.6%     -    0s
H    0     0                    236122.00000 102902.241  56.4%     -    0s
H    0     0                    232694.00000 102902.241  55.8%     -    0s
     0     0 102944.206    0   10 232694.000 102944.206  55.8%     -    0s
     0     0 102948.709    0   10 232694.000 102948.709  55.8%     -    0s
H    0     0                    225372.00000 102948.709  54.3%     -    0s
     0     2 103019.366    0   11 225372.000 103019.366  54.3%     -    0s
H 3409  2883                    198746.00000 103393.967  48.0%   3.1    3s
H 3411  2739                    197573.00000 103556.237  47.6%   3.1    4s
H 3414  2604                    189467.00000 103570.272  45.3%   3.1    4s
H 3414  2474                    186295.00000 103570.272  44.4%   3.1    4s
H 3417  2352                    179155.00000 103570.272  42.2%   3.1    4s
  3421  2355 105400.177   14   20 179155.000 103570.272  42.2%   3.1    5s
H 3421  2237                    172568.00000 103618.925  40.0%   3.1    5s
H 3422  2237                    171420.00000 103618.925  39.6%   3.1    5s
H 3429  2130                    159744.00000 103618.925  35.1%   3.1    6s
H 3429  2023                    149875.00000 103618.925  30.9%   3.1    6s
  3924  2476 107944.129   25    5 149875.000 104131.442  30.5%   4.2   10s
  6557  3832 109767.884   53    3 149875.000 104237.122  30.5%   4.2   15s
 10365  6079 107773.006   27   10 149875.000 104704.443  30.1%   4.2   20s
 13195  8356 108048.486   49    2 149875.000 104758.034  30.1%   4.2   25s
 15018  9931 133919.000   70    - 149875.000 104783.824  30.1%   4.3   30s
 16717 11084 110382.694   57    1 149875.000 104886.767  30.0%   4.4   35s
 17280 11691 107588.023   43    3 149875.000 104886.767  30.0%   4.4   40s
 18298 12629 108327.178   33    8 149875.000 104899.878  30.0%   4.5   45s
 20086 14267 108895.523   36    6 149875.000 104956.110  30.0%   4.5   50s
 23124 16880 112766.000   54    - 149875.000 104956.110  30.0%   4.5   56s
 24582 18140 107387.366   35   15 149875.000 105093.900  29.9%   4.5   60s
 26716 19609 111534.939   54    6 149875.000 105134.568  29.9%   4.5   65s
 28306 21036 108191.919   36    6 149875.000 105159.281  29.8%   4.5   70s
 30181 22596 108967.243   29   14 149875.000 105174.671  29.8%   4.6   75s
 32206 23636 109985.511   32    9 149875.000 105253.115  29.8%   4.6   80s
 33089 24997 111654.005   48    8 149875.000 105285.559  29.8%   4.6   86s
 34809 26462 108957.017   28   19 149875.000 105303.690  29.7%   4.7   92s
 35738 27325 111202.115   53    2 149875.000 105303.690  29.7%   4.8   95s
 37865 29164 108451.685   33   12 149875.000 105319.560  29.7%   4.8  103s
 38969 30133 108542.369   34   10 149875.000 105361.827  29.7%   4.9  107s
 40195 31281 112691.506   38    8 149875.000 105361.827  29.7%   4.9  110s
 41602 32350 109278.184   40   12 149875.000 105361.827  29.7%   4.9  115s
 44414 34705 110642.784   35   15 149875.000 105487.333  29.6%   5.0  123s
 45787 34937 116020.000   58   10 149875.000 105540.906  29.6%   5.0  139s
 45789 34938 108189.000   66   32 149875.000 105898.738  29.3%   5.0  141s
 45790 34939 110764.233   44   32 149875.000 105898.738  29.3%   5.0  145s
H45790 33192                    141501.00000 106201.309  24.9%   5.0  147s
 45796 33196 113614.000   62   34 141501.000 106201.309  24.9%   5.0  152s
 45799 33198 107954.175   25   36 141501.000 106211.718  24.9%   5.0  157s
 45802 33200 110553.446   43   35 141501.000 106211.718  24.9%   5.0  161s
 45806 33203 107699.950   46   35 141501.000 106211.718  24.9%   5.0  166s
 45809 33205 108250.416   35   34 141501.000 106211.718  24.9%   5.0  171s
 45813 33207 107014.886   36   37 141501.000 106244.619  24.9%   5.0  176s
H45814 31547                    134831.00000 106244.619  21.2%   5.0  180s
H45814 29969                    132587.00000 106244.619  19.9%   5.0  180s
 45818 29972 108794.000   57   36 132587.000 106262.929  19.9%   5.0  186s
 45834 29999 107342.981   27   24 132587.000 106393.422  19.8%   5.1  190s
 45914 30122 109910.423   30   20 132587.000 106670.610  19.5%   5.2  196s
 46138 30326 111102.689   32   14 132587.000 106670.610  19.5%   5.3  200s
 46586 30584 111095.128   37   13 132587.000 106670.610  19.5%   5.4  205s
 47039 30773 111124.163   43   12 132587.000 106670.610  19.5%   5.4  210s
 47452 30959 111119.786   44   14 132587.000 106752.695  19.5%   5.5  215s
 48089 31402 112442.403   56    4 132587.000 106869.063  19.4%   5.5  221s
 48933 31832 107699.201   31   26 132587.000 106929.132  19.4%   5.5  225s
 49726 32515 109911.053   59    2 132587.000 106934.861  19.3%   5.6  231s
 50923 32958 109404.511   52   11 132587.000 107110.340  19.2%   5.6  236s
 52233 33639 108789.126   46   19 132587.000 107240.552  19.1%   5.7  241s
 53491 34001 110426.133   62    2 132587.000 107285.189  19.1%   5.8  246s
 54221 34833 108228.807   36   23 132587.000 107285.189  19.1%   5.8  252s
 54971 35154 108465.052   31   28 132587.000 107285.189  19.1%   5.8  255s
 56666 36191 108144.737   36   25 132587.000 107366.040  19.0%   5.9  261s
 57621 36642 108195.008   32   26 132587.000 107490.694  18.9%   5.9  265s
 59478 36954 108226.542   30   28 132587.000 107533.538  18.9%   6.0  270s
 60203 37858 109320.504   46   11 132587.000 107533.538  18.9%   6.0  276s
 61005 38272 109003.450   41   19 132587.000 107646.049  18.8%   6.1  280s
 62654 39053 109041.817   35   27 132587.000 107654.355  18.8%   6.2  286s
 64087 40238 110446.498   45   16 132587.000 107675.210  18.8%   6.3  292s
 65246 40921 113764.128   63    3 132587.000 107709.360  18.8%   6.4  297s
 66542 41529 109066.892   36   27 132587.000 107726.400  18.8%   6.4  302s
 67757 42254 111114.000   73    - 132587.000 107768.108  18.7%   6.4  306s
 69135 43008 112412.000   68    - 132587.000 107790.883  18.7%   6.5  310s
 70603 43715 109482.068   37   23 132587.000 107818.694  18.7%   6.5  315s
 73417 45174 108703.685   36   31 132587.000 107866.543  18.6%   6.6  325s
 76447 46916 114136.048   72    1 132587.000 107897.767  18.6%   6.7  334s
 78075 47586 111607.823   58    8 132587.000 107897.767  18.6%   6.7  339s
 79430 48475 110373.126   64    1 132587.000 107897.767  18.6%   6.8  344s
 81081 48218 110209.432   44   20 132587.000 107969.842  18.6%   6.8  345s
 81241 48934 109415.493   38   18 132587.000 107975.411  18.6%   6.8  354s
 82267 49646 109470.572   39   19 132587.000 107975.411  18.6%   6.8  360s
 84161 50146 109511.907   40   16 132587.000 107983.869  18.6%   6.8  366s
 85663 51147 109484.766   44   20 132587.000 107983.869  18.6%   6.8  371s
 87209 51007 109466.048   43   20 132587.000 108029.598  18.5%   6.9  377s
 87443 51716 109639.233   44   20 132587.000 108029.598  18.5%   6.9  383s
 88387 52631 110072.312   38   30 132587.000 108033.462  18.5%   6.9  389s
 90004 53470 110230.387   52   20 132587.000 108039.852  18.5%   7.0  395s
 91627 54414 110337.272   61    5 132587.000 108068.270  18.5%   7.0  402s
 93387 55296 110133.257   53   11 132587.000 108086.022  18.5%   7.1  410s
 95180 56367 109143.972   37   29 132587.000 108102.828  18.5%   7.1  416s
 97126 57450 109342.292   41   22 132587.000 108121.993  18.5%   7.2  424s
 99267 58590 109264.987   41   27 132587.000 108139.573  18.4%   7.2  432s
 101350 59651 110142.891   45   22 132587.000 108155.662  18.4%   7.2  441s
 104571 60844 109337.632   41   24 132587.000 108156.954  18.4%   7.2  449s
 106655 61974 111205.021   58    2 132587.000 108181.141  18.4%   7.3  460s
 108722 63045 109636.996   35   29 132587.000 108184.434  18.4%   7.3  469s
 111465 64360 109359.956   37   32 132587.000 108214.689  18.4%   7.3  478s
 114006 65606 111842.691   46   21 132587.000 108230.525  18.4%   7.4  490s
 116406 66894 110321.560   47   17 132587.000 108249.468  18.4%   7.4  499s
 117624 66678 110692.719   48   16 132587.000 108250.303  18.4%   7.4  500s
 118843 67907 109211.335   38   31 132587.000 108264.396  18.3%   7.4  508s
 120952 69103 110970.102   47   25 132587.000 108283.835  18.3%   7.5  520s
 123418 70478 109923.781   38   26 132587.000 108298.827  18.3%   7.5  531s
 125926 71661 113552.902   75    1 132587.000 108318.695  18.3%   7.6  542s
 128444 73090 110961.695   41   28 132587.000 108336.146  18.3%   7.6  557s
 131075 74295 110587.444   33   32 132587.000 108351.737  18.3%   7.6  569s
 133096 73976 109855.563   37   30 132587.000 108356.659  18.3%   7.7  570s
 133648 75586 110581.139   49   18 132587.000 108369.641  18.3%   7.7  583s
 136377 76992 109787.177   42   28 132587.000 108387.990  18.3%   7.7  595s
 139594 78418 110989.660   41   26 132587.000 108402.279  18.2%   7.7  600s

Cutting planes:
  Gomory: 1
  MIR: 15
  Flow cover: 7

Explored 140499 nodes (1082929 simplex iterations) in 601.29 seconds (203.00 work units)
Thread count was 32 (of 32 available processors)

Solution count 10: 132587 134831 141501 ... 197573

Time limit reached
Best objective 1.325870000000e+05, best bound 1.084035889844e+05, gap 18.2397%

User-callback calls 320441, time in user-callback 54.99 sec
