
Gurobi 13.0.2 (win64) logging started Wed Jul 15 20:50:19 2026

Set parameter LogFile to value "logs/kstar_nI40_nJ40_nK100_nL10_tI5_tJ5_s5_m0_exact_s0_20260715-205019.gurobi.log"
Set parameter Seed to value 0
Set parameter TimeLimit to value 599.9355472
Set parameter NodefileStart to value 4
Set parameter MIPGap to value 0
Set parameter MIPGapAbs to value 0.9999
Set parameter Cutoff to value 1e+100
Gurobi Optimizer version 13.0.2 build v13.0.2rc1 (win64 - Windows 11+.0 (26200.2))

CPU model: Intel(R) Core(TM) i9-14900HX, instruction set [SSE2|AVX|AVX2]
Thread count: 24 physical cores, 32 logical processors, using up to 32 threads

Non-default parameters:
TimeLimit  599.9355472
MIPGap  0
MIPGapAbs  0.9999
NodefileStart  4

Optimize a model with 2200 rows, 56080 columns and 152800 nonzeros (Min)
Model fingerprint: 0x581db484
Model has 56080 linear objective coefficients
Variable types: 56000 continuous, 80 integer (80 binary)
Coefficient statistics:
  Matrix range     [1e+00, 1e+03]
  Objective range  [1e+00, 5e+02]
  Bounds range     [1e+00, 1e+00]
  RHS range        [5e+00, 2e+01]

Using branch priorities.
Found heuristic solution: objective 1239805.0000
Presolve time: 0.10s
Presolved: 2200 rows, 56080 columns, 152800 nonzeros
Variable types: 56000 continuous, 80 integer (80 binary)
Deterministic concurrent LP optimizer: primal and dual simplex
Showing primal log only...

Concurrent spin time: 0.01s

Solved with dual simplex

Root relaxation: objective 6.989388e+04, 1943 iterations, 0.06 seconds (0.07 work units)

    Nodes    |    Current Node    |     Objective Bounds      |     Work
 Expl Unexpl |  Obj  Depth IntInf | Incumbent    BestBd   Gap | It/Node Time

     0     0 69893.8790    0   80 1239805.00 69893.8790  94.4%     -    0s
H    0     0                    89401.166313 69893.8790  21.8%     -    0s
H    0     0                    89388.166313 69893.8790  21.8%     -    0s
H    0     0                    89274.836764 69893.8790  21.7%     -    0s
H    0     0                    89176.099213 69893.8790  21.6%     -    0s
H    0     0                    89105.099213 82665.2947  7.23%     -    0s
     0     0 82665.2947    0   36 89105.0992 82665.2947  7.23%     -    0s
H    0     0                    88412.000000 82720.1916  6.44%     -    0s
     0     0 83905.4747    0   32 88412.0000 83905.4747  5.10%     -    0s
     0     0 83987.9807    0   31 88412.0000 83987.9807  5.00%     -    0s
     0     0 83992.5016    0   31 88412.0000 83992.5016  5.00%     -    0s
     0     0 86052.1738    0   23 88412.0000 86052.1738  2.67%     -    0s
H    0     0                    87557.000000 86071.7804  1.70%     -    0s
     0     0 86269.5888    0   23 87557.0000 86269.5888  1.47%     -    0s
     0     0 86281.5170    0   22 87557.0000 86281.5170  1.46%     -    0s
     0     0 86281.5170    0   22 87557.0000 86281.5170  1.46%     -    0s
H    0     0                    87405.000000 86281.5170  1.29%     -    0s
     0     0 86480.1074    0   14 87405.0000 86480.1074  1.06%     -    0s
H    0     0                    87152.106946 86491.2855  0.76%     -    0s
H    0     0                    86915.000000 86491.2855  0.49%     -    0s
     0     0 86575.7266    0   12 86915.0000 86575.7266  0.39%     -    0s
     0     0 86588.7696    0   12 86915.0000 86588.7696  0.38%     -    1s
H    0     0                    86911.000000 86588.7748  0.37%     -    1s
H    0     0                    86753.000000 86588.7748  0.19%     -    1s
     0     0 86588.7748    0   12 86753.0000 86588.7748  0.19%     -    1s
     0     0 86627.2219    0   11 86753.0000 86627.2219  0.14%     -    1s
H    0     0                    86699.000000 86627.4737  0.08%     -    1s
*    0     0               0    86628.000000 86628.0000  0.00%     -    1s

Cutting planes:
  Implied bound: 715
  MIR: 77
  Flow cover: 424
  Relax-and-lift: 21

Explored 1 nodes (3956 simplex iterations) in 1.19 seconds (1.28 work units)
Thread count was 32 (of 32 available processors)

Solution count 9: 86628 86628 86753 ... 89105.1

Optimal solution found (tolerance 0.00e+00)
Best objective 8.662800000000e+04, best bound 8.662800000000e+04, gap 0.0000%
