
Gurobi 13.0.2 (win64) logging started Thu Jul 16 02:18:55 2026

Set parameter LogFile to value "logs/kstar_nI20_nJ40_nK100_nL10_tI3_tJ3_s5_m1_exact_s0_20260716-021855.gurobi.log"
Set parameter Seed to value 0
Set parameter TimeLimit to value 599.9427508
Set parameter MIPGap to value 0
Set parameter MIPGapAbs to value 0.5
Set parameter Cutoff to value 1e+100
Gurobi Optimizer version 13.0.2 build v13.0.2rc1 (win64 - Windows 11+.0 (26200.2))

CPU model: Intel(R) Core(TM) i9-14900HX, instruction set [SSE2|AVX|AVX2]
Thread count: 24 physical cores, 32 logical processors, using up to 32 threads

Non-default parameters:
TimeLimit  599.9427508
MIPGap  0
MIPGapAbs  0.5
PreCrush  1
LazyConstraints  1

Optimize a model with 20 rows, 70 columns and 600 nonzeros (Min)
Model fingerprint: 0x4ce13aed
Model has 70 linear objective coefficients
Variable types: 10 continuous, 60 integer (60 binary)
Coefficient statistics:
  Matrix range     [1e+01, 1e+03]
  Objective range  [1e+00, 5e+02]
  Bounds range     [1e+00, 9e+03]
  RHS range        [1e+03, 1e+03]

Using branch priorities.
Presolve removed 8 rows and 0 columns
Presolve time: 0.00s
Presolved: 12 rows, 70 columns, 420 nonzeros
Variable types: 10 continuous, 60 integer (60 binary)

Root relaxation: objective 8.134608e+04, 6 iterations, 0.00 seconds (0.00 work units)

    Nodes    |    Current Node    |     Objective Bounds      |     Work
 Expl Unexpl |  Obj  Depth IntInf | Incumbent    BestBd   Gap | It/Node Time

     0     0 81346.0843    0    3          - 81346.0843      -     -    0s
H    0     0                    511923.00000 81346.0843  84.1%     -    0s
H    0     0                    488192.00000 81346.0843  83.3%     -    0s
H    0     0                    481496.00000 81346.0843  83.1%     -    0s
H    0     0                    467640.00000 81346.0843  82.6%     -    0s
H    0     0                    466855.00000 81346.0843  82.6%     -    0s
H    0     0                    437700.00000 81346.0843  81.4%     -    0s
     0     0 81446.5428    0    5 437700.000 81446.5428  81.4%     -    0s
     0     0 81534.7920    0    7 437700.000 81534.7920  81.4%     -    0s
     0     0 81538.7432    0    7 437700.000 81538.7432  81.4%     -    0s
H    0     0                    400094.00000 81538.7432  79.6%     -    0s
     0     2 81581.1456    0   12 400094.000 81581.1456  79.6%     -    1s
  2243  2329 82520.6289   48    1 400094.000 81629.7105  79.6%   3.1    5s
H 3461  2937                    373528.00000 81653.9320  78.1%   2.9    9s
  3467  2941 82272.0000   33   19 373528.000 81653.9320  78.1%   2.9   10s
H 3468  2794                    340646.00000 81653.9320  76.0%   2.9   10s
H 3469  2794                    332640.00000 81653.9320  75.5%   2.9   10s
  3780  3095 81869.5837   20   14 332640.000 81700.3852  75.4%   4.1   15s
  4430  3437 82439.6066   32    6 332640.000 81700.3852  75.4%   4.9   20s
  5224  3931 82228.8073   33    7 332640.000 81706.6951  75.4%   5.1   25s
  6189  4398 82264.1335   38    5 332640.000 81736.9272  75.4%   5.1   30s
  7229  5013 81954.1067   20   15 332640.000 81751.1797  75.4%   5.2   35s
  8126  5512 82399.1571   35    4 332640.000 81769.8886  75.4%   5.1   40s
  9124  6055 83390.3072   44    2 332640.000 81769.9798  75.4%   5.1   45s
 10677  6852 83067.5220   67    1 332640.000 81774.8295  75.4%   5.0   50s
 12267  7894 92145.0000   65    - 332640.000 81790.5964  75.4%   5.0   55s
 14232  9488 82051.8647   20   16 332640.000 81797.9899  75.4%   4.9   60s
 15739 10473 83558.2743   58    3 332640.000 81797.9899  75.4%   4.8   65s
 16415 11136 82169.9109   24   12 332640.000 81808.9299  75.4%   4.9   70s
 17057 11490 82597.0000   27    - 332640.000 81808.9299  75.4%   4.9   75s
 17699 12136 82947.0000   33    - 332640.000 81821.9443  75.4%   4.8   81s
 18636 13132 81892.8878   23   17 332640.000 81821.9443  75.4%   4.9   86s
 19565 13828 82635.9262   38    4 332640.000 81821.9443  75.4%   4.9   90s
 21363 15374 83993.2951   53    2 332640.000 81828.6752  75.4%   4.9   97s
 22661 16567 82668.6638   45    8 332640.000 81828.6752  75.4%   4.9  102s
 24023 17732 82367.6692   32    8 332640.000 81828.6752  75.4%   4.9  107s
 24888 18546 82125.7385   24   18 332640.000 81835.3866  75.4%   4.9  111s
 26854 20077 82170.7891   26   17 332640.000 81835.3866  75.4%   4.9  117s
 27730 20920 82530.4445   40    7 332640.000 81840.0484  75.4%   4.9  120s
 29954 22659 83215.5380   41    3 332640.000 81840.0484  75.4%   4.8  128s
 30997 23844 82079.2792   21   21 332640.000 81851.8678  75.4%   4.8  132s
 32533 24166 83259.3161   58    3 332640.000 81851.8678  75.4%   4.8  136s
 32565 24496 83263.6507   59    3 332640.000 81851.8678  75.4%   4.8  140s
 33644 25530 82376.2769   26   16 332640.000 81856.9220  75.4%   4.8  148s
 34305 25941 81939.2096   27   17 332640.000 81884.6137  75.4%   4.9  152s
 34753 26396 82197.7700   30   13 332640.000 81884.6137  75.4%   4.9  156s
 35460 27087 82456.6351   38   11 332640.000 81884.6137  75.4%   4.9  160s
 36546 28044 83873.1306   60    1 332640.000 81891.4758  75.4%   4.9  165s
 37459 29065 83274.4396   49    3 332640.000 81891.4758  75.4%   4.9  170s
 38822 29415 82562.1473   38    5 332640.000 81895.9712  75.4%   4.9  175s
 38997 29766 82749.8518   39    3 332640.000 81895.9712  75.4%   4.9  181s
 39603 30438 83044.5911   40    3 332640.000 81895.9712  75.4%   5.0  186s
 40518 31273 83172.3082   43    1 332640.000 81897.9035  75.4%   5.0  191s
 41631 32472 82008.1276   22   22 332640.000 81898.6166  75.4%   5.0  197s
 43125 33607 82024.4290   27   19 332640.000 81904.0153  75.4%   5.0  204s
 44472 33846 82154.4099   29    7 332640.000 81907.0541  75.4%   5.0  222s
 44474 33847 82736.1160   39   25 332640.000 81907.0541  75.4%   5.0  225s
 44477 33849 82029.5100   22   25 332640.000 81907.0541  75.4%   5.0  231s
 44478 33850 83288.0000   60   26 332640.000 81907.0541  75.4%   5.0  235s
 44481 33852 83009.0000   46   26 332640.000 81907.0541  75.4%   5.0  241s
H44481 32159                    308208.00000 81907.0541  73.4%   5.0  244s
H44481 30551                    305500.00000 81907.0541  73.2%   5.0  244s
 44484 30553 82337.3294   31   23 305500.000 81907.0541  73.2%   5.0  245s
H44485 29026                    302369.00000 81907.0541  72.9%   5.0  249s
 44486 29026 84519.0000   61   23 302369.000 81907.0541  72.9%   5.0  250s
 44489 29028 82618.9925   34   25 302369.000 81907.0541  72.9%   5.0  256s
 44497 29043 81907.0541   28   26 302369.000 81907.0541  72.9%   5.0  260s
 44553 29104 81907.0541   31   25 302369.000 81907.0541  72.9%   5.0  265s
 44730 29222 81910.6072   33   23 302369.000 81907.0541  72.9%   5.1  270s
 44763 29244 81950.3297   34   21 302369.000 81907.0541  72.9%   5.1  275s
 45054 29527 81907.0541   36   20 302369.000 81907.0541  72.9%   5.2  281s
 45354 29631 81952.9239   37   20 302369.000 81907.0541  72.9%   5.2  287s
 45400 29670 82285.7352   47   15 302369.000 81907.0541  72.9%   5.3  290s
 45711 29934 82105.5238   39   19 302369.000 81907.0541  72.9%   5.3  296s
 46013 30099 82103.9567   40   20 302369.000 81907.0541  72.9%   5.3  301s
 46292 30264 82120.8609   41   19 302369.000 81907.0541  72.9%   5.3  305s
 46830 30444 82824.0477   73    4 302369.000 81907.0541  72.9%   5.4  310s
 47353 30871 82219.2600   46   16 302369.000 81907.0541  72.9%   5.4  315s
 47900 31145 118942.000   81    - 302369.000 81907.0541  72.9%   5.4  320s
 48433 31647 82440.8942   52   11 302369.000 81907.0541  72.9%   5.4  326s
 48955 31848 82896.4158   55    6 302369.000 81915.7758  72.9%   5.4  330s
 49945 32496 84460.6822   70    2 302369.000 81953.5167  72.9%   5.5  336s
 50606 32725 93433.0418   80    1 302369.000 81953.5167  72.9%   5.5  340s
 51703 33352 82558.9452   43    9 302369.000 81953.5167  72.9%   5.5  347s
 52326 33634 82988.2211   53    2 302369.000 81953.5167  72.9%   5.5  351s
 53027 33926 83872.9933   75    3 302369.000 81953.5167  72.9%   5.5  355s
 54237 34593 82491.2286   53   11 302369.000 81967.8102  72.9%   5.5  363s
 55025 34500 82205.1342   38   15 302369.000 81977.7235  72.9%   5.5  368s
 55074 34673 82225.8231   39   18 302369.000 81977.7235  72.9%   5.5  374s
 55371 35256 83069.4919   63    1 302369.000 81977.7235  72.9%   5.5  379s
 56129 35608 82106.2371   44   19 302369.000 81977.7235  72.9%   5.5  385s
 57002 36096 82726.3756   53   11 302369.000 81977.7235  72.9%   5.5  390s
 57969 35984 82327.9124   35   17 302369.000 81977.7235  72.9%   5.5  397s
 58001 36234 82364.5423   36   19 302369.000 81977.7235  72.9%   5.5  402s
 58582 36746 82510.2365   39   14 302369.000 81977.7235  72.9%   5.5  408s
 59411 37192 82797.9661   47    8 302369.000 81977.7235  72.9%   5.5  415s
 60418 37739 84204.7359   64    4 302369.000 82040.5784  72.9%   5.5  420s
 61379 38269 82132.2520   45   18 302369.000 82040.5784  72.9%   5.5  426s
 62438 38494 83190.4839   62    4 302369.000 82051.2139  72.9%   5.6  433s
 63045 39106 83297.3661   63    3 302369.000 82051.2139  72.9%   5.5  439s
 63827 38972 83247.3385   75    1 302369.000 82051.2139  72.9%   5.6  440s
 64102 39652 82518.1690   49   11 302369.000 82051.2139  72.9%   5.6  446s
 65161 40302 82193.3741   38   18 302369.000 82065.7052  72.9%   5.6  452s
 66301 40868 94632.0000   80    - 302369.000 82069.3306  72.9%   5.6  458s
 67563 41615 82637.6882   48    7 302369.000 82086.0013  72.9%   5.6  465s
 68909 42341 82627.8193   48    7 302369.000 82088.6456  72.9%   5.6  472s
 70322 42148 82696.7660   53    8 302369.000 82096.7475  72.8%   5.6  481s
 70388 42191 82809.7641   54    6 302369.000 82099.5297  72.8%   5.6  490s
 70468 43037 83035.3510   55    3 302369.000 82099.5297  72.8%   5.6  499s
 71622 43674 83164.2674   56    4 302369.000 82100.0012  72.8%   5.6  507s
 72964 44531 83182.6878   57    4 302369.000 82105.0546  72.8%   5.6  515s
 74393 45085 83201.0765   58    4 302369.000 82106.9532  72.8%   5.7  524s
 74522 45051 82237.6754   43   16 302369.000 82106.9532  72.8%   5.7  525s
 75607 45920 83250.5959   59    2 302369.000 82106.9532  72.8%   5.7  533s
 77195 46774 83317.3731   60    1 302369.000 82112.6880  72.8%   5.7  543s
 78730 47738 82940.9481   59   10 302369.000 82112.6880  72.8%   5.7  552s
 80453 48768 83931.7363   75    2 302369.000 82121.4050  72.8%   5.7  563s
 81578 48552 82829.4786   48    3 302369.000 82121.4050  72.8%   5.7  565s
 82414 49469 82334.7581   44   19 302369.000 82129.4177  72.8%   5.7  575s
 84478 49328 82216.6501   36   21 302369.000 82135.0255  72.8%   5.7  585s
 84536 50485 82280.8351   37   20 302369.000 82135.0255  72.8%   5.7  596s
 86223 50366 82466.4828   51   14 302369.000 82135.5807  72.8%   5.7  600s

Cutting planes:
  Gomory: 2
  Cover: 2
  MIR: 6
  StrongCG: 1
  Flow cover: 1

Explored 86436 nodes (491152 simplex iterations) in 601.56 seconds (292.46 work units)
Thread count was 32 (of 32 available processors)

Solution count 10: 302369 305500 308208 ... 481496

Time limit reached
Best objective 3.023690000000e+05, best bound 8.213558074448e+04, gap 72.8360%

User-callback calls 196925, time in user-callback 162.91 sec
