
Gurobi 13.0.2 (win64) logging started Sat Jul 18 00:56:08 2026

Set parameter LogFile to value "logs/kstar_nI40_nJ40_nK50_nL5_tI4_tJ4_s3_m1_exact_s0_20260718-005608.gurobi.log"
Set parameter Seed to value 0
Set parameter TimeLimit to value 599.9777241
Set parameter MIPGap to value 0
Set parameter MIPGapAbs to value 0.5
Set parameter Cutoff to value 1e+100
Gurobi Optimizer version 13.0.2 build v13.0.2rc1 (win64 - Windows 11+.0 (26200.2))

CPU model: Intel(R) Core(TM) i9-14900HX, instruction set [SSE2|AVX|AVX2]
Thread count: 24 physical cores, 32 logical processors, using up to 32 threads

Non-default parameters:
TimeLimit  599.9777241
MIPGap  0
MIPGapAbs  0.5
PreCrush  1
LazyConstraints  1

Optimize a model with 10 rows, 85 columns and 400 nonzeros (Min)
Model fingerprint: 0x5833ac67
Model has 85 linear objective coefficients
Variable types: 5 continuous, 80 integer (80 binary)
Coefficient statistics:
  Matrix range     [1e+00, 6e+02]
  Objective range  [1e+00, 5e+02]
  Bounds range     [1e+00, 4e+03]
  RHS range        [6e+02, 6e+02]

Using branch priorities.
Presolve removed 7 rows and 0 columns
Presolve time: 0.00s
Presolved: 3 rows, 85 columns, 120 nonzeros
Variable types: 5 continuous, 80 integer (80 binary)

Root relaxation: objective 1.769845e+04, 4 iterations, 0.00 seconds (0.00 work units)

    Nodes    |    Current Node    |     Objective Bounds      |     Work
 Expl Unexpl |  Obj  Depth IntInf | Incumbent    BestBd   Gap | It/Node Time

     0     0 17698.4452    0    2          - 17698.4452      -     -    0s
H    0     0                    134766.00000 17698.4452  86.9%     -    0s
H    0     0                    124141.00000 17698.4452  85.7%     -    0s
H    0     0                    109837.00000 17698.4452  83.9%     -    0s
H    0     0                    101335.00000 17698.4452  82.5%     -    0s
     0     0 17925.7924    0    4 101335.000 17925.7924  82.3%     -    0s
     0     0 18031.2988    0   10 101335.000 18031.2988  82.2%     -    0s
H    0     0                    97893.000000 18035.7633  81.6%     -    0s
H    0     0                    88962.000000 18035.7633  79.7%     -    0s
H    0     0                    88953.000000 18035.7633  79.7%     -    0s
     0     0 18111.7285    0   13 88953.0000 18111.7285  79.6%     -    0s
     0     0 18112.2660    0   13 88953.0000 18112.2660  79.6%     -    0s
     0     2 18115.4381    0   16 88953.0000 18115.4381  79.6%     -    0s
H 3917  3424                    72478.000000 18236.0682  74.8%   3.1    3s
H 3919  3254                    70902.000000 18297.3590  74.2%   3.1    4s
  3929  3261 19422.0000   32   24 70902.0000 18302.8193  74.2%   3.1    5s
  5722  4460 19390.2397   35    5 70902.0000 18406.1325  74.0%   4.5   10s
* 8651  5983              90    49312.000000 18469.4857  62.5%   4.3   13s
 10011  6646 18656.6775   23   20 49312.0000 18469.4857  62.5%   4.3   15s
 15795 10803 19505.1635   37    7 49312.0000 18574.2276  62.3%   4.5   20s
 18211 12687 19166.3276   29   14 49312.0000 18607.9325  62.3%   4.5   25s
 21044 15048 19199.2270   18    9 49312.0000 18637.5356  62.2%   4.5   30s
 23836 17575 24755.0000   77    - 49312.0000 18650.8274  62.2%   4.6   35s
 28972 22337 18825.1256   20   20 49312.0000 18691.5824  62.1%   4.6   41s
 32232 24555 21654.3885   71    1 49312.0000 18697.8173  62.1%   4.6   45s
 35891 28057 19110.5137   24   19 49312.0000 18727.2665  62.0%   4.6   50s
 39958 31229 19773.6575   36   13 49312.0000 18732.9272  62.0%   4.7   56s
 42152 33524 19789.2605   35    6 49312.0000 18732.9272  62.0%   4.8   60s
 46616 37161 21994.7004   72    4 49312.0000 18754.0761  62.0%   4.8   67s
 49705 40197 19307.1127   34   16 49312.0000 18777.8402  61.9%   4.8   71s
 52689 42928 19068.2559   23   16 49312.0000 18780.7212  61.9%   4.9   76s
 55997 45881 19623.0318   38    9 49312.0000 18795.4459  61.9%   4.9   81s
 59486 48985 19438.3344   37   14 49312.0000 18795.5569  61.9%   5.0   86s
 63234 51903 19224.6633   24   18 49312.0000 18810.4534  61.9%   5.1   92s
 65583 53254 19485.4254   23   13 49312.0000 18815.8149  61.8%   5.1   95s
 66206 53341 19085.1381   28   13 49312.0000 18815.8149  61.8%   5.1  105s
 66210 53344 19911.5529   59   27 49312.0000 18815.8149  61.8%   5.1  110s
 66216 53348 20705.0000   52   30 49312.0000 18815.8149  61.8%   5.1  115s
 66220 53350 19615.7767   36   30 49312.0000 18815.8149  61.8%   5.1  120s
 66225 53354 20432.0000   58   31 49312.0000 18815.8149  61.8%   5.1  125s
H66225 50686                    48781.000000 18815.8149  61.4%   5.1  127s
 66228 50688 21323.0000   81   30 48781.0000 18815.8149  61.4%   5.1  130s
 66261 50743 18815.8149   28   29 48781.0000 18815.8149  61.4%   5.2  135s
 66453 50871 18942.6289   31   24 48781.0000 18815.8149  61.4%   5.2  142s
 66620 51086 19026.0834   33   29 48781.0000 18815.8149  61.4%   5.3  145s
 67492 51672 19393.5936   37   26 48781.0000 18815.8149  61.4%   5.4  150s
 68617 52188 19385.3833   41   24 48781.0000 18815.8149  61.4%   5.4  155s
 69577 52855 19419.3187   45   22 48781.0000 18815.8149  61.4%   5.5  161s
 70754 53747 19815.4592   51   16 48781.0000 18815.8149  61.4%   5.5  165s
 72024 54510 20084.8838   58   13 48781.0000 18815.8149  61.4%   5.5  170s
 74362 56043 19209.1516   35   19 48781.0000 18819.2005  61.4%   5.6  176s
 76221 56953 19292.3765   39   18 48781.0000 18881.3660  61.3%   5.6  181s
 78082 57538 20673.1812   73    7 48781.0000 18887.2679  61.3%   5.7  185s
 79620 59093 18939.3556   34   25 48781.0000 18890.5672  61.3%   5.7  190s
 80838 59326 19642.2809   47   17 48781.0000 18890.5672  61.3%   5.7  197s
 81577 60097 25936.0000   94    - 48781.0000 18890.5672  61.3%   5.7  200s
 84216 61645 19683.2263   47   20 48781.0000 18984.6771  61.1%   5.7  207s
 85498 62439 25140.0000   90    - 48781.0000 18984.6771  61.1%   5.8  210s
 88510 64179 19855.1960   49   14 48781.0000 19007.6627  61.0%   5.8  218s
 90138 64987 19337.3475   36   17 48781.0000 19023.8130  61.0%   5.8  221s
 93419 67081 20244.6623   69    4 48781.0000 19041.1710  61.0%   5.9  228s
 95166 68199 19934.3658   47   11 48781.0000 19041.1710  61.0%   5.9  232s
 97169 68903 19462.8629   43   15 48781.0000 19069.4500  60.9%   5.9  237s
 98671 70008 21057.3446   90    2 48781.0000 19069.4500  60.9%   5.9  241s
 100655 71005 20166.2310   71    3 48781.0000 19083.1810  60.9%   6.0  246s
 102434 72289 19809.8761   41   12 48781.0000 19085.4072  60.9%   6.0  250s
 106117 73881 21390.0000   88    - 48781.0000 19092.3348  60.9%   6.0  259s
 107473 75081 19787.4963   48   17 48781.0000 19092.6265  60.9%   6.1  263s
 109909 74717 19643.2422   43   17 48781.0000 19101.8406  60.8%   6.1  267s
 109941 76174 19656.2202   44   19 48781.0000 19101.8406  60.8%   6.1  273s
 112260 75985 19669.4109   45   17 48781.0000 19102.7190  60.8%   6.0  277s
 112512 77277 19678.9004   46   15 48781.0000 19103.1107  60.8%   6.0  284s
 114643 78630 19698.8337   47   16 48781.0000 19103.1836  60.8%   6.0  289s
 116986 80004 20257.8636   75    1 48781.0000 19108.4909  60.8%   6.0  295s
 119639 81273 19495.2478   38   19 48781.0000 19114.8582  60.8%   6.0  301s
 121951 82831 19631.3743   39   22 48781.0000 19118.1531  60.8%   6.0  307s
 124569 84035 19696.1318   36   14 48781.0000 19123.8570  60.8%   6.0  313s
 126972 85527 19660.7304   42   22 48781.0000 19131.2211  60.8%   6.0  320s
 129487 87250 19854.1997   53    9 48781.0000 19131.4624  60.8%   6.1  327s
 132554 89113 19382.4412   39   21 48781.0000 19140.8315  60.8%   6.1  334s
 135736 90880 19253.9683   36   24 48781.0000 19150.7828  60.7%   6.1  341s
 138867 92740 19438.4195   37   19 48781.0000 19157.3858  60.7%   6.1  349s
 142022 94593 19544.8706   39   19 48781.0000 19162.1352  60.7%   6.1  357s
 145270 96489 19700.7314   42   20 48781.0000 19167.8721  60.7%   6.1  364s
 146364 96243 20469.7527   61   12 48781.0000 19167.8721  60.7%   6.1  365s
 148686 95825 19524.7959   42   17 48781.0000 19171.9165  60.7%   6.1  371s
 148810 97048 19642.0568   43   21 48781.0000 19171.9165  60.7%   6.1  379s
 150618 98362 19662.4789   44   19 48781.0000 19171.9165  60.7%   6.2  387s
 153388 100250 20269.6165   58    5 48781.0000 19176.7112  60.7%   6.1  396s
 156616 102015 20169.5139   54    9 48781.0000 19180.1466  60.7%   6.1  405s
 159696 103658 20265.5638   72    3 48781.0000 19185.1358  60.7%   6.1  414s
 162054 103146 19797.3905   45   16 48781.0000 19187.6026  60.7%   6.2  415s
 162704 105454 25253.4262   88    1 48781.0000 19188.6485  60.7%   6.2  423s
 166179 106335 19543.1080   37   16 48781.0000 19193.6512  60.7%   6.2  432s
 168068 108142 19813.4644   38   17 48781.0000 19194.6046  60.7%   6.2  441s
 171119 109957 20096.7702   49   15 48781.0000 19202.4803  60.6%   6.2  450s
 174311 111663 19482.2052   39   17 48781.0000 19207.0115  60.6%   6.2  459s
 175670 111355 21557.8912   82    2 48781.0000 19207.1466  60.6%   6.2  460s
 177310 113176 19623.7245   42   16 48781.0000 19207.1466  60.6%   6.2  469s
 180329 114948 19619.8992   44   12 48781.0000 19212.7174  60.6%   6.2  478s
 183688 116631 19473.5438   40   18 48781.0000 19216.4199  60.6%   6.2  487s
 186800 118375 20397.7676   58    6 48781.0000 19220.7259  60.6%   6.2  497s
 189786 120105 19572.4525   36   20 48781.0000 19224.4527  60.6%   6.2  506s
 192898 121697 20193.1037   53   10 48781.0000 19227.7018  60.6%   6.2  516s
 195851 123312 19674.6739   43   18 48781.0000 19231.9148  60.6%   6.2  526s
 198780 124995 20182.5439   62    5 48781.0000 19236.7990  60.6%   6.2  535s
 201821 126163 19439.1407   38   16 48781.0000 19239.6558  60.6%   6.3  545s
 204088 125660 19728.8339   42   19 48781.0000 19243.4518  60.6%   6.3  557s
 204120 127007 19806.6517   43   19 48781.0000 19243.4518  60.6%   6.3  567s
 205899 128482 19957.0628   44   11 48781.0000 19243.4518  60.6%   6.3  579s
 208638 130168 19687.3334   42   19 48781.0000 19245.0427  60.5%   6.3  590s
 211362 131710 21006.3188   78    1 48781.0000 19250.2686  60.5%   6.3  600s

Cutting planes:
  Gomory: 6
  MIR: 3

Explored 214237 nodes (1346286 simplex iterations) in 602.08 seconds (264.25 work units)
Thread count was 32 (of 32 available processors)

Solution count 10: 48781 49312 70902 ... 134766

Time limit reached
Best objective 4.878100000000e+04, best bound 1.925083080516e+04, gap 60.5362%

User-callback calls 449718, time in user-callback 69.30 sec
