
Gurobi 13.0.2 (win64) logging started Fri Jul 10 22:19:52 2026

Set parameter LogFile to value "logs/kstar_nI20_nJ20_nK100_nL10_tI3_tJ3_s2_m0_exact_s0_20260710-221952.gurobi.log"
Set parameter Seed to value 0
Set parameter TimeLimit to value 599.9705138
Set parameter NodefileStart to value 4
Set parameter MIPGap to value 0
Set parameter MIPGapAbs to value 0.9999
Set parameter Cutoff to value 1e+100
Gurobi Optimizer version 13.0.2 build v13.0.2rc1 (win64 - Windows 11+.0 (26200.2))

CPU model: Intel(R) Core(TM) i9-14900HX, instruction set [SSE2|AVX|AVX2]
Thread count: 24 physical cores, 32 logical processors, using up to 32 threads

Non-default parameters:
TimeLimit  599.9705138
MIPGap  0
MIPGapAbs  0.9999
NodefileStart  4

Optimize a model with 1600 rows, 24040 columns and 68400 nonzeros (Min)
Model fingerprint: 0x77b8b803
Model has 24040 linear objective coefficients
Variable types: 24000 continuous, 40 integer (40 binary)
Coefficient statistics:
  Matrix range     [1e+00, 1e+03]
  Objective range  [1e+00, 5e+02]
  Bounds range     [1e+00, 1e+00]
  RHS range        [5e+00, 2e+01]

Using branch priorities.
Found heuristic solution: objective 1238274.0000
Presolve time: 0.05s
Presolved: 1600 rows, 24040 columns, 68400 nonzeros
Variable types: 24000 continuous, 40 integer (40 binary)

Root relaxation: objective 1.200717e+05, 1468 iterations, 0.02 seconds (0.01 work units)

    Nodes    |    Current Node    |     Objective Bounds      |     Work
 Expl Unexpl |  Obj  Depth IntInf | Incumbent    BestBd   Gap | It/Node Time

     0     0 120071.679    0   37 1238274.00 120071.679  90.3%     -    0s
H    0     0                    127558.04286 120071.679  5.87%     -    0s
H    0     0                    127492.00000 120071.679  5.82%     -    0s
H    0     0                    127458.00000 127129.623  0.26%     -    0s
H    0     0                    127441.00000 127129.623  0.24%     -    0s
     0     0 127129.623    0    6 127441.000 127129.623  0.24%     -    0s
     0     0 127190.309    0    5 127441.000 127190.309  0.20%     -    0s
     0     0 127258.742    0    2 127441.000 127258.742  0.14%     -    0s
H    0     0                    127389.00000 127258.742  0.10%     -    0s

Cutting planes:
  Implied bound: 866
  MIR: 19
  Flow cover: 155
  Relax-and-lift: 6

Explored 1 nodes (1808 simplex iterations) in 0.25 seconds (0.26 work units)
Thread count was 32 (of 32 available processors)

Solution count 1: 127389 

Optimal solution found (tolerance 0.00e+00)
Best objective 1.273890000000e+05, best bound 1.273890000000e+05, gap 0.0000%
