
Gurobi 13.0.2 (win64) logging started Wed Jul 15 20:49:30 2026

Set parameter LogFile to value "logs/kstar_nI40_nJ20_nK50_nL10_tI5_tJ5_s2_m0_exact_s0_20260715-204930.gurobi.log"
Set parameter Seed to value 0
Set parameter TimeLimit to value 599.9771179
Set parameter NodefileStart to value 4
Set parameter MIPGap to value 0
Set parameter MIPGapAbs to value 0.9999
Set parameter Cutoff to value 1e+100
Gurobi Optimizer version 13.0.2 build v13.0.2rc1 (win64 - Windows 11+.0 (26200.2))

CPU model: Intel(R) Core(TM) i9-14900HX, instruction set [SSE2|AVX|AVX2]
Thread count: 24 physical cores, 32 logical processors, using up to 32 threads

Non-default parameters:
TimeLimit  599.9771179
MIPGap  0
MIPGapAbs  0.9999
NodefileStart  4

Optimize a model with 1300 rows, 18060 columns and 46600 nonzeros (Min)
Model fingerprint: 0xd3a6fdc0
Model has 18060 linear objective coefficients
Variable types: 18000 continuous, 60 integer (60 binary)
Coefficient statistics:
  Matrix range     [1e+00, 7e+02]
  Objective range  [1e+00, 5e+02]
  Bounds range     [1e+00, 1e+00]
  RHS range        [5e+00, 2e+01]

Using branch priorities.
Found heuristic solution: objective 594769.00000
Presolve time: 0.01s
Presolved: 1300 rows, 18060 columns, 46600 nonzeros
Variable types: 18000 continuous, 60 integer (60 binary)

Root relaxation: objective 5.174740e+04, 944 iterations, 0.00 seconds (0.01 work units)

    Nodes    |    Current Node    |     Objective Bounds      |     Work
 Expl Unexpl |  Obj  Depth IntInf | Incumbent    BestBd   Gap | It/Node Time

     0     0 51747.4034    0   58 594769.000 51747.4034  91.3%     -    0s
H    0     0                    62989.658543 51747.4034  17.8%     -    0s
H    0     0                    62561.000000 51747.4034  17.3%     -    0s
     0     0 55981.7868    0   39 62561.0000 55981.7868  10.5%     -    0s
H    0     0                    61583.000000 56030.3200  9.02%     -    0s
     0     0 56030.3200    0   39 61583.0000 56030.3200  9.02%     -    0s
     0     0 56030.3200    0   39 61583.0000 56030.3200  9.02%     -    0s
H    0     0                    61571.000000 59054.1377  4.09%     -    0s
     0     0 59054.1377    0   30 61571.0000 59054.1377  4.09%     -    0s
H    0     0                    61409.000000 59056.4465  3.83%     -    0s
     0     0 59212.0972    0   32 61409.0000 59212.0972  3.58%     -    0s
     0     0 59253.3097    0   32 61409.0000 59253.3097  3.51%     -    0s
H    0     0                    61393.000000 59259.3959  3.48%     -    0s
     0     0 59259.3959    0   30 61393.0000 59259.3959  3.48%     -    0s
     0     0 59260.8996    0   30 61393.0000 59260.8996  3.47%     -    0s
     0     0 59308.4565    0   31 61393.0000 59308.4565  3.40%     -    0s
H    0     0                    60485.000000 59329.2738  1.91%     -    0s
     0     0 59329.2738    0   31 60485.0000 59329.2738  1.91%     -    0s
H    0     0                    59816.000000 59342.3399  0.79%     -    0s
     0     0 59342.3399    0   31 59816.0000 59342.3399  0.79%     -    0s
     0     0 59507.6197    0   31 59816.0000 59507.6197  0.52%     -    0s
     0     0 59509.9710    0   31 59816.0000 59509.9710  0.51%     -    0s
H    0     0                    59681.000000 59539.3225  0.24%     -    0s
     0     0 59539.3225    0   24 59681.0000 59539.3225  0.24%     -    0s
H    0     0                    59654.000000 59596.3494  0.10%     -    0s
     0     0 59596.3494    0    6 59654.0000 59596.3494  0.10%     -    0s
     0     0 59644.7895    0    3 59654.0000 59644.7895  0.02%     -    0s
     0     0     cutoff    0      59654.0000 59654.0000  0.00%     -    0s

Cutting planes:
  Implied bound: 336
  MIR: 214
  Flow cover: 115
  Relax-and-lift: 1

Explored 1 nodes (2250 simplex iterations) in 0.40 seconds (0.41 work units)
Thread count was 32 (of 32 available processors)

Solution count 10: 59654 59681 59816 ... 594769

Optimal solution found (tolerance 0.00e+00)
Best objective 5.965400000000e+04, best bound 5.965400000000e+04, gap 0.0000%
