
Gurobi 13.0.2 (win64) logging started Wed Jul 15 20:47:43 2026

Set parameter LogFile to value "logs/kstar_nI20_nJ40_nK100_nL10_tI5_tJ5_s1_m0_exact_s0_20260715-204743.gurobi.log"
Set parameter Seed to value 0
Set parameter TimeLimit to value 599.9328937
Set parameter NodefileStart to value 4
Set parameter MIPGap to value 0
Set parameter MIPGapAbs to value 0.9999
Set parameter Cutoff to value 1e+100
Gurobi Optimizer version 13.0.2 build v13.0.2rc1 (win64 - Windows 11+.0 (26200.2))

CPU model: Intel(R) Core(TM) i9-14900HX, instruction set [SSE2|AVX|AVX2]
Thread count: 24 physical cores, 32 logical processors, using up to 32 threads

Non-default parameters:
TimeLimit  599.9328937
MIPGap  0
MIPGapAbs  0.9999
NodefileStart  4

Optimize a model with 2000 rows, 48060 columns and 136600 nonzeros (Min)
Model fingerprint: 0x8191ec8d
Model has 48060 linear objective coefficients
Variable types: 48000 continuous, 60 integer (60 binary)
Coefficient statistics:
  Matrix range     [1e+00, 1e+03]
  Objective range  [1e+00, 5e+02]
  Bounds range     [1e+00, 1e+00]
  RHS range        [5e+00, 2e+01]

Using branch priorities.
Found heuristic solution: objective 1246803.0000
Presolve time: 0.10s
Presolved: 2000 rows, 48060 columns, 136600 nonzeros
Variable types: 48000 continuous, 60 integer (60 binary)
Deterministic concurrent LP optimizer: primal and dual simplex
Showing primal log only...

Concurrent spin time: 0.00s

Solved with dual simplex

Root relaxation: objective 8.708242e+04, 2087 iterations, 0.05 seconds (0.07 work units)

    Nodes    |    Current Node    |     Objective Bounds      |     Work
 Expl Unexpl |  Obj  Depth IntInf | Incumbent    BestBd   Gap | It/Node Time

     0     0 87082.4189    0   58 1246803.00 87082.4189  93.0%     -    0s
H    0     0                    99475.702927 87082.4189  12.5%     -    0s
H    0     0                    99406.020992 87082.4189  12.4%     -    0s
H    0     0                    99403.300347 87082.4189  12.4%     -    0s
H    0     0                    99363.483922 97989.1844  1.38%     -    0s
     0     0 97989.1844    0   11 99363.4839 97989.1844  1.38%     -    0s
H    0     0                    99333.816427 98493.9974  0.85%     -    0s
     0     0 98493.9974    0    3 99333.8164 98493.9974  0.85%     -    0s
     0     0 98551.6713    0    1 99333.8164 98551.6713  0.79%     -    0s
H    0     0                    98597.329242 98551.6713  0.05%     -    0s
*    0     0               0    98555.000000 98555.0000  0.00%     -    0s

Cutting planes:
  Implied bound: 888
  MIR: 13
  Flow cover: 230
  Relax-and-lift: 15

Explored 1 nodes (2828 simplex iterations) in 0.67 seconds (0.67 work units)
Thread count was 32 (of 32 available processors)

Solution count 2: 98555 99333.8 

Optimal solution found (tolerance 0.00e+00)
Best objective 9.855500000000e+04, best bound 9.855500000000e+04, gap 0.0000%
