
Gurobi 13.0.2 (win64) logging started Wed Jul 15 20:53:38 2026

Set parameter LogFile to value "logs/kstar_nI40_nJ40_nK50_nL5_tI2_tJ2_s3_m0_exact_s0_20260715-205338.gurobi.log"
Set parameter Seed to value 0
Set parameter TimeLimit to value 599.9752097
Set parameter NodefileStart to value 4
Set parameter MIPGap to value 0
Set parameter MIPGapAbs to value 0.9999
Set parameter Cutoff to value 1e+100
Gurobi Optimizer version 13.0.2 build v13.0.2rc1 (win64 - Windows 11+.0 (26200.2))

CPU model: Intel(R) Core(TM) i9-14900HX, instruction set [SSE2|AVX|AVX2]
Thread count: 24 physical cores, 32 logical processors, using up to 32 threads

Non-default parameters:
TimeLimit  599.9752097
MIPGap  0
MIPGapAbs  0.9999
NodefileStart  4

Optimize a model with 850 rows, 18080 columns and 46400 nonzeros (Min)
Model fingerprint: 0xcfbac8df
Model has 18080 linear objective coefficients
Variable types: 18000 continuous, 80 integer (80 binary)
Coefficient statistics:
  Matrix range     [1e+00, 7e+02]
  Objective range  [1e+00, 5e+02]
  Bounds range     [1e+00, 1e+00]
  RHS range        [5e+00, 2e+01]

Using branch priorities.
Found heuristic solution: objective 324265.00000
Presolve time: 0.03s
Presolved: 850 rows, 18080 columns, 46400 nonzeros
Variable types: 18000 continuous, 80 integer (80 binary)

Root relaxation: objective 1.867701e+04, 741 iterations, 0.02 seconds (0.01 work units)

    Nodes    |    Current Node    |     Objective Bounds      |     Work
 Expl Unexpl |  Obj  Depth IntInf | Incumbent    BestBd   Gap | It/Node Time

     0     0 18677.0094    0   79 324265.000 18677.0094  94.2%     -    0s
H    0     0                    40401.985448 18677.0094  53.8%     -    0s
H    0     0                    40399.311421 18677.0094  53.8%     -    0s
H    0     0                    40394.094302 18677.0094  53.8%     -    0s
H    0     0                    40176.129241 18677.0094  53.5%     -    0s
H    0     0                    40159.487056 25694.3504  36.0%     -    0s
H    0     0                    40115.266191 25694.3504  35.9%     -    0s
H    0     0                    40030.097517 25694.3504  35.8%     -    0s
H    0     0                    39780.762817 25694.3504  35.4%     -    0s
H    0     0                    39777.571552 25694.3504  35.4%     -    0s
H    0     0                    37634.000000 25694.3504  31.7%     -    0s
H    0     0                    37481.000000 25694.3504  31.4%     -    0s
     0     0 25694.3504    0   74 37481.0000 25694.3504  31.4%     -    0s
H    0     0                    35958.000000 25858.4220  28.1%     -    0s
H    0     0                    35913.000000 25858.4220  28.0%     -    0s
H    0     0                    35688.000000 25858.4220  27.5%     -    0s
H    0     0                    35649.000000 25858.4220  27.5%     -    0s
     0     0 25858.4220    0   73 35649.0000 25858.4220  27.5%     -    0s
     0     0 25858.4220    0   73 35649.0000 25858.4220  27.5%     -    0s
H    0     0                    35645.000000 25858.4220  27.5%     -    0s
H    0     0                    35634.000000 25858.4220  27.4%     -    0s
H    0     0                    35279.386505 28086.1367  20.4%     -    0s
H    0     0                    35217.000000 28086.1367  20.2%     -    0s
     0     0 28086.1367    0   75 35217.0000 28086.1367  20.2%     -    0s
H    0     0                    34958.000000 28086.2145  19.7%     -    0s
H    0     0                    34204.000000 28086.2145  17.9%     -    0s
H    0     0                    34191.000000 28086.2145  17.9%     -    0s
H    0     0                    34186.000000 28086.2145  17.8%     -    0s
H    0     0                    34177.000000 28086.2145  17.8%     -    0s
H    0     0                    33846.000000 28086.2145  17.0%     -    0s
     0     0 28511.8252    0   76 33846.0000 28511.8252  15.8%     -    0s
     0     0 28675.0873    0   78 33846.0000 28675.0873  15.3%     -    0s
     0     0 28770.4694    0   78 33846.0000 28770.4694  15.0%     -    0s
     0     0 28781.2199    0   78 33846.0000 28781.2199  15.0%     -    0s
     0     0 28789.3311    0   78 33846.0000 28789.3311  14.9%     -    0s
     0     0 28790.4950    0   78 33846.0000 28790.4950  14.9%     -    0s
     0     0 29382.3717    0   78 33846.0000 29382.3717  13.2%     -    0s
     0     0 29655.2830    0   77 33846.0000 29655.2830  12.4%     -    0s
     0     0 29710.4332    0   75 33846.0000 29710.4332  12.2%     -    0s
     0     0 29749.2423    0   75 33846.0000 29749.2423  12.1%     -    1s
     0     0 29757.2540    0   75 33846.0000 29757.2540  12.1%     -    1s
     0     0 29867.1192    0   78 33846.0000 29867.1192  11.8%     -    1s
     0     0 29888.7427    0   78 33846.0000 29888.7427  11.7%     -    1s
     0     0 29904.3521    0   78 33846.0000 29904.3521  11.6%     -    1s
     0     0 29929.1554    0   77 33846.0000 29929.1554  11.6%     -    1s
     0     0 29931.5991    0   78 33846.0000 29931.5991  11.6%     -    1s
H    0     0                    33787.063303 29931.5991  11.4%     -    1s
H    0     0                    33511.274600 29931.5991  10.7%     -    1s
H    0     0                    33254.869895 29931.5991  10.0%     -    1s
H    0     0                    32814.204467 29931.5991  8.78%     -    1s
H    0     0                    32714.262483 29931.5991  8.51%     -    1s
H    0     0                    32540.976237 29931.5991  8.02%     -    1s
H    0     0                    32508.711086 29931.5991  7.93%     -    1s
H    0     0                    32389.208431 29996.9834  7.39%     -    1s
H    0     0                    32355.000000 29996.9834  7.29%     -    1s
     0     0 29996.9834    0   76 32355.0000 29996.9834  7.29%     -    1s
     0     0 29998.6447    0   76 32355.0000 29998.6447  7.28%     -    1s
     0     0 29998.6447    0   76 32355.0000 29998.6447  7.28%     -    1s
H    0     0                    32042.000000 29998.6447  6.38%     -    1s
     0     2 29998.6447    0   76 32042.0000 29998.6447  6.38%     -    1s
H  490   510                    31893.000000 30277.5300  5.07%   131    2s
H  556   554                    31717.000000 30277.5300  4.54%   122    2s
*  736   711              50    31682.000000 30343.6788  4.22%   108    2s
H  890   850                    31659.000000 30343.6788  4.15%  96.1    2s
H  903   850                    31289.000000 30343.6788  3.02%  95.3    2s
*  907   850              50    31175.000000 30343.6788  2.67%  94.9    2s
* 1801  1284              39    31080.000000 30517.4244  1.81%  82.4    3s
  2871  1306 30860.3686   13   55 31080.0000 30621.0354  1.48%  79.1    5s
* 3414  1433              30    31072.000000 30660.8109  1.32%  77.9    5s
* 5602  1733              32    31018.000000 30746.9278  0.87%  76.3    7s
* 5603  1702              32    31013.000000 30746.9278  0.86%  76.3    7s
* 6803  1540              29    30989.000000 30793.9295  0.63%  75.0    8s
* 7092  1314              28    30969.000000 30801.5186  0.54%  75.1    9s
  8004   865 30937.6823   12   55 30969.0000 30851.5219  0.38%  74.8   10s
H 8613   626                    30927.000000 30862.4087  0.21%  73.8   10s

Cutting planes:
  Implied bound: 490
  MIR: 302
  Flow cover: 681
  Relax-and-lift: 42

Explored 9412 nodes (654039 simplex iterations) in 11.06 seconds (18.39 work units)
Thread count was 32 (of 32 available processors)

Solution count 10: 30927 30969 30989 ... 31659

Optimal solution found (tolerance 0.00e+00)
Best objective 3.092700000000e+04, best bound 3.092700000000e+04, gap 0.0000%
