
Gurobi 13.0.2 (win64) logging started Thu Jul 16 01:58:48 2026

Set parameter LogFile to value "logs/kstar_nI20_nJ40_nK100_nL10_tI3_tJ3_s3_m1_exact_s0_20260716-015848.gurobi.log"
Set parameter Seed to value 0
Set parameter TimeLimit to value 599.9420884
Set parameter MIPGap to value 0
Set parameter MIPGapAbs to value 0.5
Set parameter Cutoff to value 1e+100
Gurobi Optimizer version 13.0.2 build v13.0.2rc1 (win64 - Windows 11+.0 (26200.2))

CPU model: Intel(R) Core(TM) i9-14900HX, instruction set [SSE2|AVX|AVX2]
Thread count: 24 physical cores, 32 logical processors, using up to 32 threads

Non-default parameters:
TimeLimit  599.9420884
MIPGap  0
MIPGapAbs  0.5
PreCrush  1
LazyConstraints  1

Optimize a model with 20 rows, 70 columns and 600 nonzeros (Min)
Model fingerprint: 0x8a17ec6e
Model has 70 linear objective coefficients
Variable types: 10 continuous, 60 integer (60 binary)
Coefficient statistics:
  Matrix range     [2e+01, 1e+03]
  Objective range  [1e+00, 5e+02]
  Bounds range     [1e+00, 9e+03]
  RHS range        [1e+03, 1e+03]

Using branch priorities.
Presolve removed 6 rows and 0 columns
Presolve time: 0.00s
Presolved: 14 rows, 70 columns, 420 nonzeros
Variable types: 10 continuous, 60 integer (60 binary)

Root relaxation: objective 7.764617e+04, 9 iterations, 0.00 seconds (0.00 work units)

    Nodes    |    Current Node    |     Objective Bounds      |     Work
 Expl Unexpl |  Obj  Depth IntInf | Incumbent    BestBd   Gap | It/Node Time

     0     0 77646.1663    0    3          - 77646.1663      -     -    0s
H    0     0                    570428.00000 77646.1663  86.4%     -    0s
H    0     0                    528216.00000 77646.1663  85.3%     -    0s
H    0     0                    524449.00000 77646.1663  85.2%     -    0s
H    0     0                    504028.00000 77646.1663  84.6%     -    0s
H    0     0                    503108.00000 77646.1663  84.6%     -    0s
H    0     0                    462732.00000 77646.1663  83.2%     -    0s
     0     0 77843.3231    0    5 462732.000 77843.3231  83.2%     -    0s
     0     0 77850.6400    0    5 462732.000 77850.6400  83.2%     -    0s
H    0     0                    454173.00000 77850.6400  82.9%     -    0s
H    0     0                    389094.00000 77850.6400  80.0%     -    0s
H    0     0                    364222.00000 77850.6400  78.6%     -    0s
H    0     0                    348471.00000 77850.6400  77.7%     -    0s
     0     2 77894.9165    0    8 348471.000 77894.9165  77.6%     -    0s
  1776  1861 78803.3649   24    4 348471.000 77956.8461  77.6%   2.7    5s
H 3754  3081                    334162.00000 78023.6696  76.7%   2.8    9s
  3756  3085 78023.6696   15   17 334162.000 78023.6696  76.7%   2.9   10s
  4301  3566 78225.4242   25   11 334162.000 78065.7960  76.6%   3.9   15s
  5309  4149 78383.5730   32   13 334162.000 78087.0216  76.6%   4.2   20s
  6247  4683 78668.1905   39    4 334162.000 78152.0611  76.6%   4.2   25s
  7171  5102 104888.000   69    - 334162.000 78169.1855  76.6%   4.1   30s
  8367  5660 90612.0000   61    - 334162.000 78184.7200  76.6%   4.1   35s
  9433  6286 78336.0999   32   11 334162.000 78184.7200  76.6%   4.1   40s
 10472  6728 93671.0000   71    - 334162.000 78190.5263  76.6%   4.1   45s
 11075  7012 79582.2966   51    3 334162.000 78207.8975  76.6%   4.1   50s
 12018  7503 79732.6611   55    2 334162.000 78207.8975  76.6%   4.1   55s
 13255  8160 78633.6900   32   19 334162.000 78243.1053  76.6%   4.0   60s
 15106  9660 78560.5452   25   14 334162.000 78265.9769  76.6%   4.1   66s
 16096 10582 79651.3436   55    3 334162.000 78266.1334  76.6%   4.1   70s
 17049 11140 79048.9575   35    3 334162.000 78280.9986  76.6%   4.2   75s
 18272 12507 80037.0000   63    - 334162.000 78303.7017  76.6%   4.2   80s
 19845 13923 78636.5039   30    7 334162.000 78313.3939  76.6%   4.4   85s
 20524 14364 78972.4110   33    2 334162.000 78315.1364  76.6%   4.5   90s
 21187 14937 78646.8365   30    6 334162.000 78315.1364  76.6%   4.5   95s
 21778 15474 78739.2975   31    8 334162.000 78315.1364  76.6%   4.5  101s
 22729 16205 78747.1241   32    8 334162.000 78347.4499  76.6%   4.5  106s
 23597 16657 78676.7463   36   11 334162.000 78347.4499  76.6%   4.4  110s
 24622 17601 78888.2363   38    8 334162.000 78349.7948  76.6%   4.4  115s
 25540 18845 79599.6918   43    1 334162.000 78349.7948  76.6%   4.5  120s
 27283 20484 78631.5620   26   13 334162.000 78371.1272  76.5%   4.5  126s
 28341 21289 81253.6724   66    1 334162.000 78371.1272  76.5%   4.5  130s
 30643 22663 80048.1097   68    1 334162.000 78377.2364  76.5%   4.5  135s
 32077 24806 78707.5351   35   11 334162.000 78383.7019  76.5%   4.5  142s
 33446 26114 78616.2994   32   16 334162.000 78388.8575  76.5%   4.6  147s
 34988 27348 78628.7604   31   14 334162.000 78407.9151  76.5%   4.5  152s
 36529 28727 78608.7836   25   15 334162.000 78408.4577  76.5%   4.5  156s
 37986 30171 78574.8146   25   16 334162.000 78410.7782  76.5%   4.6  161s
 39643 31382 78897.2080   29   13 334162.000 78410.7782  76.5%   4.6  166s
 41070 32903 78586.7042   30   17 334162.000 78427.2431  76.5%   4.6  171s
 42940 34321 78691.8374   29   20 334162.000 78440.3946  76.5%   4.6  177s
 44536 35537 78825.5260   34   14 334162.000 78440.3946  76.5%   4.6  182s
 46575 36636 79160.3442   34    5 334162.000 78450.4446  76.5%   4.6  189s
 48266 37262 101386.000   73    - 334162.000 78450.4446  76.5%   4.6  191s
 48709 38802 79150.6478   32    8 334162.000 78456.3760  76.5%   4.6  195s
 50665 40103 78930.0465   30   14 334162.000 78460.1671  76.5%   4.6  201s
 52167 41148 80293.0886   62    1 334162.000 78460.1875  76.5%   4.6  208s
 53718 41557 78960.3951   37    9 334162.000 78461.4975  76.5%   4.6  210s
 53875 42793 83000.3665   66    2 334162.000 78461.4975  76.5%   4.6  215s
 56071 44499 78686.8195   32   13 334162.000 78464.2837  76.5%   4.6  222s
 57861 46230 80077.6964   53    1 334162.000 78464.2837  76.5%   4.6  229s
 58861 46394 79355.6631   44    8 334162.000 78471.8997  76.5%   4.6  230s
 60009 46695 79416.9545   48    4 334162.000 78475.9006  76.5%   4.6  235s
 60149 47325 79462.7513   49    4 334162.000 78475.9619  76.5%   4.6  240s
 61048 48153 78789.7541   30   15 334162.000 78475.9619  76.5%   4.6  247s
 62029 48301 79583.5489   56    5 334162.000 78477.3599  76.5%   4.6  265s
H62030 45886                    294500.00000 78477.3599  73.4%   4.6  266s
 62035 45892 78477.3599   28   28 294500.000 78477.3599  73.4%   4.6  270s
 62065 45942 78477.3599   32   26 294500.000 78477.3599  73.4%   4.6  275s
 62129 46054 78477.3599   34   24 294500.000 78477.3599  73.4%   4.7  280s
 62262 46132 78477.3599   35   25 294500.000 78477.3599  73.4%   4.7  287s
 62424 46225 78477.3599   37   23 294500.000 78477.3599  73.4%   4.8  290s
 62761 46452 78477.3599   39   24 294500.000 78477.3599  73.4%   4.8  295s
 63062 46680 78521.9868   40   19 294500.000 78477.3599  73.4%   4.9  301s
 63483 46834 87181.8218   83    2 294500.000 78477.3599  73.4%   4.9  305s
 63646 47021 78509.8700   43   18 294500.000 78477.3599  73.4%   4.9  310s
 64123 47247 78595.9784   45   15 294500.000 78477.3599  73.4%   4.9  316s
 64517 47424 85084.0000   85    - 294500.000 78477.3599  73.4%   5.0  320s
 64844 47736 79200.1418   51    9 294500.000 78477.3599  73.4%   5.0  326s
 65306 48009 79356.2188   55    7 294500.000 78477.3599  73.4%   5.1  330s
 65704 48208 79550.5104   60    5 294500.000 78477.3599  73.4%   5.1  335s
 66330 48389 83310.1304   77    1 294500.000 78477.3599  73.4%   5.1  340s
 66653 48849 81873.5416   74    1 294500.000 78477.3599  73.4%   5.1  346s
 67057 49103 84577.0000   80    - 294500.000 78477.3599  73.4%   5.1  350s
 67683 49281 78477.4009   37   22 294500.000 78477.3599  73.4%   5.1  359s
 68068 49478 78587.3362   38   20 294500.000 78477.3599  73.4%   5.2  363s
 68376 49707 78636.8969   41   18 294500.000 78477.3599  73.4%   5.2  367s
 68767 50146 78988.2355   51    9 294500.000 78477.3599  73.4%   5.2  372s
 69505 50359 80071.6554   81    1 294500.000 78477.3599  73.4%   5.2  376s
 70025 50805 78488.9316   41   20 294500.000 78477.3599  73.4%   5.2  380s
 70720 50969 79276.6393   53    9 294500.000 78477.3599  73.4%   5.3  386s
 71200 51402 90133.0000   83    - 294500.000 78477.3599  73.4%   5.3  390s
 72017 51702 78477.3599   39   25 294500.000 78477.3599  73.4%   5.3  395s
 72682 51982 79127.7173   47   12 294500.000 78477.3599  73.4%   5.3  401s
 73195 52609 79712.0356   52    3 294500.000 78477.3599  73.4%   5.3  407s
 74284 52460 78477.3599   39   19 294500.000 78477.3599  73.4%   5.4  412s
 74327 52982 78477.3599   40   21 294500.000 78477.3599  73.4%   5.4  418s
 75165 53415 78477.3599   41   20 294500.000 78477.3599  73.4%   5.4  424s
 75495 53338 78618.6660   43   17 294500.000 78477.3599  73.4%   5.4  425s
 75948 53899 78845.1079   53   13 294500.000 78477.3599  73.4%   5.4  435s
 76927 54265 81281.0000   84    - 294500.000 78477.3599  73.4%   5.4  441s
 77612 54720 78970.9663   42   17 294500.000 78477.3599  73.4%   5.4  447s
 78451 55390 79124.3570   44   14 294500.000 78477.3599  73.4%   5.5  454s
 78699 55345 78665.3873   44   19 294500.000 78477.3599  73.4%   5.5  455s
 79556 55720 79384.4354   51   13 294500.000 78477.3599  73.4%   5.5  461s
 80356 56462 79658.5682   54    4 294500.000 78477.3599  73.4%   5.5  469s
 80833 56404 78571.3962   37   18 294500.000 78477.3599  73.4%   5.5  470s
 81657 57065 80172.6255   59    2 294500.000 78477.3599  73.4%   5.6  476s
 82810 57814 81037.4729   65    4 294500.000 78477.3599  73.4%   5.6  484s
 83545 57698 78823.6419   44   15 294500.000 78477.3599  73.4%   5.6  485s
 84284 58371 81513.9620   75    1 294500.000 78477.3599  73.4%   5.6  492s
 85535 58353 91860.0000   81    - 294500.000 78477.3599  73.4%   5.6  500s
 85899 58831 78634.9286   48   18 294500.000 78477.3599  73.4%   5.6  508s
 86665 59751 78684.6282   41   20 294500.000 78477.3599  73.4%   5.6  517s
 88191 60559 101534.000   85    - 294500.000 78477.3599  73.4%   5.6  526s
 89671 61391 78741.5994   53   18 294500.000 78477.3599  73.4%   5.6  535s
 91246 62275 78684.7581   49   16 294500.000 78477.3599  73.4%   5.7  545s
 92945 62768 78826.3257   44   15 294500.000 78477.3599  73.4%   5.7  554s
 94006 63728 79705.7176   62    5 294500.000 78477.3599  73.4%   5.7  563s
 95560 64529 79427.6348   56    8 294500.000 78477.3599  73.4%   5.8  574s
 96970 64267 78576.7518   40   21 294500.000 78477.3599  73.4%   5.8  575s
 97164 64319 80010.2737   67    4 294500.000 78477.3599  73.4%   5.8  582s
 97328 65238 78823.3150   48   19 294500.000 78477.3599  73.4%   5.8  591s
 98568 65471 79535.2695   59    1 294500.000 78477.3599  73.4%   5.8  600s

Explored 99233 nodes (578691 simplex iterations) in 602.45 seconds (237.92 work units)
Thread count was 32 (of 32 available processors)

Solution count 10: 294500 334162 348471 ... 528216

Time limit reached
Best objective 2.945000000000e+05, best bound 7.847735989859e+04, gap 73.3523%

User-callback calls 216202, time in user-callback 178.03 sec
