
Gurobi 13.0.2 (win64) logging started Wed Jul 15 20:50:21 2026

Set parameter LogFile to value "logs/kstar_nI40_nJ40_nK100_nL10_tI6_tJ6_s1_m0_exact_s0_20260715-205021.gurobi.log"
Set parameter Seed to value 0
Set parameter TimeLimit to value 599.9353226
Set parameter NodefileStart to value 4
Set parameter MIPGap to value 0
Set parameter MIPGapAbs to value 0.9999
Set parameter Cutoff to value 1e+100
Gurobi Optimizer version 13.0.2 build v13.0.2rc1 (win64 - Windows 11+.0 (26200.2))

CPU model: Intel(R) Core(TM) i9-14900HX, instruction set [SSE2|AVX|AVX2]
Thread count: 24 physical cores, 32 logical processors, using up to 32 threads

Non-default parameters:
TimeLimit  599.9353226
MIPGap  0
MIPGapAbs  0.9999
NodefileStart  4

Optimize a model with 2200 rows, 56080 columns and 152800 nonzeros (Min)
Model fingerprint: 0x4459fda7
Model has 56080 linear objective coefficients
Variable types: 56000 continuous, 80 integer (80 binary)
Coefficient statistics:
  Matrix range     [1e+00, 1e+03]
  Objective range  [1e+00, 5e+02]
  Bounds range     [1e+00, 1e+00]
  RHS range        [5e+00, 2e+01]

Using branch priorities.
Found heuristic solution: objective 1249531.0000
Presolve time: 0.11s
Presolved: 2200 rows, 56080 columns, 152800 nonzeros
Variable types: 56000 continuous, 80 integer (80 binary)
Deterministic concurrent LP optimizer: primal and dual simplex
Showing primal log only...

Concurrent spin time: 0.01s

Solved with dual simplex

Root relaxation: objective 7.065728e+04, 1981 iterations, 0.06 seconds (0.07 work units)

    Nodes    |    Current Node    |     Objective Bounds      |     Work
 Expl Unexpl |  Obj  Depth IntInf | Incumbent    BestBd   Gap | It/Node Time

     0     0 70657.2791    0   78 1249531.00 70657.2791  94.3%     -    0s
H    0     0                    88057.048455 70657.2791  19.8%     -    0s
     0     0 82100.0521    0   41 88057.0485 82100.0521  6.76%     -    0s
H    0     0                    87353.000000 82110.3303  6.00%     -    0s
     0     0 83275.9350    0   37 87353.0000 83275.9350  4.67%     -    0s
     0     0 83321.5731    0   36 87353.0000 83321.5731  4.62%     -    0s
     0     0 83323.7818    0   37 87353.0000 83323.7818  4.61%     -    0s
     0     0 85470.2089    0   39 87353.0000 85470.2089  2.16%     -    0s
H    0     0                    87334.000000 85474.0606  2.13%     -    0s
H    0     0                    86878.000000 85474.0606  1.62%     -    0s
     0     0 85602.5978    0   30 86878.0000 85602.5978  1.47%     -    0s
     0     0 85616.2536    0   31 86878.0000 85616.2536  1.45%     -    0s
H    0     0                    86775.000000 85616.2536  1.34%     -    0s
     0     0 85972.9438    0   23 86775.0000 85972.9438  0.92%     -    0s
H    0     0                    86430.000000 85980.5365  0.52%     -    1s
     0     0 85995.4972    0   12 86430.0000 85995.4972  0.50%     -    1s
     0     0 86000.9698    0   12 86430.0000 86000.9698  0.50%     -    1s
     0     0 86081.8385    0   17 86430.0000 86081.8385  0.40%     -    1s
H    0     0                    86295.000000 86082.3839  0.25%     -    1s
     0     0 86082.9198    0    7 86295.0000 86082.9198  0.25%     -    1s
     0     0 86101.9845    0    7 86295.0000 86101.9845  0.22%     -    1s
H    0     0                    86282.000000 86101.9845  0.21%     -    1s
     0     0 86103.6001    0    4 86282.0000 86103.6001  0.21%     -    1s
     0     0 86104.9632    0    4 86282.0000 86104.9632  0.21%     -    1s
H    0     0                    86230.000000 86104.9632  0.15%     -    1s
H    0     0                    86136.000000 86104.9632  0.04%     -    1s
     0     0 86106.0927    0    4 86136.0000 86106.0927  0.03%     -    1s
     0     0 86106.9669    0    4 86136.0000 86106.9669  0.03%     -    1s
     0     0 86106.9669    0    4 86136.0000 86106.9669  0.03%     -    1s
     0     0 86106.9669    0    4 86136.0000 86106.9669  0.03%     -    1s
     0     2 86106.9669    0    4 86136.0000 86106.9669  0.03%     -    1s
*   10     1               4    86127.000000 86119.0000  0.01%  14.3    1s

Cutting planes:
  Implied bound: 676
  MIR: 101
  Flow cover: 391
  Relax-and-lift: 13

Explored 13 nodes (4599 simplex iterations) in 1.81 seconds (1.89 work units)
Thread count was 32 (of 32 available processors)

Solution count 9: 86127 86230 86282 ... 88057

Optimal solution found (tolerance 0.00e+00)
Best objective 8.612700000000e+04, best bound 8.612700000000e+04, gap 0.0000%
