
Gurobi 13.0.2 (win64) logging started Fri Jul 17 21:04:59 2026

Set parameter LogFile to value "logs/kstar_nI40_nJ40_nK50_nL10_tI4_tJ4_s5_m1_exact_s0_20260717-210459.gurobi.log"
Set parameter Seed to value 0
Set parameter TimeLimit to value 599.9564038
Set parameter MIPGap to value 0
Set parameter MIPGapAbs to value 0.5
Set parameter Cutoff to value 1e+100
Gurobi Optimizer version 13.0.2 build v13.0.2rc1 (win64 - Windows 11+.0 (26200.2))

CPU model: Intel(R) Core(TM) i9-14900HX, instruction set [SSE2|AVX|AVX2]
Thread count: 24 physical cores, 32 logical processors, using up to 32 threads

Non-default parameters:
TimeLimit  599.9564038
MIPGap  0
MIPGapAbs  0.5
PreCrush  1
LazyConstraints  1

Optimize a model with 20 rows, 90 columns and 800 nonzeros (Min)
Model fingerprint: 0xd7b5710c
Model has 90 linear objective coefficients
Variable types: 10 continuous, 80 integer (80 binary)
Coefficient statistics:
  Matrix range     [3e+00, 7e+02]
  Objective range  [1e+00, 5e+02]
  Bounds range     [1e+00, 4e+03]
  RHS range        [6e+02, 7e+02]

Using branch priorities.
Presolve removed 18 rows and 0 columns
Presolve time: 0.00s
Presolved: 2 rows, 90 columns, 80 nonzeros
Variable types: 10 continuous, 80 integer (80 binary)

Root relaxation: objective 3.415950e+04, 3 iterations, 0.00 seconds (0.00 work units)

    Nodes    |    Current Node    |     Objective Bounds      |     Work
 Expl Unexpl |  Obj  Depth IntInf | Incumbent    BestBd   Gap | It/Node Time

     0     0 34159.5036    0    2          - 34159.5036      -     -    0s
H    0     0                    251325.00000 34159.5036  86.4%     -    0s
H    0     0                    231395.00000 34159.5036  85.2%     -    0s
H    0     0                    214513.00000 34159.5036  84.1%     -    0s
H    0     0                    207019.00000 34159.5036  83.5%     -    0s
     0     0 34274.6374    0    4 207019.000 34274.6374  83.4%     -    0s
     0     0 34274.7903    0    4 207019.000 34274.7903  83.4%     -    0s
H    0     0                    205056.00000 34274.7903  83.3%     -    0s
H    0     0                    182351.00000 34275.8319  81.2%     -    0s
H    0     0                    173128.00000 34287.2443  80.2%     -    0s
H    0     0                    163509.00000 34287.2443  79.0%     -    0s
     0     2 34327.1255    0    8 163509.000 34327.1255  79.0%     -    0s
H 3648  3209                    155436.00000 34446.6781  77.8%   2.7    4s
  3650  3210 35973.0000   50   19 155436.000 34450.3765  77.8%   2.7    5s
H 3650  3049                    148839.00000 34526.0451  76.8%   2.7    5s
H 3654  2899                    141150.00000 34526.0451  75.5%   2.7    5s
  4164  3256 35552.4035   38    6 141150.000 34608.0637  75.5%   4.3   10s
  5956  4516 35578.8570   41    7 141150.000 34608.0637  75.5%   4.7   15s
  8248  5707 35518.4474   65    1 141150.000 34637.7151  75.5%   4.5   20s
 10956  7179 36515.8171   55    4 141150.000 34792.5082  75.4%   4.4   25s
 13331  8869 35395.9404   36    6 141150.000 34885.5715  75.3%   4.3   30s
 14625  9784 40977.0000   69    - 141150.000 34917.5527  75.3%   4.3   35s
 16002 10953 35279.1797   26   19 141150.000 34917.5527  75.3%   4.3   40s
 16994 11877 35425.3528   31   13 141150.000 34949.4390  75.2%   4.4   45s
 17961 12938 35563.3259   34   10 141150.000 34949.4390  75.2%   4.4   50s
 19438 14252 35653.8467   39    7 141150.000 34966.2271  75.2%   4.4   55s
 21428 16204 38682.1411   78    1 141150.000 34966.2335  75.2%   4.4   61s
 24192 18811 36261.2797   51    3 141150.000 35014.5499  75.2%   4.4   66s
 26951 20519 36120.0651   37    4 141150.000 35023.5339  75.2%   4.4   70s
 29246 23534 37533.1905   66    1 141150.000 35023.5339  75.2%   4.5   76s
 30876 24427 36073.3096   47    9 141150.000 35023.5339  75.2%   4.5   82s
 31985 24911 36395.2948   42    2 141150.000 35023.5339  75.2%   4.5   85s
 34732 27595 45700.8353   85    1 141150.000 35105.2501  75.1%   4.4   91s
 36252 28563 36402.0193   43   10 141150.000 35108.9894  75.1%   4.4   95s
 38219 30802 35689.6654   30   14 141150.000 35108.9894  75.1%   4.4  101s
 39754 32505 35659.9574   30   13 141150.000 35133.2908  75.1%   4.4  105s
 43414 35799 47608.9395   82    2 141150.000 35146.2207  75.1%   4.5  112s
 45420 37649 36573.7962   51    4 141150.000 35149.3553  75.1%   4.5  117s
 47493 39033 35891.3346   41    8 141150.000 35179.1928  75.1%   4.5  121s
 49000 40800 36336.9332   48    1 141150.000 35179.1928  75.1%   4.5  125s
 50998 42817 36061.6714   40    5 141150.000 35182.6322  75.1%   4.5  130s
 53249 44546 35613.4984   27   12 141150.000 35182.6322  75.1%   4.5  135s
 55185 46619 35763.8091   32   15 141150.000 35195.2673  75.1%   4.6  140s
 57538 46866 36390.9257   44    4 141150.000 35208.5663  75.1%   4.6  152s
H57539 44523                    124156.00000 35208.5663  71.6%   4.6  155s
 57542 44525 36583.0000   62   28 124156.000 35208.5663  71.6%   4.6  162s
H57542 42299                    122972.00000 35208.5663  71.4%   4.6  165s
H57546 40186                    113429.00000 35208.5663  69.0%   4.6  171s
H57549 38178                    112324.00000 35208.5663  68.7%   4.6  176s
 57552 38180 38093.2586   72   29 112324.000 35208.5663  68.7%   4.6  181s
 57555 38185 35208.5663   31   29 112324.000 35208.5663  68.7%   4.6  185s
 57649 38351 35317.3695   37   27 112324.000 35208.5663  68.7%   4.6  191s
 57786 38386 35481.4445   39   24 112324.000 35208.5663  68.7%   4.7  195s
 57949 38550 35599.1128   40   24 112324.000 35208.5663  68.7%   4.7  200s
 58230 38699 35951.1388   42    9 112324.000 35208.5663  68.7%   4.8  205s
 58378 38760 35763.7501   42   13 112324.000 35208.5663  68.7%   4.8  210s
 58629 39002 36045.7523   45   13 112324.000 35208.5663  68.7%   4.9  215s
 58848 39172 36079.5385   49   17 112324.000 35208.5663  68.7%   4.9  220s
 59432 39592 36223.2477   54   13 112324.000 35279.7268  68.6%   4.9  226s
 60289 39868 36556.3953   71    1 112324.000 35291.7395  68.6%   4.9  230s
 60866 40477 37425.6990   67    3 112324.000 35291.7395  68.6%   5.0  236s
 62062 40876 38109.3779   84    1 112324.000 35335.2397  68.5%   5.0  240s
 62990 41687 47006.7457   97    5 112324.000 35335.2397  68.5%   5.0  245s
 64154 42498 35609.9883   41   18 112324.000 35366.1131  68.5%   5.0  251s
 64881 42833 36000.2687   52   13 112324.000 35378.5620  68.5%   5.0  255s
 66251 43626 35580.2723   40   22 112324.000 35387.1478  68.5%   5.0  261s
 67005 44016 40005.7952  100    1 112324.000 35387.1478  68.5%   5.0  265s
 68240 44852 35714.0427   44   17 112324.000 35403.4065  68.5%   5.1  271s
 70145 45842 36172.3153   47    9 112324.000 35415.6035  68.5%   5.1  277s
 71190 45733 38407.8000   91    1 112324.000 35415.6035  68.5%   5.1  281s
 71606 45924 35775.7510   48   18 112324.000 35424.9272  68.5%   5.1  289s
 71638 46357 35824.9984   49   19 112324.000 35424.9272  68.5%   5.1  295s
 72158 46832 36377.3174   67    8 112324.000 35424.9272  68.5%   5.2  301s
 72994 47236 35688.3555   42   23 112324.000 35440.3150  68.4%   5.2  307s
 73764 47541 36395.9284   56   16 112324.000 35468.7332  68.4%   5.2  313s
 74460 47476 35913.2895   46   19 112324.000 35468.7332  68.4%   5.2  320s
 74528 47834 35972.5245   47   17 112324.000 35468.7332  68.4%   5.2  326s
 75047 48298 36005.1411   48   18 112324.000 35468.7332  68.4%   5.2  333s
 75792 49144 36024.9807   49   16 112324.000 35486.4112  68.4%   5.2  340s
 76980 49704 36034.9822   50   14 112324.000 35493.9541  68.4%   5.2  346s
 78228 50215 36155.1379   51   17 112324.000 35502.5926  68.4%   5.2  352s
 79245 50990 36248.0870   52   18 112324.000 35502.5926  68.4%   5.3  359s
 81134 52057 35951.4047   47   20 112324.000 35540.1158  68.4%   5.3  366s
 82788 53090 35749.3035   44   22 112324.000 35546.4942  68.4%   5.3  372s
 84541 54177 35694.6285   44   25 112324.000 35549.1372  68.4%   5.3  378s
 86416 55082 44431.2068  103    2 112324.000 35549.1372  68.4%   5.3  385s
 88108 56157 36108.2688   54   17 112324.000 35562.7601  68.3%   5.4  392s
 90054 57225 35850.3755   40   17 112324.000 35582.3616  68.3%   5.4  400s
 92146 58387 35648.9597   42   22 112324.000 35585.1525  68.3%   5.4  407s
 94214 59576 41399.8889   96    1 112324.000 35585.1608  68.3%   5.4  415s
 96351 59222 36815.6237   92    4 112324.000 35599.0913  68.3%   5.4  423s
 96473 59924 37037.5097   93    3 112324.000 35601.4954  68.3%   5.4  431s
 97404 60632 38108.3028   94    1 112324.000 35601.4954  68.3%   5.5  440s
 98947 61648 36935.2773   76    2 112324.000 35601.8871  68.3%   5.5  449s
 100753 62495 37207.0971   84    5 112324.000 35605.3262  68.3%   5.5  459s
 102264 63549 35987.8104   45   13 112324.000 35610.0995  68.3%   5.5  469s
 103580 63155 36108.5658   54   10 112324.000 35610.0995  68.3%   5.6  470s
 103754 64611 36316.7074   48    9 112324.000 35610.0995  68.3%   5.6  481s
 106273 66095 36682.0677   54    4 112324.000 35610.1190  68.3%   5.6  493s
 108913 67423 37425.5191   68    1 112324.000 35613.2827  68.3%   5.6  505s
 111795 68803 35723.6315   42   25 112324.000 35616.2358  68.3%   5.5  518s
 114235 70469 35783.3318   41   20 112324.000 35616.2358  68.3%   5.6  531s
 116981 71922 36562.9118   98    1 112324.000 35626.3049  68.3%   5.6  543s
 119531 71339 36151.5120   50   13 112324.000 35627.5185  68.3%   5.6  545s
 119605 73120 35732.9329   41   24 112324.000 35627.5185  68.3%   5.6  559s
 120784 72885 37769.6856   77    3 112324.000 35635.6028  68.3%   5.6  560s
 122043 75057 35895.6442   48   20 112324.000 35638.3516  68.3%   5.6  573s
 125217 74403 36523.4734   68    3 112324.000 35643.5310  68.3%   5.6  586s
 125249 74425 36530.9358   69    3 112324.000 35643.5310  68.3%   5.6  597s
 125281 74552 36531.4157   70    3 112324.000 35643.5310  68.3%   5.6  600s

Cutting planes:
  Gomory: 6
  Cover: 1
  MIR: 6
  StrongCG: 1

Explored 125461 nodes (708258 simplex iterations) in 601.05 seconds (289.54 work units)
Thread count was 32 (of 32 available processors)

Solution count 10: 112324 113429 122972 ... 182351

Time limit reached
Best objective 1.123240000000e+05, best bound 3.564353101811e+04, gap 68.2672%

User-callback calls 274317, time in user-callback 84.36 sec
