
Gurobi 13.0.2 (win64) logging started Thu Jul 16 00:48:26 2026

Set parameter LogFile to value "logs/kstar_nI20_nJ40_nK100_nL10_tI2_tJ2_s1_m1_exact_s0_20260716-004825.gurobi.log"
Set parameter Seed to value 0
Set parameter TimeLimit to value 599.9416436
Set parameter MIPGap to value 0
Set parameter MIPGapAbs to value 0.5
Set parameter Cutoff to value 1e+100
Gurobi Optimizer version 13.0.2 build v13.0.2rc1 (win64 - Windows 11+.0 (26200.2))

CPU model: Intel(R) Core(TM) i9-14900HX, instruction set [SSE2|AVX|AVX2]
Thread count: 24 physical cores, 32 logical processors, using up to 32 threads

Non-default parameters:
TimeLimit  599.9416436
MIPGap  0
MIPGapAbs  0.5
PreCrush  1
LazyConstraints  1

Optimize a model with 20 rows, 70 columns and 600 nonzeros (Min)
Model fingerprint: 0xa8463c14
Model has 70 linear objective coefficients
Variable types: 10 continuous, 60 integer (60 binary)
Coefficient statistics:
  Matrix range     [4e+01, 1e+03]
  Objective range  [1e+00, 5e+02]
  Bounds range     [1e+00, 9e+03]
  RHS range        [1e+03, 1e+03]

Using branch priorities.
Presolve removed 16 rows and 0 columns
Presolve time: 0.00s
Presolved: 4 rows, 70 columns, 120 nonzeros
Variable types: 10 continuous, 60 integer (60 binary)

Root relaxation: objective 7.810237e+04, 5 iterations, 0.00 seconds (0.00 work units)

    Nodes    |    Current Node    |     Objective Bounds      |     Work
 Expl Unexpl |  Obj  Depth IntInf | Incumbent    BestBd   Gap | It/Node Time

     0     0 78102.3663    0    2          - 78102.3663      -     -    0s
H    0     0                    925041.00000 78102.3663  91.6%     -    0s
H    0     0                    802970.00000 78102.3663  90.3%     -    0s
H    0     0                    718173.00000 78102.3663  89.1%     -    0s
H    0     0                    640434.00000 78102.3663  87.8%     -    0s
H    0     0                    591566.00000 78102.3663  86.8%     -    0s
H    0     0                    527260.00000 78102.3663  85.2%     -    0s
     0     0 78119.1335    0    4 527260.000 78119.1335  85.2%     -    0s
     0     0 78120.1466    0    4 527260.000 78120.1466  85.2%     -    0s
H    0     0                    515785.00000 78120.1466  84.9%     -    0s
H    0     0                    461783.00000 78124.9219  83.1%     -    0s
     0     2 78177.0888    0   12 461783.000 78177.0888  83.1%     -    0s
  2078  2250 79421.2462   32    2 461783.000 78252.4150  83.1%   3.2    5s
H 3386  2869                    406350.00000 78256.8570  80.7%   2.9    9s
  3400  2879 78632.7002   41   17 406350.000 78256.8570  80.7%   2.9   10s
  3776  3177 78491.4899   23   18 406350.000 78274.2127  80.7%   4.2   15s
  4224  3497 78535.5067   28   13 406350.000 78274.2127  80.7%   4.9   20s
  4947  3842 78591.6370   35   12 406350.000 78326.2900  80.7%   5.2   25s
  6116  4509 78741.5935   42   11 406350.000 78336.6859  80.7%   5.1   30s
  7187  4928 87495.0000   69    - 406350.000 78354.1735  80.7%   5.1   35s
  8544  5605 88359.0000   67    - 406350.000 78365.8908  80.7%   4.9   40s
  9503  6026 92169.0000   72    - 406350.000 78379.9527  80.7%   4.8   45s
 10251  6321 80329.0000   53    - 406350.000 78379.9527  80.7%   4.7   50s
 10937  6703 78644.5116   21   13 406350.000 78397.0316  80.7%   4.7   55s
 11921  7140 79088.1208   28    3 406350.000 78397.0316  80.7%   4.7   60s
 13020  7891 81042.7037   65    2 406350.000 78397.0316  80.7%   4.6   66s
 13691  8395 78923.9122   24    8 406350.000 78412.2440  80.7%   4.6   70s
 14816  9297 79814.9383   36    4 406350.000 78412.2440  80.7%   4.6   75s
 16016 10342 78574.9004   19   15 406350.000 78423.3555  80.7%   4.6   80s
 16577 10647 78885.3186   34    4 406350.000 78435.1216  80.7%   4.7   85s
 17381 11374 78909.9215   37    7 406350.000 78439.8636  80.7%   4.7   91s
 18242 12092 78915.7634   39    5 406350.000 78439.8636  80.7%   4.8   95s
 19928 13492 170754.000   69    - 406350.000 78455.1290  80.7%   4.8  101s
 21482 14589 78842.5825   26   11 406350.000 78455.1290  80.7%   4.8  106s
 22607 15313 79433.4785   35    4 406350.000 78455.1290  80.7%   4.9  111s
 23154 15901 79376.7254   34    6 406350.000 78455.1290  80.7%   4.9  116s
 24259 16811 80564.3295   44    5 406350.000 78468.5781  80.7%   4.9  122s
 25033 17369 80910.7319   51    9 406350.000 78468.6117  80.7%   4.9  126s
 25980 17845 80937.7211   54   10 406350.000 78478.4249  80.7%   4.8  132s
 26246 18181 81489.1684   56    1 406350.000 78478.4249  80.7%   4.8  136s
 26769 18453 78604.6869   23   26 406350.000 78490.0969  80.7%   4.8  140s
 27708 19243 79723.2426   48    1 406350.000 78490.0969  80.7%   4.8  148s
 28377 19806 78667.5327   24   21 406350.000 78494.0207  80.7%   4.8  153s
 29062 20388 80263.8319   61    2 406350.000 78496.8887  80.7%   4.9  158s
 29828 21078 78841.0389   30   20 406350.000 78497.0557  80.7%   4.9  163s
 30626 21718 78793.2054   34   20 406350.000 78497.7303  80.7%   4.9  168s
 31388 21849 79449.6677   46    4 406350.000 78497.7303  80.7%   4.9  186s
H31389 20757                    324561.00000 78497.7303  75.8%   4.9  188s
 31391 20758 80072.0000   49   27 324561.000 78497.7303  75.8%   4.9  192s
 31392 20759 80137.7469   56   28 324561.000 78497.7303  75.8%   4.9  195s
H31395 19723                    293979.00000 78497.7303  73.3%   4.9  200s
 31400 19726 81461.0000   62   29 293979.000 78497.7303  73.3%   4.9  205s
 31405 19729 79586.0000   64   28 293979.000 78497.7303  73.3%   4.9  210s
 31410 19738 78497.7303   23   27 293979.000 78497.7303  73.3%   4.9  215s
 31454 19779 78497.7303   26   30 293979.000 78497.7303  73.3%   5.0  220s
 31641 19920 78512.6616   30   26 293979.000 78497.7303  73.3%   5.2  226s
 31673 19952 78497.7303   30   21 293979.000 78497.7303  73.3%   5.2  231s
 31723 20038 78589.5947   32   26 293979.000 78497.7303  73.3%   5.2  235s
 31943 20191 78541.2496   33   22 293979.000 78497.7303  73.3%   5.3  241s
 32175 20280 78590.4213   34   20 293979.000 78497.7303  73.3%   5.4  245s
 32308 20358 78647.7782   35   21 293979.000 78497.7303  73.3%   5.4  250s
 32407 20515 78649.1643   37   20 293979.000 78497.7303  73.3%   5.4  256s
 32743 20705 78661.4569   39   18 293979.000 78497.7303  73.3%   5.5  260s
 33120 20903 78751.5109   41   14 293979.000 78497.7303  73.3%   5.5  265s
 33616 21123 78656.6772   31   26 293979.000 78497.7303  73.3%   5.6  270s
 34174 21386 79116.6751   46   10 293979.000 78497.7303  73.3%   5.6  277s
 34389 21501 78497.7303   33   28 293979.000 78497.7303  73.3%   5.7  280s
 34812 21771 78799.7566   36   20 293979.000 78497.7303  73.3%   5.7  285s
 35255 21865 81118.0001   76    3 293979.000 78497.7303  73.3%   5.8  290s
 35755 22327 80445.7972   73    2 293979.000 78497.7303  73.3%   5.8  296s
 36198 22584 172895.000   80    - 293979.000 78497.7303  73.3%   5.8  300s
 36956 22745 79537.9666   46    1 293979.000 78497.7303  73.3%   5.9  305s
 37441 23229 78701.8404   40   24 293979.000 78497.7303  73.3%   5.9  312s
 37958 23550 78951.3203   44   13 293979.000 78497.7303  73.3%   5.9  317s
 38544 23486 80137.3882   64    5 293979.000 78497.7303  73.3%   5.9  323s
 38580 23633 80150.1312   65    5 293979.000 78497.7303  73.3%   6.0  328s
 38833 23606 78829.8319   33   14 293979.000 78497.7303  73.3%   6.0  330s
 39136 24164 79329.3495   44    4 293979.000 78497.7303  73.3%   6.0  340s
 39798 24394 80399.8478   77    1 293979.000 78497.7303  73.3%   6.0  346s
 40426 24692 78753.6043   42   21 293979.000 78497.7303  73.3%   6.0  352s
 40987 25083 78937.8486   49   18 293979.000 78497.7303  73.3%   6.0  357s
 41616 25368 79173.7116   58   12 293979.000 78497.7303  73.3%   6.0  363s
 42335 25919 78560.1429   40   24 293979.000 78497.7303  73.3%   6.1  368s
 43217 26203 78895.5015   46   17 293979.000 78497.7303  73.3%   6.1  374s
 44021 26575 79910.8290   65    2 293979.000 78509.2039  73.3%   6.1  379s
 44078 26564 79744.5133   65    3 293979.000 78509.2039  73.3%   6.1  380s
 44662 26490 78625.7488   31   21 293979.000 78509.2039  73.3%   6.2  386s
 44704 27007 78960.8096   33   14 293979.000 78509.2039  73.3%   6.2  392s
 45599 27443 78969.1272   34   15 293979.000 78518.8135  73.3%   6.2  398s
 46403 27802 78766.3116   38   24 293979.000 78522.9181  73.3%   6.2  405s
 47276 27730 79185.6433   52   15 293979.000 78522.9181  73.3%   6.2  415s
 47319 28247 79434.2678   53    9 293979.000 78522.9181  73.3%   6.2  425s
 48193 28683 78862.7665   32   16 293979.000 78542.1202  73.3%   6.2  433s
 48855 29071 78584.5966   40   25 293979.000 78542.1202  73.3%   6.3  442s
 49725 29678 79123.6366   48   13 293979.000 78542.1202  73.3%   6.3  452s
 50772 30189 80951.0000   72    - 293979.000 78559.7311  73.3%   6.4  462s
 51876 30052 79330.2618   43    8 293979.000 78571.9358  73.3%   6.4  474s
 51890 30047 78656.9295   42   24 293979.000 78571.9358  73.3%   6.4  475s
 51908 30698 79189.4110   43   10 293979.000 78571.9358  73.3%   6.4  483s
 52882 30555 79495.3721   62    1 293979.000 78584.9503  73.3%   6.4  485s
 52961 31234 78724.9411   42   22 293979.000 78584.9503  73.3%   6.4  494s
 53982 31089 79495.7331   63    1 293979.000 78584.9503  73.3%   6.4  495s
 54070 31873 79075.9189   48   13 293979.000 78584.9503  73.3%   6.4  503s
 55126 31669 79496.9397   64    2 293979.000 78598.6135  73.3%   6.5  505s
 55203 32327 78870.6086   32   23 293979.000 78598.6135  73.3%   6.5  514s
 56154 32168 79587.3048   65    1 293979.000 78611.2957  73.3%   6.5  516s
 56207 33045 78814.6239   36   20 293979.000 78611.2957  73.3%   6.5  525s
 57525 33726 78886.1640   35   24 293979.000 78611.2957  73.3%   6.5  535s
 58874 33546 79138.1820   46   16 293979.000 78619.5997  73.3%   6.5  548s
 58927 34306 79165.8553   47   15 293979.000 78619.5997  73.3%   6.5  560s
 59994 34979 79164.9143   48   13 293979.000 78627.2434  73.3%   6.6  573s
 61240 35678 78736.1009   36   24 293979.000 78627.2434  73.3%   6.6  585s
 62483 36529 78776.3968   38   19 293979.000 78627.2434  73.3%   6.7  597s

Cutting planes:
  MIR: 12
  Flow cover: 7

Explored 63983 nodes (427858 simplex iterations) in 601.71 seconds (296.25 work units)
Thread count was 32 (of 32 available processors)

Solution count 10: 293979 324561 406350 ... 925041

Time limit reached
Best objective 2.939790000000e+05, best bound 7.863764924533e+04, gap 73.2506%

User-callback calls 149200, time in user-callback 178.22 sec
