
Gurobi 13.0.2 (win64) logging started Thu Jul 16 04:29:27 2026

Set parameter LogFile to value "logs/kstar_nI20_nJ40_nK100_nL10_tI6_tJ6_s3_m1_exact_s0_20260716-042927.gurobi.log"
Set parameter Seed to value 0
Set parameter TimeLimit to value 599.941269
Set parameter MIPGap to value 0
Set parameter MIPGapAbs to value 0.5
Set parameter Cutoff to value 1e+100
Gurobi Optimizer version 13.0.2 build v13.0.2rc1 (win64 - Windows 11+.0 (26200.2))

CPU model: Intel(R) Core(TM) i9-14900HX, instruction set [SSE2|AVX|AVX2]
Thread count: 24 physical cores, 32 logical processors, using up to 32 threads

Non-default parameters:
TimeLimit  599.941269
MIPGap  0
MIPGapAbs  0.5
PreCrush  1
LazyConstraints  1

Optimize a model with 20 rows, 70 columns and 600 nonzeros (Min)
Model fingerprint: 0xd6306015
Model has 70 linear objective coefficients
Variable types: 10 continuous, 60 integer (60 binary)
Coefficient statistics:
  Matrix range     [2e+00, 1e+03]
  Objective range  [1e+00, 5e+02]
  Bounds range     [1e+00, 9e+03]
  RHS range        [1e+03, 1e+03]

Using branch priorities.
Presolve removed 18 rows and 0 columns
Presolve time: 0.01s
Presolved: 2 rows, 70 columns, 60 nonzeros
Variable types: 10 continuous, 60 integer (60 binary)

Root relaxation: objective 8.002048e+04, 4 iterations, 0.00 seconds (0.00 work units)

    Nodes    |    Current Node    |     Objective Bounds      |     Work
 Expl Unexpl |  Obj  Depth IntInf | Incumbent    BestBd   Gap | It/Node Time

     0     0 80020.4786    0    2          - 80020.4786      -     -    0s
H    0     0                    291333.00000 80020.4786  72.5%     -    0s
H    0     0                    283188.00000 80020.4786  71.7%     -    0s
H    0     0                    277192.00000 80020.4786  71.1%     -    0s
H    0     0                    265491.00000 80020.4786  69.9%     -    0s
H    0     0                    264764.00000 80020.4786  69.8%     -    0s
H    0     0                    251661.00000 80020.4786  68.2%     -    0s
     0     0 80426.1405    0    5 251661.000 80426.1405  68.0%     -    0s
     0     0 80503.8742    0    7 251661.000 80503.8742  68.0%     -    0s
     0     0 80543.4196    0   12 251661.000 80543.4196  68.0%     -    0s
     0     0 80544.0613    0   12 251661.000 80544.0613  68.0%     -    0s
H    0     0                    246485.00000 80544.8812  67.3%     -    0s
H    0     0                    202526.00000 80545.0677  60.2%     -    0s
     0     2 80577.4437    0   14 202526.000 80577.4437  60.2%     -    0s
  3238  2920 81473.2511   36   12 202526.000 80643.1968  60.2%   3.4    5s
H 3245  2778                    190218.00000 80754.3731  57.5%   3.4    6s
H 3245  2639                    183331.00000 80754.3731  56.0%   3.4    6s
H 3252  2511                    178025.00000 80758.7140  54.6%   3.4    7s
H 3253  2512                    174357.00000 80758.7140  53.7%   3.4    7s
H 3260  2390                    170070.00000 80764.3641  52.5%   3.4    8s
H 3263  2272                    164054.00000 80770.5372  50.8%   3.4    8s
  3359  2497 81100.3217   17   13 164054.000 80853.8226  50.7%   3.9   10s
  4132  2876 81720.0036   29    9 164054.000 80853.8226  50.7%   5.2   15s
  5412  3653 85333.9722   58    1 164054.000 80899.5727  50.7%   5.5   20s
  7378  4621 92820.0000   59    - 164054.000 80958.6774  50.7%   5.3   25s
  9808  5867 93686.1517   64    1 164054.000 81004.3372  50.6%   5.3   30s
 10397  6415 81846.0975   36    5 164054.000 81041.2853  50.6%   5.4   35s
 11780  7703 82458.5954   43    2 164054.000 81074.8889  50.6%   5.3   40s
 13968  9771 81494.2294   20   16 164054.000 81082.0833  50.6%   5.4   45s
 16053 11130 81419.0731   21   19 164054.000 81095.7550  50.6%   5.3   50s
 17247 12352 81720.8875   27   15 164054.000 81120.1555  50.6%   5.3   55s
 19079 14191 82608.4864   46    6 164054.000 81122.0797  50.6%   5.4   60s
 20791 15364 81682.9398   28   16 164054.000 81156.0566  50.5%   5.3   65s
 23063 17058 81849.8693   30   10 164054.000 81156.0566  50.5%   5.4   70s
 24780 19079 81987.7415   36   10 164054.000 81169.2312  50.5%   5.4   75s
 27510 21661 81702.6063   29   12 164054.000 81181.1296  50.5%   5.4   81s
 29739 23643 81639.3210   27   16 164054.000 81185.2291  50.5%   5.4   86s
 31817 25404 81700.8965   28    9 164054.000 81218.5356  50.5%   5.5   91s
 33655 26561 82386.6986   37    5 164054.000 81223.8204  50.5%   5.5   98s
 34408 27650 82311.2207   38    6 164054.000 81230.1199  50.5%   5.5  101s
 37123 29976 81472.1678   28   20 164054.000 81230.1199  50.5%   5.5  107s
 38511 31170 81571.4439   30   16 164054.000 81236.5356  50.5%   5.5  112s
 39869 31676 81415.4960   23   18 164054.000 81247.8259  50.5%   5.5  115s
 41069 32960 81438.1889   25   18 164054.000 81250.0600  50.5%   5.5  122s
 41851 33773 81510.5410   26   21 164054.000 81253.2759  50.5%   5.5  126s
 42750 34706 81546.9533   24   19 164054.000 81253.2759  50.5%   5.6  130s
 45538 37423 93235.0000   65    - 164054.000 81267.4803  50.5%   5.5  138s
 47123 38607 81555.2822   27   17 164054.000 81274.0779  50.5%   5.5  143s
 48441 39990 82409.5935   38   11 164054.000 81274.5646  50.5%   5.5  148s
 50129 41109 82377.3733   46    5 164054.000 81283.8658  50.5%   5.5  153s
 51768 41610 82742.0846   47    7 164054.000 81287.1673  50.5%   5.5  158s
 51929 41628 82084.4826   47   12 164054.000 81287.1673  50.5%   5.5  166s
 51932 41630 82715.0000   57   25 164054.000 81287.1673  50.5%   5.5  170s
 51936 41633 84483.1072   57   26 164054.000 81287.1673  50.5%   5.5  177s
 51937 41633 83333.0000   62   27 164054.000 81287.1673  50.5%   5.5  180s
H51943 39554                    156728.00000 81287.1673  48.1%   5.5  185s
 51949 39558 90179.0000   60   29 156728.000 81287.1673  48.1%   5.5  190s
 51951 39560 81561.5183   24   29 156728.000 81287.1673  48.1%   5.5  195s
 51955 39565 81287.1673   24   27 156728.000 81287.1673  48.1%   5.5  200s
 52017 39637 81287.1673   29   29 156728.000 81287.1673  48.1%   5.6  206s
 52126 39717 81287.1673   31   24 156728.000 81287.1673  48.1%   5.6  210s
 52315 39835 81411.9738   33   22 156728.000 81287.1673  48.1%   5.7  215s
 52689 40186 81631.4439   36   17 156728.000 81287.1673  48.1%   5.8  220s
 53055 40312 81931.1223   36   12 156728.000 81287.1673  48.1%   5.8  225s
 53473 40535 81904.8216   40   14 156728.000 81287.1673  48.1%   5.9  230s
 53992 40985 82268.3972   43   10 156728.000 81287.1673  48.1%   5.9  235s
 54709 41322 82482.8779   49    7 156728.000 81287.1673  48.1%   5.9  240s
 55273 41753 82747.8394   58    3 156728.000 81287.1673  48.1%   5.9  245s
 56004 42235 84560.9822   72    4 156728.000 81287.1673  48.1%   6.0  250s
 57014 42473 81515.6527   35   19 156728.000 81287.1673  48.1%   6.0  255s
 57574 42897 81955.8970   40   10 156728.000 81298.7186  48.1%   6.0  262s
 57816 43108 82325.5122   46   12 156728.000 81298.7186  48.1%   6.0  265s
 58634 43783 84011.1338   64    2 156728.000 81313.5979  48.1%   6.1  270s
 59897 44496 81965.2323   37   17 156728.000 81332.0792  48.1%   6.1  277s
 60598 44860 83497.6594   69    2 156728.000 81344.2901  48.1%   6.1  281s
 61589 45305 81816.1341   36   20 156728.000 81344.2901  48.1%   6.1  285s
 63312 46371 81855.7972   40   20 156728.000 81352.2963  48.1%   6.1  292s
 64166 46914 81876.8724   39   18 156728.000 81373.8771  48.1%   6.1  296s
 65624 47119 91258.0743   77    2 156728.000 81373.8771  48.1%   6.2  300s
 65881 47767 82067.0619   39   21 156728.000 81373.8771  48.1%   6.2  307s
 66648 48281 82083.5314   39   17 156728.000 81373.8771  48.1%   6.3  311s
 67685 48124 82077.4538   40   14 156728.000 81373.8771  48.1%   6.2  316s
 67717 48740 82046.5547   39   23 156728.000 81373.8771  48.1%   6.3  320s
 68961 49182 84400.9682   69    2 156728.000 81403.0726  48.1%   6.3  325s
 69569 49951 85001.9882   64    1 156728.000 81422.5076  48.0%   6.3  334s
 70357 49784 81954.6612   42   15 156728.000 81422.5076  48.0%   6.3  335s
 70663 50620 81761.2648   40   17 156728.000 81422.5076  48.0%   6.3  340s
 71844 51185 82305.4908   56    8 156728.000 81422.5076  48.0%   6.3  346s
 72868 51978 82090.4285   42   12 156728.000 81428.5905  48.0%   6.4  351s
 74300 52692 82117.2170   49   18 156728.000 81446.3936  48.0%   6.3  358s
 75676 53571 82722.3847   49   10 156728.000 81462.3642  48.0%   6.4  364s
 77230 54275 84338.6898   60    1 156728.000 81467.0532  48.0%   6.4  370s
 78596 54026 82418.6602   46    8 156728.000 81478.1019  48.0%   6.4  375s
 78628 54816 82466.0379   47    6 156728.000 81478.1019  48.0%   6.4  381s
 79625 55496 82494.9505   48    8 156728.000 81478.1019  48.0%   6.4  387s
 80945 56289 82173.9397   39   16 156728.000 81485.9132  48.0%   6.4  394s
 81443 56192 82441.7326   41    8 156728.000 81485.9132  48.0%   6.4  395s
 82333 57047 82070.1501   39   13 156728.000 81496.5379  48.0%   6.5  401s
 83745 58083 82167.6560   42   16 156728.000 81496.5379  48.0%   6.5  409s
 84659 57892 85594.3672   75    2 156728.000 81498.8159  48.0%   6.5  410s
 85528 59050 82116.6344   42   18 156728.000 81505.4685  48.0%   6.5  417s
 87245 60164 82076.4132   44   19 156728.000 81507.7983  48.0%   6.5  425s
 89294 61153 82686.9345   49    4 156728.000 81516.9421  48.0%   6.5  434s
 91118 62403 82659.8109   47   13 156728.000 81529.2571  48.0%   6.6  443s
 93633 63287 81738.7813   32   19 156728.000 81536.0980  48.0%   6.6  452s
 96009 63123 82162.5661   45   16 156728.000 81543.7651  48.0%   6.5  460s
 96126 64097 82251.6119   46   13 156728.000 81543.7651  48.0%   6.6  470s
 97446 65377 82386.9549   45   15 156728.000 81543.8758  48.0%   6.6  479s
 97615 65351 82388.8515   40   12 156728.000 81543.8758  48.0%   6.6  480s
 99912 66483 81745.1109   35   20 156728.000 81548.4173  48.0%   6.6  490s
 102150 67682 82234.5805   44   12 156728.000 81553.0048  48.0%   6.6  502s
 104427 69416 81888.5606   36   20 156728.000 81565.6166  48.0%   6.6  513s
 105867 69082 82795.7937   51   11 156728.000 81566.1993  48.0%   6.6  515s
 107123 70846 82767.4390   56    3 156728.000 81573.1307  48.0%   6.6  526s
 109910 72021 81972.0269   41   17 156728.000 81579.5431  47.9%   6.6  538s
 112163 73443 84517.3824   57    1 156728.000 81586.2863  47.9%   6.7  551s
 114675 72937 82166.3906   40   12 156728.000 81590.3148  47.9%   6.7  560s
 114707 73952 82283.1390   41   13 156728.000 81590.3148  47.9%   6.7  572s
 116159 75306 85635.1764   63    1 156728.000 81590.3148  47.9%   6.7  585s
 118412 76860 82192.0383   41   12 156728.000 81590.3800  47.9%   6.7  599s
 119055 76726 81930.6078   40   17 156728.000 81593.0702  47.9%   6.7  600s

Cutting planes:
  Gomory: 8
  MIR: 4
  StrongCG: 3

Explored 121113 nodes (819074 simplex iterations) in 603.01 seconds (259.01 work units)
Thread count was 32 (of 32 available processors)

Solution count 10: 156728 164054 170070 ... 264764

Time limit reached
Best objective 1.567280000000e+05, best bound 8.159933000721e+04, gap 47.9357%

User-callback calls 261227, time in user-callback 122.61 sec
