
Gurobi 13.0.2 (win64) logging started Thu Jul 16 18:23:17 2026

Set parameter LogFile to value "logs/kstar_nI40_nJ20_nK100_nL10_tI3_tJ3_s1_m1_exact_s0_20260716-182317.gurobi.log"
Set parameter Seed to value 0
Set parameter TimeLimit to value 599.9598168
Set parameter MIPGap to value 0
Set parameter MIPGapAbs to value 0.5
Set parameter Cutoff to value 1e+100
Gurobi Optimizer version 13.0.2 build v13.0.2rc1 (win64 - Windows 11+.0 (26200.2))

CPU model: Intel(R) Core(TM) i9-14900HX, instruction set [SSE2|AVX|AVX2]
Thread count: 24 physical cores, 32 logical processors, using up to 32 threads

Non-default parameters:
TimeLimit  599.9598168
MIPGap  0
MIPGapAbs  0.5
PreCrush  1
LazyConstraints  1

Optimize a model with 20 rows, 70 columns and 600 nonzeros (Min)
Model fingerprint: 0x5e7a31da
Model has 70 linear objective coefficients
Variable types: 10 continuous, 60 integer (60 binary)
Coefficient statistics:
  Matrix range     [3e+00, 1e+03]
  Objective range  [1e+00, 5e+02]
  Bounds range     [1e+00, 1e+04]
  RHS range        [1e+03, 1e+03]

Using branch priorities.
Presolve removed 4 rows and 0 columns
Presolve time: 0.00s
Presolved: 16 rows, 70 columns, 500 nonzeros
Variable types: 10 continuous, 60 integer (60 binary)

Root relaxation: objective 1.001509e+05, 9 iterations, 0.00 seconds (0.00 work units)

    Nodes    |    Current Node    |     Objective Bounds      |     Work
 Expl Unexpl |  Obj  Depth IntInf | Incumbent    BestBd   Gap | It/Node Time

     0     0 100150.858    0    2          - 100150.858      -     -    0s
H    0     0                    501191.00000 100150.858  80.0%     -    0s
H    0     0                    469830.00000 100150.858  78.7%     -    0s
H    0     0                    465992.00000 100150.858  78.5%     -    0s
     0     0 100350.649    0    5 465992.000 100350.649  78.5%     -    0s
     0     0 100376.782    0   10 465992.000 100376.782  78.5%     -    0s
     0     0 100399.653    0   13 465992.000 100399.653  78.5%     -    0s
     0     0 100401.054    0   13 465992.000 100401.054  78.5%     -    0s
     0     2 100415.840    0   12 465992.000 100415.840  78.5%     -    0s
H 3430  2871                    355224.00000 100574.434  71.7%   2.9    5s
  4136  3392 101239.632   21   10 355224.000 100665.203  71.7%   3.9   10s
  5666  4343 101909.595   29    5 355224.000 100780.374  71.6%   3.9   15s
* 7395  4990              67    271071.00000 100780.374  62.8%   3.8   18s
* 7396  4853              67    271029.00000 100780.374  62.8%   3.8   18s
  8613  5449 101715.589   32    1 271029.000 100893.187  62.8%   3.7   20s
* 9238  5615              69    263405.00000 100893.187  61.7%   3.7   21s
 10610  6264 104468.108   51    1 263405.000 100946.582  61.7%   3.6   25s
 13115  8384 101274.968   26   11 263405.000 100982.593  61.7%   3.6   30s
 15714 10466 122595.314   50    3 263405.000 101004.105  61.7%   3.5   35s
 18604 12883 102974.256   34    4 263405.000 101007.798  61.7%   3.5   40s
 19596 13396 101465.879   22    9 263405.000 101007.798  61.7%   3.5   45s
 20473 14257 103502.508   34    4 263405.000 101046.574  61.6%   3.5   50s
 21567 15249 101648.596   25   10 263405.000 101046.574  61.6%   3.5   55s
 22771 16104 102341.579   32    1 263405.000 101046.574  61.6%   3.5   61s
 23708 16732 101221.478   19   13 263405.000 101087.986  61.6%   3.5   66s
 24679 17970 102712.584   54    2 263405.000 101103.139  61.6%   3.5   71s
 26376 19414 101426.051   20    8 263405.000 101110.720  61.6%   3.5   76s
 28403 21151 102279.819   35    5 263405.000 101120.514  61.6%   3.4   81s
 29773 22329 101425.439   21   13 263405.000 101139.338  61.6%   3.4   85s
 31855 24093 101781.611   24   11 263405.000 101148.613  61.6%   3.4   91s
 32984 24965 101743.529   24    6 263405.000 101149.687  61.6%   3.5   95s
 35376 26953 102353.260   42    3 263405.000 101161.318  61.6%   3.5  102s
 36977 28115 101609.364   25    7 263405.000 101166.395  61.6%   3.5  105s
 39276 29517 102859.699   34    1 263405.000 101166.395  61.6%   3.5  110s
 41210 32002 102093.329   34    6 263405.000 101181.516  61.6%   3.5  117s
 42875 33194 103705.025   45    1 263405.000 101194.708  61.6%   3.5  121s
 44235 34109 102585.123   33    3 263405.000 101202.910  61.6%   3.5  125s
 45777 35492 101794.639   24    9 263405.000 101203.409  61.6%   3.5  130s
 47932 37171 105576.787   60    1 263405.000 101211.413  61.6%   3.5  135s
 49902 38531 102007.463   27    8 263405.000 101216.608  61.6%   3.5  140s
 52898 40239 102338.479   36   13 263405.000 101233.150  61.6%   3.5  162s
H52899 38228                    234074.00000 101233.150  56.8%   3.5  163s
 52903 38230 102226.996   37   24 234074.000 101233.150  56.8%   3.5  165s
 52934 38284 101233.150   24   24 234074.000 101233.150  56.8%   3.5  170s
 53139 38421 101652.740   27   17 234074.000 101233.150  56.8%   3.6  175s
 53446 38688 102020.678   29   14 234074.000 101233.150  56.8%   3.7  181s
 53895 38996 102931.265   32   11 234074.000 101233.150  56.8%   3.7  185s
 54358 39145 101470.725   27   17 234074.000 101233.150  56.8%   3.7  190s
 55057 39649 105023.302   41    6 234074.000 101233.150  56.8%   3.8  195s
 55775 39928 105415.293   47    2 234074.000 101233.150  56.8%   3.8  200s
 56105 40072 106156.866   51    2 234074.000 101233.150  56.8%   3.8  205s
 56424 40427 107214.885   55    3 234074.000 101233.150  56.8%   3.8  210s
 57366 40942 118209.752   66    2 234074.000 101233.150  56.8%   3.8  215s
 58327 41252 104656.449   68    2 234074.000 101233.150  56.8%   3.9  220s
 59210 41908 102629.433   45    5 234074.000 101233.150  56.8%   3.9  226s
 60616 42680 103879.445   50    6 234074.000 101234.512  56.8%   3.9  232s
 61323 43011 101795.442   34   17 234074.000 101234.512  56.8%   3.9  235s
 62664 43330 103442.237   57    2 234074.000 101264.798  56.7%   4.0  241s
 63141 43729 101807.568   32   17 234074.000 101264.798  56.7%   4.0  245s
 64122 44658 104441.603   59    2 234074.000 101276.160  56.7%   4.0  250s
 65845 45483 102592.277   45   10 234074.000 101318.181  56.7%   4.1  257s
 66668 45365 101742.773   30   16 234074.000 101318.181  56.7%   4.1  261s
 67081 45680 102450.112   36   11 234074.000 101320.778  56.7%   4.1  265s
 67969 46100 101575.059   32   21 234074.000 101346.444  56.7%   4.1  271s
 68166 46522 101692.289   33   20 234074.000 101346.444  56.7%   4.1  275s
 68896 47206 101720.684   34   18 234074.000 101348.026  56.7%   4.1  280s
 69979 47476 102864.163   45    4 234074.000 101390.515  56.7%   4.2  288s
 70626 48175 101794.732   36   21 234074.000 101408.602  56.7%   4.2  292s
 71814 48777 101775.432   30   13 234074.000 101452.029  56.7%   4.2  298s
 73061 49536 101976.417   35   20 234074.000 101463.362  56.7%   4.2  302s
 74444 49332 102577.945   31   13 234074.000 101465.007  56.7%   4.3  307s
 74489 49945 102608.324   32   12 234074.000 101468.257  56.7%   4.3  313s
 75369 50566 101852.277   32   17 234074.000 101478.973  56.6%   4.3  318s
 76381 51263 101875.611   36   13 234074.000 101480.650  56.6%   4.3  324s
 77702 51916 101879.697   35   16 234074.000 101491.058  56.6%   4.4  330s
 79034 52486 101807.834   33   17 234074.000 101493.370  56.6%   4.4  336s
 80619 53270 102902.726   54    1 234074.000 101493.370  56.6%   4.4  342s
 82030 54379 101826.722   32   17 234074.000 101505.971  56.6%   4.4  348s
 83925 55197 101764.617   34   17 234074.000 101515.096  56.6%   4.4  355s
 85689 56146 101983.160   37   17 234074.000 101525.917  56.6%   4.4  362s
 87558 57084 102616.085   39   10 234074.000 101536.008  56.6%   4.5  369s
 87677 57059 102014.789   37   17 234074.000 101536.008  56.6%   4.5  370s
 89330 57996 103160.812   65    3 234074.000 101537.830  56.6%   4.5  377s
 91132 57775 103309.153   57   12 234074.000 101552.412  56.6%   4.5  384s
 91217 57762 102817.549   36   16 234074.000 101552.412  56.6%   4.5  385s
 91279 58978 103320.084   58   11 234074.000 101552.412  56.6%   4.5  393s
 93087 59990 104661.263   67    1 234074.000 101552.582  56.6%   4.6  401s
 94877 60643 101898.303   32   19 234074.000 101559.287  56.6%   4.6  409s
 95736 60476 102362.903   35   17 234074.000 101559.287  56.6%   4.6  410s
 96324 61454 101976.706   31   15 234074.000 101562.792  56.6%   4.6  418s
 98414 61339 103394.586   49    6 234074.000 101565.490  56.6%   4.6  426s
 98520 62187 103408.437   50    6 234074.000 101565.490  56.6%   4.6  435s
 99804 63293 102178.268   37   11 234074.000 101567.250  56.6%   4.6  446s
 101670 63026 103872.984   56    4 234074.000 101575.161  56.6%   4.6  454s
 101697 63022 101915.753   33   15 234074.000 101575.161  56.6%   4.6  455s
 101825 64491 103970.700   57    2 234074.000 101575.161  56.6%   4.6  464s
 103559 64139 102182.725   36   16 234074.000 101579.285  56.6%   4.7  466s
 103853 65582 101838.414   33   17 234074.000 101579.285  56.6%   4.7  476s
 105925 66402 120339.019   70    1 234074.000 101585.498  56.6%   4.7  487s
 108121 67918 101887.065   32   18 234074.000 101594.326  56.6%   4.7  498s
 110602 68852 104092.320   57    2 234074.000 101599.621  56.6%   4.7  512s
 112791 70173 102173.305   40   10 234074.000 101599.621  56.6%   4.7  525s
 115583 71643 102191.228   36   13 234074.000 101614.093  56.6%   4.7  538s
 117918 71294 114706.000   70    - 234074.000 101615.182  56.6%   4.8  540s
 118476 71496 102446.267   39   13 234074.000 101621.724  56.6%   4.8  551s
 118925 72907 102580.383   40   13 234074.000 101621.724  56.6%   4.8  566s
 121247 74642 102469.454   35    8 234074.000 101626.631  56.6%   4.8  581s
 124167 75814 103524.556   57    2 234074.000 101629.190  56.6%   4.8  596s
 126630 75482 102483.890   39   14 234074.000 101645.473  56.6%   4.8  600s

Explored 126794 nodes (613946 simplex iterations) in 600.83 seconds (224.37 work units)
Thread count was 32 (of 32 available processors)

Solution count 8: 234074 263405 271029 ... 501191

Time limit reached
Best objective 2.340740000000e+05, best bound 1.016454727750e+05, gap 56.5755%

User-callback calls 273633, time in user-callback 100.34 sec
