
Gurobi 13.0.2 (win64) logging started Fri Jul 17 18:44:19 2026

Set parameter LogFile to value "logs/kstar_nI40_nJ40_nK50_nL10_tI2_tJ2_s1_m1_exact_s0_20260717-184419.gurobi.log"
Set parameter Seed to value 0
Set parameter TimeLimit to value 599.9560084
Set parameter MIPGap to value 0
Set parameter MIPGapAbs to value 0.5
Set parameter Cutoff to value 1e+100
Gurobi Optimizer version 13.0.2 build v13.0.2rc1 (win64 - Windows 11+.0 (26200.2))

CPU model: Intel(R) Core(TM) i9-14900HX, instruction set [SSE2|AVX|AVX2]
Thread count: 24 physical cores, 32 logical processors, using up to 32 threads

Non-default parameters:
TimeLimit  599.9560084
MIPGap  0
MIPGapAbs  0.5
PreCrush  1
LazyConstraints  1

Optimize a model with 20 rows, 90 columns and 800 nonzeros (Min)
Model fingerprint: 0xf1c40558
Model has 90 linear objective coefficients
Variable types: 10 continuous, 80 integer (80 binary)
Coefficient statistics:
  Matrix range     [7e+00, 7e+02]
  Objective range  [1e+00, 5e+02]
  Bounds range     [1e+00, 4e+03]
  RHS range        [6e+02, 7e+02]

Using branch priorities.
Presolve removed 16 rows and 0 columns
Presolve time: 0.00s
Presolved: 4 rows, 90 columns, 160 nonzeros
Variable types: 10 continuous, 80 integer (80 binary)

Root relaxation: objective 3.272500e+04, 6 iterations, 0.00 seconds (0.00 work units)

    Nodes    |    Current Node    |     Objective Bounds      |     Work
 Expl Unexpl |  Obj  Depth IntInf | Incumbent    BestBd   Gap | It/Node Time

     0     0 32725.0000    0    -          - 32725.0000      -     -    0s
     0     0 32730.1818    0    2          - 32730.1818      -     -    0s
     0     0 32760.2984    0    5          - 32760.2984      -     -    0s
H    0     0                    414240.00000 32761.8871  92.1%     -    0s
H    0     0                    373616.00000 32761.8871  91.2%     -    0s
H    0     0                    348043.00000 32761.8871  90.6%     -    0s
H    0     0                    303248.00000 32761.8871  89.2%     -    0s
     0     0 32789.3967    0   10 303248.000 32789.3967  89.2%     -    0s
     0     0 32791.0989    0   10 303248.000 32791.0989  89.2%     -    0s
     0     2 32841.1639    0    7 303248.000 32841.1639  89.2%     -    0s
H 3034  2668                    288850.00000 32901.5254  88.6%   2.7    4s
  3036  2669 34181.0000   35   17 288850.000 32901.5254  88.6%   2.7    5s
H 3047  2542                    206955.00000 32911.3735  84.1%   2.7    6s
H 3056  2420                    173605.00000 32921.0426  81.0%   2.7    7s
H 3057  2421                    168007.00000 32921.0426  80.4%   2.7    7s
  3293  2611 33030.0384   19   15 168007.000 32950.9188  80.4%   4.3   10s
  3944  3018 33791.2771   31    2 168007.000 32950.9188  80.4%   6.1   15s
  4546  3473 33150.4327   28   18 168007.000 32950.9188  80.4%   6.4   20s
  5794  4307 33300.0897   38   14 168007.000 32980.8350  80.4%   6.7   25s
  7713  5185 35084.0488   70    3 168007.000 32997.2134  80.4%   6.5   30s
  9542  6330 33257.9427   21   16 168007.000 33011.4228  80.4%   6.3   35s
 11632  7573 33468.3020   38   15 168007.000 33015.4498  80.3%   6.2   40s
 12111  8082 33746.5012   42    8 168007.000 33015.4498  80.3%   6.2   47s
 12370  8475 33928.1457   51    3 168007.000 33022.3393  80.3%   6.2   50s
 13272  8968 33165.1629   20   16 168007.000 33022.3393  80.3%   6.1   55s
 14205 10152 33150.1067   24   16 168007.000 33024.8258  80.3%   6.2   61s
 15273 11211 34614.2644   76    6 168007.000 33024.8258  80.3%   6.1   65s
 16753 11920 33703.0909   51    2 168007.000 33024.8258  80.3%   6.0   70s
 17096 12525 33706.1348   53    3 168007.000 33024.8258  80.3%   5.9   76s
 18221 13115 33689.5077   43    7 168007.000 33024.8258  80.3%   5.9   80s
 20186 15259 33989.8378   57    2 168007.000 33038.0582  80.3%   5.8   86s
 22160 16872 33153.5229   22   26 168007.000 33038.0582  80.3%   5.7   91s
 23167 17682 33436.4503   30   19 168007.000 33038.0582  80.3%   5.7   95s
 24986 19550 33301.1474   28   23 168007.000 33063.0534  80.3%   5.7  100s
 26373 19953 33538.3076   31   14 168007.000 33063.0534  80.3%   5.7  107s
 26616 20318 33554.5878   32   14 168007.000 33063.0534  80.3%   5.7  110s
 27557 21329 33785.2911   34    8 168007.000 33063.0534  80.3%   5.7  117s
 28263 21967 33791.6493   35    9 168007.000 33063.0534  80.3%   5.7  121s
 28941 22739 33795.0737   36    9 168007.000 33080.8519  80.3%   5.7  125s
 30147 23754 33226.2724   22   22 168007.000 33080.8519  80.3%   5.7  131s
 31361 24986 33671.6965   36   15 168007.000 33086.6562  80.3%   5.6  136s
 32773 26285 33266.1571   35   22 168007.000 33086.6562  80.3%   5.6  141s
 34129 27651 34132.3358   75    4 168007.000 33087.2238  80.3%   5.7  147s
 35800 27869 34276.0000   43   10 168007.000 33087.2238  80.3%   5.7  167s
 35802 27870 34053.0000   55   30 168007.000 33087.2238  80.3%   5.7  171s
 35804 27872 33438.0513   44   29 168007.000 33087.2238  80.3%   5.7  175s
 35806 27873 35058.0000   67   27 168007.000 33087.2238  80.3%   5.7  182s
 35813 27878 34195.0000   39   29 168007.000 33087.2238  80.3%   5.7  185s
H35813 26483                    158540.00000 33087.2238  79.1%   5.7  188s
 35820 26487 33592.5660   24   31 158540.000 33087.2238  79.1%   5.7  191s
 35826 26491 34510.0000   68   29 158540.000 33087.2238  79.1%   5.7  197s
 35827 26492 33559.4651   35   29 158540.000 33087.2238  79.1%   5.7  200s
 35834 26497 35137.1349   77   30 158540.000 33087.2238  79.1%   5.7  206s
H35836 25173                    137753.00000 33087.2238  76.0%   5.7  212s
 35841 25176 34164.6837   75   32 137753.000 33087.2238  76.0%   5.7  217s
 35842 25177 35963.0000   90   31 137753.000 33087.2238  76.0%   5.7  220s
 35844 25178 34080.1637   54   31 137753.000 33087.2238  76.0%   5.7  225s
 35876 25233 33087.2238   25   26 137753.000 33087.2238  76.0%   5.7  231s
 35940 25360 33087.2238   27   30 137753.000 33087.2238  76.0%   5.8  235s
 36089 25379 33171.9942   28   24 137753.000 33087.2238  76.0%   5.9  243s
 36125 25493 33087.2238   29   25 137753.000 33087.2238  76.0%   5.9  245s
 36373 25642 33087.2238   31   26 137753.000 33087.2238  76.0%   6.0  251s
 36596 25792 33273.8460   32   23 137753.000 33087.2238  76.0%   6.1  256s
 36743 25818 33140.0328   33   27 137753.000 33087.2238  76.0%   6.1  262s
 36931 26017 33093.4899   35   28 137753.000 33087.2238  76.0%   6.2  266s
 37168 26239 33096.7411   36   26 137753.000 33087.2238  76.0%   6.2  271s
 37596 26494 33102.1814   38   27 137753.000 33087.2238  76.0%   6.3  275s
 38344 26830 33251.1439   40   21 137753.000 33087.2238  76.0%   6.3  280s
 39017 27307 33292.2835   43   18 137753.000 33087.2238  76.0%   6.4  286s
 39662 27616 33318.9502   45   18 137753.000 33087.2238  76.0%   6.4  290s
 40606 28226 33433.3915   48   18 137753.000 33087.2238  76.0%   6.5  297s
 41086 28518 33478.2896   50   16 137753.000 33087.2238  76.0%   6.5  301s
 41585 28961 33356.8522   53   17 137753.000 33087.2238  76.0%   6.5  305s
 42805 29205 34498.0842   77    5 137753.000 33087.2238  76.0%   6.5  310s
 43612 30002 33935.5702   64    7 137753.000 33087.2238  76.0%   6.6  317s
 44241 30464 34322.3779   71    2 137753.000 33087.2238  76.0%   6.6  321s
 45067 30850 33266.7835   34   23 137753.000 33087.2238  76.0%   6.6  326s
 45785 31267 33322.0855   45   22 137753.000 33087.2238  76.0%   6.7  330s
 46588 31701 33689.2170   54   12 137753.000 33087.2238  76.0%   6.7  335s
 47303 31622 34392.5281   86    7 137753.000 33088.9339  76.0%   6.7  340s
 47499 31874 34481.5392   87    5 137753.000 33088.9339  76.0%   6.7  348s
 47863 32330 33467.1103   45   17 137753.000 33088.9339  76.0%   6.7  354s
 48624 32588 34157.4002   62    4 137753.000 33093.2395  76.0%   6.8  359s
 49126 32506 33236.3904   39   24 137753.000 33093.2395  76.0%   6.9  366s
 49158 33000 33405.8305   40   22 137753.000 33093.2395  76.0%   6.9  372s
 49795 33439 33419.0205   41   24 137753.000 33093.2395  76.0%   6.9  380s
 50736 33815 33595.9408   59   15 137753.000 33093.2395  76.0%   6.9  387s
 51398 34427 33220.5843   35   25 137753.000 33093.2395  76.0%   6.9  393s
 52371 34242 34031.5726   76    2 137753.000 33093.2395  76.0%   7.0  402s
 52403 34900 34034.3702   77    2 137753.000 33093.2395  76.0%   7.0  410s
 53415 35584 34034.5523   78    2 137753.000 33093.2395  76.0%   7.0  418s
 54491 36016 34099.5079   79    1 137753.000 33093.2395  76.0%   7.0  425s
 55438 36733 34102.2534   80    1 137753.000 33093.2395  76.0%   7.1  434s
 56724 37357 34129.1770   81    1 137753.000 33119.0934  76.0%   7.1  442s
 57789 37156 34163.9731   82    1 137753.000 33125.0276  76.0%   7.2  453s
 57860 37704 34215.8963   83    1 137753.000 33125.0276  76.0%   7.2  461s
 58653 38415 34431.0000   84    - 137753.000 33144.1067  75.9%   7.3  471s
 60277 39280 34693.6578   85    2 137753.000 33148.7988  75.9%   7.2  481s
 61759 39844 34783.1996   86    2 137753.000 33166.7929  75.9%   7.3  492s
 62946 40482 34828.0281   87    1 137753.000 33166.7929  75.9%   7.4  502s
 64111 41032 34839.4166   88    2 137753.000 33166.7929  75.9%   7.5  514s
 65400 41965 34863.6862   89    1 137753.000 33166.7929  75.9%   7.5  527s
 67050 43097 34969.0000   90    - 137753.000 33173.3734  75.9%   7.5  540s
 68974 42770 35790.0284   91    5 137753.000 33187.7496  75.9%   7.5  556s
 69050 43795 35883.9130   92    2 137753.000 33188.3840  75.9%   7.5  570s
 70433 44834 35911.8368   93    2 137753.000 33188.3840  75.9%   7.6  585s
 72264 45830 33990.9829   56    5 137753.000 33190.2816  75.9%   7.6  600s

Cutting planes:
  MIR: 13
  Flow cover: 8

Explored 74086 nodes (565870 simplex iterations) in 602.89 seconds (310.27 work units)
Thread count was 32 (of 32 available processors)

Solution count 9: 137753 158540 168007 ... 414240

Time limit reached
Best objective 1.377530000000e+05, best bound 3.319818838319e+04, gap 75.9002%

User-callback calls 209783, time in user-callback 101.22 sec
