
Gurobi 13.0.2 (win64) logging started Sat Jul 11 09:00:55 2026

Set parameter LogFile to value "logs/kstar_nI20_nJ20_nK50_nL10_tI6_tJ6_s4_m0_exact_s0_20260711-090055.gurobi.log"
Set parameter Seed to value 0
Set parameter TimeLimit to value 599.9807077
Set parameter NodefileStart to value 4
Set parameter MIPGap to value 0
Set parameter MIPGapAbs to value 0.9999
Set parameter Cutoff to value 1e+100
Gurobi Optimizer version 13.0.2 build v13.0.2rc1 (win64 - Windows 11+.0 (26200.2))

CPU model: Intel(R) Core(TM) i9-14900HX, instruction set [SSE2|AVX|AVX2]
Thread count: 24 physical cores, 32 logical processors, using up to 32 threads

Non-default parameters:
TimeLimit  599.9807077
MIPGap  0
MIPGapAbs  0.9999
NodefileStart  4

Optimize a model with 1100 rows, 14040 columns and 38400 nonzeros (Min)
Model fingerprint: 0xac6eb7dc
Model has 14040 linear objective coefficients
Variable types: 14000 continuous, 40 integer (40 binary)
Coefficient statistics:
  Matrix range     [1e+00, 7e+02]
  Objective range  [1e+00, 5e+02]
  Bounds range     [1e+00, 1e+00]
  RHS range        [5e+00, 2e+01]

Using branch priorities.
Found heuristic solution: objective 639774.00000
Presolve time: 0.02s
Presolved: 1100 rows, 14040 columns, 38400 nonzeros
Variable types: 14000 continuous, 40 integer (40 binary)

Root relaxation: objective 5.938979e+04, 966 iterations, 0.00 seconds (0.01 work units)

    Nodes    |    Current Node    |     Objective Bounds      |     Work
 Expl Unexpl |  Obj  Depth IntInf | Incumbent    BestBd   Gap | It/Node Time

     0     0 59389.7906    0   38 639774.000 59389.7906  90.7%     -    0s
H    0     0                    66833.135642 59389.7906  11.1%     -    0s
H    0     0                    66754.682563 59389.7906  11.0%     -    0s
     0     0 65191.6239    0    7 66754.6826 65191.6239  2.34%     -    0s
     0     0 65248.7310    0    7 66754.6826 65248.7310  2.26%     -    0s
H    0     0                    66737.240183 65248.7310  2.23%     -    0s
H    0     0                    66682.347923 65248.7310  2.15%     -    0s
     0     0 65613.8918    0    1 66682.3479 65613.8918  1.60%     -    0s
H    0     0                    66022.639175 65613.8918  0.62%     -    0s
H    0     0                    65626.000000 65613.8918  0.02%     -    0s
     0     0 65621.6633    0    1 65626.0000 65621.6633  0.01%     -    0s

Cutting planes:
  Implied bound: 426
  MIR: 25
  Flow cover: 166
  Relax-and-lift: 10

Explored 1 nodes (1325 simplex iterations) in 0.17 seconds (0.16 work units)
Thread count was 32 (of 32 available processors)

Solution count 3: 65626 66022.6 66682.3 

Optimal solution found (tolerance 0.00e+00)
Best objective 6.562600000000e+04, best bound 6.562600000000e+04, gap 0.0000%
