
Gurobi 13.0.2 (win64) logging started Sat Jul 18 02:56:40 2026

Set parameter LogFile to value "logs/kstar_nI40_nJ40_nK50_nL5_tI6_tJ6_s5_m1_exact_s0_20260718-025640.gurobi.log"
Set parameter Seed to value 0
Set parameter TimeLimit to value 599.977077
Set parameter MIPGap to value 0
Set parameter MIPGapAbs to value 0.5
Set parameter Cutoff to value 1e+100
Gurobi Optimizer version 13.0.2 build v13.0.2rc1 (win64 - Windows 11+.0 (26200.2))

CPU model: Intel(R) Core(TM) i9-14900HX, instruction set [SSE2|AVX|AVX2]
Thread count: 24 physical cores, 32 logical processors, using up to 32 threads

Non-default parameters:
TimeLimit  599.977077
MIPGap  0
MIPGapAbs  0.5
PreCrush  1
LazyConstraints  1

Optimize a model with 10 rows, 85 columns and 400 nonzeros (Min)
Model fingerprint: 0x0ac375f8
Model has 85 linear objective coefficients
Variable types: 5 continuous, 80 integer (80 binary)
Coefficient statistics:
  Matrix range     [1e+00, 6e+02]
  Objective range  [1e+00, 5e+02]
  Bounds range     [1e+00, 4e+03]
  RHS range        [6e+02, 6e+02]

Using branch priorities.
Presolve removed 8 rows and 0 columns
Presolve time: 0.00s
Presolved: 2 rows, 85 columns, 80 nonzeros
Variable types: 5 continuous, 80 integer (80 binary)

Root relaxation: objective 1.803621e+04, 5 iterations, 0.00 seconds (0.00 work units)

    Nodes    |    Current Node    |     Objective Bounds      |     Work
 Expl Unexpl |  Obj  Depth IntInf | Incumbent    BestBd   Gap | It/Node Time

     0     0 18036.2083    0    2          - 18036.2083      -     -    0s
H    0     0                    83523.000000 18036.2083  78.4%     -    0s
H    0     0                    80133.000000 18036.2083  77.5%     -    0s
H    0     0                    76779.000000 18036.2083  76.5%     -    0s
H    0     0                    65507.000000 18036.2083  72.5%     -    0s
     0     0 18316.2335    0    4 65507.0000 18316.2335  72.0%     -    0s
     0     0 18349.6755    0    5 65507.0000 18349.6755  72.0%     -    0s
     0     0 18556.9815    0    7 65507.0000 18556.9815  71.7%     -    0s
     0     0 18560.1742    0    7 65507.0000 18560.1742  71.7%     -    0s
     0     2 18606.3886    0    8 65507.0000 18606.3886  71.6%     -    0s
H 3655  3230                    54462.000000 18676.2246  65.7%   3.5    2s
H 3666  3074                    51825.000000 18699.6673  63.9%   3.5    3s
  3737  3154 18806.9742   20   20 51825.0000 18778.4372  63.8%   3.9    5s
  8515  6194 19497.1001   34   12 51825.0000 18887.5937  63.6%   5.1   10s
 16665 11491 19715.9640   26   15 51825.0000 19060.5210  63.2%   4.9   15s
 21702 16273 20403.2782   49    5 51825.0000 19138.8912  63.1%   5.0   20s
 27134 20957 20084.9165   38   10 51825.0000 19216.8586  62.9%   5.0   25s
 31582 25040 20327.7116   45    7 51825.0000 19238.9030  62.9%   5.0   31s
 36643 29961 20628.5756   49    4 51825.0000 19251.8250  62.9%   5.0   35s
 41520 34174 21039.3969   52    4 51825.0000 19301.9555  62.8%   5.1   40s
 46953 39213 19880.4431   23   18 51825.0000 19319.6149  62.7%   5.1   46s
 50929 42716 20348.2510   67    1 51825.0000 19347.0751  62.7%   5.1   50s
 55298 46654 19765.8997   27   20 51825.0000 19376.8043  62.6%   5.1   55s
 59908 50466 20134.4178   31   10 51825.0000 19394.8404  62.6%   5.1   60s
 63692 52336 21616.0000   80    7 51825.0000 19394.8864  62.6%   5.1   68s
H63693 49720                    45068.000000 19394.8864  57.0%   5.1   69s
 63694 49720 21762.0000   69   31 45068.0000 19394.8864  57.0%   5.1   70s
 63698 49723 19851.7342   41   29 45068.0000 19394.8864  57.0%   5.1   75s
H63698 47236                    42861.000000 19394.8864  54.7%   5.1   76s
 63702 47239 20044.7889   35   32 42861.0000 19394.8864  54.7%   5.1   80s
 63799 47387 19627.4421   30   29 42861.0000 19471.5280  54.6%   5.2   85s
 64332 47764 20098.5495   36   19 42861.0000 19471.5280  54.6%   5.3   90s
 65317 48459 21156.3907   46    6 42861.0000 19471.5280  54.6%   5.4   95s
 67037 49274 20134.6413   35   17 42861.0000 19544.2126  54.4%   5.4  100s
 68707 50446 19851.8836   31   23 42861.0000 19579.9346  54.3%   5.4  105s
 71206 51956 22834.3740   75    2 42861.0000 19636.7616  54.2%   5.5  110s
 73106 53139 20012.8000   37   17 42861.0000 19672.6496  54.1%   5.6  115s
 74412 53842 20448.8191   42   17 42861.0000 19700.4180  54.0%   5.6  121s
 75852 54747 20338.0279   41   15 42861.0000 19706.2382  54.0%   5.7  126s
 77717 55049 20384.5629   42   15 42861.0000 19706.2382  54.0%   5.7  131s
 78072 55983 21324.2766   55    5 42861.0000 19706.2382  54.0%   5.7  135s
 80012 56936 21265.9737   75    2 42861.0000 19706.2382  54.0%   5.7  140s
 82159 58337 20111.7009   35   21 42861.0000 19706.2382  54.0%   5.8  145s
 84856 60167 20027.7031   37   24 42861.0000 19803.1204  53.8%   5.8  150s
 87889 61795 20558.4482   50    9 42861.0000 19823.8151  53.7%   5.9  155s
 90497 63222 20066.6822   37   22 42861.0000 19829.9372  53.7%   5.9  160s
 93793 65399 21273.5978   64    6 42861.0000 19850.6612  53.7%   6.0  166s
 97355 66917 20198.8356   35   19 42861.0000 19862.7397  53.7%   6.0  172s
 98598 68020 21482.3153   77    3 42861.0000 19862.7397  53.7%   6.0  176s
 102323 70537 20471.0887   45   15 42861.0000 19885.3082  53.6%   6.1  183s
 104577 71156 22148.7724   76    1 42861.0000 19885.3082  53.6%   6.1  186s
 107801 73774 20573.2824   50   16 42861.0000 19897.4934  53.6%   6.2  193s
 110245 75022 20622.2693   43   16 42861.0000 19901.8654  53.6%   6.2  197s
 112928 74659 20604.2643   48   18 42861.0000 19904.8850  53.6%   6.2  201s
 113000 75377 20697.2933   49   15 42861.0000 19904.8850  53.6%   6.2  205s
 113981 76278 20394.9797   42   19 42861.0000 19905.3842  53.6%   6.2  210s
 116430 77455 20516.1016   46   18 42861.0000 19906.3736  53.6%   6.2  215s
 117904 78790 20313.1357   38   17 42861.0000 19911.1351  53.5%   6.2  220s
 119907 80162 20714.0554   46   11 42861.0000 19913.0586  53.5%   6.2  225s
 122556 79811 20512.6629   41   18 42861.0000 19920.6183  53.5%   6.2  230s
 122782 80661 20585.3032   42   19 42861.0000 19920.6183  53.5%   6.2  235s
 124195 81763 20649.3826   43   19 42861.0000 19921.4406  53.5%   6.2  240s
 126182 83295 21798.1067   61    1 42861.0000 19925.7439  53.5%   6.2  247s
 128583 84878 20459.0693   39   21 42861.0000 19930.6125  53.5%   6.2  253s
 131250 86445 21634.8445   76    2 42861.0000 19936.5017  53.5%   6.2  259s
 132762 86138 20586.9369   41   19 42861.0000 19936.5017  53.5%   6.2  260s
 134107 88135 20100.9706   36   23 42861.0000 19939.0328  53.5%   6.3  265s
 136835 89936 20943.4640   47   16 42861.0000 19943.5671  53.5%   6.3  272s
 140001 91438 23363.7469   76    2 42861.0000 19943.5671  53.5%   6.3  278s
 142984 93270 21011.0179   57    4 42861.0000 19953.6947  53.4%   6.4  285s
 146513 95158 20584.5825   40    9 42861.0000 19956.5358  53.4%   6.4  292s
 149890 97081 20595.1207   44    8 42861.0000 19960.8664  53.4%   6.4  299s
 150331 96975 21418.6595   59    6 42861.0000 19960.8664  53.4%   6.4  300s
 153138 98892 20668.5969   52    8 42861.0000 19962.0584  53.4%   6.4  306s
 156384 99825 20642.7099   38   18 42861.0000 19970.0774  53.4%   6.5  314s
 158716 101911 21646.8693   54    4 42861.0000 19970.0774  53.4%   6.5  321s
 162119 103449 20324.4231   40   21 42861.0000 19978.6637  53.4%   6.5  328s
 165417 105192 20340.7834   36   22 42861.0000 19985.0690  53.4%   6.5  335s
 168372 106873 20175.7277   33   23 42861.0000 19985.3872  53.4%   6.5  342s
 171413 106292 22365.5208   83    2 42861.0000 19992.4814  53.4%   6.5  348s
 171522 107044 22646.9939   84    2 42861.0000 19992.4814  53.4%   6.5  353s
 172616 108154 20671.8780   54   16 42861.0000 19992.4814  53.4%   6.5  359s
 173955 107860 20508.1573   39   21 42861.0000 19992.7271  53.4%   6.5  360s
 174318 109181 20558.8125   41   17 42861.0000 19992.9718  53.4%   6.5  366s
 176059 110579 20425.9470   34   18 42861.0000 19997.3517  53.3%   6.5  374s
 178364 112308 21772.7663   78    1 42861.0000 20001.4137  53.3%   6.5  382s
 181241 113254 20554.0978   38   25 42861.0000 20004.1256  53.3%   6.5  390s
 183552 115111 20524.1139   46   18 42861.0000 20008.9727  53.3%   6.6  398s
 186521 116416 20563.3331   39   20 42861.0000 20008.9727  53.3%   6.6  406s
 189051 118017 21332.6111   73    1 42861.0000 20012.5012  53.3%   6.6  414s
 189884 117845 20697.4325   48   16 42861.0000 20012.9878  53.3%   6.6  415s
 191860 119558 20465.1924   40   22 42861.0000 20015.1388  53.3%   6.6  422s
 194591 121296 20845.7633   48    9 42861.0000 20016.2442  53.3%   6.6  430s
 197592 122883 20451.9847   44   22 42861.0000 20021.9480  53.3%   6.6  438s
 200623 124533 22024.0646   61    3 42861.0000 20025.4927  53.3%   6.6  446s
 203631 125894 20445.0015   38   17 42861.0000 20029.2658  53.3%   6.6  454s
 205077 125590 20425.7198   37   22 42861.0000 20029.2775  53.3%   6.6  455s
 206317 128209 20786.4973   47   13 42861.0000 20029.2775  53.3%   6.6  463s
 209596 130320 20568.3186   41   16 42861.0000 20034.8460  53.3%   6.6  471s
 211828 132668 21182.2491   52   10 42861.0000 20034.9787  53.3%   6.7  479s
 213079 132811 20613.4937   39   23 42861.0000 20034.9787  53.3%   6.7  480s
 214558 135338 21148.2913   50    8 42861.0000 20037.6212  53.2%   6.7  488s
 217630 137992 26551.3932   89    3 42861.0000 20040.9294  53.2%   6.7  497s
 220622 140648 20921.8156   51   16 42861.0000 20044.7184  53.2%   6.7  505s
 223593 143192 20354.3206   35   28 42861.0000 20047.6951  53.2%   6.7  514s
 225368 143390 21203.6448   55   13 42861.0000 20048.0223  53.2%   6.7  515s
 226480 145523 21142.1068   53   10 42861.0000 20050.4435  53.2%   6.7  523s
 228942 147777 26060.0000   77    - 42861.0000 20050.4435  53.2%   6.7  532s
 231624 150002 20532.1328   38   22 42861.0000 20054.6982  53.2%   6.7  541s
 234296 152277 20739.3852   40   23 42861.0000 20054.8138  53.2%   6.7  551s
 236752 154748 20718.5029   41   26 42861.0000 20060.0670  53.2%   6.7  560s
 239594 156828 21000.6053   53   17 42861.0000 20062.2529  53.2%   6.7  570s
 241938 159289 21385.2130   61    9 42861.0000 20064.9399  53.2%   6.7  579s
 244687 161703 25047.7460   97    1 42861.0000 20067.0661  53.2%   6.7  588s
 247479 163814 20535.9197   40   20 42861.0000 20067.4774  53.2%   6.8  598s

Cutting planes:
  Gomory: 2
  MIR: 3
  Flow cover: 2

Explored 249938 nodes (1692069 simplex iterations) in 600.75 seconds (251.52 work units)
Thread count was 32 (of 32 available processors)

Solution count 8: 42861 45068 51825 ... 83523

Time limit reached
Best objective 4.286100000000e+04, best bound 2.007177183242e+04, gap 53.1701%

User-callback calls 517473, time in user-callback 56.33 sec
