
Gurobi 13.0.2 (win64) logging started Fri Jul 17 23:25:42 2026

Set parameter LogFile to value "logs/kstar_nI40_nJ40_nK50_nL5_tI2_tJ2_s4_m1_exact_s0_20260717-232542.gurobi.log"
Set parameter Seed to value 0
Set parameter TimeLimit to value 599.9772009
Set parameter MIPGap to value 0
Set parameter MIPGapAbs to value 0.5
Set parameter Cutoff to value 1e+100
Gurobi Optimizer version 13.0.2 build v13.0.2rc1 (win64 - Windows 11+.0 (26200.2))

CPU model: Intel(R) Core(TM) i9-14900HX, instruction set [SSE2|AVX|AVX2]
Thread count: 24 physical cores, 32 logical processors, using up to 32 threads

Non-default parameters:
TimeLimit  599.9772009
MIPGap  0
MIPGapAbs  0.5
PreCrush  1
LazyConstraints  1

Optimize a model with 10 rows, 85 columns and 400 nonzeros (Min)
Model fingerprint: 0x59264ecf
Model has 85 linear objective coefficients
Variable types: 5 continuous, 80 integer (80 binary)
Coefficient statistics:
  Matrix range     [4e+00, 6e+02]
  Objective range  [1e+00, 5e+02]
  Bounds range     [1e+00, 4e+03]
  RHS range        [6e+02, 6e+02]

Using branch priorities.
Presolve removed 6 rows and 0 columns
Presolve time: 0.00s
Presolved: 4 rows, 85 columns, 160 nonzeros
Variable types: 5 continuous, 80 integer (80 binary)

Root relaxation: objective 1.615463e+04, 9 iterations, 0.00 seconds (0.00 work units)

    Nodes    |    Current Node    |     Objective Bounds      |     Work
 Expl Unexpl |  Obj  Depth IntInf | Incumbent    BestBd   Gap | It/Node Time

     0     0 16154.6330    0    2          - 16154.6330      -     -    0s
H    0     0                    174669.00000 16154.6330  90.8%     -    0s
H    0     0                    154200.00000 16154.6330  89.5%     -    0s
H    0     0                    119684.00000 16154.6330  86.5%     -    0s
H    0     0                    98348.000000 16154.6330  83.6%     -    0s
     0     0 16179.1897    0    8 98348.0000 16179.1897  83.5%     -    0s
     0     0 16181.1363    0    8 98348.0000 16181.1363  83.5%     -    0s
     0     2 16215.9518    0   10 98348.0000 16215.9518  83.5%     -    0s
  4264  3626 16397.9114   11   19 98348.0000 16278.6232  83.4%   2.6    5s
H 4275  3452                    97193.000000 16278.6232  83.3%   2.6    7s
  4754  3805 16514.9114   24   12 97193.0000 16317.9102  83.2%   3.8   10s
  5772  4549 16535.4073   31   10 97193.0000 16317.9102  83.2%   4.3   15s
  8351  5944 16974.7625   44    3 97193.0000 16345.1749  83.2%   4.2   20s
 12057  7952 16558.4788   21   13 97193.0000 16396.3036  83.1%   4.1   25s
 16108 10144 19306.9041   81    4 97193.0000 16426.3682  83.1%   4.0   30s
 18043 11938 16635.4591   30   11 97193.0000 16437.2036  83.1%   4.0   35s
 19140 13204 17535.0000   65    - 97193.0000 16459.7110  83.1%   3.9   40s
 21198 14603 16770.2000   32    5 97193.0000 16467.1712  83.1%   3.9   45s
 22955 16444 17522.4002   58    2 97193.0000 16472.0616  83.1%   3.9   50s
 25224 18362 17770.3374   61    5 97193.0000 16472.0616  83.1%   3.8   55s
 28394 21097 16672.3244   30    9 97193.0000 16485.7965  83.0%   3.9   60s
 31115 23253 16591.0230   39   18 97193.0000 16485.7965  83.0%   3.8   65s
 35651 27422 17054.0257   56    6 97193.0000 16502.0387  83.0%   3.8   71s
 38772 29060 16592.2923   33   16 97193.0000 16502.5346  83.0%   3.8   77s
 38996 29767 16622.2121   34   13 97193.0000 16502.5346  83.0%   3.8   80s
 40761 31693 16771.4902   45   12 97193.0000 16502.5346  83.0%   3.8   87s
 42183 32735 16709.2961   29   13 97193.0000 16519.5966  83.0%   3.8   90s
 44734 35217 16720.3838   33   15 97193.0000 16522.6429  83.0%   3.9   97s
 46343 36730 16853.9564   31    8 97193.0000 16526.6391  83.0%   3.9  100s
 50020 40231 16744.3892   36   13 97193.0000 16530.1606  83.0%   3.9  107s
 51990 41989 16911.7304   46    8 97193.0000 16533.7012  83.0%   3.9  110s
 54076 43374 17577.3521   58    3 97193.0000 16533.7012  83.0%   3.9  115s
 57807 47015 24095.0000   83    - 97193.0000 16537.3206  83.0%   4.0  121s
 59926 48742 17844.4058   74    1 97193.0000 16543.5350  83.0%   4.0  125s
 62232 50553 17710.1237   78    5 97193.0000 16547.1434  83.0%   4.0  130s
 66613 53773 16983.0392   39    1 97193.0000 16551.8176  83.0%   4.0  139s
 68989 56062 17179.9047   77    2 97193.0000 16555.1698  83.0%   4.0  143s
 71147 58296 23350.0000   86    - 97193.0000 16557.3996  83.0%   4.0  148s
 73646 60478 16686.3876   32   13 97193.0000 16557.7336  83.0%   4.0  153s
 76166 62992 16770.1172   32   16 97193.0000 16559.9597  83.0%   4.0  158s
 79132 65228 16954.3205   41    8 97193.0000 16563.3639  83.0%   4.0  164s
 81706 67735 16897.9192   40   12 97193.0000 16565.2445  83.0%   4.0  169s
 84507 68723 16650.8772   43   18 97193.0000 16565.3134  83.0%   4.0  175s
 85402 68872 16660.7489   44   20 97193.0000 16567.9071  83.0%   4.0  181s
 85434 69756 16662.0252   45   20 97193.0000 16567.9071  83.0%   4.0  187s
 86600 71056 16666.9485   46   19 97193.0000 16567.9071  83.0%   4.0  194s
 88149 72294 16669.6457   47   20 97193.0000 16567.9764  83.0%   4.1  201s
 89903 72648 18448.0629   70    8 97193.0000 16568.6171  83.0%   4.0  219s
H89904 69016                    90978.000000 16568.6171  81.8%   4.0  221s
 89907 69018 17393.3992   76   23 90978.0000 16568.6171  81.8%   4.0  225s
 89909 69019 17012.9359   64   24 90978.0000 16568.6171  81.8%   4.0  231s
 89913 69022 16920.3607   47   22 90978.0000 16568.6171  81.8%   4.0  239s
 89915 69023 17195.0000   51   23 90978.0000 16568.6171  81.8%   4.0  241s
 89918 69025 17830.0000   68   24 90978.0000 16568.6171  81.8%   4.0  245s
H89918 65574                    90645.000000 16568.6171  81.7%   4.0  248s
H89918 62295                    84980.000000 16568.6171  80.5%   4.0  248s
H89918 59180                    84873.000000 16568.6171  80.5%   4.0  248s
H89919 59181                    70565.000000 16568.6171  76.5%   4.0  248s
 89921 59182 17757.0000   80   24 70565.0000 16568.6171  76.5%   4.0  250s
 89924 59184 21037.0000   90   23 70565.0000 16568.6171  76.5%   4.0  255s
 89987 59259 16568.6171   31   22 70565.0000 16568.6171  76.5%   4.1  260s
 90175 59392 16568.6171   33   18 70565.0000 16568.6171  76.5%   4.1  267s
 90361 59536 16568.6171   35   22 70565.0000 16568.6171  76.5%   4.2  270s
 90790 59799 16568.6171   38   20 70565.0000 16568.6171  76.5%   4.2  277s
 91063 60083 16568.6171   40   23 70565.0000 16568.6171  76.5%   4.2  280s
 91872 60544 16650.3623   43   17 70565.0000 16568.6171  76.5%   4.3  285s
 92767 61052 16568.6171   46   23 70565.0000 16568.6171  76.5%   4.3  290s
 93804 61649 16625.8685   50   17 70565.0000 16568.6171  76.5%   4.3  295s
 94700 62338 16910.1492   54   12 70565.0000 16568.6171  76.5%   4.3  301s
 95911 63030 17136.5586   62    8 70565.0000 16568.6171  76.5%   4.4  306s
 97409 63810 18446.8996   83    2 70565.0000 16568.6171  76.5%   4.4  312s
 98156 64358 16606.6354   36   19 70565.0000 16568.6171  76.5%   4.4  315s
 100101 65471 17677.1351   75    2 70565.0000 16568.6171  76.5%   4.4  321s
 101125 66063 16742.6087   36   17 70565.0000 16568.6171  76.5%   4.4  325s
 103236 66424 16586.2772   46   24 70565.0000 16568.6171  76.5%   4.4  332s
 103268 66445 16588.8524   47   23 70565.0000 16568.6171  76.5%   4.4  337s
 103300 66829 16662.1675   47   15 70565.0000 16568.6171  76.5%   4.4  341s
 103899 67404 16864.6109   50    9 70565.0000 16568.6171  76.5%   4.5  345s
 105848 67963 17439.9474   65    4 70565.0000 16568.6171  76.5%   4.5  350s
 106908 68380 17017.6129   59    9 70565.0000 16568.6171  76.5%   4.4  360s
 108755 70024 16757.9158   33   16 70565.0000 16568.6171  76.5%   4.5  368s
 110559 70945 16733.2996   40   16 70565.0000 16568.6171  76.5%   4.5  374s
 112124 71682 17863.9527   72    2 70565.0000 16568.6171  76.5%   4.5  378s
 113675 72171 16812.9629   42    8 70565.0000 16568.6171  76.5%   4.5  383s
 114707 72824 17314.1465   72    4 70565.0000 16568.6171  76.5%   4.6  388s
 116266 72717 26328.0000  103    - 70565.0000 16568.6171  76.5%   4.6  394s
 116284 72713 16571.5545   50   19 70565.0000 16568.6171  76.5%   4.6  395s
 116371 73657 17026.5473   56    9 70565.0000 16568.6171  76.5%   4.6  400s
 117816 74587 17214.9002   54    6 70565.0000 16568.6171  76.5%   4.6  406s
 119552 75642 21324.0000   97    - 70565.0000 16568.6171  76.5%   4.6  412s
 121524 76655 17003.6314   57   11 70565.0000 16568.6171  76.5%   4.6  418s
 123338 77969 16729.0683   42   17 70565.0000 16574.7713  76.5%   4.6  425s
 125526 79246 16832.3010   41   11 70565.0000 16575.6141  76.5%   4.6  431s
 127831 80307 17162.9268   68    5 70565.0000 16582.0342  76.5%   4.6  439s
 129960 81803 17001.1776   48   10 70565.0000 16587.7272  76.5%   4.6  446s
 132411 83032 20409.0000   92    - 70565.0000 16589.5533  76.5%   4.7  453s
 134921 84436 16740.3281   37   16 70565.0000 16591.8039  76.5%   4.7  461s
 137435 84330 16894.4457   59   13 70565.0000 16599.6176  76.5%   4.7  470s
 138018 86244 16981.5599   60   15 70565.0000 16599.6176  76.5%   4.7  478s
 140635 87130 17577.2841   75    2 70565.0000 16602.9206  76.5%   4.7  487s
 142681 87852 17474.6152   67    4 70565.0000 16607.6534  76.5%   4.8  494s
 143031 87800 16678.1417   42   21 70565.0000 16607.6534  76.5%   4.8  495s
 144785 89423 16867.2896   48   16 70565.0000 16607.6892  76.5%   4.7  503s
 147517 91273 17020.6236   52    9 70565.0000 16608.8950  76.5%   4.8  512s
 150558 90671 17310.7722   75    5 70565.0000 16612.6004  76.5%   4.8  523s
 150590 90757 17367.8251   76    3 70565.0000 16612.6004  76.5%   4.8  533s
 150717 92214 17560.0504   77    3 70565.0000 16612.6004  76.5%   4.8  545s
 152701 94659 18291.0362   90    4 70565.0000 16612.6004  76.5%   4.8  556s
 156452 96620 17862.2184   82    3 70565.0000 16619.8517  76.4%   4.8  568s
 160164 97505 17188.7333   44    9 70565.0000 16623.8659  76.4%   4.8  581s
 164028 100113 17374.8047   73    2 70565.0000 16626.0910  76.4%   4.8  594s
 167225 99392 17170.9925   60   11 70565.0000 16628.0318  76.4%   4.8  595s
 167600 100441 17420.9618   46    3 70565.0000 16629.4661  76.4%   4.8  600s

Cutting planes:
  MIR: 11
  Flow cover: 4

Explored 169073 nodes (809811 simplex iterations) in 602.07 seconds (267.12 work units)
Thread count was 32 (of 32 available processors)

Solution count 10: 70565 84873 84980 ... 174669

Time limit reached
Best objective 7.056500000000e+04, best bound 1.662946607584e+04, gap 76.4338%

User-callback calls 362315, time in user-callback 93.38 sec
