
Gurobi 13.0.2 (win64) logging started Thu Jul 16 22:24:28 2026

Set parameter LogFile to value "logs/kstar_nI40_nJ20_nK100_nL5_tI2_tJ2_s5_m1_exact_s0_20260716-222428.gurobi.log"
Set parameter Seed to value 0
Set parameter TimeLimit to value 599.9807146
Set parameter MIPGap to value 0
Set parameter MIPGapAbs to value 0.5
Set parameter Cutoff to value 1e+100
Gurobi Optimizer version 13.0.2 build v13.0.2rc1 (win64 - Windows 11+.0 (26200.2))

CPU model: Intel(R) Core(TM) i9-14900HX, instruction set [SSE2|AVX|AVX2]
Thread count: 24 physical cores, 32 logical processors, using up to 32 threads

Non-default parameters:
TimeLimit  599.9807146
MIPGap  0
MIPGapAbs  0.5
PreCrush  1
LazyConstraints  1

Optimize a model with 10 rows, 65 columns and 300 nonzeros (Min)
Model fingerprint: 0xf7546a7c
Model has 65 linear objective coefficients
Variable types: 5 continuous, 60 integer (60 binary)
Coefficient statistics:
  Matrix range     [3e+01, 1e+03]
  Objective range  [1e+00, 5e+02]
  Bounds range     [1e+00, 9e+03]
  RHS range        [1e+03, 1e+03]

Using branch priorities.
Presolve removed 6 rows and 0 columns
Presolve time: 0.00s
Presolved: 4 rows, 65 columns, 120 nonzeros
Variable types: 5 continuous, 60 integer (60 binary)

Root relaxation: objective 4.547300e+04, 6 iterations, 0.00 seconds (0.00 work units)

    Nodes    |    Current Node    |     Objective Bounds      |     Work
 Expl Unexpl |  Obj  Depth IntInf | Incumbent    BestBd   Gap | It/Node Time

     0     0 45473.0000    0    -          - 45473.0000      -     -    0s
     0     0 45524.3497    0    4          - 45524.3497      -     -    0s
H    0     0                    364504.00000 45524.3497  87.5%     -    0s
H    0     0                    328789.00000 45524.3497  86.2%     -    0s
H    0     0                    252215.00000 45524.3497  82.0%     -    0s
H    0     0                    249530.00000 45524.3497  81.8%     -    0s
H    0     0                    245543.00000 45524.3497  81.5%     -    0s
     0     0 45557.7942    0    4 245543.000 45557.7942  81.4%     -    0s
     0     0 45568.3476    0    7 245543.000 45568.3476  81.4%     -    0s
     0     0 45578.2807    0    8 245543.000 45578.2807  81.4%     -    0s
     0     0 45580.3154    0    8 245543.000 45580.3154  81.4%     -    0s
H    0     0                    244577.00000 45580.3154  81.4%     -    0s
H    0     0                    227690.00000 45580.3154  80.0%     -    0s
H    0     0                    200222.00000 45580.3154  77.2%     -    0s
H    0     0                    197626.00000 45580.3154  76.9%     -    0s
     0     2 45621.1618    0   13 197626.000 45621.1618  76.9%     -    0s
H 3730  3045                    178046.00000 45748.1893  74.3%   2.2    3s
H 3734  2895                    177725.00000 45748.1893  74.3%   2.2    4s
H 3746  2757                    148299.00000 45748.1893  69.2%   2.2    4s
  3757  2767 45767.6284   13   16 148299.000 45767.6284  69.1%   2.4    5s
  5362  3809 46757.4347   32    2 148299.000 45804.2290  69.1%   4.6   10s
  8854  5567 46494.7110   34    6 148299.000 45832.7131  69.1%   4.4   15s
 11045  6549 48813.0069   50    4 148299.000 45859.0383  69.1%   4.4   20s
 12518  7379 77114.0000   65    - 148299.000 45867.9194  69.1%   4.3   25s
 14755  9274 46124.7177   29   13 148299.000 45884.7450  69.1%   4.3   30s
 17238 11116 46466.2407   24    5 148299.000 45897.1432  69.1%   4.2   36s
 19044 12726 45996.1101   22   17 148299.000 45906.5553  69.0%   4.2   40s
 22242 14886 46499.1156   30    9 148299.000 45916.8983  69.0%   4.1   45s
 23127 16011 46585.1076   33   10 148299.000 45930.2097  69.0%   4.1   51s
 24904 17390 46657.5752   35   10 148299.000 45936.2802  69.0%   4.1   56s
 26560 18419 46870.1926   37    2 148299.000 45948.1311  69.0%   4.1   60s
 28900 20400 47181.0206   39    4 148299.000 45954.2424  69.0%   4.0   65s
 30823 21982 47332.7238   41    2 148299.000 45965.8587  69.0%   4.1   70s
 33235 24136 46056.5303   27   20 148299.000 45976.8114  69.0%   4.2   75s
 35827 26034 46151.1439   38   15 148299.000 45987.9337  69.0%   4.2   81s
 38915 27682 47050.1350   42    2 148299.000 46000.4722  69.0%   4.2   85s
 40545 29044 46347.1994   19   16 148299.000 46000.8359  69.0%   4.2   91s
 40577 29531 46352.1039   20   15 148299.000 46000.8359  69.0%   4.2   95s
 42759 31286 46352.9168   22   14 148299.000 46005.8384  69.0%   4.2  104s
 43883 32336 46362.4935   23   14 148299.000 46006.1003  69.0%   4.2  108s
 45008 33285 46379.3814   24   15 148299.000 46010.3042  69.0%   4.2  113s
 46379 34352 46406.1826   25   13 148299.000 46017.0554  69.0%   4.2  117s
 47600 34580 47675.4393   42    8 148299.000 46019.3674  69.0%   4.2  133s
 47606 34584 47615.0000   38   23 148299.000 46019.3674  69.0%   4.2  135s
H47609 32856                    136248.00000 46019.3674  66.2%   4.2  137s
 47614 32859 47583.0000   47   25 136248.000 46019.3674  66.2%   4.2  140s
 47712 33073 46019.3674   31   24 136248.000 46019.3674  66.2%   4.3  145s
 47987 33140 46019.3674   34   23 136248.000 46019.3674  66.2%   4.4  150s
 48314 33364 46019.3674   36   20 136248.000 46019.3674  66.2%   4.5  155s
 48741 33623 46227.8020   38   14 136248.000 46019.3674  66.2%   4.5  161s
 49328 34033 46072.3360   40   15 136248.000 46019.3674  66.2%   4.5  165s
 50329 34479 63226.0000   79    - 136248.000 46019.3674  66.2%   4.6  170s
*50954 33159              82    121671.00000 46019.3674  62.2%   4.6  173s
 51407 33508 46926.8593   48    9 121671.000 46019.3674  62.2%   4.6  176s
*51478 31935              83    121092.00000 46019.3674  62.0%   4.6  176s
 52222 32232 47457.8454   59    2 121092.000 46019.3674  62.0%   4.6  180s
 53347 32968 46122.1851   33   23 121092.000 46019.3674  62.0%   4.7  186s
 54358 33131 46813.0946   46    8 121092.000 46019.3674  62.0%   4.7  190s
 54446 33244 46937.0899   47    7 121092.000 46019.3674  62.0%   4.7  195s
 55776 34110 48056.0000   61    - 121092.000 46019.3674  62.0%   4.8  202s
 56483 34195 46418.9428   40   14 121092.000 46019.3674  62.0%   4.8  209s
 56825 34511 46427.6141   41   17 121092.000 46019.3674  62.0%   4.8  213s
 57372 34932 46900.3990   50    9 121092.000 46019.3674  62.0%   4.8  215s
 59012 35753 46379.3505   39   17 121092.000 46039.6838  62.0%   4.8  221s
 60762 36583 46380.7839   38   17 121092.000 46045.0704  62.0%   4.9  227s
 61635 37094 48307.1375   69    2 121092.000 46053.2810  62.0%   4.9  231s
 63625 37472 46125.4989   40   16 121092.000 46066.2551  62.0%   4.9  238s
 63698 37782 46135.4718   41   21 121092.000 46066.2551  62.0%   4.9  244s
 64187 38317 46277.1152   42   16 121092.000 46077.9772  61.9%   4.9  247s
 65365 38257 48631.7743   61    1 121092.000 46077.9772  61.9%   4.9  252s
 65420 38759 48696.9723   63    1 121092.000 46077.9772  61.9%   4.9  256s
 66372 39321 46463.8538   46   13 121092.000 46112.2021  61.9%   4.9  260s
 68725 40535 47495.3864   76    1 121092.000 46112.2021  61.9%   5.0  268s
 69997 41156 46415.0934   44   15 121092.000 46121.9378  61.9%   5.0  273s
 71279 41705 46211.6289   48   19 121092.000 46136.5881  61.9%   5.0  277s
 72600 41895 49912.0000   78    - 121092.000 46141.4354  61.9%   5.0  282s
 74209 42882 47361.1841   56    3 121092.000 46148.4555  61.9%   5.0  286s
 75540 43667 47046.0775   47    4 121092.000 46149.7683  61.9%   5.0  291s
 77080 44306 46469.0860   41   21 121092.000 46157.2597  61.9%   5.0  296s
 78472 45133 46287.9299   37   16 121092.000 46164.3669  61.9%   5.0  301s
 79933 45018 46345.1218   47   15 121092.000 46165.2843  61.9%   5.1  308s
 80194 45013 46766.3280   48   13 121092.000 46168.3634  61.9%   5.1  315s
 80226 46037 46818.0005   49   11 121092.000 46168.3634  61.9%   5.1  321s
 81750 46683 46909.6808   49    6 121092.000 46168.6703  61.9%   5.1  329s
 83225 47641 47179.6404   47    5 121092.000 46169.7145  61.9%   5.1  335s
 85194 48471 72509.9032   81    1 121092.000 46180.4796  61.9%   5.1  342s
 87136 49242 47222.2226   49    1 121092.000 46181.2985  61.9%   5.1  349s
 88886 49074 47142.0000   43    - 121092.000 46181.2985  61.9%   5.1  350s
 89024 50132 46860.8638   44    8 121092.000 46189.0916  61.9%   5.1  356s
 91340 50221 46398.6416   42   16 121092.000 46189.7760  61.9%   5.1  364s
 91785 51343 46399.9202   43   16 121092.000 46189.7760  61.9%   5.1  372s
 93659 52456 46811.4139   46    9 121092.000 46192.4852  61.9%   5.1  380s
 95855 53395 46523.5126   39   15 121092.000 46200.2091  61.8%   5.1  388s
 97903 54066 46643.9343   50   11 121092.000 46205.3597  61.8%   5.1  397s
 100136 55337 47085.7456   44    1 121092.000 46208.7228  61.8%   5.1  406s
 102298 56423 118101.115   65    1 121092.000 46213.4548  61.8%   5.1  415s
 104672 56442 48804.3633   63    5 121092.000 46217.4940  61.8%   5.1  425s
 105159 57753 46473.2883   37   20 121092.000 46217.4940  61.8%   5.1  435s
 107419 59150 70295.7932   78    1 121092.000 46217.4940  61.8%   5.2  444s
 108089 59045 47646.5644   52    2 121092.000 46224.5044  61.8%   5.2  445s
 110037 58836 47723.1918   61    3 121092.000 46229.9122  61.8%   5.2  455s
 110227 60426 47758.8288   62    2 121092.000 46229.9122  61.8%   5.2  466s
 112981 61394 47011.2798   50    9 121092.000 46235.0899  61.8%   5.2  478s
 115524 61410 47250.8551   45    3 121092.000 46239.1203  61.8%   5.2  490s
 116011 62817 47048.1105   46    7 121092.000 46239.1203  61.8%   5.2  503s
 118462 64104 47931.2793   80    4 121092.000 46240.9122  61.8%   5.2  516s
 121483 65689 48389.8212   72    2 121092.000 46245.2258  61.8%   5.2  529s
 124691 67251 47439.6850   58    2 121092.000 46250.9032  61.8%   5.2  544s
 127600 68878 47703.2773   60    1 121092.000 46253.4147  61.8%   5.2  557s
 130959 70444 47084.1951   61    9 121092.000 46261.1979  61.8%   5.2  571s
 133924 70688 46513.7066   35   15 121092.000 46264.8896  61.8%   5.2  585s
 135227 72215 46526.4894   36   15 121092.000 46266.6042  61.8%   5.2  600s

Cutting planes:
  MIR: 11
  Flow cover: 11

Explored 137899 nodes (723639 simplex iterations) in 602.25 seconds (239.12 work units)
Thread count was 32 (of 32 available processors)

Solution count 10: 121092 121671 136248 ... 252215

Time limit reached
Best objective 1.210920000000e+05, best bound 4.626854451751e+04, gap 61.7906%

User-callback calls 297040, time in user-callback 78.92 sec
