
Gurobi 13.0.2 (win64) logging started Fri Jul 17 14:49:15 2026

Set parameter LogFile to value "logs/kstar_nI40_nJ40_nK100_nL5_tI2_tJ2_s3_m1_exact_s0_20260717-144915.gurobi.log"
Set parameter Seed to value 0
Set parameter TimeLimit to value 599.966199
Set parameter MIPGap to value 0
Set parameter MIPGapAbs to value 0.5
Set parameter Cutoff to value 1e+100
Gurobi Optimizer version 13.0.2 build v13.0.2rc1 (win64 - Windows 11+.0 (26200.2))

CPU model: Intel(R) Core(TM) i9-14900HX, instruction set [SSE2|AVX|AVX2]
Thread count: 24 physical cores, 32 logical processors, using up to 32 threads

Non-default parameters:
TimeLimit  599.966199
MIPGap  0
MIPGapAbs  0.5
PreCrush  1
LazyConstraints  1

Optimize a model with 10 rows, 85 columns and 400 nonzeros (Min)
Model fingerprint: 0x4ebaad24
Model has 85 linear objective coefficients
Variable types: 5 continuous, 80 integer (80 binary)
Coefficient statistics:
  Matrix range     [4e+00, 1e+03]
  Objective range  [1e+00, 5e+02]
  Bounds range     [1e+00, 7e+03]
  RHS range        [1e+03, 1e+03]

Using branch priorities.
Presolve removed 6 rows and 0 columns
Presolve time: 0.00s
Presolved: 4 rows, 85 columns, 160 nonzeros
Variable types: 5 continuous, 80 integer (80 binary)

Root relaxation: objective 3.434431e+04, 6 iterations, 0.00 seconds (0.00 work units)

    Nodes    |    Current Node    |     Objective Bounds      |     Work
 Expl Unexpl |  Obj  Depth IntInf | Incumbent    BestBd   Gap | It/Node Time

     0     0 34344.3128    0    2          - 34344.3128      -     -    0s
H    0     0                    345434.00000 34344.3128  90.1%     -    0s
H    0     0                    336263.00000 34344.3128  89.8%     -    0s
H    0     0                    317187.00000 34344.3128  89.2%     -    0s
H    0     0                    281950.00000 34344.3128  87.8%     -    0s
H    0     0                    243727.00000 34344.3128  85.9%     -    0s
H    0     0                    237314.00000 34344.3128  85.5%     -    0s
     0     0 34362.5699    0    5 237314.000 34362.5699  85.5%     -    0s
     0     0 34373.7931    0    7 237314.000 34373.7931  85.5%     -    0s
H    0     0                    233105.00000 34374.4961  85.3%     -    0s
     0     0 34398.9744    0    2 233105.000 34398.9744  85.2%     -    0s
     0     0 34398.9744    0    2 233105.000 34398.9744  85.2%     -    0s
     0     0 34398.9744    0    2 233105.000 34398.9744  85.2%     -    0s
     0     2 34416.6846    0   14 233105.000 34416.6846  85.2%     -    0s
  2568  2586 34950.5950   19    4 233105.000 34467.1592  85.2%   2.9    5s
  4533  3731 34780.5412   20   16 233105.000 34473.7171  85.2%   2.4   10s
  4646  3904 34506.2762   20   18 233105.000 34473.7171  85.2%   2.9   15s
  5247  4240 34651.4438   25   13 233105.000 34473.7171  85.2%   3.9   20s
  5636  4548 34634.7582   29   17 233105.000 34473.7171  85.2%   4.1   25s
  6928  5235 36264.4169   92    1 233105.000 34509.7716  85.2%   4.2   30s
  8840  6333 35242.5236   46    4 233105.000 34511.8874  85.2%   4.1   35s
 10723  7409 36741.9081   73    5 233105.000 34526.3689  85.2%   4.0   40s
 12879  8382 35442.4105   45    2 233105.000 34531.5970  85.2%   3.8   45s
 13304  8449 35823.4073   58    2 233105.000 34531.5970  85.2%   3.9   51s
 13639  8617 36716.2319   82    3 233105.000 34531.5970  85.2%   3.8   55s
 13928  8963 34633.5179   24   16 233105.000 34531.5970  85.2%   3.8   60s
 14921  9583 34748.7922   27   15 233105.000 34537.6454  85.2%   3.8   65s
 16380 10568 36848.4347   78    1 233105.000 34537.6454  85.2%   3.8   70s
 18703 12609 35525.1173   44    1 233105.000 34546.6745  85.2%   3.8   75s
 20416 13941 35339.5045   64    4 233105.000 34567.5411  85.2%   3.7   80s
 22804 15909 34668.2205   28   14 233105.000 34575.4358  85.2%   3.6   85s
 25494 18169 34799.7419   28   13 233105.000 34587.3120  85.2%   3.6   91s
 27677 19856 35317.9587   46    2 233105.000 34587.3120  85.2%   3.6   96s
 28456 20928 36420.9547   73    2 233105.000 34587.3120  85.2%   3.6  100s
 30754 23474 35394.8166   51    1 233105.000 34593.9777  85.2%   3.7  107s
 32673 24828 34875.0100   35   10 233105.000 34599.3987  85.2%   3.6  112s
 34483 26220 34669.7030   28   14 233105.000 34617.1925  85.1%   3.6  115s
 37255 28841 38535.5579   84    3 233105.000 34621.1498  85.1%   3.7  122s
 39313 29342 34674.1511   36   19 233105.000 34622.0871  85.1%   3.6  126s
 39430 29931 34674.6457   37   18 233105.000 34622.0871  85.1%   3.6  130s
 41509 31152 34730.2836   30   12 233105.000 34627.8948  85.1%   3.6  135s
 42806 33205 34726.4613   26   18 233105.000 34633.8766  85.1%   3.6  144s
 44082 33470 35198.4398   51   10 233105.000 34633.8766  85.1%   3.7  148s
 44229 33979 35215.3299   52    9 233105.000 34633.8766  85.1%   3.7  153s
 44926 34928 34931.7095   32    9 233105.000 34633.8766  85.1%   3.7  158s
 46112 36396 122461.000   90    - 233105.000 34636.1543  85.1%   3.7  164s
 47431 36603 35320.7615   29    1 233105.000 34638.3786  85.1%   3.7  165s
 47994 38031 34898.8989   45   12 233105.000 34639.3518  85.1%   3.7  170s
 50135 39426 35139.3243   42    8 233105.000 34642.4351  85.1%   3.7  177s
 51681 40713 34978.0697   33    8 233105.000 34642.4351  85.1%   3.7  183s
 53665 41916 34975.2090   28    9 233105.000 34642.4351  85.1%   3.7  189s
 55790 42633 35572.0000   36    - 233105.000 34647.8352  85.1%   3.6  191s
 55878 43456 35984.7682   65    3 233105.000 34648.0154  85.1%   3.6  196s
 58424 46140 35269.6617   45    3 233105.000 34648.0154  85.1%   3.6  203s
 61283 46700 35682.0000   38    - 233105.000 34654.3169  85.1%   3.5  205s
 61417 48384 34809.6253   29   16 233105.000 34655.4964  85.1%   3.5  211s
 63980 50670 34954.0669   30   12 233105.000 34655.5843  85.1%   3.5  219s
 64935 50846 35883.4927   62    4 233105.000 34658.6259  85.1%   3.5  220s
 66778 52813 35358.0000   34    - 233105.000 34659.4940  85.1%   3.5  230s
 69205 55146 34750.8374   32   19 233105.000 34661.8262  85.1%   3.5  237s
 71908 56836 34926.6187   40   10 233105.000 34664.5361  85.1%   3.5  245s
 73745 57845 34954.9881   29   14 233105.000 34667.2083  85.1%   3.6  252s
 75796 60110 35262.8071   36    3 233105.000 34667.5460  85.1%   3.6  260s
 78735 60991 34876.7636   34   19 233105.000 34671.2800  85.1%   3.5  269s
 78814 61003 34756.0092   36   22 233105.000 34671.2800  85.1%   3.5  270s
 79059 62099 34888.9122   35   17 233105.000 34671.2800  85.1%   3.5  277s
 80960 64437 34911.3124   36   17 233105.000 34671.2800  85.1%   3.5  286s
 84107 66885 34916.3142   37   18 233105.000 34673.7212  85.1%   3.5  297s
 86857 69034 34916.9097   38   16 233105.000 34678.3204  85.1%   3.5  306s
 89446 69484 36194.7567   68    2 233105.000 34678.9276  85.1%   3.5  333s
H89447 66010                    204743.00000 34678.9276  83.1%   3.5  335s
 89448 66010 36256.0000   86   24 204743.000 34678.9276  83.1%   3.5  346s
 89449 66011 35484.0000   41   27 204743.000 34678.9276  83.1%   3.5  350s
H89449 62711                    183964.00000 34678.9276  81.1%   3.5  353s
 89456 62716 35380.0000   45   29 183964.000 34678.9276  81.1%   3.5  356s
H89456 59580                    164386.00000 34678.9276  78.9%   3.5  360s
H89456 56600                    157790.00000 34678.9276  78.0%   3.5  360s
 89460 56602 34749.0795   35   28 157790.000 34678.9276  78.0%   3.5  365s
 89463 56604 36102.0000   66   27 157790.000 34678.9276  78.0%   3.5  370s
 89465 56606 36662.0000   67   28 157790.000 34678.9276  78.0%   3.5  376s
 89467 56607 38190.0000   86   28 157790.000 34678.9276  78.0%   3.5  380s
 89498 56661 34678.9276   28   23 157790.000 34678.9276  78.0%   3.5  386s
 89562 56815 34678.9276   30   24 157790.000 34678.9276  78.0%   3.6  390s
 89896 56926 34678.9276   33   21 157790.000 34678.9276  78.0%   3.6  397s
 89928 56960 34697.0657   33   21 157790.000 34678.9276  78.0%   3.6  402s
 90089 57114 34678.9276   35   23 157790.000 34678.9276  78.0%   3.7  406s
 90348 57296 34689.8315   36   20 157790.000 34678.9276  78.0%   3.7  411s
 90489 57326 34690.2525   37   23 157790.000 34678.9276  78.0%   3.7  416s
 90677 57552 34759.5680   38   19 157790.000 34678.9276  78.0%   3.7  420s
 91247 57839 34678.9276   40   23 157790.000 34678.9276  78.0%   3.7  425s
 91823 58142 34678.9276   41   21 157790.000 34678.9276  78.0%   3.8  430s
*92410 55501             103    132121.00000 34678.9276  73.8%   3.8  435s
*92411 52812             103    132087.00000 34678.9276  73.7%   3.8  435s
 92877 53277 34892.4886   45   13 132087.000 34678.9276  73.7%   3.8  441s
 93450 53484 34904.2567   47   12 132087.000 34678.9276  73.7%   3.8  445s
 93970 53793 35081.9481   49    7 132087.000 34678.9276  73.7%   3.8  450s
 94687 54326 35444.4965   57    3 132087.000 34678.9276  73.7%   3.9  457s
 95276 54591 35890.4880   64    1 132087.000 34678.9276  73.7%   3.9  461s
 95820 54836 36345.1315   74    2 132087.000 34678.9276  73.7%   3.9  465s
 96877 55346 57051.0000   93    - 132087.000 34678.9276  73.7%   3.9  472s
 97397 55654 34829.4551   43   15 132087.000 34678.9276  73.7%   3.9  476s
 97891 55900 34970.4164   47   12 132087.000 34678.9276  73.7%   4.0  480s
 99043 56432 35771.4729   62    2 132087.000 34678.9276  73.7%   4.0  489s
 99555 56368 35996.9832   92    2 132087.000 34678.9276  73.7%   4.0  490s
 99634 56668 36091.8974   76    4 132087.000 34678.9276  73.7%   4.0  500s
 100089 57087 37779.7778   92    1 132087.000 34678.9276  73.7%   4.0  505s
 100717 57524 34722.9790   37   22 132087.000 34678.9276  73.7%   4.0  510s
 101670 57904 35209.8455   46   10 132087.000 34678.9276  73.7%   4.0  515s
 102411 58362 36002.4219   76    2 132087.000 34678.9276  73.7%   4.0  521s
 103237 58237 34891.9554   41   19 132087.000 34678.9276  73.7%   4.1  526s
 103270 58642 34893.5918   42   16 132087.000 34678.9276  73.7%   4.1  533s
 103895 59125 34902.2089   43   15 132087.000 34678.9276  73.7%   4.1  539s
 104697 59327 36608.2842   95    2 132087.000 34678.9276  73.7%   4.1  545s
 105727 59581 34742.1829   44   16 132087.000 34678.9276  73.7%   4.1  553s
 106366 59557 36592.6672   81    1 132087.000 34678.9276  73.7%   4.1  555s
 106406 59593 34922.3092   47   14 132087.000 34678.9276  73.7%   4.1  561s
 106440 59628 34781.1425   48   16 132087.000 34678.9276  73.7%   4.1  570s
 106487 60180 34928.6967   48   16 132087.000 34678.9276  73.7%   4.2  577s
 107283 60719 35080.2954   53   12 132087.000 34678.9276  73.7%   4.2  586s
 108379 61344 35538.3465   65    4 132087.000 34678.9276  73.7%   4.2  593s
 109918 62200 36446.0817   91    2 132087.000 34686.6697  73.7%   4.2  600s

Cutting planes:
  MIR: 7
  StrongCG: 1
  Flow cover: 4

Explored 111319 nodes (469981 simplex iterations) in 602.72 seconds (243.14 work units)
Thread count was 32 (of 32 available processors)

Solution count 10: 132087 132121 157790 ... 281950

Time limit reached
Best objective 1.320870000000e+05, best bound 3.468932082125e+04, gap 73.7375%

User-callback calls 266696, time in user-callback 163.10 sec
