
Gurobi 13.0.2 (win64) logging started Wed Jul 15 23:48:10 2026

Set parameter LogFile to value "logs/kstar_nI20_nJ20_nK50_nL5_tI5_tJ5_s5_m1_exact_s0_20260715-234810.gurobi.log"
Set parameter Seed to value 0
Set parameter TimeLimit to value 599.9889398
Set parameter MIPGap to value 0
Set parameter MIPGapAbs to value 0.5
Set parameter Cutoff to value 1e+100
Gurobi Optimizer version 13.0.2 build v13.0.2rc1 (win64 - Windows 11+.0 (26200.2))

CPU model: Intel(R) Core(TM) i9-14900HX, instruction set [SSE2|AVX|AVX2]
Thread count: 24 physical cores, 32 logical processors, using up to 32 threads

Non-default parameters:
TimeLimit  599.9889398
MIPGap  0
MIPGapAbs  0.5
PreCrush  1
LazyConstraints  1

Optimize a model with 10 rows, 45 columns and 200 nonzeros (Min)
Model fingerprint: 0x07c24212
Model has 45 linear objective coefficients
Variable types: 5 continuous, 40 integer (40 binary)
Coefficient statistics:
  Matrix range     [2e+00, 7e+02]
  Objective range  [1e+00, 5e+02]
  Bounds range     [1e+00, 6e+03]
  RHS range        [6e+02, 7e+02]

Using branch priorities.
Presolve removed 8 rows and 0 columns
Presolve time: 0.00s
Presolved: 2 rows, 45 columns, 40 nonzeros
Variable types: 5 continuous, 40 integer (40 binary)

Root relaxation: objective 2.851019e+04, 5 iterations, 0.00 seconds (0.00 work units)

    Nodes    |    Current Node    |     Objective Bounds      |     Work
 Expl Unexpl |  Obj  Depth IntInf | Incumbent    BestBd   Gap | It/Node Time

     0     0 28510.1926    0    2          - 28510.1926      -     -    0s
H    0     0                    96901.000000 28510.1926  70.6%     -    0s
H    0     0                    96264.000000 28510.1926  70.4%     -    0s
H    0     0                    87453.000000 28510.1926  67.4%     -    0s
H    0     0                    76844.000000 28510.1926  62.9%     -    0s
     0     0 28827.6110    0    7 76844.0000 28827.6110  62.5%     -    0s
     0     0 28998.2324    0    8 76844.0000 28998.2324  62.3%     -    0s
H    0     0                    76369.000000 29009.6716  62.0%     -    0s
     0     0 29100.5633    0   10 76369.0000 29100.5633  61.9%     -    0s
     0     0 29157.2790    0   13 76369.0000 29157.2790  61.8%     -    0s
     0     0 29185.3971    0   15 76369.0000 29185.3971  61.8%     -    0s
     0     0 29216.9818    0   12 76369.0000 29216.9818  61.7%     -    0s
     0     0 29257.8965    0   12 76369.0000 29257.8965  61.7%     -    0s
H    0     0                    75009.000000 29260.5234  61.0%     -    0s
     0     0 29310.3314    0   16 75009.0000 29310.3314  60.9%     -    0s
     0     0 29354.8681    0   14 75009.0000 29354.8681  60.9%     -    0s
     0     0 29376.0839    0   15 75009.0000 29376.0839  60.8%     -    0s
     0     0 29413.5133    0   14 75009.0000 29413.5133  60.8%     -    0s
     0     0 29441.3619    0   13 75009.0000 29441.3619  60.7%     -    0s
     0     0 29458.7040    0   17 75009.0000 29458.7040  60.7%     -    0s
     0     0 29470.3825    0   16 75009.0000 29470.3825  60.7%     -    0s
     0     0 29474.1736    0   19 75009.0000 29474.1736  60.7%     -    0s
     0     0 29475.3748    0   19 75009.0000 29475.3748  60.7%     -    0s
     0     2 29475.3748    0   19 75009.0000 29475.3748  60.7%     -    0s
H 4001  3137                    66282.000000 29614.9819  55.3%   3.6    1s
H 4009  2985                    64368.000000 29614.9819  54.0%   3.6    1s
H 4012  2837                    59536.000000 29614.9819  50.3%   3.6    2s
 10030  6007 32062.0016   43    3 59536.0000 29945.1521  49.7%   5.1    5s
 17439 10997 31444.7530   33    9 59536.0000 30107.5630  49.4%   5.3   10s
 24616 16977 31497.1232   29   15 59536.0000 30248.0446  49.2%   5.3   15s
 29892 21280 31354.9792   31   16 59536.0000 30347.5346  49.0%   5.4   21s
 33615 24073 32651.0186   29   13 59536.0000 30420.9623  48.9%   5.4   25s
 37826 27337 32908.0222   29   10 59536.0000 30470.6283  48.8%   5.4   31s
 41094 29858 31991.9845   28   19 59536.0000 30483.3155  48.8%   5.4   35s
 45829 33216 31686.0454   27   21 59536.0000 30562.7119  48.7%   5.4   40s
 47351 34666 31865.4087   30   17 59536.0000 30572.5001  48.6%   5.4   45s
 50157 37159 32344.1873   33   14 59536.0000 30597.5264  48.6%   5.5   51s
 52329 38923 32443.6305   35   14 59536.0000 30612.7715  48.6%   5.5   56s
 55037 40317 32881.0000   42   19 59536.0000 30641.6682  48.5%   5.5   67s
H55038 38302                    44220.000000 30641.6682  30.7%   5.5   68s
 55040 38303 31815.2851   27   32 44220.0000 30641.6682  30.7%   5.5   70s
H55043 36389                    42959.000000 30641.6682  28.7%   5.5   73s
 55049 36393 34741.7086   36   31 42959.0000 30641.6682  28.7%   5.5   75s
H55058 34579                    42850.000000 30641.6682  28.5%   5.5   80s
 55065 34584 32545.1179   38   32 42850.0000 30641.6682  28.5%   5.5   85s
 55252 34819 34708.1381   38   19 42850.0000 31039.2642  27.6%   5.7   91s
 56154 35245 35224.4667   51    6 42850.0000 31143.3605  27.3%   5.8   95s
 57194 35829 32131.5434   45   15 42850.0000 31395.5782  26.7%   5.8  100s
 59496 37145     cutoff   66      42850.0000 31500.2948  26.5%   5.9  105s
 61501 38213 31966.2468   41   25 42850.0000 31563.2342  26.3%   6.0  110s
 64554 39769 32577.7766   46   18 42850.0000 31771.1484  25.9%   6.1  115s
 67174 41138 33890.2853   54    8 42850.0000 31833.3958  25.7%   6.1  120s
 69253 41845 32087.7122   44   22 42850.0000 31877.5350  25.6%   6.1  125s
 70831 42754 33245.8378   55    8 42850.0000 31892.5998  25.6%   6.1  130s
 73967 44336 34836.0652   60    3 42850.0000 31930.7282  25.5%   6.2  135s
 77052 46052 33050.0725   46   18 42850.0000 31958.2701  25.4%   6.3  141s
 79818 47399 34112.6114   60    1 42850.0000 31996.2130  25.3%   6.3  145s
 82638 48722 33217.8043   49   15 42850.0000 32014.8658  25.3%   6.3  150s
 84642 49495 37310.4648   63    4 42850.0000 32027.4917  25.3%   6.4  156s
 86775 50564 32611.5783   44   17 42850.0000 32052.5287  25.2%   6.4  161s
 89072 51846 34835.5468   54    4 42850.0000 32078.6036  25.1%   6.4  167s
 90306 52468 33661.9911   51   15 42850.0000 32078.6840  25.1%   6.5  170s
 93351 53776 33895.0578   50   11 42850.0000 32113.3720  25.1%   6.5  176s
 96363 55449 33238.9428   45   12 42850.0000 32130.0744  25.0%   6.5  183s
 98091 56208 34406.3612   46   18 42850.0000 32149.4738  25.0%   6.6  187s
 99475 57484 32817.6329   45   18 42850.0000 32156.4547  25.0%   6.6  190s
 102536 58666 34989.5745   59    3 42850.0000 32159.5636  24.9%   6.6  197s
 104930 59578 33333.7632   45   15 42850.0000 32170.6262  24.9%   6.6  202s
 106971 60861 33542.5869   45   16 42850.0000 32183.1666  24.9%   6.6  206s
 109217 61801     cutoff   61      42850.0000 32206.5798  24.8%   6.6  211s
 111601 62791 33032.3637   42   21 42850.0000 32219.7951  24.8%   6.6  217s
 113512 63735 35049.6704   49   14 42850.0000 32232.8562  24.8%   6.7  221s
 115603 64801 34575.9943   55    7 42850.0000 32239.3942  24.8%   6.7  225s
 118030 66019 34019.0800   45   19 42850.0000 32259.0057  24.7%   6.7  230s
 120427 67306 37577.3360   53   12 42850.0000 32275.4531  24.7%   6.7  235s
 123116 68742 33601.5488   45   16 42850.0000 32287.8231  24.6%   6.7  240s
 125499 69785 34515.2587   48   15 42850.0000 32299.1874  24.6%   6.8  246s
 128706 70524 38802.5388   63    1 42850.0000 32299.4119  24.6%   6.7  253s
 131033 72041 33765.3526   44   19 42850.0000 32311.6683  24.6%   6.7  258s
 133757 73195 34356.5791   45   20 42850.0000 32331.3976  24.5%   6.7  265s
 136450 74564 34474.1712   49   13 42850.0000 32341.5060  24.5%   6.7  270s
 138802 76016     cutoff   66      42850.0000 32352.9846  24.5%   6.8  275s
 142179 76804 34213.5450   43   22 42850.0000 32353.4109  24.5%   6.8  283s
 144942 77967 34513.5734   57    7 42850.0000 32363.8516  24.5%   6.8  292s
 147730 79005 35890.6222   64    4 42850.0000 32388.1576  24.4%   6.8  301s
 150912 80451 38103.0000   67    - 42850.0000 32401.6746  24.4%   6.7  308s
 153837 81638 34963.9906   47   16 42850.0000 32417.6766  24.3%   6.7  315s
 156545 82761 33528.0008   46   17 42850.0000 32429.3178  24.3%   6.7  323s
 158652 83838 34209.0050   52   15 42850.0000 32432.8050  24.3%   6.8  331s
 161353 85799 34959.7164   50   15 42850.0000 32454.0052  24.3%   6.8  339s
 163941 87829 33168.7804   45   21 42850.0000 32463.3589  24.2%   6.8  347s
 166588 89687 39007.7566   48   17 42850.0000 32479.4511  24.2%   6.8  358s
 168866 91739 35642.7748   63    4 42850.0000 32489.3821  24.2%   6.8  367s
 171707 93372 33516.6227   45   22 42850.0000 32503.7316  24.1%   6.8  377s
 174704 95852 33919.9555   41   21 42850.0000 32513.1508  24.1%   6.8  384s
 177060 97790 35458.5395   49   16 42850.0000 32520.6891  24.1%   6.8  392s
 179286 99434 42731.4886   59    7 42850.0000 32527.1499  24.1%   6.8  402s
 181785 101477 39644.3165   68    1 42850.0000 32535.2693  24.1%   6.8  411s
 184669 103386 38498.9877   62    3 42850.0000 32546.8238  24.0%   6.8  421s
 187101 105266 33490.2856   42   19 42850.0000 32553.4150  24.0%   6.8  433s
 189511 107177 35792.2110   51   10 42850.0000 32564.3158  24.0%   6.8  443s
 192140 108903 34714.1122   45   15 42850.0000 32573.1713  24.0%   6.8  453s
 194067 110757 34881.2212   54    8 42850.0000 32585.8334  24.0%   6.8  462s
 196572 112477 35271.3370   55    6 42850.0000 32586.8699  24.0%   6.8  472s
 198984 114334 34180.7354   46   23 42850.0000 32605.1458  23.9%   6.8  482s
 201532 116323 35670.4729   43   20 42850.0000 32614.2145  23.9%   6.8  492s
 204087 118202 39782.1739   67    1 42850.0000 32623.8933  23.9%   6.8  502s
 206530 119726 33976.0241   48   20 42850.0000 32635.7111  23.8%   6.8  515s
 209629 122082 35234.0000   63    - 42850.0000 32640.1423  23.8%   6.7  525s
 212191 123824 37609.5980   48   13 42850.0000 32646.9859  23.8%   6.7  536s
 215138 125106 38396.9227   55   11 42850.0000 32655.2825  23.8%   6.7  547s
 215884 126593 38529.7230   56   10 42850.0000 32656.6969  23.8%   6.7  557s
 218408 128441 34417.3345   45   22 42850.0000 32667.4629  23.8%   6.7  567s
 220864 130195 35142.3513   47   15 42850.0000 32673.6593  23.7%   6.7  578s
 223179 131958 42478.3396   62    5 42850.0000 32685.2329  23.7%   6.7  588s
 225487 133454 36618.2507   53    7 42850.0000 32693.4541  23.7%   6.7  600s

Cutting planes:
  Gomory: 7
  MIR: 4
  Flow cover: 6

Explored 227296 nodes (1525175 simplex iterations) in 601.51 seconds (196.90 work units)
Thread count was 32 (of 32 available processors)

Solution count 10: 42850 42959 44220 ... 87453

Time limit reached
Best objective 4.285000000000e+04, best bound 3.269777335250e+04, gap 23.6925%

User-callback calls 471854, time in user-callback 21.64 sec
