
Gurobi 13.0.2 (win64) logging started Thu Jul 16 12:31:44 2026

Set parameter LogFile to value "logs/kstar_nI20_nJ40_nK50_nL10_tI6_tJ6_s1_m1_exact_s0_20260716-123144.gurobi.log"
Set parameter Seed to value 0
Set parameter TimeLimit to value 599.962932
Set parameter MIPGap to value 0
Set parameter MIPGapAbs to value 0.5
Set parameter Cutoff to value 1e+100
Gurobi Optimizer version 13.0.2 build v13.0.2rc1 (win64 - Windows 11+.0 (26200.2))

CPU model: Intel(R) Core(TM) i9-14900HX, instruction set [SSE2|AVX|AVX2]
Thread count: 24 physical cores, 32 logical processors, using up to 32 threads

Non-default parameters:
TimeLimit  599.962932
MIPGap  0
MIPGapAbs  0.5
PreCrush  1
LazyConstraints  1

Optimize a model with 20 rows, 70 columns and 600 nonzeros (Min)
Model fingerprint: 0x6a70b9fd
Model has 70 linear objective coefficients
Variable types: 10 continuous, 60 integer (60 binary)
Coefficient statistics:
  Matrix range     [2e+00, 7e+02]
  Objective range  [1e+00, 5e+02]
  Bounds range     [1e+00, 5e+03]
  RHS range        [6e+02, 7e+02]

Using branch priorities.
Presolve removed 18 rows and 0 columns
Presolve time: 0.00s
Presolved: 2 rows, 70 columns, 60 nonzeros
Variable types: 10 continuous, 60 integer (60 binary)

Root relaxation: objective 4.193226e+04, 5 iterations, 0.00 seconds (0.00 work units)

    Nodes    |    Current Node    |     Objective Bounds      |     Work
 Expl Unexpl |  Obj  Depth IntInf | Incumbent    BestBd   Gap | It/Node Time

     0     0 41932.2592    0    3          - 41932.2592      -     -    0s
H    0     0                    150082.00000 41932.2592  72.1%     -    0s
H    0     0                    140255.00000 41932.2592  70.1%     -    0s
H    0     0                    134336.00000 41932.2592  68.8%     -    0s
     0     0 42235.9297    0    6 134336.000 42235.9297  68.6%     -    0s
     0     0 42302.2842    0    6 134336.000 42302.2842  68.5%     -    0s
     0     0 42451.5941    0    9 134336.000 42451.5941  68.4%     -    0s
     0     0 42453.8691    0    9 134336.000 42453.8691  68.4%     -    0s
     0     2 42464.8843    0    9 134336.000 42464.8843  68.4%     -    0s
H 3201  2763                    111131.00000 42903.4742  61.4%   3.9    2s
H 3203  2626                    109484.00000 42962.0368  60.8%   3.9    2s
H 3208  2497                    105254.00000 42962.0368  59.2%   3.9    3s
H 3208  2372                    103068.00000 42962.0368  58.3%   3.9    3s
H 3210  2255                    91064.000000 42995.7216  52.8%   3.9    3s
H 3214  2144                    85791.000000 42995.7216  49.9%   3.9    4s
H 3215  2147                    84699.000000 42995.7216  49.2%   3.9    4s
  3470  2414 43685.8987   17   18 84699.0000 43156.5507  49.0%   5.0    5s
  6404  4114 43860.2382   16   16 84699.0000 43298.3588  48.9%   5.8   10s
 11200  7356 44945.5771   38    8 84699.0000 43475.7998  48.7%   5.6   15s
 16171 11339 45884.5883   48    3 84699.0000 43567.8048  48.6%   5.6   20s
 17719 13018 46004.2699   54    3 84699.0000 43567.8048  48.6%   5.6   25s
 20325 15421 44933.4805   26    8 84699.0000 43685.0166  48.4%   5.6   30s
 21577 16178 44733.9194   22   13 84699.0000 43687.9741  48.4%   5.7   35s
 23152 17813 45994.9174   38    3 84699.0000 43714.6692  48.4%   5.7   41s
 25314 19775 44474.0869   22   10 84699.0000 43718.3407  48.4%   5.6   45s
 29082 23316 44697.2736   23   15 84699.0000 43762.2371  48.3%   5.6   51s
 31524 25384 44911.8606   22   15 84699.0000 43777.3551  48.3%   5.6   55s
 33877 27628 45746.4717   42    2 84699.0000 43814.5622  48.3%   5.6   60s
 36605 29851 44785.9041   27    9 84699.0000 43832.0458  48.2%   5.6   65s
 39338 32110 45709.0854   52    3 84699.0000 43838.3512  48.2%   5.6   70s
 42171 34617 48453.1843   57    1 84699.0000 43847.1938  48.2%   5.6   75s
 44999 36976 45054.3186   28   14 84699.0000 43871.7573  48.2%   5.6   81s
 46365 37171 45488.1590   29    9 84699.0000 43891.4190  48.2%   5.6   89s
H46366 35313                    84030.000000 43891.4190  47.8%   5.6   91s
H46368 35314                    83865.000000 43891.4190  47.7%   5.6   95s
 46373 35317 45023.3477   43   29 83865.0000 43891.4190  47.7%   5.6  100s
H46373 33551                    83474.000000 43891.4190  47.4%   5.6  102s
 46376 33553 45034.5023   30   29 83474.0000 43891.4190  47.4%   5.6  105s
H46377 31876                    81707.000000 43891.4190  46.3%   5.6  106s
H46378 31879                    81264.000000 43891.4190  46.0%   5.6  107s
 46409 31930 44418.8692   24   22 81264.0000 44083.1647  45.8%   5.6  110s
 46563 32058 45073.5006   27   19 81264.0000 44139.3547  45.7%   5.7  115s
 47156 32471 45677.4072   34   12 81264.0000 44139.3547  45.7%   5.9  120s
 47709 32862 46422.4524   39    7 81264.0000 44139.3547  45.7%   5.9  125s
 48656 33434 46838.8953   51    4 81264.0000 44188.7383  45.6%   5.9  130s
 49737 33978 50160.6711   63    2 81264.0000 44330.0846  45.4%   5.9  135s
 51165 34866 45148.5159   35   15 81264.0000 44354.4152  45.4%   6.0  140s
 52869 35709 46324.0660   52    3 81264.0000 44364.8132  45.4%   6.0  146s
 53552 36217 45825.7767   41   10 81264.0000 44426.3523  45.3%   6.0  150s
 55580 37189 44822.8315   30   18 81264.0000 44440.4196  45.3%   6.0  156s
 57688 38518 49778.0000   64    - 81264.0000 44440.8556  45.3%   6.1  161s
 59183 39413 45572.3911   36   13 81264.0000 44485.7141  45.3%   6.1  165s
 60012 39354 51173.4646   63    2 81264.0000 44485.7141  45.3%   6.1  170s
 60299 39712 51233.0000   65    - 81264.0000 44500.8335  45.2%   6.1  175s
 61113 40484 46650.8018   51    7 81264.0000 44550.3396  45.2%   6.2  180s
 62961 41406 45635.2125   42   12 81264.0000 44595.3054  45.1%   6.2  185s
 64694 42462 45099.9082   33   19 81264.0000 44606.3312  45.1%   6.2  192s
 65761 43199 52067.0000   75    - 81264.0000 44609.6928  45.1%   6.2  195s
 67117 43442 45729.0898   43    8 81264.0000 44609.6928  45.1%   6.2  200s
 68755 44630 45858.5149   44    5 81264.0000 44609.6928  45.1%   6.2  207s
 70016 45182 46675.0530   46    7 81264.0000 44636.2060  45.1%   6.2  210s
 72198 46641 45102.8955   32   18 81264.0000 44658.6779  45.0%   6.3  217s
 73538 47413 45314.4081   34   16 81264.0000 44675.4956  45.0%   6.3  221s
 75644 47983 45006.5984   32   17 81264.0000 44690.8786  45.0%   6.3  225s
 77782 49829 45133.5757   28   16 81264.0000 44706.4267  45.0%   6.3  233s
 79362 50547 47637.1830   70    3 81264.0000 44706.4267  45.0%   6.4  237s
 80761 51470 46306.7270   49    5 81264.0000 44706.4267  45.0%   6.4  242s
 82442 52259 45755.3544   48   10 81264.0000 44737.1597  44.9%   6.4  247s
 83976 53294 45275.4546   34   19 81264.0000 44749.5139  44.9%   6.4  252s
 85808 54054 45810.8852   37   14 81264.0000 44756.3141  44.9%   6.4  257s
 87322 54965 45409.0742   32   16 81264.0000 44767.3468  44.9%   6.4  262s
 88944 56014 45849.4933   38   12 81264.0000 44767.3468  44.9%   6.5  267s
 90727 56751 45710.1156   37   16 81264.0000 44775.0880  44.9%   6.5  272s
 92299 57875 45677.2447   35   16 81264.0000 44775.3217  44.9%   6.5  278s
 94286 58605 45846.3246   35   21 81264.0000 44779.5050  44.9%   6.5  284s
 95788 58359 47804.2550   67    3 81264.0000 44796.7043  44.9%   6.6  288s
 95890 58589 45412.4886   32   19 81264.0000 44797.3260  44.9%   6.6  293s
 96171 59250 45533.3104   35   14 81264.0000 44804.7995  44.9%   6.6  299s
 97203 59905 45614.5178   36   17 81264.0000 44805.6315  44.9%   6.6  305s
 98346 60898 46297.6596   41   10 81264.0000 44810.9437  44.9%   6.6  312s
 100014 62014 47487.7106   55    3 81264.0000 44816.4807  44.9%   6.6  319s
 101946 63175 45557.7357   44   13 81264.0000 44821.4818  44.8%   6.6  326s
 103903 64463 45184.7028   33   20 81264.0000 44827.7548  44.8%   6.6  334s
 106223 65670 45946.3663   36   18 81264.0000 44833.0052  44.8%   6.6  342s
 108716 66783 48109.7906   64    3 81264.0000 44848.9084  44.8%   6.7  350s
 110778 68227 46570.8048   70    1 81264.0000 44849.9330  44.8%   6.7  359s
 112506 67869 45161.3211   31   21 81264.0000 44858.3657  44.8%   6.7  360s
 113294 68373 46095.4619   36   11 81264.0000 44866.3563  44.8%   6.7  368s
 114233 69542 46789.3328   47    9 81264.0000 44866.3563  44.8%   6.7  378s
 116696 71089 45988.1293   42   12 81264.0000 44867.6590  44.8%   6.7  388s
 118963 72181 46345.0000   57    - 81264.0000 44888.3315  44.8%   6.8  399s
 121289 73830 53037.1217   72    4 81264.0000 44890.9470  44.8%   6.8  409s
 123131 73459 47209.7642   56    5 81264.0000 44893.2322  44.8%   6.8  410s
 124136 75120 46414.9493   54   11 81264.0000 44900.4580  44.7%   6.8  419s
 126450 74645 45792.5111   34   16 81264.0000 44905.9944  44.7%   6.8  420s
 126641 76342 45802.8846   34   17 81264.0000 44909.4668  44.7%   6.8  430s
 128975 77868 45414.0810   33   21 81264.0000 44916.5184  44.7%   6.8  441s
 131741 79223 46909.8671   53   10 81264.0000 44922.2522  44.7%   6.8  452s
 134388 80442 46170.7319   36   16 81264.0000 44931.2754  44.7%   6.9  464s
 135811 80229 47022.8508   59    5 81264.0000 44931.7842  44.7%   6.9  465s
 137075 81586 47930.6358   62    2 81264.0000 44940.2897  44.7%   6.9  476s
 139368 83270 46061.1254   36   16 81264.0000 44940.3940  44.7%   6.9  488s
 142145 84643 48391.9142   65    5 81264.0000 44954.3741  44.7%   6.9  501s
 144602 86706 46525.3910   57    3 81264.0000 44961.9230  44.7%   7.0  514s
 147042 87088 48567.8668   63    1 81264.0000 44962.0798  44.7%   7.0  515s
 147255 88904 45793.2556   30   16 81264.0000 44962.0798  44.7%   7.0  527s
 149972 91110 49020.7993   59    2 81264.0000 44973.6125  44.7%   7.0  540s
 152238 93054 46020.7089   37   17 81264.0000 44978.6311  44.7%   7.0  555s
 154694 93599 46178.7220   41   18 81264.0000 44978.6311  44.7%   7.0  566s
 154921 94464 46318.0044   42   15 81264.0000 44978.6311  44.7%   7.0  577s
 156006 95197 45414.2380   29   22 81264.0000 44978.6311  44.7%   7.0  590s
 156865 96639 45799.1632   36   16 81264.0000 44982.3345  44.6%   7.0  600s

Cutting planes:
  Gomory: 2
  MIR: 4
  StrongCG: 1
  Flow cover: 3

Explored 158570 nodes (1116433 simplex iterations) in 601.98 seconds (220.33 work units)
Thread count was 32 (of 32 available processors)

Solution count 10: 81264 81707 83474 ... 109484

Time limit reached
Best objective 8.126400000000e+04, best bound 4.498544751487e+04, gap 44.6428%

User-callback calls 332699, time in user-callback 55.90 sec
