
Gurobi 13.0.2 (win64) logging started Fri Jul 17 21:45:11 2026

Set parameter LogFile to value "logs/kstar_nI40_nJ40_nK50_nL10_tI5_tJ5_s4_m1_exact_s0_20260717-214511.gurobi.log"
Set parameter Seed to value 0
Set parameter TimeLimit to value 599.956674
Set parameter MIPGap to value 0
Set parameter MIPGapAbs to value 0.5
Set parameter Cutoff to value 1e+100
Gurobi Optimizer version 13.0.2 build v13.0.2rc1 (win64 - Windows 11+.0 (26200.2))

CPU model: Intel(R) Core(TM) i9-14900HX, instruction set [SSE2|AVX|AVX2]
Thread count: 24 physical cores, 32 logical processors, using up to 32 threads

Non-default parameters:
TimeLimit  599.956674
MIPGap  0
MIPGapAbs  0.5
PreCrush  1
LazyConstraints  1

Optimize a model with 20 rows, 90 columns and 800 nonzeros (Min)
Model fingerprint: 0x4123e968
Model has 90 linear objective coefficients
Variable types: 10 continuous, 80 integer (80 binary)
Coefficient statistics:
  Matrix range     [1e+00, 6e+02]
  Objective range  [1e+00, 5e+02]
  Bounds range     [1e+00, 4e+03]
  RHS range        [6e+02, 7e+02]

Using branch priorities.
Presolve removed 17 rows and 0 columns
Presolve time: 0.00s
Presolved: 3 rows, 90 columns, 120 nonzeros
Variable types: 10 continuous, 80 integer (80 binary)

Root relaxation: objective 3.479502e+04, 5 iterations, 0.00 seconds (0.00 work units)

    Nodes    |    Current Node    |     Objective Bounds      |     Work
 Expl Unexpl |  Obj  Depth IntInf | Incumbent    BestBd   Gap | It/Node Time

     0     0 34795.0216    0    2          - 34795.0216      -     -    0s
H    0     0                    179435.00000 34795.0216  80.6%     -    0s
H    0     0                    166250.00000 34795.0216  79.1%     -    0s
H    0     0                    164190.00000 34795.0216  78.8%     -    0s
     0     0 35241.0149    0    3 164190.000 35241.0149  78.5%     -    0s
     0     0 35244.4029    0    3 164190.000 35244.4029  78.5%     -    0s
H    0     0                    162363.00000 35244.4029  78.3%     -    0s
     0     2 35267.9156    0    8 162363.000 35267.9156  78.3%     -    0s
H 3235  2836                    128519.00000 35622.5885  72.3%   3.0    3s
H 3237  2695                    124066.00000 35726.4613  71.2%   3.0    4s
H 3240  2562                    113180.00000 35726.4613  68.4%   3.0    4s
  3244  2565 36900.2845   21   24 113180.000 35726.4613  68.4%   3.0    5s
  3831  3069 36365.8360   24   12 113180.000 35953.7767  68.2%   5.1   10s
  5571  4162 37266.1593   37    4 113180.000 35993.6149  68.2%   5.4   15s
  8419  5761 36474.7876   25   15 113180.000 36010.3197  68.2%   5.2   20s
 10388  6839 36706.1008   29   12 113180.000 36110.1988  68.1%   5.2   25s
 12311  8439 37487.2313   48    9 113180.000 36110.2065  68.1%   5.1   30s
 14031  9766 36768.2888   26   19 113180.000 36160.3248  68.1%   5.1   35s
 15624 11242 36906.3503   30   12 113180.000 36160.3248  68.1%   5.1   40s
 16819 12207 36644.3556   24   17 113180.000 36186.0121  68.0%   5.1   45s
 18927 14424 36787.1598   24   16 113180.000 36193.7448  68.0%   5.2   51s
 21372 16647 37236.9432   37   11 113180.000 36216.0620  68.0%   5.2   55s
 23788 18858 37214.6489   28    9 113180.000 36216.0620  68.0%   5.4   60s
 27015 21736 36972.8589   23   20 113180.000 36216.0861  68.0%   5.3   66s
 29242 23872 37354.3739   41    7 113180.000 36271.9722  68.0%   5.3   71s
 32315 26471 36662.4485   22   18 113180.000 36277.2029  67.9%   5.3   77s
 34738 27677 38013.5637   58    6 113180.000 36295.8389  67.9%   5.3   80s
 36650 30008 37836.6796   49    6 113180.000 36304.4331  67.9%   5.3   85s
 39450 31802 36715.8271   23   16 113180.000 36358.0557  67.9%   5.4   91s
 39817 32100 37010.8183   25   20 113180.000 36358.0557  67.9%   5.4   95s
 40774 33672 37022.3569   28   12 113180.000 36358.6667  67.9%   5.4  102s
 41693 34516 36733.6514   25   17 113180.000 36358.7948  67.9%   5.4  106s
 42605 35367 37983.9373   68    3 113180.000 36359.7233  67.9%   5.4  110s
 44975 37995 37235.2279   35    9 113180.000 36365.5948  67.9%   5.5  118s
 46639 39583 36963.0912   33   18 113180.000 36378.2119  67.9%   5.5  123s
 48393 41375 37517.5980   41   11 113180.000 36386.2616  67.9%   5.5  127s
 50371 43397 37227.3742   47    3 113180.000 36395.6595  67.8%   5.5  132s
 52695 44871 37180.2685   31    9 113180.000 36395.6595  67.8%   5.5  137s
 54413 46409 36758.1966   22   17 113180.000 36395.6595  67.8%   5.5  142s
 56576 46912 37011.4712   26   15 113180.000 36411.8294  67.8%   5.5  147s
 56653 47364 37029.9384   27   14 113180.000 36411.8294  67.8%   5.5  151s
 57275 48342 37071.3164   28   13 113180.000 36412.0694  67.8%   5.5  155s
 58390 49427 37082.2593   29   14 113180.000 36412.0694  67.8%   5.5  161s
 59624 49558 38146.0056   69    3 113180.000 36418.4646  67.8%   5.5  174s
 59626 49559 38238.9054   59   33 113180.000 36418.4646  67.8%   5.5  175s
 59629 49561 37082.5439   35   34 113180.000 36418.4646  67.8%   5.5  180s
H59632 47084                    106002.00000 36418.4646  65.6%   5.5  183s
 59634 47086 37093.0730   43   36 106002.000 36418.4646  65.6%   5.5  186s
H59636 44733                    100334.00000 36418.4646  63.7%   5.5  188s
 59644 44747 36418.4646   28   29 100334.000 36418.4646  63.7%   5.5  190s
 59732 44889 36600.9128   32   31 100334.000 36447.9213  63.7%   5.6  197s
 59834 44887 36661.5823   33   28 100334.000 36447.9213  63.7%   5.6  200s
 60061 45141 36892.2725   36   27 100334.000 36447.9213  63.7%   5.7  205s
 60398 45274 37022.6376   39   20 100334.000 36447.9213  63.7%   5.7  210s
 60698 45559 37147.5430   41   17 100334.000 36447.9213  63.7%   5.8  215s
 61258 45942 37708.3686   45   10 100334.000 36447.9213  63.7%   5.8  221s
 62148 46291 91032.0000  105    - 100334.000 36447.9213  63.7%   5.8  225s
 62672 46608 37070.8210   39   16 100334.000 36447.9213  63.7%   5.8  230s
 63069 47118 38527.1972   60    9 100334.000 36447.9213  63.7%   5.8  235s
 64019 47591 41832.0496   71    2 100334.000 36447.9213  63.7%   5.8  240s
 64857 48210 36974.3594   33   18 100334.000 36601.7371  63.5%   5.8  246s
 65989 48943 38843.1486   79    1 100334.000 36601.7371  63.5%   5.8  251s
 67423 49894 37141.0852   41   23 100334.000 36623.6685  63.5%   5.8  257s
 68307 50271 37487.7025   51   17 100334.000 36623.6685  63.5%   5.8  261s
 69758 51109 36871.2120   34   25 100334.000 36635.0947  63.5%   5.8  266s
 70547 51844 37132.9859   43   22 100334.000 36635.0947  63.5%   5.8  270s
 72540 52821 39885.8649   74    1 100334.000 36690.6934  63.4%   5.8  276s
 73444 52608 37573.4353   50   12 100334.000 36690.6934  63.4%   5.8  280s
 74200 53406 38967.9050   73    2 100334.000 36705.8355  63.4%   5.8  286s
 75094 54007 37148.7252   40   19 100334.000 36705.8355  63.4%   5.8  290s
 76944 54966 37216.3344   37   17 100334.000 36705.8355  63.4%   5.8  298s
 77727 55728 37572.0443   47   14 100334.000 36769.9025  63.4%   5.8  302s
 78868 56294 37025.7425   37   18 100334.000 36803.2454  63.3%   5.8  307s
 80043 56997 38252.2891   69    5 100334.000 36803.3994  63.3%   5.8  311s
 81178 57771 36974.7329   39   24 100334.000 36806.9087  63.3%   5.8  315s
 82545 57520 38009.0657   62    7 100334.000 36806.9087  63.3%   5.8  321s
 82607 57958 38130.1624   63    9 100334.000 36806.9087  63.3%   5.8  325s
 83174 58543 38130.8055   64    8 100334.000 36806.9087  63.3%   5.8  330s
 84174 59148 38145.6461   65    8 100334.000 36806.9087  63.3%   5.8  336s
 85202 59931 38198.3820   66    8 100334.000 36806.9087  63.3%   5.8  341s
 86520 60842 38239.2758   68    6 100334.000 36827.2971  63.3%   5.8  346s
 88086 61733 37571.2688   45   17 100334.000 36828.1793  63.3%   5.8  352s
 89676 62468 37223.2270   44   18 100334.000 36828.1793  63.3%   5.9  359s
 90932 63666 37579.9813   53   11 100334.000 36852.2674  63.3%   5.9  365s
 92989 64645 37280.0275   43   22 100334.000 36863.4663  63.3%   5.9  372s
 94773 65562 37019.7999   39   21 100334.000 36873.3983  63.2%   5.9  379s
 96607 66779 37486.9429   39   22 100334.000 36881.8670  63.2%   5.9  386s
 98541 67367 37089.7119   37   24 100334.000 36891.2657  63.2%   5.9  393s
 99758 67120 37495.4246   42   17 100334.000 36891.2657  63.2%   5.9  399s
 99838 67772 37648.5191   43   14 100334.000 36891.2657  63.2%   5.9  406s
 100939 68663 38152.1594   59    5 100334.000 36891.2657  63.2%   5.9  413s
 102393 69291 37389.2318   43   17 100334.000 36896.6180  63.2%   5.9  421s
 103653 70443 37184.6821   36   23 100334.000 36904.1679  63.2%   5.9  430s
 105417 71393 37524.5540   45   16 100334.000 36904.1679  63.2%   5.9  439s
 107033 72605 37977.5542   65   10 100334.000 36904.2601  63.2%   6.0  448s
 109143 74089 37937.1839   54   14 100334.000 36904.2601  63.2%   6.0  458s
 111801 75573 38595.2173   70    1 100334.000 36913.8799  63.2%   6.0  468s
 114577 76973 37402.0864   42   22 100334.000 36926.6419  63.2%   6.0  481s
 116969 77983 37212.4707   36   27 100334.000 36928.1623  63.2%   6.0  492s
 119048 77609 37059.6145   38   22 100334.000 36938.1384  63.2%   6.0  500s
 119121 78743 37081.0421   39   23 100334.000 36938.1384  63.2%   6.0  510s
 120736 80291 37158.5036   38   19 100334.000 36938.1384  63.2%   6.0  523s
 123392 82054 38180.9925   53    8 100334.000 36939.9152  63.2%   6.0  537s
 126485 83797 37218.6118   37   24 100334.000 36948.1444  63.2%   6.0  551s
 129455 85956 38288.1861   57   10 100334.000 36955.5277  63.2%   6.0  566s
 133133 87054 37874.1636   50   14 100334.000 36962.0597  63.2%   6.0  581s
 135510 88468 38027.7647   52    5 100334.000 36969.8273  63.2%   6.0  598s

Cutting planes:
  MIR: 6
  StrongCG: 1
  Flow cover: 1

Explored 138404 nodes (837382 simplex iterations) in 601.10 seconds (246.73 work units)
Thread count was 32 (of 32 available processors)

Solution count 9: 100334 106002 113180 ... 179435

Time limit reached
Best objective 1.003340000000e+05, best bound 3.696991848780e+04, gap 63.1531%

User-callback calls 298915, time in user-callback 79.76 sec
