
Gurobi 13.0.2 (win64) logging started Wed Jul 15 20:49:50 2026

Set parameter LogFile to value "logs/kstar_nI40_nJ40_nK100_nL10_tI2_tJ2_s2_m0_exact_s0_20260715-204950.gurobi.log"
Set parameter Seed to value 0
Set parameter TimeLimit to value 599.9333984
Set parameter NodefileStart to value 4
Set parameter MIPGap to value 0
Set parameter MIPGapAbs to value 0.9999
Set parameter Cutoff to value 1e+100
Gurobi Optimizer version 13.0.2 build v13.0.2rc1 (win64 - Windows 11+.0 (26200.2))

CPU model: Intel(R) Core(TM) i9-14900HX, instruction set [SSE2|AVX|AVX2]
Thread count: 24 physical cores, 32 logical processors, using up to 32 threads

Non-default parameters:
TimeLimit  599.9333984
MIPGap  0
MIPGapAbs  0.9999
NodefileStart  4

Optimize a model with 2200 rows, 56080 columns and 152800 nonzeros (Min)
Model fingerprint: 0xac3607b9
Model has 56080 linear objective coefficients
Variable types: 56000 continuous, 80 integer (80 binary)
Coefficient statistics:
  Matrix range     [1e+00, 1e+03]
  Objective range  [1e+00, 5e+02]
  Bounds range     [1e+00, 1e+00]
  RHS range        [5e+00, 2e+01]

Using branch priorities.
Found heuristic solution: objective 1337405.0000
Presolve time: 0.10s
Presolved: 2200 rows, 56080 columns, 152800 nonzeros
Variable types: 56000 continuous, 80 integer (80 binary)
Deterministic concurrent LP optimizer: primal and dual simplex
Showing primal log only...

Concurrent spin time: 0.01s

Solved with dual simplex

Root relaxation: objective 6.919529e+04, 1878 iterations, 0.06 seconds (0.07 work units)

    Nodes    |    Current Node    |     Objective Bounds      |     Work
 Expl Unexpl |  Obj  Depth IntInf | Incumbent    BestBd   Gap | It/Node Time

     0     0 69195.2871    0   80 1337405.00 69195.2871  94.8%     -    0s
H    0     0                    90778.386072 69195.2871  23.8%     -    0s
H    0     0                    90758.386072 69195.2871  23.8%     -    0s
     0     0 82285.8531    0   43 90758.3861 82285.8531  9.34%     -    0s
H    0     0                    90669.000000 82337.0023  9.19%     -    0s
     0     0 84570.1351    0   37 90669.0000 84570.1351  6.73%     -    0s
     0     0 84616.0968    0   37 90669.0000 84616.0968  6.68%     -    0s
     0     0 88089.5249    0   27 90669.0000 88089.5249  2.84%     -    0s
H    0     0                    89995.000000 88099.5303  2.11%     -    0s
     0     0 88421.4829    0   27 89995.0000 88421.4829  1.75%     -    0s
     0     0 88457.2781    0   28 89995.0000 88457.2781  1.71%     -    0s
     0     0 88465.2133    0   28 89995.0000 88465.2133  1.70%     -    0s
H    0     0                    89898.000000 88465.2133  1.59%     -    0s
     0     0 88790.0795    0   19 89898.0000 88790.0795  1.23%     -    0s
H    0     0                    89451.000000 88794.4410  0.73%     -    0s
H    0     0                    89324.000000 88794.4410  0.59%     -    0s
H    0     0                    89322.000000 88794.4410  0.59%     -    0s
H    0     0                    89208.000000 88794.4410  0.46%     -    0s
     0     0 88884.5918    0   19 89208.0000 88884.5918  0.36%     -    1s
     0     0 88886.5636    0   19 89208.0000 88886.5636  0.36%     -    1s
     0     0 88930.9283    0   16 89208.0000 88930.9283  0.31%     -    1s
H    0     0                    89207.000000 88937.5845  0.30%     -    1s
H    0     0                    89127.000000 88937.5845  0.21%     -    1s
H    0     0                    89117.000000 88948.2023  0.19%     -    1s
     0     0 88948.2023    0   15 89117.0000 88948.2023  0.19%     -    1s
     0     0 88952.2693    0   17 89117.0000 88952.2693  0.18%     -    1s
     0     0 88971.6272    0   14 89117.0000 88971.6272  0.16%     -    1s
     0     0 88971.8296    0    7 89117.0000 88971.8296  0.16%     -    1s
H    0     0                    89032.000000 88971.8296  0.07%     -    1s
     0     0 88978.5446    0   19 89032.0000 88978.5446  0.06%     -    1s
     0     0 88979.2243    0   13 89032.0000 88979.2243  0.06%     -    1s
     0     0 88997.4570    0    7 89032.0000 88997.4570  0.04%     -    1s
     0     0 89003.1176    0    6 89032.0000 89003.1176  0.03%     -    1s
     0     0 89004.0000    0    6 89032.0000 89004.0000  0.03%     -    1s
H    0     0                    89030.000000 89004.0000  0.03%     -    1s
     0     0 89004.0000    0    6 89030.0000 89004.0000  0.03%     -    1s
     0     0 89004.0000    0    6 89030.0000 89004.0000  0.03%     -    1s
     0     0 89004.0000    0    6 89030.0000 89004.0000  0.03%     -    1s
     0     0 89004.0000    0    6 89030.0000 89004.0000  0.03%     -    1s
     0     2 89004.0000    0    6 89030.0000 89004.0000  0.03%     -    1s
*    9     0               3    89024.000000 89018.0000  0.01%   6.6    1s
*   10     0               3    89018.000000 89018.0000  0.00%   6.2    1s

Cutting planes:
  Implied bound: 701
  MIR: 86
  Flow cover: 452
  Relax-and-lift: 14

Explored 12 nodes (4501 simplex iterations) in 1.90 seconds (1.95 work units)
Thread count was 32 (of 32 available processors)

Solution count 10: 89018 89024 89032 ... 89898

Optimal solution found (tolerance 0.00e+00)
Best objective 8.901800000000e+04, best bound 8.901800000000e+04, gap 0.0000%
