
Gurobi 13.0.2 (win64) logging started Fri Jul 17 01:25:19 2026

Set parameter LogFile to value "logs/kstar_nI40_nJ20_nK100_nL5_tI6_tJ6_s3_m1_exact_s0_20260717-012519.gurobi.log"
Set parameter Seed to value 0
Set parameter TimeLimit to value 599.9810919
Set parameter MIPGap to value 0
Set parameter MIPGapAbs to value 0.5
Set parameter Cutoff to value 1e+100
Gurobi Optimizer version 13.0.2 build v13.0.2rc1 (win64 - Windows 11+.0 (26200.2))

CPU model: Intel(R) Core(TM) i9-14900HX, instruction set [SSE2|AVX|AVX2]
Thread count: 24 physical cores, 32 logical processors, using up to 32 threads

Non-default parameters:
TimeLimit  599.9810919
MIPGap  0
MIPGapAbs  0.5
PreCrush  1
LazyConstraints  1

Optimize a model with 10 rows, 65 columns and 300 nonzeros (Min)
Model fingerprint: 0x7e29abd8
Model has 65 linear objective coefficients
Variable types: 5 continuous, 60 integer (60 binary)
Coefficient statistics:
  Matrix range     [1e+00, 1e+03]
  Objective range  [1e+00, 5e+02]
  Bounds range     [1e+00, 1e+04]
  RHS range        [1e+03, 1e+03]

Using branch priorities.
Presolve removed 8 rows and 0 columns
Presolve time: 0.00s
Presolved: 2 rows, 65 columns, 60 nonzeros
Variable types: 5 continuous, 60 integer (60 binary)

Root relaxation: objective 4.846461e+04, 6 iterations, 0.00 seconds (0.00 work units)

    Nodes    |    Current Node    |     Objective Bounds      |     Work
 Expl Unexpl |  Obj  Depth IntInf | Incumbent    BestBd   Gap | It/Node Time

     0     0 48464.6064    0    3          - 48464.6064      -     -    0s
H    0     0                    178830.00000 48464.6064  72.9%     -    0s
H    0     0                    171874.00000 48464.6064  71.8%     -    0s
H    0     0                    165690.00000 48464.6064  70.7%     -    0s
H    0     0                    158176.00000 48464.6064  69.4%     -    0s
H    0     0                    130883.00000 48464.6064  63.0%     -    0s
     0     0 48751.9011    0    7 130883.000 48751.9011  62.8%     -    0s
     0     0 48853.0303    0    8 130883.000 48853.0303  62.7%     -    0s
     0     0 48886.7083    0   12 130883.000 48886.7083  62.6%     -    0s
     0     0 48935.3453    0   10 130883.000 48935.3453  62.6%     -    0s
     0     0 48988.6935    0   14 130883.000 48988.6935  62.6%     -    0s
     0     0 49049.1509    0   13 130883.000 49049.1509  62.5%     -    0s
     0     0 49103.5519    0   12 130883.000 49103.5519  62.5%     -    0s
     0     0 49192.9414    0   12 130883.000 49192.9414  62.4%     -    0s
     0     0 49262.3397    0   13 130883.000 49262.3397  62.4%     -    0s
     0     0 49348.2776    0   12 130883.000 49348.2776  62.3%     -    0s
H    0     0                    109820.00000 49350.1270  55.1%     -    0s
H    0     0                    100264.00000 49350.1270  50.8%     -    0s
H    0     0                    100256.00000 49350.1270  50.8%     -    0s
     0     0 49359.0789    0   14 100256.000 49359.0789  50.8%     -    0s
     0     0 49360.8215    0   14 100256.000 49360.8215  50.8%     -    0s
     0     2 49366.4308    0   18 100256.000 49366.4308  50.8%     -    0s
H 3009  2646                    100077.00000 49485.0816  50.6%   3.2    1s
  8035  5672 50511.7355   28    8 100077.000 49625.5350  50.4%   4.0    5s
 15369 11049 51575.5647   37    4 100077.000 49783.1626  50.3%   4.0   10s
 20374 15100 54590.6381   39    5 100077.000 49831.5076  50.2%   4.1   15s
 27558 21565 50549.4564   22   16 100077.000 49945.3541  50.1%   4.2   20s
 34356 27259 50513.0184   20   16 100077.000 50040.3385  50.0%   4.3   25s
 37526 28965 51961.0000   45   14 100077.000 50082.8211  50.0%   4.3   31s
H37527 27517                    79671.000000 50082.8211  37.1%   4.3   32s
H37529 26142                    79409.000000 50100.8714  36.9%   4.3   34s
H37533 24838                    74162.000000 50100.8714  32.4%   4.3   35s
 37543 24844 50872.3736   35   31 74162.0000 50100.8714  32.4%   4.3   40s
 38380 25496 53382.6900   41    3 74162.0000 50593.0855  31.8%   4.5   45s
 40262 26427 66726.7720   71    2 74162.0000 50679.5335  31.7%   4.5   50s
 42123 27514 51386.1581   32   16 74162.0000 50889.8425  31.4%   4.6   55s
 44999 28875 53445.4885   52    2 74162.0000 50950.2704  31.3%   4.6   60s
 48341 30981 51663.6348   32   16 74162.0000 51053.5409  31.2%   4.6   65s
 50719 31797 52106.3634   36   12 74162.0000 51166.9657  31.0%   4.6   70s
 52044 33003 51700.7582   32   16 74162.0000 51200.6903  31.0%   4.6   75s
 54163 34270 52766.3124   44    5 74162.0000 51218.4483  30.9%   4.7   80s
 57403 35844 52305.2956   37   14 74162.0000 51299.2149  30.8%   4.7   86s
 59768 37186 52300.7752   39    9 74162.0000 51322.9239  30.8%   4.7   90s
 63656 39062 52104.0644   36   11 74162.0000 51375.2037  30.7%   4.7   96s
 65999 40447 56769.3605   64    4 74162.0000 51388.8521  30.7%   4.7  101s
 69291 42269 52377.1613   44    4 74162.0000 51419.6277  30.7%   4.6  107s
 72282 42890 53458.5671   44    5 74162.0000 51434.3269  30.6%   4.6  110s
 74330 44915 52936.3091   49    8 74162.0000 51456.8568  30.6%   4.6  115s
 77740 46674 53779.9950   52    2 74162.0000 51481.9675  30.6%   4.6  122s
 79587 47438 52011.2833   37    9 74162.0000 51490.0720  30.6%   4.6  125s
 83050 49364 52289.2160   35   13 74162.0000 51512.4032  30.5%   4.6  131s
 84950 49896 52528.4796   41    7 74162.0000 51524.6785  30.5%   4.6  135s
 87624 51843 51939.8028   35   16 74162.0000 51524.6785  30.5%   4.7  141s
 89714 52846 53629.7947   45    5 74162.0000 51542.0783  30.5%   4.6  145s
 93699 54814 54178.9639   58    2 74162.0000 51570.3036  30.5%   4.6  155s
 95738 55187 52190.1011   38   10 74162.0000 51579.5678  30.5%   4.6  163s
 96630 55923 53960.2842   51    2 74162.0000 51580.1110  30.4%   4.6  166s
 97986 57033 53448.4670   51    2 74162.0000 51580.1110  30.4%   4.6  170s
 101823 57800 54041.7877   46    7 74162.0000 51591.0295  30.4%   4.7  175s
 104457 60450 59619.9140   57    1 74162.0000 51592.5246  30.4%   4.7  185s
 106696 61778 52016.5140   36   14 74162.0000 51612.4509  30.4%   4.7  190s
 110790 63987 54293.8455   57    2 74162.0000 51618.8338  30.4%   4.7  199s
 113502 64377 52393.9225   35   15 74162.0000 51637.6374  30.4%   4.7  205s
 114279 65453 52385.0672   37   13 74162.0000 51640.2625  30.4%   4.7  210s
 115295 66944 52503.4250   37   13 74162.0000 51642.6516  30.4%   4.7  215s
 117327 68938 52537.4461   38   11 74162.0000 51642.7205  30.4%   4.7  221s
 119850 71368 52533.6443   40   11 74162.0000 51654.6909  30.3%   4.7  227s
 122781 73720 53654.9041   48    4 74162.0000 51668.1652  30.3%   4.7  233s
 125632 76142 52842.1816   36   11 74162.0000 51677.2978  30.3%   4.7  239s
 128433 78336 60115.4659   64    3 74162.0000 51691.1185  30.3%   4.7  245s
 131184 80599 52257.9122   35   15 74162.0000 51692.6693  30.3%   4.7  251s
 133817 82685 57062.1710   63    2 74162.0000 51710.8609  30.3%   4.7  257s
 136325 85015 53806.6134   47    7 74162.0000 51719.8407  30.3%   4.7  262s
 138868 86966 53934.9871   50    4 74162.0000 51722.9931  30.3%   4.7  269s
 140729 87300 53250.8178   36    9 74162.0000 51727.0513  30.3%   4.7  270s
 141403 89222 52971.6986   44    6 74162.0000 51727.0513  30.3%   4.7  275s
 144127 91050 52566.2369   37   14 74162.0000 51733.5840  30.2%   4.7  280s
 146419 92768 54069.2522   65    3 74162.0000 51748.3714  30.2%   4.7  286s
 148547 94729 52844.4851   35   15 74162.0000 51753.7889  30.2%   4.7  291s
 150884 96830 55906.8844   65    1 74162.0000 51757.0081  30.2%   4.7  297s
 153493 98629 53186.5794   34   11 74162.0000 51764.5777  30.2%   4.7  305s
 155647 100593 52719.1829   36   12 74162.0000 51764.5777  30.2%   4.7  311s
 158188 102629 54144.4967   37   13 74162.0000 51768.0968  30.2%   4.7  318s
 160391 104575 53588.7167   36   13 74162.0000 51781.9488  30.2%   4.7  324s
 162850 106556 55404.1208   46    8 74162.0000 51786.7290  30.2%   4.7  331s
 165230 107891 55794.3759   58    2 74162.0000 51790.9467  30.2%   4.7  341s
 166535 109593 53232.4815   38   14 74162.0000 51796.1769  30.2%   4.7  347s
 169174 111729 54717.7425   61    2 74162.0000 51800.5034  30.2%   4.7  353s
 171546 113498 53217.4792   33   18 74162.0000 51809.9952  30.1%   4.7  360s
 173633 115485 53196.6211   47    5 74162.0000 51810.1127  30.1%   4.7  367s
 176285 117139 52489.2408   37   11 74162.0000 51819.5325  30.1%   4.7  374s
 177880 118708 54495.3245   45    5 74162.0000 51826.8109  30.1%   4.7  381s
 179881 120650 53101.7798   37   10 74162.0000 51826.8109  30.1%   4.7  388s
 182294 122621 56896.4468   64    3 74162.0000 51836.0344  30.1%   4.7  396s
 184613 124629 53642.5546   53    4 74162.0000 51841.5887  30.1%   4.8  403s
 187103 125630 53940.4059   42    3 74162.0000 51846.8810  30.1%   4.8  411s
 187952 126797 58278.5394   67    2 74162.0000 51846.8810  30.1%   4.8  418s
 189559 128069 53398.6745   41   10 74162.0000 51850.3575  30.1%   4.8  424s
 190890 129504 53648.6856   36   16 74162.0000 51850.3896  30.1%   4.8  431s
 192778 131164 53699.4644   36   13 74162.0000 51857.5137  30.1%   4.8  438s
 195120 133170 53826.6734   38    9 74162.0000 51862.8727  30.1%   4.8  445s
 197449 135086 52629.4228   39   14 74162.0000 51869.9526  30.1%   4.8  453s
 199637 136989 53161.2103   52    7 74162.0000 51875.0003  30.1%   4.8  461s
 201935 138658 54155.7245   47    5 74162.0000 51880.2413  30.0%   4.8  468s
 203668 140097 54596.5823   54    1 74162.0000 51886.7565  30.0%   4.8  475s
 205513 141830 52974.5299   39    9 74162.0000 51888.9617  30.0%   4.8  483s
 207725 143728 53816.2970   39    9 74162.0000 51889.9819  30.0%   4.8  491s
 210076 145788 53789.8654   47    9 74162.0000 51890.2782  30.0%   4.8  498s
 212528 147520 54277.3279   51    4 74162.0000 51896.8057  30.0%   4.8  505s
 214388 149173 55623.1389   66    1 74162.0000 51907.8970  30.0%   4.8  513s
 216513 151092 53358.8659   38   14 74162.0000 51911.2383  30.0%   4.8  521s
 218764 152749 52909.8757   36   13 74162.0000 51916.5816  30.0%   4.8  529s
 219546 152868 53645.6748   45    6 74162.0000 51916.5913  30.0%   4.8  530s
 220662 154488 53554.7815   49    6 74162.0000 51921.7828  30.0%   4.8  538s
 222746 156180 53480.6996   44    8 74162.0000 51926.4347  30.0%   4.8  545s
 224964 157969 54022.7235   45    7 74162.0000 51929.6179  30.0%   4.8  553s
 226818 159530 54497.5851   59    2 74162.0000 51932.5867  30.0%   4.8  561s
 229161 161297 53919.0147   40   14 74162.0000 51935.0077  30.0%   4.8  570s
 231565 163332 53631.2971   49    3 74162.0000 51939.1306  30.0%   4.8  578s
 233788 165224 53528.9188   37   14 74162.0000 51947.3417  30.0%   4.8  586s
 236088 167011 55086.0000   54    - 74162.0000 51952.2266  29.9%   4.8  595s
 238183 167440 58492.1120   62    2 74162.0000 51956.2622  29.9%   4.8  600s

Cutting planes:
  Gomory: 3
  MIR: 7
  Flow cover: 2
  RLT: 1

Explored 238277 nodes (1144235 simplex iterations) in 601.14 seconds (176.91 work units)
Thread count was 32 (of 32 available processors)

Solution count 10: 74162 79409 79671 ... 165690

Time limit reached
Best objective 7.416200000000e+04, best bound 5.195626223424e+04, gap 29.9422%

User-callback calls 490634, time in user-callback 45.92 sec
