
Gurobi 13.0.2 (win64) logging started Wed Jul 15 20:53:12 2026

Set parameter LogFile to value "logs/kstar_nI40_nJ40_nK50_nL10_tI6_tJ6_s1_m0_exact_s0_20260715-205312.gurobi.log"
Set parameter Seed to value 0
Set parameter TimeLimit to value 599.9542507
Set parameter NodefileStart to value 4
Set parameter MIPGap to value 0
Set parameter MIPGapAbs to value 0.9999
Set parameter Cutoff to value 1e+100
Gurobi Optimizer version 13.0.2 build v13.0.2rc1 (win64 - Windows 11+.0 (26200.2))

CPU model: Intel(R) Core(TM) i9-14900HX, instruction set [SSE2|AVX|AVX2]
Thread count: 24 physical cores, 32 logical processors, using up to 32 threads

Non-default parameters:
TimeLimit  599.9542507
MIPGap  0
MIPGapAbs  0.9999
NodefileStart  4

Optimize a model with 1700 rows, 36080 columns and 92800 nonzeros (Min)
Model fingerprint: 0x2fd2249d
Model has 36080 linear objective coefficients
Variable types: 36000 continuous, 80 integer (80 binary)
Coefficient statistics:
  Matrix range     [1e+00, 7e+02]
  Objective range  [1e+00, 5e+02]
  Bounds range     [1e+00, 1e+00]
  RHS range        [5e+00, 2e+01]

Using branch priorities.
Found heuristic solution: objective 624308.00000
Presolve time: 0.06s
Presolved: 1700 rows, 36080 columns, 92800 nonzeros
Variable types: 36000 continuous, 80 integer (80 binary)

Root relaxation: objective 4.001971e+04, 1551 iterations, 0.02 seconds (0.03 work units)

    Nodes    |    Current Node    |     Objective Bounds      |     Work
 Expl Unexpl |  Obj  Depth IntInf | Incumbent    BestBd   Gap | It/Node Time

     0     0 40019.7072    0   80 624308.000 40019.7072  93.6%     -    0s
H    0     0                    58385.769287 40019.7072  31.5%     -    0s
H    0     0                    58174.252483 40019.7072  31.2%     -    0s
H    0     0                    58085.572060 40019.7072  31.1%     -    0s
H    0     0                    56354.806638 40019.7072  29.0%     -    0s
     0     0 50581.8952    0   56 56354.8066 50581.8952  10.2%     -    0s
H    0     0                    55573.000000 50602.3136  8.94%     -    0s
H    0     0                    55391.000000 50602.3136  8.65%     -    0s
H    0     0                    55124.000000 50602.3136  8.20%     -    0s
     0     0 50671.9565    0   54 55124.0000 50671.9565  8.08%     -    0s
     0     0 50680.4334    0   55 55124.0000 50680.4334  8.06%     -    0s
     0     0 50680.4436    0   55 55124.0000 50680.4436  8.06%     -    0s
     0     0 52038.5655    0   58 55124.0000 52038.5655  5.60%     -    0s
H    0     0                    55011.000000 52040.7907  5.40%     -    0s
H    0     0                    54832.000000 52040.7907  5.09%     -    0s
     0     0 52343.6341    0   60 54832.0000 52343.6341  4.54%     -    0s
     0     0 52425.3097    0   56 54832.0000 52425.3097  4.39%     -    0s
     0     0 52453.5528    0   57 54832.0000 52453.5528  4.34%     -    0s
     0     0 52457.2280    0   57 54832.0000 52457.2280  4.33%     -    0s
     0     0 52734.7561    0   58 54832.0000 52734.7561  3.82%     -    0s
H    0     0                    54057.000000 52734.7727  2.45%     -    0s
H    0     0                    53837.000000 52734.7727  2.05%     -    0s
H    0     0                    53806.000000 52734.7727  1.99%     -    0s
     0     0 52874.2281    0   59 53806.0000 52874.2281  1.73%     -    0s
     0     0 52895.2032    0   58 53806.0000 52895.2032  1.69%     -    0s
     0     0 52901.3588    0   57 53806.0000 52901.3588  1.68%     -    0s
     0     0 53004.4207    0   58 53806.0000 53004.4207  1.49%     -    1s
H    0     0                    53583.000000 53005.1918  1.08%     -    1s
H    0     0                    53579.000000 53005.1918  1.07%     -    1s
H    0     0                    53563.000000 53005.1918  1.04%     -    1s
H    0     0                    53559.000000 53005.1918  1.03%     -    1s
H    0     0                    53558.000000 53005.1918  1.03%     -    1s
H    0     0                    53554.000000 53005.1918  1.02%     -    1s
     0     0 53015.1360    0   53 53554.0000 53015.1360  1.01%     -    1s
     0     0 53022.9506    0   55 53554.0000 53022.9506  0.99%     -    1s
     0     0 53035.9384    0   61 53554.0000 53035.9384  0.97%     -    1s
     0     0 53038.2193    0   61 53554.0000 53038.2193  0.96%     -    1s
     0     0 53038.2193    0   61 53554.0000 53038.2193  0.96%     -    1s
     0     0 53038.2193    0   61 53554.0000 53038.2193  0.96%     -    1s
H    0     0                    53546.000000 53038.7750  0.95%     -    1s
H    0     0                    53535.000000 53038.7750  0.93%     -    1s
     0     2 53038.7750    0   61 53535.0000 53038.7750  0.93%     -    1s
H  158   139                    53333.815625 53259.1393  0.14%  99.4    2s
H  231    54                    53295.312500 53259.1393  0.07%  79.5    2s
*  232    54              15    53280.000000 53259.1393  0.04%  79.2    2s

Cutting planes:
  Implied bound: 437
  MIR: 220
  Flow cover: 536
  Relax-and-lift: 13

Explored 300 nodes (24613 simplex iterations) in 2.26 seconds (2.47 work units)
Thread count was 32 (of 32 available processors)

Solution count 10: 53280 53535 53546 ... 53837

Optimal solution found (tolerance 0.00e+00)
Best objective 5.328000000000e+04, best bound 5.328000000000e+04, gap 0.0000%
