
Gurobi 13.0.2 (win64) logging started Fri Jul 17 06:16:42 2026

Set parameter LogFile to value "logs/kstar_nI40_nJ20_nK50_nL5_tI2_tJ2_s2_m1_exact_s0_20260717-061642.gurobi.log"
Set parameter Seed to value 0
Set parameter TimeLimit to value 599.9859717
Set parameter MIPGap to value 0
Set parameter MIPGapAbs to value 0.5
Set parameter Cutoff to value 1e+100
Gurobi Optimizer version 13.0.2 build v13.0.2rc1 (win64 - Windows 11+.0 (26200.2))

CPU model: Intel(R) Core(TM) i9-14900HX, instruction set [SSE2|AVX|AVX2]
Thread count: 24 physical cores, 32 logical processors, using up to 32 threads

Non-default parameters:
TimeLimit  599.9859717
MIPGap  0
MIPGapAbs  0.5
PreCrush  1
LazyConstraints  1

Optimize a model with 10 rows, 65 columns and 300 nonzeros (Min)
Model fingerprint: 0xd1599dca
Model has 65 linear objective coefficients
Variable types: 5 continuous, 60 integer (60 binary)
Coefficient statistics:
  Matrix range     [1e+01, 7e+02]
  Objective range  [1e+00, 5e+02]
  Bounds range     [1e+00, 5e+03]
  RHS range        [6e+02, 7e+02]

Using branch priorities.
Presolve removed 6 rows and 0 columns
Presolve time: 0.00s
Presolved: 4 rows, 65 columns, 120 nonzeros
Variable types: 5 continuous, 60 integer (60 binary)

Root relaxation: objective 2.464400e+04, 4 iterations, 0.00 seconds (0.00 work units)

    Nodes    |    Current Node    |     Objective Bounds      |     Work
 Expl Unexpl |  Obj  Depth IntInf | Incumbent    BestBd   Gap | It/Node Time

     0     0 24644.0000    0    -          - 24644.0000      -     -    0s
     0     0 24656.7568    0    2          - 24656.7568      -     -    0s
H    0     0                    147581.00000 24656.7568  83.3%     -    0s
H    0     0                    140064.00000 24656.7568  82.4%     -    0s
H    0     0                    100394.00000 24656.7568  75.4%     -    0s
     0     0 24699.0591    0    5 100394.000 24699.0591  75.4%     -    0s
     0     0 24744.2303    0    8 100394.000 24744.2303  75.4%     -    0s
     0     0 24809.9005    0    9 100394.000 24809.9005  75.3%     -    0s
     0     0 24814.8897    0    9 100394.000 24814.8897  75.3%     -    0s
H    0     0                    98242.000000 24814.8897  74.7%     -    0s
H    0     0                    97536.000000 24814.8897  74.6%     -    0s
H    0     0                    94670.000000 24814.8897  73.8%     -    0s
     0     2 24822.2894    0   14 94670.0000 24822.2894  73.8%     -    0s
H 3613  2988                    77923.000000 24908.5300  68.0%   2.8    2s
H 3631  2850                    74171.000000 24908.5300  66.4%   2.8    3s
  3976  3141 25008.7997   23   15 74171.0000 24969.1924  66.3%   4.4    5s
  8423  5609 26742.5577   54    2 74171.0000 25043.0969  66.2%   5.0   10s
 16291 10578 25372.7513   23   15 74171.0000 25131.5853  66.1%   4.9   15s
 19367 13494 30821.0000   67    - 74171.0000 25163.3764  66.1%   4.9   20s
 22291 15928 25704.9248   28    8 74171.0000 25195.5942  66.0%   5.0   25s
 26037 19076 25906.2175   33    9 74171.0000 25236.7308  66.0%   5.0   30s
 29735 22426 25933.1822   37    7 74171.0000 25255.1295  66.0%   5.0   35s
 33483 25924 25451.9971   28   18 74171.0000 25282.7424  65.9%   5.0   40s
 37923 29355 25505.7973   30   15 74171.0000 25297.2434  65.9%   5.1   46s
 40665 31207 28823.6891   70    1 74171.0000 25297.2434  65.9%   5.1   51s
 41816 32419 25921.4245   43    9 74171.0000 25297.2434  65.9%   5.1   55s
 43664 34205 26523.2141   41    5 74171.0000 25315.6073  65.9%   5.1   60s
 45817 35985 26407.7027   55    2 74171.0000 25321.8023  65.9%   5.1   66s
 48462 38284 26520.5306   50    8 74171.0000 25331.3263  65.8%   5.1   71s
 49923 38838 25930.4755   31   12 74171.0000 25334.8040  65.8%   5.1   76s
 51255 39917 26108.2714   33    9 74171.0000 25338.3945  65.8%   5.1   82s
 51670 39983 26132.1999   45    9 74171.0000 25338.3945  65.8%   5.1   96s
 51674 39986 28159.7295   55   29 74171.0000 25338.3945  65.8%   5.1  100s
H51677 37988                    68075.000000 25338.3945  62.8%   5.1  104s
 51680 37990 26389.9979   47   29 68075.0000 25338.3945  62.8%   5.1  105s
 51689 37996 26997.6330   64   30 68075.0000 25338.3945  62.8%   5.1  110s
H51695 36100                    66857.000000 25338.3945  62.1%   5.1  115s
H51695 34294                    60786.000000 25338.3945  58.3%   5.1  115s
H51697 32580                    60718.000000 25338.3945  58.3%   5.1  118s
 51704 32585 25977.7002   30   31 60718.0000 25338.3945  58.3%   5.1  121s
 51711 32589 27473.9460   56   32 60718.0000 25338.3945  58.3%   5.1  125s
 51717 32593 27166.0000   50   33 60718.0000 25338.3945  58.3%   5.1  130s
 51723 32597 25932.7069   28   31 60718.0000 25338.3945  58.3%   5.1  135s
 51945 32778 25369.9381   31   21 60718.0000 25338.3945  58.3%   5.3  140s
 52013 32925 25434.4485   32   20 60718.0000 25338.3945  58.3%   5.3  145s
 52682 33344 25859.8985   36   10 60718.0000 25338.3945  58.3%   5.4  150s
 54070 34036 26526.3828   44    5 60718.0000 25338.3945  58.3%   5.4  155s
 54865 34352 26776.2055   51    2 60718.0000 25378.7383  58.2%   5.4  160s
 56220 35208 28891.2705   68    2 60718.0000 25378.7383  58.2%   5.3  165s
 58047 36235 25807.4151   44   14 60718.0000 25431.4906  58.1%   5.3  170s
 60022 37315 26186.6586   43   13 60718.0000 25453.6730  58.1%   5.3  176s
 61648 38159 25657.8690   39   20 60718.0000 25492.7403  58.0%   5.3  180s
 64050 39507 26362.7622   41    2 60718.0000 25492.7403  58.0%   5.3  186s
 66176 39872 25933.0341   36   14 60718.0000 25522.2647  58.0%   5.3  190s
 66930 40632 25688.3352   35   16 60718.0000 25580.1309  57.9%   5.3  196s
 68348 41649 25973.4898   34   14 60718.0000 25602.9387  57.8%   5.2  202s
 69546 42288 25810.9626   32   13 60718.0000 25625.1465  57.8%   5.2  205s
 71713 43151 25855.8174   36   16 60718.0000 25632.2099  57.8%   5.2  210s
 73780 44207 26009.6571   39   13 60718.0000 25646.3445  57.8%   5.2  216s
 74723 45076 38631.4525   74    1 60718.0000 25648.7767  57.8%   5.2  220s
 77761 46649 26404.9760   39   12 60718.0000 25651.7178  57.8%   5.2  226s
 80350 47109 27117.3645   59    4 60718.0000 25683.6174  57.7%   5.2  230s
 82367 48905 27265.5597   70    3 60718.0000 25695.0347  57.7%   5.2  236s
 85419 50869 25811.3488   39   19 60718.0000 25704.4883  57.7%   5.1  242s
 87282 50617 27067.9824   67    1 60718.0000 25714.5404  57.6%   5.1  247s
 87444 51640 27242.2489   67    1 60718.0000 25714.5404  57.6%   5.1  252s
 88856 51384 26554.9465   51    7 60718.0000 25720.8873  57.6%   5.1  256s
 88888 52275 26698.3808   52    8 60718.0000 25720.8873  57.6%   5.1  260s
 90505 52569 26150.5250   40    9 60718.0000 25720.8873  57.6%   5.1  265s
 93148 54228 26598.5447   63    1 60718.0000 25737.5039  57.6%   5.1  274s
 94501 55228 29562.4772   57   10 60718.0000 25739.4640  57.6%   5.1  278s
 96290 55937 26920.4075   61    9 60718.0000 25746.1876  57.6%   5.1  283s
 97758 57005 28226.9965   60    1 60718.0000 25753.7096  57.6%   5.1  288s
 99567 57914 26200.1328   39   14 60718.0000 25760.9405  57.6%   5.1  293s
 101341 58801 28109.7615   52    9 60718.0000 25760.9405  57.6%   5.1  298s
 103173 59619 26923.6638   57    2 60718.0000 25768.3489  57.6%   5.1  304s
 104820 60200 27148.5422   56    1 60718.0000 25776.1501  57.5%   5.1  309s
 106555 60280 26218.1029   41   13 60718.0000 25776.1501  57.5%   5.1  314s
 106857 61364 26232.9011   42   14 60718.0000 25777.7395  57.5%   5.1  320s
 108522 62580 26358.3132   41   15 60718.0000 25780.9367  57.5%   5.1  327s
 110478 63943 27814.8524   66    2 60718.0000 25786.6111  57.5%   5.1  333s
 112925 65029 26051.2320   44   17 60718.0000 25790.5085  57.5%   5.1  340s
 115245 66134 25992.9185   37   14 60718.0000 25799.5761  57.5%   5.1  347s
 117711 67650 26308.3695   37   10 60718.0000 25802.7850  57.5%   5.1  355s
 120379 68771 26622.8658   45   13 60718.0000 25809.7333  57.5%   5.1  363s
 123164 69548 27946.5351   77    2 60718.0000 25816.1331  57.5%   5.1  371s
 126374 71351 26415.7921   41   14 60718.0000 25820.5937  57.5%   5.0  381s
 129800 72972 27993.7971   58    6 60718.0000 25828.3268  57.5%   5.0  389s
 132555 72664 27970.2323   69    2 60718.0000 25833.3754  57.5%   5.0  390s
 133275 75038 26327.3419   42   16 60718.0000 25834.5461  57.5%   5.0  399s
 136899 76946 26548.6008   42   11 60718.0000 25840.2787  57.4%   5.0  408s
 140481 78627 26019.4603   35   18 60718.0000 25847.1995  57.4%   5.0  419s
 141580 78405 26433.3079   41   13 60718.0000 25847.1995  57.4%   5.0  420s
 143703 79587 26225.8041   39   14 60718.0000 25857.5693  57.4%   5.0  429s
 145965 81350 26744.9486   45    9 60718.0000 25860.5497  57.4%   5.0  438s
 149745 83297 26086.0167   34   17 60718.0000 25865.5193  57.4%   5.0  447s
 152972 85324 26476.9408   38   10 60718.0000 25872.7894  57.4%   5.0  456s
 156003 88100 27136.7492   50    3 60718.0000 25874.8055  57.4%   5.0  466s
 159610 90836 26350.0318   43   10 60718.0000 25878.3738  57.4%   5.0  477s
 162702 93523 44280.7156   77    1 60718.0000 25882.6730  57.4%   5.0  487s
 165914 96434 26289.3795   35   11 60718.0000 25887.8612  57.4%   5.0  497s
 169287 98931 27590.4192   63    3 60718.0000 25892.8758  57.4%   5.0  508s
 172172 101356 26540.5319   49   12 60718.0000 25894.5991  57.4%   5.0  521s
 174929 103958 26116.7875   33   18 60718.0000 25902.7150  57.3%   5.0  530s
 177844 106389 27751.0305   74    3 60718.0000 25907.0834  57.3%   5.0  540s
 180618 108838 26463.9590   50    9 60718.0000 25910.6642  57.3%   5.0  551s
 183592 111375 26245.6362   39   14 60718.0000 25915.6933  57.3%   5.0  562s
 186541 113567 26200.5508   44   17 60718.0000 25918.7389  57.3%   5.0  572s
 189019 115928 26508.5984   45   14 60718.0000 25923.3772  57.3%   5.0  584s
 191757 117083 27308.1955   67    4 60718.0000 25926.0111  57.3%   5.0  595s
 192982 117806 27420.9432   63    3 60718.0000 25926.0111  57.3%   5.0  600s

Cutting planes:
  MIR: 19
  StrongCG: 1
  Flow cover: 6

Explored 193719 nodes (960657 simplex iterations) in 601.44 seconds (265.65 work units)
Thread count was 32 (of 32 available processors)

Solution count 10: 60718 60786 66857 ... 147581

Time limit reached
Best objective 6.071800000000e+04, best bound 2.592601109561e+04, gap 57.3009%

User-callback calls 411486, time in user-callback 38.69 sec
