
Gurobi 13.0.2 (win64) logging started Wed Jul 15 20:48:31 2026

Set parameter LogFile to value "logs/kstar_nI20_nJ40_nK50_nL5_tI2_tJ2_s2_m0_exact_s0_20260715-204831.gurobi.log"
Set parameter Seed to value 0
Set parameter TimeLimit to value 599.9807742
Set parameter NodefileStart to value 4
Set parameter MIPGap to value 0
Set parameter MIPGapAbs to value 0.9999
Set parameter Cutoff to value 1e+100
Gurobi Optimizer version 13.0.2 build v13.0.2rc1 (win64 - Windows 11+.0 (26200.2))

CPU model: Intel(R) Core(TM) i9-14900HX, instruction set [SSE2|AVX|AVX2]
Thread count: 24 physical cores, 32 logical processors, using up to 32 threads

Non-default parameters:
TimeLimit  599.9807742
MIPGap  0
MIPGapAbs  0.9999
NodefileStart  4

Optimize a model with 750 rows, 14060 columns and 38300 nonzeros (Min)
Model fingerprint: 0x9b0a06b5
Model has 14060 linear objective coefficients
Variable types: 14000 continuous, 60 integer (60 binary)
Coefficient statistics:
  Matrix range     [1e+00, 7e+02]
  Objective range  [1e+00, 5e+02]
  Bounds range     [1e+00, 1e+00]
  RHS range        [5e+00, 2e+01]

Using branch priorities.
Found heuristic solution: objective 347482.00000
Presolve time: 0.02s
Presolved: 750 rows, 14060 columns, 38300 nonzeros
Variable types: 14000 continuous, 60 integer (60 binary)

Root relaxation: objective 2.188956e+04, 694 iterations, 0.01 seconds (0.01 work units)

    Nodes    |    Current Node    |     Objective Bounds      |     Work
 Expl Unexpl |  Obj  Depth IntInf | Incumbent    BestBd   Gap | It/Node Time

     0     0 21889.5608    0   59 347482.000 21889.5608  93.7%     -    0s
H    0     0                    36789.330152 21889.5608  40.5%     -    0s
H    0     0                    36477.330152 21889.5608  40.0%     -    0s
H    0     0                    36417.996819 21889.5608  39.9%     -    0s
H    0     0                    36127.122488 30155.4111  16.5%     -    0s
H    0     0                    36000.160691 30155.4111  16.2%     -    0s
     0     0 30155.4111    0   46 36000.1607 30155.4111  16.2%     -    0s
H    0     0                    35088.000000 30191.1647  14.0%     -    0s
H    0     0                    35025.000000 30191.1647  13.8%     -    0s
H    0     0                    34940.000000 30191.1647  13.6%     -    0s
H    0     0                    34930.000000 30191.1647  13.6%     -    0s
H    0     0                    34844.000000 30191.1647  13.4%     -    0s
     0     0 30191.1647    0   45 34844.0000 30191.1647  13.4%     -    0s
     0     0 30191.1647    0   45 34844.0000 30191.1647  13.4%     -    0s
     0     0 30191.1647    0   45 34844.0000 30191.1647  13.4%     -    0s
     0     0 32263.0061    0   51 34844.0000 32263.0061  7.41%     -    0s
     0     0 32605.4401    0   53 34844.0000 32605.4401  6.42%     -    0s
     0     0 32670.5522    0   53 34844.0000 32670.5522  6.24%     -    0s
     0     0 32702.8874    0   49 34844.0000 32702.8874  6.14%     -    0s
     0     0 32702.9920    0   53 34844.0000 32702.9920  6.14%     -    0s
     0     0 32966.7121    0   52 34844.0000 32966.7121  5.39%     -    0s
H    0     0                    33800.000000 32967.7226  2.46%     -    0s
     0     0 33029.9883    0   50 33800.0000 33029.9883  2.28%     -    0s
     0     0 33052.4724    0   46 33800.0000 33052.4724  2.21%     -    0s
     0     0 33055.5302    0   50 33800.0000 33055.5302  2.20%     -    0s
H    0     0                    33768.000000 33055.5302  2.11%     -    0s
     0     0 33094.1809    0   50 33768.0000 33094.1809  2.00%     -    0s
H    0     0                    33491.000000 33097.1556  1.18%     -    0s
     0     0 33105.6705    0   51 33491.0000 33105.6705  1.15%     -    0s
     0     0 33111.9744    0   49 33491.0000 33111.9744  1.13%     -    0s
     0     0 33116.5833    0   47 33491.0000 33116.5833  1.12%     -    0s
     0     0 33117.0000    0   47 33491.0000 33117.0000  1.12%     -    0s
     0     0 33117.0000    0   47 33491.0000 33117.0000  1.12%     -    0s
H    0     0                    33454.000000 33117.0000  1.01%     -    0s
     0     2 33117.0000    0   47 33454.0000 33117.0000  1.01%     -    0s
*   49    41               6    33242.000000 33214.1574  0.08%  46.7    0s

Cutting planes:
  Implied bound: 314
  MIR: 79
  Flow cover: 197
  Relax-and-lift: 17

Explored 105 nodes (5416 simplex iterations) in 0.73 seconds (0.66 work units)
Thread count was 32 (of 32 available processors)

Solution count 10: 33242 33454 33491 ... 36000.2

Optimal solution found (tolerance 0.00e+00)
Best objective 3.324200000000e+04, best bound 3.324200000000e+04, gap 0.0000%
