
Gurobi 13.0.2 (win64) logging started Wed Jul 15 20:56:54 2026

Set parameter LogFile to value "logs/kstar_nI40_nJ40_nK50_nL5_tI5_tJ5_s4_m0_exact_s0_20260715-205654.gurobi.log"
Set parameter Seed to value 0
Set parameter TimeLimit to value 599.9764043
Set parameter NodefileStart to value 4
Set parameter MIPGap to value 0
Set parameter MIPGapAbs to value 0.9999
Set parameter Cutoff to value 1e+100
Gurobi Optimizer version 13.0.2 build v13.0.2rc1 (win64 - Windows 11+.0 (26200.2))

CPU model: Intel(R) Core(TM) i9-14900HX, instruction set [SSE2|AVX|AVX2]
Thread count: 24 physical cores, 32 logical processors, using up to 32 threads

Non-default parameters:
TimeLimit  599.9764043
MIPGap  0
MIPGapAbs  0.9999
NodefileStart  4

Optimize a model with 850 rows, 18080 columns and 46400 nonzeros (Min)
Model fingerprint: 0xa1667ac3
Model has 18080 linear objective coefficients
Variable types: 18000 continuous, 80 integer (80 binary)
Coefficient statistics:
  Matrix range     [1e+00, 7e+02]
  Objective range  [1e+00, 5e+02]
  Bounds range     [1e+00, 1e+00]
  RHS range        [5e+00, 2e+01]

Using branch priorities.
Found heuristic solution: objective 380003.00000
Presolve time: 0.02s
Presolved: 850 rows, 18080 columns, 46400 nonzeros
Variable types: 18000 continuous, 80 integer (80 binary)

Root relaxation: objective 2.271221e+04, 826 iterations, 0.00 seconds (0.01 work units)

    Nodes    |    Current Node    |     Objective Bounds      |     Work
 Expl Unexpl |  Obj  Depth IntInf | Incumbent    BestBd   Gap | It/Node Time

     0     0 22712.2135    0   76 380003.000 22712.2135  94.0%     -    0s
H    0     0                    41760.230447 22712.2135  45.6%     -    0s
H    0     0                    40460.000000 22712.2135  43.9%     -    0s
H    0     0                    39519.000000 28376.6037  28.2%     -    0s
     0     0 28376.6037    0   67 39519.0000 28376.6037  28.2%     -    0s
H    0     0                    38883.000000 28385.1957  27.0%     -    0s
H    0     0                    37903.000000 28385.1957  25.1%     -    0s
H    0     0                    36782.000000 28385.1957  22.8%     -    0s
     0     0 28460.5382    0   67 36782.0000 28460.5382  22.6%     -    0s
     0     0 28471.2655    0   66 36782.0000 28471.2655  22.6%     -    0s
     0     0 28471.2974    0   66 36782.0000 28471.2974  22.6%     -    0s
H    0     0                    36512.000000 28471.2974  22.0%     -    0s
     0     0 30098.8608    0   75 36512.0000 30098.8608  17.6%     -    0s
H    0     0                    36445.000000 30100.9773  17.4%     -    0s
H    0     0                    36439.000000 30100.9773  17.4%     -    0s
H    0     0                    35997.000000 30421.4900  15.5%     -    0s
H    0     0                    35956.000000 30421.4900  15.4%     -    0s
     0     0 30421.4900    0   67 35956.0000 30421.4900  15.4%     -    0s
     0     0 30456.5368    0   69 35956.0000 30456.5368  15.3%     -    0s
     0     0 30460.0028    0   69 35956.0000 30460.0028  15.3%     -    0s
     0     0 31043.5854    0   74 35956.0000 31043.5854  13.7%     -    0s
H    0     0                    34772.000000 31051.9797  10.7%     -    0s
H    0     0                    34398.000000 31051.9797  9.73%     -    0s
H    0     0                    34141.000000 31051.9797  9.05%     -    0s
     0     0 31214.1635    0   74 34141.0000 31214.1635  8.57%     -    0s
     0     0 31313.9295    0   74 34141.0000 31313.9295  8.28%     -    0s
     0     0 31352.2926    0   73 34141.0000 31352.2926  8.17%     -    0s
     0     0 31363.9693    0   72 34141.0000 31363.9693  8.13%     -    0s
     0     0 31372.1023    0   73 34141.0000 31372.1023  8.11%     -    0s
     0     0 31373.6481    0   73 34141.0000 31373.6481  8.11%     -    0s
     0     0 31612.5355    0   75 34141.0000 31612.5355  7.41%     -    1s
     0     0 31674.1758    0   74 34141.0000 31674.1758  7.23%     -    1s
H    0     0                    34069.000000 31683.2740  7.00%     -    1s
     0     0 31683.2740    0   71 34069.0000 31683.2740  7.00%     -    1s
H    0     0                    34044.000000 31691.6789  6.91%     -    1s
     0     0 31691.6789    0   72 34044.0000 31691.6789  6.91%     -    1s
     0     0 31696.4429    0   72 34044.0000 31696.4429  6.90%     -    1s
     0     0 31820.4670    0   75 34044.0000 31820.4670  6.53%     -    1s
     0     0 31880.3561    0   72 34044.0000 31880.3561  6.36%     -    1s
     0     0 31909.4700    0   73 34044.0000 31909.4700  6.27%     -    1s
     0     0 31914.8381    0   74 34044.0000 31914.8381  6.25%     -    1s
     0     0 31967.6571    0   70 34044.0000 31967.6571  6.10%     -    1s
H    0     0                    33776.000000 31987.7851  5.29%     -    1s
     0     0 31987.7851    0   76 33776.0000 31987.7851  5.29%     -    1s
     0     0 31998.2611    0   75 33776.0000 31998.2611  5.26%     -    1s
H    0     0                    33760.000000 32004.5575  5.20%     -    1s
     0     0 32004.5575    0   75 33760.0000 32004.5575  5.20%     -    1s
H    0     0                    33517.000000 32027.0971  4.45%     -    1s
     0     0 32027.0971    0   71 33517.0000 32027.0971  4.45%     -    1s
     0     0 32027.9578    0   71 33517.0000 32027.9578  4.44%     -    1s
     0     0 32027.9578    0   71 33517.0000 32027.9578  4.44%     -    1s
     0     2 32027.9578    0   71 33517.0000 32027.9578  4.44%     -    1s
H  256   287                    33105.000000 32496.8546  1.84%   162    2s
*  644   560              22    33016.000000 32520.0548  1.50%   105    2s
*  715   567              33    32841.000000 32520.0548  0.98%   102    2s
H 1167   551                    32824.000000 32602.0742  0.68%  93.2    3s
* 1367   517              22    32807.000000 32667.6024  0.42%  92.6    3s

Cutting planes:
  Implied bound: 400
  MIR: 360
  Flow cover: 443
  Relax-and-lift: 15

Explored 1986 nodes (150481 simplex iterations) in 3.92 seconds (6.63 work units)
Thread count was 32 (of 32 available processors)

Solution count 10: 32807 32824 32841 ... 34069

Optimal solution found (tolerance 0.00e+00)
Best objective 3.280700000000e+04, best bound 3.280700000000e+04, gap 0.0000%
