
Gurobi 13.0.2 (win64) logging started Sat Jul 11 05:04:50 2026

Set parameter LogFile to value "logs/kstar_nI20_nJ20_nK100_nL5_tI6_tJ6_s5_m0_exact_s0_20260711-050450.gurobi.log"
Set parameter Seed to value 0
Set parameter TimeLimit to value 599.98443
Set parameter NodefileStart to value 4
Set parameter MIPGap to value 0
Set parameter MIPGapAbs to value 0.9999
Set parameter Cutoff to value 1e+100
Gurobi Optimizer version 13.0.2 build v13.0.2rc1 (win64 - Windows 11+.0 (26200.2))

CPU model: Intel(R) Core(TM) i9-14900HX, instruction set [SSE2|AVX|AVX2]
Thread count: 24 physical cores, 32 logical processors, using up to 32 threads

Non-default parameters:
TimeLimit  599.98443
MIPGap  0
MIPGapAbs  0.9999
NodefileStart  4

Optimize a model with 800 rows, 12040 columns and 34200 nonzeros (Min)
Model fingerprint: 0x280f928b
Model has 12040 linear objective coefficients
Variable types: 12000 continuous, 40 integer (40 binary)
Coefficient statistics:
  Matrix range     [1e+00, 1e+03]
  Objective range  [1e+00, 5e+02]
  Bounds range     [1e+00, 1e+00]
  RHS range        [5e+00, 2e+01]

Using branch priorities.
Found heuristic solution: objective 627221.00000
Presolve time: 0.02s
Presolved: 800 rows, 12040 columns, 34200 nonzeros
Variable types: 12000 continuous, 40 integer (40 binary)

Root relaxation: objective 6.653669e+04, 785 iterations, 0.00 seconds (0.01 work units)

    Nodes    |    Current Node    |     Objective Bounds      |     Work
 Expl Unexpl |  Obj  Depth IntInf | Incumbent    BestBd   Gap | It/Node Time

     0     0 66536.6897    0   31 627221.000 66536.6897  89.4%     -    0s
H    0     0                    73619.586125 66536.6897  9.62%     -    0s
H    0     0                    73607.211276 66536.6897  9.61%     -    0s
H    0     0                    73573.211276 66536.6897  9.56%     -    0s
H    0     0                    73547.838279 66536.6897  9.53%     -    0s
H    0     0                    73301.073692 70802.7682  3.41%     -    0s
     0     0 70802.7682    0   16 73301.0737 70802.7682  3.41%     -    0s
     0     0 70911.8132    0   16 73301.0737 70911.8132  3.26%     -    0s
H    0     0                    73280.782355 70911.8132  3.23%     -    0s
     0     0 72624.1072    0   14 73280.7824 72624.1072  0.90%     -    0s
     0     0 72741.5233    0   12 73280.7824 72741.5233  0.74%     -    0s
     0     0 72879.3561    0    8 73280.7824 72879.3561  0.55%     -    0s
     0     0 72918.9956    0    6 73280.7824 72918.9956  0.49%     -    0s
     0     0 72923.1132    0    7 73280.7824 72923.1132  0.49%     -    0s
H    0     0                    73197.388024 72923.1132  0.37%     -    0s
H    0     0                    73148.096481 72933.0837  0.29%     -    0s
     0     0 72933.0837    0    5 73148.0965 72933.0837  0.29%     -    0s
     0     0 72934.0000    0    1 73148.0965 72934.0000  0.29%     -    0s
H    0     0                    73059.510307 72934.0000  0.17%     -    0s
H    0     0                    73009.192653 72934.0000  0.10%     -    0s
H    0     0                    72951.519462 72934.0000  0.02%     -    0s
H    0     0                    72934.000000 72934.0000  0.00%     -    0s

Cutting planes:
  Lift-and-project: 1
  Implied bound: 393
  MIR: 67
  Flow cover: 70
  Relax-and-lift: 5

Explored 1 nodes (1378 simplex iterations) in 0.24 seconds (0.25 work units)
Thread count was 32 (of 32 available processors)

Solution count 3: 72934 73148.1 627221 

Optimal solution found (tolerance 0.00e+00)
Best objective 7.293400000000e+04, best bound 7.293400000000e+04, gap 0.0000%
