
Gurobi 13.0.2 (win64) logging started Thu Jul 16 20:23:49 2026

Set parameter LogFile to value "logs/kstar_nI40_nJ20_nK100_nL10_tI5_tJ5_s3_m1_exact_s0_20260716-202349.gurobi.log"
Set parameter Seed to value 0
Set parameter TimeLimit to value 599.9492767
Set parameter MIPGap to value 0
Set parameter MIPGapAbs to value 0.5
Set parameter Cutoff to value 1e+100
Gurobi Optimizer version 13.0.2 build v13.0.2rc1 (win64 - Windows 11+.0 (26200.2))

CPU model: Intel(R) Core(TM) i9-14900HX, instruction set [SSE2|AVX|AVX2]
Thread count: 24 physical cores, 32 logical processors, using up to 32 threads

Non-default parameters:
TimeLimit  599.9492767
MIPGap  0
MIPGapAbs  0.5
PreCrush  1
LazyConstraints  1

Optimize a model with 20 rows, 70 columns and 600 nonzeros (Min)
Model fingerprint: 0x7c9785e4
Model has 70 linear objective coefficients
Variable types: 10 continuous, 60 integer (60 binary)
Coefficient statistics:
  Matrix range     [2e+00, 1e+03]
  Objective range  [1e+00, 5e+02]
  Bounds range     [1e+00, 1e+04]
  RHS range        [1e+03, 1e+03]

Using branch priorities.
Presolve removed 18 rows and 0 columns
Presolve time: 0.00s
Presolved: 2 rows, 70 columns, 60 nonzeros
Variable types: 10 continuous, 60 integer (60 binary)

Root relaxation: objective 9.461020e+04, 4 iterations, 0.00 seconds (0.00 work units)

    Nodes    |    Current Node    |     Objective Bounds      |     Work
 Expl Unexpl |  Obj  Depth IntInf | Incumbent    BestBd   Gap | It/Node Time

     0     0 94610.1975    0    3          - 94610.1975      -     -    0s
H    0     0                    382554.00000 94610.1975  75.3%     -    0s
H    0     0                    354272.00000 94610.1975  73.3%     -    0s
H    0     0                    351306.00000 94610.1975  73.1%     -    0s
     0     0 94889.2445    0    9 351306.000 94889.2445  73.0%     -    0s
     0     0 94992.3099    0    9 351306.000 94992.3099  73.0%     -    0s
H    0     0                    342117.00000 95000.9921  72.2%     -    0s
H    0     0                    295366.00000 95000.9921  67.8%     -    0s
     0     0 95051.3563    0   10 295366.000 95051.3563  67.8%     -    0s
     0     0 95051.7608    0   10 295366.000 95051.7608  67.8%     -    0s
H    0     0                    275934.00000 95051.7608  65.6%     -    0s
     0     2 95065.1176    0   12 275934.000 95065.1176  65.5%     -    0s
H 3495  2936                    249305.00000 95286.8317  61.8%   3.0    4s
  3497  2937 95915.2897   26   20 249305.000 95286.8317  61.8%   3.0    5s
H 3497  2790                    219556.00000 95319.9418  56.6%   3.0    5s
H 3501  2653                    198383.00000 95343.2760  51.9%   3.0    6s
H 3506  2523                    193247.00000 95343.2760  50.7%   3.0    7s
H 3507  2524                    191595.00000 95343.2760  50.2%   3.0    7s
  3949  2850 96029.1506   18   14 191595.000 95433.3073  50.2%   4.3   10s
  5246  3632 97671.2718   32    3 191595.000 95441.4487  50.2%   4.6   15s
  7247  4683 103750.414   50    2 191595.000 95489.1016  50.2%   4.6   20s
  9787  5937 98029.7006   41    5 191595.000 95516.6161  50.1%   4.5   25s
 12409  7549 98555.3586   41    3 191595.000 95667.2590  50.1%   4.4   30s
 13593  8714 98737.6116   42    3 191595.000 95667.2590  50.1%   4.4   35s
 14166  9101 99738.0501   45    2 191595.000 95723.1650  50.0%   4.4   40s
 15069 10019 96113.5532   22   12 191595.000 95745.1310  50.0%   4.4   45s
 16346 11251 96149.3511   20   12 191595.000 95749.1751  50.0%   4.3   50s
 17417 11958 96645.2002   25    8 191595.000 95775.1550  50.0%   4.4   56s
 18525 13051 96371.0411   23   13 191595.000 95784.6199  50.0%   4.4   61s
 20163 14147 96894.6346   24   11 191595.000 95786.3897  50.0%   4.4   66s
 21011 14852 96346.1131   21   15 191595.000 95805.2885  50.0%   4.4   70s
 22142 15967 97218.0805   29    8 191595.000 95805.2885  50.0%   4.4   76s
 23188 16941 97333.9900   31    7 191595.000 95823.7444  50.0%   4.4   80s
 24655 18440 97472.8467   33    5 191595.000 95858.2074  50.0%   4.4   85s
 26752 20268 96763.6620   23   16 191595.000 95873.4471  50.0%   4.5   91s
 27888 21175 96646.7786   19   16 191595.000 95873.4471  50.0%   4.5   95s
 30403 23812 96180.1790   19   18 191595.000 95914.5197  49.9%   4.5  103s
 32142 25199 96985.3895   26    9 191595.000 95914.5197  49.9%   4.5  107s
 33774 26722 97601.8651   39    4 191595.000 95932.3326  49.9%   4.5  112s
 35607 27899 100772.281   49    4 191595.000 95938.0866  49.9%   4.5  117s
 36929 29275 96866.4869   25    9 191595.000 95948.2123  49.9%   4.5  122s
 38496 30911 96780.3779   23   12 191595.000 95948.2123  49.9%   4.6  127s
 40556 32434 98275.0865   43    2 191595.000 95973.8756  49.9%   4.5  132s
 42204 34028 99255.4832   45    2 191595.000 95988.4150  49.9%   4.6  137s
 44189 35759 98214.3147   46    2 191595.000 95988.4150  49.9%   4.6  143s
 46395 37122 101719.910   59    1 191595.000 96000.0243  49.9%   4.6  148s
 47962 38977 98089.9416   38    3 191595.000 96000.0243  49.9%   4.6  154s
 50076 40704 96671.7431   19   11 191595.000 96017.4156  49.9%   4.6  160s
 52278 41081 100145.000   49   10 191595.000 96032.7306  49.9%   4.6  185s
 52281 41083 116677.000   60   29 191595.000 96032.7306  49.9%   4.6  193s
 52282 41084 97525.4255   48   33 191595.000 96032.7306  49.9%   4.6  197s
 52284 41085 96895.7313   28   31 191595.000 96032.7306  49.9%   4.6  203s
 52285 41086 97383.1777   33   31 191595.000 96032.7306  49.9%   4.6  205s
 52287 41087 96435.2848   24   32 191595.000 96032.7306  49.9%   4.6  211s
 52289 41088 97124.6046   34   32 191595.000 96032.7306  49.9%   4.6  217s
H52289 39033                    190416.00000 96032.7306  49.6%   4.6  218s
H52290 39036                    189246.00000 96032.7306  49.3%   4.6  218s
 52297 39048 96032.7306   27   23 189246.000 96032.7306  49.3%   4.6  220s
 52353 39109 96341.7294   30   18 189246.000 96032.7306  49.3%   4.7  225s
 52566 39277 96973.4518   33   18 189246.000 96032.7306  49.3%   4.7  230s
 52858 39539 97311.3776   35   12 189246.000 96032.7306  49.3%   4.8  235s
 53352 39754 97271.4713   39   15 189246.000 96032.7306  49.3%   4.8  241s
 53682 39940 97747.0091   42    7 189246.000 96032.7306  49.3%   4.8  245s
 53936 40061 97788.1644   44    6 189246.000 96032.7306  49.3%   4.8  250s
 54386 40397 97925.6439   51    3 189246.000 96075.2999  49.2%   4.8  256s
 54997 40652 98197.6615   62    1 189246.000 96119.5807  49.2%   4.8  261s
 55587 41056 103886.288   73    1 189246.000 96133.0525  49.2%   4.9  266s
 56432 41588 96416.7586   32   19 189246.000 96139.6844  49.2%   4.9  272s
 56955 41563 97394.0675   44    7 189246.000 96150.2200  49.2%   4.9  275s
 57380 42012 97538.1890   46    7 189246.000 96150.2200  49.2%   4.9  281s
 57822 42292 104096.000   71    - 189246.000 96150.2200  49.2%   4.9  285s
 58863 42882 98156.6439   54    8 189246.000 96271.7276  49.1%   4.9  291s
 59416 43177 96570.1291   37   21 189246.000 96286.0296  49.1%   4.9  295s
 60092 43298 97354.9095   53   10 189246.000 96286.0296  49.1%   4.9  302s
 60528 43567 113787.000   74    - 189246.000 96301.0525  49.1%   4.9  306s
 60914 43996 96849.2119   38   15 189246.000 96301.0525  49.1%   4.9  310s
 62398 44726 101107.329   54    2 189246.000 96351.7857  49.1%   4.9  318s
 63102 44628 96848.9059   42   17 189246.000 96351.7857  49.1%   5.0  322s
 63134 44835 97099.5047   43   18 189246.000 96351.7857  49.1%   5.0  327s
 63498 45375 97317.5519   44   14 189246.000 96354.1261  49.1%   5.0  333s
 64262 45677 97549.9134   45   14 189246.000 96354.1261  49.1%   5.0  338s
 64971 46011 97655.8212   46   13 189246.000 96382.0780  49.1%   5.0  343s
 65523 45913 97676.0496   47   12 189246.000 96382.0780  49.1%   5.0  348s
 65558 46344 97750.4369   48   12 189246.000 96382.0780  49.1%   5.0  353s
 66155 46733 97801.5856   49   11 189246.000 96382.0780  49.1%   5.0  358s
 67016 47160 97801.6288   50   10 189246.000 96382.0780  49.1%   5.0  364s
 67819 47669 97873.4248   51   12 189246.000 96386.8843  49.1%   5.0  370s
 68779 48179 97984.5750   52   11 189246.000 96386.8843  49.1%   5.0  376s
 69751 48848 98091.7446   53    9 189246.000 96457.4867  49.0%   5.1  382s
 70952 49565 98300.2489   54   11 189246.000 96476.4838  49.0%   5.1  387s
 72269 50217 97850.3147   45    6 189246.000 96489.1986  49.0%   5.1  394s
 72711 50140 98165.6773   47   11 189246.000 96489.1986  49.0%   5.1  395s
 73571 50998 98949.6370   44    9 189246.000 96494.5962  49.0%   5.1  400s
 75016 51662 97613.9865   44   16 189246.000 96499.5214  49.0%   5.1  407s
 76402 52349 97349.0136   42   16 189246.000 96510.1745  49.0%   5.1  414s
 77699 52993 97273.5832   39   13 189246.000 96530.3615  49.0%   5.1  421s
 79000 53861 97471.4464   42   12 189246.000 96538.0398  49.0%   5.2  428s
 80669 54771 97682.4383   39   12 189246.000 96550.2470  49.0%   5.2  435s
 82339 55645 97528.5192   47    9 189246.000 96567.3333  49.0%   5.2  443s
 84068 56554 97433.5267   39    9 189246.000 96569.7251  49.0%   5.2  451s
 85832 57586 97551.8534   41   19 189246.000 96582.7632  49.0%   5.2  459s
 87110 57336 98141.9060   45   11 189246.000 96590.1703  49.0%   5.2  460s
 87713 58595 98506.0326   55    5 189246.000 96599.5681  49.0%   5.2  467s
 89655 59631 98157.8219   45   16 189246.000 96607.9494  49.0%   5.3  476s
 91697 60595 97399.6374   37   19 189246.000 96617.1881  48.9%   5.3  485s
 93509 61624 98446.7329   52    8 189246.000 96624.3579  48.9%   5.3  494s
 93778 61572 97984.7334   46   14 189246.000 96624.4352  48.9%   5.3  495s
 95505 62541 99238.9837   61    2 189246.000 96632.1137  48.9%   5.3  504s
 97309 63693 97252.4445   34   19 189246.000 96643.6327  48.9%   5.3  514s
 97798 63607 98914.6082   75    2 189246.000 96643.6327  48.9%   5.3  515s
 99473 64794 99323.0990   65    2 189246.000 96650.3019  48.9%   5.3  524s
 101589 66019 97113.3475   38   14 189246.000 96658.9527  48.9%   5.3  535s
 103814 66760 98955.5771   76    2 189246.000 96668.1311  48.9%   5.3  546s
 105930 67832 100240.807   75    1 189246.000 96668.6569  48.9%   5.3  557s
 108282 69006 97601.4956   41   13 189246.000 96684.0474  48.9%   5.3  569s
 110424 70132 98442.9606   44   12 189246.000 96684.4979  48.9%   5.3  581s
 112469 71079 97381.3669   40   17 189246.000 96684.4979  48.9%   5.4  593s
 114325 71274 98475.4067   43   13 189246.000 96703.7291  48.9%   5.4  600s

Cutting planes:
  MIR: 11
  StrongCG: 2
  Flow cover: 4

Explored 115059 nodes (623714 simplex iterations) in 601.35 seconds (199.13 work units)
Thread count was 32 (of 32 available processors)

Solution count 10: 189246 190416 191595 ... 351306

Time limit reached
Best objective 1.892460000000e+05, best bound 9.670372907352e+04, gap 48.9005%

User-callback calls 269329, time in user-callback 91.32 sec
