
Gurobi 13.0.2 (win64) logging started Sat Jul 11 00:57:34 2026

Set parameter LogFile to value "logs/kstar_nI20_nJ20_nK100_nL10_tI6_tJ6_s5_m0_exact_s0_20260711-005734.gurobi.log"
Set parameter Seed to value 0
Set parameter TimeLimit to value 599.9699187
Set parameter NodefileStart to value 4
Set parameter MIPGap to value 0
Set parameter MIPGapAbs to value 0.9999
Set parameter Cutoff to value 1e+100
Gurobi Optimizer version 13.0.2 build v13.0.2rc1 (win64 - Windows 11+.0 (26200.2))

CPU model: Intel(R) Core(TM) i9-14900HX, instruction set [SSE2|AVX|AVX2]
Thread count: 24 physical cores, 32 logical processors, using up to 32 threads

Non-default parameters:
TimeLimit  599.9699187
MIPGap  0
MIPGapAbs  0.9999
NodefileStart  4

Optimize a model with 1600 rows, 24040 columns and 68400 nonzeros (Min)
Model fingerprint: 0x8a2f3507
Model has 24040 linear objective coefficients
Variable types: 24000 continuous, 40 integer (40 binary)
Coefficient statistics:
  Matrix range     [1e+00, 1e+03]
  Objective range  [1e+00, 5e+02]
  Bounds range     [1e+00, 1e+00]
  RHS range        [5e+00, 2e+01]

Using branch priorities.
Found heuristic solution: objective 1243274.0000
Presolve time: 0.05s
Presolved: 1600 rows, 24040 columns, 68400 nonzeros
Variable types: 24000 continuous, 40 integer (40 binary)

Root relaxation: objective 1.279751e+05, 1496 iterations, 0.01 seconds (0.01 work units)

    Nodes    |    Current Node    |     Objective Bounds      |     Work
 Expl Unexpl |  Obj  Depth IntInf | Incumbent    BestBd   Gap | It/Node Time

     0     0 127975.149    0   36 1243274.00 127975.149  89.7%     -    0s
H    0     0                    134006.49859 127975.149  4.50%     -    0s
H    0     0                    133991.10234 127975.149  4.49%     -    0s
H    0     0                    133984.10234 127975.149  4.48%     -    0s
     0     0 133444.110    0    6 133984.102 133444.110  0.40%     -    0s
H    0     0                    133940.01552 133498.959  0.33%     -    0s
H    0     0                    133776.00000 133498.959  0.21%     -    0s
     0     0 133498.959    0    4 133776.000 133498.959  0.21%     -    0s
H    0     0                    133775.99556 133498.959  0.21%     -    0s
H    0     0                    133575.00000 133498.959  0.06%     -    0s

Cutting planes:
  Implied bound: 864
  MIR: 44
  Flow cover: 151
  Relax-and-lift: 6

Explored 1 nodes (1863 simplex iterations) in 0.24 seconds (0.26 work units)
Thread count was 32 (of 32 available processors)

Solution count 2: 133575 133776 

Optimal solution found (tolerance 0.00e+00)
Best objective 1.335750000000e+05, best bound 1.335750000000e+05, gap 0.0000%
