
Gurobi 13.0.2 (win64) logging started Fri Jul 17 00:55:11 2026

Set parameter LogFile to value "logs/kstar_nI40_nJ20_nK100_nL5_tI5_tJ5_s5_m1_exact_s0_20260717-005511.gurobi.log"
Set parameter Seed to value 0
Set parameter TimeLimit to value 599.9811964
Set parameter MIPGap to value 0
Set parameter MIPGapAbs to value 0.5
Set parameter Cutoff to value 1e+100
Gurobi Optimizer version 13.0.2 build v13.0.2rc1 (win64 - Windows 11+.0 (26200.2))

CPU model: Intel(R) Core(TM) i9-14900HX, instruction set [SSE2|AVX|AVX2]
Thread count: 24 physical cores, 32 logical processors, using up to 32 threads

Non-default parameters:
TimeLimit  599.9811964
MIPGap  0
MIPGapAbs  0.5
PreCrush  1
LazyConstraints  1

Optimize a model with 10 rows, 65 columns and 300 nonzeros (Min)
Model fingerprint: 0xe95462b1
Model has 65 linear objective coefficients
Variable types: 5 continuous, 60 integer (60 binary)
Coefficient statistics:
  Matrix range     [1e+01, 1e+03]
  Objective range  [1e+00, 5e+02]
  Bounds range     [1e+00, 1e+04]
  RHS range        [1e+03, 1e+03]

Using branch priorities.
Presolve removed 8 rows and 0 columns
Presolve time: 0.00s
Presolved: 2 rows, 65 columns, 60 nonzeros
Variable types: 5 continuous, 60 integer (60 binary)

Root relaxation: objective 5.252587e+04, 5 iterations, 0.00 seconds (0.00 work units)

    Nodes    |    Current Node    |     Objective Bounds      |     Work
 Expl Unexpl |  Obj  Depth IntInf | Incumbent    BestBd   Gap | It/Node Time

     0     0 52525.8708    0    3          - 52525.8708      -     -    0s
H    0     0                    191141.00000 52525.8708  72.5%     -    0s
H    0     0                    180693.00000 52525.8708  70.9%     -    0s
H    0     0                    178213.00000 52525.8708  70.5%     -    0s
H    0     0                    170383.00000 52525.8708  69.2%     -    0s
H    0     0                    170346.00000 52525.8708  69.2%     -    0s
H    0     0                    169630.00000 52525.8708  69.0%     -    0s
H    0     0                    166924.00000 52525.8708  68.5%     -    0s
     0     0 52814.7242    0    5 166924.000 52814.7242  68.4%     -    0s
     0     0 52897.4742    0    6 166924.000 52897.4742  68.3%     -    0s
H    0     0                    161123.00000 52900.8076  67.2%     -    0s
     0     0 52951.6026    0    8 161123.000 52951.6026  67.1%     -    0s
     0     0 52987.6843    0   11 161123.000 52987.6843  67.1%     -    0s
H    0     0                    160895.00000 52989.2468  67.1%     -    0s
H    0     0                    147572.00000 52989.2468  64.1%     -    0s
     0     0 53007.2311    0   11 147572.000 53007.2311  64.1%     -    0s
     0     0 53007.7030    0   11 147572.000 53007.7030  64.1%     -    0s
H    0     0                    135431.00000 53007.7030  60.9%     -    0s
     0     2 53145.3835    0   11 135431.000 53145.3835  60.8%     -    0s
H 3478  2948                    133651.00000 53291.8521  60.1%   3.3    2s
H 3478  2801                    122272.00000 53291.8521  56.4%   3.3    2s
H 3484  2664                    119583.00000 53305.1624  55.4%   3.3    2s
H 3484  2531                    117348.00000 53305.1624  54.6%   3.3    2s
H 3486  2405                    107132.00000 53305.1624  50.2%   3.3    3s
H 3495  2290                    106752.00000 53305.1624  50.1%   3.3    4s
H 3495  2176                    105117.00000 53305.1624  49.3%   3.3    4s
  3743  2374 54358.7153   21   10 105117.000 53534.7842  49.1%   4.1    5s
  8495  5085 54571.9300   30   10 105117.000 53658.7062  49.0%   4.2   10s
 15786 10756 66984.5538   59    5 105117.000 53887.9338  48.7%   4.0   15s
 20366 14750 54929.8317   29   10 105117.000 53938.9018  48.7%   4.0   20s
 22501 16261 56829.1745   49    1 105117.000 53940.3241  48.7%   4.0   25s
 25695 19032 55627.1901   33    6 105117.000 53984.7942  48.6%   4.0   30s
 30503 23769 55774.5316   28    7 105117.000 54038.4704  48.6%   4.0   35s
 34537 27149 55562.2388   38    1 105117.000 54093.8838  48.5%   4.0   41s
 38453 30552 54892.1974   26   10 105117.000 54104.5650  48.5%   4.0   46s
 41417 32721 54483.4314   23   13 105117.000 54139.8072  48.5%   4.0   51s
 45650 36615 56896.4749   46    2 105117.000 54153.7389  48.5%   4.0   56s
 48815 39218 55409.5264   26    8 105117.000 54184.6312  48.5%   4.0   60s
 51935 41987 55205.1121   28    9 105117.000 54193.0181  48.4%   4.0   65s
 55765 44912 55512.6901   24   12 105117.000 54218.5738  48.4%   4.0   70s
 57782 46431 55159.2727   39    1 105117.000 54218.9921  48.4%   4.0   75s
 60390 48810 55796.6759   41    1 105117.000 54237.0408  48.4%   3.9   80s
 62119 49104 55799.0000   56   11 105117.000 54248.8929  48.4%   3.9   86s
H62120 46649                    97782.000000 54248.8929  44.5%   3.9   87s
H62122 44318                    94258.000000 54248.8929  42.4%   3.9   90s
H62125 42104                    92804.000000 54248.8929  41.5%   3.9   93s
 62129 42107 54880.1790   22   28 92804.0000 54248.8929  41.5%   3.9   95s
H62130 40001                    92452.000000 54248.8929  41.3%   3.9   97s
 62133 40003 57991.4098   52   31 92452.0000 54248.8929  41.3%   3.9  100s
H62137 38005                    88906.000000 54248.8929  39.0%   3.9  104s
 62145 38019 54248.8929   30   25 88906.0000 54248.8929  39.0%   4.0  105s
 62378 38298 56775.1005   36   11 88906.0000 54248.8929  39.0%   4.1  110s
 63237 38812 61103.0112   44    7 88906.0000 54248.8929  39.0%   4.1  115s
 64473 39359 83506.7641   84    2 88906.0000 54307.7515  38.9%   4.2  120s
 66175 40597 81751.7179   79    1 88906.0000 54476.2938  38.7%   4.2  125s
 68031 41592 54971.8236   35   12 88906.0000 54514.6780  38.7%   4.2  130s
 70186 42772 55517.7420   38   13 88906.0000 54546.9920  38.6%   4.2  135s
 71980 43397 55348.8282   46    9 88906.0000 54589.1738  38.6%   4.2  140s
 73094 43899 55457.0013   42    7 88906.0000 54602.8714  38.6%   4.2  145s
 75194 45452 55484.2583   38   14 88906.0000 54756.1916  38.4%   4.2  150s
 76649 45856 55730.4031   40   10 88906.0000 54756.1916  38.4%   4.2  156s
 77999 46869 55772.9171   42    7 88906.0000 54806.8613  38.4%   4.2  160s
 80018 47839 56014.9415   44   11 88906.0000 54856.9742  38.3%   4.2  165s
 82312 49348 55835.0503   39   15 88906.0000 54916.3265  38.2%   4.3  170s
 85365 50816 56260.3184   53    5 88906.0000 54932.5215  38.2%   4.2  176s
 88191 52338 59697.3842   56    2 88906.0000 54957.8269  38.2%   4.3  182s
 89779 53218 56575.0515   53    5 88906.0000 54959.4328  38.2%   4.3  185s
 93466 54600 55744.6209   39   16 88906.0000 55005.7086  38.1%   4.3  191s
 96205 56123 59779.7557   63    1 88906.0000 55008.2256  38.1%   4.3  198s
 97988 57341 58446.9737   54    1 88906.0000 55040.1180  38.1%   4.3  201s
 100022 57957 57847.2200   43    9 88906.0000 55055.5700  38.1%   4.3  207s
 101399 58780 57899.1442   44    8 88906.0000 55057.7566  38.1%   4.3  210s
 105032 60590 58403.6234   45    6 88906.0000 55080.6263  38.0%   4.3  218s
 106958 61511 61340.8273   58    1 88906.0000 55092.7886  38.0%   4.3  223s
 108737 62709 58414.9718   55    2 88906.0000 55106.8452  38.0%   4.3  227s
 110957 63941 56071.9731   44    9 88906.0000 55119.7119  38.0%   4.3  232s
 113418 65399 55917.2157   41   10 88906.0000 55132.6873  38.0%   4.3  237s
 116138 66645 56024.3337   42   14 88906.0000 55149.6500  38.0%   4.3  242s
 118765 67768 57316.4334   39   12 88906.0000 55163.6251  38.0%   4.3  247s
 120889 69019 56218.1394   41   15 88906.0000 55180.3318  37.9%   4.3  252s
 123610 68762 55717.9789   38   14 88906.0000 55182.8297  37.9%   4.3  256s
 123800 69549 55858.7306   39   14 88906.0000 55189.5332  37.9%   4.3  260s
 125201 70180 55945.0242   40   16 88906.0000 55189.5332  37.9%   4.3  265s
 126411 71725 56853.6084   57    2 88906.0000 55201.2147  37.9%   4.3  270s
 128994 73311 58042.0000   80    - 88906.0000 55213.6238  37.9%   4.3  277s
 132033 74824 58547.6108   45    3 88906.0000 55227.5769  37.9%   4.3  284s
 135240 75867 56387.7374   42   13 88906.0000 55247.4079  37.9%   4.3  292s
 138161 77539 56219.3802   43   11 88906.0000 55267.6212  37.8%   4.2  299s
 141221 78869 56497.8717   46    9 88906.0000 55287.6727  37.8%   4.3  305s
 144381 80819 55897.3493   40   19 88906.0000 55287.6866  37.8%   4.3  312s
 147813 82079 57156.5049   45   11 88906.0000 55304.3032  37.8%   4.3  320s
 150769 83923 58591.0000   67    - 88906.0000 55318.1542  37.8%   4.3  328s
 154164 83786 56194.9101   39   16 88906.0000 55328.9477  37.8%   4.3  335s
 154955 85213 56226.1306   40   14 88906.0000 55332.1441  37.8%   4.3  342s
 157647 86508 56416.2804   41   11 88906.0000 55333.7187  37.8%   4.2  350s
 160070 87579 56477.1751   42   10 88906.0000 55348.3525  37.7%   4.3  357s
 162262 88794 56944.7681   43    8 88906.0000 55357.7850  37.7%   4.3  366s
 165120 90181 56978.2514   44    8 88906.0000 55371.9526  37.7%   4.3  374s
 168289 91536 57054.0594   45   10 88906.0000 55380.8780  37.7%   4.3  382s
 171549 93323 57095.6685   46    8 88906.0000 55390.4997  37.7%   4.2  390s
 174658 94695 57232.6529   47   10 88906.0000 55403.9155  37.7%   4.2  398s
 177449 96129 57278.3585   48    8 88906.0000 55410.8220  37.7%   4.2  410s
 179858 98583 57400.7449   49    8 88906.0000 55424.2960  37.7%   4.2  418s
 182786 100824 57541.0547   50    6 88906.0000 55438.4474  37.6%   4.2  426s
 185563 103065 61824.5745   66    1 88906.0000 55452.1054  37.6%   4.3  434s
 186313 103233 60304.2703   46   15 88906.0000 55453.0647  37.6%   4.3  435s
 188536 105314 58726.8371   44   10 88906.0000 55462.6405  37.6%   4.3  442s
 191152 107746 58973.1291   44   10 88906.0000 55467.1671  37.6%   4.3  451s
 194070 109829 60360.0000   72    - 88906.0000 55478.5717  37.6%   4.3  460s
 196536 111743 58129.3146   53    5 88906.0000 55482.3817  37.6%   4.3  468s
 198940 113676 59628.7394   44   18 88906.0000 55488.7171  37.6%   4.3  478s
 201460 115985 59439.8172   43    6 88906.0000 55503.6723  37.6%   4.3  487s
 204418 118313 58501.1984   45    9 88906.0000 55511.2975  37.6%   4.3  496s
 207065 120580 57953.7116   53    3 88906.0000 55520.7378  37.6%   4.3  506s
 209753 122529 64671.2585   78    1 88906.0000 55530.9685  37.5%   4.3  518s
 212031 124578 59525.2427   44   15 88906.0000 55535.1590  37.5%   4.3  527s
 214643 126803 57752.6686   48    4 88906.0000 55544.1799  37.5%   4.3  537s
 217525 128662 59518.6204   51    6 88906.0000 55552.1496  37.5%   4.3  546s
 219583 130589 59522.6178   59    3 88906.0000 55560.7069  37.5%   4.3  557s
 221876 132418 60561.4879   80    2 88906.0000 55569.5240  37.5%   4.3  566s
 224153 134399 58704.9186   46    9 88906.0000 55578.8111  37.5%   4.3  576s
 226599 136254 60124.2300   54    8 88906.0000 55584.2021  37.5%   4.3  587s
 228810 138057 57244.9539   42   13 88906.0000 55593.4785  37.5%   4.3  596s
 230950 138912 68165.1572   78    1 88906.0000 55596.7971  37.5%   4.3  600s

Cutting planes:
  Gomory: 3
  MIR: 9
  StrongCG: 1
  Flow cover: 1
  RLT: 2

Explored 231664 nodes (996727 simplex iterations) in 601.36 seconds (166.92 work units)
Thread count was 32 (of 32 available processors)

Solution count 10: 88906 92452 92804 ... 119583

Time limit reached
Best objective 8.890600000000e+04, best bound 5.559679711760e+04, gap 37.4656%

User-callback calls 484565, time in user-callback 57.24 sec
