
Gurobi 13.0.2 (win64) logging started Thu Jul 16 06:20:04 2026

Set parameter LogFile to value "logs/kstar_nI20_nJ40_nK100_nL5_tI3_tJ3_s4_m1_exact_s0_20260716-062004.gurobi.log"
Set parameter Seed to value 0
Set parameter TimeLimit to value 599.969049
Set parameter MIPGap to value 0
Set parameter MIPGapAbs to value 0.5
Set parameter Cutoff to value 1e+100
Gurobi Optimizer version 13.0.2 build v13.0.2rc1 (win64 - Windows 11+.0 (26200.2))

CPU model: Intel(R) Core(TM) i9-14900HX, instruction set [SSE2|AVX|AVX2]
Thread count: 24 physical cores, 32 logical processors, using up to 32 threads

Non-default parameters:
TimeLimit  599.969049
MIPGap  0
MIPGapAbs  0.5
PreCrush  1
LazyConstraints  1

Optimize a model with 10 rows, 65 columns and 300 nonzeros (Min)
Model fingerprint: 0x1a1b27ce
Model has 65 linear objective coefficients
Variable types: 5 continuous, 60 integer (60 binary)
Coefficient statistics:
  Matrix range     [4e+00, 1e+03]
  Objective range  [1e+00, 5e+02]
  Bounds range     [1e+00, 1e+04]
  RHS range        [1e+03, 1e+03]

Using branch priorities.
Presolve removed 1 rows and 0 columns
Presolve time: 0.00s
Presolved: 9 rows, 65 columns, 280 nonzeros
Variable types: 5 continuous, 60 integer (60 binary)

Root relaxation: objective 4.294311e+04, 7 iterations, 0.00 seconds (0.00 work units)

    Nodes    |    Current Node    |     Objective Bounds      |     Work
 Expl Unexpl |  Obj  Depth IntInf | Incumbent    BestBd   Gap | It/Node Time

     0     0 42943.1147    0    2          - 42943.1147      -     -    0s
H    0     0                    298881.00000 42943.1147  85.6%     -    0s
H    0     0                    285425.00000 42943.1147  85.0%     -    0s
H    0     0                    277069.00000 42943.1147  84.5%     -    0s
H    0     0                    265660.00000 42943.1147  83.8%     -    0s
H    0     0                    243045.00000 42943.1147  82.3%     -    0s
H    0     0                    237156.00000 42943.1147  81.9%     -    0s
     0     0 43040.7962    0    7 237156.000 43040.7962  81.9%     -    0s
     0     0 43072.5365    0    6 237156.000 43072.5365  81.8%     -    0s
     0     0 43121.1154    0    9 237156.000 43121.1154  81.8%     -    0s
     0     0 43122.3437    0    9 237156.000 43122.3437  81.8%     -    0s
H    0     0                    233959.00000 43122.3437  81.6%     -    0s
     0     2 43136.4328    0   10 233959.000 43136.4328  81.6%     -    0s
  3505  3079 43748.4336   36    9 233959.000 43275.2958  81.5%   2.8    5s
H 3506  2926                    154410.00000 43275.2958  72.0%   2.8    5s
  3851  3267 43536.9218   23    9 154410.000 43313.6636  71.9%   3.7   10s
  5168  4092 44334.2433   38    4 154410.000 43323.4880  71.9%   4.0   15s
  7673  5415 43840.0891   32    8 154410.000 43323.4880  71.9%   3.9   20s
 10641  7010 43975.4423   31    2 154410.000 43392.7555  71.9%   3.8   25s
 14139  9418 44437.9241   52    4 154410.000 43418.6021  71.9%   3.8   30s
 16660 11039 43716.7849   25   15 154410.000 43455.0315  71.9%   3.8   35s
 17200 11714 44306.8821   36    3 154410.000 43472.2863  71.8%   3.8   40s
 18752 13015 44496.2261   38    4 154410.000 43480.3719  71.8%   3.9   45s
 20499 14649 43935.3265   40   11 154410.000 43492.9377  71.8%   3.9   50s
 23347 16999 44706.6869   46    4 154410.000 43513.7639  71.8%   3.9   55s
 25608 18940 43835.6690   42   13 154410.000 43518.2316  71.8%   3.9   60s
 29091 21820 59719.0000   69    - 154410.000 43530.7080  71.8%   3.9   65s
 32679 25085 43979.0652   26   12 154410.000 43549.2901  71.8%   4.0   72s
 34836 26431 43697.6389   23   13 154410.000 43565.9864  71.8%   4.0   75s
 37215 29233 44330.9201   37    5 154410.000 43577.2347  71.8%   4.0   80s
 40149 31276 44448.3561   33    3 154410.000 43585.5459  71.8%   4.0   85s
 43113 33990 44315.2154   44    8 154410.000 43599.0865  71.8%   4.0   90s
 46157 36430 43837.5581   26   15 154410.000 43606.0067  71.8%   4.1   96s
 47650 37520 45273.9218   42    2 154410.000 43607.0599  71.8%   4.1  100s
 51526 40591 45541.7545   53    2 154410.000 43616.4729  71.8%   4.1  107s
 53407 41086 44226.1509   29    7 154410.000 43617.5600  71.8%   4.1  111s
 54319 42264 44054.9566   28    9 154410.000 43627.6086  71.7%   4.1  117s
 55118 42422 44329.5536   34    5 154410.000 43628.1864  71.7%   4.1  121s
 55150 42680 44298.9591   32    3 154410.000 43628.1864  71.7%   4.1  125s
 55999 43305 44546.1418   44    9 154410.000 43628.1864  71.7%   4.1  130s
 57734 45274 44620.7573   36    2 154410.000 43635.5486  71.7%   4.1  138s
 58924 45520 44285.1283   34    6 154410.000 43638.9786  71.7%   4.1  143s
 58956 46010 44325.7655   35    6 154410.000 43638.9786  71.7%   4.1  147s
 59708 47221 44331.0953   36    5 154410.000 43639.0857  71.7%   4.1  152s
 61242 48651 44596.2642   37    5 154410.000 43641.4554  71.7%   4.2  157s
 62943 50206 44600.8255   38    4 154410.000 43645.7240  71.7%   4.2  163s
 64723 51917 44605.0922   39    3 154410.000 43649.3818  71.7%   4.2  170s
 66918 52278 44490.6692   43    9 154410.000 43654.4541  71.7%   4.2  184s
H66919 49665                    141837.00000 43654.4541  69.2%   4.2  185s
 66923 49667 43957.1593   28   23 141837.000 43654.4541  69.2%   4.2  190s
 66931 49673 44837.0000   41   22 141837.000 43654.4541  69.2%   4.2  195s
 66935 49675 44414.8413   43   22 141837.000 43654.4541  69.2%   4.2  200s
 66939 49678 44704.1745   54   23 141837.000 43654.4541  69.2%   4.2  206s
 67003 49754 43654.4541   32   21 141837.000 43654.4541  69.2%   4.2  210s
 67197 49891 43705.1913   34   24 141837.000 43654.4541  69.2%   4.3  216s
 67373 50085 43691.8720   36   21 141837.000 43654.4541  69.2%   4.3  220s
 67815 50377 43738.5295   39   21 141837.000 43654.4541  69.2%   4.4  225s
 68241 50506 44702.4285   48    5 141837.000 43654.4541  69.2%   4.4  230s
 68542 50724 44064.0278   42   19 141837.000 43654.4541  69.2%   4.4  236s
 68879 51081 43842.6444   45   19 141837.000 43654.4541  69.2%   4.5  240s
 69927 51637 44176.5034   48   16 141837.000 43654.4541  69.2%   4.5  246s
 70810 52132 44369.2692   52   16 141837.000 43654.4541  69.2%   4.5  251s
 71756 52822 44433.8646   56   10 141837.000 43654.4541  69.2%   4.5  256s
 72922 53452 45070.3728   64    3 141837.000 43654.4541  69.2%   4.5  262s
 73599 53768 45189.2935   66    2 141837.000 43654.4541  69.2%   4.5  265s
 74826 54570 44211.8060   47   11 141837.000 43654.4541  69.2%   4.5  270s
 76349 55307 43922.8117   44   15 141837.000 43654.4541  69.2%   4.6  275s
 77944 56184 46438.8495   74    2 141837.000 43654.4541  69.2%   4.6  281s
 79698 56635 45534.8633   77    2 141837.000 43677.0135  69.2%   4.6  287s
 79853 56665 45663.2529   78    2 141837.000 43677.0135  69.2%   4.6  291s
 80674 57610 44169.1848   47   12 141837.000 43677.0135  69.2%   4.6  298s
 81512 58091 43890.4570   40   13 141837.000 43701.9047  69.2%   4.6  302s
 82401 58614 44906.0000   54    - 141837.000 43701.9047  69.2%   4.6  305s
 84731 59595 44245.7217   50    8 141837.000 43701.9047  69.2%   4.6  314s
 85016 59549 46151.0189   78    1 141837.000 43733.4996  69.2%   4.6  315s
 86673 59851 44485.6271   48   12 141837.000 43741.9276  69.2%   4.6  320s
 88421 60910 44333.0251   44   11 141837.000 43761.6839  69.1%   4.6  329s
 89121 61510 44427.9210   45   10 141837.000 43761.6839  69.1%   4.6  333s
 90285 61418 44442.6074   46    8 141837.000 43810.0036  69.1%   4.6  340s
 90452 62161 44445.9826   47    9 141837.000 43818.2586  69.1%   4.6  345s
 92513 62687 44585.9311   50   12 141837.000 43828.1449  69.1%   4.7  350s
 92828 63585 44269.8805   44   14 141837.000 43829.7580  69.1%   4.7  355s
 94090 64264 45781.0594   75    1 141837.000 43835.7542  69.1%   4.7  360s
 95471 65118 44760.9583   45    5 141837.000 43841.5915  69.1%   4.7  365s
 96956 65591 44340.0388   52   13 141837.000 43851.5593  69.1%   4.7  371s
 98013 66333 44912.4414   69    1 141837.000 43853.4265  69.1%   4.7  376s
 99303 67006 44998.4576   52    1 141837.000 43855.9983  69.1%   4.7  382s
 100919 67880 44074.2642   41   16 141837.000 43864.3199  69.1%   4.7  387s
 102563 68676 44322.8712   53   12 141837.000 43866.9673  69.1%   4.7  393s
 104087 69452 44195.5047   50   13 141837.000 43870.0383  69.1%   4.8  399s
 106084 69346 44108.1631   38   21 141837.000 43876.7998  69.1%   4.8  405s
 106192 69405 44149.7246   39   17 141837.000 43876.7998  69.1%   4.8  411s
 106342 70410 44173.0927   40   14 141837.000 43876.7998  69.1%   4.8  418s
 108094 71389 44185.0063   41   14 141837.000 43878.8494  69.1%   4.8  426s
 109764 72496 44241.4742   42   13 141837.000 43884.0720  69.1%   4.8  433s
 111670 73519 44436.9441   57   10 141837.000 43891.0503  69.1%   4.8  441s
 113781 74701 44755.4842   56    5 141837.000 43897.0638  69.1%   4.8  450s
 115873 75717 44364.0792   40   13 141837.000 43904.7904  69.0%   4.8  459s
 116063 75685 45010.0322   61    5 141837.000 43904.7904  69.0%   4.8  460s
 117818 77102 44471.9274   52   16 141837.000 43905.8655  69.0%   4.9  468s
 120256 78126 48194.0000   84    - 141837.000 43913.2374  69.0%   4.9  477s
 122317 79451 44246.3059   37   14 141837.000 43917.1823  69.0%   4.9  487s
 124840 80526 44674.9603   69    3 141837.000 43923.3477  69.0%   4.9  497s
 127974 82178 44230.7146   50   13 141837.000 43928.6775  69.0%   4.9  507s
 130605 81775 44206.5579   40    9 141837.000 43934.5057  69.0%   4.9  516s
 130805 82725 44368.9053   40   10 141837.000 43935.0611  69.0%   4.9  525s
 132556 82565 44428.4977   41    7 141837.000 43935.0972  69.0%   4.9  533s
 132588 83602 44457.5597   41    7 141837.000 43935.0972  69.0%   4.9  546s
 134134 84914 44500.1067   42    8 141837.000 43936.6913  69.0%   4.9  557s
 136450 85923 44684.0032   42    6 141837.000 43939.7823  69.0%   4.9  569s
 137871 85718 44434.0989   41   12 141837.000 43942.1820  69.0%   4.9  570s
 138836 87177 44557.3096   43    8 141837.000 43943.2224  69.0%   5.0  583s
 141625 89004 44536.7533   43    8 141837.000 43943.2224  69.0%   5.0  595s
 144462 88777 44595.8188   44    7 141837.000 43950.2508  69.0%   5.0  600s

Cutting planes:
  Gomory: 1
  MIR: 15
  Flow cover: 5

Explored 144976 nodes (720852 simplex iterations) in 601.51 seconds (238.19 work units)
Thread count was 32 (of 32 available processors)

Solution count 9: 141837 154410 233959 ... 298881

Time limit reached
Best objective 1.418370000000e+05, best bound 4.395058342265e+04, gap 69.0133%

User-callback calls 318829, time in user-callback 120.35 sec
