
Gurobi 13.0.2 (win64) logging started Wed Jul 15 20:52:38 2026

Set parameter LogFile to value "logs/kstar_nI40_nJ40_nK50_nL10_tI4_tJ4_s3_m0_exact_s0_20260715-205238.gurobi.log"
Set parameter Seed to value 0
Set parameter TimeLimit to value 599.9555574
Set parameter NodefileStart to value 4
Set parameter MIPGap to value 0
Set parameter MIPGapAbs to value 0.9999
Set parameter Cutoff to value 1e+100
Gurobi Optimizer version 13.0.2 build v13.0.2rc1 (win64 - Windows 11+.0 (26200.2))

CPU model: Intel(R) Core(TM) i9-14900HX, instruction set [SSE2|AVX|AVX2]
Thread count: 24 physical cores, 32 logical processors, using up to 32 threads

Non-default parameters:
TimeLimit  599.9555574
MIPGap  0
MIPGapAbs  0.9999
NodefileStart  4

Optimize a model with 1700 rows, 36080 columns and 92800 nonzeros (Min)
Model fingerprint: 0x2bd8da51
Model has 36080 linear objective coefficients
Variable types: 36000 continuous, 80 integer (80 binary)
Coefficient statistics:
  Matrix range     [1e+00, 7e+02]
  Objective range  [1e+00, 5e+02]
  Bounds range     [1e+00, 1e+00]
  RHS range        [5e+00, 2e+01]

Using branch priorities.
Found heuristic solution: objective 649384.00000
Presolve time: 0.06s
Presolved: 1700 rows, 36080 columns, 92800 nonzeros
Variable types: 36000 continuous, 80 integer (80 binary)

Root relaxation: objective 3.832412e+04, 1409 iterations, 0.00 seconds (0.02 work units)

    Nodes    |    Current Node    |     Objective Bounds      |     Work
 Expl Unexpl |  Obj  Depth IntInf | Incumbent    BestBd   Gap | It/Node Time

     0     0 38324.1186    0   79 649384.000 38324.1186  94.1%     -    0s
H    0     0                    59007.483130 38324.1186  35.1%     -    0s
H    0     0                    58919.810443 38324.1186  35.0%     -    0s
H    0     0                    58748.627799 38324.1186  34.8%     -    0s
H    0     0                    58633.986458 38324.1186  34.6%     -    0s
H    0     0                    58609.914141 46137.8039  21.3%     -    0s
H    0     0                    58308.428176 46137.8039  20.9%     -    0s
     0     0 46137.8039    0   52 58308.4282 46137.8039  20.9%     -    0s
H    0     0                    57231.000000 46169.8567  19.3%     -    0s
     0     0 46176.5552    0   51 57231.0000 46176.5552  19.3%     -    0s
     0     0 46177.0023    0   51 57231.0000 46177.0023  19.3%     -    0s
H    0     0                    57092.000000 50365.3900  11.8%     -    0s
     0     0 50365.3900    0   63 57092.0000 50365.3900  11.8%     -    0s
H    0     0                    56761.000000 50378.3871  11.2%     -    0s
H    0     0                    56347.000000 50924.7749  9.62%     -    0s
     0     0 50924.7749    0   63 56347.0000 50924.7749  9.62%     -    0s
     0     0 51008.6738    0   64 56347.0000 51008.6738  9.47%     -    0s
     0     0 51048.8334    0   64 56347.0000 51048.8334  9.40%     -    0s
     0     0 51054.3630    0   64 56347.0000 51054.3630  9.39%     -    0s
     0     0 52038.8371    0   72 56347.0000 52038.8371  7.65%     -    0s
H    0     0                    56316.000000 52040.2010  7.59%     -    0s
H    0     0                    55845.000000 52040.2010  6.81%     -    0s
H    0     0                    55829.000000 52040.2010  6.79%     -    0s
H    0     0                    55787.000000 52040.2010  6.72%     -    0s
H    0     0                    55604.000000 52040.2010  6.41%     -    0s
H    0     0                    55520.000000 52040.2010  6.27%     -    0s
H    0     0                    55509.500000 52040.2010  6.25%     -    0s
H    0     0                    55478.000000 52040.2010  6.20%     -    0s
     0     0 52406.5725    0   70 55478.0000 52406.5725  5.54%     -    1s
     0     0 52555.4152    0   72 55478.0000 52555.4152  5.27%     -    1s
     0     0 52593.3996    0   71 55478.0000 52593.3996  5.20%     -    1s
     0     0 52619.3132    0   72 55478.0000 52619.3132  5.15%     -    1s
     0     0 52627.3066    0   72 55478.0000 52627.3066  5.14%     -    1s
     0     0 52861.8423    0   72 55478.0000 52861.8423  4.72%     -    1s
H    0     0                    54952.000000 52864.3408  3.80%     -    1s
H    0     0                    54821.000000 52864.3408  3.57%     -    1s
H    0     0                    54789.000000 52864.3408  3.51%     -    1s
H    0     0                    54777.000000 52864.3408  3.49%     -    1s
H    0     0                    54745.000000 52864.3408  3.44%     -    1s
H    0     0                    54728.000000 52864.3408  3.41%     -    1s
H    0     0                    54704.000000 52864.3408  3.36%     -    1s
     0     0 52907.8744    0   71 54704.0000 52907.8744  3.28%     -    1s
     0     0 52932.4500    0   71 54704.0000 52932.4500  3.24%     -    1s
     0     0 52939.5293    0   71 54704.0000 52939.5293  3.23%     -    1s
     0     0 53006.1367    0   72 54704.0000 53006.1367  3.10%     -    1s
H    0     0                    54599.000000 53006.1981  2.92%     -    1s
H    0     0                    54581.000000 53006.1981  2.89%     -    1s
H    0     0                    54511.000000 53006.1981  2.76%     -    1s
H    0     0                    54495.000000 53006.1981  2.73%     -    2s
H    0     0                    54456.000000 53006.1981  2.66%     -    2s
     0     0 53017.7327    0   72 54456.0000 53017.7327  2.64%     -    2s
     0     0 53040.0429    0   69 54456.0000 53040.0429  2.60%     -    2s
H    0     0                    54403.000000 53040.0429  2.51%     -    2s
     0     0 53041.8302    0   69 54403.0000 53041.8302  2.50%     -    2s
     0     0 53041.8302    0   69 54403.0000 53041.8302  2.50%     -    2s
     0     0 53041.8302    0   69 54403.0000 53041.8302  2.50%     -    2s
     0     2 53041.8302    0   69 54403.0000 53041.8302  2.50%     -    2s
*  487   485              32    54392.000000 53302.4500  2.00%   109    3s
*  535   519              40    54373.000000 53302.4973  1.97%   106    3s
*  775   757              23    54271.000000 53302.4973  1.78%  90.3    4s
*  805   757              25    54216.000000 53302.4973  1.68%  88.3    4s
*  823   757              28    54171.000000 53302.4973  1.60%  87.2    4s
*  865   745              31    53986.000000 53390.5081  1.10%  85.9    4s
* 1202   877              24    53877.000000 53458.9000  0.78%  83.9    4s
  1257   849     cutoff   17      53877.0000 53471.1848  0.75%  83.2    5s
* 1967   808              21    53840.000000 53701.0821  0.26%  81.9    6s

Cutting planes:
  Implied bound: 523
  MIR: 347
  Flow cover: 757
  Relax-and-lift: 14

Explored 2851 nodes (183665 simplex iterations) in 6.94 seconds (7.72 work units)
Thread count was 32 (of 32 available processors)

Solution count 10: 53840 53877 53986 ... 54456

Optimal solution found (tolerance 0.00e+00)
Best objective 5.384000000000e+04, best bound 5.384000000000e+04, gap 0.0000%
