
Gurobi 13.0.2 (win64) logging started Fri Jul 17 01:55:29 2026

Set parameter LogFile to value "logs/kstar_nI40_nJ20_nK50_nL10_tI2_tJ2_s1_m1_exact_s0_20260717-015529.gurobi.log"
Set parameter Seed to value 0
Set parameter TimeLimit to value 599.9762421
Set parameter MIPGap to value 0
Set parameter MIPGapAbs to value 0.5
Set parameter Cutoff to value 1e+100
Gurobi Optimizer version 13.0.2 build v13.0.2rc1 (win64 - Windows 11+.0 (26200.2))

CPU model: Intel(R) Core(TM) i9-14900HX, instruction set [SSE2|AVX|AVX2]
Thread count: 24 physical cores, 32 logical processors, using up to 32 threads

Non-default parameters:
TimeLimit  599.9762421
MIPGap  0
MIPGapAbs  0.5
PreCrush  1
LazyConstraints  1

Optimize a model with 20 rows, 70 columns and 600 nonzeros (Min)
Model fingerprint: 0xeeb8194a
Model has 70 linear objective coefficients
Variable types: 10 continuous, 60 integer (60 binary)
Coefficient statistics:
  Matrix range     [1e+01, 7e+02]
  Objective range  [1e+00, 5e+02]
  Bounds range     [1e+00, 6e+03]
  RHS range        [6e+02, 7e+02]

Using branch priorities.
Presolve removed 16 rows and 0 columns
Presolve time: 0.00s
Presolved: 4 rows, 70 columns, 120 nonzeros
Variable types: 10 continuous, 60 integer (60 binary)

Root relaxation: objective 5.211600e+04, 8 iterations, 0.00 seconds (0.00 work units)

    Nodes    |    Current Node    |     Objective Bounds      |     Work
 Expl Unexpl |  Obj  Depth IntInf | Incumbent    BestBd   Gap | It/Node Time

     0     0 52116.0000    0    -          - 52116.0000      -     -    0s
     0     0 52148.4098    0    5          - 52148.4098      -     -    0s
H    0     0                    444769.00000 52148.4098  88.3%     -    0s
H    0     0                    408873.00000 52148.4098  87.2%     -    0s
H    0     0                    372692.00000 52148.4098  86.0%     -    0s
H    0     0                    370122.00000 52148.4098  85.9%     -    0s
H    0     0                    336856.00000 52148.4098  84.5%     -    0s
H    0     0                    319391.00000 52148.4098  83.7%     -    0s
H    0     0                    301862.00000 52148.4098  82.7%     -    0s
     0     0 52169.8068    0    9 301862.000 52169.8068  82.7%     -    0s
     0     0 52172.3163    0    9 301862.000 52172.3163  82.7%     -    0s
H    0     0                    290214.00000 52172.3163  82.0%     -    0s
H    0     0                    265312.00000 52172.3163  80.3%     -    0s
     0     2 52202.5961    0    9 265312.000 52202.5961  80.3%     -    0s
H 3548  3010                    235071.00000 52334.7889  77.7%   3.3    2s
H 3557  2865                    225597.00000 52376.4816  76.8%   3.3    2s
H 3567  2727                    196305.00000 52384.0290  73.3%   3.3    3s
H 3568  2730                    181576.00000 52384.0290  71.2%   3.3    3s
  3882  3053 52537.8605   22   15 181576.000 52429.6000  71.1%   4.7    5s
  6124  4343 53225.6681   39    4 181576.000 52481.6923  71.1%   5.7   10s
  9036  5722 53409.6338   35    7 181576.000 52527.8185  71.1%   5.5   15s
 11410  7011 53804.1632   39    5 181576.000 52565.4832  71.1%   5.4   20s
 14581  9607 53284.9312   35   10 181576.000 52565.6433  71.1%   5.4   25s
 16097 10778 53766.3625   27    4 181576.000 52602.4510  71.0%   5.5   30s
 16770 11316 73678.0000   65    - 181576.000 52602.4510  71.0%   5.5   35s
 17930 12233 53966.7522   45    3 181576.000 52607.5490  71.0%   5.5   40s
 18723 13060 53180.8339   31   13 181576.000 52607.5490  71.0%   5.5   45s
 20070 14367 53911.3431   43    2 181576.000 52607.5490  71.0%   5.6   50s
 22128 15872 52756.1862   30   19 181576.000 52637.7755  71.0%   5.5   56s
 23472 16930 53244.0531   32   13 181576.000 52642.9788  71.0%   5.5   60s
 25612 18434 52995.6071   25   18 181576.000 52661.5341  71.0%   5.4   65s
 28211 20789 52804.7875   27   16 181576.000 52663.2304  71.0%   5.4   71s
 30323 22718 53072.8233   27   17 181576.000 52666.8090  71.0%   5.5   77s
 31545 23608 53363.5611   26   11 181576.000 52673.4878  71.0%   5.5   80s
 34007 25731 55733.3357   59    6 181576.000 52690.3236  71.0%   5.5   87s
 35518 26052 56956.0000   48    9 181576.000 52692.1590  71.0%   5.5  103s
H35519 24750                    179777.00000 52692.1590  70.7%   5.5  104s
 35521 24751 53162.6824   31   27 179777.000 52692.1590  70.7%   5.5  105s
 35527 24755 53843.1186   41   30 179777.000 52692.1590  70.7%   5.5  110s
H35529 23518                    177233.00000 52692.1590  70.3%   5.5  112s
 35533 23521 55885.0000   54   33 177233.000 52692.1590  70.3%   5.5  115s
 35597 23597 52692.1590   32   27 177233.000 52692.1590  70.3%   5.6  121s
 35805 23762 52692.1590   36   24 177233.000 52692.1590  70.3%   5.8  126s
 36346 24174 52935.9099   39   19 177233.000 52692.1590  70.3%   5.9  130s
 37272 24594 52920.6991   43   19 177233.000 52692.1590  70.3%   6.0  136s
 37360 24728 53198.5536   44   14 177233.000 52692.1590  70.3%   6.1  141s
*37910 23742              86    159250.00000 52692.1590  66.9%   6.1  143s
 38239 24034 57455.4453   75    2 159250.000 52692.1590  66.9%   6.1  145s
 38978 24519 54601.0665   60    2 159250.000 52692.1590  66.9%   6.2  150s
 40209 25329 52772.8890   37   21 159250.000 52692.1590  66.9%   6.2  157s
 41467 25948 53747.4454   63    9 159250.000 52692.1590  66.9%   6.2  161s
 42789 26249 54491.6924   50   12 159250.000 52723.4073  66.9%   6.3  166s
 42883 26655 54608.1341   51   11 159250.000 52723.4073  66.9%   6.3  170s
 44191 27532 53399.3630   47   13 159250.000 52732.8224  66.9%   6.4  175s
 45570 28183 53766.6705   57    8 159250.000 52761.5357  66.9%   6.4  180s
 47358 29124 53848.7387   55   10 159250.000 52770.8003  66.9%   6.5  187s
 48385 29653 53101.8610   45   16 159250.000 52776.0736  66.9%   6.5  190s
 50594 30074 53202.9733   40   18 159250.000 52846.6474  66.8%   6.5  198s
 50626 30095 53454.1627   41   16 159250.000 52846.6474  66.8%   6.5  203s
 50658 30722 53462.0924   42   17 159250.000 52846.6474  66.8%   6.5  207s
 51562 31278 76073.8142   73    2 159250.000 52846.6474  66.8%   6.6  212s
 52584 31760 53152.1138   44   18 159250.000 52850.8024  66.8%   6.6  216s
 53756 32381 76686.0000   84    - 159250.000 52850.8024  66.8%   6.7  220s
 56183 33696 53434.9813   49   18 159250.000 52900.0744  66.8%   6.7  228s
 57529 34325 53125.3256   43   19 159250.000 52900.0744  66.8%   6.7  233s
 58912 34914 53313.1310   44   15 159250.000 52900.7118  66.8%   6.7  238s
 60244 35655 53396.7964   45   16 159250.000 52913.4489  66.8%   6.8  243s
 61529 36489 53548.4497   46   14 159250.000 52915.0463  66.8%   6.8  248s
 63020 37220 53680.9059   47   11 159250.000 52933.6686  66.8%   6.8  254s
 64407 38048 53720.0163   48   11 159250.000 52948.6321  66.8%   6.8  259s
 65880 38814 53324.7762   48   18 159250.000 52948.6460  66.8%   6.9  265s
 67336 39374 53144.1043   37   20 159250.000 52949.4426  66.8%   6.9  271s
 68508 39187 53293.5055   42   18 159250.000 52953.2069  66.7%   6.9  279s
 68569 40100 53375.0077   43   18 159250.000 52953.2069  66.7%   6.9  288s
 69810 40761 54165.0539   53    5 159250.000 52953.2069  66.7%   7.0  295s
 71043 41346 53328.8426   40   17 159250.000 52968.7469  66.7%   7.0  302s
 72245 41182 53881.7906   51    9 159250.000 52968.7469  66.7%   7.0  311s
 72339 42036 53962.8686   52    9 159250.000 52968.7469  66.7%   7.0  319s
 73507 42702 54005.0082   53    8 159250.000 52980.6937  66.7%   7.1  327s
 74691 43194 54155.3986   54    4 159250.000 52984.3958  66.7%   7.1  335s
 76526 44081 54198.7476   55    2 159250.000 52987.3097  66.7%   7.1  344s
 77727 43858 53721.2862   58   14 159250.000 52990.2178  66.7%   7.1  345s
 77872 45195 54272.7296   56    1 159250.000 52990.2178  66.7%   7.1  352s
 79839 46212 54666.4141   57    4 159250.000 52998.3322  66.7%   7.1  362s
 81818 46889 54729.4107   58    2 159250.000 53005.1624  66.7%   7.1  371s
 83387 48085 54729.8293   59    2 159250.000 53007.3425  66.7%   7.2  381s
 85444 49087 54751.9327   60    2 159250.000 53008.9118  66.7%   7.2  392s
 87715 50058 54752.7001   61    3 159250.000 53015.5931  66.7%   7.2  405s
 89960 51115 54753.2697   62    3 159250.000 53018.5110  66.7%   7.2  416s
 92277 51002 54194.5798   55   11 159250.000 53029.5868  66.7%   7.2  427s
 92533 52487 53846.8955   50   12 159250.000 53029.5868  66.7%   7.2  439s
 92845 52431 54028.1378   57    9 159250.000 53031.2889  66.7%   7.2  440s
 94663 53639 53224.8709   37   22 159250.000 53036.9733  66.7%   7.2  452s
 96964 54991 54204.7671   47   14 159250.000 53043.1592  66.7%   7.3  466s
 99472 55999 53515.0865   44   22 159250.000 53051.3180  66.7%   7.3  480s
 101412 57267 53411.0329   45   17 159250.000 53059.0939  66.7%   7.3  494s
 102314 57080 54955.8503   69    5 159250.000 53059.0939  66.7%   7.3  495s
 103787 59182 54551.8521   67    7 159250.000 53059.2780  66.7%   7.3  511s
 106642 61216 53688.5447   43   13 159250.000 53067.2655  66.7%   7.4  529s
 108692 61565 53843.4197   48   17 159250.000 53068.1467  66.7%   7.4  530s
 109006 63544 53788.1281   53   13 159250.000 53073.1761  66.7%   7.4  548s
 112207 64436 54859.2333   77    1 159250.000 53077.3897  66.7%   7.4  563s
 112609 65993 54903.4846   78    1 159250.000 53077.3897  66.7%   7.4  583s
 115045 67826 55490.1556   78    3 159250.000 53078.2884  66.7%   7.4  600s

Cutting planes:
  MIR: 17
  Flow cover: 8

Explored 117251 nodes (868322 simplex iterations) in 602.18 seconds (308.17 work units)
Thread count was 32 (of 32 available processors)

Solution count 10: 159250 177233 179777 ... 336856

Time limit reached
Best objective 1.592500000000e+05, best bound 5.307980264621e+04, gap 66.6689%

User-callback calls 258106, time in user-callback 49.80 sec
