
Gurobi 13.0.2 (win64) logging started Fri Jul 17 15:59:42 2026

Set parameter LogFile to value "logs/kstar_nI40_nJ40_nK100_nL5_tI3_tJ3_s5_m1_exact_s0_20260717-155942.gurobi.log"
Set parameter Seed to value 0
Set parameter TimeLimit to value 599.9617741
Set parameter MIPGap to value 0
Set parameter MIPGapAbs to value 0.5
Set parameter Cutoff to value 1e+100
Gurobi Optimizer version 13.0.2 build v13.0.2rc1 (win64 - Windows 11+.0 (26200.2))

CPU model: Intel(R) Core(TM) i9-14900HX, instruction set [SSE2|AVX|AVX2]
Thread count: 24 physical cores, 32 logical processors, using up to 32 threads

Non-default parameters:
TimeLimit  599.9617741
MIPGap  0
MIPGapAbs  0.5
PreCrush  1
LazyConstraints  1

Optimize a model with 10 rows, 85 columns and 400 nonzeros (Min)
Model fingerprint: 0x425a8905
Model has 85 linear objective coefficients
Variable types: 5 continuous, 80 integer (80 binary)
Coefficient statistics:
  Matrix range     [1e+01, 1e+03]
  Objective range  [1e+00, 5e+02]
  Bounds range     [1e+00, 8e+03]
  RHS range        [1e+03, 1e+03]

Using branch priorities.
Presolve time: 0.00s
Presolved: 10 rows, 85 columns, 400 nonzeros
Variable types: 5 continuous, 80 integer (80 binary)

Root relaxation: objective 3.316142e+04, 9 iterations, 0.00 seconds (0.00 work units)

    Nodes    |    Current Node    |     Objective Bounds      |     Work
 Expl Unexpl |  Obj  Depth IntInf | Incumbent    BestBd   Gap | It/Node Time

     0     0 33161.4161    0    2          - 33161.4161      -     -    0s
H    0     0                    287188.00000 33161.4161  88.5%     -    0s
H    0     0                    270401.00000 33161.4161  87.7%     -    0s
H    0     0                    268828.00000 33161.4161  87.7%     -    0s
H    0     0                    242268.00000 33161.4161  86.3%     -    0s
H    0     0                    219210.00000 33161.4161  84.9%     -    0s
H    0     0                    214052.00000 33161.4161  84.5%     -    0s
H    0     0                    204110.00000 33161.4161  83.8%     -    0s
     0     0 33279.8351    0    5 204110.000 33279.8351  83.7%     -    0s
     0     0 33332.7172    0    8 204110.000 33332.7172  83.7%     -    0s
H    0     0                    170177.00000 33341.2519  80.4%     -    0s
     0     0 33364.8776    0   12 170177.000 33364.8776  80.4%     -    0s
     0     0 33365.7640    0   12 170177.000 33365.7640  80.4%     -    0s
H    0     0                    146605.00000 33365.7640  77.2%     -    0s
     0     2 33382.7119    0   14 146605.000 33382.7119  77.2%     -    0s
  3224  3037 33584.4308   10   19 146605.000 33486.0966  77.2%   2.5    5s
H 3230  2888                    139747.00000 33509.6721  76.0%   2.5    6s
H 3238  2749                    137859.00000 33509.6721  75.7%   2.5    6s
H 3239  2751                    132802.00000 33509.6721  74.8%   2.6    6s
  3589  3046 33781.9033   23   11 132802.000 33553.6270  74.7%   3.9   10s
  4707  3748 35104.5824   44    1 132802.000 33553.6270  74.7%   4.3   15s
  6219  4591 34137.9017   30    5 132802.000 33553.6270  74.7%   4.1   20s
  8643  5910 34189.6547   30    3 132802.000 33561.5203  74.7%   3.9   25s
 11884  8041 34007.8464   34    7 132802.000 33624.4196  74.7%   3.8   30s
 15523 10753 34961.2223   80    2 132802.000 33655.7661  74.7%   3.6   35s
 17309 12296 34002.5574   34    7 132802.000 33655.7661  74.7%   3.6   40s
 20445 15101 34133.0787   35    4 132802.000 33681.4544  74.6%   3.6   45s
 21741 15923 34180.5185   38    4 132802.000 33696.1546  74.6%   3.6   50s
 24514 18514 35105.0000   35    - 132802.000 33718.8367  74.6%   3.6   56s
 25694 19197 36581.3087   62    1 132802.000 33718.8367  74.6%   3.6   60s
 28531 21618 33846.6080   24   17 132802.000 33721.6234  74.6%   3.5   65s
 30496 23301 34488.0000   44    - 132802.000 33721.6234  74.6%   3.5   71s
 32781 25398 36282.3151   70    1 132802.000 33736.1431  74.6%   3.5   76s
 35829 28498 33979.4934   31   15 132802.000 33744.6260  74.6%   3.5   82s
 37682 29930 33795.5812   32   13 132802.000 33744.6260  74.6%   3.5   85s
 41200 32739 40923.0000   82    - 132802.000 33756.0711  74.6%   3.5   91s
 44136 34930 35699.2357   70    1 132802.000 33759.4778  74.6%   3.5   97s
 46009 35466 33801.4659   29   12 132802.000 33766.2078  74.6%   3.5  108s
 46011 35467 35731.0000   79   22 132802.000 33766.2078  74.6%   3.5  115s
 46015 35470 36190.0000   89   24 132802.000 33766.2078  74.6%   3.5  121s
 46021 35474 34455.5772   48   28 132802.000 33766.2078  74.6%   3.5  125s
H46025 33702                    128641.00000 33766.2078  73.8%   3.5  129s
H46026 33702                    121816.00000 33766.2078  72.3%   3.5  129s
 46029 33704 33928.2317   29   27 121816.000 33766.2078  72.3%   3.5  131s
 46033 33707 34833.0000   72   27 121816.000 33766.2078  72.3%   3.5  135s
 46037 33710 34231.2185   34   28 121816.000 33766.2078  72.3%   3.5  141s
 46041 33712 33860.0893   23   26 121816.000 33766.2078  72.3%   3.5  145s
 46137 33919 33766.2078   34   21 121816.000 33766.2078  72.3%   3.6  150s
 46311 33925 33917.1036   36   14 121816.000 33766.2078  72.3%   3.7  155s
 46686 34255 33810.7985   40   17 121816.000 33766.2078  72.3%   3.8  160s
 47074 34484 33923.1177   44   18 121816.000 33766.2078  72.3%   3.9  165s
 47626 34824 34161.6623   47   14 121816.000 33766.2078  72.3%   3.9  171s
 48232 35091 33777.2689   39   20 121816.000 33766.2078  72.3%   3.9  175s
 49351 35948 34636.3008   68    1 121816.000 33766.2078  72.3%   4.0  180s
 50500 36413 38424.2539  102    1 121816.000 33766.2078  72.3%   4.0  185s
 51672 37477 50631.0000  104    - 121816.000 33766.2078  72.3%   4.0  190s
 53306 38538 34846.6960   64    5 121816.000 33766.2078  72.3%   4.0  196s
 55285 39263 33907.3280   38   20 121816.000 33766.2078  72.3%   4.0  202s
 55970 39934 33975.4722   44   16 121816.000 33766.2078  72.3%   4.0  205s
 58306 41171 33888.5915   44   17 121816.000 33766.2078  72.3%   4.0  212s
 59510 41623 36107.3177  101    1 121816.000 33766.2078  72.3%   4.1  215s
 60281 41532 34477.8244   53    7 121816.000 33766.2078  72.3%   4.1  221s
 60395 42245 34313.1093   53    7 121816.000 33766.2078  72.3%   4.1  225s
 61872 42338 43169.0000  106    - 121816.000 33797.3557  72.3%   4.1  234s
 62040 43275 35039.3771   53    2 121816.000 33797.3557  72.3%   4.1  238s
 63251 43930 33841.3424   43   20 121816.000 33805.0310  72.2%   4.1  242s
 64536 44939 34505.7946   67    6 121816.000 33807.1447  72.2%   4.1  246s
 66190 45548 33940.7748   39   19 121816.000 33811.4648  72.2%   4.1  250s
 67491 46007 35055.9652   96    2 121816.000 33826.2069  72.2%   4.2  255s
 69478 46672 34079.9462   42   12 121816.000 33840.1101  72.2%   4.2  260s
 71683 48364 34439.7380   45    5 121816.000 33841.6153  72.2%   4.2  268s
 73109 48150 34321.6566   48   10 121816.000 33855.1143  72.2%   4.2  270s
 75090 49786 37961.3982   89    2 121816.000 33855.1143  72.2%   4.2  278s
 76561 50483 35185.0405   60    1 121816.000 33855.3116  72.2%   4.2  282s
 78325 50451 37431.3911   98    1 121816.000 33855.4600  72.2%   4.2  287s
 78618 51676 37553.3585   99    1 121816.000 33856.7042  72.2%   4.2  292s
 80637 52826 34875.3592   70    6 121816.000 33857.2178  72.2%   4.2  298s
 82547 53783 35163.6048   65    1 121816.000 33871.8380  72.2%   4.2  303s
 84239 53435 34175.7056   37   13 121816.000 33876.1428  72.2%   4.2  305s
 84631 53610 34601.4392   60    7 121816.000 33876.1428  72.2%   4.2  310s
 84683 55135 35222.1818   75    2 121816.000 33876.1428  72.2%   4.2  315s
 86707 56261 34369.7386   57   12 121816.000 33876.8395  72.2%   4.2  320s
 88725 57517 34010.0588   50   15 121816.000 33876.8395  72.2%   4.2  326s
 91187 57137 33953.3472   40   19 121816.000 33888.9134  72.2%   4.2  333s
 91250 58051 33961.3407   41   17 121816.000 33888.9134  72.2%   4.2  339s
 91490 58013 34092.1951   40   12 121816.000 33888.9134  72.2%   4.2  340s
 92653 58901 35432.4319   87    2 121816.000 33888.9134  72.2%   4.2  346s
 94860 59858 34394.5198   44    7 121816.000 33888.9134  72.2%   4.2  354s
 97039 60617 35324.3671   62    1 121816.000 33900.2504  72.2%   4.2  360s
 99266 61735 34105.7670   45   17 121816.000 33900.4150  72.2%   4.2  367s
 101681 63446 36982.2097   90    1 121816.000 33903.0614  72.2%   4.2  375s
 104223 65314 34739.6107   73    6 121816.000 33905.3938  72.2%   4.2  383s
 107555 67205 34566.2620   55    9 121816.000 33913.9981  72.2%   4.2  392s
 110823 68639 34599.0667   64    6 121816.000 33919.6859  72.2%   4.2  401s
 113710 68273 39970.0000   99    - 121816.000 33924.1863  72.2%   4.2  409s
 113949 68228 36362.2012   97    1 121816.000 33924.1863  72.2%   4.2  410s
 114046 69759 34069.1169   54   16 121816.000 33924.2385  72.2%   4.2  420s
 116304 71553 42560.0000   90    - 121816.000 33925.3614  72.2%   4.2  430s
 119261 73445 34397.0992   51   12 121816.000 33929.6196  72.1%   4.3  441s
 122665 73226 34252.9055   45   13 121816.000 33934.3805  72.1%   4.3  450s
 123330 75165 34254.2759   46   14 121816.000 33934.3805  72.1%   4.3  461s
 126163 77310 33982.1490   47   19 121816.000 33938.3322  72.1%   4.3  473s
 129407 76598 34102.1062   45   17 121816.000 33941.4690  72.1%   4.3  475s
 129655 77886 35760.1236   85    1 121816.000 33941.4690  72.1%   4.3  484s
 131124 77779 34433.8068   56    9 121816.000 33944.0199  72.1%   4.3  485s
 132354 79255 35581.8111   80    1 121816.000 33944.5654  72.1%   4.3  496s
 136354 81270 34908.7324   60    3 121816.000 33949.1324  72.1%   4.2  507s
 139108 82159 34381.3829   51   11 121816.000 33952.4249  72.1%   4.3  520s
 142154 84526 35861.6414  104    2 121816.000 33953.7644  72.1%   4.2  531s
 145616 86545 34588.0406   47    6 121816.000 33955.8588  72.1%   4.3  542s
 149259 88467 34025.0715   46   21 121816.000 33956.0668  72.1%   4.3  555s
 151977 89637 34609.7548   54    9 121816.000 33961.9604  72.1%   4.3  566s
 153160 92250 35486.8683   83    2 121816.000 33961.9604  72.1%   4.3  578s
 155731 92568 35877.8554   87    3 121816.000 33962.0812  72.1%   4.3  580s
 156434 95247 34270.6046   49   16 121816.000 33963.7903  72.1%   4.3  590s
 159875 95793 34681.5651   59    9 121816.000 33967.5261  72.1%   4.3  600s

Cutting planes:
  Gomory: 2
  Cover: 3
  MIR: 9
  StrongCG: 1
  Flow cover: 1

Explored 160033 nodes (685378 simplex iterations) in 601.95 seconds (205.45 work units)
Thread count was 32 (of 32 available processors)

Solution count 10: 121816 128641 132802 ... 268828

Time limit reached
Best objective 1.218160000000e+05, best bound 3.396752605155e+04, gap 72.1157%

User-callback calls 357739, time in user-callback 139.09 sec
