
Gurobi 13.0.2 (win64) logging started Sat Jul 18 00:46:05 2026

Set parameter LogFile to value "logs/kstar_nI40_nJ40_nK50_nL5_tI4_tJ4_s2_m1_exact_s0_20260718-004605.gurobi.log"
Set parameter Seed to value 0
Set parameter TimeLimit to value 599.9778547
Set parameter MIPGap to value 0
Set parameter MIPGapAbs to value 0.5
Set parameter Cutoff to value 1e+100
Gurobi Optimizer version 13.0.2 build v13.0.2rc1 (win64 - Windows 11+.0 (26200.2))

CPU model: Intel(R) Core(TM) i9-14900HX, instruction set [SSE2|AVX|AVX2]
Thread count: 24 physical cores, 32 logical processors, using up to 32 threads

Non-default parameters:
TimeLimit  599.9778547
MIPGap  0
MIPGapAbs  0.5
PreCrush  1
LazyConstraints  1

Optimize a model with 10 rows, 85 columns and 400 nonzeros (Min)
Model fingerprint: 0xecbc2606
Model has 85 linear objective coefficients
Variable types: 5 continuous, 80 integer (80 binary)
Coefficient statistics:
  Matrix range     [1e+00, 7e+02]
  Objective range  [1e+00, 5e+02]
  Bounds range     [1e+00, 4e+03]
  RHS range        [6e+02, 7e+02]

Using branch priorities.
Presolve removed 6 rows and 0 columns
Presolve time: 0.00s
Presolved: 4 rows, 85 columns, 160 nonzeros
Variable types: 5 continuous, 80 integer (80 binary)

Root relaxation: objective 1.744438e+04, 4 iterations, 0.00 seconds (0.00 work units)

    Nodes    |    Current Node    |     Objective Bounds      |     Work
 Expl Unexpl |  Obj  Depth IntInf | Incumbent    BestBd   Gap | It/Node Time

     0     0 17444.3825    0    2          - 17444.3825      -     -    0s
H    0     0                    114193.00000 17444.3825  84.7%     -    0s
H    0     0                    107387.00000 17444.3825  83.8%     -    0s
H    0     0                    101543.00000 17444.3825  82.8%     -    0s
H    0     0                    85778.000000 17444.3825  79.7%     -    0s
     0     0 17637.6289    0    7 85778.0000 17637.6289  79.4%     -    0s
     0     0 17650.8259    0    8 85778.0000 17650.8259  79.4%     -    0s
     0     0 17679.4558    0    8 85778.0000 17679.4558  79.4%     -    0s
     0     0 17679.9097    0    8 85778.0000 17679.9097  79.4%     -    0s
     0     2 17685.0192    0   13 85778.0000 17685.0192  79.4%     -    0s
H 3710  3204                    65146.000000 17797.4998  72.7%   2.8    2s
H 3712  3045                    62429.000000 17797.4998  71.5%   2.8    3s
  3732  3063 17852.8317   12   20 62429.0000 17828.3526  71.4%   2.9    5s
  6425  4900 18517.0371   27   12 62429.0000 17969.7868  71.2%   4.1   10s
 13559  9132 19469.7611   40    5 62429.0000 18118.6827  71.0%   3.9   15s
 17421 12158 19358.7282   44    3 62429.0000 18145.1953  70.9%   3.9   20s
 18918 13632 19020.8526   39    7 62429.0000 18146.2514  70.9%   3.9   25s
 23603 17671 19608.0960   48    5 62429.0000 18216.4587  70.8%   3.9   30s
 26201 20384 19866.9307   77    1 62429.0000 18217.3071  70.8%   4.0   35s
 30056 24325 18510.9318   22   14 62429.0000 18263.6080  70.7%   4.0   40s
 35631 29440 20118.0868   52    1 62429.0000 18288.4806  70.7%   4.0   46s
 40258 33488 27338.2318   85    1 62429.0000 18307.1870  70.7%   4.0   50s
 45285 38128 19080.6450   28   12 62429.0000 18328.5654  70.6%   4.0   55s
 49835 42165 18930.2831   32   12 62429.0000 18336.9712  70.6%   4.1   61s
 54521 46454 18842.7814   36   10 62429.0000 18352.1316  70.6%   4.1   67s
 57205 48877 20605.5725   57    4 62429.0000 18363.7727  70.6%   4.1   70s
 62760 53747 20680.6993   52    6 62429.0000 18370.4641  70.6%   4.2   77s
 65544 56310 18688.7009   22   18 62429.0000 18386.6453  70.5%   4.2   81s
 68544 58913 18861.1447   27   17 62429.0000 18392.5117  70.5%   4.2   85s
 74140 62989 19468.2858   28   16 62429.0000 18400.5212  70.5%   4.2   92s
 77462 65644 19759.8921   37    2 62429.0000 18408.8738  70.5%   4.2   97s
 80665 68682 21354.7609   69    1 62429.0000 18419.9099  70.5%   4.1  101s
 84062 71344 19403.1614   35   12 62429.0000 18425.4382  70.5%   4.1  105s
 90258 74504 21243.6076   65    8 62429.0000 18435.4258  70.5%   4.1  120s
H90261 70780                    54237.000000 18435.4258  66.0%   4.1  123s
 90263 70781 19938.0000   46   29 54237.0000 18435.4258  66.0%   4.1  125s
 90273 70793 18435.4258   23   27 54237.0000 18435.4258  66.0%   4.1  130s
 90452 70940 18909.8291   29   26 54237.0000 18462.0992  66.0%   4.2  136s
 90532 71105 18954.4928   30   26 54237.0000 18462.0992  66.0%   4.2  140s
 91079 71451 19096.0577   33   23 54237.0000 18462.0992  66.0%   4.3  145s
 91582 71774 19459.2928   38   18 54237.0000 18462.0992  66.0%   4.3  150s
 92223 72078 19629.7219   42   10 54237.0000 18467.7566  65.9%   4.3  156s
 92598 72458 19889.6655   47    6 54237.0000 18467.7566  65.9%   4.3  160s
 93640 72986 20883.6505   63    1 54237.0000 18521.3125  65.9%   4.3  165s
 94942 73952 18846.1754   31   22 54237.0000 18539.7384  65.8%   4.3  170s
 96350 74893 19510.1027   44   11 54237.0000 18539.7384  65.8%   4.4  175s
 98148 76011 18765.5843   29   21 54237.0000 18539.7384  65.8%   4.4  180s
 100137 76944 19025.0315   32   19 54237.0000 18651.1851  65.6%   4.4  186s
 102786 78405 21237.3358   64    4 54237.0000 18651.1851  65.6%   4.4  192s
 104226 78220 25522.0000   88    - 54237.0000 18698.8878  65.5%   4.5  195s
 104976 79409 18995.0988   33   22 54237.0000 18705.7878  65.5%   4.5  200s
 107147 80444 19582.9817   52    6 54237.0000 18750.6633  65.4%   4.5  207s
 108109 81216 19408.7681   43    9 54237.0000 18750.6633  65.4%   4.5  210s
 110616 82504 20081.5468   67    3 54237.0000 18752.1936  65.4%   4.5  217s
 111936 83162 19613.9145   54    6 54237.0000 18779.1685  65.4%   4.6  221s
 113019 83953 19609.8637   53    5 54237.0000 18779.2677  65.4%   4.6  225s
 116116 86087 19772.9816   57    3 54237.0000 18804.1475  65.3%   4.6  233s
 118021 87221 19987.1957   70    3 54237.0000 18806.2540  65.3%   4.6  237s
 119948 88155 19643.0545   52    6 54237.0000 18806.2540  65.3%   4.6  242s
 121874 89679 19538.2192   46   11 54237.0000 18825.1038  65.3%   4.6  247s
 124310 90810 20003.9601   49    8 54237.0000 18842.8798  65.3%   4.7  252s
 126551 90818 19311.7661   38   16 54237.0000 18843.0524  65.3%   4.7  257s
 127255 91754 19357.2416   39   13 54237.0000 18843.0524  65.3%   4.7  262s
 129145 92527 19427.2776   40   12 54237.0000 18844.4992  65.3%   4.7  267s
 131250 93920 19470.7875   41   13 54237.0000 18861.9870  65.2%   4.7  272s
 133245 95147 19518.0675   42   11 54237.0000 18866.2498  65.2%   4.7  277s
 135433 96391 19678.2964   43   11 54237.0000 18870.2909  65.2%   4.7  283s
 137669 97917 19696.9080   44    9 54237.0000 18875.7893  65.2%   4.7  289s
 140274 99161 19701.6288   45    9 54237.0000 18876.1835  65.2%   4.8  295s
 142682 100697 19588.1659   47   14 54237.0000 18892.9200  65.2%   4.8  302s
 145872 102378 19467.8075   32   15 54237.0000 18892.9200  65.2%   4.8  310s
 148600 104191 20540.2962   77    1 54237.0000 18902.3079  65.1%   4.8  317s
 151763 105751 20816.4326   72    1 54237.0000 18919.5573  65.1%   4.8  323s
 155088 107681 23896.0000   75    - 54237.0000 18921.0617  65.1%   4.8  330s
 158521 108982 19220.7088   33   20 54237.0000 18930.0280  65.1%   4.9  337s
 161941 110774 20746.4050   62    1 54237.0000 18930.4078  65.1%   4.9  346s
 164857 112512 19487.5184   35   20 54237.0000 18943.1761  65.1%   4.9  353s
 167851 114471 21725.2863   72    2 54237.0000 18948.5919  65.1%   4.9  361s
 171418 116584 20510.4403   57    7 54237.0000 18953.5094  65.1%   4.9  369s
 173100 116211 20698.0765   58    4 54237.0000 18953.5094  65.1%   4.9  370s
 175126 118674 19778.2088   46   15 54237.0000 18961.4960  65.0%   5.0  378s
 178893 120540 19690.7385   46    9 54237.0000 18969.5015  65.0%   5.0  387s
 182291 121992 19618.4708   35   21 54237.0000 18975.5183  65.0%   5.0  395s
 185743 123370 20052.4896   43    1 54237.0000 18979.5027  65.0%   5.0  403s
 189169 125118 20044.8015   61    2 54237.0000 18983.1755  65.0%   5.0  411s
 192382 127158 24418.0000   75    - 54237.0000 18988.5935  65.0%   5.0  420s
 195560 128299 19687.5332   41   15 54237.0000 18993.8399  65.0%   5.0  427s
 198058 129892 22778.6921   83    2 54237.0000 18995.3218  65.0%   5.0  436s
 200941 131420 20369.2031   90    1 54237.0000 19001.1564  65.0%   5.1  444s
 203627 131058 25969.4639   95    1 54237.0000 19003.5691  65.0%   5.1  451s
 203951 131877 25979.0000   96    - 54237.0000 19005.4662  65.0%   5.1  457s
 205137 132666 20230.3208   47    8 54237.0000 19006.0038  65.0%   5.1  464s
 205237 132643 19674.3903   37   17 54237.0000 19006.0038  65.0%   5.1  465s
 206456 133616 19882.9866   42   20 54237.0000 19007.1903  65.0%   5.1  472s
 208124 134764 19665.0119   33   13 54237.0000 19008.8634  65.0%   5.1  481s
 210266 136162 19377.9616   34   23 54237.0000 19008.8634  65.0%   5.1  491s
 212588 137445 21546.0666   71    1 54237.0000 19018.0983  64.9%   5.1  501s
 214966 138973 19510.8277   35   22 54237.0000 19022.2665  64.9%   5.1  510s
 217638 140490 22116.5388   91    1 54237.0000 19027.3279  64.9%   5.1  519s
 220343 141786 26356.0000   88    - 54237.0000 19030.0228  64.9%   5.2  530s
 222877 142446 21055.8947   69    5 54237.0000 19032.7793  64.9%   5.2  538s
 224402 143626 21075.8538   70    6 54237.0000 19035.9938  64.9%   5.2  546s
 226431 144662 19503.8131   35   21 54237.0000 19037.0328  64.9%   5.2  555s
 228685 146312 22120.4655   81    1 54237.0000 19039.3764  64.9%   5.2  564s
 231263 148045 20062.5670   46   11 54237.0000 19040.8058  64.9%   5.2  573s
 234270 149238 21518.3077   78    2 54237.0000 19045.9916  64.9%   5.2  584s
 236722 150695 22269.2311   84    2 54237.0000 19049.9968  64.9%   5.2  593s
 239194 151767 19407.4893   35   28 54237.0000 19054.7105  64.9%   5.3  600s

Cutting planes:
  Gomory: 1
  Cover: 1
  MIR: 13
  Flow cover: 1

Explored 241237 nodes (1266447 simplex iterations) in 601.69 seconds (238.51 work units)
Thread count was 32 (of 32 available processors)

Solution count 7: 54237 62429 65146 ... 114193

Time limit reached
Best objective 5.423700000000e+04, best bound 1.905471053781e+04, gap 64.8677%

User-callback calls 500333, time in user-callback 65.13 sec
