
Gurobi 13.0.2 (win64) logging started Thu Jul 16 13:01:52 2026

Set parameter LogFile to value "logs/kstar_nI20_nJ40_nK50_nL10_tI6_tJ6_s4_m1_exact_s0_20260716-130152.gurobi.log"
Set parameter Seed to value 0
Set parameter TimeLimit to value 599.9634082
Set parameter MIPGap to value 0
Set parameter MIPGapAbs to value 0.5
Set parameter Cutoff to value 1e+100
Gurobi Optimizer version 13.0.2 build v13.0.2rc1 (win64 - Windows 11+.0 (26200.2))

CPU model: Intel(R) Core(TM) i9-14900HX, instruction set [SSE2|AVX|AVX2]
Thread count: 24 physical cores, 32 logical processors, using up to 32 threads

Non-default parameters:
TimeLimit  599.9634082
MIPGap  0
MIPGapAbs  0.5
PreCrush  1
LazyConstraints  1

Optimize a model with 20 rows, 70 columns and 600 nonzeros (Min)
Model fingerprint: 0x14a3f14d
Model has 70 linear objective coefficients
Variable types: 10 continuous, 60 integer (60 binary)
Coefficient statistics:
  Matrix range     [1e+00, 7e+02]
  Objective range  [1e+00, 5e+02]
  Bounds range     [1e+00, 5e+03]
  RHS range        [5e+02, 7e+02]

Using branch priorities.
Presolve removed 18 rows and 0 columns
Presolve time: 0.00s
Presolved: 2 rows, 70 columns, 60 nonzeros
Variable types: 10 continuous, 60 integer (60 binary)

Root relaxation: objective 4.164484e+04, 5 iterations, 0.00 seconds (0.00 work units)

    Nodes    |    Current Node    |     Objective Bounds      |     Work
 Expl Unexpl |  Obj  Depth IntInf | Incumbent    BestBd   Gap | It/Node Time

     0     0 41644.8369    0    3          - 41644.8369      -     -    0s
H    0     0                    152799.00000 41644.8369  72.7%     -    0s
H    0     0                    144965.00000 41644.8369  71.3%     -    0s
H    0     0                    142419.00000 41644.8369  70.8%     -    0s
H    0     0                    139957.00000 41644.8369  70.2%     -    0s
H    0     0                    122906.00000 41644.8369  66.1%     -    0s
     0     0 42294.6472    0   10 122906.000 42294.6472  65.6%     -    0s
     0     0 42296.3115    0   10 122906.000 42296.3115  65.6%     -    0s
H    0     0                    117057.00000 42299.1712  63.9%     -    0s
     0     2 42364.3349    0   12 117057.000 42364.3349  63.8%     -    0s
H 3660  3116                    111676.00000 42900.5506  61.6%   4.0    2s
H 3662  3117                    109593.00000 42937.6168  60.8%   4.0    3s
H 3662  2961                    108792.00000 43043.1964  60.4%   4.0    3s
H 3665  2814                    106229.00000 43043.1964  59.5%   4.0    3s
  3677  2822 45374.0000   51   23 106229.000 43043.1964  59.5%   4.0    5s
  4987  3740 44726.1769   34    9 106229.000 43349.7660  59.2%   5.7   10s
  8389  5503 43949.6763   23   19 106229.000 43467.9078  59.1%   5.5   15s
  9936  6247 44236.7876   27   12 106229.000 43538.6911  59.0%   5.7   20s
 11313  7119 45580.5459   46    2 106229.000 43578.9360  59.0%   5.6   25s
 14102  9398 44113.3848   22   16 106229.000 43582.0036  59.0%   5.7   30s
 17220 11700 45074.7725   26   13 106229.000 43625.5153  58.9%   5.6   35s
 18417 12833 45454.4817   40    4 106229.000 43636.3124  58.9%   5.7   40s
 19732 14158 45328.9878   42   10 106229.000 43686.3425  58.9%   5.7   45s
 22027 16115 44230.4210   24   17 106229.000 43688.3387  58.9%   5.7   50s
 25564 19408 44334.8712   26    9 106229.000 43748.0796  58.8%   5.7   56s
 28517 21751 44880.0543   30   14 106229.000 43762.7640  58.8%   5.7   61s
 30784 23828 45183.3250   35    9 106229.000 43762.7640  58.8%   5.7   66s
 33445 26150 45590.3820   28   12 106229.000 43762.7640  58.8%   5.7   71s
 36229 28750 44824.4466   35    7 106229.000 43861.1322  58.7%   5.7   76s
 38756 30298 45101.5006   25   15 106229.000 43915.8590  58.7%   5.7   80s
 40687 32102 45395.4941   28   10 106229.000 43926.1005  58.6%   5.6   86s
 41960 33476 45351.3303   27   15 106229.000 43926.7605  58.6%   5.6   90s
 44896 35940 46278.6200   47    5 106229.000 43926.7605  58.6%   5.7   96s
 46339 37147 44986.9415   40    9 106229.000 43969.6508  58.6%   5.7  100s
 47695 37336 46187.1598   41   10 106229.000 43986.8479  58.6%   5.7  109s
H47696 35470                    89019.000000 43986.8479  50.6%   5.7  111s
H47698 33697                    88207.000000 43986.8479  50.1%   5.7  116s
 47704 33701 45867.0000   58   28 88207.0000 43986.8479  50.1%   5.7  120s
H47704 32016                    87858.000000 43986.8479  49.9%   5.7  122s
 47707 32018 47772.0000   62   30 87858.0000 43986.8479  49.9%   5.7  126s
 47710 32020 46130.9316   56   30 87858.0000 43986.8479  49.9%   5.7  131s
 47742 32074 44323.0890   27   23 87858.0000 43998.2487  49.9%   5.7  135s
 47890 32184 44802.2214   30   19 87858.0000 44055.9005  49.9%   5.8  140s
 48228 32480 45273.2942   34   17 87858.0000 44055.9005  49.9%   5.9  145s
 48850 32806 45469.2481   37   14 87858.0000 44092.4031  49.8%   6.0  150s
 49267 33125 46095.5278   40   13 87858.0000 44150.0549  49.7%   6.0  155s
 50317 33782 47863.8000   52    1 87858.0000 44224.0045  49.7%   6.0  160s
 51667 34583 51583.5019   73    3 87858.0000 44311.7172  49.6%   6.1  166s
 53074 35387 52684.0000   80    - 87858.0000 44317.6666  49.6%   6.2  171s
 54525 36279 45502.0283   46   14 87858.0000 44341.1729  49.5%   6.2  176s
 56007 36965 44984.3693   33   22 87858.0000 44341.1729  49.5%   6.2  180s
 58316 37661 45141.6467   37   17 87858.0000 44462.4964  49.4%   6.3  187s
 58451 37999 45158.6175   38   17 87858.0000 44556.1743  49.3%   6.3  190s
 59298 38575 45308.6527   40   14 87858.0000 44556.1743  49.3%   6.3  195s
 60358 39209 45131.6434   31   18 87858.0000 44556.1743  49.3%   6.3  201s
 60945 39290 45707.2994   37   20 87858.0000 44556.1743  49.3%   6.4  205s
 61869 40081 47862.8399   54    3 87858.0000 44649.8434  49.2%   6.4  211s
 62641 40260 45290.0552   34   16 87858.0000 44687.6846  49.1%   6.4  216s
 63476 40882 45414.3881   33   21 87858.0000 44687.6846  49.1%   6.4  223s
 64147 41589 46490.5709   46   16 87858.0000 44693.3463  49.1%   6.4  226s
 65266 42027 45288.3223   31   21 87858.0000 44723.7667  49.1%   6.4  231s
 66127 42733 46363.6715   43   15 87858.0000 44723.7667  49.1%   6.5  235s
 68865 44612 46109.1504   46    4 87858.0000 44731.7466  49.1%   6.5  243s
 70704 45563 45226.2545   38   15 87858.0000 44775.2650  49.0%   6.5  247s
 72336 46478 45689.9130   49    9 87858.0000 44806.9965  49.0%   6.5  251s
 74009 47383 45867.4691   45   11 87858.0000 44816.5368  49.0%   6.6  257s
 75677 48306 45730.0777   39   21 87858.0000 44816.5368  49.0%   6.6  261s
 77436 49341 45757.7210   33   21 87858.0000 44823.9531  49.0%   6.6  266s
 79278 50296 45527.8904   44   18 87858.0000 44861.1142  48.9%   6.6  271s
 81094 51268 50903.1340   62    1 87858.0000 44866.4427  48.9%   6.6  277s
 82892 52192 45785.7730   38   16 87858.0000 44889.3219  48.9%   6.7  282s
 84591 53525 45951.2206   39   18 87858.0000 44904.9065  48.9%   6.7  288s
 86584 54151 46584.1610   59    1 87858.0000 44904.9065  48.9%   6.7  293s
 88954 55339 45923.8565   41   19 87858.0000 44906.0458  48.9%   6.6  299s
 90693 54994 47073.4724   64    4 87858.0000 44913.7898  48.9%   6.7  300s
 90814 56298 47009.4843   49   11 87858.0000 44913.7898  48.9%   6.7  306s
 92593 57479 46044.2541   42   24 87858.0000 44925.5617  48.9%   6.7  312s
 94651 58633 45578.3495   38   19 87858.0000 44942.5003  48.8%   6.7  319s
 95805 58381 49636.5524   62    3 87858.0000 44943.3355  48.8%   6.8  320s
 96749 59873 46901.2432   54    7 87858.0000 44943.3355  48.8%   6.8  326s
 99008 60855 45761.4390   40   15 87858.0000 44962.3756  48.8%   6.8  333s
 100879 62221 45595.4293   41   17 87858.0000 44963.5549  48.8%   6.8  341s
 103201 63360 46014.5668   45    6 87858.0000 44969.6147  48.8%   6.9  349s
 105528 64699 45913.8206   37   17 87858.0000 44973.2741  48.8%   6.9  356s
 107866 65684 48353.5607   59    3 87858.0000 44980.9952  48.8%   6.9  366s
 109849 66827 45488.8955   33   23 87858.0000 44985.6902  48.8%   6.9  374s
 111994 66789 46711.4241   48   19 87858.0000 44996.0545  48.8%   7.0  383s
 112545 67759 46751.2390   49   17 87858.0000 44996.0545  48.8%   7.0  391s
 113996 68548 46784.8450   50   18 87858.0000 44996.2267  48.8%   7.0  400s
 115435 69550 46999.1729   51   16 87858.0000 44997.6171  48.8%   7.0  410s
 117172 70545 48281.0000   66    - 87858.0000 45005.3827  48.8%   7.0  421s
 119037 71817 45919.1196   39   14 87858.0000 45013.0754  48.8%   7.1  431s
 121189 72808 46377.0573   54    9 87858.0000 45018.6336  48.8%   7.1  443s
 123133 74040 46237.6202   40   19 87858.0000 45027.4209  48.7%   7.1  453s
 125456 75079 45802.4637   41   11 87858.0000 45033.6119  48.7%   7.2  466s
 127958 76893 46565.0469   54   11 87858.0000 45041.3339  48.7%   7.2  478s
 130864 78545 46460.2223   69    3 87858.0000 45049.0488  48.7%   7.2  491s
 133767 79867 46149.9798   40   18 87858.0000 45060.5412  48.7%   7.2  504s
 136521 81255 46320.5352   41   25 87858.0000 45068.0155  48.7%   7.3  517s
 139344 80843 46036.4305   36   24 87858.0000 45075.7544  48.7%   7.3  529s
 139421 81040 46059.8924   37   22 87858.0000 45075.7544  48.7%   7.3  540s
 139810 81802 46139.3307   38   21 87858.0000 45076.1900  48.7%   7.3  552s
 141033 82379 46650.0548   49   20 87858.0000 45078.6637  48.7%   7.3  566s
 142298 83227 46175.2551   44   20 87858.0000 45080.9665  48.7%   7.3  579s
 143841 84347 45795.0878   37   18 87858.0000 45086.0612  48.7%   7.3  593s
 145852 85456 47155.0762   48   16 87858.0000 45092.8190  48.7%   7.4  600s

Cutting planes:
  Gomory: 3
  MIR: 4
  Flow cover: 5

Explored 147048 nodes (1086610 simplex iterations) in 601.84 seconds (247.22 work units)
Thread count was 32 (of 32 available processors)

Solution count 10: 87858 88207 89019 ... 142419

Time limit reached
Best objective 8.785800000000e+04, best bound 4.509281903839e+04, gap 48.6753%

User-callback calls 310355, time in user-callback 56.05 sec
