
Gurobi 13.0.2 (win64) logging started Sat Jul 11 05:44:17 2026

Set parameter LogFile to value "logs/kstar_nI20_nJ20_nK50_nL10_tI2_tJ2_s4_m1_exact_s0_20260711-054417.gurobi.log"
Set parameter Seed to value 0
Set parameter TimeLimit to value 599.981365
Set parameter MIPGap to value 0
Set parameter MIPGapAbs to value 0.5
Set parameter Cutoff to value 1e+100
Gurobi Optimizer version 13.0.2 build v13.0.2rc1 (win64 - Windows 11+.0 (26200.2))

CPU model: Intel(R) Core(TM) i9-14900HX, instruction set [SSE2|AVX|AVX2]
Thread count: 24 physical cores, 32 logical processors, using up to 32 threads

Non-default parameters:
TimeLimit  599.981365
MIPGap  0
MIPGapAbs  0.5
PreCrush  1
LazyConstraints  1

Optimize a model with 20 rows, 50 columns and 400 nonzeros (Min)
Model fingerprint: 0xf926aec1
Model has 50 linear objective coefficients
Variable types: 10 continuous, 40 integer (40 binary)
Coefficient statistics:
  Matrix range     [4e+01, 7e+02]
  Objective range  [1e+00, 5e+02]
  Bounds range     [1e+00, 7e+03]
  RHS range        [6e+02, 7e+02]

Using branch priorities.
Presolve removed 16 rows and 0 columns
Presolve time: 0.00s
Presolved: 4 rows, 50 columns, 80 nonzeros
Variable types: 10 continuous, 40 integer (40 binary)

Root relaxation: objective 5.928667e+04, 5 iterations, 0.00 seconds (0.00 work units)

    Nodes    |    Current Node    |     Objective Bounds      |     Work
 Expl Unexpl |  Obj  Depth IntInf | Incumbent    BestBd   Gap | It/Node Time

     0     0 59286.6676    0    3          - 59286.6676      -     -    0s
H    0     0                    480965.00000 59286.6676  87.7%     -    0s
H    0     0                    367656.00000 59286.6676  83.9%     -    0s
H    0     0                    309017.00000 59286.6676  80.8%     -    0s
H    0     0                    304081.00000 59286.6676  80.5%     -    0s
H    0     0                    274097.00000 59286.6676  78.4%     -    0s
     0     0 59382.9237    0    7 274097.000 59382.9237  78.3%     -    0s
     0     0 59428.6116    0   11 274097.000 59428.6116  78.3%     -    0s
     0     0 59448.7230    0    9 274097.000 59448.7230  78.3%     -    0s
     0     0 59466.3324    0   14 274097.000 59466.3324  78.3%     -    0s
     0     0 59469.5859    0   15 274097.000 59469.5859  78.3%     -    0s
     0     0 59471.8659    0   15 274097.000 59471.8659  78.3%     -    0s
H    0     0                    265213.00000 59471.8659  77.6%     -    0s
     0     2 59471.8659    0   15 265213.000 59471.8659  77.6%     -    0s
H 3884  3003                    195783.00000 59688.4854  69.5%   2.9    2s
H 3884  2853                    187954.00000 59688.4854  68.2%   2.9    2s
H 3884  2711                    172741.00000 59688.4854  65.4%   2.9    2s
H 3892  2580                    167531.00000 59688.4854  64.4%   2.9    3s
H 3892  2450                    158695.00000 59688.4854  62.4%   2.9    3s
H 3900  2332                    145025.00000 59688.4854  58.8%   2.9    4s
H 3901  2335                    141112.00000 59688.4854  57.7%   3.0    4s
  3908  2347 59688.4854   14   22 141112.000 59688.4854  57.7%   3.0    5s
  5091  3062 60704.8195   29    5 141112.000 59688.4854  57.7%   5.1   10s
  7122  4106 60713.5225   39    5 141112.000 59750.6878  57.7%   5.8   15s
  8827  4790 60729.4134   30   13 141112.000 59830.4464  57.6%   5.9   20s
  9568  5205 61648.4889   40    5 141112.000 59830.4464  57.6%   6.0   25s
 10396  5623 62680.4267   44    3 141112.000 59858.8346  57.6%   6.0   30s
 12049  6723 90823.0000   49    - 141112.000 59887.9928  57.6%   6.0   35s
 13878  8317 61638.7040   33    1 141112.000 59889.3986  57.6%   6.2   40s
 15902  9977 61259.1753   32    8 141112.000 59893.1516  57.6%   6.2   45s
 17094 10729 60253.2944   23   17 141112.000 59903.0837  57.5%   6.2   50s
 18446 12124 60640.5920   29   12 141112.000 59950.0398  57.5%   6.3   55s
 20407 13736 60708.8368   24   10 141112.000 59957.4556  57.5%   6.3   61s
 21873 14884 60671.8762   23   17 141112.000 60007.4210  57.5%   6.4   65s
 23972 16569 60735.1240   33   16 141112.000 60012.6958  57.5%   6.4   71s
 24679 16870 62644.8044   47    2 141112.000 60029.6538  57.5%   6.5   76s
 25177 17311 60718.8957   29   13 141112.000 60029.6538  57.5%   6.5   81s
 25613 17649 60899.4418   31    9 141112.000 60056.8119  57.4%   6.5   86s
 26150 18205 61089.4600   33   10 141112.000 60057.0778  57.4%   6.5   91s
 26514 18540 61259.4337   34    6 141112.000 60058.1850  57.4%   6.6   95s
 27161 18945 60655.8228   28   14 141112.000 60058.1850  57.4%   6.5  101s
 28029 19710 60996.4431   30   14 141112.000 60079.1886  57.4%   6.6  108s
 28565 20223 61061.7117   31   13 141112.000 60080.7697  57.4%   6.6  111s
 29224 20949 61302.3302   32   11 141112.000 60080.7697  57.4%   6.6  116s
 30198 21769 61308.5188   33   12 141112.000 60101.4997  57.4%   6.6  120s
 31135 22435 60824.2968   24   13 141112.000 60109.7065  57.4%   6.7  126s
 32049 23288 60528.3326   25   18 141112.000 60119.1321  57.4%   6.7  132s
 33129 24225 60648.3058   29   14 141112.000 60125.3847  57.4%   6.7  136s
 34292 25225 60897.2640   33   14 141112.000 60134.8858  57.4%   6.8  142s
 35616 26272 61235.3869   34   11 141112.000 60143.3247  57.4%   6.8  147s
 36973 27384 60465.6143   21   18 141112.000 60149.4452  57.4%   6.9  153s
 38530 28452 60785.4900   24   17 141112.000 60155.5774  57.4%   6.9  158s
 39736 29537 60860.2051   27   14 141112.000 60163.0430  57.4%   7.0  163s
 41090 30665 60951.7986   26   15 141112.000 60175.4866  57.4%   7.0  169s
 42553 31829 65027.2037   37    4 141112.000 60176.9397  57.4%   7.0  175s
 44005 32988 61979.9709   41    2 141112.000 60193.4518  57.3%   7.1  182s
 45520 34193 60528.5862   21   18 141112.000 60201.6604  57.3%   7.1  189s
 47025 35306 60768.9294   25   16 141112.000 60209.8302  57.3%   7.1  195s
 48444 36539 61320.8537   33   14 141112.000 60209.8302  57.3%   7.2  202s
 49908 37743 60914.7292   29   15 141112.000 60209.8302  57.3%   7.2  209s
 51512 39028 60640.7180   29   20 141112.000 60233.7812  57.3%   7.2  217s
 53095 39345 61746.8896   39   15 141112.000 60241.3733  57.3%   7.3  254s
 53097 39346 60495.0555   22   31 141112.000 60241.3733  57.3%   7.3  255s
 53099 39348 61083.2361   33   30 141112.000 60241.3733  57.3%   7.3  260s
H53101 37381                    139854.00000 60241.3733  56.9%   7.3  265s
 53105 37384 60368.6638   33   33 139854.000 60241.3733  56.9%   7.3  270s
 53108 37386 61354.3656   38   31 139854.000 60241.3733  56.9%   7.3  278s
 53110 37387 65190.0348   42   33 139854.000 60241.3733  56.9%   7.3  280s
 53118 37401 60241.3733   26   29 139854.000 60241.3733  56.9%   7.3  285s
 53142 37441 60278.0753   28   23 139854.000 60241.3733  56.9%   7.3  290s
 53206 37557 60415.1327   30   21 139854.000 60241.3733  56.9%   7.4  296s
 53311 37626 60499.6431   31   20 139854.000 60241.3733  56.9%   7.4  300s
 53560 37720 60604.9941   32   21 139854.000 60241.3733  56.9%   7.4  305s
 53681 37901 60843.1973   34   17 139854.000 60241.3733  56.9%   7.5  311s
 54096 38078 61126.6380   36   15 139854.000 60241.3733  56.9%   7.5  316s
 54338 38161 61237.4265   37   15 139854.000 60316.0963  56.9%   7.5  321s
 54676 38405 61922.1540   39   12 139854.000 60316.0963  56.9%   7.5  325s
 55047 38518 61990.8095   41   10 139854.000 60375.2829  56.8%   7.5  333s
 55170 38600 62018.8349   42    8 139854.000 60375.2829  56.8%   7.5  336s
 55465 38795 62717.3135   46    5 139854.000 60408.7167  56.8%   7.5  341s
 55830 38948 62795.4388   52    3 139854.000 60410.7299  56.8%   7.5  346s
 56223 39101 61971.7136   54    1 139854.000 60411.6881  56.8%   7.5  351s
 56529 39359 62412.6115   56    1 139854.000 60438.5057  56.8%   7.5  357s
 57126 39718 61072.9260   37   16 139854.000 60444.4644  56.8%   7.5  363s
 57466 39974 61848.7290   44   11 139854.000 60466.7752  56.8%   7.5  366s
 57987 40265 61002.7032   33   19 139854.000 60467.2534  56.8%   7.5  370s
 58817 40441 61545.8099   42   13 139854.000 60470.0395  56.8%   7.5  375s
 59640 41053 61513.0878   41   13 139854.000 60472.4290  56.8%   7.5  383s
 60176 41377 60965.3927   31   19 139854.000 60495.4544  56.7%   7.6  387s
 60847 41319 61818.6136   43    6 139854.000 60511.8724  56.7%   7.6  393s
 60883 41612 61996.5602   44    6 139854.000 60511.8724  56.7%   7.6  400s
 61422 42098 61203.4720   36   16 139854.000 60519.0424  56.7%   7.6  405s
 62226 42006 60829.7040   35   20 139854.000 60521.3134  56.7%   7.6  410s
 62298 42284 60835.5467   36   19 139854.000 60521.3134  56.7%   7.6  415s
 62704 42626 60866.8858   37   16 139854.000 60521.3134  56.7%   7.6  421s
 63383 43004 60899.2441   38   19 139854.000 60575.6719  56.7%   7.6  427s
 64131 43485 60905.3164   39   18 139854.000 60575.6719  56.7%   7.6  432s
 64941 43826 61023.8757   40   16 139854.000 60575.6719  56.7%   7.6  438s
 65790 43748 61028.8693   38   20 139854.000 60679.8714  56.6%   7.6  448s
 65822 43770 61087.6976   39   19 139854.000 60679.8714  56.6%   7.6  455s
 65854 44078 61123.7404   40   18 139854.000 60684.9056  56.6%   7.6  462s
 66361 44308 61185.8652   34   21 139854.000 60684.9056  56.6%   7.6  470s
 67162 44770 60916.5128   35   24 139854.000 60712.4186  56.6%   7.6  478s
 67883 45169 80934.0000   62    - 139854.000 60712.4186  56.6%   7.6  486s
 68644 45587 63035.3090   59    2 139854.000 60720.8944  56.6%   7.6  494s
 69541 46047 62057.7401   48    6 139854.000 60735.6931  56.6%   7.6  502s
 70467 46778 61290.6015   38   13 139854.000 60743.0541  56.6%   7.6  511s
 71757 47132 62620.2507   52    1 139854.000 60748.7518  56.6%   7.6  521s
 72717 47872 61921.5296   46    9 139854.000 60762.9689  56.6%   7.6  528s
 73752 48650 61635.2625   41   10 139854.000 60762.9689  56.6%   7.7  535s
 75345 49325 61366.0372   42   14 139854.000 60767.1776  56.5%   7.7  544s
 76766 50169 62106.7171   47    9 139854.000 60778.2870  56.5%   7.7  553s
 78483 50877 61373.5642   36   19 139854.000 60797.5377  56.5%   7.7  564s
 79981 51680 62662.3556   55    5 139854.000 60811.7468  56.5%   7.7  572s
 81597 52407 61385.8393   39   15 139854.000 60811.7468  56.5%   7.7  581s
 83167 53237 62260.5568   47   10 139854.000 60828.6802  56.5%   7.7  591s
 84904 53813 61346.7079   39   17 139854.000 60840.1320  56.5%   7.7  599s
 84941 53810 62055.3146   45   13 139854.000 60840.1320  56.5%   7.7  600s

Cutting planes:
  Gomory: 1
  MIR: 18
  Flow cover: 9

Explored 86090 nodes (665054 simplex iterations) in 601.23 seconds (248.52 work units)
Thread count was 32 (of 32 available processors)

Solution count 10: 139854 141112 158695 ... 304081

Time limit reached
Best objective 1.398540000000e+05, best bound 6.085064209473e+04, gap 56.4899%

User-callback calls 187027, time in user-callback 49.68 sec
