
Gurobi 13.0.2 (win64) logging started Wed Jul 15 20:48:48 2026

Set parameter LogFile to value "logs/kstar_nI20_nJ40_nK50_nL5_tI5_tJ5_s5_m0_exact_s0_20260715-204848.gurobi.log"
Set parameter Seed to value 0
Set parameter TimeLimit to value 599.9815869
Set parameter NodefileStart to value 4
Set parameter MIPGap to value 0
Set parameter MIPGapAbs to value 0.9999
Set parameter Cutoff to value 1e+100
Gurobi Optimizer version 13.0.2 build v13.0.2rc1 (win64 - Windows 11+.0 (26200.2))

CPU model: Intel(R) Core(TM) i9-14900HX, instruction set [SSE2|AVX|AVX2]
Thread count: 24 physical cores, 32 logical processors, using up to 32 threads

Non-default parameters:
TimeLimit  599.9815869
MIPGap  0
MIPGapAbs  0.9999
NodefileStart  4

Optimize a model with 750 rows, 14060 columns and 38300 nonzeros (Min)
Model fingerprint: 0x78e1ede1
Model has 14060 linear objective coefficients
Variable types: 14000 continuous, 60 integer (60 binary)
Coefficient statistics:
  Matrix range     [1e+00, 6e+02]
  Objective range  [1e+00, 5e+02]
  Bounds range     [1e+00, 1e+00]
  RHS range        [5e+00, 2e+01]

Using branch priorities.
Found heuristic solution: objective 328002.00000
Presolve time: 0.02s
Presolved: 750 rows, 14060 columns, 38300 nonzeros
Variable types: 14000 continuous, 60 integer (60 binary)

Root relaxation: objective 2.516648e+04, 777 iterations, 0.02 seconds (0.01 work units)

    Nodes    |    Current Node    |     Objective Bounds      |     Work
 Expl Unexpl |  Obj  Depth IntInf | Incumbent    BestBd   Gap | It/Node Time

     0     0 25166.4821    0   58 328002.000 25166.4821  92.3%     -    0s
H    0     0                    39114.459330 25166.4821  35.7%     -    0s
H    0     0                    39097.883418 32129.3658  17.8%     -    0s
H    0     0                    39002.677984 32129.3658  17.6%     -    0s
H    0     0                    38733.778173 32129.3658  17.1%     -    0s
H    0     0                    38726.069514 32129.3658  17.0%     -    0s
H    0     0                    38624.916657 32129.3658  16.8%     -    0s
H    0     0                    38080.000000 32129.3658  15.6%     -    0s
H    0     0                    37990.000000 32129.3658  15.4%     -    0s
     0     0 32129.3658    0   44 37990.0000 32129.3658  15.4%     -    0s
H    0     0                    36295.263158 32137.6755  11.5%     -    0s
H    0     0                    36275.263158 32137.6755  11.4%     -    0s
H    0     0                    36061.000000 32137.6755  10.9%     -    0s
     0     0 32222.6726    0   44 36061.0000 32222.6726  10.6%     -    0s
     0     0 32230.5849    0   45 36061.0000 32230.5849  10.6%     -    0s
H    0     0                    36043.000000 32233.4358  10.6%     -    0s
     0     0 32233.4358    0   45 36043.0000 32233.4358  10.6%     -    0s
H    0     0                    35431.000000 33514.1181  5.41%     -    0s
     0     0 33514.1181    0   47 35431.0000 33514.1181  5.41%     -    0s
     0     0 33708.3365    0   47 35431.0000 33708.3365  4.86%     -    0s
     0     0 33737.4568    0   46 35431.0000 33737.4568  4.78%     -    0s
     0     0 33742.0641    0   46 35431.0000 33742.0641  4.77%     -    0s
     0     0 33955.5068    0   46 35431.0000 33955.5068  4.16%     -    0s
     0     0 33983.9177    0   49 35431.0000 33983.9177  4.08%     -    0s
     0     0 34019.9904    0   41 35431.0000 34019.9904  3.98%     -    0s
     0     0 34032.0598    0   47 35431.0000 34032.0598  3.95%     -    0s
     0     0 34037.2231    0   49 35431.0000 34037.2231  3.93%     -    0s
     0     0 34072.6797    0   45 35431.0000 34072.6797  3.83%     -    0s
H    0     0                    34107.000000 34072.7881  0.10%     -    0s
     0     0 34075.8764    0   45 34107.0000 34075.8764  0.09%     -    0s
     0     0 34076.5967    0   39 34107.0000 34076.5967  0.09%     -    0s
     0     0 34081.6827    0   42 34107.0000 34081.6827  0.07%     -    0s
     0     0 34082.0970    0   42 34107.0000 34082.0970  0.07%     -    0s
     0     0 34082.0970    0   42 34107.0000 34082.0970  0.07%     -    0s
H    0     0                    34089.000000 34082.0970  0.02%     -    0s
     0     0 34082.0970    0   25 34089.0000 34082.0970  0.02%     -    0s
     0     0 34082.0970    0   33 34089.0000 34082.0970  0.02%     -    0s
     0     0 34082.0970    0   37 34089.0000 34082.0970  0.02%     -    0s
     0     0 34082.1849    0   36 34089.0000 34082.1849  0.02%     -    0s
     0     0 34082.7393    0    8 34089.0000 34082.7393  0.02%     -    0s
     0     0     cutoff    0      34089.0000 34089.0000  0.00%     -    0s

Cutting planes:
  Gomory: 1
  Cover: 3
  Implied bound: 49
  MIR: 41
  Flow cover: 72
  Relax-and-lift: 1

Explored 1 nodes (4211 simplex iterations) in 0.82 seconds (0.92 work units)
Thread count was 32 (of 32 available processors)

Solution count 10: 34089 34107 35431 ... 39097.9

Optimal solution found (tolerance 0.00e+00)
Best objective 3.408900000000e+04, best bound 3.408900000000e+04, gap 0.0000%
