
Gurobi 13.0.2 (win64) logging started Wed Jul 15 20:47:58 2026

Set parameter LogFile to value "logs/kstar_nI20_nJ40_nK100_nL5_tI3_tJ3_s3_m0_exact_s0_20260715-204758.gurobi.log"
Set parameter Seed to value 0
Set parameter TimeLimit to value 599.9663633
Set parameter NodefileStart to value 4
Set parameter MIPGap to value 0
Set parameter MIPGapAbs to value 0.9999
Set parameter Cutoff to value 1e+100
Gurobi Optimizer version 13.0.2 build v13.0.2rc1 (win64 - Windows 11+.0 (26200.2))

CPU model: Intel(R) Core(TM) i9-14900HX, instruction set [SSE2|AVX|AVX2]
Thread count: 24 physical cores, 32 logical processors, using up to 32 threads

Non-default parameters:
TimeLimit  599.9663633
MIPGap  0
MIPGapAbs  0.9999
NodefileStart  4

Optimize a model with 1000 rows, 24060 columns and 68300 nonzeros (Min)
Model fingerprint: 0x92328153
Model has 24060 linear objective coefficients
Variable types: 24000 continuous, 60 integer (60 binary)
Coefficient statistics:
  Matrix range     [1e+00, 1e+03]
  Objective range  [1e+00, 5e+02]
  Bounds range     [1e+00, 1e+00]
  RHS range        [5e+00, 2e+01]

Using branch priorities.
Found heuristic solution: objective 632494.00000
Presolve time: 0.05s
Presolved: 1000 rows, 24060 columns, 68300 nonzeros
Variable types: 24000 continuous, 60 integer (60 binary)

Root relaxation: objective 4.063339e+04, 1046 iterations, 0.01 seconds (0.01 work units)

    Nodes    |    Current Node    |     Objective Bounds      |     Work
 Expl Unexpl |  Obj  Depth IntInf | Incumbent    BestBd   Gap | It/Node Time

     0     0 40633.3868    0   59 632494.000 40633.3868  93.6%     -    0s
H    0     0                    54272.676224 40633.3868  25.1%     -    0s
     0     0 51053.5353    0   26 54272.6762 51053.5353  5.93%     -    0s
H    0     0                    53318.000000 51077.5067  4.20%     -    0s
H    0     0                    53124.000000 51077.5067  3.85%     -    0s
H    0     0                    53109.000000 51077.5067  3.83%     -    0s
     0     0 51135.6537    0   25 53109.0000 51135.6537  3.72%     -    0s
     0     0 52329.3473    0   20 53109.0000 52329.3473  1.47%     -    0s
H    0     0                    52956.000000 52330.1843  1.18%     -    0s
     0     0 52435.0809    0   25 52956.0000 52435.0809  0.98%     -    0s
     0     0 52474.5084    0   16 52956.0000 52474.5084  0.91%     -    0s
     0     0 52479.0746    0   18 52956.0000 52479.0746  0.90%     -    0s
     0     0 52560.9427    0   16 52956.0000 52560.9427  0.75%     -    0s
H    0     0                    52932.000000 52564.0000  0.70%     -    0s
H    0     0                    52853.000000 52564.0000  0.55%     -    0s
H    0     0                    52847.000000 52564.0000  0.54%     -    0s
     0     0 52577.7500    0   14 52847.0000 52577.7500  0.51%     -    0s
     0     0 52578.5000    0   14 52847.0000 52578.5000  0.51%     -    0s
     0     0 52600.2857    0   14 52847.0000 52600.2857  0.47%     -    0s
H    0     0                    52728.000000 52602.0000  0.24%     -    0s
     0     0 52605.6648    0   14 52728.0000 52605.6648  0.23%     -    0s
     0     0 52620.4746    0   14 52728.0000 52620.4746  0.20%     -    0s
     0     0 52621.1795    0   14 52728.0000 52621.1795  0.20%     -    0s
     0     0 52621.1795    0   14 52728.0000 52621.1795  0.20%     -    0s
     0     2 52621.1795    0   14 52728.0000 52621.1795  0.20%     -    0s
*    1     2               1    52688.000000 52621.1795  0.13%  30.0    0s

Cutting planes:
  Implied bound: 408
  MIR: 37
  Flow cover: 152
  Relax-and-lift: 20

Explored 7 nodes (2348 simplex iterations) in 0.74 seconds (0.70 work units)
Thread count was 32 (of 32 available processors)

Solution count 8: 52688 52728 52847 ... 54272.7

Optimal solution found (tolerance 0.00e+00)
Best objective 5.268800000000e+04, best bound 5.268800000000e+04, gap 0.0000%
