
Gurobi 13.0.2 (win64) logging started Fri Jul 17 20:34:53 2026

Set parameter LogFile to value "logs/kstar_nI40_nJ40_nK50_nL10_tI4_tJ4_s2_m1_exact_s0_20260717-203453.gurobi.log"
Set parameter Seed to value 0
Set parameter TimeLimit to value 599.95559
Set parameter MIPGap to value 0
Set parameter MIPGapAbs to value 0.5
Set parameter Cutoff to value 1e+100
Gurobi Optimizer version 13.0.2 build v13.0.2rc1 (win64 - Windows 11+.0 (26200.2))

CPU model: Intel(R) Core(TM) i9-14900HX, instruction set [SSE2|AVX|AVX2]
Thread count: 24 physical cores, 32 logical processors, using up to 32 threads

Non-default parameters:
TimeLimit  599.95559
MIPGap  0
MIPGapAbs  0.5
PreCrush  1
LazyConstraints  1

Optimize a model with 20 rows, 90 columns and 800 nonzeros (Min)
Model fingerprint: 0xc004e475
Model has 90 linear objective coefficients
Variable types: 10 continuous, 80 integer (80 binary)
Coefficient statistics:
  Matrix range     [3e+00, 7e+02]
  Objective range  [1e+00, 5e+02]
  Bounds range     [1e+00, 4e+03]
  RHS range        [6e+02, 7e+02]

Using branch priorities.
Presolve removed 14 rows and 0 columns
Presolve time: 0.00s
Presolved: 6 rows, 90 columns, 240 nonzeros
Variable types: 10 continuous, 80 integer (80 binary)

Root relaxation: objective 3.330109e+04, 8 iterations, 0.00 seconds (0.00 work units)

    Nodes    |    Current Node    |     Objective Bounds      |     Work
 Expl Unexpl |  Obj  Depth IntInf | Incumbent    BestBd   Gap | It/Node Time

     0     0 33301.0896    0    2          - 33301.0896      -     -    0s
H    0     0                    205326.00000 33301.0896  83.8%     -    0s
H    0     0                    189469.00000 33301.0896  82.4%     -    0s
H    0     0                    179605.00000 33301.0896  81.5%     -    0s
     0     0 33478.8315    0    5 179605.000 33478.8315  81.4%     -    0s
     0     0 33521.0720    0    5 179605.000 33521.0720  81.3%     -    0s
     0     0 33521.3599    0    5 179605.000 33521.3599  81.3%     -    0s
     0     2 33521.3599    0    5 179605.000 33521.3599  81.3%     -    0s
H 3071  2753                    158109.00000 33772.5847  78.6%   3.0    3s
H 3073  2616                    149087.00000 33841.0977  77.3%   3.0    3s
H 3077  2488                    143639.00000 33841.0977  76.4%   3.0    3s
H 3080  2365                    131729.00000 33841.0977  74.3%   3.0    4s
H 3085  2249                    125323.00000 33841.0977  73.0%   3.0    4s
H 3086  2252                    121681.00000 33841.0977  72.2%   3.1    4s
  3117  2303 33923.3736   20   19 121681.000 33888.5578  72.1%   3.3    5s
  4574  3346 34371.6715   34    9 121681.000 33934.2963  72.1%   5.2   10s
  6946  4879 34946.9099   53    7 121681.000 33989.6222  72.1%   5.2   15s
  9644  6274 34395.0877   33   11 121681.000 34019.4879  72.0%   4.9   20s
 11037  7203 34644.8058   40    8 121681.000 34086.8503  72.0%   4.9   25s
 12538  8497 34525.7810   35   14 121681.000 34100.3019  72.0%   4.8   30s
 13757  9522 37246.0000   77    1 121681.000 34112.7378  72.0%   4.8   35s
 15598 11238 39356.0000   80    - 121681.000 34119.6837  72.0%   4.8   41s
 16507 11755 34297.8783   30   19 121681.000 34119.6837  72.0%   4.8   45s
 18570 13720 35215.5875   62    4 121681.000 34136.3419  71.9%   4.8   50s
 21072 16369 36709.3504   76    2 121681.000 34137.9486  71.9%   4.9   55s
 23640 18225 34967.9823   34    5 121681.000 34142.0109  71.9%   5.0   60s
 27098 20847 34534.1565   26   13 121681.000 34154.0758  71.9%   4.8   65s
 29778 23116 34662.4460   34   11 121681.000 34178.7673  71.9%   4.8   70s
 31808 25348 34378.1300   27   18 121681.000 34181.9929  71.9%   4.8   75s
 34471 27365 34662.5691   29    9 121681.000 34181.9929  71.9%   4.8   81s
 35437 28577 34857.8479   31    8 121681.000 34190.3807  71.9%   4.9   85s
 38546 30073 35375.0315   52    5 121681.000 34209.2798  71.9%   4.9   99s
 38548 30074 36383.0000   65   27 121681.000 34209.2798  71.9%   4.9  100s
H38552 28573                    118284.00000 34209.2798  71.1%   4.9  104s
 38554 28574 35889.0000   57   29 118284.000 34209.2798  71.1%   4.9  106s
 38561 28582 34209.2798   29   27 118284.000 34209.2798  71.1%   4.9  110s
 38655 28731 34209.2798   35   22 118284.000 34209.2798  71.1%   5.0  115s
 38775 28787 34402.7312   36   21 118284.000 34209.2798  71.1%   5.0  120s
 39233 29110 34620.1856   39   19 118284.000 34209.2798  71.1%   5.2  125s
 39502 29334 34682.5949   42   16 118284.000 34209.2798  71.1%   5.2  130s
 40123 29811 34721.9534   46   18 118284.000 34209.2798  71.1%   5.3  135s
 41072 30193 34796.4533   49   17 118284.000 34209.2798  71.1%   5.3  140s
 41907 30663 34358.0595   43   17 118284.000 34209.2798  71.1%   5.3  145s
 42848 31269 35538.4343   63    3 118284.000 34209.2798  71.1%   5.3  150s
 43713 31899 36925.6250   76    1 118284.000 34212.8676  71.1%   5.3  155s
 44700 32450 34541.3935   39   17 118284.000 34245.4079  71.0%   5.3  160s
 46292 33129 39605.6032   83    1 118284.000 34262.1861  71.0%   5.3  165s
 47175 33408 34596.4826   43   15 118284.000 34266.5339  71.0%   5.3  170s
 47590 34036 34716.0337   43   14 118284.000 34267.2744  71.0%   5.4  176s
 48529 34677 35127.5328   47   11 118284.000 34275.2521  71.0%   5.4  182s
 49210 35216 35278.1284   55    8 118284.000 34279.6977  71.0%   5.5  185s
 51113 36132 36155.3234   79    3 118284.000 34346.2343  71.0%   5.4  191s
 51958 35969 35938.5293   78    3 118284.000 34346.2343  71.0%   5.4  195s
 52232 36609 38599.6861   91    1 118284.000 34346.2343  71.0%   5.4  202s
 53065 37056 34580.6413   41   22 118284.000 34346.2343  71.0%   5.4  205s
 53869 36964 34904.0282   51   12 118284.000 34346.2343  71.0%   5.4  210s
 54410 37798 35688.2359   75    4 118284.000 34346.2343  71.0%   5.4  217s
 55141 38202 34457.7123   39   22 118284.000 34346.2343  71.0%   5.5  221s
 56703 39371 34656.1854   43   21 118284.000 34346.2343  71.0%   5.5  229s
 57854 40085 35502.9102   65    9 118284.000 34396.9717  70.9%   5.5  233s
 59115 40321 34836.3084   44   17 118284.000 34396.9717  70.9%   5.5  238s
 59813 40944 35004.9545   47   19 118284.000 34396.9717  70.9%   5.5  242s
 60667 41700 35507.0087   58    8 118284.000 34396.9717  70.9%   5.6  246s
 61835 42403 37395.3736   84    1 118284.000 34396.9717  70.9%   5.6  251s
 63159 42562 34616.4154   39   16 118284.000 34396.9717  70.9%   5.6  256s
 63761 43362 34771.8999   47   14 118284.000 34396.9717  70.9%   5.6  261s
 65137 43303 35244.6419   62    5 118284.000 34396.9717  70.9%   5.6  266s
 65545 44271 35272.8321   63    5 118284.000 34396.9717  70.9%   5.6  270s
 66995 45091 37739.0000   94    - 118284.000 34396.9717  70.9%   5.6  276s
 68760 46069 36057.0146   80    6 118284.000 34410.9334  70.9%   5.6  283s
 70347 47050 35190.2538   54   12 118284.000 34445.8570  70.9%   5.6  289s
 72135 48027 34717.3005   41   16 118284.000 34445.9088  70.9%   5.6  295s
 73927 48726 34940.7615   43   17 118284.000 34445.9088  70.9%   5.6  302s
 75369 49586 35502.1038   56    5 118284.000 34446.7444  70.9%   5.7  310s
 77366 49373 34865.3713   43   16 118284.000 34459.9177  70.9%   5.6  317s
 77398 50233 34872.9649   44   18 118284.000 34459.9177  70.9%   5.6  324s
 78737 50051 35024.3008   48   13 118284.000 34464.9572  70.9%   5.6  330s
 78793 50956 35038.9914   49   12 118284.000 34464.9572  70.9%   5.6  338s
 80152 51859 35138.8079   41   17 118284.000 34464.9572  70.9%   5.7  345s
 81652 53008 34740.5485   45   20 118284.000 34471.0953  70.9%   5.7  353s
 83515 54379 34770.2125   42   23 118284.000 34483.0830  70.8%   5.7  362s
 85820 55733 35048.3077   52   17 118284.000 34489.9220  70.8%   5.7  372s
 88172 57066 35187.2058   49   17 118284.000 34495.8250  70.8%   5.7  382s
 90570 58417 35317.5081   59   20 118284.000 34506.7749  70.8%   5.7  394s
 93028 57915 35283.5085   56   11 118284.000 34515.7284  70.8%   5.8  402s
 93061 59465 35298.6297   57   10 118284.000 34515.7284  70.8%   5.8  412s
 95180 60397 34980.1110   45   20 118284.000 34518.3408  70.8%   5.8  424s
 96853 61685 35036.2455   44   14 118284.000 34518.3408  70.8%   5.8  435s
 98974 62958 35565.6812   67   12 118284.000 34523.5627  70.8%   5.8  449s
 99894 62767 35753.8013   64    6 118284.000 34523.5627  70.8%   5.8  450s
 101408 64259 35143.3215   46   17 118284.000 34533.4939  70.8%   5.8  466s
 104701 66143 34813.5773   44   21 118284.000 34534.2541  70.8%   5.8  480s
 107703 67232 34966.6113   47   19 118284.000 34543.7247  70.8%   5.8  496s
 109803 69112 35267.8246   52   15 118284.000 34545.9523  70.8%   5.9  518s
 113093 70953 35841.9997   77    5 118284.000 34550.4261  70.8%   5.9  536s
 116340 73104 35974.0449   65   10 118284.000 34556.4972  70.8%   5.9  554s
 116713 73018 35635.8405   68    5 118284.000 34556.4972  70.8%   5.9  555s
 119987 72546 36698.2837   80    1 118284.000 34562.7534  70.8%   5.9  569s
 120347 74815 36731.4045   81    1 118284.000 34562.7534  70.8%   5.9  586s
 123236 74206 34914.0137   40   16 118284.000 34562.7534  70.8%   5.9  598s

Cutting planes:
  Gomory: 2
  Cover: 1
  MIR: 4
  StrongCG: 2

Explored 123349 nodes (733191 simplex iterations) in 600.93 seconds (246.85 work units)
Thread count was 32 (of 32 available processors)

Solution count 9: 118284 121681 131729 ... 205326

Time limit reached
Best objective 1.182840000000e+05, best bound 3.456275343120e+04, gap 70.7799%

User-callback calls 265104, time in user-callback 85.66 sec
