
Gurobi 13.0.2 (win64) logging started Wed Jul 15 20:48:58 2026

Set parameter LogFile to value "logs/kstar_nI40_nJ20_nK100_nL10_tI3_tJ3_s3_m0_exact_s0_20260715-204858.gurobi.log"
Set parameter Seed to value 0
Set parameter TimeLimit to value 599.9648073
Set parameter NodefileStart to value 4
Set parameter MIPGap to value 0
Set parameter MIPGapAbs to value 0.9999
Set parameter Cutoff to value 1e+100
Gurobi Optimizer version 13.0.2 build v13.0.2rc1 (win64 - Windows 11+.0 (26200.2))

CPU model: Intel(R) Core(TM) i9-14900HX, instruction set [SSE2|AVX|AVX2]
Thread count: 24 physical cores, 32 logical processors, using up to 32 threads

Non-default parameters:
TimeLimit  599.9648073
MIPGap  0
MIPGapAbs  0.9999
NodefileStart  4

Optimize a model with 1800 rows, 28060 columns and 76600 nonzeros (Min)
Model fingerprint: 0x722531b5
Model has 28060 linear objective coefficients
Variable types: 28000 continuous, 60 integer (60 binary)
Coefficient statistics:
  Matrix range     [1e+00, 1e+03]
  Objective range  [1e+00, 5e+02]
  Bounds range     [1e+00, 1e+00]
  RHS range        [5e+00, 2e+01]

Using branch priorities.
Found heuristic solution: objective 1256236.0000
Presolve time: 0.05s
Presolved: 1800 rows, 28060 columns, 76600 nonzeros
Variable types: 28000 continuous, 60 integer (60 binary)

Root relaxation: objective 1.048515e+05, 1428 iterations, 0.01 seconds (0.01 work units)

    Nodes    |    Current Node    |     Objective Bounds      |     Work
 Expl Unexpl |  Obj  Depth IntInf | Incumbent    BestBd   Gap | It/Node Time

     0     0 104851.502    0   59 1256236.00 104851.502  91.7%     -    0s
H    0     0                    119416.53230 104851.502  12.2%     -    0s
H    0     0                    119367.53230 104851.502  12.2%     -    0s
H    0     0                    119356.89367 104851.502  12.2%     -    0s
H    0     0                    119345.80228 104851.502  12.1%     -    0s
H    0     0                    119331.80228 104851.502  12.1%     -    0s
H    0     0                    119178.80228 109790.891  7.88%     -    0s
     0     0 109790.891    0   41 119178.802 109790.891  7.88%     -    0s
H    0     0                    118897.88753 109933.807  7.54%     -    0s
     0     0 109934.713    0   40 118897.888 109934.713  7.54%     -    0s
     0     0 109934.713    0   40 118897.888 109934.713  7.54%     -    0s
H    0     0                    118880.63077 109934.713  7.53%     -    0s
H    0     0                    118733.00000 116766.500  1.66%     -    0s
     0     0 116918.632    0   26 118733.000 116918.632  1.53%     -    0s
H    0     0                    118712.00000 116918.632  1.51%     -    0s
     0     0 116935.132    0   26 118712.000 116935.132  1.50%     -    0s
     0     0 116943.157    0   26 118712.000 116943.157  1.49%     -    0s
H    0     0                    117661.00000 116943.157  0.61%     -    0s
     0     0 117411.746    0   13 117661.000 117411.746  0.21%     -    0s
H    0     0                    117581.00000 117423.684  0.13%     -    0s
     0     0 117452.046    0    3 117581.000 117452.046  0.11%     -    0s
     0     0 117452.190    0    4 117581.000 117452.190  0.11%     -    0s
H    0     0                    117491.00000 117452.190  0.03%     -    0s
     0     0 117481.345    0    1 117491.000 117481.345  0.01%     -    0s
     0     0     cutoff    0      117491.000 117491.000  0.00%     -    0s

Cutting planes:
  Implied bound: 830
  MIR: 117
  Flow cover: 163
  Relax-and-lift: 8

Explored 1 nodes (2222 simplex iterations) in 0.51 seconds (0.51 work units)
Thread count was 32 (of 32 available processors)

Solution count 7: 117491 117581 117661 ... 1.25624e+06

Optimal solution found (tolerance 0.00e+00)
Best objective 1.174910000000e+05, best bound 1.174910000000e+05, gap 0.0000%
