
Gurobi 13.0.2 (win64) logging started Wed Jul 15 20:47:30 2026

Set parameter LogFile to value "logs/kstar_nI20_nJ40_nK100_nL10_tI2_tJ2_s2_m0_exact_s0_20260715-204730.gurobi.log"
Set parameter Seed to value 0
Set parameter TimeLimit to value 599.9401589
Set parameter NodefileStart to value 4
Set parameter MIPGap to value 0
Set parameter MIPGapAbs to value 0.9999
Set parameter Cutoff to value 1e+100
Gurobi Optimizer version 13.0.2 build v13.0.2rc1 (win64 - Windows 11+.0 (26200.2))

CPU model: Intel(R) Core(TM) i9-14900HX, instruction set [SSE2|AVX|AVX2]
Thread count: 24 physical cores, 32 logical processors, using up to 32 threads

Non-default parameters:
TimeLimit  599.9401589
MIPGap  0
MIPGapAbs  0.9999
NodefileStart  4

Optimize a model with 2000 rows, 48060 columns and 136600 nonzeros (Min)
Model fingerprint: 0x6c3cf949
Model has 48060 linear objective coefficients
Variable types: 48000 continuous, 60 integer (60 binary)
Coefficient statistics:
  Matrix range     [1e+00, 1e+03]
  Objective range  [1e+00, 5e+02]
  Bounds range     [1e+00, 1e+00]
  RHS range        [5e+00, 2e+01]

Using branch priorities.
Found heuristic solution: objective 1270136.0000
Presolve time: 0.10s
Presolved: 2000 rows, 48060 columns, 136600 nonzeros
Variable types: 48000 continuous, 60 integer (60 binary)
Deterministic concurrent LP optimizer: primal and dual simplex
Showing primal log only...

Concurrent spin time: 0.00s

Solved with dual simplex

Root relaxation: objective 8.238526e+04, 1952 iterations, 0.05 seconds (0.07 work units)

    Nodes    |    Current Node    |     Objective Bounds      |     Work
 Expl Unexpl |  Obj  Depth IntInf | Incumbent    BestBd   Gap | It/Node Time

     0     0 82385.2553    0   60 1270136.00 82385.2553  93.5%     -    0s
H    0     0                    96951.647518 82385.2553  15.0%     -    0s
H    0     0                    96940.439487 82385.2553  15.0%     -    0s
     0     0 95286.6001    0    9 96940.4395 95286.6001  1.71%     -    0s
H    0     0                    96933.110294 96620.4654  0.32%     -    0s
     0     0 96620.4654    0    1 96933.1103 96620.4654  0.32%     -    0s
*    0     0               0    96802.000000 96802.0000  0.00%     -    0s

Cutting planes:
  Implied bound: 939
  MIR: 3
  Flow cover: 248
  Relax-and-lift: 23

Explored 1 nodes (2696 simplex iterations) in 0.56 seconds (0.64 work units)
Thread count was 32 (of 32 available processors)

Solution count 1: 96802 

Optimal solution found (tolerance 0.00e+00)
Best objective 9.680200000000e+04, best bound 9.680200000000e+04, gap 0.0000%
