
Gurobi 13.0.2 (win64) logging started Fri Jul 17 05:16:24 2026

Set parameter LogFile to value "logs/kstar_nI40_nJ20_nK50_nL10_tI6_tJ6_s1_m1_exact_s0_20260717-051624.gurobi.log"
Set parameter Seed to value 0
Set parameter TimeLimit to value 599.9747798
Set parameter MIPGap to value 0
Set parameter MIPGapAbs to value 0.5
Set parameter Cutoff to value 1e+100
Gurobi Optimizer version 13.0.2 build v13.0.2rc1 (win64 - Windows 11+.0 (26200.2))

CPU model: Intel(R) Core(TM) i9-14900HX, instruction set [SSE2|AVX|AVX2]
Thread count: 24 physical cores, 32 logical processors, using up to 32 threads

Non-default parameters:
TimeLimit  599.9747798
MIPGap  0
MIPGapAbs  0.5
PreCrush  1
LazyConstraints  1

Optimize a model with 20 rows, 70 columns and 600 nonzeros (Min)
Model fingerprint: 0xe9c2bb92
Model has 70 linear objective coefficients
Variable types: 10 continuous, 60 integer (60 binary)
Coefficient statistics:
  Matrix range     [1e+00, 7e+02]
  Objective range  [1e+00, 5e+02]
  Bounds range     [1e+00, 6e+03]
  RHS range        [6e+02, 7e+02]

Using branch priorities.
Presolve removed 18 rows and 0 columns
Presolve time: 0.00s
Presolved: 2 rows, 70 columns, 60 nonzeros
Variable types: 10 continuous, 60 integer (60 binary)

Root relaxation: objective 5.104146e+04, 5 iterations, 0.00 seconds (0.00 work units)

    Nodes    |    Current Node    |     Objective Bounds      |     Work
 Expl Unexpl |  Obj  Depth IntInf | Incumbent    BestBd   Gap | It/Node Time

     0     0 51041.4598    0    3          - 51041.4598      -     -    0s
H    0     0                    161599.00000 51041.4598  68.4%     -    0s
H    0     0                    150782.00000 51041.4598  66.1%     -    0s
H    0     0                    149518.00000 51041.4598  65.9%     -    0s
H    0     0                    142464.00000 51041.4598  64.2%     -    0s
     0     0 51341.1951    0    4 142464.000 51341.1951  64.0%     -    0s
     0     0 51436.5152    0    8 142464.000 51436.5152  63.9%     -    0s
     0     0 51684.3035    0   10 142464.000 51684.3035  63.7%     -    0s
     0     0 51686.7133    0   10 142464.000 51686.7133  63.7%     -    0s
H    0     0                    137479.00000 51691.6320  62.4%     -    0s
H    0     0                    127293.00000 51691.6320  59.4%     -    0s
     0     2 51926.7856    0   13 127293.000 51926.7856  59.2%     -    0s
H 3315  2815                    101100.00000 52268.2470  48.3%   4.0    1s
H 3321  2678                    96359.000000 52420.0118  45.6%   4.0    2s
H 3328  2548                    95396.000000 52420.0118  45.1%   4.0    2s
H 3329  2549                    95069.000000 52420.0118  44.9%   4.0    2s
  4555  3441 55011.2310   34    2 95069.0000 52641.0776  44.6%   5.4    5s
* 5525  3735              68    88642.000000 52712.6486  40.5%   5.5    6s
 10605  6462 58265.2785   59    2 88642.0000 52984.5559  40.2%   5.1   10s
 14363  9532 54029.4475   28   12 88642.0000 53147.3507  40.0%   5.2   15s
 14939 10041 54515.3288   34    3 88642.0000 53150.2320  40.0%   5.3   20s
 17181 11859 54917.3899   29   11 88642.0000 53217.4338  40.0%   5.3   25s
 19755 14556 54651.1681   34   15 88642.0000 53263.7789  39.9%   5.4   30s
 23947 18072 58299.5719   61    3 88642.0000 53303.8511  39.9%   5.5   35s
 27746 21109 54376.7404   19   23 88642.0000 53324.0147  39.8%   5.6   40s
 31167 24254 58126.5275   36   14 88642.0000 53339.1615  39.8%   5.7   45s
 33743 26082 55722.0599   30   16 88642.0000 53339.1615  39.8%   5.8   50s
 36086 28381 56264.4858   29   16 88642.0000 53426.2291  39.7%   5.9   55s
 38382 30322 58439.5050   59    2 88642.0000 53426.2291  39.7%   5.9   60s
 41682 33051 58047.9222   52    4 88642.0000 53426.2291  39.7%   6.0   67s
 43488 33957 54463.5961   44   10 88642.0000 53531.3768  39.6%   6.2   80s
H43489 32260                    82090.000000 53531.3768  34.8%   6.2   81s
 43492 32262 53595.7327   23   31 82090.0000 53531.3768  34.8%   6.2   85s
H43494 30649                    81131.000000 53531.3768  34.0%   6.2   88s
H43494 29117                    81093.000000 53531.3768  34.0%   6.2   88s
 43497 29119 54736.3738   24   33 81093.0000 53531.3768  34.0%   6.2   91s
H43499 27664                    80788.000000 53531.3768  33.7%   6.2   93s
H43500 27665                    80699.000000 53531.3768  33.7%   6.2   93s
 43501 27666 58651.0000   56   36 80699.0000 53531.3768  33.7%   6.2   95s
 43519 27695 54582.5457   27   29 80699.0000 53563.3166  33.6%   6.2  100s
 43599 27792 55324.5511   30   24 80699.0000 53665.0658  33.5%   6.3  105s
 44031 28157 56812.4051   38   16 80699.0000 53665.0658  33.5%   6.6  110s
 44836 28616 58039.4691   46   11 80699.0000 53665.0658  33.5%   6.7  115s
 45585 29058 58404.7016   49   11 80699.0000 53809.3642  33.3%   6.8  120s
 46715 29565 54507.8228   36   18 80699.0000 53946.5521  33.2%   6.9  125s
*47166 28487              81    80421.000000 53994.5654  32.9%   6.9  127s
 47782 29107 54510.6953   32   29 80421.0000 54088.4394  32.7%   7.0  130s
 49168 29762 54844.9574   38   23 80421.0000 54099.1274  32.7%   7.1  135s
 50955 30426 56136.7971   61    5 80421.0000 54110.8779  32.7%   7.2  140s
 52641 31572 55646.6188   40   23 80421.0000 54156.6368  32.7%   7.2  146s
 54078 32414 54856.8529   33   24 80421.0000 54237.6161  32.6%   7.4  150s
 55938 33500 55626.2433   44   19 80421.0000 54333.3508  32.4%   7.6  156s
 57642 34419 56600.8864   56   10 80421.0000 54333.3508  32.4%   7.7  161s
 58613 34324 55727.4642   45   19 80421.0000 54333.3508  32.4%   7.8  166s
 59334 35221 54907.8495   34   29 80421.0000 54357.6781  32.4%   7.8  173s
 60084 35726 59661.5233   74    4 80421.0000 54357.6781  32.4%   7.9  176s
 60985 35583 56704.5783   57    5 80421.0000 54357.6781  32.4%   7.9  180s
 61551 36499 56780.1810   59    7 80421.0000 54357.6781  32.4%   8.0  186s
 63475 37775 55205.3535   35   26 80421.0000 54497.6675  32.2%   8.1  192s
 64692 38304 54717.7146   33   34 80421.0000 54497.6675  32.2%   8.2  196s
 66426 39449 55210.3783   41   27 80421.0000 54579.0953  32.1%   8.5  202s
 67612 40143 55184.7870   34   31 80421.0000 54579.0953  32.1%   8.5  206s
 69098 40852 57293.3602   58   15 80421.0000 54579.0953  32.1%   8.6  210s
 71789 42257 55310.6046   44   27 80421.0000 54599.6325  32.1%   8.7  217s
 73079 43084 55691.7975   40   21 80421.0000 54644.3959  32.1%   8.7  221s
 74589 43891 55450.8735   37   27 80421.0000 54668.3419  32.0%   8.8  225s
 77458 45508 55938.9466   42   24 80421.0000 54701.2226  32.0%   8.9  233s
 78975 46327 55425.7286   35   25 80421.0000 54703.4653  32.0%   9.0  238s
 80406 47223 56995.7343   48   12 80421.0000 54716.6257  32.0%   9.1  242s
 82057 48262 55409.3561   39   28 80421.0000 54716.6257  32.0%   9.1  247s
 83865 49018 55500.8142   39   26 80421.0000 54742.1599  31.9%   9.2  252s
 85336 49936 55511.6949   40   26 80421.0000 54744.2193  31.9%   9.2  257s
 87014 50762 55901.4105   42   19 80421.0000 54777.7687  31.9%   9.3  262s
 88634 51759 56093.5397   40   27 80421.0000 54790.9478  31.9%   9.4  269s
 90293 52807 60634.9098   73    3 80421.0000 54790.9478  31.9%   9.4  275s
 92227 53636 56269.6922   46   23 80421.0000 54812.7216  31.8%   9.5  282s
 93849 54720 57002.6124   54   14 80421.0000 54820.8036  31.8%   9.5  288s
 95837 55671 56659.4614   46   19 80421.0000 54829.4813  31.8%   9.6  295s
 97631 56654 56230.2235   52   15 80421.0000 54834.6460  31.8%   9.6  302s
 99477 57623 57322.3188   59   14 80421.0000 54851.1806  31.8%   9.7  309s
 101337 58836 56295.5664   51   20 80421.0000 54859.0462  31.8%   9.7  317s
 103460 59981 56630.3725   50   13 80421.0000 54867.7341  31.8%   9.8  325s
 105525 60995 56953.1222   58   12 80421.0000 54876.7211  31.8%   9.8  333s
 107823 61980 62956.6641   70    2 80421.0000 54882.6412  31.8%   9.8  342s
 110340 61790 56666.7350   41   20 80421.0000 54890.6384  31.7%   9.8  352s
 110442 62540 56724.4957   42   22 80421.0000 54891.0687  31.7%   9.9  361s
 111491 63670 56627.7297   40   20 80421.0000 54891.8751  31.7%   9.9  370s
 113155 64399 55624.2828   38   33 80421.0000 54891.8751  31.7%   9.9  380s
 114578 65839 56904.8890   52   11 80421.0000 54891.8751  31.7%  10.0  392s
 116969 67059 56001.0330   40   30 80421.0000 54904.8293  31.7%  10.0  403s
 119394 68579 55524.8139   38   28 80421.0000 54916.2552  31.7%  10.1  416s
 122089 69931 55647.6191   38   26 80421.0000 54928.1602  31.7%  10.1  427s
 124507 72156 55919.5648   39   29 80421.0000 54928.9151  31.7%  10.2  439s
 127299 72935 56755.4130   56   13 80421.0000 54940.9423  31.7%  10.2  451s
 127822 74402 56901.1951   54   10 80421.0000 54940.9423  31.7%  10.3  465s
 129695 76597 55304.2753   39   28 80421.0000 54944.2515  31.7%  10.3  478s
 132290 78716 55488.4834   37   25 80421.0000 54950.5276  31.7%  10.4  492s
 134721 80946 57391.5328   48   24 80421.0000 54963.8996  31.7%  10.4  506s
 137421 82997 56105.5076   40   30 80421.0000 54975.0307  31.6%  10.4  522s
 139716 85281 57852.4769   52   16 80421.0000 54983.8832  31.6%  10.5  534s
 142382 87111 57438.3351   59    9 80421.0000 54992.2150  31.6%  10.5  547s
 144778 89308 63007.0000   79    - 80421.0000 55000.7898  31.6%  10.5  561s
 147821 91752 56342.0295   40   22 80421.0000 55008.6747  31.6%  10.5  575s
 150127 94108 55963.3861   42   26 80421.0000 55013.3804  31.6%  10.6  589s
 152828 95532 56164.5860   42   27 80421.0000 55013.3804  31.6%  10.6  600s

Cutting planes:
  Gomory: 1
  MIR: 5
  Flow cover: 7
  RLT: 3

Explored 154341 nodes (1643560 simplex iterations) in 601.69 seconds (292.69 work units)
Thread count was 32 (of 32 available processors)

Solution count 10: 80421 80699 80788 ... 101100

Time limit reached
Best objective 8.042100000000e+04, best bound 5.501338035196e+04, gap 31.5933%

User-callback calls 329445, time in user-callback 27.11 sec
