
Gurobi 13.0.2 (win64) logging started Thu Jul 16 03:49:15 2026

Set parameter LogFile to value "logs/kstar_nI20_nJ40_nK100_nL10_tI5_tJ5_s4_m1_exact_s0_20260716-034915.gurobi.log"
Set parameter Seed to value 0
Set parameter TimeLimit to value 599.9401
Set parameter MIPGap to value 0
Set parameter MIPGapAbs to value 0.5
Set parameter Cutoff to value 1e+100
Gurobi Optimizer version 13.0.2 build v13.0.2rc1 (win64 - Windows 11+.0 (26200.2))

CPU model: Intel(R) Core(TM) i9-14900HX, instruction set [SSE2|AVX|AVX2]
Thread count: 24 physical cores, 32 logical processors, using up to 32 threads

Non-default parameters:
TimeLimit  599.9401
MIPGap  0
MIPGapAbs  0.5
PreCrush  1
LazyConstraints  1

Optimize a model with 20 rows, 70 columns and 600 nonzeros (Min)
Model fingerprint: 0xb3875498
Model has 70 linear objective coefficients
Variable types: 10 continuous, 60 integer (60 binary)
Coefficient statistics:
  Matrix range     [1e+00, 1e+03]
  Objective range  [1e+00, 5e+02]
  Bounds range     [1e+00, 1e+04]
  RHS range        [1e+03, 1e+03]

Using branch priorities.
Presolve removed 18 rows and 0 columns
Presolve time: 0.00s
Presolved: 2 rows, 70 columns, 60 nonzeros
Variable types: 10 continuous, 60 integer (60 binary)

Root relaxation: objective 8.788026e+04, 5 iterations, 0.00 seconds (0.00 work units)

    Nodes    |    Current Node    |     Objective Bounds      |     Work
 Expl Unexpl |  Obj  Depth IntInf | Incumbent    BestBd   Gap | It/Node Time

     0     0 87880.2608    0    3          - 87880.2608      -     -    0s
H    0     0                    361422.00000 87880.2608  75.7%     -    0s
H    0     0                    332268.00000 87880.2608  73.6%     -    0s
H    0     0                    317826.00000 87880.2608  72.3%     -    0s
     0     0 88095.2230    0    5 317826.000 88095.2230  72.3%     -    0s
     0     0 88147.7607    0    5 317826.000 88147.7607  72.3%     -    0s
H    0     0                    317225.00000 88147.7607  72.2%     -    0s
     0     0 88164.0883    0    7 317225.000 88164.0883  72.2%     -    0s
     0     0 88165.4086    0    7 317225.000 88165.4086  72.2%     -    0s
H    0     0                    304390.00000 88165.4086  71.0%     -    0s
H    0     0                    283199.00000 88166.0268  68.9%     -    0s
     0     2 88207.3061    0   14 283199.000 88207.3061  68.9%     -    0s
  2069  2228 88907.9526   27    2 283199.000 88326.9767  68.8%   3.9    5s
H 2889  2546                    233771.00000 88326.9767  62.2%   3.5    6s
H 2894  2421                    222997.00000 88387.1249  60.4%   3.5    7s
H 2901  2304                    204888.00000 88392.7835  56.9%   3.5    9s
H 2902  2306                    201341.00000 88392.7835  56.1%   3.6    9s
  2917  2331 88513.0100   16   13 201341.000 88420.3017  56.1%   3.7   10s
  3791  2954 89187.8737   26   10 201341.000 88453.9688  56.1%   5.0   15s
  4637  3459 89639.2614   39    4 201341.000 88493.1386  56.0%   5.1   20s
  6426  4501 97402.0000   60    - 201341.000 88520.4581  56.0%   4.8   25s
  8930  5759 88912.1700   23   19 201341.000 88600.5232  56.0%   4.6   30s
 11200  7334 90230.2558   54    2 201341.000 88629.6216  56.0%   4.7   35s
 12394  8434 88923.1476   27   17 201341.000 88660.3242  56.0%   4.8   40s
 13457  9307 89301.8093   32    9 201341.000 88671.6734  56.0%   4.8   45s
 14662 10252 89736.1480   37    6 201341.000 88678.1301  56.0%   4.8   50s
 15931 11241 89960.5060   46    3 201341.000 88693.6258  55.9%   4.8   55s
 17259 12622 88900.2955   21   17 201341.000 88693.7816  55.9%   4.8   60s
 18906 14220 89305.6060   29   15 201341.000 88708.4661  55.9%   4.8   65s
 21234 16401 88923.6223   23   19 201341.000 88723.0364  55.9%   4.8   70s
 24326 19254 93210.4286   64    1 201341.000 88741.3033  55.9%   4.8   76s
 26721 21023 89138.9166   23   12 201341.000 88754.9523  55.9%   4.8   80s
 29731 23950 98822.0000   61    - 201341.000 88769.1668  55.9%   4.8   87s
 30959 25363 89716.5131   40    4 201341.000 88769.1668  55.9%   4.8   90s
 34027 27673 89143.0369   29   12 201341.000 88801.7910  55.9%   4.8   97s
 35158 28889 89768.5025   41    3 201341.000 88801.7910  55.9%   4.9  100s
 38398 30730 88955.4129   23   18 201341.000 88806.2043  55.9%   4.8  105s
 40719 33756 89206.7706   26   14 201341.000 88813.2908  55.9%   4.8  112s
 42528 35173 89475.1682   32    9 201341.000 88824.5751  55.9%   4.8  116s
 44345 35543 89084.0111   25   14 201341.000 88829.7113  55.9%   4.8  120s
 44995 36565 89382.2273   41    6 201341.000 88829.8868  55.9%   4.8  125s
 46348 37846 89600.0000   43    - 201341.000 88832.6474  55.9%   4.8  132s
 47150 38714 89688.1904   44    1 201341.000 88834.0924  55.9%   4.8  135s
 48201 39733 89740.5807   45    3 201341.000 88835.1944  55.9%   4.8  140s
 49621 40565 89750.0466   47    3 201341.000 88841.7315  55.9%   4.8  147s
 50377 41531 89827.2659   48    1 201341.000 88841.7315  55.9%   4.8  152s
 51469 42446 90348.7169   49    3 201341.000 88844.9587  55.9%   4.8  156s
 52553 43748 90355.6301   50    2 201341.000 88847.2606  55.9%   4.8  162s
 54186 45322 90410.0833   51    3 201341.000 88851.0186  55.9%   4.8  168s
 56007 47249 89102.7723   24   15 201341.000 88857.2825  55.9%   4.8  174s
 56891 47367 89128.5449   25   18 201341.000 88857.9877  55.9%   4.8  175s
 58352 47580 89430.7476   30    7 201341.000 88861.9712  55.9%   4.8  189s
 58354 47581 89591.0672   34   25 201341.000 88861.9712  55.9%   4.8  191s
 58356 47583 89170.6675   27   24 201341.000 88861.9712  55.9%   4.8  197s
H58357 45203                    191098.00000 88861.9712  53.5%   4.8  201s
 58360 45205 90468.1265   47   26 191098.000 88861.9712  53.5%   4.8  206s
 58362 45207 89439.1960   36   28 191098.000 88861.9712  53.5%   4.8  210s
 58379 45235 88861.9712   31   22 191098.000 88861.9712  53.5%   4.8  215s
 58459 45418 89002.2201   34   24 191098.000 88861.9712  53.5%   4.9  221s
 58753 45469 89288.1031   40   14 191098.000 88861.9712  53.5%   5.0  225s
 58866 45654 89364.2206   38   19 191098.000 88861.9712  53.5%   5.0  230s
 59139 45765 89431.2199   41   15 191098.000 88861.9712  53.5%   5.0  235s
 59500 45978 90076.1366   44   11 191098.000 88861.9712  53.5%   5.0  240s
 59965 46368 90072.3317   48    6 191098.000 88861.9712  53.5%   5.1  245s
 60525 46570 90225.3258   54    3 191098.000 88861.9712  53.5%   5.1  251s
 60940 46771 89482.6268   44   12 191098.000 88861.9712  53.5%   5.1  255s
 61529 47190 89463.6166   41   20 191098.000 88861.9712  53.5%   5.1  260s
 62321 47790 113915.000   85    - 191098.000 88918.8322  53.5%   5.1  265s
 63300 48398 89448.3262   43   13 191098.000 88918.8322  53.5%   5.2  271s
 64440 49043 90955.0524   65    1 191098.000 88938.7908  53.5%   5.2  276s
 65739 49284 89395.7793   38   22 191098.000 88980.0965  53.4%   5.2  282s
 65802 49433 89479.0228   39   23 191098.000 88982.7507  53.4%   5.2  285s
 66590 50063 90417.4229   49   10 191098.000 88982.7507  53.4%   5.2  291s
 67206 50287 91383.3166   67    7 191098.000 89016.7724  53.4%   5.2  295s
 67742 50626 89341.1305   39   15 191098.000 89016.7724  53.4%   5.2  302s
 68253 50894 91473.7338   68    1 191098.000 89030.8271  53.4%   5.2  305s
 69406 51745 89749.6634   44   16 191098.000 89043.5718  53.4%   5.3  312s
 70184 52101 90312.6687   54    5 191098.000 89043.5718  53.4%   5.3  316s
 71015 52648 92492.0339   69    1 191098.000 89050.0866  53.4%   5.3  320s
 72009 52769 89338.4071   43   17 191098.000 89050.0866  53.4%   5.3  328s
 72411 52772 89442.7474   44   15 191098.000 89050.0866  53.4%   5.3  332s
 72530 53180 89524.5026   45   14 191098.000 89050.0866  53.4%   5.3  336s
 73199 53649 89538.1015   46   14 191098.000 89050.0866  53.4%   5.3  340s
 74117 54321 90190.7284   66    6 191098.000 89050.0866  53.4%   5.3  345s
 75343 54975 89722.7623   39   20 191098.000 89076.8141  53.4%   5.3  350s
 76467 55521 90800.3277   59   10 191098.000 89088.5385  53.4%   5.4  355s
 77585 56255 89724.1271   44   10 191098.000 89088.5385  53.4%   5.4  360s
 78923 56961 89455.3589   39   17 191098.000 89099.6234  53.4%   5.4  365s
 80112 57606 89375.2393   37   20 191098.000 89101.2880  53.4%   5.4  370s
 81364 57403 89330.3187   41   20 191098.000 89114.6857  53.4%   5.4  375s
 82341 58664 89466.6823   39   20 191098.000 89124.0689  53.4%   5.5  385s
 83342 59444 89505.5989   40   18 191098.000 89134.3642  53.4%   5.5  390s
 84683 60300 89545.3572   41   18 191098.000 89144.2440  53.4%   5.5  396s
 86190 61024 89554.6609   42   17 191098.000 89150.1099  53.3%   5.5  403s
 87536 61861 89619.5710   43   15 191098.000 89150.1099  53.3%   5.5  408s
 89039 62570 89620.8793   44   15 191098.000 89154.8926  53.3%   5.5  416s
 90484 63422 89815.4519   45   15 191098.000 89167.6007  53.3%   5.6  423s
 92036 63233 89976.6392   46   15 191098.000 89173.2981  53.3%   5.6  430s
 92170 63909 89991.4062   47   14 191098.000 89173.2981  53.3%   5.6  436s
 93119 64538 90237.8754   48   10 191098.000 89176.5250  53.3%   5.6  443s
 94251 65307 90244.6603   49   12 191098.000 89182.5234  53.3%   5.6  450s
 95538 65130 90245.4270   50   11 191098.000 89184.8919  53.3%   5.6  457s
 95667 66025 90314.1298   51   10 191098.000 89184.8919  53.3%   5.6  464s
 96965 66908 90365.1346   52    9 191098.000 89184.8919  53.3%   5.6  473s
 98493 67832 99431.0000   77    - 191098.000 89195.5538  53.3%   5.6  481s
 100167 68703 89959.7127   48    7 191098.000 89204.1747  53.3%   5.7  491s
 101740 69780 90187.1169   61   10 191098.000 89207.4116  53.3%   5.7  501s
 103682 71111 89407.5736   38   19 191098.000 89214.5474  53.3%   5.7  511s
 105993 72413 90158.2915   55    8 191098.000 89221.4277  53.3%   5.7  522s
 108264 73682 89760.5394   43   18 191098.000 89231.8470  53.3%   5.7  532s
 110594 75058 90238.8885   64    5 191098.000 89236.9129  53.3%   5.8  544s
 110673 75044 91172.3333   68    1 191098.000 89236.9129  53.3%   5.8  545s
 113115 76420 89649.0782   46   12 191098.000 89242.1754  53.3%   5.8  556s
 115595 76145 90865.6618   79    2 191098.000 89247.7698  53.3%   5.8  567s
 115955 77129 90894.3288   80    3 191098.000 89247.7698  53.3%   5.8  577s
 117301 78212 90132.9486   50   14 191098.000 89247.8882  53.3%   5.8  589s
 117642 78143 89828.6345   38   16 191098.000 89248.3685  53.3%   5.8  590s
 119125 79247 91354.4507   61    4 191098.000 89253.2129  53.3%   5.9  600s

Cutting planes:
  Gomory: 1
  MIR: 5
  StrongCG: 1
  Flow cover: 3

Explored 121344 nodes (709566 simplex iterations) in 603.02 seconds (276.78 work units)
Thread count was 32 (of 32 available processors)

Solution count 9: 191098 201341 222997 ... 361422

Time limit reached
Best objective 1.910980000000e+05, best bound 8.925560065014e+04, gap 53.2933%

User-callback calls 273110, time in user-callback 131.19 sec
