
Gurobi 13.0.2 (win64) logging started Thu Jul 16 20:03:43 2026

Set parameter LogFile to value "logs/kstar_nI40_nJ20_nK100_nL10_tI5_tJ5_s1_m1_exact_s0_20260716-200343.gurobi.log"
Set parameter Seed to value 0
Set parameter TimeLimit to value 599.9642226
Set parameter MIPGap to value 0
Set parameter MIPGapAbs to value 0.5
Set parameter Cutoff to value 1e+100
Gurobi Optimizer version 13.0.2 build v13.0.2rc1 (win64 - Windows 11+.0 (26200.2))

CPU model: Intel(R) Core(TM) i9-14900HX, instruction set [SSE2|AVX|AVX2]
Thread count: 24 physical cores, 32 logical processors, using up to 32 threads

Non-default parameters:
TimeLimit  599.9642226
MIPGap  0
MIPGapAbs  0.5
PreCrush  1
LazyConstraints  1

Optimize a model with 20 rows, 70 columns and 600 nonzeros (Min)
Model fingerprint: 0x72bf3264
Model has 70 linear objective coefficients
Variable types: 10 continuous, 60 integer (60 binary)
Coefficient statistics:
  Matrix range     [1e+01, 1e+03]
  Objective range  [1e+00, 5e+02]
  Bounds range     [1e+00, 1e+04]
  RHS range        [1e+03, 1e+03]

Using branch priorities.
Presolve removed 18 rows and 0 columns
Presolve time: 0.00s
Presolved: 2 rows, 70 columns, 60 nonzeros
Variable types: 10 continuous, 60 integer (60 binary)

Root relaxation: objective 9.744628e+04, 4 iterations, 0.00 seconds (0.00 work units)

    Nodes    |    Current Node    |     Objective Bounds      |     Work
 Expl Unexpl |  Obj  Depth IntInf | Incumbent    BestBd   Gap | It/Node Time

     0     0 97446.2831    0    2          - 97446.2831      -     -    0s
H    0     0                    380222.00000 97446.2831  74.4%     -    0s
H    0     0                    367849.00000 97446.2831  73.5%     -    0s
H    0     0                    342624.00000 97446.2831  71.6%     -    0s
H    0     0                    335057.00000 97446.2831  70.9%     -    0s
H    0     0                    330358.00000 97446.2831  70.5%     -    0s
H    0     0                    314295.00000 97446.2831  69.0%     -    0s
     0     0 97617.1326    0    4 314295.000 97617.1326  68.9%     -    0s
     0     0 97795.6705    0    7 314295.000 97795.6705  68.9%     -    0s
     0     0 97843.7925    0    9 314295.000 97843.7925  68.9%     -    0s
     0     0 97849.0391    0    9 314295.000 97849.0391  68.9%     -    0s
H    0     0                    312051.00000 97849.0391  68.6%     -    0s
H    0     0                    310333.00000 97849.0391  68.5%     -    0s
H    0     0                    263489.00000 97851.2599  62.9%     -    0s
     0     2 98014.2459    0   10 263489.000 98014.2459  62.8%     -    0s
H 3255  2779                    231126.00000 98199.7981  57.5%   3.0    3s
  3268  2787 98427.1128   12   22 231126.000 98237.2723  57.5%   3.0    5s
H 3268  2648                    212354.00000 98237.2723  53.7%   3.0    5s
H 3269  2651                    209652.00000 98237.2723  53.1%   3.1    5s
  5479  4143 105151.880   45    5 209652.000 98490.9589  53.0%   4.2   10s
  7869  5285 99055.1932   25   13 209652.000 98644.4956  52.9%   4.2   15s
 11512  7245 99875.0798   31    8 209652.000 98691.4179  52.9%   4.2   20s
 13804  9145 100285.428   42    5 209652.000 98763.2268  52.9%   4.2   25s
 15982 11048 101737.000   49    - 209652.000 98825.8940  52.9%   4.2   30s
 17366 12279 99625.0903   24   10 209652.000 98825.8940  52.9%   4.2   35s
 19770 14046 100033.605   27    6 209652.000 98851.2381  52.8%   4.2   40s
 22173 16534 110456.000   62    - 209652.000 98889.7855  52.8%   4.2   45s
 25160 18982 100532.100   46    2 209652.000 98976.8938  52.8%   4.2   50s
 27840 20839 104816.445   56    2 209652.000 98982.3528  52.8%   4.2   56s
 29565 22729 100306.042   29    8 209652.000 99020.5979  52.8%   4.2   62s
 31423 24308 114108.129   53    1 209652.000 99042.9700  52.8%   4.2   68s
 32322 25313 101655.468   31    6 209652.000 99053.5844  52.8%   4.2   70s
 34461 26989 100226.419   37    2 209652.000 99070.7275  52.7%   4.2   76s
 36727 28894 100550.536   50    1 209652.000 99085.9197  52.7%   4.2   81s
 37888 30036 100435.113   34    6 209652.000 99101.9362  52.7%   4.2   85s
 40646 32457 101001.542   52    2 209652.000 99103.5819  52.7%   4.2   91s
 42468 33987 100075.808   28    7 209652.000 99130.1290  52.7%   4.2   95s
 45933 36818 101170.428   36    8 209652.000 99158.7278  52.7%   4.1  102s
 47678 38194 110011.491   56    5 209652.000 99159.1044  52.7%   4.1  107s
 49234 38443 99689.3855   35    9 209652.000 99181.7061  52.7%   4.1  119s
H49235 36521                    181382.00000 99181.7061  45.3%   4.1  121s
 49238 36523 107155.929   51   29 181382.000 99181.7061  45.3%   4.1  126s
H49241 34699                    178575.00000 99181.7061  44.5%   4.1  129s
 49243 34700 101339.000   55   29 178575.000 99181.7061  44.5%   4.1  130s
 49246 34702 105920.000   62   31 178575.000 99181.7061  44.5%   4.1  135s
H49246 32967                    157159.00000 99181.7061  36.9%   4.1  137s
 49249 32969 101391.009   39   31 157159.000 99181.7061  36.9%   4.1  140s
 49266 32997 99205.2555   28   21 157159.000 99181.7061  36.9%   4.2  145s
 49487 33200 101441.971   33   15 157159.000 99267.4759  36.8%   4.3  150s
 49956 33471 102658.770   37    9 157159.000 99267.4759  36.8%   4.4  155s
 50512 33811 102721.629   41    8 157159.000 99267.4759  36.8%   4.4  160s
 50954 34092 102856.697   45    6 157159.000 99284.2240  36.8%   4.4  166s
 51275 34296 102967.313   50    6 157159.000 99315.9596  36.8%   4.4  170s
 52235 34827 108264.386   63    2 157159.000 99363.5161  36.8%   4.4  175s
 53354 35345 119010.364   78    1 157159.000 99460.3847  36.7%   4.4  180s
 54500 36111 101210.995   63    2 157159.000 99461.0336  36.7%   4.5  186s
 55459 36639 100061.414   42   17 157159.000 99479.6993  36.7%   4.5  190s
 57079 37640 99837.9643   36   19 157159.000 99562.1458  36.6%   4.5  195s
 59099 38826 101161.441   59    1 157159.000 99563.8364  36.6%   4.6  201s
 60683 39542 102327.832   56    6 157159.000 99612.3466  36.6%   4.5  206s
 62262 40204 100847.213   41   11 157159.000 99656.0789  36.6%   4.6  211s
 62922 40197 103451.434   64    2 157159.000 99692.0553  36.6%   4.6  216s
 63207 40547 100152.495   38   16 157159.000 99705.4386  36.6%   4.6  221s
 63974 41110 101076.431   38   16 157159.000 99714.7208  36.6%   4.6  226s
 64709 41438 101099.690   43   11 157159.000 99715.7818  36.6%   4.6  230s
 65720 42237 108950.953   70    4 157159.000 99736.7039  36.5%   4.6  236s
 67500 43321 100972.381   39   14 157159.000 99742.3822  36.5%   4.7  243s
 68324 43830 101522.324   49    8 157159.000 99742.3822  36.5%   4.7  246s
 69490 44518 101209.366   36   10 157159.000 99770.4307  36.5%   4.7  250s
 72136 45648 106727.609   69    1 157159.000 99783.6658  36.5%   4.7  258s
 73230 46305 101868.347   47    5 157159.000 99784.9145  36.5%   4.7  262s
 74563 46243 100359.905   37   14 157159.000 99787.0844  36.5%   4.7  267s
 74804 46787 100427.827   38   17 157159.000 99787.0844  36.5%   4.7  271s
 75690 47455 100576.089   39   15 157159.000 99816.9989  36.5%   4.7  275s
 77514 48020 101525.818   39   15 157159.000 99829.4284  36.5%   4.7  280s
 79464 49601 109081.000   73    - 157159.000 99841.0056  36.5%   4.7  289s
 81041 50448 102294.290   65    2 157159.000 99860.5485  36.5%   4.7  294s
 82613 51222 101531.695   51    7 157159.000 99865.4431  36.5%   4.8  299s
 84222 51920 106225.348   67    3 157159.000 99873.9523  36.5%   4.8  304s
 85529 52862 100796.294   39   14 157159.000 99886.7743  36.4%   4.8  308s
 87253 53628 100290.039   33   23 157159.000 99888.8713  36.4%   4.8  314s
 88777 54608 100631.053   38   18 157159.000 99902.4165  36.4%   4.8  319s
 89515 54446 102541.893   68    4 157159.000 99903.0730  36.4%   4.9  320s
 90477 55254 104708.019   51    1 157159.000 99903.0730  36.4%   4.9  326s
 92001 56359 102310.912   54    6 157159.000 99923.6906  36.4%   4.9  332s
 94122 57272 100777.598   43   16 157159.000 99937.8170  36.4%   4.9  338s
 95803 58209 101353.995   40   11 157159.000 99949.0400  36.4%   4.9  344s
 96125 58160 101535.589   46    9 157159.000 99949.0400  36.4%   4.9  345s
 97753 59037 106273.000   75    - 157159.000 99949.0400  36.4%   4.9  351s
 99337 59944 102677.985   59    1 157159.000 99964.0211  36.4%   5.0  358s
 101260 61007 102828.637   43    9 157159.000 99964.0211  36.4%   5.0  366s
 103195 62084 101090.954   40   14 157159.000 99980.3065  36.4%   5.0  373s
 105268 63027 101570.454   43   14 157159.000 99988.1864  36.4%   5.0  381s
 107066 64095 101329.077   41   13 157159.000 99996.2366  36.4%   5.1  389s
 107393 64035 102482.713   54    5 157159.000 99996.2366  36.4%   5.1  390s
 109296 65042 101379.814   45    8 157159.000 99998.2246  36.4%   5.0  400s
 111228 66260 101409.227   37   15 157159.000 100015.979  36.4%   5.1  409s
 113458 67433 102767.751   63    1 157159.000 100025.603  36.4%   5.1  418s
 115667 68602 100945.373   35   23 157159.000 100040.336  36.3%   5.1  430s
 117935 68605 102076.006   34   16 157159.000 100051.087  36.3%   5.1  441s
 118597 69677 102436.456   35   13 157159.000 100051.087  36.3%   5.1  454s
 120339 69382 100870.202   37   21 157159.000 100051.481  36.3%   5.2  455s
 120340 70894 102696.841   40    8 157159.000 100051.481  36.3%   5.2  467s
 122528 71998 101285.894   42   21 157159.000 100063.538  36.3%   5.2  478s
 124653 72138 113268.403   73    1 157159.000 100080.545  36.3%   5.2  493s
 125447 73553 103111.014   42   25 157159.000 100080.943  36.3%   5.2  508s
 127718 74659 102494.224   43    8 157159.000 100091.868  36.3%   5.3  531s
 129736 75957 103473.667   55    5 157159.000 100095.093  36.3%   5.3  548s
 132437 77470 101018.613   39   19 157159.000 100107.710  36.3%   5.3  567s
 135270 78498 103163.427   63    8 157159.000 100119.271  36.3%   5.3  587s
 137240 79518 106270.646   68    5 157159.000 100119.271  36.3%   5.4  600s

Cutting planes:
  Gomory: 1
  MIR: 8
  Flow cover: 4
  RLT: 1

Explored 139271 nodes (748254 simplex iterations) in 602.20 seconds (206.74 work units)
Thread count was 32 (of 32 available processors)

Solution count 10: 157159 178575 181382 ... 330358

Time limit reached
Best objective 1.571590000000e+05, best bound 1.001192705788e+05, gap 36.2943%

User-callback calls 312058, time in user-callback 66.14 sec
