
Gurobi 13.0.2 (win64) logging started Wed Jul 15 20:47:50 2026

Set parameter LogFile to value "logs/kstar_nI20_nJ40_nK100_nL10_tI6_tJ6_s3_m0_exact_s0_20260715-204749.gurobi.log"
Set parameter Seed to value 0
Set parameter TimeLimit to value 599.9343757
Set parameter NodefileStart to value 4
Set parameter MIPGap to value 0
Set parameter MIPGapAbs to value 0.9999
Set parameter Cutoff to value 1e+100
Gurobi Optimizer version 13.0.2 build v13.0.2rc1 (win64 - Windows 11+.0 (26200.2))

CPU model: Intel(R) Core(TM) i9-14900HX, instruction set [SSE2|AVX|AVX2]
Thread count: 24 physical cores, 32 logical processors, using up to 32 threads

Non-default parameters:
TimeLimit  599.9343757
MIPGap  0
MIPGapAbs  0.9999
NodefileStart  4

Optimize a model with 2000 rows, 48060 columns and 136600 nonzeros (Min)
Model fingerprint: 0xf5b76798
Model has 48060 linear objective coefficients
Variable types: 48000 continuous, 60 integer (60 binary)
Coefficient statistics:
  Matrix range     [1e+00, 1e+03]
  Objective range  [1e+00, 5e+02]
  Bounds range     [1e+00, 1e+00]
  RHS range        [5e+00, 2e+01]

Using branch priorities.
Found heuristic solution: objective 1291235.0000
Presolve time: 0.10s
Presolved: 2000 rows, 48060 columns, 136600 nonzeros
Variable types: 48000 continuous, 60 integer (60 binary)
Deterministic concurrent LP optimizer: primal and dual simplex
Showing primal log only...

Concurrent spin time: 0.00s

Solved with dual simplex

Root relaxation: objective 8.440235e+04, 2052 iterations, 0.05 seconds (0.07 work units)

    Nodes    |    Current Node    |     Objective Bounds      |     Work
 Expl Unexpl |  Obj  Depth IntInf | Incumbent    BestBd   Gap | It/Node Time

     0     0 84402.3531    0   59 1291235.00 84402.3531  93.5%     -    0s
H    0     0                    97488.967274 84402.3531  13.4%     -    0s
H    0     0                    97322.135065 84402.3531  13.3%     -    0s
     0     0 95173.9194    0   18 97322.1351 95173.9194  2.21%     -    0s
H    0     0                    96772.000000 95241.2678  1.58%     -    0s
     0     0 95982.0642    0   10 96772.0000 95982.0642  0.82%     -    0s
     0     0 96516.0123    0    4 96772.0000 96516.0123  0.26%     -    0s
H    0     0                    96608.000000 96528.0123  0.08%     -    0s
     0     0 96528.0123    0    2 96608.0000 96528.0123  0.08%     -    0s
     0     0 96580.0000    0    1 96608.0000 96580.0000  0.03%     -    0s
*    0     0               0    96580.000000 96580.0000  0.00%     -    0s

Cutting planes:
  Implied bound: 862
  MIR: 17
  Flow cover: 288
  Relax-and-lift: 23

Explored 1 nodes (3012 simplex iterations) in 0.84 seconds (0.82 work units)
Thread count was 32 (of 32 available processors)

Solution count 3: 96580 97322.1 97489 

Optimal solution found (tolerance 0.00e+00)
Best objective 9.658000000000e+04, best bound 9.658000000000e+04, gap 0.0000%
