
Gurobi 13.0.2 (win64) logging started Fri Jul 17 14:29:06 2026

Set parameter LogFile to value "logs/kstar_nI40_nJ40_nK100_nL5_tI2_tJ2_s1_m1_exact_s0_20260717-142906.gurobi.log"
Set parameter Seed to value 0
Set parameter TimeLimit to value 599.9655677
Set parameter MIPGap to value 0
Set parameter MIPGapAbs to value 0.5
Set parameter Cutoff to value 1e+100
Gurobi Optimizer version 13.0.2 build v13.0.2rc1 (win64 - Windows 11+.0 (26200.2))

CPU model: Intel(R) Core(TM) i9-14900HX, instruction set [SSE2|AVX|AVX2]
Thread count: 24 physical cores, 32 logical processors, using up to 32 threads

Non-default parameters:
TimeLimit  599.9655677
MIPGap  0
MIPGapAbs  0.5
PreCrush  1
LazyConstraints  1

Optimize a model with 10 rows, 85 columns and 400 nonzeros (Min)
Model fingerprint: 0xbc5ad836
Model has 85 linear objective coefficients
Variable types: 5 continuous, 80 integer (80 binary)
Coefficient statistics:
  Matrix range     [1e+00, 1e+03]
  Objective range  [1e+00, 5e+02]
  Bounds range     [1e+00, 7e+03]
  RHS range        [1e+03, 1e+03]

Using branch priorities.
Presolve removed 6 rows and 0 columns
Presolve time: 0.00s
Presolved: 4 rows, 85 columns, 160 nonzeros
Variable types: 5 continuous, 80 integer (80 binary)

Root relaxation: objective 3.305905e+04, 7 iterations, 0.00 seconds (0.00 work units)

    Nodes    |    Current Node    |     Objective Bounds      |     Work
 Expl Unexpl |  Obj  Depth IntInf | Incumbent    BestBd   Gap | It/Node Time

     0     0 33059.0480    0    2          - 33059.0480      -     -    0s
H    0     0                    386966.00000 33059.0480  91.5%     -    0s
H    0     0                    363542.00000 33059.0480  90.9%     -    0s
H    0     0                    339802.00000 33059.0480  90.3%     -    0s
H    0     0                    288315.00000 33059.0480  88.5%     -    0s
H    0     0                    280922.00000 33059.0480  88.2%     -    0s
H    0     0                    263168.00000 33059.0480  87.4%     -    0s
H    0     0                    243065.00000 33059.0480  86.4%     -    0s
     0     0 33129.3192    0    8 243065.000 33129.3192  86.4%     -    0s
     0     0 33134.5642    0    8 243065.000 33134.5642  86.4%     -    0s
H    0     0                    217962.00000 33134.5642  84.8%     -    0s
     0     2 33155.3877    0   10 217962.000 33155.3877  84.8%     -    0s
  2547  2404 33853.6554   33    3 217962.000 33209.2228  84.8%   2.6    5s
  3640  3295 33212.5214   17   17 217962.000 33212.5214  84.8%   2.9   10s
  4171  3633 33598.8192   25    9 217962.000 33212.5214  84.8%   4.0   15s
  5070  4371 33501.8180   31   11 217962.000 33212.5214  84.8%   4.4   20s
  6413  4962 33311.5929   18   15 217962.000 33218.7931  84.8%   4.4   25s
  8140  5927 34574.9239   64    5 217962.000 33221.4351  84.8%   4.1   30s
  9689  6884 33818.3194   31    3 217962.000 33239.1843  84.8%   4.1   35s
 11674  7770 33362.9500   24   13 217962.000 33253.6452  84.7%   3.9   40s
 12836  8128 34850.6280   64    2 217962.000 33262.6321  84.7%   3.9   45s
 12988  8347 34903.0916   67    1 217962.000 33265.5260  84.7%   3.9   50s
 13879  8868 33446.0958   31   14 217962.000 33272.1805  84.7%   3.8   55s
 14980 10137 33480.2354   34   13 217962.000 33285.4713  84.7%   3.9   60s
 17192 11831 33801.1476   39    2 217962.000 33289.5791  84.7%   3.7   65s
 18719 13324 34374.7294   60    2 217962.000 33295.1680  84.7%   3.8   70s
 21207 15412 33395.1967   19   17 217962.000 33295.1680  84.7%   3.7   76s
 23619 17063 33860.7769   38    4 217962.000 33304.4624  84.7%   3.6   80s
 25556 19061 34450.0994   77    1 217962.000 33305.6822  84.7%   3.6   85s
 28278 21089 33677.1366   24    5 217962.000 33305.6822  84.7%   3.6   91s
 29633 21873 34605.2685   51    2 217962.000 33305.6822  84.7%   3.5   95s
 32071 23317 34730.0176   50    3 217962.000 33306.4805  84.7%   3.4  100s
 34024 25220 33950.7112   36    2 217962.000 33310.2752  84.7%   3.4  106s
 35563 25619 33654.8355   35   11 217962.000 33310.2752  84.7%   3.3  110s
 35654 25702 35075.9607   77    4 217962.000 33322.3477  84.7%   3.3  115s
 36875 27104 33465.7377   27   19 217962.000 33324.3727  84.7%   3.3  124s
 37481 28041 33561.7416   40   15 217962.000 33324.3727  84.7%   3.4  128s
 38735 29415 33514.4548   22   14 217962.000 33328.7491  84.7%   3.4  132s
 40418 30797 33558.6004   32   16 217962.000 33337.3705  84.7%   3.4  137s
 42242 31141 35206.9358   81    8 217962.000 33339.7988  84.7%   3.4  148s
H42243 29584                    192228.00000 33339.7988  82.7%   3.4  149s
 42244 29584 34196.0000   67   20 192228.000 33339.7988  82.7%   3.4  151s
H42250 28109                    178022.00000 33339.7988  81.3%   3.4  155s
 42264 28119 35213.0000   74   23 178022.000 33339.7988  81.3%   3.4  160s
 42274 28125 33500.3287   32   22 178022.000 33339.7988  81.3%   3.4  165s
H42278 26721                    170430.00000 33339.7988  80.4%   3.4  167s
 42310 26775 33339.7988   29   23 170430.000 33339.7988  80.4%   3.4  170s
 42505 26905 33339.7988   32   22 170430.000 33339.7988  80.4%   3.5  175s
 42537 26927 33347.0605   32   27 170430.000 33339.7988  80.4%   3.5  180s
 42670 27115 33385.9244   33   25 170430.000 33339.7988  80.4%   3.6  185s
 43118 27326 33339.7988   36   20 170430.000 33339.7988  80.4%   3.6  191s
 43656 27707 33350.4473   38   21 170430.000 33339.7988  80.4%   3.7  195s
 44440 28018 38328.9020   94    1 170430.000 33339.7988  80.4%   3.7  200s
 45040 28316 38624.4588  102    1 170430.000 33339.7988  80.4%   3.7  205s
 45554 28618 33822.9705   42    6 170430.000 33339.7988  80.4%   3.8  210s
 46004 28915 33625.8891   48   15 170430.000 33339.7988  80.4%   3.8  215s
 46762 29437 33626.5467   51   12 170430.000 33339.7988  80.4%   3.9  220s
 47485 29899 33718.6967   54   10 170430.000 33339.7988  80.4%   3.9  225s
 48333 30016 73051.0000   94    - 170430.000 33339.7988  80.4%   3.9  230s
 49054 30781 34473.0686   70    2 170430.000 33339.7988  80.4%   3.9  235s
 50529 31628 35424.0195   88    1 170430.000 33339.7988  80.4%   3.9  242s
 51296 31813 36194.0000   94    - 170430.000 33339.7988  80.4%   4.0  246s
 52246 32200 34853.8418   92    2 170430.000 33339.7988  80.4%   4.0  250s
 53501 33136 34113.0000   94    - 170430.000 33339.7988  80.4%   4.0  256s
 54394 33654 33879.8099   57    7 170430.000 33339.7988  80.4%   4.0  260s
 56066 33857 33621.5191   36   13 170430.000 33342.3121  80.4%   4.0  267s
 56108 33998 33625.6865   37   14 170430.000 33342.3121  80.4%   4.0  273s
 56433 34020 33635.3257   38   13 170430.000 33342.3121  80.4%   4.0  279s
 56543 34058 33652.5305   39   13 170430.000 33345.4578  80.4%   4.0  285s
 56617 34881 33734.1458   40   15 170430.000 33345.4578  80.4%   4.0  291s
 58122 35699 33477.2003   48   18 170430.000 33350.3257  80.4%   4.0  296s
 59474 36529 34320.0704   74    1 170430.000 33387.0144  80.4%   4.0  301s
 61090 36282 33847.7261   55    6 170430.000 33415.5479  80.4%   4.0  307s
 61122 36534 33691.6899   55    9 170430.000 33415.5983  80.4%   4.0  315s
 61452 37242 33919.3963   56    6 170430.000 33415.5983  80.4%   4.0  320s
 62372 37997 34201.9834   72    1 170430.000 33415.5983  80.4%   4.1  327s
 64042 39089 34490.0000   69    - 170430.000 33441.5934  80.4%   4.1  335s
 65955 40137 33496.9318   42   17 170430.000 33450.8070  80.4%   4.1  342s
 68019 41100 33594.2441   37   16 170430.000 33468.0413  80.4%   4.1  350s
 70146 42619 33765.6661   40    6 170430.000 33468.4378  80.4%   4.1  357s
 72662 43315 35878.6102   75    1 170430.000 33476.3001  80.4%   4.1  365s
 74627 43859 34225.0189   56    2 170430.000 33483.1032  80.4%   4.1  372s
 76819 45075 33659.1735   49    9 170430.000 33483.1032  80.4%   4.1  379s
 77140 45033 35783.1387   92    1 170430.000 33483.1737  80.4%   4.1  380s
 78937 46803 34411.9345   60    3 170430.000 33483.9341  80.4%   4.1  388s
 81722 48082 33515.1930   44   16 170430.000 33491.2207  80.3%   4.0  396s
 84448 48946 34027.5285   55    9 170430.000 33495.8876  80.3%   4.0  406s
 86260 49715 33643.0158   38   16 170430.000 33495.8876  80.3%   4.0  414s
 86620 49669 33734.5148   35   15 170430.000 33497.9796  80.3%   4.0  415s
 88540 50523 33896.3899   53    7 170430.000 33504.6423  80.3%   4.1  424s
 89600 50441 34584.5014   86    3 170430.000 33504.7416  80.3%   4.0  425s
 90986 52282 38856.9291   95    2 170430.000 33505.1041  80.3%   4.0  434s
 93785 54089 33600.5284   48   21 170430.000 33508.2134  80.3%   4.0  444s
 95311 53802 33818.9682   42   10 170430.000 33508.2134  80.3%   4.0  445s
 97001 53964 34432.7633   76    3 170430.000 33512.1158  80.3%   4.0  454s
 97405 53893 33649.4235   37   14 170430.000 33512.1158  80.3%   4.0  455s
 97686 53873 34969.6865  102    2 170430.000 33512.1158  80.3%   4.0  465s
 97720 55709 35050.4541  103    1 170430.000 33512.1158  80.3%   4.0  476s
 100547 57277 33708.8193   36    9 170430.000 33514.5676  80.3%   4.0  490s
 103583 59264 34626.6966   76    1 170430.000 33518.3451  80.3%   4.0  504s
 104624 59065 33701.2077   35   12 170430.000 33518.3451  80.3%   4.0  505s
 107130 61271 34452.6792   84    1 170430.000 33520.7166  80.3%   4.0  517s
 110813 63215 34336.7993   73    3 170430.000 33523.8576  80.3%   4.0  531s
 114502 64878 34378.9799   69    5 170430.000 33526.0052  80.3%   4.0  547s
 117551 64375 34126.1276   54    8 170430.000 33526.0052  80.3%   3.9  550s
 118153 65732 33835.2147   39   11 170430.000 33532.3423  80.3%   3.9  562s
 122428 68146 34682.3067   89    2 170430.000 33535.5935  80.3%   3.9  578s
 125406 68630 34301.8101   56    3 170430.000 33535.6963  80.3%   3.9  581s
 125983 68901 34131.8769   51    4 170430.000 33537.7885  80.3%   3.9  593s
 126106 68923 33580.1409   45   17 170430.000 33537.7885  80.3%   3.9  595s
 126265 69916 34444.8152   52    3 170430.000 33537.7885  80.3%   3.9  600s

Cutting planes:
  MIR: 10
  Flow cover: 6

Explored 127561 nodes (498711 simplex iterations) in 602.88 seconds (210.51 work units)
Thread count was 32 (of 32 available processors)

Solution count 10: 170430 178022 192228 ... 363542

Time limit reached
Best objective 1.704300000000e+05, best bound 3.353833378348e+04, gap 80.3213%

User-callback calls 283792, time in user-callback 171.03 sec
