
Gurobi 13.0.2 (win64) logging started Wed Jul 15 20:54:38 2026

Set parameter LogFile to value "logs/kstar_nI40_nJ40_nK50_nL5_tI3_tJ3_s5_m0_exact_s0_20260715-205438.gurobi.log"
Set parameter Seed to value 0
Set parameter TimeLimit to value 599.9765533
Set parameter NodefileStart to value 4
Set parameter MIPGap to value 0
Set parameter MIPGapAbs to value 0.9999
Set parameter Cutoff to value 1e+100
Gurobi Optimizer version 13.0.2 build v13.0.2rc1 (win64 - Windows 11+.0 (26200.2))

CPU model: Intel(R) Core(TM) i9-14900HX, instruction set [SSE2|AVX|AVX2]
Thread count: 24 physical cores, 32 logical processors, using up to 32 threads

Non-default parameters:
TimeLimit  599.9765533
MIPGap  0
MIPGapAbs  0.9999
NodefileStart  4

Optimize a model with 850 rows, 18080 columns and 46400 nonzeros (Min)
Model fingerprint: 0x4315b0bc
Model has 18080 linear objective coefficients
Variable types: 18000 continuous, 80 integer (80 binary)
Coefficient statistics:
  Matrix range     [1e+00, 6e+02]
  Objective range  [1e+00, 5e+02]
  Bounds range     [1e+00, 1e+00]
  RHS range        [5e+00, 2e+01]

Using branch priorities.
Found heuristic solution: objective 337089.00000
Presolve time: 0.03s
Presolved: 850 rows, 18080 columns, 46400 nonzeros
Variable types: 18000 continuous, 80 integer (80 binary)

Root relaxation: objective 2.036622e+04, 738 iterations, 0.00 seconds (0.01 work units)

    Nodes    |    Current Node    |     Objective Bounds      |     Work
 Expl Unexpl |  Obj  Depth IntInf | Incumbent    BestBd   Gap | It/Node Time

     0     0 20366.2160    0   78 337089.000 20366.2160  94.0%     -    0s
H    0     0                    39222.984034 20366.2160  48.1%     -    0s
H    0     0                    38513.000000 20366.2160  47.1%     -    0s
H    0     0                    38148.000000 20366.2160  46.6%     -    0s
H    0     0                    37891.004347 25707.1943  32.2%     -    0s
H    0     0                    36608.000000 25707.1943  29.8%     -    0s
     0     0 25707.1943    0   72 36608.0000 25707.1943  29.8%     -    0s
H    0     0                    34498.000000 25725.8859  25.4%     -    0s
H    0     0                    34258.000000 25725.8859  24.9%     -    0s
H    0     0                    34033.000000 25725.8859  24.4%     -    0s
     0     0 25792.8485    0   70 34033.0000 25792.8485  24.2%     -    0s
     0     0 25793.0025    0   70 34033.0000 25793.0025  24.2%     -    0s
     0     0 27749.8621    0   71 34033.0000 27749.8621  18.5%     -    0s
H    0     0                    33555.000000 27754.6834  17.3%     -    0s
H    0     0                    32827.000000 27754.6834  15.5%     -    0s
H    0     0                    32128.000000 28072.9037  12.6%     -    0s
H    0     0                    32117.000000 28072.9037  12.6%     -    0s
     0     0 28072.9037    0   73 32117.0000 28072.9037  12.6%     -    0s
     0     0 28231.6930    0   72 32117.0000 28231.6930  12.1%     -    0s
     0     0 28265.7894    0   73 32117.0000 28265.7894  12.0%     -    0s
     0     0 28277.7462    0   73 32117.0000 28277.7462  12.0%     -    0s
     0     0 28281.0854    0   73 32117.0000 28281.0854  11.9%     -    0s
     0     0 28913.6270    0   78 32117.0000 28913.6270  10.0%     -    0s
     0     0 29079.1200    0   77 32117.0000 29079.1200  9.46%     -    0s
     0     0 29158.9299    0   79 32117.0000 29158.9299  9.21%     -    0s
     0     0 29193.8996    0   78 32117.0000 29193.8996  9.10%     -    0s
     0     0 29204.7231    0   78 32117.0000 29204.7231  9.07%     -    0s
     0     0 29206.6766    0   77 32117.0000 29206.6766  9.06%     -    0s
     0     0 29361.2321    0   78 32117.0000 29361.2321  8.58%     -    1s
     0     0 29409.4892    0   78 32117.0000 29409.4892  8.43%     -    1s
     0     0 29421.9171    0   78 32117.0000 29421.9171  8.39%     -    1s
     0     0 29429.0462    0   78 32117.0000 29429.0462  8.37%     -    1s
H    0     0                    32088.453653 29429.0462  8.29%     -    1s
H    0     0                    31941.603466 29429.0462  7.87%     -    1s
H    0     0                    31834.297216 29429.0462  7.56%     -    1s
H    0     0                    31613.111819 29429.0462  6.91%     -    1s
H    0     0                    31561.499448 29429.0462  6.76%     -    1s
H    0     0                    31493.499448 29429.0462  6.56%     -    1s
H    0     0                    31441.000000 29429.0462  6.40%     -    1s
     0     0 29503.1579    0   76 31441.0000 29503.1579  6.16%     -    1s
     0     0 29525.3307    0   75 31441.0000 29525.3307  6.09%     -    1s
     0     0 29528.7880    0   76 31441.0000 29528.7880  6.08%     -    1s
     0     0 29540.0965    0   77 31441.0000 29540.0965  6.05%     -    1s
     0     0 29541.9100    0   77 31441.0000 29541.9100  6.04%     -    1s
     0     0 29541.9100    0   77 31441.0000 29541.9100  6.04%     -    1s
     0     2 29541.9100    0   77 31441.0000 29541.9100  6.04%     -    1s
H  290   332                    31417.000000 29812.1500  5.11%   153    2s
H  292   332                    30722.000000 29812.1500  2.96%   153    2s
H  799   679                    30663.990611 29909.2125  2.46%   103    2s
H  800   679                    30623.860176 29909.2125  2.33%   103    2s
*  809   707              33    30545.000000 29909.2125  2.08%   102    2s
*  858   707              42    30437.000000 29909.2125  1.73%   101    2s
* 1116   777              30    30428.000000 29909.2125  1.70%  97.0    3s
* 1256   796              32    30422.000000 29972.4501  1.48%  94.7    3s
H 1293   810                    30375.000000 29972.4501  1.33%  94.9    3s
* 1536   865              29    30340.000000 29990.5331  1.15%  93.1    3s
* 2001   946              30    30312.000000 30061.2369  0.83%  89.1    4s
  3123   982     cutoff   20      30312.0000 30155.4631  0.52%  84.6    5s
* 3213   982              22    30307.000000 30159.4012  0.49%  84.4    5s
* 3645   867              27    30292.000000 30179.1168  0.37%  82.0    5s
* 4018   730              26    30283.000000 30209.0694  0.24%  79.8    5s
* 4042   730              24    30267.000000 30209.7281  0.19%  79.5    5s

Cutting planes:
  Implied bound: 490
  MIR: 289
  Flow cover: 530
  Relax-and-lift: 17

Explored 4866 nodes (335023 simplex iterations) in 6.15 seconds (10.44 work units)
Thread count was 32 (of 32 available processors)

Solution count 10: 30267 30283 30292 ... 30437

Optimal solution found (tolerance 0.00e+00)
Best objective 3.026700000000e+04, best bound 3.026700000000e+04, gap 0.0000%
