
Gurobi 13.0.2 (win64) logging started Fri Jul 17 02:55:46 2026

Set parameter LogFile to value "logs/kstar_nI40_nJ20_nK50_nL10_tI3_tJ3_s2_m1_exact_s0_20260717-025546.gurobi.log"
Set parameter Seed to value 0
Set parameter TimeLimit to value 599.9750878
Set parameter MIPGap to value 0
Set parameter MIPGapAbs to value 0.5
Set parameter Cutoff to value 1e+100
Gurobi Optimizer version 13.0.2 build v13.0.2rc1 (win64 - Windows 11+.0 (26200.2))

CPU model: Intel(R) Core(TM) i9-14900HX, instruction set [SSE2|AVX|AVX2]
Thread count: 24 physical cores, 32 logical processors, using up to 32 threads

Non-default parameters:
TimeLimit  599.9750878
MIPGap  0
MIPGapAbs  0.5
PreCrush  1
LazyConstraints  1

Optimize a model with 20 rows, 70 columns and 600 nonzeros (Min)
Model fingerprint: 0xa77bd94e
Model has 70 linear objective coefficients
Variable types: 10 continuous, 60 integer (60 binary)
Coefficient statistics:
  Matrix range     [2e+01, 7e+02]
  Objective range  [1e+00, 5e+02]
  Bounds range     [1e+00, 6e+03]
  RHS range        [6e+02, 7e+02]

Using branch priorities.
Presolve removed 5 rows and 0 columns
Presolve time: 0.00s
Presolved: 15 rows, 70 columns, 480 nonzeros
Variable types: 10 continuous, 60 integer (60 binary)

Root relaxation: objective 4.859644e+04, 9 iterations, 0.00 seconds (0.00 work units)

    Nodes    |    Current Node    |     Objective Bounds      |     Work
 Expl Unexpl |  Obj  Depth IntInf | Incumbent    BestBd   Gap | It/Node Time

     0     0 48596.4361    0    4          - 48596.4361      -     -    0s
H    0     0                    289893.00000 48596.4361  83.2%     -    0s
H    0     0                    269652.00000 48596.4361  82.0%     -    0s
H    0     0                    265474.00000 48596.4361  81.7%     -    0s
H    0     0                    260990.00000 48596.4361  81.4%     -    0s
H    0     0                    251672.00000 48596.4361  80.7%     -    0s
     0     0 48652.9573    0    6 251672.000 48652.9573  80.7%     -    0s
     0     0 48755.0359    0    7 251672.000 48755.0359  80.6%     -    0s
H    0     0                    177482.00000 48763.6048  72.5%     -    0s
H    0     0                    176563.00000 48763.6048  72.4%     -    0s
     0     0 48803.8030    0   11 176563.000 48803.8030  72.4%     -    0s
     0     0 48804.4155    0   11 176563.000 48804.4155  72.4%     -    0s
     0     2 48849.9820    0   16 176563.000 48849.9820  72.3%     -    0s
H 3215  2716                    141247.00000 48979.5717  65.3%   3.4    2s
H 3221  2583                    129064.00000 48990.5740  62.0%   3.4    3s
  3246  2616 49044.9817   18   15 129064.000 48998.7877  62.0%   3.5    5s
  5142  3807 51073.0720   38    1 129064.000 49098.6819  62.0%   5.0   10s
* 6527  4247              74    122956.00000 49115.6169  60.1%   4.9   12s
  8359  5229 49569.1823   25   17 122956.000 49147.5394  60.0%   5.0   15s
 10623  6588 49976.0847   34   10 122956.000 49239.7616  60.0%   4.9   20s
 15032 10604 49855.2243   27   13 122956.000 49348.9229  59.9%   4.9   25s
 19297 13805 53107.1349   67    3 122956.000 49371.6012  59.8%   4.7   30s
 19878 14051 49925.9988   25   16 122956.000 49379.6497  59.8%   4.8   35s
 20203 14467 50187.5163   29   11 122956.000 49402.0855  59.8%   4.8   40s
 21560 15792 53950.0384   64    2 122956.000 49412.9307  59.8%   4.9   46s
 23181 17277 57700.0650   64    2 122956.000 49432.9491  59.8%   4.9   50s
 25427 19409 52030.7490   59    2 122956.000 49432.9491  59.8%   4.9   55s
 28619 21354 58115.5466   57    3 122956.000 49448.7942  59.8%   4.9   60s
 29336 22398 51787.3306   53    3 122956.000 49448.7942  59.8%   4.9   67s
 30047 23194 50749.9159   39   10 122956.000 49480.8616  59.8%   4.9   71s
 31815 24909 49844.3572   26   20 122956.000 49501.3244  59.7%   5.0   77s
 33023 25897 50270.6721   34    9 122956.000 49504.6613  59.7%   5.0   81s
 35531 27345 50434.5034   32   13 122956.000 49518.7401  59.7%   5.0   85s
 37082 29689 50242.4767   27   19 122956.000 49533.0802  59.7%   5.0   92s
 38634 30708 50015.4818   27   11 122956.000 49537.7845  59.7%   5.1   95s
 40516 31894 51746.3104   49    2 122956.000 49541.7635  59.7%   5.1  100s
 43655 34949 51085.9004   49    4 122956.000 49564.9796  59.7%   5.1  108s
 45333 36415 50485.4966   34   13 122956.000 49570.1326  59.7%   5.1  112s
 47099 37925 50525.3020   43   12 122956.000 49580.2997  59.7%   5.1  117s
 48832 39390 51154.7648   46    4 122956.000 49588.5346  59.7%   5.2  122s
 50464 41166 50465.3814   30   14 122956.000 49592.6445  59.7%   5.2  127s
 52783 42904 49880.2176   26   19 122956.000 49612.7536  59.6%   5.2  132s
 54846 44752 50431.6695   32   13 122956.000 49612.7536  59.6%   5.2  137s
 56877 45019 51736.5728   49   11 122956.000 49616.2004  59.6%   5.2  155s
H56878 42769                    111918.00000 49616.2004  55.7%   5.2  157s
 56880 42770 49746.4200   30   30 111918.000 49616.2004  55.7%   5.2  161s
H56880 40631                    95774.000000 49616.2004  48.2%   5.2  164s
 56885 40634 51396.2878   50   32 95774.0000 49616.2004  48.2%   5.2  166s
H56885 38602                    93590.000000 49616.2004  47.0%   5.2  169s
 56887 38604 54989.0000   63   33 93590.0000 49616.2004  47.0%   5.2  171s
 56889 38605 51232.0000   56   32 93590.0000 49616.2004  47.0%   5.2  175s
 56891 38606 49767.6376   31   33 93590.0000 49616.2004  47.0%   5.2  180s
 56895 38612 49616.2004   29   31 93590.0000 49616.2004  47.0%   5.3  185s
 56925 38662 49616.2004   33   27 93590.0000 49616.2004  47.0%   5.3  190s
 57080 38844 49946.6251   36   21 93590.0000 49616.2004  47.0%   5.4  196s
 57375 38986 50753.1280   40   14 93590.0000 49616.2004  47.0%   5.5  201s
 57683 39255 51034.7232   43   13 93590.0000 49616.2004  47.0%   5.6  205s
 58610 39803 51679.5134   51    7 93590.0000 49616.2004  47.0%   5.6  210s
 59692 40327 53472.5027   66    2 93590.0000 49616.2004  47.0%   5.7  215s
 60387 40646 55252.0000   76    - 93590.0000 49616.2004  47.0%   5.7  220s
 60778 40816 76011.0000   86    - 93590.0000 49616.2004  47.0%   5.7  225s
 61132 41175 50346.6168   45   22 93590.0000 49616.2004  47.0%   5.7  232s
 61499 41539 50780.1756   54   12 93590.0000 49659.1152  46.9%   5.8  235s
 62679 42299 50321.0460   42   15 93590.0000 49659.1152  46.9%   5.8  241s
 64147 42944 50090.3968   37   21 93590.0000 49659.1152  46.9%   5.9  247s
 64895 43391 50594.9856   45   18 93590.0000 49659.1152  46.9%   5.9  250s
 66529 44249 50588.2436   44   10 93590.0000 49780.9425  46.8%   5.9  256s
 68220 45272 51110.6528   56   13 93590.0000 49801.5793  46.8%   6.0  262s
 69165 45834 50409.4926   42   21 93590.0000 49815.5028  46.8%   6.1  265s
 71451 46296 51395.5591   53   12 93590.0000 49821.3706  46.8%   6.1  272s
 71486 46820 51439.0324   54   12 93590.0000 49821.3706  46.8%   6.1  277s
 72184 47355 50541.3274   44   13 93590.0000 49821.3706  46.8%   6.2  282s
 73107 47606 50167.8739   41   18 93590.0000 49821.3706  46.8%   6.2  287s
 73665 48324 50766.8910   50   14 93590.0000 49821.3706  46.8%   6.3  291s
 74986 48803 50364.1136   43   19 93590.0000 49879.4381  46.7%   6.3  296s
 76015 49364 50040.8081   37   24 93590.0000 49879.4381  46.7%   6.3  300s
 76979 50005 52628.0000   71    - 93590.0000 49879.4381  46.7%   6.3  305s
 78137 50837 50959.1152   51   19 93590.0000 49936.4297  46.6%   6.3  310s
 80684 52214 50249.5520   40   21 93590.0000 49965.5972  46.6%   6.4  319s
 82134 52784 50503.7701   43   20 93590.0000 49973.8095  46.6%   6.4  325s
 83299 53663 50056.7618   38   25 93590.0000 49983.7953  46.6%   6.5  330s
 84693 54551 50765.5338   49   17 93590.0000 49983.7953  46.6%   6.5  335s
 86299 55211 50614.9671   40   15 93590.0000 49987.0493  46.6%   6.5  341s
 87825 56048 53030.5795   67    3 93590.0000 50003.2956  46.6%   6.6  346s
 89574 55915 50614.0020   46   18 93590.0000 50008.5930  46.6%   6.6  353s
 89717 56877 50747.8570   47   13 93590.0000 50008.5930  46.6%   6.6  359s
 91002 57877 50820.5705   48   15 93590.0000 50013.2563  46.6%   6.6  365s
 92774 57586 51093.5546   53    8 93590.0000 50021.8365  46.6%   6.7  371s
 92847 58509 51491.8932   60    2 93590.0000 50021.8365  46.6%   6.7  378s
 94106 59163 50959.6744   44   18 93590.0000 50026.4645  46.5%   6.7  385s
 95506 60196 51455.9906   73    5 93590.0000 50027.1219  46.5%   6.7  393s
 97156 61095 51421.5161   50   16 93590.0000 50027.4571  46.5%   6.8  402s
 98926 62374 50442.6710   40   18 93590.0000 50036.4347  46.5%   6.8  410s
 101108 63617 51779.0021   55    5 93590.0000 50039.5751  46.5%   6.8  420s
 103359 64618 50688.7138   44   18 93590.0000 50056.1570  46.5%   6.8  428s
 105255 65546 51110.4019   53   10 93590.0000 50071.4304  46.5%   6.9  437s
 107407 66780 51319.2024   52   12 93590.0000 50072.3229  46.5%   6.9  445s
 109593 68175 51511.9328   66    8 93590.0000 50082.4990  46.5%   6.9  456s
 112108 69343 50887.1386   46   19 93590.0000 50091.0798  46.5%   7.0  466s
 114227 70777 50825.7287   46   18 93590.0000 50100.4373  46.5%   7.0  477s
 117174 71960 50469.7599   43   21 93590.0000 50107.3505  46.5%   7.0  490s
 119335 71701 51419.1119   56    8 93590.0000 50114.3753  46.5%   7.1  498s
 119664 73368 51852.7113   56    6 93590.0000 50114.4521  46.5%   7.1  509s
 122324 74983 50637.7121   43   20 93590.0000 50115.3216  46.5%   7.1  522s
 124903 76159 50870.7644   45   18 93590.0000 50124.5293  46.4%   7.1  535s
 127975 78052 50447.1393   40   19 93590.0000 50129.1119  46.4%   7.2  550s
 130994 79751 51758.9164   69    1 93590.0000 50137.0552  46.4%   7.2  566s
 133991 81586 52626.6753   76    1 93590.0000 50142.7597  46.4%   7.2  583s
 137318 83142 51121.2604   48   15 93590.0000 50158.9685  46.4%   7.2  598s

Cutting planes:
  Gomory: 1
  Cover: 1
  MIR: 14
  Flow cover: 2

Explored 140323 nodes (1019228 simplex iterations) in 600.80 seconds (308.53 work units)
Thread count was 32 (of 32 available processors)

Solution count 10: 93590 95774 111918 ... 265474

Time limit reached
Best objective 9.359000000000e+04, best bound 5.016619489186e+04, gap 46.3979%

User-callback calls 302879, time in user-callback 41.22 sec
