
Gurobi 13.0.2 (win64) logging started Thu Jul 16 00:58:28 2026

Set parameter LogFile to value "logs/kstar_nI20_nJ40_nK100_nL10_tI2_tJ2_s2_m1_exact_s0_20260716-005828.gurobi.log"
Set parameter Seed to value 0
Set parameter TimeLimit to value 599.9430094
Set parameter MIPGap to value 0
Set parameter MIPGapAbs to value 0.5
Set parameter Cutoff to value 1e+100
Gurobi Optimizer version 13.0.2 build v13.0.2rc1 (win64 - Windows 11+.0 (26200.2))

CPU model: Intel(R) Core(TM) i9-14900HX, instruction set [SSE2|AVX|AVX2]
Thread count: 24 physical cores, 32 logical processors, using up to 32 threads

Non-default parameters:
TimeLimit  599.9430094
MIPGap  0
MIPGapAbs  0.5
PreCrush  1
LazyConstraints  1

Optimize a model with 20 rows, 70 columns and 600 nonzeros (Min)
Model fingerprint: 0x3d425751
Model has 70 linear objective coefficients
Variable types: 10 continuous, 60 integer (60 binary)
Coefficient statistics:
  Matrix range     [2e+01, 1e+03]
  Objective range  [1e+00, 5e+02]
  Bounds range     [1e+00, 9e+03]
  RHS range        [1e+03, 1e+03]

Using branch priorities.
Presolve removed 16 rows and 0 columns
Presolve time: 0.00s
Presolved: 4 rows, 70 columns, 120 nonzeros
Variable types: 10 continuous, 60 integer (60 binary)

Root relaxation: objective 8.014404e+04, 6 iterations, 0.00 seconds (0.00 work units)

    Nodes    |    Current Node    |     Objective Bounds      |     Work
 Expl Unexpl |  Obj  Depth IntInf | Incumbent    BestBd   Gap | It/Node Time

     0     0 80144.0363    0    4          - 80144.0363      -     -    0s
H    0     0                    670085.00000 80144.0363  88.0%     -    0s
H    0     0                    624422.00000 80144.0363  87.2%     -    0s
H    0     0                    562596.00000 80144.0363  85.8%     -    0s
H    0     0                    540310.00000 80144.0363  85.2%     -    0s
     0     0 80180.5014    0    7 540310.000 80180.5014  85.2%     -    0s
     0     0 80184.5525    0    7 540310.000 80184.5525  85.2%     -    0s
H    0     0                    537034.00000 80184.5525  85.1%     -    0s
     0     2 80224.4712    0   10 537034.000 80224.4712  85.1%     -    0s
  2131  2220 80862.2789   42    4 537034.000 80329.6895  85.0%   2.7    5s
  3624  3125 80908.6953   31    7 537034.000 80371.6112  85.0%   2.5   10s
H 3625  2969                    380717.00000 80371.6112  78.9%   2.5   10s
H 3638  2828                    311603.00000 80371.6112  74.2%   2.5   11s
H 3639  2829                    297705.00000 80371.6112  73.0%   2.5   11s
  3867  3014 80489.8209   23   14 297705.000 80398.6077  73.0%   3.2   15s
  4354  3327 80902.7448   33    7 297705.000 80398.6077  73.0%   3.7   20s
  4973  3708 80798.4271   32    8 297705.000 80398.6077  73.0%   3.8   25s
  5954  4217 81435.3383   44    2 297705.000 80446.8729  73.0%   4.0   30s
  6973  4760 83574.9034   60    1 297705.000 80453.6433  73.0%   4.0   35s
  8006  5140 83341.0000   73    - 297705.000 80471.5819  73.0%   4.1   40s
  9233  5851 81381.8305   44    5 297705.000 80477.1452  73.0%   4.1   45s
 10795  6559 81843.8095   71    1 297705.000 80478.9469  73.0%   4.2   50s
 11187  6808 81993.9562   61    2 297705.000 80482.2029  73.0%   4.2   55s
 12097  7338 80838.3964   31    9 297705.000 80482.2029  73.0%   4.2   60s
 13233  8057 80563.0449   29   17 297705.000 80488.8384  73.0%   4.2   66s
 13533  8385 80776.4106   36   10 297705.000 80491.4824  73.0%   4.2   70s
 14551  9326 80995.1128   31    7 297705.000 80491.4824  73.0%   4.2   76s
 15369 10025 81032.3737   32    8 297705.000 80491.4824  73.0%   4.1   80s
 16346 10936 81480.7796   40    1 297705.000 80503.5310  73.0%   4.1   85s
 17311 11491 80623.0317   31   19 297705.000 80564.0135  72.9%   4.1   90s
 18871 13083 81561.8440   64    1 297705.000 80573.2952  72.9%   4.1   96s
 20375 14380 80948.7783   25   16 297705.000 80583.8189  72.9%   4.2  101s
 21951 15684 80676.2384   29   20 297705.000 80583.8189  72.9%   4.2  105s
 23940 16820 82016.9394   57    3 297705.000 80583.8189  72.9%   4.1  113s
 25183 17860 81077.7339   27    7 297705.000 80602.2523  72.9%   4.0  116s
 26957 19415 81047.6841   42   16 297705.000 80614.4049  72.9%   4.1  122s
 27877 20229 125698.000   73    - 297705.000 80614.4812  72.9%   4.1  125s
 29847 21277 80834.9123   26   14 297705.000 80616.5100  72.9%   4.2  130s
 30925 22972 80842.4833   45   15 297705.000 80623.7036  72.9%   4.2  137s
 32168 23841 80686.6649   36   22 297705.000 80623.7036  72.9%   4.2  141s
 33168 24834 81145.2872   47   10 297705.000 80623.7036  72.9%   4.3  145s
 34488 25164 80906.9005   26   13 297705.000 80629.7244  72.9%   4.3  150s
 34630 25633 80908.6222   27   14 297705.000 80629.7244  72.9%   4.3  155s
 35245 26215 81736.8628   70    2 297705.000 80629.7244  72.9%   4.3  160s
 35953 26845 81297.2195   42   10 297705.000 80629.7244  72.9%   4.3  165s
 36711 27353 81144.8703   49   11 297705.000 80629.7244  72.9%   4.3  170s
 37398 28068 80943.1489   28   13 297705.000 80629.7244  72.9%   4.4  175s
 38092 28627 81947.0263   60    4 297705.000 80648.2658  72.9%   4.4  180s
 38745 29395 81530.9237   47    7 297705.000 80648.2658  72.9%   4.4  185s
 39836 30337 81151.0523   43   12 297705.000 80658.4297  72.9%   4.4  192s
 40991 31387 83486.3382   69    2 297705.000 80664.1980  72.9%   4.4  198s
 42061 31572 81725.6976   48    3 297705.000 80664.7769  72.9%   4.4  200s
 42311 32342 80763.1618   39   18 297705.000 80667.2796  72.9%   4.4  205s
 43476 33055 81223.3096   26    8 297705.000 80670.3832  72.9%   4.5  211s
 44692 34110 81901.6580   52    1 297705.000 80670.3832  72.9%   4.4  218s
 46013 35481 81628.5113   41    1 297705.000 80673.6001  72.9%   4.5  227s
 47765 36652 81454.0729   41    4 297705.000 80673.6001  72.9%   4.5  234s
 47976 36711 81073.2586   27   10 297705.000 80673.6001  72.9%   4.4  235s
 49366 38042 81252.9554   51    5 297705.000 80676.5430  72.9%   4.4  242s
 50954 38336 81492.0000   32    7 297705.000 80677.6960  72.9%   4.5  265s
 50963 38342 82435.0000   63   27 297705.000 80677.6960  72.9%   4.5  272s
 50966 38344 81996.0000   69   28 297705.000 80677.6960  72.9%   4.5  275s
 50971 38347 81050.3282   37   29 297705.000 80677.6960  72.9%   4.5  281s
 50977 38356 80677.6960   32   27 297705.000 80677.6960  72.9%   4.5  285s
 51037 38424 80677.6960   36   26 297705.000 80677.6960  72.9%   4.5  292s
 51201 38534 80677.6960   38   20 297705.000 80677.6960  72.9%   4.6  297s
 51233 38575 80677.6960   39   26 297705.000 80677.6960  72.9%   4.6  301s
 51317 38643 80677.6960   40   25 297705.000 80677.6960  72.9%   4.6  307s
 51381 38745 80677.6960   40   24 297705.000 80677.6960  72.9%   4.7  311s
 51533 38815 81066.4595   44   11 297705.000 80677.6960  72.9%   4.7  315s
 51746 38977 80677.6960   42   25 297705.000 80677.6960  72.9%   4.7  321s
 52009 39165 80677.6960   43   24 297705.000 80677.6960  72.9%   4.8  326s
 52326 39320 80948.1170   44   18 297705.000 80677.6960  72.9%   4.8  331s
 52574 39370 80847.3347   45   17 297705.000 80677.6960  72.9%   4.8  336s
 52781 39616 80994.5163   47   15 297705.000 80677.6960  72.9%   4.9  340s
 53233 39805 81264.1046   49   12 297705.000 80677.6960  72.9%   4.9  345s
 53728 40037 84101.0981   87    2 297705.000 80677.6960  72.9%   4.9  350s
 54180 40286 92321.4249   89    1 297705.000 80677.6960  72.9%   5.0  355s
 54531 40705 81158.6302   58   11 297705.000 80677.6960  72.9%   5.0  361s
 54975 40631 81282.3870   62   11 297705.000 80677.6960  72.9%   5.0  365s
 55064 40658 81258.0168   63   13 297705.000 80677.6960  72.9%   5.0  370s
 55110 40760 81298.5142   63    9 297705.000 80677.6960  72.9%   5.0  376s
 55331 41206 81332.8858   64   11 297705.000 80677.6960  72.9%   5.0  380s
 56089 41454 81488.6491   54    4 297705.000 80677.6960  72.9%   5.1  385s
 56745 41712 81763.7987   77    6 297705.000 80677.6960  72.9%   5.1  390s
 57509 42038 81957.4120   72    7 297705.000 80677.6960  72.9%   5.1  395s
 58420 42762 81354.0911   54   11 297705.000 80677.6960  72.9%   5.1  403s
 59038 43073 81702.2157   69    2 297705.000 80677.6960  72.9%   5.1  408s
 59623 42984 81039.3768   37   17 297705.000 80677.6960  72.9%   5.2  414s
 59650 42982 80935.8927   50   18 297705.000 80677.6960  72.9%   5.2  415s
 59672 43512 81056.1601   38   17 297705.000 80677.6960  72.9%   5.2  421s
 60428 43725 80699.3673   46   23 297705.000 80677.6960  72.9%   5.2  426s
 60949 44005 80881.0015   47   20 297705.000 80677.6960  72.9%   5.2  432s
 61588 44369 80950.3538   49   19 297705.000 80677.6960  72.9%   5.3  438s
 62487 44707 80957.6026   52   16 297705.000 80677.6960  72.9%   5.3  445s
 63314 45154 81285.7873   56    9 297705.000 80725.3610  72.9%   5.3  452s
 64082 45500 81416.1757   61    9 297705.000 80729.0754  72.9%   5.3  459s
 64509 45466 82134.2284   58    6 297705.000 80733.9949  72.9%   5.3  460s
 65017 45469 81876.6331   67    6 297705.000 80740.5818  72.9%   5.3  467s
 65082 45487 81909.8256   68    5 297705.000 80740.5818  72.9%   5.3  474s
 65095 45482 81061.5503   51   16 297705.000 80740.5818  72.9%   5.3  475s
 65114 45980 81979.7666   68    3 297705.000 80740.5818  72.9%   5.3  482s
 65936 46514 82225.3257   75    2 297705.000 80747.5681  72.9%   5.3  490s
 66999 46870 80897.6076   57   20 297705.000 80754.4437  72.9%   5.3  498s
 68092 47403 82183.7721   75    3 297705.000 80754.4437  72.9%   5.3  506s
 69117 48075 80865.1271   38   22 297705.000 80754.4437  72.9%   5.3  515s
 70325 48613 81777.6040   78    3 297705.000 80765.5521  72.9%   5.4  524s
 71433 49293 81064.6187   48   22 297705.000 80770.7052  72.9%   5.4  532s
 72617 49856 81922.4762   75    2 297705.000 80778.2993  72.9%   5.4  541s
 73733 50444 81643.8014   70    3 297705.000 80791.5567  72.9%   5.4  551s
 74960 51305 81039.5900   57   16 297705.000 80791.5936  72.9%   5.5  561s
 76517 52114 81160.7173   40   13 297705.000 80800.5956  72.9%   5.5  571s
 78035 52756 81036.1728   56   15 297705.000 80810.7902  72.9%   5.5  582s
 79424 53184 82048.7727   73    1 297705.000 80815.2410  72.9%   5.5  594s
 80571 53077 81074.3101   55   15 297705.000 80815.2410  72.9%   5.5  600s

Cutting planes:
  MIR: 5
  StrongCG: 3
  Flow cover: 6

Explored 80603 nodes (446326 simplex iterations) in 602.47 seconds (293.69 work units)
Thread count was 32 (of 32 available processors)

Solution count 6: 297705 380717 537034 ... 670085

Time limit reached
Best objective 2.977050000000e+05, best bound 8.081524098874e+04, gap 72.8539%

User-callback calls 177933, time in user-callback 182.57 sec
