
Gurobi 13.0.2 (win64) logging started Wed Jul 15 20:49:38 2026

Set parameter LogFile to value "logs/kstar_nI40_nJ20_nK50_nL5_tI3_tJ3_s2_m0_exact_s0_20260715-204938.gurobi.log"
Set parameter Seed to value 0
Set parameter TimeLimit to value 599.987807
Set parameter NodefileStart to value 4
Set parameter MIPGap to value 0
Set parameter MIPGapAbs to value 0.9999
Set parameter Cutoff to value 1e+100
Gurobi Optimizer version 13.0.2 build v13.0.2rc1 (win64 - Windows 11+.0 (26200.2))

CPU model: Intel(R) Core(TM) i9-14900HX, instruction set [SSE2|AVX|AVX2]
Thread count: 24 physical cores, 32 logical processors, using up to 32 threads

Non-default parameters:
TimeLimit  599.987807
MIPGap  0
MIPGapAbs  0.9999
NodefileStart  4

Optimize a model with 650 rows, 9060 columns and 23300 nonzeros (Min)
Model fingerprint: 0xc198667f
Model has 9060 linear objective coefficients
Variable types: 9000 continuous, 60 integer (60 binary)
Coefficient statistics:
  Matrix range     [1e+00, 7e+02]
  Objective range  [1e+00, 5e+02]
  Bounds range     [1e+00, 1e+00]
  RHS range        [5e+00, 2e+01]

Using branch priorities.
Found heuristic solution: objective 339534.00000
Presolve time: 0.02s
Presolved: 650 rows, 9060 columns, 23300 nonzeros
Variable types: 9000 continuous, 60 integer (60 binary)

Root relaxation: objective 2.830708e+04, 517 iterations, 0.00 seconds (0.00 work units)

    Nodes    |    Current Node    |     Objective Bounds      |     Work
 Expl Unexpl |  Obj  Depth IntInf | Incumbent    BestBd   Gap | It/Node Time

     0     0 28307.0818    0   51 339534.000 28307.0818  91.7%     -    0s
H    0     0                    41288.429010 28307.0818  31.4%     -    0s
H    0     0                    40237.000000 28307.0818  29.6%     -    0s
H    0     0                    40081.572797 28307.0818  29.4%     -    0s
     0     0 33121.9723    0   37 40081.5728 33121.9723  17.4%     -    0s
H    0     0                    39335.000000 33237.2888  15.5%     -    0s
H    0     0                    39001.000000 33237.2888  14.8%     -    0s
     0     0 33237.2888    0   38 39001.0000 33237.2888  14.8%     -    0s
     0     0 35328.5492    0   36 39001.0000 35328.5492  9.42%     -    0s
     0     0 35523.7626    0   41 39001.0000 35523.7626  8.92%     -    0s
     0     0 35548.6690    0   41 39001.0000 35548.6690  8.85%     -    0s
     0     0 35552.1814    0   41 39001.0000 35552.1814  8.84%     -    0s
     0     0 36071.4886    0   43 39001.0000 36071.4886  7.51%     -    0s
H    0     0                    36533.000000 36073.5409  1.26%     -    0s
     0     0 36141.8867    0   37 36533.0000 36141.8867  1.07%     -    0s
     0     0 36151.0430    0   39 36533.0000 36151.0430  1.05%     -    0s
     0     0 36151.6105    0   40 36533.0000 36151.6105  1.04%     -    0s
     0     0 36279.4055    0   38 36533.0000 36279.4055  0.69%     -    0s
     0     0 36312.5004    0   38 36533.0000 36312.5004  0.60%     -    0s
H    0     0                    36514.569231 36331.4728  0.50%     -    0s
H    0     0                    36499.000000 36331.4728  0.46%     -    0s
     0     0 36331.4728    0   38 36499.0000 36331.4728  0.46%     -    0s
     0     0 36331.8944    0   36 36499.0000 36331.8944  0.46%     -    0s
     0     0 36333.0000    0   36 36499.0000 36333.0000  0.45%     -    0s
H    0     0                    36418.000000 36333.0000  0.23%     -    0s
*    0     0               0    36336.000000 36336.0000  0.00%     -    0s

Cutting planes:
  Implied bound: 182
  MIR: 147
  Flow cover: 71
  Relax-and-lift: 5

Explored 1 nodes (1957 simplex iterations) in 0.29 seconds (0.34 work units)
Thread count was 32 (of 32 available processors)

Solution count 10: 36336 36418 36499 ... 339534

Optimal solution found (tolerance 0.00e+00)
Best objective 3.633600000000e+04, best bound 3.633600000000e+04, gap 0.0000%
