
Gurobi 13.0.2 (win64) logging started Wed Jul 15 20:56:37 2026

Set parameter LogFile to value "logs/kstar_nI40_nJ40_nK50_nL5_tI5_tJ5_s1_m0_exact_s0_20260715-205637.gurobi.log"
Set parameter Seed to value 0
Set parameter TimeLimit to value 599.9764954
Set parameter NodefileStart to value 4
Set parameter MIPGap to value 0
Set parameter MIPGapAbs to value 0.9999
Set parameter Cutoff to value 1e+100
Gurobi Optimizer version 13.0.2 build v13.0.2rc1 (win64 - Windows 11+.0 (26200.2))

CPU model: Intel(R) Core(TM) i9-14900HX, instruction set [SSE2|AVX|AVX2]
Thread count: 24 physical cores, 32 logical processors, using up to 32 threads

Non-default parameters:
TimeLimit  599.9764954
MIPGap  0
MIPGapAbs  0.9999
NodefileStart  4

Optimize a model with 850 rows, 18080 columns and 46400 nonzeros (Min)
Model fingerprint: 0x20224970
Model has 18080 linear objective coefficients
Variable types: 18000 continuous, 80 integer (80 binary)
Coefficient statistics:
  Matrix range     [1e+00, 7e+02]
  Objective range  [1e+00, 5e+02]
  Bounds range     [1e+00, 1e+00]
  RHS range        [5e+00, 2e+01]

Using branch priorities.
Found heuristic solution: objective 346104.00000
Presolve time: 0.02s
Presolved: 850 rows, 18080 columns, 46400 nonzeros
Variable types: 18000 continuous, 80 integer (80 binary)

Root relaxation: objective 2.078952e+04, 779 iterations, 0.00 seconds (0.01 work units)

    Nodes    |    Current Node    |     Objective Bounds      |     Work
 Expl Unexpl |  Obj  Depth IntInf | Incumbent    BestBd   Gap | It/Node Time

     0     0 20789.5167    0   77 346104.000 20789.5167  94.0%     -    0s
H    0     0                    38356.777215 20789.5167  45.8%     -    0s
H    0     0                    37554.000000 20789.5167  44.6%     -    0s
H    0     0                    37171.000000 26674.6814  28.2%     -    0s
H    0     0                    37147.000000 26674.6814  28.2%     -    0s
H    0     0                    36822.000000 26674.6814  27.6%     -    0s
     0     0 26674.6814    0   67 36822.0000 26674.6814  27.6%     -    0s
H    0     0                    36112.000000 26677.8475  26.1%     -    0s
H    0     0                    35951.000000 26677.8475  25.8%     -    0s
H    0     0                    34964.000000 26677.8475  23.7%     -    0s
H    0     0                    34644.000000 26677.8475  23.0%     -    0s
     0     0 26690.6079    0   67 34644.0000 26690.6079  23.0%     -    0s
     0     0 28511.4024    0   70 34644.0000 28511.4024  17.7%     -    0s
     0     0 28732.8919    0   74 34644.0000 28732.8919  17.1%     -    0s
     0     0 28789.7608    0   72 34644.0000 28789.7608  16.9%     -    0s
     0     0 28794.8481    0   72 34644.0000 28794.8481  16.9%     -    0s
     0     0 28796.6584    0   72 34644.0000 28796.6584  16.9%     -    0s
H    0     0                    34488.000000 29362.6792  14.9%     -    0s
     0     0 29362.6792    0   74 34488.0000 29362.6792  14.9%     -    0s
H    0     0                    33378.000000 29363.6156  12.0%     -    0s
H    0     0                    33254.000000 29363.6156  11.7%     -    0s
H    0     0                    33129.000000 29363.6156  11.4%     -    0s
H    0     0                    32914.000000 29363.6156  10.8%     -    0s
H    0     0                    32908.000000 29363.6156  10.8%     -    0s
H    0     0                    32849.000000 29363.6156  10.6%     -    0s
H    0     0                    32786.000000 29687.0738  9.45%     -    0s
     0     0 29687.0738    0   71 32786.0000 29687.0738  9.45%     -    0s
     0     0 29774.8372    0   76 32786.0000 29774.8372  9.18%     -    0s
     0     0 29797.8506    0   72 32786.0000 29797.8506  9.11%     -    0s
     0     0 29816.8582    0   75 32786.0000 29816.8582  9.06%     -    0s
     0     0 29818.8813    0   75 32786.0000 29818.8813  9.05%     -    0s
H    0     0                    32574.899815 29994.0818  7.92%     -    0s
H    0     0                    32393.913208 29994.0818  7.41%     -    0s
H    0     0                    32208.000000 29994.0818  6.87%     -    0s
     0     0 29994.0818    0   75 32208.0000 29994.0818  6.87%     -    0s
H    0     0                    31939.000000 29994.4384  6.09%     -    0s
H    0     0                    31744.000000 29994.4384  5.51%     -    1s
H    0     0                    31690.000000 29994.4384  5.35%     -    1s
     0     0 30046.6080    0   74 31690.0000 30046.6080  5.19%     -    1s
     0     0 30062.1670    0   74 31690.0000 30062.1670  5.14%     -    1s
     0     0 30080.1894    0   73 31690.0000 30080.1894  5.08%     -    1s
     0     0 30082.8716    0   74 31690.0000 30082.8716  5.07%     -    1s
     0     0 30167.2703    0   74 31690.0000 30167.2703  4.81%     -    1s
     0     0 30189.7640    0   74 31690.0000 30189.7640  4.73%     -    1s
     0     0 30199.5326    0   76 31690.0000 30199.5326  4.70%     -    1s
     0     0 30204.7471    0   76 31690.0000 30204.7471  4.69%     -    1s
H    0     0                    31640.000000 30204.7471  4.54%     -    1s
H    0     0                    31529.000000 30204.7471  4.20%     -    1s
H    0     0                    31387.000000 30245.9418  3.64%     -    1s
H    0     0                    31290.000000 30245.9418  3.34%     -    1s
     0     0 30245.9418    0   72 31290.0000 30245.9418  3.34%     -    1s
     0     0 30246.7707    0   72 31290.0000 30246.7707  3.33%     -    1s
     0     0 30246.7707    0   72 31290.0000 30246.7707  3.33%     -    1s
     0     0 30246.7707    0   72 31290.0000 30246.7707  3.33%     -    1s
     0     2 30246.7707    0   72 31290.0000 30246.7707  3.33%     -    1s
H  311   334                    30979.000000 30589.3012  1.26%   183    2s
H  482   405                    30929.000000 30609.7469  1.03%   153    2s
  2320   134 30894.2209   11   57 30929.0000 30834.0674  0.31%   102    5s
* 2347   134              30    30914.000000 30834.0674  0.26%   102    5s
* 2623     0              31    30912.000000 30874.6587  0.12%  94.6    5s

Cutting planes:
  Implied bound: 399
  MIR: 387
  Flow cover: 450
  Relax-and-lift: 28

Explored 2738 nodes (255154 simplex iterations) in 5.25 seconds (9.85 work units)
Thread count was 32 (of 32 available processors)

Solution count 10: 30912 30914 30929 ... 31744

Optimal solution found (tolerance 0.00e+00)
Best objective 3.091200000000e+04, best bound 3.091200000000e+04, gap 0.0000%
