
Gurobi 13.0.2 (win64) logging started Wed Jul 15 20:51:47 2026

Set parameter LogFile to value "logs/kstar_nI40_nJ40_nK50_nL10_tI2_tJ2_s1_m0_exact_s0_20260715-205147.gurobi.log"
Set parameter Seed to value 0
Set parameter TimeLimit to value 599.9567726
Set parameter NodefileStart to value 4
Set parameter MIPGap to value 0
Set parameter MIPGapAbs to value 0.9999
Set parameter Cutoff to value 1e+100
Gurobi Optimizer version 13.0.2 build v13.0.2rc1 (win64 - Windows 11+.0 (26200.2))

CPU model: Intel(R) Core(TM) i9-14900HX, instruction set [SSE2|AVX|AVX2]
Thread count: 24 physical cores, 32 logical processors, using up to 32 threads

Non-default parameters:
TimeLimit  599.9567726
MIPGap  0
MIPGapAbs  0.9999
NodefileStart  4

Optimize a model with 1700 rows, 36080 columns and 92800 nonzeros (Min)
Model fingerprint: 0xc679cb5c
Model has 36080 linear objective coefficients
Variable types: 36000 continuous, 80 integer (80 binary)
Coefficient statistics:
  Matrix range     [1e+00, 7e+02]
  Objective range  [1e+00, 5e+02]
  Bounds range     [1e+00, 1e+00]
  RHS range        [5e+00, 2e+01]

Using branch priorities.
Found heuristic solution: objective 660546.00000
Presolve time: 0.08s
Presolved: 1700 rows, 36080 columns, 92800 nonzeros
Variable types: 36000 continuous, 80 integer (80 binary)

Root relaxation: objective 3.505827e+04, 1193 iterations, 0.01 seconds (0.01 work units)

    Nodes    |    Current Node    |     Objective Bounds      |     Work
 Expl Unexpl |  Obj  Depth IntInf | Incumbent    BestBd   Gap | It/Node Time

     0     0 35058.2719    0   80 660546.000 35058.2719  94.7%     -    0s
H    0     0                    56432.239889 35058.2719  37.9%     -    0s
H    0     0                    56263.923663 35058.2719  37.7%     -    0s
H    0     0                    56225.923663 35058.2719  37.6%     -    0s
H    0     0                    56221.876702 48306.5422  14.1%     -    0s
H    0     0                    56220.065651 48306.5422  14.1%     -    0s
     0     0 48306.5422    0   63 56220.0657 48306.5422  14.1%     -    0s
H    0     0                    54551.000000 48324.0733  11.4%     -    0s
     0     0 48439.4432    0   62 54551.0000 48439.4432  11.2%     -    0s
     0     0 48476.8475    0   63 54551.0000 48476.8475  11.1%     -    0s
     0     0 48477.0482    0   63 54551.0000 48477.0482  11.1%     -    0s
     0     0 50670.2126    0   71 54551.0000 50670.2126  7.11%     -    0s
H    0     0                    53330.000000 50672.6312  4.98%     -    0s
H    0     0                    53312.000000 50672.6312  4.95%     -    0s
H    0     0                    53307.000000 51313.0815  3.74%     -    0s
     0     0 51313.0815    0   70 53307.0000 51313.0815  3.74%     -    0s
     0     0 51384.2803    0   67 53307.0000 51384.2803  3.61%     -    0s
     0     0 51398.7477    0   66 53307.0000 51398.7477  3.58%     -    0s
     0     0 51402.2011    0   65 53307.0000 51402.2011  3.57%     -    0s
     0     0 51737.5440    0   70 53307.0000 51737.5440  2.94%     -    0s
H    0     0                    53163.000000 51737.8746  2.68%     -    0s
H    0     0                    52545.000000 51737.8746  1.54%     -    1s
     0     0 51842.5017    0   69 52545.0000 51842.5017  1.34%     -    1s
     0     0 51873.8034    0   67 52545.0000 51873.8034  1.28%     -    1s
     0     0 51880.6018    0   68 52545.0000 51880.6018  1.26%     -    1s
     0     0 51999.8220    0   68 52545.0000 51999.8220  1.04%     -    1s
     0     0 52034.1127    0   65 52545.0000 52034.1127  0.97%     -    1s
     0     0 52049.1853    0   64 52545.0000 52049.1853  0.94%     -    1s
     0     0 52054.1574    0   64 52545.0000 52054.1574  0.93%     -    1s
     0     0 52083.6351    0   65 52545.0000 52083.6351  0.88%     -    1s
     0     0 52084.8829    0   65 52545.0000 52084.8829  0.88%     -    1s
     0     0 52084.8829    0   65 52545.0000 52084.8829  0.88%     -    1s
H    0     0                    52543.000000 52084.8829  0.87%     -    1s
H    0     0                    52508.000000 52084.8829  0.81%     -    1s
     0     2 52084.8829    0   65 52508.0000 52084.8829  0.81%     -    1s
*  309   212              16    52271.000000 52239.0990  0.06%  72.4    2s
*  316   212              17    52270.000000 52239.0990  0.06%  70.9    2s
H  443    59                    52253.000000 52245.8080  0.01%  56.4    2s

Cutting planes:
  Implied bound: 521
  MIR: 189
  Flow cover: 531
  Relax-and-lift: 17

Explored 542 nodes (30246 simplex iterations) in 2.66 seconds (3.10 work units)
Thread count was 32 (of 32 available processors)

Solution count 10: 52253 52270 52271 ... 54551

Optimal solution found (tolerance 0.00e+00)
Best objective 5.225300000000e+04, best bound 5.225300000000e+04, gap 0.0000%
