
Gurobi 13.0.2 (win64) logging started Fri Jul 17 20:54:56 2026

Set parameter LogFile to value "logs/kstar_nI40_nJ40_nK50_nL10_tI4_tJ4_s4_m1_exact_s0_20260717-205456.gurobi.log"
Set parameter Seed to value 0
Set parameter TimeLimit to value 599.9562984
Set parameter MIPGap to value 0
Set parameter MIPGapAbs to value 0.5
Set parameter Cutoff to value 1e+100
Gurobi Optimizer version 13.0.2 build v13.0.2rc1 (win64 - Windows 11+.0 (26200.2))

CPU model: Intel(R) Core(TM) i9-14900HX, instruction set [SSE2|AVX|AVX2]
Thread count: 24 physical cores, 32 logical processors, using up to 32 threads

Non-default parameters:
TimeLimit  599.9562984
MIPGap  0
MIPGapAbs  0.5
PreCrush  1
LazyConstraints  1

Optimize a model with 20 rows, 90 columns and 800 nonzeros (Min)
Model fingerprint: 0x01542768
Model has 90 linear objective coefficients
Variable types: 10 continuous, 80 integer (80 binary)
Coefficient statistics:
  Matrix range     [1e+00, 7e+02]
  Objective range  [1e+00, 5e+02]
  Bounds range     [1e+00, 4e+03]
  RHS range        [6e+02, 7e+02]

Using branch priorities.
Presolve removed 14 rows and 0 columns
Presolve time: 0.00s
Presolved: 6 rows, 90 columns, 240 nonzeros
Variable types: 10 continuous, 80 integer (80 binary)

Root relaxation: objective 3.403937e+04, 3 iterations, 0.00 seconds (0.00 work units)

    Nodes    |    Current Node    |     Objective Bounds      |     Work
 Expl Unexpl |  Obj  Depth IntInf | Incumbent    BestBd   Gap | It/Node Time

     0     0 34039.3667    0    2          - 34039.3667      -     -    0s
H    0     0                    265408.00000 34039.3667  87.2%     -    0s
H    0     0                    249108.00000 34039.3667  86.3%     -    0s
H    0     0                    243931.00000 34039.3667  86.0%     -    0s
H    0     0                    223086.00000 34039.3667  84.7%     -    0s
     0     0 34173.1759    0    6 223086.000 34173.1759  84.7%     -    0s
     0     0 34178.7716    0    6 223086.000 34178.7716  84.7%     -    0s
H    0     0                    219974.00000 34178.7716  84.5%     -    0s
H    0     0                    201943.00000 34182.5828  83.1%     -    0s
     0     2 34235.6279    0   10 201943.000 34235.6279  83.0%     -    0s
H 3062  2749                    176023.00000 34313.4719  80.5%   3.0    4s
  3063  2749 35390.9204   58   17 176023.000 34313.4719  80.5%   3.0    5s
H 3064  2612                    174891.00000 34370.8782  80.3%   3.0    5s
H 3067  2483                    151216.00000 34370.8782  77.3%   3.0    6s
H 3067  2359                    134966.00000 34370.8782  74.5%   3.0    6s
H 3081  2249                    117743.00000 34376.9827  70.8%   3.0    7s
  3388  2532 34817.7409   20    9 117743.000 34429.6319  70.8%   4.3   10s
  4279  3160 35005.3386   30   13 117743.000 34429.6319  70.8%   5.2   15s
  6362  4425 38782.1322   61    1 117743.000 34476.4137  70.7%   5.0   20s
  9279  5943 37481.0543   78    3 117743.000 34547.0774  70.7%   4.6   25s
 11801  7851 36835.9174   62    1 117743.000 34626.7744  70.6%   4.6   30s
 14804 10440 35483.9060   36    7 117743.000 34658.4838  70.6%   4.6   35s
 16370 11561 36149.1278   60    6 117743.000 34658.4838  70.6%   4.5   40s
 16770 11917 35236.8636   23   11 117743.000 34658.4838  70.6%   4.6   45s
 17168 12295 35179.6559   22   13 117743.000 34659.9232  70.6%   4.6   50s
 18016 13284 35732.9617   33    7 117743.000 34660.4942  70.6%   4.6   55s
 19346 14567 34867.2814   23   22 117743.000 34678.3338  70.5%   4.7   60s
 21499 16263 36411.4593   49    3 117743.000 34681.5863  70.5%   4.7   65s
 23944 18262 36054.2818   55    7 117743.000 34687.1495  70.5%   4.7   70s
 26992 21507 34998.2136   21   23 117743.000 34700.5935  70.5%   4.8   76s
 28915 23452 35097.9722   24   20 117743.000 34705.2613  70.5%   4.8   81s
 30370 24193 35807.6424   42    8 117743.000 34705.2613  70.5%   4.9   86s
 31245 24734 35324.8330   25   13 117743.000 34732.7142  70.5%   4.9   90s
 32263 26012 35947.4904   45    6 117743.000 34732.7142  70.5%   4.9   96s
 33749 26784 35316.6794   27   14 117743.000 34772.3492  70.5%   4.9  100s
 34573 28111 36200.1546   48    5 117743.000 34772.3492  70.5%   5.0  107s
 35508 29167 36205.7574   49    5 117743.000 34772.3492  70.5%   5.0  111s
 36917 30533 36232.9950   50    4 117743.000 34784.1894  70.5%   5.0  115s
 38386 31978 36235.6235   51    5 117743.000 34790.5946  70.5%   5.0  120s
 40790 33524 36021.7711   44    8 117743.000 34800.1733  70.4%   5.0  125s
 43448 35244 36081.9854   46    8 117743.000 34812.6332  70.4%   5.0  133s
 43500 35555 36085.0024   47    9 117743.000 34812.6332  70.4%   5.0  137s
 43901 35921 35791.2126   38    9 117743.000 34812.6332  70.4%   5.1  141s
 44300 36624 35704.9478   39    9 117743.000 34812.6332  70.4%   5.1  146s
 45109 37242 35293.8119   27   19 117743.000 34817.1347  70.4%   5.1  151s
 45902 38245 35431.4010   30   10 117743.000 34817.1347  70.4%   5.1  156s
 47015 39383 36671.9527   55    6 117743.000 34822.7098  70.4%   5.1  164s
 48270 40721 35239.0326   23   15 117743.000 34822.7098  70.4%   5.1  170s
 49927 42281 36240.1038   70    2 117743.000 34822.7098  70.4%   5.1  177s
 51697 44014 35367.3817   26   11 117743.000 34832.4149  70.4%   5.1  183s
 53634 46362 36051.9542   48    3 117743.000 34841.4797  70.4%   5.2  190s
 56277 48380 35240.0871   24   15 117743.000 34843.0278  70.4%   5.2  197s
 59231 51642 35984.0225   46    9 117743.000 34855.2517  70.4%   5.2  205s
 62574 51980 35186.7276   38    6 117743.000 34861.3233  70.4%   5.2  224s
H62575 49381                    111478.00000 34861.3233  68.7%   5.2  227s
 62577 49382 35840.6327   46   29 111478.000 34861.3233  68.7%   5.2  232s
 62578 49383 39059.9000   66   31 111478.000 34861.3233  68.7%   5.2  235s
H62582 46916                    105219.00000 34861.3233  66.9%   5.2  241s
 62585 46918 34971.2075   20   30 105219.000 34861.3233  66.9%   5.2  246s
H62586 44573                    101381.00000 34861.3233  65.6%   5.2  252s
H62587 44574                    100217.00000 34861.3233  65.2%   5.2  252s
 62589 44575 36685.8534   59   31 100217.000 34861.3233  65.2%   5.2  257s
 62591 44576 35970.6575   55   31 100217.000 34861.3233  65.2%   5.2  260s
 62622 44630 34867.2863   25   26 100217.000 34861.3233  65.2%   5.2  266s
 62686 44730 35003.2470   27   24 100217.000 34861.3233  65.2%   5.2  271s
 62775 44732 35062.9456   28   26 100217.000 34861.3233  65.2%   5.3  275s
 62949 44959 35241.3296   30   27 100217.000 34861.3233  65.2%   5.3  281s
 63286 45103 35821.2559   43   16 100217.000 34861.3233  65.2%   5.5  285s
 63779 45489 35654.2515   36   20 100217.000 34861.3233  65.2%   5.5  290s
 64140 45686 36031.9276   38   14 100217.000 34861.3233  65.2%   5.5  295s
 64361 45830 36012.7359   40   15 100217.000 34861.3233  65.2%   5.5  300s
 64952 46241 36251.4262   46    8 100217.000 34861.3233  65.2%   5.6  305s
 65775 46827 37118.1781   57    4 100217.000 34861.3233  65.2%   5.6  310s
 66909 47376 37698.4769   72    3 100217.000 34973.3925  65.1%   5.6  315s
 67842 47686 37903.2187   85    1 100217.000 34973.3925  65.1%   5.6  321s
 67891 48152 41054.0000   85    - 100217.000 34973.3925  65.1%   5.6  326s
 68636 48399 35325.0341   31   20 100217.000 34973.3925  65.1%   5.6  330s
 69667 48838 36538.1099   53    9 100217.000 34973.3925  65.1%   5.7  335s
 70998 49928 36427.3439   64    2 100217.000 34973.3925  65.1%   5.7  343s
 71837 50299 41665.0000   85    - 100217.000 34973.3925  65.1%   5.7  347s
 72598 50735 35522.9993   35   19 100217.000 35050.7367  65.0%   5.7  352s
 73445 51499 36195.1806   62    7 100217.000 35050.7367  65.0%   5.7  356s
 74778 51581 35217.4279   30   24 100217.000 35050.7367  65.0%   5.7  361s
 75302 52270 35376.6667   34   22 100217.000 35050.7367  65.0%   5.7  365s
 76458 52507 36120.4549   53   13 100217.000 35057.3460  65.0%   5.8  373s
 77206 53111 35528.5977   32   20 100217.000 35060.7875  65.0%   5.8  378s
 78035 53591 36946.0464   73    4 100217.000 35065.1778  65.0%   5.8  383s
 79172 53481 35423.7524   29   21 100217.000 35065.1778  65.0%   5.8  388s
 79229 53507 35511.6215   30   14 100217.000 35065.1778  65.0%   5.8  394s
 79271 54233 35698.9451   30   14 100217.000 35065.1778  65.0%   5.8  399s
 80343 55141 36199.4477   47    3 100217.000 35065.1778  65.0%   5.9  404s
 81911 55992 35535.0134   32   20 100217.000 35065.1778  65.0%   5.8  409s
 82444 55904 35793.9528   44   11 100217.000 35121.3702  65.0%   5.9  410s
 83596 57008 43263.0000   91    - 100217.000 35121.3702  65.0%   5.8  415s
 85316 57944 35992.1478   51   11 100217.000 35124.4014  65.0%   5.9  421s
 86982 58952 35589.0486   41   14 100217.000 35124.4014  65.0%   5.9  427s
 88759 60035 35559.5977   34   16 100217.000 35142.2854  64.9%   5.9  433s
 90588 60975 35408.9043   33   23 100217.000 35155.1040  64.9%   6.0  440s
 92500 61000 43309.9191   95    1 100217.000 35178.2070  64.9%   6.0  447s
 94395 62197 36679.3844   67    3 100217.000 35179.5560  64.9%   5.9  454s
 96299 62007 36807.5373   63    1 100217.000 35188.3151  64.9%   5.9  463s
 96331 62029 36947.0387   64    1 100217.000 35188.3151  64.9%   5.9  470s
 96363 62596 36997.7607   65    2 100217.000 35188.3151  64.9%   6.0  477s
 97149 63369 35998.5262   50    6 100217.000 35188.3151  64.9%   6.0  485s
 98368 64116 35775.0692   38   13 100217.000 35188.3151  64.9%   6.0  494s
 99276 63925 35681.8295   46   20 100217.000 35200.6821  64.9%   6.0  495s
 99709 64998 35553.7663   38   21 100217.000 35203.2679  64.9%   6.0  503s
 101220 66084 37157.6024   72    1 100217.000 35203.2679  64.9%   6.0  512s
 103124 67474 37313.3069   71    1 100217.000 35210.0183  64.9%   6.0  521s
 105473 68882 35266.9052   33   23 100217.000 35213.1677  64.9%   6.0  531s
 107854 70085 35657.9163   35   20 100217.000 35221.3715  64.9%   6.1  542s
 110469 70955 36173.0992   39   11 100217.000 35227.4669  64.8%   6.1  555s
 112785 72877 35828.5990   44   13 100217.000 35227.4669  64.8%   6.1  566s
 115570 74163 36353.9710   44    9 100217.000 35244.2976  64.8%   6.1  578s
 118138 75365 36089.7663   47   10 100217.000 35245.9287  64.8%   6.1  592s
 121447 76255 35591.4653   35   17 100217.000 35245.9287  64.8%   6.1  600s

Cutting planes:
  Gomory: 2
  Cover: 1
  MIR: 10
  StrongCG: 2
  Flow cover: 1

Explored 123156 nodes (751132 simplex iterations) in 602.11 seconds (281.11 work units)
Thread count was 32 (of 32 available processors)

Solution count 10: 100217 101381 105219 ... 201943

Time limit reached
Best objective 1.002170000000e+05, best bound 3.524592869514e+04, gap 64.8304%

User-callback calls 271381, time in user-callback 84.45 sec
