
Gurobi 13.0.2 (win64) logging started Fri Jul 17 16:09:45 2026

Set parameter LogFile to value "logs/kstar_nI40_nJ40_nK100_nL5_tI4_tJ4_s1_m1_exact_s0_20260717-160945.gurobi.log"
Set parameter Seed to value 0
Set parameter TimeLimit to value 599.9643186
Set parameter MIPGap to value 0
Set parameter MIPGapAbs to value 0.5
Set parameter Cutoff to value 1e+100
Gurobi Optimizer version 13.0.2 build v13.0.2rc1 (win64 - Windows 11+.0 (26200.2))

CPU model: Intel(R) Core(TM) i9-14900HX, instruction set [SSE2|AVX|AVX2]
Thread count: 24 physical cores, 32 logical processors, using up to 32 threads

Non-default parameters:
TimeLimit  599.9643186
MIPGap  0
MIPGapAbs  0.5
PreCrush  1
LazyConstraints  1

Optimize a model with 10 rows, 85 columns and 400 nonzeros (Min)
Model fingerprint: 0x249f3120
Model has 85 linear objective coefficients
Variable types: 5 continuous, 80 integer (80 binary)
Coefficient statistics:
  Matrix range     [1e+00, 1e+03]
  Objective range  [1e+00, 5e+02]
  Bounds range     [1e+00, 8e+03]
  RHS range        [1e+03, 1e+03]

Using branch priorities.
Presolve removed 8 rows and 0 columns
Presolve time: 0.00s
Presolved: 2 rows, 85 columns, 80 nonzeros
Variable types: 5 continuous, 80 integer (80 binary)

Root relaxation: objective 3.544322e+04, 3 iterations, 0.00 seconds (0.00 work units)

    Nodes    |    Current Node    |     Objective Bounds      |     Work
 Expl Unexpl |  Obj  Depth IntInf | Incumbent    BestBd   Gap | It/Node Time

     0     0 35443.2175    0    2          - 35443.2175      -     -    0s
H    0     0                    263266.00000 35443.2175  86.5%     -    0s
H    0     0                    256894.00000 35443.2175  86.2%     -    0s
H    0     0                    230181.00000 35443.2175  84.6%     -    0s
H    0     0                    221197.00000 35443.2175  84.0%     -    0s
H    0     0                    193285.00000 35443.2175  81.7%     -    0s
     0     0 35754.0693    0    6 193285.000 35754.0693  81.5%     -    0s
     0     0 35801.3522    0    9 193285.000 35801.3522  81.5%     -    0s
     0     0 35810.5949    0   11 193285.000 35810.5949  81.5%     -    0s
     0     0 35812.7826    0   11 193285.000 35812.7826  81.5%     -    0s
     0     2 35849.9723    0   14 193285.000 35849.9723  81.5%     -    0s
  3096  2863 36631.1466   59   11 193285.000 35877.5019  81.4%   2.7    5s
H 3097  2720                    150010.00000 35892.7302  76.1%   2.7    5s
H 3102  2587                    130416.00000 35966.4184  72.4%   2.7    6s
  3633  2973 36393.4858   23   10 130416.000 36065.1532  72.3%   3.9   10s
  5051  3909 36681.2982   36    7 130416.000 36070.8391  72.3%   4.1   15s
  7918  5615 36358.3593   22   14 130416.000 36147.2914  72.3%   3.9   20s
 11326  7579 36604.7443   32    8 130416.000 36193.8483  72.2%   3.7   25s
 14912 10594 36340.3168   22   16 130416.000 36221.5367  72.2%   3.6   30s
 17245 12369 36509.9036   24   18 130416.000 36237.8545  72.2%   3.6   35s
 17757 12912 36542.8996   30   12 130416.000 36237.8545  72.2%   3.6   40s
 19444 14755 36854.3650   36    6 130416.000 36258.0291  72.2%   3.6   45s
 22636 17814 36999.0223   41    5 130416.000 36261.4117  72.2%   3.6   50s
 26632 21162 37192.7700   45    3 130416.000 36298.2333  72.2%   3.6   55s
 29719 24291 37218.2242   48    3 130416.000 36298.2333  72.2%   3.7   60s
 34113 28415 36759.5972   26   11 130416.000 36329.9511  72.1%   3.6   65s
 38350 31914 36694.3869   22   12 130416.000 36334.4422  72.1%   3.6   71s
 42024 34667 36613.0033   25   14 130416.000 36349.8682  72.1%   3.7   78s
 43508 36499 36902.4617   39    9 130416.000 36356.3561  72.1%   3.7   81s
 46022 38692 50167.0000   75    - 130416.000 36356.3561  72.1%   3.7   85s
 50269 42298 36589.2059   27   18 130416.000 36369.9704  72.1%   3.7   92s
 52432 43853 37277.1358   36   13 130416.000 36375.1963  72.1%   3.7   96s
 56859 46384 36635.0949   26   12 130416.000 36389.6468  72.1%   3.8  104s
 56891 46786 36682.8164   27   12 130416.000 36389.6468  72.1%   3.8  108s
 57955 47220 36694.6813   28   12 130416.000 36390.0321  72.1%   3.8  113s
 58082 47467 36703.2001   29   15 130416.000 36390.0399  72.1%   3.8  117s
 58533 47913 36710.3037   30   12 130416.000 36390.9766  72.1%   3.8  120s
 59009 48375 36711.0578   31   11 130416.000 36391.2988  72.1%   3.8  126s
 59566 48983 36746.7966   32   12 130416.000 36391.3395  72.1%   3.8  131s
 60612 50375 36757.7762   33   12 130416.000 36391.7229  72.1%   3.8  136s
 62112 51497 36779.4344   34   10 130416.000 36393.8880  72.1%   3.8  142s
 63362 53057 37462.6244   39    4 130416.000 36396.2439  72.1%   3.8  147s
 66111 53730 36546.2811   21   11 130416.000 36398.3337  72.1%   3.7  156s
H66112 51044                    128793.00000 36398.3337  71.7%   3.7  158s
 66114 51045 36621.2242   24   27 128793.000 36398.3337  71.7%   3.7  160s
 66117 51047 37827.8738   64   26 128793.000 36398.3337  71.7%   3.7  165s
H66120 48496                    117811.00000 36398.3337  69.1%   3.7  168s
H66120 46071                    105197.00000 36398.3337  65.4%   3.7  169s
 66125 46074 37645.7624   52   26 105197.000 36398.3337  65.4%   3.7  170s
 66129 46077 37453.6889   44   27 105197.000 36398.3337  65.4%   3.7  175s
 66135 46081 37561.0962   65   27 105197.000 36398.3337  65.4%   3.7  181s
 66168 46136 36398.3337   28   23 105197.000 36398.3337  65.4%   3.8  185s
 66374 46273 36427.5997   31   23 105197.000 36398.3337  65.4%   3.8  190s
 66731 46531 36957.8379   38   19 105197.000 36398.3337  65.4%   3.9  195s
 67336 46908 36693.4685   36   23 105197.000 36398.3337  65.4%   3.9  200s
 67777 47337 36914.5232   40   18 105197.000 36398.3337  65.4%   3.9  205s
 69022 48039 37238.8479   46   14 105197.000 36398.3337  65.4%   3.9  210s
 70349 48804 38214.4202   52    8 105197.000 36398.3337  65.4%   3.9  215s
 71399 49518 38573.4101   60    3 105197.000 36442.1010  65.4%   3.9  220s
 72878 50276 39470.5284   80    1 105197.000 36453.4339  65.3%   3.9  225s
 74468 51219 36598.1830   32   17 105197.000 36495.2985  65.3%   3.9  230s
 76318 52049 38168.0726   67    2 105197.000 36495.2985  65.3%   3.9  236s
 78108 52963 38223.6345   66    2 105197.000 36495.2985  65.3%   3.9  241s
 79292 53247 36651.5951   32   19 105197.000 36495.2985  65.3%   3.9  245s
 79964 53220 36726.6510   34   17 105197.000 36495.2985  65.3%   3.9  251s
 80060 53705 36743.1058   35   17 105197.000 36495.2985  65.3%   3.9  255s
 81874 54759 38679.1965   79    1 105197.000 36495.2985  65.3%   3.9  262s
 83026 54648 36795.0833   33   17 105197.000 36565.5134  65.2%   3.9  266s
 83091 55214 36830.0679   35   14 105197.000 36565.5134  65.2%   3.9  273s
 83828 55704 36833.6454   36   12 105197.000 36567.2438  65.2%   3.9  277s
 84833 56194 36766.4218   35   17 105197.000 36589.5052  65.2%   3.9  281s
 85620 56614 37528.4109   48    7 105197.000 36589.5052  65.2%   3.9  285s
 87712 57669 40804.6577   81    1 105197.000 36598.5143  65.2%   3.9  293s
 88722 58635 36994.0582   43   12 105197.000 36601.8454  65.2%   3.9  297s
 90517 58412 37269.3045   61    5 105197.000 36605.8052  65.2%   3.9  301s
 90588 59300 37279.2523   62    5 105197.000 36605.8052  65.2%   3.9  306s
 91909 60141 37315.8188   63    4 105197.000 36616.3078  65.2%   3.9  311s
 93346 60826 37341.6134   64    3 105197.000 36617.2843  65.2%   3.9  316s
 94730 61474 37365.5156   65    3 105197.000 36617.2843  65.2%   4.0  321s
 96777 62855 38145.2289   96    1 105197.000 36634.4009  65.2%   3.9  327s
 98855 64304 36834.8472   34   19 105197.000 36639.0203  65.2%   3.9  333s
 101501 65732 36914.0869   39   20 105197.000 36652.1156  65.2%   3.9  339s
 101861 65653 36929.2379   40   13 105197.000 36652.1156  65.2%   3.9  340s
 104135 67117 37228.6666   49   12 105197.000 36659.6505  65.2%   3.9  346s
 106697 68969 37409.5836   44    7 105197.000 36669.4372  65.1%   3.9  353s
 109903 70570 37005.0618   36   16 105197.000 36682.4093  65.1%   3.9  360s
 112967 72549 38769.6402   74    2 105197.000 36694.5679  65.1%   4.0  367s
 116361 73226 37398.8461   44    4 105197.000 36703.9683  65.1%   4.0  374s
 118348 75549 37121.2431   37   14 105197.000 36704.3591  65.1%   4.0  381s
 122008 77513 36927.2582   37   16 105197.000 36718.2116  65.1%   4.0  389s
 122568 77404 37835.3324   83    3 105197.000 36719.1660  65.1%   4.0  390s
 125662 79549 37220.5936   46   11 105197.000 36725.1287  65.1%   4.0  397s
 129342 79036 37210.9728   38   19 105197.000 36732.4280  65.1%   4.0  403s
 129683 80099 37222.8611   39   17 105197.000 36732.9252  65.1%   4.0  409s
 129949 80043 37028.6235   37   20 105197.000 36732.9252  65.1%   4.0  410s
 131215 81705 37311.8916   40   11 105197.000 36733.3375  65.1%   4.0  416s
 133768 83102 36897.5895   36   21 105197.000 36736.8028  65.1%   4.0  423s
 136267 84365 37098.1420   41   23 105197.000 36743.1787  65.1%   4.0  432s
 138691 86753 37005.6551   39   19 105197.000 36750.1676  65.1%   4.0  441s
 142435 88582 42629.0000   86    - 105197.000 36755.3431  65.1%   4.0  451s
 145925 90817 38743.3318   82    1 105197.000 36763.1197  65.1%   4.0  461s
 149956 92941 37048.9302   35    9 105197.000 36769.3224  65.0%   4.0  471s
 153843 95088 37380.7082   53    6 105197.000 36775.2616  65.0%   4.0  481s
 157993 97094 37175.2964   43   10 105197.000 36780.2004  65.0%   4.0  492s
 161904 98782 37748.2907   55    2 105197.000 36784.9389  65.0%   4.0  502s
 165606 100959 37578.8783   46    8 105197.000 36791.4078  65.0%   4.0  513s
 169216 103051 37272.7203   40    7 105197.000 36797.5678  65.0%   4.0  523s
 172979 104764 36960.7764   35   16 105197.000 36801.6737  65.0%   4.0  534s
 176729 106040 40394.9777   82    1 105197.000 36806.0086  65.0%   4.0  543s
 179393 108351 39759.9048   85    1 105197.000 36810.3034  65.0%   4.0  554s
 183411 109382 37370.4502   38    9 105197.000 36814.8495  65.0%   4.0  569s
 183753 109319 37163.2129   38   13 105197.000 36815.7262  65.0%   4.0  570s
 185736 110440 38662.0272   51    1 105197.000 36818.6822  65.0%   4.0  579s
 186725 110350 37082.7037   38   14 105197.000 36818.6822  65.0%   4.0  580s
 189109 112910 37106.7759   38   16 105197.000 36818.6822  65.0%   4.0  590s
 192771 114408 37357.9315   42    8 105197.000 36822.6566  65.0%   4.0  599s
 193198 114301 39624.2618   78    1 105197.000 36822.6566  65.0%   4.0  600s

Cutting planes:
  Gomory: 8
  Cover: 2
  MIR: 1
  StrongCG: 1
  Flow cover: 2

Explored 195506 nodes (786730 simplex iterations) in 602.28 seconds (206.74 work units)
Thread count was 32 (of 32 available processors)

Solution count 10: 105197 117811 128793 ... 263266

Time limit reached
Best objective 1.051970000000e+05, best bound 3.682624480585e+04, gap 64.9931%

User-callback calls 426668, time in user-callback 122.00 sec
