
Gurobi 13.0.2 (win64) logging started Thu Jul 16 18:33:19 2026

Set parameter LogFile to value "logs/kstar_nI40_nJ20_nK100_nL10_tI3_tJ3_s2_m1_exact_s0_20260716-183319.gurobi.log"
Set parameter Seed to value 0
Set parameter TimeLimit to value 599.9627768
Set parameter MIPGap to value 0
Set parameter MIPGapAbs to value 0.5
Set parameter Cutoff to value 1e+100
Gurobi Optimizer version 13.0.2 build v13.0.2rc1 (win64 - Windows 11+.0 (26200.2))

CPU model: Intel(R) Core(TM) i9-14900HX, instruction set [SSE2|AVX|AVX2]
Thread count: 24 physical cores, 32 logical processors, using up to 32 threads

Non-default parameters:
TimeLimit  599.9627768
MIPGap  0
MIPGapAbs  0.5
PreCrush  1
LazyConstraints  1

Optimize a model with 20 rows, 70 columns and 600 nonzeros (Min)
Model fingerprint: 0xe31b2bc9
Model has 70 linear objective coefficients
Variable types: 10 continuous, 60 integer (60 binary)
Coefficient statistics:
  Matrix range     [1e+01, 1e+03]
  Objective range  [1e+00, 5e+02]
  Bounds range     [1e+00, 1e+04]
  RHS range        [1e+03, 1e+03]

Using branch priorities.
Presolve removed 4 rows and 0 columns
Presolve time: 0.00s
Presolved: 16 rows, 70 columns, 520 nonzeros
Variable types: 10 continuous, 60 integer (60 binary)

Root relaxation: objective 9.695229e+04, 5 iterations, 0.00 seconds (0.00 work units)

    Nodes    |    Current Node    |     Objective Bounds      |     Work
 Expl Unexpl |  Obj  Depth IntInf | Incumbent    BestBd   Gap | It/Node Time

     0     0 96952.2943    0    3          - 96952.2943      -     -    0s
H    0     0                    641507.00000 96952.2943  84.9%     -    0s
H    0     0                    560869.00000 96952.2943  82.7%     -    0s
H    0     0                    550236.00000 96952.2943  82.4%     -    0s
     0     0 97131.4166    0    4 550236.000 97131.4166  82.3%     -    0s
     0     0 97213.1796    0    7 550236.000 97213.1796  82.3%     -    0s
H    0     0                    425984.00000 97218.9197  77.2%     -    0s
     0     0 97242.6742    0   10 425984.000 97242.6742  77.2%     -    0s
     0     0 97245.8228    0   10 425984.000 97245.8228  77.2%     -    0s
H    0     0                    367739.00000 97245.8228  73.6%     -    0s
H    0     0                    367738.00000 97245.8228  73.6%     -    0s
H    0     0                    367722.00000 97245.8228  73.6%     -    0s
     0     2 97296.1867    0   11 367722.000 97296.1867  73.5%     -    0s
H 3210  2679                    344115.00000 97462.8545  71.7%   2.9    4s
  3212  2680 98150.9652   22   20 344115.000 97462.8545  71.7%   2.9    5s
H 3217  2549                    335055.00000 97462.8545  70.9%   2.9    5s
H 3225  2427                    330462.00000 97462.8545  70.5%   2.9    6s
H 3226  2427                    326709.00000 97462.8545  70.2%   2.9    6s
H 3232  2309                    291585.00000 97462.8545  66.6%   2.9    7s
  3644  2701 97998.4891   21   11 291585.000 97529.4263  66.6%   4.4   10s
  4871  3402 99036.9012   40    3 291585.000 97535.8380  66.5%   4.8   15s
  7117  4569 98137.9364   29    5 291585.000 97638.0437  66.5%   4.6   20s
  9151  5540 127717.000   67    - 291585.000 97666.4411  66.5%   4.5   25s
 11538  7269 114657.157   61    2 291585.000 97684.7572  66.5%   4.4   30s
 13037  8340 98247.8054   28   11 291585.000 97726.9296  66.5%   4.4   35s
 13332  8755 98338.4780   30   13 291585.000 97726.9296  66.5%   4.5   40s
 14020  9332 98427.5279   31    9 291585.000 97726.9296  66.5%   4.5   46s
 14431  9657 98553.8997   33    6 291585.000 97760.5976  66.5%   4.5   50s
 15568 10602 98103.3074   22   13 291585.000 97760.5976  66.5%   4.5   55s
 16610 11404 97964.2302   27   16 291585.000 97778.2045  66.5%   4.5   60s
 17698 12407 98180.9647   30   11 291585.000 97793.5704  66.5%   4.5   65s
 19055 13577 98539.5690   33    6 291585.000 97800.1355  66.5%   4.5   70s
 21581 16144 98184.0548   24   12 291585.000 97817.3860  66.5%   4.6   76s
 23734 17871 98443.4023   25   13 291585.000 97824.3646  66.5%   4.5   81s
 25425 19254 99014.8229   33    5 291585.000 97828.7665  66.4%   4.6   85s
 27855 21100 98147.3392   22   13 291585.000 97841.0481  66.4%   4.5   90s
 29287 22621 98317.9096   29   11 291585.000 97846.4214  66.4%   4.5   95s
 30545 23784 98415.0204   20   15 291585.000 97846.4214  66.4%   4.6  100s
 33301 26316 99944.8327   54    3 291585.000 97874.2167  66.4%   4.6  107s
 34731 27535 98026.9234   22   14 291585.000 97880.3642  66.4%   4.6  111s
 36153 28716 98046.1594   26   20 291585.000 97886.6254  66.4%   4.6  115s
 38987 30853 98134.5175   31   15 291585.000 97887.0030  66.4%   4.6  123s
 40347 31857 99786.1750   46    4 291585.000 97887.0030  66.4%   4.7  128s
 41890 33503 98785.3382   31    9 291585.000 97904.7872  66.4%   4.6  132s
 43531 34032 98828.8184   33    9 291585.000 97910.8084  66.4%   4.6  138s
 44004 34773 98906.7705   34    6 291585.000 97910.8084  66.4%   4.7  143s
 44945 35542 108029.173   55    2 291585.000 97920.2331  66.4%   4.7  148s
 45815 36288 98520.7238   33   12 291585.000 97920.8039  66.4%   4.7  154s
 46709 37031 98533.6745   36   16 291585.000 97921.0649  66.4%   4.7  159s
 47552 38112 98323.4386   28   15 291585.000 97921.0649  66.4%   4.7  164s
 48353 38219 98261.2662   28   12 291585.000 97930.7990  66.4%   4.7  165s
 48856 38803 99132.1282   32    4 291585.000 97931.2210  66.4%   4.7  170s
 49579 39621 111401.153   51    7 291585.000 97936.2861  66.4%   4.7  175s
 50652 40685 98388.1769   25   15 291585.000 97944.4726  66.4%   4.7  181s
 51931 40882 99109.3902   39   10 291585.000 97946.4346  66.4%   4.8  199s
 51933 40883 98946.5765   41   25 291585.000 97946.4346  66.4%   4.8  202s
 51935 40885 99111.2554   32   25 291585.000 97946.4346  66.4%   4.8  206s
 51936 40885 98277.5946   30   26 291585.000 97946.4346  66.4%   4.7  210s
 51940 40888 98181.2232   28   30 291585.000 97946.4346  66.4%   4.7  216s
H51940 38843                    282458.00000 97946.4346  65.3%   4.7  219s
 51943 38845 99863.0000   57   31 282458.000 97946.4346  65.3%   4.7  220s
H51945 36903                    250487.00000 97946.4346  60.9%   4.7  224s
 51946 36904 99766.0000   64   27 250487.000 97946.4346  60.9%   4.7  225s
 51950 36907 100015.000   45   32 250487.000 97946.4346  60.9%   4.7  231s
 51952 36908 99605.0000   54   30 250487.000 97946.4346  60.9%   4.7  236s
 51955 36910 98977.9886   36   30 250487.000 97946.4346  60.9%   4.7  241s
 51958 36915 97946.4346   24   27 250487.000 97946.4346  60.9%   4.8  246s
 51988 36965 97946.4346   28   22 250487.000 97946.4346  60.9%   4.8  251s
 52195 37103 97975.2713   31   23 250487.000 97946.4346  60.9%   4.9  256s
 52227 37152 98133.4623   32   22 250487.000 97946.4346  60.9%   4.9  260s
 52556 37419 98363.2597   34   20 250487.000 97946.4346  60.9%   5.0  265s
 52996 37689 98606.4683   36   17 250487.000 97946.4346  60.9%   5.0  271s
 53215 37814 98683.8634   38   18 250487.000 97946.4346  60.9%   5.0  276s
 53669 38087 98801.6885   41   16 250487.000 97946.4346  60.9%   5.1  280s
 54366 38480 99338.6502   46    7 250487.000 97946.4346  60.9%   5.1  285s
 55018 38775 100386.099   52    2 250487.000 97946.4346  60.9%   5.1  290s
 55282 38844 100582.000   56    - 250487.000 97946.4346  60.9%   5.1  296s
 55624 39105 101745.816   65    1 250487.000 97946.4346  60.9%   5.1  300s
 56251 39477 98311.9465   33   18 250487.000 97946.4346  60.9%   5.2  307s
 56573 39773 98908.7168   41   14 250487.000 97946.4346  60.9%   5.2  310s
 57447 40106 99616.1856   45    8 250487.000 97946.4346  60.9%   5.2  316s
 58178 40566 98288.2136   40   19 250487.000 97946.4346  60.9%   5.3  322s
 58666 40768 98474.9088   48   13 250487.000 97946.4346  60.9%   5.3  326s
 59378 40983 103217.000   71    - 250487.000 97946.4346  60.9%   5.3  330s
 59955 41272 98138.2961   32   21 250487.000 97946.4346  60.9%   5.3  337s
 60538 41578 99526.7506   51    5 250487.000 97946.4346  60.9%   5.3  340s
 61704 42282 98680.7676   45   16 250487.000 97946.4346  60.9%   5.3  347s
 62393 42537 105779.645   66    4 250487.000 97946.4346  60.9%   5.4  350s
 63680 42758 100030.183   57    4 250487.000 97987.0031  60.9%   5.4  359s
 63721 43049 100031.718   58    3 250487.000 97987.0031  60.9%   5.4  366s
 64206 43020 98221.0325   44   19 250487.000 97987.0031  60.9%   5.4  371s
 64251 43390 98229.6471   45   18 250487.000 97987.0031  60.9%   5.4  378s
 64792 43741 98233.8740   46   19 250487.000 98009.7919  60.9%   5.4  385s
 65417 43634 99674.2838   57    4 250487.000 98037.0565  60.9%   5.5  390s
 65942 44126 99204.5261   53    8 250487.000 98037.4621  60.9%   5.5  395s
 66422 44725 98860.2961   46   15 250487.000 98037.4621  60.9%   5.5  400s
 67274 45125 101667.229   73    1 250487.000 98053.6747  60.9%   5.5  405s
 68052 45522 99551.0481   46    5 250487.000 98079.8195  60.8%   5.5  410s
 69230 46184 99044.7372   45   14 250487.000 98081.6686  60.8%   5.5  415s
 70394 46752 98256.1538   37   19 250487.000 98113.6433  60.8%   5.6  421s
 71529 47432 100760.509   61    5 250487.000 98113.6433  60.8%   5.6  426s
 72704 48084 98987.1836   47   16 250487.000 98138.6990  60.8%   5.6  432s
 73939 48023 98620.1164   49   14 250487.000 98138.6990  60.8%   5.6  441s
 74174 48632 98627.3095   50   13 250487.000 98140.5208  60.8%   5.6  449s
 75078 49108 100172.000   66    - 250487.000 98155.3401  60.8%   5.7  456s
 76281 49573 100644.767   59    2 250487.000 98159.1503  60.8%   5.7  464s
 77755 50410 98714.0355   47   23 250487.000 98168.2713  60.8%   5.7  471s
 78966 51094 98667.4108   36   16 250487.000 98177.7347  60.8%   5.7  479s
 80346 51806 98899.5268   46   11 250487.000 98187.9481  60.8%   5.8  486s
 81673 52352 98945.4456   41   16 250487.000 98187.9481  60.8%   5.8  495s
 83406 52832 100539.262   55    2 250487.000 98201.2429  60.8%   5.8  504s
 85394 54024 99303.7009   51   12 250487.000 98213.3507  60.8%   5.8  513s
 87109 54856 102073.748   72    2 250487.000 98214.1829  60.8%   5.8  522s
 88735 55455 98529.0552   36   18 250487.000 98230.2243  60.8%   5.8  532s
 90129 55311 99180.0588   50   10 250487.000 98234.8762  60.8%   5.8  542s
 90220 56474 99254.5931   51    8 250487.000 98234.8762  60.8%   5.8  553s
 91956 56255 98670.2068   36   12 250487.000 98234.9576  60.8%   5.9  565s
 92067 57284 98758.6339   37   12 250487.000 98234.9576  60.8%   5.9  575s
 93705 58268 98776.6317   38   11 250487.000 98237.0817  60.8%   5.9  586s
 95512 59362 98996.9000   39    8 250487.000 98250.1690  60.8%   5.9  599s

Cutting planes:
  Cover: 1
  MIR: 18
  StrongCG: 2
  Flow cover: 3

Explored 97539 nodes (576434 simplex iterations) in 601.23 seconds (291.21 work units)
Thread count was 32 (of 32 available processors)

Solution count 10: 250487 282458 291585 ... 560869

Time limit reached
Best objective 2.504870000000e+05, best bound 9.825774514796e+04, gap 60.7733%

User-callback calls 239331, time in user-callback 89.65 sec
