
Gurobi 13.0.2 (win64) logging started Thu Jul 16 02:59:03 2026

Set parameter LogFile to value "logs/kstar_nI20_nJ40_nK100_nL10_tI4_tJ4_s4_m1_exact_s0_20260716-025903.gurobi.log"
Set parameter Seed to value 0
Set parameter TimeLimit to value 599.9411677
Set parameter MIPGap to value 0
Set parameter MIPGapAbs to value 0.5
Set parameter Cutoff to value 1e+100
Gurobi Optimizer version 13.0.2 build v13.0.2rc1 (win64 - Windows 11+.0 (26200.2))

CPU model: Intel(R) Core(TM) i9-14900HX, instruction set [SSE2|AVX|AVX2]
Thread count: 24 physical cores, 32 logical processors, using up to 32 threads

Non-default parameters:
TimeLimit  599.9411677
MIPGap  0
MIPGapAbs  0.5
PreCrush  1
LazyConstraints  1

Optimize a model with 20 rows, 70 columns and 600 nonzeros (Min)
Model fingerprint: 0xbc07b925
Model has 70 linear objective coefficients
Variable types: 10 continuous, 60 integer (60 binary)
Coefficient statistics:
  Matrix range     [7e+00, 1e+03]
  Objective range  [1e+00, 5e+02]
  Bounds range     [1e+00, 1e+04]
  RHS range        [1e+03, 1e+03]

Using branch priorities.
Presolve removed 17 rows and 0 columns
Presolve time: 0.00s
Presolved: 3 rows, 70 columns, 100 nonzeros
Variable types: 10 continuous, 60 integer (60 binary)

Root relaxation: objective 8.368178e+04, 3 iterations, 0.00 seconds (0.00 work units)

    Nodes    |    Current Node    |     Objective Bounds      |     Work
 Expl Unexpl |  Obj  Depth IntInf | Incumbent    BestBd   Gap | It/Node Time

     0     0 83681.7845    0    2          - 83681.7845      -     -    0s
H    0     0                    404646.00000 83681.7845  79.3%     -    0s
H    0     0                    384896.00000 83681.7845  78.3%     -    0s
H    0     0                    373134.00000 83681.7845  77.6%     -    0s
H    0     0                    364688.00000 83681.7845  77.1%     -    0s
H    0     0                    329733.00000 83681.7845  74.6%     -    0s
     0     0 83834.9446    0    5 329733.000 83834.9446  74.6%     -    0s
     0     0 83837.8169    0    5 329733.000 83837.8169  74.6%     -    0s
H    0     0                    309983.00000 83837.8169  73.0%     -    0s
H    0     0                    292720.00000 83837.8169  71.4%     -    0s
     0     2 83894.9647    0   10 292720.000 83894.9647  71.3%     -    0s
  1981  1951 85216.3011   35    2 292720.000 84075.3222  71.3%   3.4    5s
H 3560  2981                    216260.00000 84107.4791  61.1%   2.9   10s
H 3560  2831                    207462.00000 84107.4791  59.5%   2.9   10s
  3830  3088 84538.1595   18   14 207462.000 84205.8033  59.4%   4.0   15s
  4555  3514 84533.2659   23   16 207462.000 84205.8033  59.4%   4.8   20s
  4930  3800 84804.4704   26   14 207462.000 84246.0064  59.4%   5.0   25s
  5527  4061 103116.000   65    - 207462.000 84285.7759  59.4%   5.2   30s
  6630  4749 85239.4291   37    6 207462.000 84285.7759  59.4%   5.0   35s
  8095  5551 90520.0000   61    - 207462.000 84348.1042  59.3%   5.0   40s
  9723  6456 90657.5485   58    1 207462.000 84404.7191  59.3%   5.0   45s
 11419  7403 85200.5171   36    4 207462.000 84409.9422  59.3%   5.0   50s
 13148  8641 84788.8174   27    8 207462.000 84409.9422  59.3%   4.9   55s
 15044 10210 94382.0000   68    - 207462.000 84441.3963  59.3%   4.9   60s
 16035 10983 84984.1639   27   10 207462.000 84443.4815  59.3%   4.9   65s
 16617 11428 84973.5888   26    9 207462.000 84443.4815  59.3%   4.9   70s
 17315 12124 85011.5226   32    5 207462.000 84460.6720  59.3%   5.0   75s
 18699 13315 84872.1703   31   12 207462.000 84468.4253  59.3%   4.9   81s
 19959 14325 85625.8302   46    2 207462.000 84475.5187  59.3%   4.9   85s
 21772 16177 86498.6378   65    2 207462.000 84475.5187  59.3%   4.9   90s
 22643 16581 84975.4292   21   11 207462.000 84491.5178  59.3%   5.0   96s
 23214 17316 85039.7697   22   11 207462.000 84491.5178  59.3%   5.0  101s
 24369 18138 85153.0504   23    6 207462.000 84510.2328  59.3%   5.0  106s
 25707 19354 85208.2409   24    6 207462.000 84511.8808  59.3%   4.9  112s
 26465 20056 85285.4946   24    5 207462.000 84511.8808  59.3%   5.0  116s
 28357 21949 85401.4671   25    1 207462.000 84528.9355  59.3%   5.0  122s
 29546 22879 85412.2824   26    2 207462.000 84537.8633  59.3%   5.0  126s
 30671 24169 85047.1657   32   13 207462.000 84539.2225  59.3%   5.0  130s
 32321 25363 85211.5943   27    8 207462.000 84552.3173  59.2%   5.0  135s
 34216 26857 87077.3485   55    2 207462.000 84554.6575  59.2%   5.0  140s
 36919 29517 85720.7747   38   10 207462.000 84563.3962  59.2%   5.0  149s
 37481 29595 85003.4166   31   13 207462.000 84569.0530  59.2%   5.0  150s
 38454 30191 85485.1690   45    2 207462.000 84569.0530  59.2%   5.0  157s
 39121 31106 85648.6798   46    3 207462.000 84571.1595  59.2%   5.0  161s
 40156 31820 85749.7128   47    1 207462.000 84576.1136  59.2%   5.0  166s
 40971 32723 85750.2505   48    2 207462.000 84579.0606  59.2%   5.0  171s
 42157 33908 84814.3680   28   12 207462.000 84582.8623  59.2%   5.0  177s
 43536 35230 88530.2827   59    3 207462.000 84584.5292  59.2%   5.0  183s
 45133 36480 85772.0060   44    5 207462.000 84590.7195  59.2%   5.0  190s
 46529 38025 85571.2895   41    5 207462.000 84592.0852  59.2%   5.0  196s
 48376 39801 87143.1783   53    2 207462.000 84599.1449  59.2%   5.1  203s
 50536 41747 85068.8462   23   16 207462.000 84603.8457  59.2%   5.1  211s
 52735 43364 98894.0000   58    - 207462.000 84610.9326  59.2%   5.1  219s
 54518 45219 85544.0814   41    5 207462.000 84614.7851  59.2%   5.1  226s
 57164 47733 109036.225   67    1 207462.000 84618.5821  59.2%   5.1  235s
 59950 49995 84878.5769   24   16 207462.000 84624.2040  59.2%   5.1  244s
 60945 50162 85008.9845   22   15 207462.000 84624.2040  59.2%   5.1  245s
 62772 52412 85021.5123   24   12 207462.000 84632.8615  59.2%   5.1  253s
 64526 52732 84972.6846   27   16 207462.000 84636.8075  59.2%   5.1  255s
 65735 52923 86025.3937   53    5 207462.000 84638.4653  59.2%   5.1  272s
 65741 52927 85794.8115   42   25 207462.000 84638.4653  59.2%   5.1  276s
H65745 50283                    201979.00000 84638.4653  58.1%   5.1  280s
 65750 50286 87001.0000   61   27 201979.000 84638.4653  58.1%   5.1  286s
 65755 50289 85667.0000   45   27 201979.000 84638.4653  58.1%   5.1  290s
 65771 50317 84638.4653   26   23 201979.000 84638.4653  58.1%   5.1  295s
 65819 50365 84638.4653   28   21 201979.000 84638.4653  58.1%   5.1  300s
 65995 50497 84638.4653   32   23 201979.000 84638.4653  58.1%   5.2  306s
 66140 50579 84676.9748   33   19 201979.000 84638.4653  58.1%   5.2  311s
 66178 50610 84923.3552   35   14 201979.000 84638.4653  58.1%   5.2  315s
 66442 50851 84768.0727   36   20 201979.000 84638.4653  58.1%   5.3  322s
 66651 51008 84852.5390   38   18 201979.000 84638.4653  58.1%   5.3  326s
 66855 51114 84893.1855   40   20 201979.000 84638.4653  58.1%   5.3  330s
 67277 51317 85280.7741   43   11 201979.000 84638.4653  58.1%   5.3  336s
 67554 51415 85323.6652   46   11 201979.000 84638.4653  58.1%   5.4  340s
 67727 51646 85366.6727   47    9 201979.000 84638.4653  58.1%   5.4  345s
 68355 51878 84762.3077   29   20 201979.000 84638.4653  58.1%   5.4  350s
 68997 52386 86203.1104   62    2 201979.000 84638.4653  58.1%   5.4  356s
 69617 52770 93655.0000   72    - 201979.000 84638.4653  58.1%   5.4  361s
 70009 53063 84995.6096   34   14 201979.000 84638.4653  58.1%   5.4  365s
 70993 53562 89122.8110   72    1 201979.000 84638.4653  58.1%   5.5  372s
 71456 53815 84818.6390   33   19 201979.000 84638.4653  58.1%   5.5  376s
 72315 54119 85548.3543   53    6 201979.000 84638.4653  58.1%   5.5  380s
 73186 54458 84745.7607   36   19 201979.000 84638.4653  58.1%   5.5  387s
 73254 54775 84801.3981   37   17 201979.000 84638.4653  58.1%   5.5  392s
 73765 55096 84844.0322   38   18 201979.000 84638.4653  58.1%   5.5  396s
 74331 55047 85845.8867   55    6 201979.000 84638.4653  58.1%   5.5  402s
 74402 55462 85874.0911   56    3 201979.000 84638.4653  58.1%   5.5  407s
 74993 55792 84770.0738   32   23 201979.000 84638.4653  58.1%   5.6  413s
 75632 56096 84908.2052   35   20 201979.000 84638.4653  58.1%   5.6  419s
 76147 56201 85160.0795   42   14 201979.000 84638.4653  58.1%   5.6  425s
 76885 56634 85552.4369   56   10 201979.000 84638.4653  58.1%   5.6  430s
 77234 57164 86281.8755   55    1 201979.000 84638.4653  58.1%   5.6  435s
 78200 57738 87205.6430   68    1 201979.000 84638.4653  58.1%   5.6  440s
 79165 57573 84828.8232   35   19 201979.000 84638.4653  58.1%   5.6  447s
 79202 57993 84855.6111   36   21 201979.000 84638.4653  58.1%   5.7  453s
 79870 58341 85592.4398   53    8 201979.000 84638.4653  58.1%   5.7  459s
 80050 58312 85197.3738   39   15 201979.000 84638.4653  58.1%   5.7  460s
 80553 58925 84813.5366   35   19 201979.000 84638.4653  58.1%   5.7  466s
 81570 59370 88560.0550   67    1 201979.000 84674.4340  58.1%   5.7  472s
 82495 59299 85162.5758   37   13 201979.000 84674.4340  58.1%   5.7  479s
 82616 59323 85283.8806   38   13 201979.000 84674.4340  58.1%   5.7  486s
 82677 60133 85321.7723   39   12 201979.000 84674.4340  58.1%   5.7  493s
 83862 60756 84870.5245   36   17 201979.000 84674.4340  58.1%   5.7  501s
 85183 61401 94264.0000   74    - 201979.000 84674.4340  58.1%   5.7  509s
 85561 61341 85546.0715   45   13 201979.000 84674.4340  58.1%   5.7  510s
 86285 62006 85224.1870   42   12 201979.000 84674.4340  58.1%   5.8  517s
 87562 62568 85001.8206   40   15 201979.000 84713.0276  58.1%   5.8  526s
 88429 63142 85923.7375   55    4 201979.000 84713.0276  58.1%   5.9  535s
 90048 63805 85078.5881   40   15 201979.000 84721.1289  58.1%   5.8  543s
 91040 64604 85939.6662   51    5 201979.000 84722.8054  58.1%   5.9  552s
 92580 65431 85398.8072   41   15 201979.000 84732.0034  58.0%   5.9  561s
 94127 65206 85181.9705   41   17 201979.000 84735.2777  58.0%   5.9  570s
 94204 66500 85214.9635   42   13 201979.000 84735.2777  58.0%   5.9  579s
 94998 66312 85325.5029   44   13 201979.000 84740.0959  58.0%   5.9  580s
 95798 67130 85065.6037   36   15 201979.000 84740.5841  58.0%   5.9  589s
 96468 66981 85326.6511   44   12 201979.000 84742.1961  58.0%   5.9  590s
 97108 66886 85076.6032   39   17 201979.000 84742.2726  58.0%   5.9  597s
 97180 66886 93981.0000   77    - 201979.000 84742.2726  58.0%   5.9  600s

Cutting planes:
  Gomory: 1
  Cover: 2
  MIR: 15

Explored 97198 nodes (577301 simplex iterations) in 600.61 seconds (288.48 work units)
Thread count was 32 (of 32 available processors)

Solution count 10: 201979 207462 216260 ... 404646

Time limit reached
Best objective 2.019790000000e+05, best bound 8.474227257657e+04, gap 58.0440%

User-callback calls 213385, time in user-callback 153.95 sec
