
Gurobi 13.0.2 (win64) logging started Wed Jul 15 20:49:06 2026

Set parameter LogFile to value "logs/kstar_nI40_nJ20_nK100_nL10_tI5_tJ5_s4_m0_exact_s0_20260715-204906.gurobi.log"
Set parameter Seed to value 0
Set parameter TimeLimit to value 599.9661243
Set parameter NodefileStart to value 4
Set parameter MIPGap to value 0
Set parameter MIPGapAbs to value 0.9999
Set parameter Cutoff to value 1e+100
Gurobi Optimizer version 13.0.2 build v13.0.2rc1 (win64 - Windows 11+.0 (26200.2))

CPU model: Intel(R) Core(TM) i9-14900HX, instruction set [SSE2|AVX|AVX2]
Thread count: 24 physical cores, 32 logical processors, using up to 32 threads

Non-default parameters:
TimeLimit  599.9661243
MIPGap  0
MIPGapAbs  0.9999
NodefileStart  4

Optimize a model with 1800 rows, 28060 columns and 76600 nonzeros (Min)
Model fingerprint: 0x44b2ee9a
Model has 28060 linear objective coefficients
Variable types: 28000 continuous, 60 integer (60 binary)
Coefficient statistics:
  Matrix range     [1e+00, 1e+03]
  Objective range  [1e+00, 5e+02]
  Bounds range     [1e+00, 1e+00]
  RHS range        [5e+00, 2e+01]

Using branch priorities.
Found heuristic solution: objective 1264910.0000
Presolve time: 0.05s
Presolved: 1800 rows, 28060 columns, 76600 nonzeros
Variable types: 28000 continuous, 60 integer (60 binary)

Root relaxation: objective 1.107320e+05, 1469 iterations, 0.01 seconds (0.01 work units)

    Nodes    |    Current Node    |     Objective Bounds      |     Work
 Expl Unexpl |  Obj  Depth IntInf | Incumbent    BestBd   Gap | It/Node Time

     0     0 110732.021    0   56 1264910.00 110732.021  91.2%     -    0s
H    0     0                    121372.27608 110732.021  8.77%     -    0s
H    0     0                    121319.65446 110732.021  8.73%     -    0s
     0     0 115605.561    0   39 121319.654 115605.561  4.71%     -    0s
H    0     0                    120740.00000 115894.345  4.01%     -    0s
H    0     0                    120175.00000 115894.345  3.56%     -    0s
     0     0 115894.345    0   37 120175.000 115894.345  3.56%     -    0s
     0     0 115894.345    0   37 120175.000 115894.345  3.56%     -    0s
     0     0 118643.385    0   16 120175.000 118643.385  1.27%     -    0s
H    0     0                    119398.00000 118706.656  0.58%     -    0s
     0     0 118757.460    0   23 119398.000 118757.460  0.54%     -    0s
     0     0 118768.447    0   20 119398.000 118768.447  0.53%     -    0s
     0     0 118769.074    0   23 119398.000 118769.074  0.53%     -    0s
H    0     0                    119114.00000 118769.074  0.29%     -    0s
     0     0 118947.764    0    6 119114.000 118947.764  0.14%     -    0s
H    0     0                    119092.00000 118950.504  0.12%     -    0s
H    0     0                    118968.44828 118955.107  0.01%     -    0s
H    0     0                    118963.00000 118955.107  0.01%     -    0s
     0     0 118963.000    0    4 118963.000 118963.000  0.00%     -    0s

Cutting planes:
  Implied bound: 821
  MIR: 195
  Flow cover: 95
  Relax-and-lift: 7

Explored 1 nodes (2273 simplex iterations) in 0.47 seconds (0.48 work units)
Thread count was 32 (of 32 available processors)

Solution count 7: 118963 119092 119398 ... 1.26491e+06

Optimal solution found (tolerance 0.00e+00)
Best objective 1.189630000000e+05, best bound 1.189630000000e+05, gap 0.0000%
