
Gurobi 13.0.2 (win64) logging started Thu Jul 16 10:11:09 2026

Set parameter LogFile to value "logs/kstar_nI20_nJ40_nK50_nL10_tI3_tJ3_s2_m1_exact_s0_20260716-101109.gurobi.log"
Set parameter Seed to value 0
Set parameter TimeLimit to value 599.9605783
Set parameter MIPGap to value 0
Set parameter MIPGapAbs to value 0.5
Set parameter Cutoff to value 1e+100
Gurobi Optimizer version 13.0.2 build v13.0.2rc1 (win64 - Windows 11+.0 (26200.2))

CPU model: Intel(R) Core(TM) i9-14900HX, instruction set [SSE2|AVX|AVX2]
Thread count: 24 physical cores, 32 logical processors, using up to 32 threads

Non-default parameters:
TimeLimit  599.9605783
MIPGap  0
MIPGapAbs  0.5
PreCrush  1
LazyConstraints  1

Optimize a model with 20 rows, 70 columns and 600 nonzeros (Min)
Model fingerprint: 0xb411cf5a
Model has 70 linear objective coefficients
Variable types: 10 continuous, 60 integer (60 binary)
Coefficient statistics:
  Matrix range     [3e+00, 6e+02]
  Objective range  [1e+00, 5e+02]
  Bounds range     [1e+00, 5e+03]
  RHS range        [6e+02, 6e+02]

Using branch priorities.
Presolve removed 2 rows and 0 columns
Presolve time: 0.00s
Presolved: 18 rows, 70 columns, 540 nonzeros
Variable types: 10 continuous, 60 integer (60 binary)

Root relaxation: objective 4.242897e+04, 5 iterations, 0.00 seconds (0.00 work units)

    Nodes    |    Current Node    |     Objective Bounds      |     Work
 Expl Unexpl |  Obj  Depth IntInf | Incumbent    BestBd   Gap | It/Node Time

     0     0 42428.9689    0    2          - 42428.9689      -     -    0s
H    0     0                    274797.00000 42428.9689  84.6%     -    0s
H    0     0                    243520.00000 42428.9689  82.6%     -    0s
H    0     0                    229718.00000 42428.9689  81.5%     -    0s
H    0     0                    215430.00000 42428.9689  80.3%     -    0s
     0     0 42538.5898    0    8 215430.000 42538.5898  80.3%     -    0s
     0     0 42566.2837    0   12 215430.000 42566.2837  80.2%     -    0s
     0     0 42576.1587    0   11 215430.000 42576.1587  80.2%     -    0s
     0     0 42577.6848    0   11 215430.000 42577.6848  80.2%     -    0s
     0     2 42597.6436    0   16 215430.000 42597.6436  80.2%     -    0s
  3502  3084 43467.2733   29   11 215430.000 42718.3769  80.2%   3.7    5s
H 3503  2930                    201013.00000 42718.3769  78.7%   3.7    5s
H 3506  2786                    191320.00000 42718.3769  77.7%   3.7    5s
  4072  3239 42882.2084   21   17 191320.000 42788.8521  77.6%   5.5   10s
  5229  3899 43347.0712   31   16 191320.000 42824.7636  77.6%   6.4   15s
  7165  4912 45501.0000   68    - 191320.000 42926.3876  77.6%   6.2   20s
  8280  5503 45354.4704   61    1 191320.000 42965.5117  77.5%   6.1   25s
  9015  5974 43481.2994   32   10 191320.000 42977.4322  77.5%   6.1   31s
  9976  6420 43203.2683   24   17 191320.000 42999.6356  77.5%   6.1   35s
 11584  7452 43712.5858   29   10 191320.000 43026.5392  77.5%   6.3   40s
 13405  8790 45291.2854   48    1 191320.000 43027.1218  77.5%   6.2   45s
 15499 10391 45624.5678   62    1 191320.000 43030.6536  77.5%   6.2   50s
 17106 11662 43383.2027   28   15 191320.000 43030.6536  77.5%   6.1   55s
 19173 13782 43373.3284   25   17 191320.000 43065.2817  77.5%   6.1   60s
 20863 15281 43649.4662   30    7 191320.000 43065.2817  77.5%   6.2   65s
 23103 16727 43692.7432   41   14 191320.000 43067.5168  77.5%   6.1   70s
 24512 17776 43628.5785   28   21 191320.000 43067.5168  77.5%   6.2   75s
 24908 18228 43798.5938   27   14 191320.000 43067.5168  77.5%   6.2   81s
 25611 18887 43826.4695   28   12 191320.000 43067.5168  77.5%   6.2   86s
 26500 19347 43386.3175   33   15 191320.000 43128.8752  77.5%   6.2   90s
 27114 20152 44098.1684   30    7 191320.000 43129.5799  77.5%   6.2   95s
 28405 21382 44146.8132   32    6 191320.000 43129.6829  77.5%   6.2  102s
 29156 22131 44252.4480   32    3 191320.000 43136.6475  77.5%   6.2  106s
 29962 22784 44172.9346   31    4 191320.000 43140.6356  77.5%   6.2  111s
 30739 23565 44291.3503   33    2 191320.000 43140.6356  77.5%   6.3  115s
 31616 24247 44154.3098   33    6 191320.000 43143.5143  77.4%   6.3  120s
 32846 25454 78679.0000   68    - 191320.000 43153.8767  77.4%   6.3  125s
 35165 26827 44447.7069   36    5 191320.000 43163.1269  77.4%   6.3  130s
 36664 28774 43649.4922   35   12 191320.000 43163.1269  77.4%   6.3  138s
 37889 29983 44769.4522   46    3 191320.000 43173.8321  77.4%   6.3  144s
 39260 31098 47021.0812   56    3 191320.000 43173.8321  77.4%   6.3  149s
 40561 32516 43644.6072   27   16 191320.000 43182.0619  77.4%   6.4  154s
 41382 32645 43603.9427   21   15 191320.000 43193.1418  77.4%   6.4  155s
 42461 33662 44177.4579   52    6 191320.000 43196.8936  77.4%   6.4  160s
 43668 35134 54845.7682   64    1 191320.000 43197.1142  77.4%   6.4  166s
 45415 35692 43570.3195   30   15 191320.000 43203.2987  77.4%   6.4  172s
 45912 36568 43779.9950   27   20 191320.000 43204.5799  77.4%   6.4  179s
 47397 37866 43734.1874   35   15 191320.000 43209.1447  77.4%   6.4  186s
 48757 39011 43601.5451   30   18 191320.000 43212.0232  77.4%   6.4  193s
 49987 40465 43409.7232   24   21 191320.000 43212.0232  77.4%   6.5  199s
 50771 40560 44601.8743   46    2 191320.000 43216.1921  77.4%   6.5  200s
 51756 41923 44452.8544   48    3 191320.000 43220.4907  77.4%   6.5  207s
 53380 43485 44141.6431   45    8 191320.000 43225.2818  77.4%   6.5  214s
 55216 45369 43568.7425   33   15 191320.000 43233.0210  77.4%   6.6  221s
 57392 47015 44092.4089   49    4 191320.000 43236.0754  77.4%   6.6  229s
 58587 47151 44497.3758   61    3 191320.000 43238.1037  77.4%   6.6  230s
 59227 47242 44033.3291   48   11 191320.000 43242.5720  77.4%   6.6  247s
H59228 44880                    152875.00000 43242.5720  71.7%   6.6  248s
 59232 44882 46082.0000   61   30 152875.000 43242.5720  71.7%   6.6  250s
 59263 44936 43242.5720   29   29 152875.000 43242.5720  71.7%   6.6  257s
 59295 44957 43242.5720   30   29 152875.000 43242.5720  71.7%   6.6  260s
 59327 45015 43242.5720   31   25 152875.000 43242.5720  71.7%   6.7  265s
 59395 45024 43242.5720   32   29 152875.000 43242.5720  71.7%   6.7  270s
 59573 45254 43242.5720   34   23 152875.000 43242.5720  71.7%   6.8  275s
 59935 45466 43402.9484   36   22 152875.000 43242.5720  71.7%   6.9  281s
 60280 45693 43334.7269   38   23 152875.000 43242.5720  71.7%   7.0  286s
 60528 45755 43389.9417   39   23 152875.000 43242.5720  71.7%   7.0  290s
 60862 45903 43281.4353   41   23 152875.000 43242.5720  71.7%   7.0  296s
 61064 46010 43394.1112   42   17 152875.000 43242.5720  71.7%   7.0  300s
 61351 46271 43484.2530   45   14 152875.000 43242.5720  71.7%   7.1  305s
 61853 46537 43657.0487   48   14 152875.000 43242.5720  71.7%   7.1  310s
 62469 46789 43564.1978   52   13 152875.000 43242.5720  71.7%   7.2  317s
 62723 47107 43623.6844   54   14 152875.000 43242.5720  71.7%   7.2  322s
 63019 47394 43844.2267   58    8 152875.000 43242.5720  71.7%   7.2  325s
 64083 47602 43242.5720   37   26 152875.000 43242.5720  71.7%   7.2  333s
 64130 47751 43242.5720   38   23 152875.000 43242.5720  71.7%   7.2  338s
 64523 47784 43544.5186   45   20 152875.000 43242.5720  71.7%   7.2  343s
 64570 48075 43556.0935   46   18 152875.000 43242.5720  71.7%   7.2  346s
 64985 48265 44172.6872   62    8 152875.000 43242.5720  71.7%   7.3  351s
 65331 48676 43255.3882   42   22 152875.000 43242.5720  71.7%   7.3  355s
 65972 48822 43433.0163   47   17 152875.000 43242.5720  71.7%   7.3  360s
 66867 49521 43790.9171   48   14 152875.000 43242.5720  71.7%   7.5  368s
 67561 49884 43528.5860   47   17 152875.000 43242.5720  71.7%   7.5  373s
 68154 50318 44300.8731   52    6 152875.000 43242.5720  71.7%   7.5  378s
 68956 50750 44402.1482   54    6 152875.000 43242.5720  71.7%   7.6  383s
 69818 50632 44543.5578   60    3 152875.000 43242.5720  71.7%   7.6  390s
 69854 50937 44536.2456   62    4 152875.000 43242.5720  71.7%   7.6  397s
 70359 51539 45438.2662   76    2 152875.000 43242.5720  71.7%   7.6  402s
 71259 51852 43748.4291   41   15 152875.000 43242.5720  71.7%   7.7  408s
 71913 52260 44720.7655   56    1 152875.000 43242.5720  71.7%   7.8  415s
 72807 52166 43290.2911   36   23 152875.000 43242.5720  71.7%   7.8  422s
 72839 52624 43337.5788   37   21 152875.000 43242.5720  71.7%   7.8  429s
 73699 52593 44140.5774   50    7 152875.000 43242.5720  71.7%   7.8  435s
 73759 53236 44196.6510   51   10 152875.000 43242.5720  71.7%   7.8  443s
 74674 53688 43598.3188   39   17 152875.000 43242.5720  71.7%   7.9  451s
 75543 54371 43332.8888   42   24 152875.000 43242.5720  71.7%   7.9  459s
 76699 54586 43258.4993   42   25 152875.000 43242.5720  71.7%   8.0  466s
 77284 55152 43670.6199   46   15 152875.000 43242.5720  71.7%   8.1  475s
 78230 55695 44113.4302   53   13 152875.000 43242.5720  71.7%   8.2  484s
 78330 55682 44386.5116   59    2 152875.000 43242.5720  71.7%   8.2  485s
 79356 55567 43301.8622   40   20 152875.000 43242.5720  71.7%   8.2  493s
 79419 56398 43340.1281   41   20 152875.000 43242.5720  71.7%   8.2  503s
 80469 57012 49204.5748   79    4 152875.000 43242.5720  71.7%   8.3  514s
 81667 57677 43760.9241   50   13 152875.000 43242.5720  71.7%   8.3  525s
 82889 58484 43335.0637   37   22 152875.000 43242.5720  71.7%   8.4  537s
 84314 59374 43242.5720   40   24 152875.000 43242.5720  71.7%   8.4  550s
 85798 59064 43320.6583   45   25 152875.000 43242.5720  71.7%   8.5  561s
 85830 59464 43567.6569   46   20 152875.000 43242.5720  71.7%   8.5  573s
 87313 59539 43242.5720   32   27 152875.000 43242.5720  71.7%   8.5  584s
 87346 60363 43242.5720   33   28 152875.000 43242.5720  71.7%   8.5  596s
 88575 60348 43375.8793   34   23 152875.000 43242.5720  71.7%   8.5  600s

Explored 88781 nodes (757423 simplex iterations) in 601.17 seconds (280.20 work units)
Thread count was 32 (of 32 available processors)

Solution count 7: 152875 191320 201013 ... 274797

Time limit reached
Best objective 1.528750000000e+05, best bound 4.324257199819e+04, gap 71.7138%

User-callback calls 196565, time in user-callback 95.27 sec
