
Gurobi 13.0.2 (win64) logging started Wed Jul 15 20:49:42 2026

Set parameter LogFile to value "logs/kstar_nI40_nJ20_nK50_nL5_tI4_tJ4_s5_m0_exact_s0_20260715-204942.gurobi.log"
Set parameter Seed to value 0
Set parameter TimeLimit to value 599.9868061
Set parameter NodefileStart to value 4
Set parameter MIPGap to value 0
Set parameter MIPGapAbs to value 0.9999
Set parameter Cutoff to value 1e+100
Gurobi Optimizer version 13.0.2 build v13.0.2rc1 (win64 - Windows 11+.0 (26200.2))

CPU model: Intel(R) Core(TM) i9-14900HX, instruction set [SSE2|AVX|AVX2]
Thread count: 24 physical cores, 32 logical processors, using up to 32 threads

Non-default parameters:
TimeLimit  599.9868061
MIPGap  0
MIPGapAbs  0.9999
NodefileStart  4

Optimize a model with 650 rows, 9060 columns and 23300 nonzeros (Min)
Model fingerprint: 0x5a93b786
Model has 9060 linear objective coefficients
Variable types: 9000 continuous, 60 integer (60 binary)
Coefficient statistics:
  Matrix range     [1e+00, 7e+02]
  Objective range  [1e+00, 5e+02]
  Bounds range     [1e+00, 1e+00]
  RHS range        [5e+00, 2e+01]

Using branch priorities.
Found heuristic solution: objective 345970.00000
Presolve time: 0.01s
Presolved: 650 rows, 9060 columns, 23300 nonzeros
Variable types: 9000 continuous, 60 integer (60 binary)

Root relaxation: objective 2.962272e+04, 497 iterations, 0.00 seconds (0.00 work units)

    Nodes    |    Current Node    |     Objective Bounds      |     Work
 Expl Unexpl |  Obj  Depth IntInf | Incumbent    BestBd   Gap | It/Node Time

     0     0 29622.7243    0   52 345970.000 29622.7243  91.4%     -    0s
H    0     0                    40339.855803 29622.7243  26.6%     -    0s
H    0     0                    39711.298520 29622.7243  25.4%     -    0s
H    0     0                    39691.000000 29622.7243  25.4%     -    0s
H    0     0                    39380.651830 29622.7243  24.8%     -    0s
     0     0 34031.7171    0   40 39380.6518 34031.7171  13.6%     -    0s
H    0     0                    39312.000000 34059.5593  13.4%     -    0s
     0     0 34059.5593    0   41 39312.0000 34059.5593  13.4%     -    0s
     0     0 34059.5593    0   41 39312.0000 34059.5593  13.4%     -    0s
     0     0 36031.9479    0   31 39312.0000 36031.9479  8.34%     -    0s
     0     0 36183.6352    0   34 39312.0000 36183.6352  7.96%     -    0s
     0     0 36205.5514    0   36 39312.0000 36205.5514  7.90%     -    0s
     0     0 36644.8269    0   35 39312.0000 36644.8269  6.78%     -    0s
H    0     0                    39233.000000 36647.2708  6.59%     -    0s
     0     0 36784.2256    0   37 39233.0000 36784.2256  6.24%     -    0s
H    0     0                    38453.000000 36800.2279  4.30%     -    0s
     0     0 36800.2279    0   37 38453.0000 36800.2279  4.30%     -    0s
     0     0 36801.1711    0   37 38453.0000 36801.1711  4.30%     -    0s
     0     0 37007.6209    0   34 38453.0000 37007.6209  3.76%     -    0s
     0     0 37046.7872    0   30 38453.0000 37046.7872  3.66%     -    0s
H    0     0                    38290.371175 37065.7238  3.20%     -    0s
H    0     0                    38148.523529 37065.7238  2.84%     -    0s
H    0     0                    38050.000000 37065.7238  2.59%     -    0s
     0     0 37065.7238    0   32 38050.0000 37065.7238  2.59%     -    0s
     0     0 37067.3359    0   33 38050.0000 37067.3359  2.58%     -    0s
     0     0 37114.5244    0   35 38050.0000 37114.5244  2.46%     -    0s
H    0     0                    37295.000000 37114.5697  0.48%     -    0s
     0     0 37142.6768    0   35 37295.0000 37142.6768  0.41%     -    0s
     0     0 37147.9710    0   34 37295.0000 37147.9710  0.39%     -    0s
     0     0 37166.1006    0   31 37295.0000 37166.1006  0.35%     -    0s
     0     0 37174.7791    0   28 37295.0000 37174.7791  0.32%     -    0s
     0     0 37175.9523    0   30 37295.0000 37175.9523  0.32%     -    0s
     0     0 37197.8053    0   30 37295.0000 37197.8053  0.26%     -    0s
     0     0 37197.8099    0   30 37295.0000 37197.8099  0.26%     -    0s
     0     0 37197.8099    0   30 37295.0000 37197.8099  0.26%     -    0s
     0     2 37197.8099    0   30 37295.0000 37197.8099  0.26%     -    0s
*   25    12               5    37220.000000 37220.0000  0.00%  27.8    0s

Cutting planes:
  Implied bound: 159
  MIR: 202
  Flow cover: 73
  Relax-and-lift: 9

Explored 33 nodes (3266 simplex iterations) in 0.45 seconds (0.47 work units)
Thread count was 32 (of 32 available processors)

Solution count 10: 37220 37295 38050 ... 39691

Optimal solution found (tolerance 0.00e+00)
Best objective 3.722000000000e+04, best bound 3.722000000000e+04, gap 0.0000%
