
Gurobi 13.0.2 (win64) logging started Sat Jul 18 01:26:17 2026

Set parameter LogFile to value "logs/kstar_nI40_nJ40_nK50_nL5_tI5_tJ5_s1_m1_exact_s0_20260718-012617.gurobi.log"
Set parameter Seed to value 0
Set parameter TimeLimit to value 599.9781157
Set parameter MIPGap to value 0
Set parameter MIPGapAbs to value 0.5
Set parameter Cutoff to value 1e+100
Gurobi Optimizer version 13.0.2 build v13.0.2rc1 (win64 - Windows 11+.0 (26200.2))

CPU model: Intel(R) Core(TM) i9-14900HX, instruction set [SSE2|AVX|AVX2]
Thread count: 24 physical cores, 32 logical processors, using up to 32 threads

Non-default parameters:
TimeLimit  599.9781157
MIPGap  0
MIPGapAbs  0.5
PreCrush  1
LazyConstraints  1

Optimize a model with 10 rows, 85 columns and 400 nonzeros (Min)
Model fingerprint: 0x00e490ef
Model has 85 linear objective coefficients
Variable types: 5 continuous, 80 integer (80 binary)
Coefficient statistics:
  Matrix range     [1e+00, 7e+02]
  Objective range  [1e+00, 5e+02]
  Bounds range     [1e+00, 3e+03]
  RHS range        [6e+02, 7e+02]

Using branch priorities.
Presolve removed 8 rows and 0 columns
Presolve time: 0.00s
Presolved: 2 rows, 85 columns, 80 nonzeros
Variable types: 5 continuous, 80 integer (80 binary)

Root relaxation: objective 1.731386e+04, 8 iterations, 0.00 seconds (0.00 work units)

    Nodes    |    Current Node    |     Objective Bounds      |     Work
 Expl Unexpl |  Obj  Depth IntInf | Incumbent    BestBd   Gap | It/Node Time

     0     0 17313.8624    0    3          - 17313.8624      -     -    0s
H    0     0                    114196.00000 17313.8624  84.8%     -    0s
H    0     0                    105583.00000 17313.8624  83.6%     -    0s
H    0     0                    104054.00000 17313.8624  83.4%     -    0s
H    0     0                    91939.000000 17313.8624  81.2%     -    0s
H    0     0                    84206.000000 17313.8624  79.4%     -    0s
H    0     0                    82535.000000 17313.8624  79.0%     -    0s
     0     0 17633.2763    0    5 82535.0000 17633.2763  78.6%     -    0s
     0     0 17710.1327    0    6 82535.0000 17710.1327  78.5%     -    0s
     0     0 17826.1221    0   11 82535.0000 17826.1221  78.4%     -    0s
     0     0 17832.7271    0   11 82535.0000 17832.7271  78.4%     -    0s
H    0     0                    80108.000000 17832.7271  77.7%     -    0s
     0     2 17877.6667    0   13 80108.0000 17877.6667  77.7%     -    0s
H 3583  3175                    66331.000000 17986.5861  72.9%   3.8    2s
H 3588  3019                    65790.000000 18019.3332  72.6%   3.8    3s
H 3592  2871                    61773.000000 18034.3027  70.8%   3.8    3s
H 3604  2735                    58471.000000 18045.5007  69.1%   3.8    4s
H 3607  2599                    56935.000000 18045.5007  68.3%   3.8    5s
  7036  4781 27544.4535   85    2 56935.0000 18119.6873  68.2%   5.5   10s
 11219  7276 21263.1907   55    1 56935.0000 18195.5871  68.0%   5.4   15s
 16282 11535 18625.5628   27   13 56935.0000 18221.9946  68.0%   5.3   20s
 20862 15807 18773.4225   25   20 56935.0000 18283.5383  67.9%   5.3   25s
 27213 21640 18817.9620   25   15 56935.0000 18309.7492  67.8%   5.4   30s
 33052 27134 18838.4028   28   16 56935.0000 18350.7316  67.8%   5.4   35s
 36495 29825 18971.7417   28   13 56935.0000 18402.3583  67.7%   5.4   41s
 38200 31084 19092.3608   60    4 56935.0000 18406.4223  67.7%   5.4   46s
 40067 33190 19110.5855   63    5 56935.0000 18412.1211  67.7%   5.4   51s
 42018 34918 19641.3718   63    3 56935.0000 18416.0390  67.7%   5.4   55s
 44532 37651 19523.8218   65    3 56935.0000 18422.4895  67.6%   5.5   60s
 50338 43040 19579.0229   66    2 56935.0000 18442.4429  67.6%   5.5   67s
 52419 45059 19669.5772   67    2 56935.0000 18455.4779  67.6%   5.5   70s
 56883 47245 19220.4090   44   11 56935.0000 18462.3952  67.6%   5.5   81s
 56886 47247 18980.9624   39   29 56935.0000 18462.3952  67.6%   5.5   86s
H56888 44885                    54527.000000 18462.3952  66.1%   5.5   90s
 56894 44889 19638.5407   47   27 54527.0000 18462.3952  66.1%   5.5   95s
 56900 44896 18462.3952   25   31 54527.0000 18462.3952  66.1%   5.5  100s
 57080 45046 18676.8944   32   29 54527.0000 18462.3952  66.1%   5.6  105s
 57299 45288 18707.5054   35   21 54527.0000 18462.3952  66.1%   5.7  110s
 57800 45613 18921.5524   39   23 54527.0000 18462.3952  66.1%   5.8  115s
 58593 46020 19254.6257   46   12 54527.0000 18464.5515  66.1%   5.8  121s
*59252 44083             103    43345.000000 18511.0659  57.3%   5.9  124s
 59266 44208 19907.6144   56    6 43345.0000 18511.0659  57.3%   5.9  125s
 60487 45005 23194.8411   82    1 43345.0000 18511.0659  57.3%   5.9  130s
 62165 46231 18777.4683   34   25 43345.0000 18511.0659  57.3%   5.9  136s
 63493 47149 20111.4738   77    6 43345.0000 18557.5896  57.2%   5.9  140s
 66515 48940 18889.5327   34   22 43345.0000 18629.8884  57.0%   6.0  146s
 68540 50415 18856.8630   38   27 43345.0000 18632.0788  57.0%   6.0  151s
 71384 51711 19019.1341   33   19 43345.0000 18632.0788  57.0%   6.0  155s
 74027 52180 19055.5500   45   19 43345.0000 18716.7731  56.8%   6.0  160s
 75102 53238 19253.9330   48   16 43345.0000 18716.7731  56.8%   6.1  166s
 76486 54291 18941.7219   37   20 43345.0000 18716.7731  56.8%   6.1  171s
 77448 55041 20374.0000   85    - 43345.0000 18727.3723  56.8%   6.1  175s
 80259 56415 19076.2876   44   17 43345.0000 18748.6575  56.7%   6.1  181s
 81583 57493 19472.9934   55    9 43345.0000 18748.6575  56.7%   6.1  185s
 84639 59290 19188.6185   50   17 43345.0000 18765.9180  56.7%   6.1  192s
 86418 60358 19094.1463   42   19 43345.0000 18783.8397  56.7%   6.1  195s
 90175 62584 19225.7510   50   20 43345.0000 18788.8412  56.7%   6.2  203s
 92063 63834 20178.6312   75    3 43345.0000 18788.8412  56.7%   6.2  207s
 94159 65097 19338.2336   46   12 43345.0000 18801.8969  56.6%   6.2  211s
 96221 66084 19075.7130   36   23 43345.0000 18806.1919  56.6%   6.2  216s
 98182 67402 19106.1314   40   18 43345.0000 18806.1919  56.6%   6.2  220s
 100394 66969 19358.1471   41   19 43345.0000 18814.1922  56.6%   6.3  225s
 100490 68018 19388.8761   42   15 43345.0000 18814.1922  56.6%   6.3  230s
 102176 68680 19030.7192   42   20 43345.0000 18818.2804  56.6%   6.3  235s
 104076 69332 21427.7036   78    1 43345.0000 18820.7732  56.6%   6.2  240s
 105841 70587 19217.9227   46   18 43345.0000 18825.6980  56.6%   6.3  245s
 107430 71747 19860.3979   70    4 43345.0000 18825.6980  56.6%   6.3  250s
 109587 73146 19295.2949   45   18 43345.0000 18827.3885  56.6%   6.3  256s
 111994 74449 19111.3601   41   15 43345.0000 18832.1088  56.6%   6.3  262s
 114349 75859 19470.2739   49   13 43345.0000 18833.5525  56.5%   6.3  268s
 116889 75486 19740.6797   59    6 43345.0000 18839.7873  56.5%   6.3  272s
 117093 76317 19753.8653   60    7 43345.0000 18840.8302  56.5%   6.3  276s
 118269 77531 19156.7049   42   25 43345.0000 18841.1120  56.5%   6.3  282s
 120175 78702 19755.3511   52   11 43345.0000 18842.3719  56.5%   6.3  289s
 121930 78312 19399.5906   52   15 43345.0000 18844.2313  56.5%   6.4  290s
 122189 80169 19374.9665   43   15 43345.0000 18844.2313  56.5%   6.4  296s
 124568 82149 19290.7591   36   19 43345.0000 18847.4576  56.5%   6.4  303s
 127791 84032 20071.9767   69    8 43345.0000 18854.5318  56.5%   6.4  311s
 130997 86004 19165.8588   37   24 43345.0000 18860.0497  56.5%   6.4  318s
 134478 87783 19902.3934   74    5 43345.0000 18862.3838  56.5%   6.4  327s
 137798 89383 19342.8351   44   18 43345.0000 18867.9191  56.5%   6.5  335s
 140655 91505 21352.1049   89    1 43345.0000 18871.6113  56.5%   6.5  343s
 144317 93401 24472.0000   90    - 43345.0000 18874.9519  56.5%   6.5  351s
 147769 95301 19436.6235   46   18 43345.0000 18881.1774  56.4%   6.5  359s
 151147 96465 19366.0169   41   20 43345.0000 18885.9203  56.4%   6.5  367s
 153493 98385 19159.2143   37   19 43345.0000 18887.5072  56.4%   6.5  374s
 153609 98359 19904.0244   62    8 43345.0000 18887.5072  56.4%   6.5  375s
 156782 99822 22378.1368   86    1 43345.0000 18891.6244  56.4%   6.6  382s
 159876 101809 20840.1839   91    2 43345.0000 18891.6244  56.4%   6.6  390s
 163270 103247 19370.6452   43   20 43345.0000 18899.4919  56.4%   6.6  398s
 165979 104433 19464.9553   46   15 43345.0000 18902.1813  56.4%   6.6  407s
 169181 106269 21061.9224   89    1 43345.0000 18904.2075  56.4%   6.6  415s
 172205 107873 19319.9112   41   21 43345.0000 18906.9008  56.4%   6.6  423s
 174976 109781 19349.0600   43   19 43345.0000 18909.9130  56.4%   6.6  431s
 178023 109066 20178.1160   64    5 43345.0000 18910.1059  56.4%   6.7  437s
 178078 109824 20172.6047   66    6 43345.0000 18910.1059  56.4%   6.7  444s
 179050 111078 20079.7764   65    4 43345.0000 18912.0601  56.4%   6.7  452s
 180947 112224 20134.1825   66    4 43345.0000 18912.5733  56.4%   6.7  460s
 182909 113484 20124.7286   66    5 43345.0000 18915.8390  56.4%   6.7  469s
 185087 114790 19248.7165   40   18 43345.0000 18915.8390  56.4%   6.7  478s
 187393 116652 20277.3638   68    4 43345.0000 18917.3640  56.4%   6.7  488s
 189274 118810 19942.9668   62    9 43345.0000 18922.9827  56.3%   6.7  497s
 192194 121230 19507.0320   39   16 43345.0000 18923.6080  56.3%   6.7  506s
 194605 123651 19429.8491   50   15 43345.0000 18925.7862  56.3%   6.7  516s
 197401 126065 19172.9991   37   21 43345.0000 18927.0665  56.3%   6.7  525s
 200209 128573 19766.4677   54   14 43345.0000 18929.3020  56.3%   6.7  533s
 202998 130794 25441.0000   96    - 43345.0000 18932.8054  56.3%   6.7  543s
 205489 132669 19471.7597   37   17 43345.0000 18932.8201  56.3%   6.7  553s
 208792 134615 19383.5130   41   19 43345.0000 18934.8248  56.3%   6.7  564s
 210181 135102 36195.0000  101    - 43345.0000 18936.6953  56.3%   6.7  565s
 212682 137971 21435.9729   83    2 43345.0000 18939.2367  56.3%   6.7  575s
 215448 140398 19861.7139   56   11 43345.0000 18941.0400  56.3%   6.7  584s
 217983 142826 19794.1275   52   11 43345.0000 18941.2157  56.3%   6.7  593s
 220850 144151 20483.2686   60    5 43345.0000 18944.7433  56.3%   6.7  600s

Cutting planes:
  Gomory: 4
  Cover: 1
  MIR: 3

Explored 221929 nodes (1494235 simplex iterations) in 601.24 seconds (255.09 work units)
Thread count was 32 (of 32 available processors)

Solution count 10: 43345 54527 56935 ... 84206

Time limit reached
Best objective 4.334500000000e+04, best bound 1.894486150928e+04, gap 56.2929%

User-callback calls 464204, time in user-callback 58.15 sec
