
Gurobi 13.0.2 (win64) logging started Fri Jul 17 03:56:01 2026

Set parameter LogFile to value "logs/kstar_nI40_nJ20_nK50_nL10_tI4_tJ4_s3_m1_exact_s0_20260717-035601.gurobi.log"
Set parameter Seed to value 0
Set parameter TimeLimit to value 599.9753509
Set parameter MIPGap to value 0
Set parameter MIPGapAbs to value 0.5
Set parameter Cutoff to value 1e+100
Gurobi Optimizer version 13.0.2 build v13.0.2rc1 (win64 - Windows 11+.0 (26200.2))

CPU model: Intel(R) Core(TM) i9-14900HX, instruction set [SSE2|AVX|AVX2]
Thread count: 24 physical cores, 32 logical processors, using up to 32 threads

Non-default parameters:
TimeLimit  599.9753509
MIPGap  0
MIPGapAbs  0.5
PreCrush  1
LazyConstraints  1

Optimize a model with 20 rows, 70 columns and 600 nonzeros (Min)
Model fingerprint: 0x3cfdb7b7
Model has 70 linear objective coefficients
Variable types: 10 continuous, 60 integer (60 binary)
Coefficient statistics:
  Matrix range     [4e+00, 7e+02]
  Objective range  [1e+00, 5e+02]
  Bounds range     [1e+00, 6e+03]
  RHS range        [6e+02, 7e+02]

Using branch priorities.
Presolve removed 16 rows and 0 columns
Presolve time: 0.00s
Presolved: 4 rows, 70 columns, 120 nonzeros
Variable types: 10 continuous, 60 integer (60 binary)

Root relaxation: objective 4.810408e+04, 10 iterations, 0.00 seconds (0.00 work units)

    Nodes    |    Current Node    |     Objective Bounds      |     Work
 Expl Unexpl |  Obj  Depth IntInf | Incumbent    BestBd   Gap | It/Node Time

     0     0 48104.0819    0    4          - 48104.0819      -     -    0s
H    0     0                    220992.00000 48104.0819  78.2%     -    0s
H    0     0                    203888.00000 48104.0819  76.4%     -    0s
H    0     0                    195739.00000 48104.0819  75.4%     -    0s
H    0     0                    180654.00000 48104.0819  73.4%     -    0s
     0     0 48277.2808    0    5 180654.000 48277.2808  73.3%     -    0s
     0     0 48393.4285    0   10 180654.000 48393.4285  73.2%     -    0s
H    0     0                    179428.00000 48393.4285  73.0%     -    0s
H    0     0                    153751.00000 48395.6699  68.5%     -    0s
     0     0 48430.7196    0   10 153751.000 48430.7196  68.5%     -    0s
     0     0 48446.1136    0   10 153751.000 48446.1136  68.5%     -    0s
     0     2 48448.7616    0   10 153751.000 48448.7616  68.5%     -    0s
H 3322  2824                    144920.00000 48588.8593  66.5%   3.3    1s
H 3324  2684                    129321.00000 48684.2936  62.4%   3.3    2s
H 3327  2551                    125691.00000 48684.2936  61.3%   3.3    2s
H 3333  2427                    120942.00000 48689.3392  59.7%   3.3    4s
H 3334  2430                    120184.00000 48689.3392  59.5%   3.3    4s
  3617  2619 49205.6623   24   13 120184.000 48778.6083  59.4%   4.6    5s
  6909  4440 75095.0000   69    - 120184.000 48820.7040  59.4%   5.3   10s
  8120  5086 60665.3056   61    2 120184.000 48877.7262  59.3%   5.4   15s
 12308  7751 49500.2744   22   16 120184.000 48885.4781  59.3%   5.3   20s
 16406 11061 49703.6964   30   16 120184.000 48968.7359  59.3%   5.4   25s
 17262 11858 49931.5903   35   10 120184.000 48968.7359  59.3%   5.5   30s
 18111 12802 49640.8168   22   11 120184.000 48968.7359  59.3%   5.5   35s
 19863 14414 49909.0635   24   13 120184.000 49011.1736  59.2%   5.5   41s
 21608 15877 49726.6759   25   14 120184.000 49083.2035  59.2%   5.5   46s
 23753 17804 50025.0589   25   15 120184.000 49090.6410  59.2%   5.5   50s
 26837 20424 56120.7873   58    4 120184.000 49116.5865  59.1%   5.5   55s
 30282 23807 50514.7818   27   10 120184.000 49169.4649  59.1%   5.5   61s
 33401 26294 49784.8908   25   13 120184.000 49192.6910  59.1%   5.5   66s
 36857 29273 50313.6440   35    5 120184.000 49224.2874  59.0%   5.5   73s
 38451 30816 50398.0520   28   11 120184.000 49232.7522  59.0%   5.5   76s
 41911 33647 51210.9442   47    6 120184.000 49244.8627  59.0%   5.5   81s
 43624 35351 51084.8396   36    1 120184.000 49262.2446  59.0%   5.5   85s
 47488 37215 52671.0000   63   10 120184.000 49290.2200  59.0%   5.5  102s
H47489 35355                    106216.00000 49290.2200  53.6%   5.5  103s
 47491 35356 50935.0000   47   27 106216.000 49290.2200  53.6%   5.5  105s
H47492 33589                    105867.00000 49290.2200  53.4%   5.5  110s
 47499 33593 51175.0000   57   30 105867.000 49290.2200  53.4%   5.5  115s
H47501 31915                    103700.00000 49290.2200  52.5%   5.5  121s
H47502 31915                    102666.00000 49290.2200  52.0%   5.5  121s
 47506 31918 51257.8015   62   32 102666.000 49290.2200  52.0%   5.5  126s
H47508 30323                    93808.000000 49290.2200  47.5%   5.5  130s
H47509 30326                    89485.000000 49290.2200  44.9%   5.5  130s
 47604 30476 50212.5507   28   17 89485.0000 49388.9641  44.8%   5.6  135s
 47875 30601 50747.5558   31   17 89485.0000 49388.9641  44.8%   5.7  140s
 48551 31088 51328.9708   36    9 89485.0000 49388.9641  44.8%   5.8  145s
 49117 31334 51448.5038   41    8 89485.0000 49388.9641  44.8%   5.8  150s
 49664 31612 52171.7362   51    2 89485.0000 49388.9641  44.8%   5.8  155s
 50497 32211 53601.9134   66    1 89485.0000 49578.7206  44.6%   5.8  160s
 51644 33078 50036.9916   34   18 89485.0000 49631.4512  44.5%   5.9  165s
 53328 33865 50752.1264   47   11 89485.0000 49641.4013  44.5%   5.9  170s
 55118 34844 50760.0648   43   11 89485.0000 49663.3070  44.5%   5.9  175s
 57429 35771 50319.9309   40   17 89485.0000 49725.9046  44.4%   5.9  181s
 58765 36565 50489.2121   39   12 89485.0000 49763.4960  44.4%   5.9  185s
 61191 37236 50746.6647   46    7 89485.0000 49771.0930  44.4%   5.9  191s
 61277 37630 50676.2374   46   12 89485.0000 49771.0930  44.4%   5.9  195s
 62450 38443 50162.0464   37   17 89485.0000 49771.0930  44.4%   6.0  201s
 64416 39639 50388.2209   43   17 89485.0000 49773.7507  44.4%   6.0  206s
 66606 40656 51493.8964   55    7 89485.0000 49773.7507  44.4%   6.0  211s
 68590 41847 50041.6599   31   19 89485.0000 49830.3242  44.3%   6.0  217s
 69825 42279 50647.1581   38   16 89485.0000 49864.7239  44.3%   6.0  221s
 72233 43822 50219.5487   32   21 89485.0000 49880.0719  44.3%   6.0  227s
 73679 44348 50086.7340   31   18 89485.0000 49886.0197  44.3%   6.0  231s
 74877 45173 50355.0240   40   18 89485.0000 49888.6899  44.2%   6.0  235s
 76409 45443 50592.8248   33   14 89485.0000 49909.7422  44.2%   6.0  242s
 77137 46054 50870.4707   35   12 89485.0000 49911.0419  44.2%   6.0  246s
 78151 46761 55059.8110   60    1 89485.0000 49911.0419  44.2%   6.1  250s
 79497 47427 52759.0000   73    - 89485.0000 49913.3324  44.2%   6.1  255s
 82179 49031 50278.8535   36   18 89485.0000 49926.8818  44.2%   6.1  264s
 83702 49644 51123.4261   49    9 89485.0000 49932.2592  44.2%   6.1  269s
 84945 50591 55683.7465   64    3 89485.0000 49932.2592  44.2%   6.1  274s
 85243 50548 50501.6006   30   19 89485.0000 49944.4357  44.2%   6.1  275s
 86753 50988 51223.0913   42   14 89485.0000 49953.2243  44.2%   6.1  284s
 87744 51596 51326.6392   43   13 89485.0000 49955.0569  44.2%   6.1  289s
 88969 52411 51539.8958   44   12 89485.0000 49960.1828  44.2%   6.1  294s
 90359 53111 51570.2282   45   16 89485.0000 49964.6726  44.2%   6.1  300s
 91698 53853 51676.0594   46   13 89485.0000 49974.5358  44.2%   6.2  306s
 93066 54604 51950.7330   47   12 89485.0000 49980.7150  44.1%   6.2  312s
 94531 55448 52086.3777   48   11 89485.0000 49986.0128  44.1%   6.2  318s
 96135 56187 52120.3941   49   13 89485.0000 49993.7919  44.1%   6.2  325s
 97485 57084 52303.7357   50   11 89485.0000 49994.1687  44.1%   6.2  332s
 99291 58361 52417.9856   51   10 89485.0000 50000.6519  44.1%   6.2  340s
 101510 58050 50694.5900   35   18 89485.0000 50002.2323  44.1%   6.2  346s
 101649 58952 50711.1379   36   19 89485.0000 50008.4175  44.1%   6.2  354s
 102721 58737 50470.4081   37   20 89485.0000 50010.0746  44.1%   6.2  355s
 102918 60284 50721.6039   38   11 89485.0000 50010.0746  44.1%   6.2  364s
 105032 61215 50372.3542   30   19 89485.0000 50020.1694  44.1%   6.2  372s
 106819 62383 50499.3855   38   19 89485.0000 50028.7030  44.1%   6.3  381s
 109147 63957 50278.1258   34   22 89485.0000 50030.6293  44.1%   6.3  390s
 111955 65253 52203.5973   71    1 89485.0000 50040.5019  44.1%   6.3  400s
 114507 66470 51313.4718   44   12 89485.0000 50045.1933  44.1%   6.3  410s
 116824 68243 50400.7803   37   18 89485.0000 50055.4213  44.1%   6.3  421s
 119955 69496 50370.4641   34   24 89485.0000 50062.1656  44.1%   6.3  433s
 122448 71114 51279.3200   50   12 89485.0000 50068.3127  44.0%   6.3  444s
 122991 70992 50936.9372   31   19 89485.0000 50069.6283  44.0%   6.4  445s
 125303 72686 51808.8013   51    8 89485.0000 50074.3604  44.0%   6.4  457s
 128338 74251 53421.3883   61    5 89485.0000 50074.5084  44.0%   6.4  471s
 131279 75626 51198.2282   41   14 89485.0000 50088.6383  44.0%   6.4  485s
 133941 76633 53736.9939   69    3 89485.0000 50095.2418  44.0%   6.4  499s
 136164 78024 52804.0238   43    9 89485.0000 50099.3109  44.0%   6.5  513s
 138945 78077 51435.5394   42   16 89485.0000 50101.0143  44.0%   6.5  524s
 139415 79285 51570.1824   43   14 89485.0000 50101.0143  44.0%   6.5  536s
 140935 80635 51661.6114   44   10 89485.0000 50104.2099  44.0%   6.5  549s
 141362 80698 50781.4836   37   24 89485.0000 50105.0109  44.0%   6.5  550s
 142536 82295 51558.6076   43   20 89485.0000 50109.4678  44.0%   6.5  564s
 144360 82573 50675.3430   37   20 89485.0000 50115.5958  44.0%   6.5  565s
 144591 84531 51363.0812   36   12 89485.0000 50115.5958  44.0%   6.5  579s
 147183 86752 50850.6573   42   17 89485.0000 50119.9985  44.0%   6.5  594s
 149794 87783 50585.1141   32   21 89485.0000 50124.3574  44.0%   6.5  600s

Cutting planes:
  Gomory: 1
  Cover: 1
  MIR: 18
  StrongCG: 1
  Flow cover: 5

Explored 150658 nodes (984445 simplex iterations) in 600.85 seconds (289.92 work units)
Thread count was 32 (of 32 available processors)

Solution count 10: 89485 93808 102666 ... 144920

Time limit reached
Best objective 8.948500000000e+04, best bound 5.012586685120e+04, gap 43.9841%

User-callback calls 327522, time in user-callback 38.63 sec
