
Gurobi 13.0.2 (win64) logging started Thu Jul 16 12:51:50 2026

Set parameter LogFile to value "logs/kstar_nI20_nJ40_nK50_nL10_tI6_tJ6_s3_m1_exact_s0_20260716-125150.gurobi.log"
Set parameter Seed to value 0
Set parameter TimeLimit to value 599.963364
Set parameter MIPGap to value 0
Set parameter MIPGapAbs to value 0.5
Set parameter Cutoff to value 1e+100
Gurobi Optimizer version 13.0.2 build v13.0.2rc1 (win64 - Windows 11+.0 (26200.2))

CPU model: Intel(R) Core(TM) i9-14900HX, instruction set [SSE2|AVX|AVX2]
Thread count: 24 physical cores, 32 logical processors, using up to 32 threads

Non-default parameters:
TimeLimit  599.963364
MIPGap  0
MIPGapAbs  0.5
PreCrush  1
LazyConstraints  1

Optimize a model with 20 rows, 70 columns and 600 nonzeros (Min)
Model fingerprint: 0xf07a0459
Model has 70 linear objective coefficients
Variable types: 10 continuous, 60 integer (60 binary)
Coefficient statistics:
  Matrix range     [2e+00, 7e+02]
  Objective range  [1e+00, 5e+02]
  Bounds range     [1e+00, 5e+03]
  RHS range        [6e+02, 7e+02]

Using branch priorities.
Presolve removed 18 rows and 0 columns
Presolve time: 0.00s
Presolved: 2 rows, 70 columns, 60 nonzeros
Variable types: 10 continuous, 60 integer (60 binary)

Root relaxation: objective 4.424006e+04, 3 iterations, 0.00 seconds (0.00 work units)

    Nodes    |    Current Node    |     Objective Bounds      |     Work
 Expl Unexpl |  Obj  Depth IntInf | Incumbent    BestBd   Gap | It/Node Time

     0     0 44240.0553    0    2          - 44240.0553      -     -    0s
H    0     0                    182730.00000 44240.0553  75.8%     -    0s
H    0     0                    171849.00000 44240.0553  74.3%     -    0s
H    0     0                    165048.00000 44240.0553  73.2%     -    0s
H    0     0                    153653.00000 44240.0553  71.2%     -    0s
     0     0 44554.6174    0    8 153653.000 44554.6174  71.0%     -    0s
     0     0 44600.1528    0    9 153653.000 44600.1528  71.0%     -    0s
H    0     0                    151810.00000 44600.1528  70.6%     -    0s
H    0     0                    141497.00000 44601.0681  68.5%     -    0s
     0     0 44637.4975    0   10 141497.000 44637.4975  68.5%     -    0s
     0     0 44648.7274    0   10 141497.000 44648.7274  68.4%     -    0s
H    0     0                    134295.00000 44648.7274  66.8%     -    0s
H    0     2                    133008.00000 44728.3270  66.4%     -    0s
     0     2 44728.3270    0   12 133008.000 44728.3270  66.4%     -    0s
H 3383  2846                    112281.00000 44887.1519  60.0%   4.0    4s
  3389  2850 44982.4190   15   26 112281.000 44982.4190  59.9%   4.0    5s
H 3389  2707                    108416.00000 44982.4190  58.5%   4.0    5s
H 3391  2573                    96116.000000 44982.4190  53.2%   4.0    5s
  4366  3273 46811.5111   29   10 96116.0000 45095.4990  53.1%   6.0   10s
  6431  4362 48224.4095   46    5 96116.0000 45179.6051  53.0%   5.8   15s
  8708  5794 53364.1052   69    1 96116.0000 45238.4928  52.9%   5.9   20s
 11370  7257 46375.5731   37    3 96116.0000 45279.8110  52.9%   5.9   25s
 13112  8868 46830.3366   43    4 96116.0000 45324.0179  52.8%   5.9   30s
 15141 10852 46529.3836   30   12 96116.0000 45324.0179  52.8%   5.9   35s
 16950 12032 47805.2745   46    4 96116.0000 45324.0179  52.8%   5.9   40s
 18633 13587 48224.6560   48    6 96116.0000 45324.0179  52.8%   5.8   45s
 20620 15521 48236.0385   48    6 96116.0000 45548.0893  52.6%   5.8   50s
 23444 18079 47003.6961   32   13 96116.0000 45553.2211  52.6%   5.8   55s
 27247 21296 47555.4704   61    2 96116.0000 45588.2630  52.6%   5.7   61s
 29068 23197 47478.7138   38    5 96116.0000 45631.9300  52.5%   5.8   65s
 31840 25729 47038.1458   27   11 96116.0000 45668.2149  52.5%   5.8   70s
 34527 28007 47390.6339   35    8 96116.0000 45668.2149  52.5%   5.8   76s
 37201 30307 46357.1102   25   17 96116.0000 45707.2002  52.4%   5.8   81s
 39574 31560 46564.6016   25   14 96116.0000 45707.2002  52.4%   5.8   85s
 41181 33756 46907.1653   26   14 96116.0000 45740.3842  52.4%   5.8   90s
 43539 35188 46310.4311   25   18 96116.0000 45747.6719  52.4%   5.8   95s
 46155 37880 46291.0134   24   21 96116.0000 45777.2776  52.4%   5.8  101s
 47755 39245 47335.5969   53    5 96116.0000 45777.5813  52.4%   5.8  105s
 50442 40488 46370.1598   22   18 96116.0000 45793.3683  52.4%   5.8  110s
 51103 42184 49253.3867   47    4 96116.0000 45793.3683  52.4%   5.9  116s
 52722 43488 46700.2894   26   15 96116.0000 45797.0372  52.4%   5.9  120s
 54124 44717 47966.8561   42    3 96116.0000 45797.0372  52.4%   5.9  125s
 57032 47662 52161.0000   52    - 96116.0000 45813.1095  52.3%   5.9  133s
 59116 49067 51690.3945   63    1 96116.0000 45843.1056  52.3%   5.9  139s
 60677 50516 46701.2908   23   14 96116.0000 45856.0950  52.3%   5.9  143s
 62451 52001 47442.5555   30   14 96116.0000 45865.1152  52.3%   5.9  148s
 64227 52638 47175.4071   34    7 96116.0000 45866.1133  52.3%   5.9  153s
 64703 53348 47828.3353   32   10 96116.0000 45866.1133  52.3%   5.9  157s
 65625 54238 47445.4309   31   11 96116.0000 45872.7569  52.3%   5.9  162s
 66636 55100 46583.4633   32   20 96116.0000 45872.7569  52.3%   5.9  168s
 67683 55524 46871.0562   23   17 96116.0000 45884.0402  52.3%   5.9  172s
 68084 56112 46862.1331   23   18 96116.0000 45885.8385  52.3%   5.9  177s
 68765 56639 46561.5202   24   16 96116.0000 45890.2599  52.3%   6.0  183s
 69366 57780 47005.2436   35   12 96116.0000 45890.2599  52.3%   6.0  189s
 70807 57969 47835.8922   47   10 96116.0000 45891.9850  52.3%   6.0  204s
H70808 55071                    86584.000000 45891.9850  47.0%   6.0  206s
 70810 55072 48741.0043   39   34 86584.0000 45891.9850  47.0%   6.0  211s
 70814 55075 46756.0197   43   34 86584.0000 45891.9850  47.0%   6.0  216s
H70814 52321                    83895.000000 45891.9850  45.3%   6.0  219s
 70820 52325 47716.0000   57   36 83895.0000 45891.9850  45.3%   6.0  221s
 70822 52326 48079.1944   54   33 83895.0000 45891.9850  45.3%   6.0  226s
H70822 49710                    83303.000000 45891.9850  44.9%   6.0  229s
H70822 47224                    82587.000000 45891.9850  44.4%   6.0  229s
H70823 47225                    81646.000000 45891.9850  43.8%   6.0  229s
 70825 47226 48612.7906   58   34 81646.0000 45891.9850  43.8%   6.0  231s
 70828 47228 47989.8045   37   35 81646.0000 45891.9850  43.8%   6.0  237s
H70828 44866                    79566.000000 45891.9850  42.3%   6.0  239s
 70830 44867 47492.3901   38   36 79566.0000 45891.9850  42.3%   6.0  242s
 70831 44868 47134.1306   34   36 79566.0000 45891.9850  42.3%   6.0  245s
 70834 44870 51462.0000   59   34 79566.0000 45891.9850  42.3%   6.0  252s
H70834 42626                    75494.000000 45891.9850  39.2%   6.0  252s
 70850 42654 46260.6410   28   26 75494.0000 46073.5324  39.0%   6.0  255s
 70930 42765 47418.4467   31   22 75494.0000 46182.4418  38.8%   6.1  262s
 71004 42794 47807.6295   32   20 75494.0000 46182.4418  38.8%   6.1  265s
 71331 43079 48119.1614   37   15 75494.0000 46182.4418  38.8%   6.2  270s
 71740 43336 48382.0173   42   10 75494.0000 46182.4418  38.8%   6.2  275s
 71990 43431 48694.2274   45    5 75494.0000 46182.4418  38.8%   6.2  280s
 72471 43807 48896.3144   52    5 75494.0000 46286.5868  38.7%   6.3  285s
 73410 44216 51974.6614   65    1 75494.0000 46299.8568  38.7%   6.3  290s
 74246 44644 48137.5160   64    1 75494.0000 46312.5329  38.7%   6.3  295s
 75252 45498 48178.9980   54    4 75494.0000 46391.5473  38.5%   6.3  300s
 76489 46173 46792.1949   34   20 75494.0000 46432.6666  38.5%   6.3  307s
 77661 46856 46987.5572   36   18 75494.0000 46476.1986  38.4%   6.4  312s
 78432 47172 47050.2001   37   19 75494.0000 46488.5029  38.4%   6.4  315s
 79853 47898 47117.6360   37   14 75494.0000 46509.6340  38.4%   6.4  321s
 81225 48662 47205.1926   39   14 75494.0000 46543.7921  38.3%   6.4  327s
 81925 48961 47195.6634   38   16 75494.0000 46569.2240  38.3%   6.4  330s
 83408 49866 48829.8619   50    6 75494.0000 46569.2240  38.3%   6.4  336s
 84352 49801 48233.6028   48    6 75494.0000 46577.0759  38.3%   6.4  340s
 84606 50727 48271.9611   46    9 75494.0000 46604.8452  38.3%   6.4  347s
 85705 51291 49940.5207   66    1 75494.0000 46604.8452  38.3%   6.4  352s
 86693 51850 47269.8057   39   16 75494.0000 46626.3960  38.2%   6.5  355s
 88737 52722 47498.6285   43   13 75494.0000 46645.5822  38.2%   6.5  362s
 89481 53314 52690.0526   82    1 75494.0000 46645.5822  38.2%   6.5  366s
 90402 53907 47537.0458   45   18 75494.0000 46645.5822  38.2%   6.5  370s
 91577 54617 47359.6774   41   19 75494.0000 46669.4784  38.2%   6.5  375s
 92778 54448 47056.7775   34   23 75494.0000 46669.4784  38.2%   6.5  381s
 92941 55015 47079.5095   35   23 75494.0000 46680.0852  38.2%   6.6  385s
 93719 55307 47218.9437   36   19 75494.0000 46680.0852  38.2%   6.6  390s
 95417 56508 48232.4692   45   13 75494.0000 46711.2059  38.1%   6.6  399s
 96409 57064 47488.3840   38   23 75494.0000 46726.2808  38.1%   6.6  404s
 97491 57531 47131.0175   36   20 75494.0000 46748.6947  38.1%   6.6  409s
 98421 58040 47620.2924   36   13 75494.0000 46759.4556  38.1%   6.6  414s
 99873 59061 48461.8122   46    8 75494.0000 46763.0924  38.1%   6.6  419s
 100102 59015 47433.2314   34   21 75494.0000 46768.9213  38.0%   6.6  420s
 101429 59933 48416.9491   63    2 75494.0000 46774.1241  38.0%   6.6  425s
 103040 60812 47973.6920   40   10 75494.0000 46786.6475  38.0%   6.6  432s
 104711 61688 48203.9272   46   10 75494.0000 46788.8226  38.0%   6.7  439s
 106078 61424 48171.0682   50    9 75494.0000 46802.3556  38.0%   6.7  440s
 106375 62752 50888.3472   69    1 75494.0000 46802.3556  38.0%   6.7  447s
 108296 64025 48680.6956   47   10 75494.0000 46825.0635  38.0%   6.7  454s
 110415 65101 47370.8069   35   26 75494.0000 46839.9450  38.0%   6.7  462s
 112481 65657 52198.0714   74    4 75494.0000 46839.9450  38.0%   6.7  470s
 113769 66527 68796.9607   75    1 75494.0000 46839.9450  38.0%   6.8  480s
 115285 67725 48269.1900   47   15 75494.0000 46856.6625  37.9%   6.8  487s
 117210 69125 48169.5537   42   11 75494.0000 46856.6625  37.9%   6.8  496s
 119751 70463 48125.9358   46    8 75494.0000 46883.4617  37.9%   6.8  505s
 122149 71681 48021.4657   44   15 75494.0000 46893.4852  37.9%   6.9  514s
 124368 72911 48130.5731   42   12 75494.0000 46894.0515  37.9%   6.9  523s
 126648 73831 48376.0478   43   11 75494.0000 46915.8906  37.9%   7.0  534s
 128788 75336 50962.7035   67    2 75494.0000 46915.8906  37.9%   7.0  544s
 131822 76280 50383.0000   80    - 75494.0000 46927.7051  37.8%   7.0  555s
 134073 77018 47935.6520   36   22 75494.0000 46937.5855  37.8%   7.0  567s
 135626 78472 48504.6111   47   18 75494.0000 46938.4724  37.8%   7.0  579s
 138063 79791 48665.8389   52    6 75494.0000 46942.0166  37.8%   7.0  591s
 140555 80145 48261.4955   40   18 75494.0000 46962.1916  37.8%   7.0  600s

Cutting planes:
  Gomory: 3
  Cover: 1
  MIR: 5
  Flow cover: 5

Explored 141489 nodes (1000567 simplex iterations) in 601.65 seconds (266.73 work units)
Thread count was 32 (of 32 available processors)

Solution count 10: 75494 79566 81646 ... 112281

Time limit reached
Best objective 7.549400000000e+04, best bound 4.696219164898e+04, gap 37.7935%

User-callback calls 307540, time in user-callback 57.21 sec
