
Gurobi 13.0.2 (win64) logging started Wed Jul 15 20:48:12 2026

Set parameter LogFile to value "logs/kstar_nI20_nJ40_nK50_nL10_tI2_tJ2_s1_m0_exact_s0_20260715-204812.gurobi.log"
Set parameter Seed to value 0
Set parameter TimeLimit to value 599.9606564
Set parameter NodefileStart to value 4
Set parameter MIPGap to value 0
Set parameter MIPGapAbs to value 0.9999
Set parameter Cutoff to value 1e+100
Gurobi Optimizer version 13.0.2 build v13.0.2rc1 (win64 - Windows 11+.0 (26200.2))

CPU model: Intel(R) Core(TM) i9-14900HX, instruction set [SSE2|AVX|AVX2]
Thread count: 24 physical cores, 32 logical processors, using up to 32 threads

Non-default parameters:
TimeLimit  599.9606564
MIPGap  0
MIPGapAbs  0.9999
NodefileStart  4

Optimize a model with 1500 rows, 28060 columns and 76600 nonzeros (Min)
Model fingerprint: 0x0a541238
Model has 28060 linear objective coefficients
Variable types: 28000 continuous, 60 integer (60 binary)
Coefficient statistics:
  Matrix range     [1e+00, 7e+02]
  Objective range  [1e+00, 5e+02]
  Bounds range     [1e+00, 1e+00]
  RHS range        [5e+00, 2e+01]

Using branch priorities.
Found heuristic solution: objective 653553.00000
Presolve time: 0.05s
Presolved: 1500 rows, 28060 columns, 76600 nonzeros
Variable types: 28000 continuous, 60 integer (60 binary)

Root relaxation: objective 4.271903e+04, 1301 iterations, 0.01 seconds (0.01 work units)

    Nodes    |    Current Node    |     Objective Bounds      |     Work
 Expl Unexpl |  Obj  Depth IntInf | Incumbent    BestBd   Gap | It/Node Time

     0     0 42719.0293    0   60 653553.000 42719.0293  93.5%     -    0s
H    0     0                    59173.552535 42719.0293  27.8%     -    0s
H    0     0                    59169.014045 42719.0293  27.8%     -    0s
     0     0 56513.7044    0   37 59169.0140 56513.7044  4.49%     -    0s
H    0     0                    58145.000000 56520.6229  2.79%     -    0s
     0     0 56531.6227    0   37 58145.0000 56531.6227  2.77%     -    0s
     0     0 56532.6458    0   37 58145.0000 56532.6458  2.77%     -    0s
     0     0 57228.9746    0   24 58145.0000 57228.9746  1.58%     -    0s
H    0     0                    57714.000000 57234.5375  0.83%     -    0s
     0     0 57344.6632    0   12 57714.0000 57344.6632  0.64%     -    0s
     0     0 57420.5345    0   12 57714.0000 57420.5345  0.51%     -    0s
     0     0 57420.5345    0   12 57714.0000 57420.5345  0.51%     -    0s
H    0     0                    57707.000000 57420.5345  0.50%     -    0s
     0     0 57469.1317    0   29 57707.0000 57469.1317  0.41%     -    0s
H    0     0                    57581.000000 57474.1063  0.19%     -    0s
     0     0 57491.1713    0   25 57581.0000 57491.1713  0.16%     -    0s
     0     0 57492.5821    0    4 57581.0000 57492.5821  0.15%     -    0s
     0     0 57517.9403    0    4 57581.0000 57517.9403  0.11%     -    0s
H    0     0                    57560.000000 57519.8154  0.07%     -    0s
     0     0 57520.9925    0    4 57560.0000 57520.9925  0.07%     -    0s
     0     0 57531.8514    0    4 57560.0000 57531.8514  0.05%     -    0s
     0     0 57531.8514    0    4 57560.0000 57531.8514  0.05%     -    0s
     0     0 57531.8514    0    4 57560.0000 57531.8514  0.05%     -    0s
     0     2 57531.8514    0    4 57560.0000 57531.8514  0.05%     -    0s
*    1     0               1    57550.000000 57545.9642  0.01%   2.0    0s

Cutting planes:
  Implied bound: 414
  MIR: 22
  Flow cover: 205
  Relax-and-lift: 17

Explored 3 nodes (2827 simplex iterations) in 0.80 seconds (0.71 work units)
Thread count was 32 (of 32 available processors)

Solution count 5: 57550 57581 57707 ... 59169

Optimal solution found (tolerance 0.00e+00)
Best objective 5.755000000000e+04, best bound 5.755000000000e+04, gap 0.0000%
