
Gurobi 13.0.2 (win64) logging started Thu Jul 16 15:12:28 2026

Set parameter LogFile to value "logs/kstar_nI20_nJ40_nK50_nL5_tI4_tJ4_s2_m1_exact_s0_20260716-151228.gurobi.log"
Set parameter Seed to value 0
Set parameter TimeLimit to value 599.9790518
Set parameter MIPGap to value 0
Set parameter MIPGapAbs to value 0.5
Set parameter Cutoff to value 1e+100
Gurobi Optimizer version 13.0.2 build v13.0.2rc1 (win64 - Windows 11+.0 (26200.2))

CPU model: Intel(R) Core(TM) i9-14900HX, instruction set [SSE2|AVX|AVX2]
Thread count: 24 physical cores, 32 logical processors, using up to 32 threads

Non-default parameters:
TimeLimit  599.9790518
MIPGap  0
MIPGapAbs  0.5
PreCrush  1
LazyConstraints  1

Optimize a model with 10 rows, 65 columns and 300 nonzeros (Min)
Model fingerprint: 0x68efae50
Model has 65 linear objective coefficients
Variable types: 5 continuous, 60 integer (60 binary)
Coefficient statistics:
  Matrix range     [3e+00, 7e+02]
  Objective range  [1e+00, 5e+02]
  Bounds range     [1e+00, 5e+03]
  RHS range        [6e+02, 7e+02]

Using branch priorities.
Presolve removed 8 rows and 0 columns
Presolve time: 0.00s
Presolved: 2 rows, 65 columns, 60 nonzeros
Variable types: 5 continuous, 60 integer (60 binary)

Root relaxation: objective 2.085491e+04, 3 iterations, 0.00 seconds (0.00 work units)

    Nodes    |    Current Node    |     Objective Bounds      |     Work
 Expl Unexpl |  Obj  Depth IntInf | Incumbent    BestBd   Gap | It/Node Time

     0     0 20854.9064    0    2          - 20854.9064      -     -    0s
H    0     0                    105625.00000 20854.9064  80.3%     -    0s
H    0     0                    96077.000000 20854.9064  78.3%     -    0s
H    0     0                    93588.000000 20854.9064  77.7%     -    0s
H    0     0                    83943.000000 20854.9064  75.2%     -    0s
     0     0 20937.6740    0    5 83943.0000 20937.6740  75.1%     -    0s
     0     0 20981.3705    0   11 83943.0000 20981.3705  75.0%     -    0s
     0     0 21003.3204    0   12 83943.0000 21003.3204  75.0%     -    0s
     0     0 21005.7356    0   12 83943.0000 21005.7356  75.0%     -    0s
H    0     0                    78219.000000 21005.7356  73.1%     -    0s
     0     2 21048.4983    0   14 78219.0000 21048.4983  73.1%     -    0s
H 3625  3050                    75304.000000 21150.7252  71.9%   3.5    2s
H 3625  2897                    75213.000000 21150.7252  71.9%   3.5    2s
H 3625  2753                    75212.000000 21150.7252  71.9%   3.5    2s
H 3625  2615                    75079.000000 21150.7252  71.8%   3.5    2s
H 3631  2488                    74235.000000 21150.7252  71.5%   3.5    3s
H 3638  2367                    68730.000000 21150.7252  69.2%   3.5    3s
H 3646  2254                    56453.000000 21162.0867  62.5%   3.5    4s
  3742  2456 21323.3511   22   13 56453.0000 21239.1449  62.4%   4.1    5s
  6545  4136 23192.9744   59    1 56453.0000 21278.7036  62.3%   5.0   10s
 10685  6408 21800.8511   29   10 56453.0000 21316.1903  62.2%   4.9   15s
 15204 10342 23262.4709   65    2 56453.0000 21384.4850  62.1%   4.8   20s
 17995 12383 21955.0356   38    8 56453.0000 21401.7388  62.1%   4.9   25s
 20250 14616 22170.9335   44    7 56453.0000 21436.7232  62.0%   4.8   30s
 22879 16723 22554.3846   49    4 56453.0000 21436.7232  62.0%   4.9   35s
 24585 18299 22933.6209   53    3 56453.0000 21459.7125  62.0%   5.0   40s
 27742 21212 22932.7751   52    1 56453.0000 21469.0375  62.0%   5.0   45s
 30782 24008 21939.7346   31   14 56453.0000 21477.3482  62.0%   5.0   50s
 35467 27959 21757.1353   24   15 56453.0000 21501.8298  61.9%   5.1   57s
 39198 31096 22090.9805   37   11 56453.0000 21512.2209  61.9%   5.1   62s
 40931 32611 23403.6131   62    3 56453.0000 21522.3601  61.9%   5.1   65s
 44617 36058 22202.5614   44    4 56453.0000 21531.2116  61.9%   5.2   71s
 46664 37420 22634.8886   49    8 56453.0000 21532.0047  61.9%   5.2   75s
 50686 40880 21704.5215   24   15 56453.0000 21542.4441  61.8%   5.3   81s
 52811 42643 21839.8955   30   20 56453.0000 21550.9825  61.8%   5.3   85s
 57104 46681 22357.7161   48    6 56453.0000 21560.8368  61.8%   5.3   91s
 60225 48614 22306.9034   40   14 56453.0000 21566.8687  61.8%   5.4   95s
 63615 52269 21875.3252   30   23 56453.0000 21578.5647  61.8%   5.4  102s
 65948 53919 22778.1901   62    3 56453.0000 21578.6731  61.8%   5.4  106s
 67675 55969 22343.8996   39    7 56453.0000 21578.8239  61.8%   5.4  110s
 72261 58405 22170.6845   37   15 56453.0000 21595.8342  61.7%   5.5  115s
 72657 58450 22166.8070   35   12 56453.0000 21595.8951  61.7%   5.5  124s
 72659 58451 22260.2333   41   28 56453.0000 21595.8951  61.7%   5.5  125s
 72662 58453 23659.0000   74   27 56453.0000 21595.8951  61.7%   5.5  130s
H72667 55534                    54478.000000 21595.8951  60.4%   5.5  135s
 72674 55538 21930.8549   48   29 54478.0000 21595.8951  60.4%   5.5  140s
 72680 55545 21595.8951   29   28 54478.0000 21595.8951  60.4%   5.5  145s
 72774 55702 21595.8951   35   24 54478.0000 21595.8951  60.4%   5.5  150s
 72902 55799 21610.4602   36   23 54478.0000 21595.8951  60.4%   5.6  155s
 73521 56236 21761.5878   40   22 54478.0000 21595.8951  60.4%   5.7  160s
 73923 56399 21980.5851   43   17 54478.0000 21595.8951  60.4%   5.7  165s
 74933 57092 22312.4617   53   11 54478.0000 21595.8951  60.4%   5.8  170s
 76271 58001 22799.9264   72    3 54478.0000 21595.8951  60.4%   5.8  176s
 77277 58551 21800.4870   39   22 54478.0000 21595.8951  60.4%   5.9  180s
 77914 58825 22387.5246   59    8 54478.0000 21610.4372  60.3%   5.9  185s
 78863 59512 22125.5556   41   16 54478.0000 21610.4372  60.3%   5.9  190s
 80172 59749 21894.9074   41   18 54478.0000 21610.4372  60.3%   6.0  195s
 80675 60540 22136.9436   45   13 54478.0000 21610.4372  60.3%   6.0  202s
 81935 60983 22458.4311   61   12 54478.0000 21610.4372  60.3%   6.0  205s
 83553 62178 22331.7351   49   17 54478.0000 21626.4121  60.3%   6.0  210s
 85512 63332 21878.5106   45   20 54478.0000 21654.1254  60.3%   6.1  216s
 86605 63484 22875.8787   66    8 54478.0000 21654.1254  60.3%   6.1  222s
 87091 64336 21932.3922   40   20 54478.0000 21670.2593  60.2%   6.2  226s
 88977 64576 22069.2565   46   18 54478.0000 21676.9447  60.2%   6.2  230s
 90487 66213 22010.9392   45   19 54478.0000 21683.7957  60.2%   6.2  236s
 91834 66860 21936.2194   41   22 54478.0000 21715.7653  60.1%   6.3  240s
 94172 68363 22195.7718   55   14 54478.0000 21720.9624  60.1%   6.3  247s
 95718 69019 22137.3755   45   17 54478.0000 21720.9624  60.1%   6.3  251s
 97054 70078 22005.2363   44   19 54478.0000 21720.9624  60.1%   6.4  255s
 100177 71504 22478.7264   48    6 54478.0000 21747.3061  60.1%   6.4  263s
 101670 72319 22063.4999   41   18 54478.0000 21748.0841  60.1%   6.5  268s
 103518 72587 22007.7043   39   18 54478.0000 21754.9750  60.1%   6.5  273s
 105455 73965 22021.6511   40   23 54478.0000 21762.6783  60.1%   6.4  277s
 107157 74867 21896.3398   40   22 54478.0000 21767.3312  60.0%   6.5  282s
 108784 74785 21867.6402   39   21 54478.0000 21773.2094  60.0%   6.5  287s
 109155 75799 21922.6735   40   20 54478.0000 21773.2094  60.0%   6.5  292s
 110698 76590 22204.7409   44   16 54478.0000 21773.8734  60.0%   6.5  298s
 112142 77481 22236.2590   49   16 54478.0000 21779.1391  60.0%   6.5  303s
 113593 78367 22891.1272   67    5 54478.0000 21779.1391  60.0%   6.6  308s
 115396 78274 23554.8268   84    2 54478.0000 21779.1391  60.0%   6.6  313s
 115716 79693 22300.9427   55   11 54478.0000 21779.1391  60.0%   6.6  320s
 117697 80927 23183.1941   66    4 54478.0000 21788.7477  60.0%   6.6  326s
 120020 81898 22027.1142   43   21 54478.0000 21794.0516  60.0%   6.6  332s
 122030 83092 25411.3718   73    1 54478.0000 21794.9893  60.0%   6.6  339s
 124416 84098 22082.9688   42   16 54478.0000 21802.2645  60.0%   6.6  346s
 126253 85433 22031.3568   46   20 54478.0000 21807.2570  60.0%   6.7  353s
 128840 86433 22820.2719   68    4 54478.0000 21807.7258  60.0%   6.7  359s
 130721 87595 22828.1712   66   14 54478.0000 21814.1357  60.0%   6.7  366s
 132721 89063 22042.2605   42   21 54478.0000 21817.5920  60.0%   6.7  374s
 135295 90506 22825.3291   63    9 54478.0000 21822.4782  59.9%   6.8  382s
 138131 90135 22129.2652   42   18 54478.0000 21828.1901  59.9%   6.8  389s
 138299 90101 22070.5723   47   20 54478.0000 21828.1901  59.9%   6.8  390s
 138330 91815 22240.0144   42   17 54478.0000 21828.5126  59.9%   6.8  398s
 140782 92899 22503.5024   53   11 54478.0000 21828.8759  59.9%   6.8  409s
 142812 94441 22137.6402   38   14 54478.0000 21833.4756  59.9%   6.8  418s
 145429 95908 22002.9972   42   20 54478.0000 21840.4941  59.9%   6.8  428s
 148195 97369 22252.5737   46   16 54478.0000 21844.5249  59.9%   6.9  438s
 150883 97707 23747.3189   74    2 54478.0000 21848.0253  59.9%   6.9  450s
 152387 99738 23599.0316   74    3 54478.0000 21848.0253  59.9%   6.9  461s
 155539 101577 22874.0664   59    5 54478.0000 21854.9355  59.9%   6.9  472s
 158734 103071 21970.7676   41   20 54478.0000 21859.5895  59.9%   6.9  483s
 161553 104306 23586.0443   62    3 54478.0000 21864.2472  59.9%   7.0  495s
 164748 106159 22391.0468   49   17 54478.0000 21867.1901  59.9%   7.0  507s
 167759 107789 22036.0782   41   20 54478.0000 21870.8793  59.9%   7.0  518s
 170749 109598 21967.5557   43   21 54478.0000 21873.6934  59.8%   7.0  530s
 173932 110905 25462.0000   84    - 54478.0000 21876.9579  59.8%   7.0  541s
 176591 112355 22185.8870   49   15 54478.0000 21879.0924  59.8%   7.0  553s
 179328 113805 39454.0000   85    - 54478.0000 21883.8938  59.8%   7.1  565s
 182370 114913 23631.9532   59    1 54478.0000 21887.3122  59.8%   7.1  577s
 185625 116733 23269.6366   77    2 54478.0000 21890.6734  59.8%   7.1  590s
 188430 116860 22560.0500   51   10 54478.0000 21892.7958  59.8%   7.1  600s

Cutting planes:
  Gomory: 3
  Cover: 1
  MIR: 14
  Flow cover: 1

Explored 189290 nodes (1341204 simplex iterations) in 601.67 seconds (231.42 work units)
Thread count was 32 (of 32 available processors)

Solution count 10: 54478 56453 68730 ... 105625

Time limit reached
Best objective 5.447800000000e+04, best bound 2.189347544482e+04, gap 59.8123%

User-callback calls 398825, time in user-callback 61.51 sec
