
Gurobi 13.0.2 (win64) logging started Wed Jul 15 20:53:04 2026

Set parameter LogFile to value "logs/kstar_nI40_nJ40_nK50_nL10_tI5_tJ5_s4_m0_exact_s0_20260715-205304.gurobi.log"
Set parameter Seed to value 0
Set parameter TimeLimit to value 599.9566562
Set parameter NodefileStart to value 4
Set parameter MIPGap to value 0
Set parameter MIPGapAbs to value 0.9999
Set parameter Cutoff to value 1e+100
Gurobi Optimizer version 13.0.2 build v13.0.2rc1 (win64 - Windows 11+.0 (26200.2))

CPU model: Intel(R) Core(TM) i9-14900HX, instruction set [SSE2|AVX|AVX2]
Thread count: 24 physical cores, 32 logical processors, using up to 32 threads

Non-default parameters:
TimeLimit  599.9566562
MIPGap  0
MIPGapAbs  0.9999
NodefileStart  4

Optimize a model with 1700 rows, 36080 columns and 92800 nonzeros (Min)
Model fingerprint: 0xa5ed41d7
Model has 36080 linear objective coefficients
Variable types: 36000 continuous, 80 integer (80 binary)
Coefficient statistics:
  Matrix range     [1e+00, 6e+02]
  Objective range  [1e+00, 5e+02]
  Bounds range     [1e+00, 1e+00]
  RHS range        [5e+00, 2e+01]

Using branch priorities.
Found heuristic solution: objective 647365.00000
Presolve time: 0.05s
Presolved: 1700 rows, 36080 columns, 92800 nonzeros
Variable types: 36000 continuous, 80 integer (80 binary)

Root relaxation: objective 3.928203e+04, 1417 iterations, 0.02 seconds (0.02 work units)

    Nodes    |    Current Node    |     Objective Bounds      |     Work
 Expl Unexpl |  Obj  Depth IntInf | Incumbent    BestBd   Gap | It/Node Time

     0     0 39282.0287    0   80 647365.000 39282.0287  93.9%     -    0s
H    0     0                    58957.000981 39282.0287  33.4%     -    0s
H    0     0                    58855.981119 39282.0287  33.3%     -    0s
H    0     0                    58844.150480 50081.7174  14.9%     -    0s
H    0     0                    58816.455482 50081.7174  14.9%     -    0s
H    0     0                    58721.736966 50081.7174  14.7%     -    0s
H    0     0                    58645.693177 50081.7174  14.6%     -    0s
H    0     0                    58610.286926 50081.7174  14.6%     -    0s
H    0     0                    58597.851027 50081.7174  14.5%     -    0s
H    0     0                    58575.000000 50081.7174  14.5%     -    0s
     0     0 50081.7174    0   57 58575.0000 50081.7174  14.5%     -    0s
H    0     0                    57286.000000 50144.9213  12.5%     -    0s
H    0     0                    57109.000000 50144.9213  12.2%     -    0s
H    0     0                    57031.176471 50144.9213  12.1%     -    0s
H    0     0                    57005.176471 50144.9213  12.0%     -    0s
H    0     0                    56979.000000 50144.9213  12.0%     -    0s
     0     0 50328.1412    0   58 56979.0000 50328.1412  11.7%     -    0s
     0     0 50381.0323    0   58 56979.0000 50381.0323  11.6%     -    0s
     0     0 50381.6292    0   58 56979.0000 50381.6292  11.6%     -    0s
H    0     0                    56834.000000 52083.2500  8.36%     -    0s
H    0     0                    56814.000000 52083.2500  8.33%     -    0s
H    0     0                    56711.000000 52083.2500  8.16%     -    0s
     0     0 52083.2500    0   62 56711.0000 52083.2500  8.16%     -    0s
H    0     0                    56424.000000 52091.5071  7.68%     -    0s
H    0     0                    56283.000000 52091.5071  7.45%     -    0s
H    0     0                    56270.000000 52091.5071  7.43%     -    0s
H    0     0                    56151.000000 52091.5071  7.23%     -    0s
H    0     0                    56139.000000 52687.3647  6.15%     -    0s
H    0     0                    56116.000000 52687.3647  6.11%     -    0s
H    0     0                    56068.000000 52687.3647  6.03%     -    0s
     0     0 52687.3647    0   64 56068.0000 52687.3647  6.03%     -    0s
     0     0 52876.1968    0   65 56068.0000 52876.1968  5.69%     -    0s
     0     0 52904.6804    0   64 56068.0000 52904.6804  5.64%     -    0s
     0     0 52925.9380    0   63 56068.0000 52925.9380  5.60%     -    0s
     0     0 52927.5683    0   64 56068.0000 52927.5683  5.60%     -    0s
     0     0 53136.3501    0   66 56068.0000 53136.3501  5.23%     -    0s
H    0     0                    55251.000000 53139.2183  3.82%     -    1s
H    0     0                    55039.000000 53139.2183  3.45%     -    1s
H    0     0                    55019.000000 53139.2183  3.42%     -    1s
H    0     0                    54954.000000 53139.2183  3.30%     -    1s
     0     0 53202.2898    0   66 54954.0000 53202.2898  3.19%     -    1s
     0     0 53215.8098    0   64 54954.0000 53215.8098  3.16%     -    1s
     0     0 53221.1322    0   65 54954.0000 53221.1322  3.15%     -    1s
     0     0 53327.4785    0   66 54954.0000 53327.4785  2.96%     -    1s
H    0     0                    54913.204545 53328.3825  2.89%     -    1s
H    0     0                    54908.000000 53328.3825  2.88%     -    1s
H    0     0                    54884.000000 53328.3825  2.83%     -    1s
H    0     0                    54864.000000 53328.3825  2.80%     -    1s
H    0     0                    54844.000000 53328.3825  2.76%     -    1s
     0     0 53352.0449    0   65 54844.0000 53352.0449  2.72%     -    1s
     0     0 53359.4434    0   66 54844.0000 53359.4434  2.71%     -    1s
     0     0 53384.5436    0   65 54844.0000 53384.5436  2.66%     -    1s
     0     0 53385.4230    0   65 54844.0000 53385.4230  2.66%     -    1s
     0     0 53385.4230    0   65 54844.0000 53385.4230  2.66%     -    1s
     0     0 53385.4230    0   65 54844.0000 53385.4230  2.66%     -    1s
H    0     0                    54810.000000 53385.4230  2.60%     -    2s
H    0     0                    54777.000000 53385.4230  2.54%     -    2s
H    0     0                    54634.000000 53385.4230  2.29%     -    2s
     0     2 53385.4230    0   65 54634.0000 53385.4230  2.29%     -    2s
*  519   479              29    54533.000000 53848.1235  1.26%  85.7    2s
*  586   507              28    54396.000000 53870.7854  0.97%  83.1    3s
*  989   637              24    54363.000000 53915.6920  0.82%  72.2    3s
* 1715   740              23    54343.000000 54043.6047  0.55%  70.1    4s
* 2051   740              16    54300.000000 54078.5715  0.41%  69.3    4s
  2063   713     cutoff   15      54300.0000 54078.5715  0.41%  69.4    5s
* 3240   143              15    54295.000000 54197.1710  0.18%  64.8    6s

Cutting planes:
  Implied bound: 435
  MIR: 255
  Flow cover: 599
  Relax-and-lift: 19

Explored 3481 nodes (219120 simplex iterations) in 6.41 seconds (7.92 work units)
Thread count was 32 (of 32 available processors)

Solution count 10: 54295 54300 54343 ... 54844

Optimal solution found (tolerance 0.00e+00)
Best objective 5.429500000000e+04, best bound 5.429500000000e+04, gap 0.0000%
