
Gurobi 13.0.2 (win64) logging started Wed Jul 15 20:49:36 2026

Set parameter LogFile to value "logs/kstar_nI40_nJ20_nK50_nL5_tI2_tJ2_s2_m0_exact_s0_20260715-204936.gurobi.log"
Set parameter Seed to value 0
Set parameter TimeLimit to value 599.9873631
Set parameter NodefileStart to value 4
Set parameter MIPGap to value 0
Set parameter MIPGapAbs to value 0.9999
Set parameter Cutoff to value 1e+100
Gurobi Optimizer version 13.0.2 build v13.0.2rc1 (win64 - Windows 11+.0 (26200.2))

CPU model: Intel(R) Core(TM) i9-14900HX, instruction set [SSE2|AVX|AVX2]
Thread count: 24 physical cores, 32 logical processors, using up to 32 threads

Non-default parameters:
TimeLimit  599.9873631
MIPGap  0
MIPGapAbs  0.9999
NodefileStart  4

Optimize a model with 650 rows, 9060 columns and 23300 nonzeros (Min)
Model fingerprint: 0x3298dc87
Model has 9060 linear objective coefficients
Variable types: 9000 continuous, 60 integer (60 binary)
Coefficient statistics:
  Matrix range     [1e+00, 7e+02]
  Objective range  [1e+00, 5e+02]
  Bounds range     [1e+00, 1e+00]
  RHS range        [5e+00, 2e+01]

Using branch priorities.
Found heuristic solution: objective 331577.00000
Presolve time: 0.01s
Presolved: 650 rows, 9060 columns, 23300 nonzeros
Variable types: 9000 continuous, 60 integer (60 binary)

Root relaxation: objective 2.691759e+04, 472 iterations, 0.00 seconds (0.00 work units)

    Nodes    |    Current Node    |     Objective Bounds      |     Work
 Expl Unexpl |  Obj  Depth IntInf | Incumbent    BestBd   Gap | It/Node Time

     0     0 26917.5884    0   55 331577.000 26917.5884  91.9%     -    0s
H    0     0                    41526.120007 26917.5884  35.2%     -    0s
H    0     0                    41145.000000 26917.5884  34.6%     -    0s
H    0     0                    39273.528650 26917.5884  31.5%     -    0s
     0     0 32069.7899    0   37 39273.5287 32069.7899  18.3%     -    0s
     0     0 32120.1278    0   36 39273.5287 32120.1278  18.2%     -    0s
     0     0 32120.5186    0   36 39273.5287 32120.5186  18.2%     -    0s
     0     0 34714.4252    0   35 39273.5287 34714.4252  11.6%     -    0s
     0     0 34851.6037    0   37 39273.5287 34851.6037  11.3%     -    0s
     0     0 34855.0372    0   37 39273.5287 34855.0372  11.3%     -    0s
     0     0 35683.7959    0   33 39273.5287 35683.7959  9.14%     -    0s
     0     0 35945.5703    0   40 39273.5287 35945.5703  8.47%     -    0s
H    0     0                    37337.000000 36017.1633  3.53%     -    0s
     0     0 36017.1633    0   35 37337.0000 36017.1633  3.53%     -    0s
     0     0 36025.0459    0   38 37337.0000 36025.0459  3.51%     -    0s
     0     0 36026.4712    0   38 37337.0000 36026.4712  3.51%     -    0s
     0     0 36303.3538    0   31 37337.0000 36303.3538  2.77%     -    0s
H    0     0                    36945.000000 36304.9189  1.73%     -    0s
H    0     0                    36658.000000 36410.3337  0.68%     -    0s
     0     0 36410.3337    0   33 36658.0000 36410.3337  0.68%     -    0s
     0     0 36418.7609    0   33 36658.0000 36418.7609  0.65%     -    0s
H    0     0                    36647.000000 36418.7609  0.62%     -    0s
     0     0 36470.2650    0   37 36647.0000 36470.2650  0.48%     -    0s
H    0     0                    36518.000000 36470.7403  0.13%     -    0s
     0     0 36483.8688    0   10 36518.0000 36483.8688  0.09%     -    0s
     0     0 36489.5479    0   10 36518.0000 36489.5479  0.08%     -    0s
     0     0 36492.4400    0    7 36518.0000 36492.4400  0.07%     -    0s
     0     0 36495.3336    0    8 36518.0000 36495.3336  0.06%     -    0s
     0     0 36500.4608    0   12 36518.0000 36500.4608  0.05%     -    0s
     0     0 36500.4608    0   18 36518.0000 36500.4608  0.05%     -    0s
     0     0 36500.4608    0   15 36518.0000 36500.4608  0.05%     -    0s
     0     0 36500.4608    0   13 36518.0000 36500.4608  0.05%     -    0s
     0     0 36500.4608    0   12 36518.0000 36500.4608  0.05%     -    0s
     0     0 36500.4608    0   11 36518.0000 36500.4608  0.05%     -    0s
     0     0 36500.4608    0   11 36518.0000 36500.4608  0.05%     -    0s
     0     0 36500.4608    0   12 36518.0000 36500.4608  0.05%     -    0s
     0     0 36500.4608    0   11 36518.0000 36500.4608  0.05%     -    0s
     0     0 36500.4608    0   12 36518.0000 36500.4608  0.05%     -    0s
     0     0 36500.4608    0    8 36518.0000 36500.4608  0.05%     -    0s
     0     0 36500.4608    0    8 36518.0000 36500.4608  0.05%     -    0s
     0     0 36505.2000    0    8 36518.0000 36505.2000  0.04%     -    0s
     0     0 36507.4000    0    8 36518.0000 36507.4000  0.03%     -    0s

Cutting planes:
  Lift-and-project: 2
  Cover: 1
  Implied bound: 10
  MIR: 93
  Flow cover: 35

Explored 1 nodes (2651 simplex iterations) in 0.53 seconds (0.52 work units)
Thread count was 32 (of 32 available processors)

Solution count 10: 36518 36647 36658 ... 331577

Optimal solution found (tolerance 0.00e+00)
Best objective 3.651800000000e+04, best bound 3.651800000000e+04, gap 0.0000%
