
Gurobi 13.0.2 (win64) logging started Fri Jul 17 18:10:18 2026

Set parameter LogFile to value "logs/kstar_nI40_nJ40_nK100_nL5_tI6_tJ6_s3_m1_exact_s0_20260717-181018.gurobi.log"
Set parameter Seed to value 0
Set parameter TimeLimit to value 599.9651489
Set parameter MIPGap to value 0
Set parameter MIPGapAbs to value 0.5
Set parameter Cutoff to value 1e+100
Gurobi Optimizer version 13.0.2 build v13.0.2rc1 (win64 - Windows 11+.0 (26200.2))

CPU model: Intel(R) Core(TM) i9-14900HX, instruction set [SSE2|AVX|AVX2]
Thread count: 24 physical cores, 32 logical processors, using up to 32 threads

Non-default parameters:
TimeLimit  599.9651489
MIPGap  0
MIPGapAbs  0.5
PreCrush  1
LazyConstraints  1

Optimize a model with 10 rows, 85 columns and 400 nonzeros (Min)
Model fingerprint: 0xcdf74e42
Model has 85 linear objective coefficients
Variable types: 5 continuous, 80 integer (80 binary)
Coefficient statistics:
  Matrix range     [5e+00, 1e+03]
  Objective range  [1e+00, 5e+02]
  Bounds range     [1e+00, 7e+03]
  RHS range        [1e+03, 1e+03]

Using branch priorities.
Presolve removed 8 rows and 0 columns
Presolve time: 0.00s
Presolved: 2 rows, 85 columns, 80 nonzeros
Variable types: 5 continuous, 80 integer (80 binary)

Root relaxation: objective 3.529310e+04, 5 iterations, 0.00 seconds (0.00 work units)

    Nodes    |    Current Node    |     Objective Bounds      |     Work
 Expl Unexpl |  Obj  Depth IntInf | Incumbent    BestBd   Gap | It/Node Time

     0     0 35293.1020    0    3          - 35293.1020      -     -    0s
H    0     0                    175336.00000 35293.1020  79.9%     -    0s
H    0     0                    163994.00000 35293.1020  78.5%     -    0s
H    0     0                    154525.00000 35293.1020  77.2%     -    0s
H    0     0                    137857.00000 35293.1020  74.4%     -    0s
     0     0 35533.2743    0    4 137857.000 35533.2743  74.2%     -    0s
     0     0 35617.8314    0    6 137857.000 35617.8314  74.2%     -    0s
H    0     0                    115104.00000 35618.7213  69.1%     -    0s
     0     0 35636.2529    0    8 115104.000 35636.2529  69.0%     -    0s
     0     0 35640.3388    0    8 115104.000 35640.3388  69.0%     -    0s
H    0     0                    108644.00000 35640.9142  67.2%     -    0s
     0     2 35784.5527    0    9 108644.000 35784.5527  67.1%     -    0s
H 3207  2864                    105344.00000 36028.5271  65.8%   3.5    3s
  3217  2871 37584.0620   55   22 105344.000 36030.7413  65.8%   3.5    5s
  4739  4005 36613.8802   41    6 105344.000 36099.5149  65.7%   5.6   10s
  8682  6096 44365.0000   70    - 105344.000 36195.3147  65.6%   5.1   15s
 12911  8864 37261.4771   47    3 105344.000 36229.9522  65.6%   5.0   20s
 17053 12277 37235.0345   47    5 105344.000 36250.8035  65.6%   5.0   25s
 19761 14975 37369.4516   54    1 105344.000 36294.9052  65.5%   5.0   30s
 24918 19596 37655.1140   51    7 105344.000 36298.1484  65.5%   5.1   35s
 27021 21015 37030.5056   40    8 105344.000 36307.2726  65.5%   5.0   40s
 28433 22375 37351.9561   45    8 105344.000 36307.2726  65.5%   5.1   45s
 30540 24490 37415.3543   49    5 105344.000 36356.1706  65.5%   5.0   51s
 32192 26116 37743.6354   51    2 105344.000 36367.8399  65.5%   5.1   55s
 34217 28267 39624.6561   77    1 105344.000 36371.6950  65.5%   5.1   60s
 37771 32025 37160.4446   37    7 105344.000 36375.1981  65.5%   5.1   65s
 42297 36178 37024.4106   32   13 105344.000 36395.5360  65.5%   5.0   71s
 44862 37807 37459.9965   41   12 105344.000 36420.8393  65.4%   5.0   76s
 47490 40128 37278.6398   45    6 105344.000 36420.8799  65.4%   5.0   80s
 51753 43877 37303.6442   38   11 105344.000 36441.7708  65.4%   5.0   87s
 53437 44216 36938.1817   34   13 105344.000 36442.2126  65.4%   5.0   91s
 53631 44810 37004.5745   35   15 105344.000 36442.2126  65.4%   5.0   95s
 55614 45940 38180.0000   61    8 105344.000 36444.6451  65.4%   5.1  106s
H55615 43643                    97133.000000 36444.6451  62.5%   5.1  107s
 55616 43643 38438.0000   75   29 97133.0000 36444.6451  62.5%   5.1  110s
 55621 43647 37651.5173   51   30 97133.0000 36444.6451  62.5%   5.1  115s
H55624 41467                    79247.000000 36444.6451  54.0%   5.1  119s
 55627 41469 53833.0000   90   28 79247.0000 36444.6451  54.0%   5.1  120s
 55631 41471 37132.1973   47   30 79247.0000 36444.6451  54.0%   5.1  126s
 55649 41500 36444.6451   33   27 79247.0000 36444.6451  54.0%   5.1  130s
 55836 41756 36916.7499   37   25 79247.0000 36565.2971  53.9%   5.2  136s
 56458 42058 37305.2351   43   18 79247.0000 36565.2971  53.9%   5.3  140s
 56800 42299 37742.3578   47   12 79247.0000 36565.2971  53.9%   5.4  145s
 57869 43120 37808.6968   50   10 79247.0000 36610.9050  53.8%   5.4  150s
 59282 43889 37811.8163   53   10 79247.0000 36634.4672  53.8%   5.4  155s
 60318 44691 38092.8399   59    4 79247.0000 36634.4672  53.8%   5.4  160s
 61939 45741 49870.1388   94    1 79247.0000 36652.2165  53.7%   5.5  166s
 63417 46548 37356.6209   48   16 79247.0000 36676.4043  53.7%   5.5  170s
 65172 47560 37122.8195   39   22 79247.0000 36717.4047  53.7%   5.5  175s
 66988 48493 36838.9177   38   21 79247.0000 36717.4047  53.7%   5.5  181s
 68950 49379 37082.6351   44   21 79247.0000 36717.4047  53.7%   5.5  186s
 69679 49976 37882.4489   72    5 79247.0000 36733.6604  53.6%   5.6  191s
 71675 51162 37905.0035   74    4 79247.0000 36733.6604  53.6%   5.6  197s
 72740 51777 37931.5428   75    4 79247.0000 36744.0661  53.6%   5.6  200s
 75017 53084 38076.1155   77    3 79247.0000 36744.0661  53.6%   5.6  206s
 77328 53378 37248.4923   46   22 79247.0000 36749.6124  53.6%   5.6  210s
 78361 54013 37816.4791   63    1 79247.0000 36749.6124  53.6%   5.7  215s
 79536 54720 44577.0000   88    - 79247.0000 36749.6124  53.6%   5.7  221s
 80589 56187 37899.7842   65    6 79247.0000 36749.6124  53.6%   5.7  227s
 81954 56809 36999.2589   41   25 79247.0000 36794.5855  53.6%   5.7  232s
 83144 57692 37659.8069   60   10 79247.0000 36794.5855  53.6%   5.7  235s
 85549 58423 37460.6568   49   13 79247.0000 36815.0140  53.5%   5.7  240s
 87818 60403 37362.8712   49   14 79247.0000 36817.7132  53.5%   5.7  248s
 89437 61167 37268.4070   44   15 79247.0000 36855.8954  53.5%   5.8  252s
 90964 62286 37059.1422   41   18 79247.0000 36861.0057  53.5%   5.8  256s
 92837 63351 37317.4430   51   16 79247.0000 36861.0057  53.5%   5.8  261s
 94793 64465 37211.2299   43   24 79247.0000 36870.8639  53.5%   5.8  265s
 96748 65441 37192.8087   43   26 79247.0000 36886.5226  53.5%   5.8  270s
 99518 66142 38128.1049   91    1 79247.0000 36887.7318  53.5%   5.9  275s
 101943 67383 38515.0853   92    1 79247.0000 36889.3785  53.5%   5.9  280s
 102637 68480 37360.9809   50   20 79247.0000 36895.5282  53.4%   5.9  285s
 104590 69905 37520.8932   52   16 79247.0000 36901.6433  53.4%   5.9  290s
 106718 70976 37488.0369   50    7 79247.0000 36903.6470  53.4%   5.9  295s
 108741 71769 41221.7984   93    1 79247.0000 36903.6470  53.4%   5.9  300s
 110447 72903 37779.0949   60    9 79247.0000 36907.4029  53.4%   5.9  306s
 113323 72724 38985.0294   92    1 79247.0000 36907.4029  53.4%   5.9  310s
 113408 72780 39006.7372   93    1 79247.0000 36907.4029  53.4%   5.9  316s
 113699 73971 37261.4359   44   24 79247.0000 36907.4029  53.4%   5.9  322s
 115734 75622 37373.3410   50   22 79247.0000 36916.0816  53.4%   5.9  329s
 118209 76891 37627.0772   48   21 79247.0000 36917.0817  53.4%   5.9  335s
 120533 78223 38145.1664   66    6 79247.0000 36924.3829  53.4%   5.9  343s
 123130 79584 37008.5398   41   26 79247.0000 36926.4491  53.4%   5.9  349s
 124655 79297 37436.4542   55   11 79247.0000 36931.0241  53.4%   5.9  350s
 125798 80813 37391.8309   45   23 79247.0000 36932.6937  53.4%   5.9  357s
 128015 82282 37591.9794   52    8 79247.0000 36935.8941  53.4%   6.0  364s
 128589 82178 37391.7664   46   18 79247.0000 36935.8941  53.4%   5.9  365s
 130948 84120 37745.9363   56    9 79247.0000 36939.0856  53.4%   5.9  372s
 134056 85646 37352.4244   43   27 79247.0000 36944.8761  53.4%   6.0  380s
 136935 86851 39114.4107   69    4 79247.0000 36948.9604  53.4%   6.0  387s
 139176 88557 37820.3686   51   10 79247.0000 36952.0811  53.4%   6.1  395s
 141822 88101 39370.0377   66    1 79247.0000 36952.0811  53.4%   6.1  401s
 142112 90575 38728.1232   65    2 79247.0000 36952.0811  53.4%   6.1  410s
 145613 92169 37285.0768   44   27 79247.0000 36953.2061  53.4%   6.0  419s
 148800 93517 38170.6756   66    5 79247.0000 36955.6193  53.4%   6.0  427s
 151368 94811 37884.1452   62    6 79247.0000 36956.1638  53.4%   6.0  436s
 153960 96522 37960.3837   61   11 79247.0000 36962.5326  53.4%   6.0  444s
 156735 98299 38779.4533   77    5 79247.0000 36967.2608  53.4%   6.0  452s
 159854 99820 37459.4520   46   21 79247.0000 36970.1764  53.3%   6.0  461s
 162847 101383 38715.2237   72    8 79247.0000 36974.4737  53.3%   6.1  470s
 165861 103459 37529.5357   55   12 79247.0000 36979.7080  53.3%   6.1  479s
 166500 103299 37250.6647   40   26 79247.0000 36980.0729  53.3%   6.1  480s
 169199 105147 37423.7680   45   21 79247.0000 36982.8209  53.3%   6.1  488s
 172456 106828 39814.4989   86    3 79247.0000 36987.7744  53.3%   6.1  497s
 175412 108524 37454.0727   49   13 79247.0000 36991.9813  53.3%   6.1  506s
 178468 109550 38347.7675   65   11 79247.0000 36995.4653  53.3%   6.1  516s
 180686 111648 44488.2086  102    1 79247.0000 36999.2262  53.3%   6.1  524s
 183731 113556 38125.2575   70    4 79247.0000 37002.0067  53.3%   6.1  534s
 185392 113745 37464.4381   46   16 79247.0000 37003.1702  53.3%   6.1  535s
 185749 115876 37713.2943   54   15 79247.0000 37006.0306  53.3%   6.2  543s
 188836 116522 37448.2423   42   20 79247.0000 37006.0545  53.3%   6.1  550s
 189039 117929 37456.2705   43   17 79247.0000 37006.0545  53.3%   6.1  558s
 190774 119786 37468.1746   44   19 79247.0000 37006.2977  53.3%   6.2  567s
 193312 122112 37532.8645   45   20 79247.0000 37006.6614  53.3%   6.2  576s
 195661 124363 37581.7892   46   16 79247.0000 37012.2507  53.3%   6.2  587s
 198288 126271 37585.5919   47   17 79247.0000 37014.4558  53.3%   6.2  597s
 200405 126650 38109.7790   58   11 79247.0000 37017.2016  53.3%   6.2  600s

Cutting planes:
  Gomory: 7
  MIR: 4

Explored 200547 nodes (1241464 simplex iterations) in 600.55 seconds (209.75 work units)
Thread count was 32 (of 32 available processors)

Solution count 9: 79247 97133 105344 ... 175336

Time limit reached
Best objective 7.924700000000e+04, best bound 3.701720163417e+04, gap 53.2888%

User-callback calls 422056, time in user-callback 96.02 sec
