
Gurobi 13.0.2 (win64) logging started Wed Jul 15 20:49:23 2026

Set parameter LogFile to value "logs/kstar_nI40_nJ20_nK50_nL10_tI2_tJ2_s3_m0_exact_s0_20260715-204923.gurobi.log"
Set parameter Seed to value 0
Set parameter TimeLimit to value 599.9762741
Set parameter NodefileStart to value 4
Set parameter MIPGap to value 0
Set parameter MIPGapAbs to value 0.9999
Set parameter Cutoff to value 1e+100
Gurobi Optimizer version 13.0.2 build v13.0.2rc1 (win64 - Windows 11+.0 (26200.2))

CPU model: Intel(R) Core(TM) i9-14900HX, instruction set [SSE2|AVX|AVX2]
Thread count: 24 physical cores, 32 logical processors, using up to 32 threads

Non-default parameters:
TimeLimit  599.9762741
MIPGap  0
MIPGapAbs  0.9999
NodefileStart  4

Optimize a model with 1300 rows, 18060 columns and 46600 nonzeros (Min)
Model fingerprint: 0x1b81283d
Model has 18060 linear objective coefficients
Variable types: 18000 continuous, 60 integer (60 binary)
Coefficient statistics:
  Matrix range     [1e+00, 7e+02]
  Objective range  [1e+00, 5e+02]
  Bounds range     [1e+00, 1e+00]
  RHS range        [5e+00, 2e+01]

Using branch priorities.
Found heuristic solution: objective 668634.00000
Presolve time: 0.02s
Presolved: 1300 rows, 18060 columns, 46600 nonzeros
Variable types: 18000 continuous, 60 integer (60 binary)

Root relaxation: objective 5.122655e+04, 874 iterations, 0.00 seconds (0.01 work units)

    Nodes    |    Current Node    |     Objective Bounds      |     Work
 Expl Unexpl |  Obj  Depth IntInf | Incumbent    BestBd   Gap | It/Node Time

     0     0 51226.5493    0   58 668634.000 51226.5493  92.3%     -    0s
H    0     0                    65855.687824 51226.5493  22.2%     -    0s
H    0     0                    65817.870440 56051.2620  14.8%     -    0s
H    0     0                    65530.322586 56051.2620  14.5%     -    0s
     0     0 56051.2620    0   40 65530.3226 56051.2620  14.5%     -    0s
H    0     0                    65527.000000 56137.8807  14.3%     -    0s
H    0     0                    65454.000000 56137.8807  14.2%     -    0s
     0     0 56137.8807    0   40 65454.0000 56137.8807  14.2%     -    0s
     0     0 62006.7631    0   30 65454.0000 62006.7631  5.27%     -    0s
H    0     0                    65440.000000 62032.4128  5.21%     -    0s
H    0     0                    65148.000000 62032.4128  4.78%     -    0s
H    0     0                    65078.000000 62032.4128  4.68%     -    0s
H    0     0                    65050.000000 62032.4128  4.64%     -    0s
     0     0 62243.7705    0   30 65050.0000 62243.7705  4.31%     -    0s
     0     0 62260.3704    0   30 65050.0000 62260.3704  4.29%     -    0s
     0     0 62971.5666    0   25 65050.0000 62971.5666  3.20%     -    0s
H    0     0                    63735.397436 62979.0991  1.19%     -    0s
H    0     0                    63606.000000 62979.0991  0.99%     -    0s
H    0     0                    63605.000000 62979.0991  0.98%     -    0s
H    0     0                    63590.000000 62979.0991  0.96%     -    0s
     0     0 63052.4779    0   18 63590.0000 63052.4779  0.85%     -    0s
     0     0 63068.1596    0   18 63590.0000 63068.1596  0.82%     -    0s
     0     0 63068.3223    0   15 63590.0000 63068.3223  0.82%     -    0s
     0     0 63170.9972    0   15 63590.0000 63170.9972  0.66%     -    0s
H    0     0                    63421.000000 63172.6123  0.39%     -    0s
     0     0 63177.0800    0    2 63421.0000 63177.0800  0.38%     -    0s
     0     0 63182.1768    0   10 63421.0000 63182.1768  0.38%     -    0s
H    0     0                    63230.000000 63182.1768  0.08%     -    0s
     0     0 63182.2751    0    4 63230.0000 63182.2751  0.08%     -    0s
*    0     0               0    63198.000000 63198.0000  0.00%     -    0s

Cutting planes:
  Implied bound: 369
  MIR: 97
  Flow cover: 197
  Relax-and-lift: 11

Explored 1 nodes (1924 simplex iterations) in 0.42 seconds (0.39 work units)
Thread count was 32 (of 32 available processors)

Solution count 10: 63198 63230 63421 ... 65530.3

Optimal solution found (tolerance 0.00e+00)
Best objective 6.319800000000e+04, best bound 6.319800000000e+04, gap 0.0000%
