
Gurobi 13.0.2 (win64) logging started Wed Jul 15 20:48:21 2026

Set parameter LogFile to value "logs/kstar_nI20_nJ40_nK50_nL10_tI4_tJ4_s2_m0_exact_s0_20260715-204821.gurobi.log"
Set parameter Seed to value 0
Set parameter TimeLimit to value 599.9640222
Set parameter NodefileStart to value 4
Set parameter MIPGap to value 0
Set parameter MIPGapAbs to value 0.9999
Set parameter Cutoff to value 1e+100
Gurobi Optimizer version 13.0.2 build v13.0.2rc1 (win64 - Windows 11+.0 (26200.2))

CPU model: Intel(R) Core(TM) i9-14900HX, instruction set [SSE2|AVX|AVX2]
Thread count: 24 physical cores, 32 logical processors, using up to 32 threads

Non-default parameters:
TimeLimit  599.9640222
MIPGap  0
MIPGapAbs  0.9999
NodefileStart  4

Optimize a model with 1500 rows, 28060 columns and 76600 nonzeros (Min)
Model fingerprint: 0xda781f3f
Model has 28060 linear objective coefficients
Variable types: 28000 continuous, 60 integer (60 binary)
Coefficient statistics:
  Matrix range     [1e+00, 7e+02]
  Objective range  [1e+00, 5e+02]
  Bounds range     [1e+00, 1e+00]
  RHS range        [5e+00, 2e+01]

Using branch priorities.
Found heuristic solution: objective 665169.00000
Presolve time: 0.04s
Presolved: 1500 rows, 28060 columns, 76600 nonzeros
Variable types: 28000 continuous, 60 integer (60 binary)

Root relaxation: objective 4.664893e+04, 1405 iterations, 0.01 seconds (0.02 work units)

    Nodes    |    Current Node    |     Objective Bounds      |     Work
 Expl Unexpl |  Obj  Depth IntInf | Incumbent    BestBd   Gap | It/Node Time

     0     0 46648.9298    0   59 665169.000 46648.9298  93.0%     -    0s
H    0     0                    60389.868143 46648.9298  22.8%     -    0s
H    0     0                    60148.774974 46648.9298  22.4%     -    0s
H    0     0                    60071.180872 46648.9298  22.3%     -    0s
H    0     0                    60030.724383 57525.1814  4.17%     -    0s
H    0     0                    59993.903610 57525.1814  4.11%     -    0s
     0     0 57525.1814    0   17 59993.9036 57525.1814  4.11%     -    0s
H    0     0                    59158.000000 57536.1293  2.74%     -    0s
H    0     0                    59106.000000 57536.1293  2.66%     -    0s
     0     0 58210.5040    0   17 59106.0000 58210.5040  1.52%     -    0s
     0     0 58308.5034    0   16 59106.0000 58308.5034  1.35%     -    0s
     0     0 58342.8383    0   18 59106.0000 58342.8383  1.29%     -    0s
     0     0 58343.5755    0   18 59106.0000 58343.5755  1.29%     -    0s
     0     0 58497.1670    0   14 59106.0000 58497.1670  1.03%     -    0s
H    0     0                    58691.000000 58498.3695  0.33%     -    0s
H    0     0                    58548.000000 58498.3695  0.08%     -    0s
     0     0 58520.2588    0    2 58548.0000 58520.2588  0.05%     -    0s
     0     0 58520.3333    0    2 58548.0000 58520.3333  0.05%     -    0s
*    0     0               0    58522.000000 58522.0000  0.00%     -    0s

Cutting planes:
  Implied bound: 413
  MIR: 39
  Flow cover: 221
  Relax-and-lift: 19

Explored 1 nodes (2815 simplex iterations) in 0.50 seconds (0.54 work units)
Thread count was 32 (of 32 available processors)

Solution count 5: 58522 58691 59106 ... 60389.9

Optimal solution found (tolerance 0.00e+00)
Best objective 5.852200000000e+04, best bound 5.852200000000e+04, gap 0.0000%
