
Gurobi 13.0.2 (win64) logging started Wed Jul 15 20:53:00 2026

Set parameter LogFile to value "logs/kstar_nI40_nJ40_nK50_nL10_tI5_tJ5_s3_m0_exact_s0_20260715-205259.gurobi.log"
Set parameter Seed to value 0
Set parameter TimeLimit to value 599.9571511
Set parameter NodefileStart to value 4
Set parameter MIPGap to value 0
Set parameter MIPGapAbs to value 0.9999
Set parameter Cutoff to value 1e+100
Gurobi Optimizer version 13.0.2 build v13.0.2rc1 (win64 - Windows 11+.0 (26200.2))

CPU model: Intel(R) Core(TM) i9-14900HX, instruction set [SSE2|AVX|AVX2]
Thread count: 24 physical cores, 32 logical processors, using up to 32 threads

Non-default parameters:
TimeLimit  599.9571511
MIPGap  0
MIPGapAbs  0.9999
NodefileStart  4

Optimize a model with 1700 rows, 36080 columns and 92800 nonzeros (Min)
Model fingerprint: 0xad20c31c
Model has 36080 linear objective coefficients
Variable types: 36000 continuous, 80 integer (80 binary)
Coefficient statistics:
  Matrix range     [1e+00, 6e+02]
  Objective range  [1e+00, 5e+02]
  Bounds range     [1e+00, 1e+00]
  RHS range        [5e+00, 2e+01]

Using branch priorities.
Found heuristic solution: objective 652624.00000
Presolve time: 0.06s
Presolved: 1700 rows, 36080 columns, 92800 nonzeros
Variable types: 36000 continuous, 80 integer (80 binary)

Root relaxation: objective 3.872173e+04, 1442 iterations, 0.01 seconds (0.02 work units)

    Nodes    |    Current Node    |     Objective Bounds      |     Work
 Expl Unexpl |  Obj  Depth IntInf | Incumbent    BestBd   Gap | It/Node Time

     0     0 38721.7328    0   78 652624.000 38721.7328  94.1%     -    0s
H    0     0                    58128.889018 38721.7328  33.4%     -    0s
H    0     0                    58048.463552 38721.7328  33.3%     -    0s
H    0     0                    56633.230349 38721.7328  31.6%     -    0s
     0     0 47814.1104    0   51 56633.2303 47814.1104  15.6%     -    0s
H    0     0                    56342.870968 47816.5044  15.1%     -    0s
H    0     0                    56330.870968 47816.5044  15.1%     -    0s
H    0     0                    56322.000000 47816.5044  15.1%     -    0s
     0     0 47849.4727    0   51 56322.0000 47849.4727  15.0%     -    0s
     0     0 47867.4404    0   52 56322.0000 47867.4404  15.0%     -    0s
     0     0 47869.1239    0   52 56322.0000 47869.1239  15.0%     -    0s
     0     0 50768.7749    0   61 56322.0000 50768.7749  9.86%     -    0s
H    0     0                    56307.000000 50778.0561  9.82%     -    0s
H    0     0                    56211.000000 50778.0561  9.67%     -    0s
H    0     0                    56210.000000 50778.0561  9.66%     -    0s
H    0     0                    56190.000000 51513.2315  8.32%     -    0s
H    0     0                    56123.000000 51513.2315  8.21%     -    0s
     0     0 51513.2315    0   63 56123.0000 51513.2315  8.21%     -    0s
     0     0 51685.1338    0   61 56123.0000 51685.1338  7.91%     -    0s
     0     0 51703.4538    0   61 56123.0000 51703.4538  7.87%     -    0s
     0     0 51707.3824    0   61 56123.0000 51707.3824  7.87%     -    0s
     0     0 52374.1971    0   63 56123.0000 52374.1971  6.68%     -    0s
H    0     0                    55097.000000 52375.5552  4.94%     -    0s
H    0     0                    54631.000000 52375.5552  4.13%     -    0s
H    0     0                    54579.000000 52375.5552  4.04%     -    0s
H    0     0                    54572.000000 52375.5552  4.02%     -    0s
H    0     0                    54420.000000 52375.5552  3.76%     -    1s
H    0     0                    54413.000000 52375.5552  3.74%     -    1s
H    0     0                    54177.000000 52556.0583  2.99%     -    1s
H    0     0                    54173.000000 52556.0583  2.98%     -    1s
H    0     0                    54167.000000 52556.0583  2.97%     -    1s
     0     0 52556.0583    0   62 54167.0000 52556.0583  2.97%     -    1s
     0     0 52587.5847    0   61 54167.0000 52587.5847  2.92%     -    1s
     0     0 52600.3290    0   61 54167.0000 52600.3290  2.89%     -    1s
     0     0 52604.3856    0   61 54167.0000 52604.3856  2.88%     -    1s
     0     0 52714.2645    0   63 54167.0000 52714.2645  2.68%     -    1s
H    0     0                    53653.000000 52718.5179  1.74%     -    1s
H    0     0                    53600.000000 52718.5179  1.64%     -    1s
     0     0 52751.3349    0   63 53600.0000 52751.3349  1.58%     -    1s
     0     0 52758.6447    0   63 53600.0000 52758.6447  1.57%     -    1s
     0     0 52805.2978    0   60 53600.0000 52805.2978  1.48%     -    1s
     0     0 52805.3289    0   60 53600.0000 52805.3289  1.48%     -    1s
     0     0 52805.3289    0   60 53600.0000 52805.3289  1.48%     -    1s
     0     2 52806.3030    0   60 53600.0000 52806.3030  1.48%     -    1s
H  463   293                    53456.000000 53111.6394  0.64%  96.3    2s
H  484   293                    53350.000000 53111.6394  0.45%  95.7    2s
*  816   272              22    53321.000000 53216.7304  0.20%  74.1    3s
* 1232     0              25    53316.000000 53285.7872  0.06%  54.1    3s

Cutting planes:
  Implied bound: 465
  MIR: 282
  Flow cover: 727
  Relax-and-lift: 20

Explored 1242 nodes (72566 simplex iterations) in 3.98 seconds (4.51 work units)
Thread count was 32 (of 32 available processors)

Solution count 10: 53316 53321 53350 ... 54572

Optimal solution found (tolerance 0.00e+00)
Best objective 5.331600000000e+04, best bound 5.331600000000e+04, gap 0.0000%
