
Gurobi 13.0.2 (win64) logging started Fri Jul 17 05:46:33 2026

Set parameter LogFile to value "logs/kstar_nI40_nJ20_nK50_nL10_tI6_tJ6_s4_m1_exact_s0_20260717-054633.gurobi.log"
Set parameter Seed to value 0
Set parameter TimeLimit to value 599.9750365
Set parameter MIPGap to value 0
Set parameter MIPGapAbs to value 0.5
Set parameter Cutoff to value 1e+100
Gurobi Optimizer version 13.0.2 build v13.0.2rc1 (win64 - Windows 11+.0 (26200.2))

CPU model: Intel(R) Core(TM) i9-14900HX, instruction set [SSE2|AVX|AVX2]
Thread count: 24 physical cores, 32 logical processors, using up to 32 threads

Non-default parameters:
TimeLimit  599.9750365
MIPGap  0
MIPGapAbs  0.5
PreCrush  1
LazyConstraints  1

Optimize a model with 20 rows, 70 columns and 600 nonzeros (Min)
Model fingerprint: 0xb5d38d48
Model has 70 linear objective coefficients
Variable types: 10 continuous, 60 integer (60 binary)
Coefficient statistics:
  Matrix range     [1e+00, 7e+02]
  Objective range  [1e+00, 5e+02]
  Bounds range     [1e+00, 6e+03]
  RHS range        [6e+02, 7e+02]

Using branch priorities.
Presolve removed 18 rows and 0 columns
Presolve time: 0.00s
Presolved: 2 rows, 70 columns, 60 nonzeros
Variable types: 10 continuous, 60 integer (60 binary)

Root relaxation: objective 5.285009e+04, 5 iterations, 0.00 seconds (0.00 work units)

    Nodes    |    Current Node    |     Objective Bounds      |     Work
 Expl Unexpl |  Obj  Depth IntInf | Incumbent    BestBd   Gap | It/Node Time

     0     0 52850.0939    0    3          - 52850.0939      -     -    0s
H    0     0                    166528.00000 52850.0939  68.3%     -    0s
H    0     0                    159477.00000 52850.0939  66.9%     -    0s
H    0     0                    157718.00000 52850.0939  66.5%     -    0s
H    0     0                    157291.00000 52850.0939  66.4%     -    0s
H    0     0                    156394.00000 52850.0939  66.2%     -    0s
H    0     0                    152271.00000 52850.0939  65.3%     -    0s
     0     0 53141.9012    0    5 152271.000 53141.9012  65.1%     -    0s
     0     0 53222.4678    0    9 152271.000 53222.4678  65.0%     -    0s
H    0     0                    152096.00000 53222.4678  65.0%     -    0s
H    0     0                    142036.00000 53222.9396  62.5%     -    0s
H    0     0                    133596.00000 53222.9396  60.2%     -    0s
     0     0 53228.9331    0    9 133596.000 53228.9331  60.2%     -    0s
     0     0 53230.7616    0    9 133596.000 53230.7616  60.2%     -    0s
     0     2 53231.5331    0    9 133596.000 53231.5331  60.2%     -    0s
H 3435  2972                    100446.00000 53421.7722  46.8%   3.7    1s
H 3435  2823                    100212.00000 53421.7722  46.7%   3.7    1s
H 3448  2690                    100041.00000 53522.0228  46.5%   3.7    2s
H 3449  2691                    99656.000000 53522.0228  46.3%   3.7    2s
H 3456  2560                    99525.000000 53522.0228  46.2%   3.7    3s
  4332  3210 56667.3876   30    3 99525.0000 53757.8450  46.0%   5.5    5s
* 8129  4977              71    96090.000000 53879.5233  43.9%   5.1    8s
  8881  5446 54703.0698   32   10 96090.0000 53879.5233  43.9%   5.2   10s
 15405 10446 54576.8775   21   19 96090.0000 54042.3745  43.8%   5.1   15s
 19161 13892 59343.9989   43    2 96090.0000 54221.3989  43.6%   5.3   20s
 22273 16117 55587.4893   45    4 96090.0000 54224.8657  43.6%   5.3   25s
 23350 17276 55696.9965   51    2 96090.0000 54265.1361  43.5%   5.4   30s
 24206 18110 56598.0000   55    1 96090.0000 54284.4775  43.5%   5.4   35s
 27284 20830 55041.6516   26   19 96090.0000 54297.3958  43.5%   5.4   40s
 29941 23085 55133.4299   31   15 96090.0000 54330.2298  43.5%   5.5   45s
 33331 25980 56888.4193   30   10 96090.0000 54361.8017  43.4%   5.5   50s
 36771 28922 55511.2989   28   12 96090.0000 54397.0721  43.4%   5.6   56s
 39014 31097 56260.0596   46    7 96090.0000 54397.8790  43.4%   5.6   61s
 41671 33312 55139.8309   27   22 96090.0000 54422.6126  43.4%   5.6   65s
 44134 34473 55248.5268   25    9 96090.0000 54445.0554  43.3%   5.7   79s
 44136 34474 56203.8716   45   34 96090.0000 54445.0554  43.3%   5.7   81s
 44138 34476 55908.0000   56   38 96090.0000 54445.0554  43.3%   5.7   86s
 44143 34479 55126.0931   45   37 96090.0000 54445.0554  43.3%   5.7   91s
H44143 32754                    93629.000000 54445.0554  41.9%   5.7   93s
 44146 32756 56334.0685   45   40 93629.0000 54445.0554  41.9%   5.7   95s
 44149 32758 56386.6089   49   40 93629.0000 54445.0554  41.9%   5.7  100s
 44166 32786 54573.2649   25   24 93629.0000 54445.0554  41.9%   5.7  105s
 44331 32912 56061.3180   29   22 93629.0000 54445.0554  41.9%   5.9  111s
 44993 33422 56766.7011   39   11 93629.0000 54445.0554  41.9%   6.1  115s
 45748 33836 57332.3652   45    7 93629.0000 54445.0554  41.9%   6.1  120s
 47206 34740 59864.7301   63    2 93629.0000 54464.7113  41.8%   6.2  125s
 47917 35045 82568.4400   76    1 93629.0000 54489.5303  41.8%   6.3  131s
 49072 35766 57319.2852   59    7 93629.0000 54516.4070  41.8%   6.4  136s
 49979 36361 56733.1133   53    3 93629.0000 54600.7410  41.7%   6.4  140s
 51589 37415 55444.2586   38   17 93629.0000 54600.7410  41.7%   6.6  146s
 52994 38312 58653.3182   69    2 93629.0000 54657.9867  41.6%   6.7  150s
 55564 39812 55306.8618   38   18 93629.0000 54698.8009  41.6%   6.8  156s
 57560 40086 55528.1660   37   19 93629.0000 54763.8077  41.5%   6.9  161s
 58226 40866 59350.3795   76    3 93629.0000 54763.8077  41.5%   6.9  165s
 59535 41937 55417.4052   37   22 93629.0000 54813.2132  41.5%   7.0  171s
 61774 43143 55300.9083   37   21 93629.0000 54813.2132  41.5%   7.0  176s
 64141 44598 55140.7353   32   24 93629.0000 54837.7472  41.4%   7.1  182s
 65455 45226 69629.0000   73    - 93629.0000 54872.2789  41.4%   7.2  186s
 68164 46388 55727.8565   38   18 93629.0000 54898.1231  41.4%   7.3  192s
 69443 47337 55495.7057   35   22 93629.0000 54898.5410  41.4%   7.3  195s
 72452 48008 55477.8768   33   24 93629.0000 54936.8177  41.3%   7.4  202s
 72598 48662 55542.5477   34   25 93629.0000 54936.8177  41.3%   7.4  206s
 73506 49309 55666.5373   35   25 93629.0000 54937.0196  41.3%   7.4  211s
 74655 49779 55855.0024   37   21 93629.0000 54937.0196  41.3%   7.5  218s
 75538 50331 56138.8491   42   11 93629.0000 54941.6193  41.3%   7.5  222s
 76509 50900 56791.5704   55    6 93629.0000 54941.6193  41.3%   7.5  227s
 77591 51529 57021.5896   53    9 93629.0000 54956.9840  41.3%   7.6  231s
 78700 52131 57198.1972   55   12 93629.0000 54968.9155  41.3%   7.6  236s
 79852 52972 57102.3567   48   13 93629.0000 54976.5617  41.3%   7.7  241s
 81269 53601 55506.6271   36   20 93629.0000 54982.2075  41.3%   7.7  246s
 82551 54274 56239.9423   42   15 93629.0000 54982.2075  41.3%   7.7  251s
 83860 55109 56216.6670   46   16 93629.0000 54982.2075  41.3%   7.7  256s
 85284 56449 55635.3218   35   25 93629.0000 55006.4356  41.3%   7.8  262s
 87381 57352 56839.4580   47   11 93629.0000 55006.4356  41.3%   7.9  269s
 87440 57338 56561.7204   45   13 93629.0000 55006.4356  41.3%   7.9  270s
 89198 58540 56527.4054   57    8 93629.0000 55021.4605  41.2%   7.9  275s
 91424 59632 56053.3103   37   21 93629.0000 55021.4605  41.2%   7.9  282s
 93861 60973 56701.1799   54    8 93629.0000 55044.8152  41.2%   7.9  288s
 96240 62387 61597.0581   76    2 93629.0000 55057.4848  41.2%   8.0  295s
 98708 63288 57139.8181   66    3 93629.0000 55067.9839  41.2%   8.0  303s
 100654 64831 55766.1901   37   20 93629.0000 55077.8923  41.2%   8.1  310s
 103289 66018 56440.5299   41   16 93629.0000 55085.3323  41.2%   8.1  318s
 105563 67169 61457.0000   77    - 93629.0000 55096.2862  41.2%   8.1  326s
 107799 68534 55994.6181   36   24 93629.0000 55103.1805  41.1%   8.2  334s
 110334 69926 57198.4564   48   15 93629.0000 55111.9253  41.1%   8.2  343s
 112789 71099 56372.7120   41   18 93629.0000 55114.1291  41.1%   8.3  352s
 115703 72618 55652.0116   35   26 93629.0000 55129.3299  41.1%   8.3  362s
 118356 74243 56673.8876   42   20 93629.0000 55130.2028  41.1%   8.3  371s
 121125 73746 56029.1849   37   22 93629.0000 55149.0246  41.1%   8.4  382s
 121277 74431 56307.1193   38   20 93629.0000 55149.0246  41.1%   8.4  392s
 122246 75611 56932.5955   42   10 93629.0000 55149.8070  41.1%   8.4  403s
 124216 76532 57322.6640   47    4 93629.0000 55151.9638  41.1%   8.4  415s
 126318 77677 55852.8722   36   26 93629.0000 55164.7947  41.1%   8.5  427s
 128471 79249 55800.6889   36   23 93629.0000 55168.7586  41.1%   8.5  438s
 131147 80793 55969.0565   36   20 93629.0000 55180.2911  41.1%   8.5  449s
 131621 80693 56974.5158   48   12 93629.0000 55180.8712  41.1%   8.5  450s
 133962 82187 55898.5197   38   19 93629.0000 55192.3504  41.1%   8.6  461s
 136649 83578 56439.9867   34   24 93629.0000 55200.3581  41.0%   8.6  474s
 139256 84675 56374.0328   42   19 93629.0000 55209.9589  41.0%   8.7  486s
 142365 86046 56409.1535   39   22 93629.0000 55215.1459  41.0%   8.7  500s
 144630 88018 55916.0855   38   30 93629.0000 55218.2200  41.0%   8.7  512s
 147625 90368 57028.5105   53   11 93629.0000 55227.7330  41.0%   8.7  525s
 149760 92173 56900.2081   46   11 93629.0000 55228.3304  41.0%   8.8  536s
 151961 94255 59524.2956   63    2 93629.0000 55235.0148  41.0%   8.8  549s
 153780 94511 57100.6663   45   22 93629.0000 55239.0074  41.0%   8.8  550s
 154422 96340 56669.8557   40   21 93629.0000 55243.3010  41.0%   8.8  563s
 156654 98362 56908.6848   48   16 93629.0000 55243.3055  41.0%   8.9  577s
 159131 100305 57301.8716   46   20 93629.0000 55251.3726  41.0%   8.9  591s
 161402 101510 56286.0368   36   28 93629.0000 55259.4782  41.0%   9.0  600s

Cutting planes:
  Gomory: 1
  Cover: 1
  MIR: 19
  StrongCG: 1
  Flow cover: 5

Explored 162548 nodes (1458099 simplex iterations) in 601.38 seconds (282.01 work units)
Thread count was 32 (of 32 available processors)

Solution count 10: 93629 96090 99525 ... 156394

Time limit reached
Best objective 9.362900000000e+04, best bound 5.525947820668e+04, gap 40.9804%

User-callback calls 344508, time in user-callback 28.85 sec
