
Gurobi 13.0.2 (win64) logging started Thu Jul 16 19:33:35 2026

Set parameter LogFile to value "logs/kstar_nI40_nJ20_nK100_nL10_tI4_tJ4_s3_m1_exact_s0_20260716-193334.gurobi.log"
Set parameter Seed to value 0
Set parameter TimeLimit to value 599.5567176
Set parameter MIPGap to value 0
Set parameter MIPGapAbs to value 0.5
Set parameter Cutoff to value 1e+100
Gurobi Optimizer version 13.0.2 build v13.0.2rc1 (win64 - Windows 11+.0 (26200.2))

CPU model: Intel(R) Core(TM) i9-14900HX, instruction set [SSE2|AVX|AVX2]
Thread count: 24 physical cores, 32 logical processors, using up to 32 threads

Non-default parameters:
TimeLimit  599.5567176
MIPGap  0
MIPGapAbs  0.5
PreCrush  1
LazyConstraints  1

Optimize a model with 20 rows, 70 columns and 600 nonzeros (Min)
Model fingerprint: 0x52b8037b
Model has 70 linear objective coefficients
Variable types: 10 continuous, 60 integer (60 binary)
Coefficient statistics:
  Matrix range     [6e+00, 1e+03]
  Objective range  [1e+00, 5e+02]
  Bounds range     [1e+00, 1e+04]
  RHS range        [1e+03, 1e+03]

Using branch priorities.
Presolve removed 14 rows and 0 columns
Presolve time: 0.00s
Presolved: 6 rows, 70 columns, 220 nonzeros
Variable types: 10 continuous, 60 integer (60 binary)

Root relaxation: objective 9.945060e+04, 3 iterations, 0.00 seconds (0.00 work units)

    Nodes    |    Current Node    |     Objective Bounds      |     Work
 Expl Unexpl |  Obj  Depth IntInf | Incumbent    BestBd   Gap | It/Node Time

     0     0 99450.6030    0    2          - 99450.6030      -     -    0s
H    0     0                    497100.00000 99450.6030  80.0%     -    0s
H    0     0                    447856.00000 99450.6030  77.8%     -    0s
H    0     0                    424491.00000 99450.6030  76.6%     -    0s
H    0     0                    397965.00000 99450.6030  75.0%     -    0s
     0     0 99721.3361    0    5 397965.000 99721.3361  74.9%     -    0s
     0     0 99766.1422    0    9 397965.000 99766.1422  74.9%     -    0s
H    0     0                    395705.00000 99766.1422  74.8%     -    0s
H    0     0                    319809.00000 99780.2514  68.8%     -    0s
     0     0 99825.6113    0    8 319809.000 99825.6113  68.8%     -    0s
     0     0 99826.8003    0    8 319809.000 99826.8003  68.8%     -    0s
     0     2 99835.7229    0   12 319809.000 99835.7229  68.8%     -    0s
H 3725  3150                    233511.00000 99952.5095  57.2%   3.0    4s
  3728  3152 100001.457    6   20 233511.000 99967.7679  57.2%   3.0    5s
  4335  3633 100598.897   24   11 233511.000 100013.407  57.2%   4.8   10s
  6265  4742 102122.495   47    1 233511.000 100044.327  57.2%   4.9   15s
* 7013  4775              74    203055.00000 100044.327  50.7%   4.8   16s
* 8154  5290              71    195304.00000 100044.327  48.8%   5.0   19s
  8318  5393 100447.411   24   15 195304.000 100044.327  48.8%   5.0   20s
* 9086  5546              71    184677.00000 100044.327  45.8%   5.0   21s
 10155  5984 100955.744   33    9 184677.000 100117.358  45.8%   4.9   25s
 10460  6253 101019.613   34   12 184677.000 100131.848  45.8%   5.0   30s
 10965  6450 101145.469   36   10 184677.000 100131.848  45.8%   5.0   35s
 11721  6774 101293.319   30    4 184677.000 100186.370  45.8%   5.0   40s
 12511  7453 107842.998   49    3 184677.000 100186.370  45.8%   5.0   45s
 13799  8602 100710.371   25   16 184677.000 100210.761  45.7%   4.9   50s
 15764 10294 100546.544   30   13 184677.000 100215.525  45.7%   4.9   55s
 17908 12237 100882.928   31   16 184677.000 100244.928  45.7%   5.0   60s
 20427 14343 101881.129   43    5 184677.000 100248.651  45.7%   5.1   65s
 22989 15869 101113.370   29   12 184677.000 100286.279  45.7%   5.0   71s
 23605 16569 116735.442   68    1 184677.000 100286.714  45.7%   5.0   76s
 24887 17787 101761.757   47    3 184677.000 100319.073  45.7%   5.1   81s
 25828 18352 101569.950   41    6 184677.000 100331.643  45.7%   5.1   85s
 26601 19358 100867.571   31   16 184677.000 100340.826  45.7%   5.1   90s
 28270 20951 102649.515   54    3 184677.000 100351.289  45.7%   5.1   96s
 29312 21790 101890.017   40    3 184677.000 100372.440  45.6%   5.1  100s
 31628 23995 101116.946   25   13 184677.000 100377.386  45.6%   5.1  108s
 33013 25193 101040.484   32    9 184677.000 100385.948  45.6%   5.1  112s
 34363 26327 101705.837   36   11 184677.000 100398.342  45.6%   5.1  116s
 35900 27685 101747.704   35    5 184677.000 100401.670  45.6%   5.1  120s
 37537 28599 100666.518   25   15 184677.000 100415.622  45.6%   5.1  125s
 38815 29977 100900.019   27   18 184677.000 100422.734  45.6%   5.1  130s
 40377 31418 101828.821   29    9 184677.000 100434.005  45.6%   5.1  135s
 42134 32758 102666.512   37    2 184677.000 100440.066  45.6%   5.2  140s
 43695 34278 101031.232   27   18 184677.000 100458.351  45.6%   5.2  145s
 46079 35737 106680.000   58    - 184677.000 100467.179  45.6%   5.2  150s
 47061 36865 101230.878   30   20 184677.000 100474.875  45.6%   5.2  156s
 48937 38463 101201.828   28   17 184677.000 100475.202  45.6%   5.2  161s
 50794 39908 101286.015   34   13 184677.000 100486.362  45.6%   5.2  169s
 51060 39952 102576.005   44    2 184677.000 100486.362  45.6%   5.2  170s
 52456 40193 101233.027   28    8 184677.000 100493.140  45.6%   5.2  188s
 52458 40194 103341.000   59   27 184677.000 100493.140  45.6%   5.2  190s
 52461 40196 100923.649   26   27 184677.000 100493.140  45.6%   5.2  196s
 52463 40198 104295.039   47   30 184677.000 100493.140  45.6%   5.2  202s
 52466 40200 100508.572   25   30 184677.000 100493.140  45.6%   5.2  205s
 52469 40202 102533.284   46   31 184677.000 100493.140  45.6%   5.2  210s
 52471 40203 102905.802   52   30 184677.000 100493.140  45.6%   5.2  215s
H52471 38192                    174419.00000 100493.140  42.4%   5.2  218s
H52472 38193                    172365.00000 100493.140  41.7%   5.2  218s
 52473 38193 109328.000   72   31 172365.000 100493.140  41.7%   5.2  220s
 52475 38195 102500.991   39   31 172365.000 100493.140  41.7%   5.2  225s
 52507 38249 100955.671   29   18 172365.000 100493.140  41.7%   5.3  231s
 52571 38369 101327.689   31   18 172365.000 100620.592  41.6%   5.3  235s
 52869 38490 101716.462   35   14 172365.000 100621.704  41.6%   5.4  241s
 53172 38737 102107.266   36   10 172365.000 100621.704  41.6%   5.5  245s
 53581 39051 102447.557   40    8 172365.000 100621.704  41.6%   5.5  250s
 54133 39323 102380.890   44    6 172365.000 100621.704  41.6%   5.4  255s
 54671 39622 103563.881   48    2 172365.000 100630.189  41.6%   5.5  260s
 55011 39666 104039.347   53    1 172365.000 100630.189  41.6%   5.5  265s
 55508 40084 101605.195   39   11 172365.000 100672.344  41.6%   5.5  270s
 56414 40709 112354.522   72    1 172365.000 100718.670  41.6%   5.5  276s
*57049 38952              82    157316.00000 100781.091  35.9%   5.5  278s
 57461 39043 101897.344   48    3 157316.000 100781.091  35.9%   5.5  281s
 58164 39494 101741.898   48    7 157316.000 100811.839  35.9%   5.5  286s
 59028 39919 102884.618   59    2 157316.000 100811.839  35.9%   5.5  291s
 59858 40091 101194.401   36   19 157316.000 100811.839  35.9%   5.5  295s
 60426 40705 101093.353   38   19 157316.000 100811.839  35.9%   5.5  302s
 60886 40987 100953.958   36   21 157316.000 100811.839  35.9%   5.5  305s
 62173 42020 101790.911   46    8 157316.000 100867.927  35.9%   5.6  312s
 63146 42440 101253.827   38   20 157316.000 100889.464  35.9%   5.6  316s
 64168 42836 102251.588   47   10 157316.000 100914.982  35.9%   5.6  320s
 65908 43819 102054.502   40   15 157316.000 100934.218  35.8%   5.6  327s
 66837 44242 102512.164   44   10 157316.000 100938.906  35.8%   5.6  330s
 68647 45372 101063.788   34   21 157316.000 100964.877  35.8%   5.6  338s
 69902 45868 101343.775   36   16 157316.000 100985.447  35.8%   5.6  342s
 71247 45761 101260.692   33   16 157316.000 100995.426  35.8%   5.6  346s
 71291 46010 101296.548   35   18 157316.000 100995.426  35.8%   5.6  350s
 71678 46532 101373.418   36   16 157316.000 101003.512  35.8%   5.6  355s
 72837 47017 101550.538   39   14 157316.000 101005.769  35.8%   5.7  360s
 74706 48345 101772.340   42   16 157316.000 101023.703  35.8%   5.7  369s
 75929 48863 101740.831   42   16 157316.000 101031.707  35.8%   5.7  374s
 77050 49631 101537.331   40   17 157316.000 101034.262  35.8%   5.7  379s
 77143 49613 101434.518   39   16 157316.000 101034.262  35.8%   5.7  380s
 78412 50415 101837.416   44   11 157316.000 101050.592  35.8%   5.7  385s
 79817 51082 102379.962   50    3 157316.000 101057.719  35.8%   5.7  391s
 81138 51874 101804.172   41   13 157316.000 101066.175  35.8%   5.7  396s
 82704 51983 102731.366   66    3 157316.000 101066.175  35.8%   5.7  403s
 83536 52967 103448.689   69    3 157316.000 101066.175  35.8%   5.7  409s
 85099 52837 101942.885   41   11 157316.000 101066.175  35.8%   5.7  415s
 85334 53547 102177.529   42   11 157316.000 101066.175  35.8%   5.7  423s
 86383 54725 101481.713   38   19 157316.000 101076.262  35.7%   5.7  429s
 87029 54595 102457.985   48    9 157316.000 101084.934  35.7%   5.7  430s
 88253 55619 102201.983   45   13 157316.000 101090.885  35.7%   5.7  437s
 90040 56485 101667.527   40   18 157316.000 101099.952  35.7%   5.7  444s
 91942 57037 101606.679   37   18 157316.000 101111.166  35.7%   5.7  452s
 93342 58172 101418.455   39   19 157316.000 101112.095  35.7%   5.8  460s
 95222 59173 104423.000   59    - 157316.000 101117.039  35.7%   5.8  467s
 97471 60308 105959.707   69    3 157316.000 101124.984  35.7%   5.8  476s
 99653 61459 101759.054   40   12 157316.000 101126.103  35.7%   5.8  484s
 101802 61087 101597.526   41   13 157316.000 101139.139  35.7%   5.8  485s
 101873 62326 101334.322   37   19 157316.000 101139.139  35.7%   5.8  492s
 103565 62581 102390.644   47    4 157316.000 101139.197  35.7%   5.8  503s
 104631 64123 101337.666   41   16 157316.000 101139.197  35.7%   5.8  512s
 106913 65100 102450.219   43   10 157316.000 101154.292  35.7%   5.8  521s
 108869 66188 102486.352   51    5 157316.000 101162.874  35.7%   5.8  531s
 111013 66153 106528.983   69    3 157316.000 101168.222  35.7%   5.8  541s
 111509 67527 103237.101   64    2 157316.000 101168.222  35.7%   5.9  552s
 113615 68755 101323.042   36   21 157316.000 101172.679  35.7%   5.9  563s
 115882 70049 101647.892   40   17 157316.000 101178.275  35.7%   5.9  575s
 118657 71463 103219.536   59    4 157316.000 101184.901  35.7%   5.9  587s
 121167 72519 102531.356   50    4 157316.000 101191.886  35.7%   5.9  599s
 122170 72287 101874.999   42   19 157316.000 101195.485  35.7%   5.9  600s

Cutting planes:
  Gomory: 1
  Cover: 2
  MIR: 12
  StrongCG: 2
  Flow cover: 5

Explored 123099 nodes (729391 simplex iterations) in 601.50 seconds (245.30 work units)
Thread count was 32 (of 32 available processors)

Solution count 10: 157316 172365 174419 ... 424491

Time limit reached
Best objective 1.573160000000e+05, best bound 1.011981673036e+05, gap 35.6720%

User-callback calls 284387, time in user-callback 83.15 sec
