
Gurobi 13.0.2 (win64) logging started Wed Jul 15 20:47:28 2026

Set parameter LogFile to value "logs/kstar_nI20_nJ20_nK50_nL5_tI5_tJ5_s3_m0_exact_s0_20260715-204728.gurobi.log"
Set parameter Seed to value 0
Set parameter TimeLimit to value 599.9895577
Set parameter NodefileStart to value 4
Set parameter MIPGap to value 0
Set parameter MIPGapAbs to value 0.9999
Set parameter Cutoff to value 1e+100
Gurobi Optimizer version 13.0.2 build v13.0.2rc1 (win64 - Windows 11+.0 (26200.2))

CPU model: Intel(R) Core(TM) i9-14900HX, instruction set [SSE2|AVX|AVX2]
Thread count: 24 physical cores, 32 logical processors, using up to 32 threads

Non-default parameters:
TimeLimit  599.9895577
MIPGap  0
MIPGapAbs  0.9999
NodefileStart  4

Optimize a model with 550 rows, 7040 columns and 19200 nonzeros (Min)
Model fingerprint: 0x0d18fffd
Model has 7040 linear objective coefficients
Variable types: 7000 continuous, 40 integer (40 binary)
Coefficient statistics:
  Matrix range     [1e+00, 7e+02]
  Objective range  [1e+00, 5e+02]
  Bounds range     [1e+00, 1e+00]
  RHS range        [5e+00, 2e+01]

Using branch priorities.
Found heuristic solution: objective 333496.00000
Presolve time: 0.02s
Presolved: 550 rows, 7040 columns, 19200 nonzeros
Variable types: 7000 continuous, 40 integer (40 binary)

Root relaxation: objective 3.640787e+04, 534 iterations, 0.00 seconds (0.00 work units)

    Nodes    |    Current Node    |     Objective Bounds      |     Work
 Expl Unexpl |  Obj  Depth IntInf | Incumbent    BestBd   Gap | It/Node Time

     0     0 36407.8655    0   37 333496.000 36407.8655  89.1%     -    0s
H    0     0                    43939.441896 36407.8655  17.1%     -    0s
H    0     0                    43934.128049 36407.8655  17.1%     -    0s
H    0     0                    43834.948122 40565.6821  7.46%     -    0s
     0     0 40565.6821    0   18 43834.9481 40565.6821  7.46%     -    0s
H    0     0                    43818.504845 40654.4347  7.22%     -    0s
H    0     0                    43688.149794 40654.4347  6.94%     -    0s
H    0     0                    43552.354266 40654.4347  6.65%     -    0s
H    0     0                    43373.367215 40654.4347  6.27%     -    0s
     0     0 40654.4347    0   17 43373.3672 40654.4347  6.27%     -    0s
     0     0 41860.0736    0   18 43373.3672 41860.0736  3.49%     -    0s
     0     0 41894.3379    0   19 43373.3672 41894.3379  3.41%     -    0s
     0     0 41898.1535    0   19 43373.3672 41898.1535  3.40%     -    0s
     0     0 41898.1535    0   19 43373.3672 41898.1535  3.40%     -    0s
     0     0 42038.7833    0   10 43373.3672 42038.7833  3.08%     -    0s
     0     0 42071.9172    0   10 43373.3672 42071.9172  3.00%     -    0s
     0     0 42072.6039    0    9 43373.3672 42072.6039  3.00%     -    0s
     0     0 42100.5450    0   10 43373.3672 42100.5450  2.93%     -    0s
H    0     0                    43360.443241 42112.1707  2.88%     -    0s
     0     0 42112.1707    0    9 43360.4432 42112.1707  2.88%     -    0s
H    0     0                    43103.222438 42113.3100  2.30%     -    0s
H    0     0                    42772.132262 42113.3100  1.54%     -    0s
     0     0 42113.3100    0   10 42772.1323 42113.3100  1.54%     -    0s
H    0     0                    42675.970682 42113.3100  1.32%     -    0s
H    0     0                    42337.000000 42113.3100  0.53%     -    0s
     0     0 42126.7754    0    9 42337.0000 42126.7754  0.50%     -    0s
     0     0 42126.7754    0    9 42337.0000 42126.7754  0.50%     -    0s
     0     0 42126.7754    0    9 42337.0000 42126.7754  0.50%     -    0s
H    0     0                    42192.000000 42126.7754  0.15%     -    0s
     0     2 42126.7754    0    9 42192.0000 42126.7754  0.15%     -    0s
*    8     1               3    42188.000000 42160.3200  0.07%   9.1    0s
*    9     1               3    42162.000000 42160.3200  0.00%   8.2    0s

Cutting planes:
  Implied bound: 171
  MIR: 55
  Flow cover: 69
  Relax-and-lift: 7

Explored 12 nodes (1400 simplex iterations) in 0.23 seconds (0.19 work units)
Thread count was 32 (of 32 available processors)

Solution count 10: 42162 42188 42192 ... 43552.4

Optimal solution found (tolerance 0.00e+00)
Best objective 4.216200000000e+04, best bound 4.216200000000e+04, gap 0.0000%
