
Gurobi 13.0.2 (win64) logging started Fri Jul 17 14:39:10 2026

Set parameter LogFile to value "logs/kstar_nI40_nJ40_nK100_nL5_tI2_tJ2_s2_m1_exact_s0_20260717-143910.gurobi.log"
Set parameter Seed to value 0
Set parameter TimeLimit to value 599.9645238
Set parameter MIPGap to value 0
Set parameter MIPGapAbs to value 0.5
Set parameter Cutoff to value 1e+100
Gurobi Optimizer version 13.0.2 build v13.0.2rc1 (win64 - Windows 11+.0 (26200.2))

CPU model: Intel(R) Core(TM) i9-14900HX, instruction set [SSE2|AVX|AVX2]
Thread count: 24 physical cores, 32 logical processors, using up to 32 threads

Non-default parameters:
TimeLimit  599.9645238
MIPGap  0
MIPGapAbs  0.5
PreCrush  1
LazyConstraints  1

Optimize a model with 10 rows, 85 columns and 400 nonzeros (Min)
Model fingerprint: 0xd3280bfb
Model has 85 linear objective coefficients
Variable types: 5 continuous, 80 integer (80 binary)
Coefficient statistics:
  Matrix range     [5e+00, 1e+03]
  Objective range  [1e+00, 5e+02]
  Bounds range     [1e+00, 7e+03]
  RHS range        [1e+03, 1e+03]

Using branch priorities.
Presolve removed 6 rows and 0 columns
Presolve time: 0.00s
Presolved: 4 rows, 85 columns, 160 nonzeros
Variable types: 5 continuous, 80 integer (80 binary)

Root relaxation: objective 3.297414e+04, 9 iterations, 0.00 seconds (0.00 work units)

    Nodes    |    Current Node    |     Objective Bounds      |     Work
 Expl Unexpl |  Obj  Depth IntInf | Incumbent    BestBd   Gap | It/Node Time

     0     0 32974.1385    0    2          - 32974.1385      -     -    0s
H    0     0                    387711.00000 32974.1385  91.5%     -    0s
H    0     0                    340688.00000 32974.1385  90.3%     -    0s
H    0     0                    338629.00000 32974.1385  90.3%     -    0s
H    0     0                    297070.00000 32974.1385  88.9%     -    0s
H    0     0                    242325.00000 32974.1385  86.4%     -    0s
     0     0 32995.9868    0    9 242325.000 32995.9868  86.4%     -    0s
     0     0 32998.3246    0    9 242325.000 32998.3246  86.4%     -    0s
     0     2 33006.3634    0    3 242325.000 33006.3634  86.4%     -    0s
  3136  3071 33512.0416   14    1 242325.000 33035.1385  86.4%   2.5    5s
H 3689  3040                    204254.00000 33035.1385  83.8%   2.3    7s
  3805  3150 33090.3779   17   14 204254.000 33073.7848  83.8%   2.9   10s
  4566  3674 33163.4148   23   11 204254.000 33073.7848  83.8%   3.9   15s
  5546  4219 51042.0000   83    - 204254.000 33073.7848  83.8%   4.0   20s
  7068  5082 34175.0000   65    - 204254.000 33073.7848  83.8%   4.2   25s
  8709  6163 34672.0911   61    2 204254.000 33099.6016  83.8%   4.1   30s
 10863  7065 33292.4536   19    9 204254.000 33103.4109  83.8%   3.9   35s
 11976  7682 33921.9856   53    1 204254.000 33108.3398  83.8%   3.8   40s
 13621  8883 33934.6716   57    1 204254.000 33110.9317  83.8%   3.8   45s
 15783 10580 34528.5716   77    4 204254.000 33110.9317  83.8%   3.7   50s
 17334 11829 33541.8669   28    8 204254.000 33124.4194  83.8%   3.6   56s
 18062 12668 34428.6545   57    1 204254.000 33130.3471  83.8%   3.6   60s
 20036 14426 33815.9640   39    4 204254.000 33130.3471  83.8%   3.6   66s
 21208 14833 35576.0171   83    2 204254.000 33130.3471  83.8%   3.5   70s
 22108 15645 33431.4380   23   14 204254.000 33130.3471  83.8%   3.5   75s
 23116 16853 34291.1344   41    1 204254.000 33141.3426  83.8%   3.5   80s
 25025 18409 35545.7601   72    2 204254.000 33141.4116  83.8%   3.5   85s
 27276 20455 33519.4354   30    6 204254.000 33152.9818  83.8%   3.4   91s
 29190 22352 33535.1669   43    5 204254.000 33155.7661  83.8%   3.4   96s
 31060 23666 33271.9018   34   13 204254.000 33181.7113  83.8%   3.4  100s
 34340 26761 33459.9574   20   12 204254.000 33221.9955  83.7%   3.3  107s
 36182 28271 33284.1292   21   15 204254.000 33225.3927  83.7%   3.3  110s
 38377 29860 33422.2227   30    8 204254.000 33225.3927  83.7%   3.3  115s
 41634 32882 33555.6981   40    6 204254.000 33229.4801  83.7%   3.2  122s
 43450 34252 33432.7585   30   10 204254.000 33232.0943  83.7%   3.2  126s
 45012 35606 36920.5715   84    1 204254.000 33236.3335  83.7%   3.2  130s
 48411 38456 33606.3830   35    9 204254.000 33239.0484  83.7%   3.2  137s
 49750 39776 34626.5155   85    1 204254.000 33239.3265  83.7%   3.2  141s
 51577 41367 34698.1482   86    1 204254.000 33242.5727  83.7%   3.2  145s
 53586 41736 34675.0000   67    9 204254.000 33248.8123  83.7%   3.2  161s
 53590 41739 34269.0000   67   21 204254.000 33248.8123  83.7%   3.2  166s
 53603 41747 34159.0000   42   24 204254.000 33248.8123  83.7%   3.2  170s
 53616 41759 33248.8123   25   23 204254.000 33248.8123  83.7%   3.2  175s
 53678 41830 33248.8123   30   22 204254.000 33248.8123  83.7%   3.2  180s
 53742 41897 33248.8123   32   22 204254.000 33248.8123  83.7%   3.3  187s
 53956 42119 33248.8123   34   19 204254.000 33248.8123  83.7%   3.3  191s
 54200 42247 33262.3095   35   18 204254.000 33248.8123  83.7%   3.4  195s
 54337 42267 33278.0899   36   17 204254.000 33248.8123  83.7%   3.4  200s
 54451 42413 33293.5450   37   17 204254.000 33248.8123  83.7%   3.4  206s
 54603 42445 33270.4855   38   19 204254.000 33248.8123  83.7%   3.5  212s
 54757 42508 33667.6540   59    1 204254.000 33248.8123  83.7%   3.5  215s
 55229 42999 33248.8123   42   22 204254.000 33248.8123  83.7%   3.5  221s
 55776 43137 43880.0000  100    - 204254.000 33248.8123  83.7%   3.6  225s
 56151 43451 33248.8123   45   19 204254.000 33248.8123  83.7%   3.6  231s
 56452 43649 33342.3229   47   15 204254.000 33248.8123  83.7%   3.7  235s
 57086 43943 45646.0000   93    - 204254.000 33248.8123  83.7%   3.7  240s
 57983 44475 34022.6640   59    3 204254.000 33248.8123  83.7%   3.7  245s
 58916 44753 43293.0000   88    - 204254.000 33248.8123  83.7%   3.7  250s
 59377 45279 34554.6066   75    3 204254.000 33248.8123  83.7%   3.7  255s
*59492 43156             100    199323.00000 33248.8123  83.3%   3.8  255s
 60670 43957 34783.7350   97    1 199323.000 33248.8123  83.3%   3.8  262s
 61433 44267 33306.0190   44   18 199323.000 33248.8123  83.3%   3.8  266s
 62196 44723 33554.1870   52   13 199323.000 33248.8123  83.3%   3.8  270s
 62921 44727 34671.1461   89    2 199323.000 33248.8123  83.3%   3.9  279s
 63046 44719 33379.6259   40   15 199323.000 33248.8123  83.3%   3.9  280s
 63147 45168 33248.8123   36   18 199323.000 33248.8123  83.3%   3.9  285s
 63748 45713 33269.6873   44   17 199323.000 33248.8123  83.3%   3.9  291s
 64713 46200 34277.3006   68    3 199323.000 33248.8123  83.3%   3.9  295s
 65679 46768 33248.8123   41   22 199323.000 33248.8123  83.3%   3.9  300s
 66800 47347 33847.2547   59    2 199323.000 33248.8123  83.3%   3.9  306s
 67855 47869 35661.9114   97    4 199323.000 33248.8123  83.3%   3.9  310s
 68918 48397 33398.1658   40   14 199323.000 33248.8123  83.3%   4.0  315s
 70035 48272 33575.6272   59   11 199323.000 33248.8123  83.3%   4.0  320s
 70111 48509 33580.9279   60   12 199323.000 33248.8123  83.3%   4.0  328s
 70452 49218 33584.6018   61   11 199323.000 33248.8123  83.3%   4.0  332s
 71546 49905 34025.7013   92    4 199323.000 33248.8123  83.3%   4.0  338s
 72502 49755 33655.0328   41    8 199323.000 33248.8123  83.3%   4.0  340s
 72903 50819 34036.6420   51    1 199323.000 33248.8123  83.3%   4.0  345s
 74612 50568 33285.1987   57   18 199323.000 33248.8123  83.3%   4.0  354s
 74658 51091 33286.5237   58   18 199323.000 33248.8123  83.3%   4.0  362s
 75403 52203 33348.0806   59   12 199323.000 33248.8123  83.3%   4.0  370s
 77140 52664 67610.9381  102    1 199323.000 33248.8123  83.3%   4.0  378s
 78345 52484 33928.7017   68    3 199323.000 33248.8123  83.3%   4.0  380s
 78409 53106 34503.1807   69    2 199323.000 33248.8123  83.3%   4.0  385s
 80705 54343 33518.8312   46    9 199323.000 33248.8123  83.3%   4.0  393s
 82515 55403 33942.8397   47    2 199323.000 33259.0234  83.3%   4.0  401s
 84504 56537 33927.3445   67    2 199323.000 33264.1930  83.3%   4.0  410s
 86568 57498 33637.6791   54   14 199323.000 33264.1930  83.3%   4.0  418s
 88498 57917 33713.5298   37    7 199323.000 33267.7230  83.3%   4.0  426s
 89982 58385 34377.8081   73    4 199323.000 33267.8816  83.3%   4.1  436s
 91662 59542 33311.3024   38   18 199323.000 33272.6499  83.3%   4.1  444s
 91959 59474 33927.8474   61    3 199323.000 33272.6499  83.3%   4.1  445s
 93485 60836 37557.9518   88    3 199323.000 33272.6499  83.3%   4.1  453s
 95788 62212 34293.9430   88    4 199323.000 33280.2175  83.3%   4.1  462s
 98222 63233 49183.0000   96    - 199323.000 33284.3722  83.3%   4.1  472s
 100415 64524 33414.6197   51   17 199323.000 33284.4719  83.3%   4.1  481s
 102730 64103 34590.8096   66    2 199323.000 33286.3826  83.3%   4.1  494s
 102756 64094 33325.2533   41   23 199323.000 33286.3826  83.3%   4.1  495s
 102762 65596 34711.0000   67    - 199323.000 33286.3826  83.3%   4.1  505s
 105020 66768 33461.8872   50   15 199323.000 33291.5853  83.3%   4.1  515s
 107418 68232 33608.1887   46   13 199323.000 33293.7825  83.3%   4.1  526s
 109910 69897 34224.3056   71    3 199323.000 33293.7825  83.3%   4.1  540s
 113107 69471 33989.9650   87    2 199323.000 33300.9820  83.3%   4.1  557s
 113260 71046 34260.5279   88    3 199323.000 33300.9820  83.3%   4.1  571s
 115428 72644 33991.3693   62    6 199323.000 33300.9820  83.3%   4.1  587s
 118189 72245 33538.3241   40   16 199323.000 33304.9710  83.3%   4.2  600s

Cutting planes:
  MIR: 5
  StrongCG: 1
  Flow cover: 10

Explored 118399 nodes (491830 simplex iterations) in 603.11 seconds (216.43 work units)
Thread count was 32 (of 32 available processors)

Solution count 7: 199323 204254 242325 ... 387711

Time limit reached
Best objective 1.993230000000e+05, best bound 3.330497103861e+04, gap 83.2910%

User-callback calls 261284, time in user-callback 170.28 sec
