
Gurobi 13.0.2 (win64) logging started Fri Jul 17 23:35:46 2026

Set parameter LogFile to value "logs/kstar_nI40_nJ40_nK50_nL5_tI2_tJ2_s5_m1_exact_s0_20260717-233546.gurobi.log"
Set parameter Seed to value 0
Set parameter TimeLimit to value 599.9774116
Set parameter MIPGap to value 0
Set parameter MIPGapAbs to value 0.5
Set parameter Cutoff to value 1e+100
Gurobi Optimizer version 13.0.2 build v13.0.2rc1 (win64 - Windows 11+.0 (26200.2))

CPU model: Intel(R) Core(TM) i9-14900HX, instruction set [SSE2|AVX|AVX2]
Thread count: 24 physical cores, 32 logical processors, using up to 32 threads

Non-default parameters:
TimeLimit  599.9774116
MIPGap  0
MIPGapAbs  0.5
PreCrush  1
LazyConstraints  1

Optimize a model with 10 rows, 85 columns and 400 nonzeros (Min)
Model fingerprint: 0x42384e7e
Model has 85 linear objective coefficients
Variable types: 5 continuous, 80 integer (80 binary)
Coefficient statistics:
  Matrix range     [2e+01, 6e+02]
  Objective range  [1e+00, 5e+02]
  Bounds range     [1e+00, 4e+03]
  RHS range        [6e+02, 7e+02]

Using branch priorities.
Presolve removed 6 rows and 0 columns
Presolve time: 0.00s
Presolved: 4 rows, 85 columns, 160 nonzeros
Variable types: 5 continuous, 80 integer (80 binary)

Root relaxation: objective 1.633837e+04, 10 iterations, 0.00 seconds (0.00 work units)

    Nodes    |    Current Node    |     Objective Bounds      |     Work
 Expl Unexpl |  Obj  Depth IntInf | Incumbent    BestBd   Gap | It/Node Time

     0     0 16338.3747    0    2          - 16338.3747      -     -    0s
H    0     0                    185675.00000 16338.3747  91.2%     -    0s
H    0     0                    156250.00000 16338.3747  89.5%     -    0s
H    0     0                    150614.00000 16338.3747  89.2%     -    0s
H    0     0                    146549.00000 16338.3747  88.9%     -    0s
H    0     0                    137129.00000 16338.3747  88.1%     -    0s
     0     0 16375.4605    0   10 137129.000 16375.4605  88.1%     -    0s
     0     0 16376.3312    0   10 137129.000 16376.3312  88.1%     -    0s
H    0     0                    123914.00000 16376.3312  86.8%     -    0s
H    0     0                    117285.00000 16376.3312  86.0%     -    0s
H    0     0                    104377.00000 16376.4406  84.3%     -    0s
     0     2 16392.7746    0   14 104377.000 16392.7746  84.3%     -    0s
  3520  3097 16677.0184   22   16 104377.000 16451.0450  84.2%   2.5    5s
  4327  3716 16688.2604   27   16 104377.000 16461.5825  84.2%   4.6   10s
* 6432  4614              90    86070.000000 16466.7891  80.9%   4.8   14s
  6506  4750 28143.0000   79    - 86070.0000 16466.7891  80.9%   4.8   15s
* 6632  4576              90    85966.000000 16483.5392  80.8%   4.8   15s
* 7836  5004              89    70462.000000 16483.5392  76.6%   4.7   17s
* 8103  4995              89    70399.000000 16483.5392  76.6%   4.7   17s
  9192  5675 26829.2667   76    1 70399.0000 16491.5564  76.6%   4.6   20s
 11423  6778 16555.9551   26   14 70399.0000 16505.7097  76.6%   4.6   25s
 12829  8226 17033.7599   35    4 70399.0000 16511.4421  76.5%   4.6   30s
 14118  9109 16628.4121   30   19 70399.0000 16516.8300  76.5%   4.6   35s
 16087 10904 17006.0573   37    5 70399.0000 16519.2632  76.5%   4.6   41s
 18470 12945 16682.5076   32   16 70399.0000 16524.3151  76.5%   4.5   45s
 21601 14961 16965.2844   52    7 70399.0000 16536.2269  76.5%   4.5   50s
 22847 16646 16684.2805   32   16 70399.0000 16536.2269  76.5%   4.5   55s
 26147 18962 17676.2599   50    1 70399.0000 16536.2269  76.5%   4.5   61s
 26952 19975 16681.6485   24   16 70399.0000 16536.2269  76.5%   4.5   65s
 29038 22212 16695.8735   28   13 70399.0000 16564.2750  76.5%   4.5   70s
 31874 24661 17103.7189   56    3 70399.0000 16576.5789  76.5%   4.5   76s
 34107 25966 17504.9998   36    1 70399.0000 16576.5789  76.5%   4.5   80s
 36651 28717 16833.0364   21   10 70399.0000 16584.5163  76.4%   4.5   85s
 39672 31272 17590.8528   57    4 70399.0000 16584.5163  76.4%   4.5   91s
 41342 32958 16731.7050   36   16 70399.0000 16589.5538  76.4%   4.5   95s
 45099 36301 16769.6949   30   15 70399.0000 16599.4824  76.4%   4.5  102s
 46883 37756 16881.7015   36   12 70399.0000 16600.6559  76.4%   4.6  106s
 48628 39514 16903.6445   27   13 70399.0000 16600.6559  76.4%   4.6  110s
 52790 43053 17090.6888   42   10 70399.0000 16610.6364  76.4%   4.6  118s
 54714 44888 16697.1097   26   20 70399.0000 16610.6662  76.4%   4.6  122s
 56836 45161 17808.0000   84   10 70399.0000 16611.0292  76.4%   4.6  137s
 56847 45168 18177.0000   87   28 70399.0000 16611.0292  76.4%   4.6  141s
H56847 42909                    69870.000000 16611.0292  76.2%   4.6  142s
H56847 40763                    69833.000000 16611.0292  76.2%   4.6  142s
 56853 40767 16798.5382   36   28 69833.0000 16611.0292  76.2%   4.6  146s
 56866 40785 16611.0292   27   27 69833.0000 16611.0292  76.2%   4.6  150s
 57065 40942 16611.0292   32   28 69833.0000 16611.0292  76.2%   4.7  156s
 57147 41113 16611.0292   33   24 69833.0000 16611.0292  76.2%   4.8  160s
 57740 41456 16646.0991   36   23 69833.0000 16611.0292  76.2%   4.9  165s
 58257 41724 16611.0292   39   21 69833.0000 16611.0292  76.2%   5.0  171s
 58749 42068 16615.3237   42   22 69833.0000 16611.0292  76.2%   5.0  175s
 59836 42824 16951.8938   47   15 69833.0000 16611.0292  76.2%   5.1  180s
 60859 43248 17003.5306   50   14 69833.0000 16611.0292  76.2%   5.1  185s
 61942 44041 17705.0235   60    3 69833.0000 16611.0292  76.2%   5.2  191s
 63239 44650 18713.6684   82    2 69833.0000 16611.0292  76.2%   5.2  196s
 64844 45398 16659.2344   35   21 69833.0000 16611.8592  76.2%   5.2  201s
 66506 46500 17159.7724   53    9 69833.0000 16616.4928  76.2%   5.2  206s
 67483 46370 18703.2161   88    2 69833.0000 16616.4928  76.2%   5.2  210s
 67961 47314 16627.1794   44   21 69833.0000 16619.5252  76.2%   5.2  218s
 68799 47664 16816.8357   59   12 69833.0000 16619.5252  76.2%   5.2  222s
 69618 48394 17393.3360   88    4 69833.0000 16620.4532  76.2%   5.2  225s
 70776 48702 17188.4353   50    7 69833.0000 16620.4532  76.2%   5.3  233s
 71474 48583 18075.2366   93    2 69833.0000 16620.4532  76.2%   5.3  238s
 71514 49199 18100.5919   94    2 69833.0000 16620.4532  76.2%   5.3  243s
 72427 50109 17215.8662   64   12 69833.0000 16620.4532  76.2%   5.3  248s
 73886 50816 16834.8771   38   19 69833.0000 16633.7226  76.2%   5.3  252s
 75083 51537 17414.5878   57    2 69833.0000 16633.7226  76.2%   5.3  256s
 76776 52384 16852.7395   38   18 69833.0000 16674.5082  76.1%   5.3  261s
 78236 52186 16735.8695   40   17 69833.0000 16690.0428  76.1%   5.4  267s
 78364 53056 16760.9164   41   20 69833.0000 16690.0428  76.1%   5.4  272s
 79431 53972 17275.8560   58   11 69833.0000 16690.0428  76.1%   5.4  276s
 81104 54823 16981.3490   49   16 69833.0000 16697.5918  76.1%   5.4  281s
 82637 55752 16845.5304   41   15 69833.0000 16700.1496  76.1%   5.4  286s
 84423 57021 32788.7033  100    2 69833.0000 16708.7234  76.1%   5.5  291s
 86507 58030 17597.4238   97    2 69833.0000 16715.8204  76.1%   5.5  296s
 88544 58881 16910.3037   50   17 69833.0000 16719.3789  76.1%   5.4  302s
 90144 59833 17524.1933   83    2 69833.0000 16719.7459  76.1%   5.5  307s
 92037 59862 19542.9698   95    2 69833.0000 16720.2352  76.1%   5.5  315s
 92602 61180 18225.8693   84    3 69833.0000 16720.8879  76.1%   5.5  322s
 94521 62524 16742.1197   34   22 69833.0000 16724.5941  76.1%   5.5  328s
 96867 63479 17035.0977   49   16 69833.0000 16728.0315  76.0%   5.5  335s
 98707 65024 16903.3950   44   13 69833.0000 16730.8015  76.0%   5.6  343s
 101484 66438 17667.3790   84    3 69833.0000 16733.6075  76.0%   5.5  350s
 104094 67615 17204.0492   56   14 69833.0000 16735.6787  76.0%   5.5  358s
 106364 68714 16974.5546   61   14 69833.0000 16740.0894  76.0%   5.6  366s
 108433 68304 16755.4630   40   21 69833.0000 16740.8606  76.0%   5.6  376s
 108465 68340 16764.6606   41   22 69833.0000 16740.8606  76.0%   5.6  385s
 108524 70289 16769.0957   42   20 69833.0000 16740.8606  76.0%   5.6  395s
 111228 71256 16888.9487   38   18 69833.0000 16741.2582  76.0%   5.6  405s
 114334 72793 17074.4153   48   11 69833.0000 16745.1242  76.0%   5.6  415s
 118036 74547 16928.5647   50   15 69833.0000 16746.4392  76.0%   5.5  427s
 120755 76231 17390.7516   52    2 69833.0000 16749.2236  76.0%   5.5  438s
 123708 77734 18514.2381   86    3 69833.0000 16749.7099  76.0%   5.5  448s
 126716 79505 26219.0000  100    - 69833.0000 16753.4750  76.0%   5.5  459s
 127331 79381 16926.0442   55   14 69833.0000 16753.4750  76.0%   5.6  460s
 129879 80345 19160.8466   91    3 69833.0000 16755.5719  76.0%   5.6  470s
 132844 80188 16874.6173   51   17 69833.0000 16755.5805  76.0%   5.6  483s
 132965 81472 17134.8288   52   14 69833.0000 16755.5805  76.0%   5.6  496s
 136243 83238 17149.1101   54   11 69833.0000 16755.9131  76.0%   5.5  511s
 140171 85458 18328.3447  100    2 69833.0000 16760.4684  76.0%   5.5  526s
 143419 87274 17844.7933   78    2 69833.0000 16763.1684  76.0%   5.5  539s
 143672 87227 17309.0879   63   16 69833.0000 16763.3984  76.0%   5.5  540s
 147025 87822 17308.2690   43    6 69833.0000 16765.8342  76.0%   5.5  555s
 150461 90093 17230.7653   52    7 69833.0000 16768.4911  76.0%   5.5  570s
 153458 91754 17003.5876   47   16 69833.0000 16770.5425  76.0%   5.5  583s
 156561 93457 16923.6954   42   13 69833.0000 16772.9266  76.0%   5.5  597s

Cutting planes:
  MIR: 7
  StrongCG: 1
  Flow cover: 6

Explored 159628 nodes (889190 simplex iterations) in 600.99 seconds (262.45 work units)
Thread count was 32 (of 32 available processors)

Solution count 10: 69833 69870 70399 ... 137129

Time limit reached
Best objective 6.983300000000e+04, best bound 1.677374819801e+04, gap 75.9802%

User-callback calls 338727, time in user-callback 92.60 sec
