
Gurobi 13.0.2 (win64) logging started Wed Jul 15 20:56:47 2026

Set parameter LogFile to value "logs/kstar_nI40_nJ40_nK50_nL5_tI5_tJ5_s3_m0_exact_s0_20260715-205647.gurobi.log"
Set parameter Seed to value 0
Set parameter TimeLimit to value 599.9749529
Set parameter NodefileStart to value 4
Set parameter MIPGap to value 0
Set parameter MIPGapAbs to value 0.9999
Set parameter Cutoff to value 1e+100
Gurobi Optimizer version 13.0.2 build v13.0.2rc1 (win64 - Windows 11+.0 (26200.2))

CPU model: Intel(R) Core(TM) i9-14900HX, instruction set [SSE2|AVX|AVX2]
Thread count: 24 physical cores, 32 logical processors, using up to 32 threads

Non-default parameters:
TimeLimit  599.9749529
MIPGap  0
MIPGapAbs  0.9999
NodefileStart  4

Optimize a model with 850 rows, 18080 columns and 46400 nonzeros (Min)
Model fingerprint: 0x92a4ec53
Model has 18080 linear objective coefficients
Variable types: 18000 continuous, 80 integer (80 binary)
Coefficient statistics:
  Matrix range     [1e+00, 7e+02]
  Objective range  [1e+00, 5e+02]
  Bounds range     [1e+00, 1e+00]
  RHS range        [5e+00, 2e+01]

Using branch priorities.
Found heuristic solution: objective 366363.00000
Presolve time: 0.02s
Presolved: 850 rows, 18080 columns, 46400 nonzeros
Variable types: 18000 continuous, 80 integer (80 binary)

Root relaxation: objective 2.227294e+04, 821 iterations, 0.00 seconds (0.01 work units)

    Nodes    |    Current Node    |     Objective Bounds      |     Work
 Expl Unexpl |  Obj  Depth IntInf | Incumbent    BestBd   Gap | It/Node Time

     0     0 22272.9423    0   77 366363.000 22272.9423  93.9%     -    0s
H    0     0                    42702.403415 22272.9423  47.8%     -    0s
H    0     0                    41522.000000 22272.9423  46.4%     -    0s
H    0     0                    38823.000000 28378.0871  26.9%     -    0s
H    0     0                    38763.000000 28378.0871  26.8%     -    0s
H    0     0                    38624.000000 28378.0871  26.5%     -    0s
H    0     0                    38231.000000 28378.0871  25.8%     -    0s
     0     0 28378.0871    0   68 38231.0000 28378.0871  25.8%     -    0s
H    0     0                    37775.000000 28392.1174  24.8%     -    0s
H    0     0                    37134.000000 28392.1174  23.5%     -    0s
H    0     0                    36757.000000 28392.1174  22.8%     -    0s
     0     0 28452.5853    0   68 36757.0000 28452.5853  22.6%     -    0s
     0     0 30172.1693    0   72 36757.0000 30172.1693  17.9%     -    0s
H    0     0                    36606.380850 30178.1377  17.6%     -    0s
H    0     0                    36605.380850 30178.1377  17.6%     -    0s
H    0     0                    35633.000000 30178.1377  15.3%     -    0s
     0     0 30540.5081    0   72 35633.0000 30540.5081  14.3%     -    0s
     0     0 30586.4356    0   71 35633.0000 30586.4356  14.2%     -    0s
     0     0 30597.9324    0   71 35633.0000 30597.9324  14.1%     -    0s
     0     0 30600.7747    0   71 35633.0000 30600.7747  14.1%     -    0s
     0     0 31276.9136    0   70 35633.0000 31276.9136  12.2%     -    0s
H    0     0                    35052.000000 31276.9543  10.8%     -    0s
H    0     0                    34558.000000 31276.9543  9.49%     -    0s
H    0     0                    34521.000000 31276.9543  9.40%     -    0s
H    0     0                    34414.000000 31276.9543  9.12%     -    0s
H    0     0                    34349.000000 31276.9543  8.94%     -    0s
H    0     0                    34312.000000 31276.9543  8.85%     -    0s
H    0     0                    34296.000000 31276.9543  8.80%     -    0s
     0     0 31495.8612    0   68 34296.0000 31495.8612  8.16%     -    0s
     0     0 31564.7414    0   68 34296.0000 31564.7414  7.96%     -    0s
     0     0 31587.2816    0   69 34296.0000 31587.2816  7.90%     -    0s
     0     0 31598.3525    0   72 34296.0000 31598.3525  7.87%     -    0s
     0     0 31600.0707    0   72 34296.0000 31600.0707  7.86%     -    0s
     0     0 31755.5036    0   72 34296.0000 31755.5036  7.41%     -    0s
     0     0 31792.6527    0   73 34296.0000 31792.6527  7.30%     -    0s
H    0     0                    34287.683301 31817.3642  7.20%     -    1s
     0     0 31817.3642    0   75 34287.6833 31817.3642  7.20%     -    1s
H    0     0                    34003.062718 31822.4775  6.41%     -    1s
H    0     0                    33988.428571 31822.4775  6.37%     -    1s
H    0     0                    33843.000000 31822.4775  5.97%     -    1s
     0     0 31822.4775    0   75 33843.0000 31822.4775  5.97%     -    1s
     0     0 31896.3299    0   73 33843.0000 31896.3299  5.75%     -    1s
     0     0 31966.8385    0   72 33843.0000 31966.8385  5.54%     -    1s
     0     0 31980.7079    0   73 33843.0000 31980.7079  5.50%     -    1s
     0     0 31990.1634    0   75 33843.0000 31990.1634  5.47%     -    1s
     0     0 31996.2415    0   74 33843.0000 31996.2415  5.46%     -    1s
     0     0 32031.5960    0   70 33843.0000 32031.5960  5.35%     -    1s
     0     0 32055.4916    0   67 33843.0000 32055.4916  5.28%     -    1s
     0     0 32061.4346    0   73 33843.0000 32061.4346  5.26%     -    1s
     0     0 32088.5812    0   71 33843.0000 32088.5812  5.18%     -    1s
     0     0 32089.1456    0   71 33843.0000 32089.1456  5.18%     -    1s
     0     0 32089.1456    0   71 33843.0000 32089.1456  5.18%     -    1s
     0     2 32089.1456    0   71 33843.0000 32089.1456  5.18%     -    1s
H  741   771                    33698.920455 32371.6739  3.94%   116    2s
*  743   771              34    33512.000000 32371.6739  3.40%   116    2s
*  764   771              42    33411.000000 32371.6739  3.11%   113    2s
*  825   791              34    33398.000000 32425.8594  2.91%   110    3s
*  843   791              33    33334.000000 32460.8311  2.62%   110    3s
H  954   882                    33314.906250 32461.1712  2.56%   108    3s
H 1010   931                    33308.906250 32461.1712  2.55%   107    3s
* 1011   931              31    33260.000000 32461.1712  2.40%   107    3s
H 1223  1073                    33211.000000 32490.3938  2.17%   103    3s
H 1314  1118                    32984.062500 32490.3938  1.50%   101    3s
H 1316  1118                    32976.000000 32490.3938  1.47%   101    3s
* 1317  1118              28    32974.000000 32490.3938  1.47%   101    3s
H 1967  1245                    32939.000000 32599.1630  1.03%  96.1    4s
* 2069  1251              27    32891.000000 32609.8338  0.85%  95.6    4s
  2659  1215 32859.5496   15   51 32891.0000 32692.3731  0.60%  93.6    5s

Cutting planes:
  Implied bound: 421
  MIR: 368
  Flow cover: 483
  Relax-and-lift: 16

Explored 4714 nodes (357441 simplex iterations) in 6.67 seconds (11.88 work units)
Thread count was 32 (of 32 available processors)

Solution count 10: 32891 32939 32974 ... 33512

Optimal solution found (tolerance 0.00e+00)
Best objective 3.289100000000e+04, best bound 3.289100000000e+04, gap 0.0000%
