
Gurobi 13.0.2 (win64) logging started Fri Jul 17 10:37:56 2026

Set parameter LogFile to value "logs/kstar_nI40_nJ40_nK100_nL10_tI2_tJ2_s3_m1_exact_s0_20260717-103756.gurobi.log"
Set parameter Seed to value 0
Set parameter TimeLimit to value 599.932928
Set parameter MIPGap to value 0
Set parameter MIPGapAbs to value 0.5
Set parameter Cutoff to value 1e+100
Gurobi Optimizer version 13.0.2 build v13.0.2rc1 (win64 - Windows 11+.0 (26200.2))

CPU model: Intel(R) Core(TM) i9-14900HX, instruction set [SSE2|AVX|AVX2]
Thread count: 24 physical cores, 32 logical processors, using up to 32 threads

Non-default parameters:
TimeLimit  599.932928
MIPGap  0
MIPGapAbs  0.5
PreCrush  1
LazyConstraints  1

Optimize a model with 20 rows, 90 columns and 800 nonzeros (Min)
Model fingerprint: 0xecf5b983
Model has 90 linear objective coefficients
Variable types: 10 continuous, 80 integer (80 binary)
Coefficient statistics:
  Matrix range     [5e+01, 1e+03]
  Objective range  [1e+00, 5e+02]
  Bounds range     [1e+00, 8e+03]
  RHS range        [1e+03, 1e+03]

Using branch priorities.
Presolve removed 16 rows and 0 columns
Presolve time: 0.00s
Presolved: 4 rows, 90 columns, 160 nonzeros
Variable types: 10 continuous, 80 integer (80 binary)

Root relaxation: objective 6.822900e+04, 3 iterations, 0.00 seconds (0.00 work units)

    Nodes    |    Current Node    |     Objective Bounds      |     Work
 Expl Unexpl |  Obj  Depth IntInf | Incumbent    BestBd   Gap | It/Node Time

     0     0 68229.0000    0    -          - 68229.0000      -     -    0s
     0     0 68233.4402    0    2          - 68233.4402      -     -    0s
     0     0 68247.7060    0    6          - 68247.7060      -     -    0s
     0     0 68252.5301    0    6          - 68252.5301      -     -    0s
     0     0 68265.9010    0    6          - 68265.9010      -     -    0s
     0     0 68268.0029    0    7          - 68268.0029      -     -    0s
     0     0 68282.4224    0    8          - 68282.4224      -     -    0s
     0     0 68285.2871    0    9          - 68285.2871      -     -    0s
     0     0 68290.5649    0    6          - 68290.5649      -     -    0s
     0     0 68297.6736    0    9          - 68297.6736      -     -    0s
     0     0 68302.2795    0    9          - 68302.2795      -     -    0s
     0     0 68303.6386    0   10          - 68303.6386      -     -    0s
     0     0 68307.9824    0   10          - 68307.9824      -     -    0s
     0     0 68311.4035    0    9          - 68311.4035      -     -    0s
     0     0 68312.2289    0    9          - 68312.2289      -     -    0s
     0     0 68313.5396    0   10          - 68313.5396      -     -    0s
     0     0 68314.5328    0   11          - 68314.5328      -     -    0s
     0     0 68315.2445    0   13          - 68315.2445      -     -    0s
     0     0 68315.6088    0   15          - 68315.6088      -     -    1s
     0     0 68315.7614    0   15          - 68315.7614      -     -    1s
     0     0 68315.9390    0   15          - 68315.9390      -     -    1s
H    0     0                    668034.00000 68316.2521  89.8%     -    1s
     0     2 68316.2521    0   16 668034.000 68316.2521  89.8%     -    1s
  1689  1888 68662.4268   73    4 668034.000 68330.4988  89.8%   2.5    5s
  3726  3426 68722.0000   15   15 668034.000 68375.3930  89.8%   2.5   11s
H 3727  3255                    600298.00000 68375.3930  88.6%   2.5   12s
H 3734  3096                    481123.00000 68375.3930  85.8%   2.5   14s
H 3739  2945                    433956.00000 68375.3930  84.2%   2.5   15s
  3820  3019 68415.5809   19   23 433956.000 68375.8480  84.2%   2.9   20s
  4121  3232 68414.9864   23   14 433956.000 68375.8480  84.2%   3.7   25s
  4295  3394 68470.5990   26   12 433956.000 68375.8480  84.2%   4.0   31s
  4659  3635 68565.0382   30   10 433956.000 68375.8480  84.2%   4.3   35s
  5245  4066 68699.0016   36    3 433956.000 68375.8480  84.2%   4.4   40s
  6155  4594 69653.2978   53    2 433956.000 68375.8480  84.2%   4.5   45s
  7250  5181 68680.3397   35   14 433956.000 68375.8480  84.2%   4.4   50s
  8231  5592 84241.0000   85    - 433956.000 68375.8480  84.2%   4.2   55s
  9329  6337 69498.2444   64    3 433956.000 68375.8480  84.2%   4.3   60s
 10647  7020 68486.0235   29   16 433956.000 68380.6878  84.2%   4.2   65s
 12044  7458 70497.8637   85    1 433956.000 68400.2118  84.2%   4.0   70s
 13036  8294 70521.8812   82    4 433956.000 68403.5595  84.2%   4.0   75s
 14232  9584 93327.0000   86    - 433956.000 68403.5595  84.2%   4.0   80s
 15801 10586 70215.2474   86    2 433956.000 68403.5595  84.2%   3.9   85s
 16874 11680 84096.0000   90    - 433956.000 68403.5595  84.2%   3.8   90s
 17452 11867 68590.3038   27   13 433956.000 68427.3240  84.2%   3.8   95s
 17880 12234 68557.1193   31   19 433956.000 68427.3240  84.2%   3.9  102s
 17945 12271 68560.0514   32   18 433956.000 68427.3240  84.2%   3.9  106s
 18005 12512 68586.7372   33   20 433956.000 68427.3240  84.2%   3.9  110s
 18820 13015 69258.0859   46    1 433956.000 68427.3240  84.2%   3.8  116s
 19092 13410 69536.5008   48    6 433956.000 68427.3240  84.2%   3.9  123s
 19459 13871 70172.9915   73    6 433956.000 68427.3240  84.2%   3.8  127s
 20087 14172 68652.6617   31   18 433956.000 68427.3240  84.2%   3.8  132s
 20448 14510 68867.4128   36   13 433956.000 68427.3240  84.2%   3.8  137s
 20875 15027 69115.3074   47    6 433956.000 68427.3240  84.2%   3.8  141s
 21629 15603 68657.6506   21   12 433956.000 68435.3355  84.2%   3.8  146s
 22154 16302 69265.0725   31    1 433956.000 68435.3355  84.2%   3.8  150s
 23512 17315 69089.4398   47    3 433956.000 68452.3406  84.2%   3.7  155s
 24870 18020 69492.0936   36    1 433956.000 68453.3626  84.2%   3.7  160s
 25445 18795 69339.5791   49    2 433956.000 68454.9745  84.2%   3.7  165s
 27498 20846 69336.5137   73    1 433956.000 68466.5536  84.2%   3.6  173s
 28637 21614 68782.9668   23   11 433956.000 68470.5942  84.2%   3.6  177s
 29716 22740 69335.2978   47    6 433956.000 68470.5942  84.2%   3.6  185s
 31843 24211 70797.0828   78    3 433956.000 68470.5942  84.2%   3.5  193s
 33645 25248 68699.5105   23   14 433956.000 68470.5942  84.2%   3.5  200s
 34820 26301 68961.9371   28    5 433956.000 68470.5942  84.2%   3.6  207s
 36624 26831 69647.0000   76   15 433956.000 68470.5942  84.2%   3.5  229s
 36626 26832 69877.0000   58   23 433956.000 68470.5942  84.2%   3.5  236s
 36627 26833 69536.0000   84   23 433956.000 68470.5942  84.2%   3.5  240s
 36632 26836 69303.0000   35   24 433956.000 68470.5942  84.2%   3.5  246s
H36632 25494                    345635.00000 68470.5942  80.2%   3.5  249s
 36637 25498 68533.1172   27   24 345635.000 68470.5942  80.2%   3.5  250s
 36639 25499 69529.3037   59   24 345635.000 68470.5942  80.2%   3.5  255s
 36643 25502 69619.0000   65   23 345635.000 68470.5942  80.2%   3.5  260s
 36646 25504 70292.0000   82   24 345635.000 68470.5942  80.2%   3.5  265s
H36649 24230                    320639.00000 68470.5942  78.6%   3.5  269s
 36651 24231 69762.0000   53   23 320639.000 68470.5942  78.6%   3.5  271s
 36653 24232 70828.4067   61   23 320639.000 68470.5942  78.6%   3.5  276s
H36653 23020                    262905.00000 68470.5942  74.0%   3.5  279s
 36655 23022 69858.0819   77   25 262905.000 68470.5942  74.0%   3.5  281s
 36657 23023 71307.8393   78   25 262905.000 68470.5942  74.0%   3.5  286s
 36665 23037 68470.5942   29   24 262905.000 68470.5942  74.0%   3.5  290s
 36721 23099 68470.5942   32   22 262905.000 68470.5942  74.0%   3.6  296s
 36907 23223 68617.1820   35   19 262905.000 68470.5942  74.0%   3.7  303s
 36939 23249 68470.5942   36   22 262905.000 68470.5942  74.0%   3.7  308s
 36976 23364 68573.2002   36   20 262905.000 68470.5942  74.0%   3.8  310s
 37187 23465 68622.2468   37   20 262905.000 68470.5942  74.0%   3.8  315s
 37446 23573 68476.0679   39   20 262905.000 68470.5942  74.0%   3.9  321s
 37478 23604 68622.8231   39   21 262905.000 68470.5942  74.0%   3.9  325s
 37714 23726 70315.0000   69    - 262905.000 68470.5942  74.0%   4.0  330s
 37932 23951 68531.0467   42   19 262905.000 68470.5942  74.0%   4.0  336s
 38355 24253 68543.7483   44   21 262905.000 68470.5942  74.0%   4.0  341s
 38681 24314 94808.7708   99    1 262905.000 68470.5942  74.0%   4.1  345s
 39057 24507 107034.000  101    - 262905.000 68470.5942  74.0%   4.1  350s
 39334 24727 69048.9537   49    9 262905.000 68470.5942  74.0%   4.2  355s
 39734 24989 69048.4654   51   11 262905.000 68470.5942  74.0%   4.2  360s
 40095 25081 68543.2484   48   17 262905.000 68470.5942  74.0%   4.2  365s
 40581 25332 69911.9341   67    3 262905.000 68470.5942  74.0%   4.2  370s
 40952 25593 70463.0749   64    4 262905.000 68470.5942  74.0%   4.3  375s
 41452 25949 70929.2335   72    3 262905.000 68470.5942  74.0%   4.3  382s
 41893 26146 71518.2128   79    4 262905.000 68470.5942  74.0%   4.3  387s
 42281 26387 72544.4529   87    7 262905.000 68480.6510  74.0%   4.3  392s
 42699 26694 77394.4096   94    1 262905.000 68489.4878  73.9%   4.4  397s
 43279 26914 68529.1915   47   18 262905.000 68490.0102  73.9%   4.4  402s
 43845 27056 68611.7140   50   16 262905.000 68490.0102  73.9%   4.4  408s
 44191 27427 68688.2295   51   14 262905.000 68496.5945  73.9%   4.4  413s
 44793 27355 68767.7739   57   12 262905.000 68496.5945  73.9%   4.4  420s
 44897 27485 68789.3676   58   11 262905.000 68496.5945  73.9%   4.4  428s
 45102 27869 68792.1438   59   11 262905.000 68496.5945  73.9%   4.4  437s
 45756 27979 68794.0314   60   10 262905.000 68496.5945  73.9%   4.4  443s
 46040 27933 72652.3695   97    1 262905.000 68496.5945  73.9%   4.4  446s
 46093 28402 69142.0843   66   10 262905.000 68496.5945  73.9%   4.4  450s
 46822 28736 70284.5974   93    4 262905.000 68510.8934  73.9%   4.4  457s
 47490 29165 68669.6856   48   15 262905.000 68510.8934  73.9%   4.5  462s
 48226 29202 68949.2063   53   10 262905.000 68510.8934  73.9%   4.5  470s
 48545 29629 69909.5529   63    1 262905.000 68510.8934  73.9%   4.5  478s
 49350 29970 70363.0053   84    3 262905.000 68510.8934  73.9%   4.5  485s
 50248 29918 71545.0000   94    - 262905.000 68552.3461  73.9%   4.5  493s
 50293 30133 71701.4620   95    3 262905.000 68552.6486  73.9%   4.5  502s
 50764 30118 69054.1794   53   10 262905.000 68552.6486  73.9%   4.5  505s
 50810 30714 68754.4909   41   14 262905.000 68552.6486  73.9%   4.5  511s
 51610 30971 69397.2543   60    6 262905.000 68552.6486  73.9%   4.5  520s
 52220 31554 69420.2999   61    7 262905.000 68552.6486  73.9%   4.5  528s
 53335 32186 68611.1087   52   18 262905.000 68559.0303  73.9%   4.5  536s
 54554 32055 68955.7634   58   16 262905.000 68560.5679  73.9%   4.5  545s
 54701 32671 68990.2486   59   13 262905.000 68560.5679  73.9%   4.5  555s
 55742 33473 68994.6110   60   17 262905.000 68560.5679  73.9%   4.5  565s
 57008 34016 69755.7012   79    2 262905.000 68560.5679  73.9%   4.5  574s
 57603 33929 69523.0849   63    2 262905.000 68560.5679  73.9%   4.5  575s
 58488 34989 69052.7615   46   10 262905.000 68560.5679  73.9%   4.5  583s
 59087 34873 69608.0000   64    - 262905.000 68575.4104  73.9%   4.5  585s
 60001 35479 69013.5430   60   11 262905.000 68580.0310  73.9%   4.5  592s
 61146 35991 68914.2761   39   12 262905.000 68596.9499  73.9%   4.5  600s

Cutting planes:
  MIR: 10
  Flow cover: 7

Explored 62138 nodes (277699 simplex iterations) in 603.73 seconds (235.03 work units)
Thread count was 32 (of 32 available processors)

Solution count 7: 262905 320639 345635 ... 668034

Time limit reached
Best objective 2.629050000000e+05, best bound 6.859694989494e+04, gap 73.9081%

User-callback calls 169541, time in user-callback 225.52 sec
