
Gurobi 13.0.2 (win64) logging started Sat Jul 18 02:16:29 2026

Set parameter LogFile to value "logs/kstar_nI40_nJ40_nK50_nL5_tI6_tJ6_s1_m1_exact_s0_20260718-021629.gurobi.log"
Set parameter Seed to value 0
Set parameter TimeLimit to value 599.9752951
Set parameter MIPGap to value 0
Set parameter MIPGapAbs to value 0.5
Set parameter Cutoff to value 1e+100
Gurobi Optimizer version 13.0.2 build v13.0.2rc1 (win64 - Windows 11+.0 (26200.2))

CPU model: Intel(R) Core(TM) i9-14900HX, instruction set [SSE2|AVX|AVX2]
Thread count: 24 physical cores, 32 logical processors, using up to 32 threads

Non-default parameters:
TimeLimit  599.9752951
MIPGap  0
MIPGapAbs  0.5
PreCrush  1
LazyConstraints  1

Optimize a model with 10 rows, 85 columns and 400 nonzeros (Min)
Model fingerprint: 0x352cf72b
Model has 85 linear objective coefficients
Variable types: 5 continuous, 80 integer (80 binary)
Coefficient statistics:
  Matrix range     [6e+00, 7e+02]
  Objective range  [1e+00, 5e+02]
  Bounds range     [1e+00, 4e+03]
  RHS range        [6e+02, 7e+02]

Using branch priorities.
Presolve removed 8 rows and 0 columns
Presolve time: 0.00s
Presolved: 2 rows, 85 columns, 80 nonzeros
Variable types: 5 continuous, 80 integer (80 binary)

Root relaxation: objective 1.976339e+04, 3 iterations, 0.00 seconds (0.00 work units)

    Nodes    |    Current Node    |     Objective Bounds      |     Work
 Expl Unexpl |  Obj  Depth IntInf | Incumbent    BestBd   Gap | It/Node Time

     0     0 19763.3898    0    2          - 19763.3898      -     -    0s
H    0     0                    86456.000000 19763.3898  77.1%     -    0s
H    0     0                    83996.000000 19763.3898  76.5%     -    0s
H    0     0                    80039.000000 19763.3898  75.3%     -    0s
H    0     0                    74570.000000 19763.3898  73.5%     -    0s
     0     0 19996.9693    0    6 74570.0000 19996.9693  73.2%     -    0s
     0     0 20036.7573    0    5 74570.0000 20036.7573  73.1%     -    0s
H    0     0                    73779.000000 20039.6904  72.8%     -    0s
     0     0 20070.8431    0    7 73779.0000 20070.8431  72.8%     -    0s
H    0     0                    61202.000000 20070.8431  67.2%     -    0s
     0     0 20125.2089    0    9 61202.0000 20125.2089  67.1%     -    0s
     0     0 20141.1061    0   11 61202.0000 20141.1061  67.1%     -    0s
     0     0 20186.7786    0   10 61202.0000 20186.7786  67.0%     -    0s
     0     0 20211.9065    0   12 61202.0000 20211.9065  67.0%     -    0s
     0     0 20211.9860    0   12 61202.0000 20211.9860  67.0%     -    0s
     0     2 20239.9119    0   13 61202.0000 20239.9119  66.9%     -    0s
H 3971  3468                    58016.000000 20378.5019  64.9%   3.5    4s
H 3980  3300                    49200.000000 20399.2757  58.5%   3.5    5s
  5449  4498 20896.1821   37   13 49200.0000 20460.2929  58.4%   5.6   10s
  9782  6873 28183.0000   85    - 49200.0000 20520.8601  58.3%   5.4   15s
 14614  9712 21110.0823   33    9 49200.0000 20588.6080  58.2%   5.5   20s
 17484 12152 34229.0000   89    - 49200.0000 20631.0948  58.1%   5.5   25s
 20874 15503 21196.0320   26   15 49200.0000 20642.9739  58.0%   5.6   30s
 26296 19692 21244.0232   38   15 49200.0000 20673.7715  58.0%   5.7   35s
 28703 22325 21369.4516   38   16 49200.0000 20678.8204  58.0%   5.8   40s
 33125 26956 21640.7518   42   15 49200.0000 20705.1607  57.9%   5.8   46s
 36290 29885 21653.2092   44   14 49200.0000 20706.5676  57.9%   5.9   50s
 39762 32843 21340.6781   33   18 49200.0000 20727.7240  57.9%   5.9   55s
 43127 36180 22998.2866   58    6 49200.0000 20737.5202  57.9%   6.0   60s
 47303 40161 26962.0000   84    - 49200.0000 20762.5424  57.8%   6.1   65s
 52219 44399 25330.7089   74    1 49200.0000 20764.4468  57.8%   6.0   70s
 56235 47889 21181.7889   32   17 49200.0000 20778.7702  57.8%   6.1   77s
 58289 49627 21573.5476   47   11 49200.0000 20778.7702  57.8%   6.1   80s
 62608 53703 21404.0562   32    8 49200.0000 20800.8736  57.7%   6.2   86s
 65024 54087 21596.7216   39   11 49200.0000 20800.8736  57.7%   6.2   90s
 66151 55873 21547.7847   31   18 49200.0000 20801.3804  57.7%   6.2   97s
 67354 56761 21291.1052   32   22 49200.0000 20802.6862  57.7%   6.2  100s
 70034 59556 21575.9975   36   19 49200.0000 20810.9077  57.7%   6.2  108s
 71590 61065 21620.7630   30   16 49200.0000 20814.1932  57.7%   6.2  112s
 73534 63386 23695.2915   69    2 49200.0000 20817.8756  57.7%   6.2  116s
 76109 65624 21933.7410   38    9 49200.0000 20825.5953  57.7%   6.2  121s
 78594 67422 21389.4439   28   25 49200.0000 20828.5730  57.7%   6.3  125s
 82061 69726 21238.6274   30   21 49200.0000 20830.6730  57.7%   6.2  130s
 86932 72590 21361.3019   39   12 49200.0000 20844.5613  57.6%   6.2  143s
 86934 72591 21782.8108   58   27 49200.0000 20844.5613  57.6%   6.2  145s
H86935 68962                    48182.000000 20844.5613  56.7%   6.2  149s
 86939 68965 22362.0173   55   30 48182.0000 20844.5613  56.7%   6.2  151s
 86942 68967 21094.5375   29   30 48182.0000 20844.5613  56.7%   6.2  156s
 86945 68969 22465.1564   56   31 48182.0000 20844.5613  56.7%   6.2  161s
 86949 68974 20844.5613   30   33 48182.0000 20844.5613  56.7%   6.2  165s
 87043 69122 21060.6289   36   32 48182.0000 20876.6302  56.7%   6.2  171s
 87162 69247 21197.1201   37   29 48182.0000 20876.6302  56.7%   6.3  175s
 87975 69763 21521.8358   44   23 48182.0000 20876.6302  56.7%   6.4  180s
 88672 70253 21782.6508   49   20 48182.0000 20876.6302  56.7%   6.4  186s
 89521 70793 22229.1980   55   12 48182.0000 20910.4625  56.6%   6.4  191s
 90761 71481 23246.5691   65    6 48182.0000 20964.5832  56.5%   6.4  196s
 92159 72477 21231.7797   38   22 48182.0000 21026.5972  56.4%   6.4  201s
 93381 73210 21288.8591   37   23 48182.0000 21034.0746  56.3%   6.5  205s
 95519 74427 22002.1330   51   13 48182.0000 21048.2325  56.3%   6.5  211s
 97041 75472 21328.4238   43   23 48182.0000 21048.2325  56.3%   6.5  215s
 98981 76736 23538.8268   87    4 48182.0000 21058.6604  56.3%   6.6  220s
 101207 77090 21348.8965   39   24 48182.0000 21096.0986  56.2%   6.6  226s
 101276 77571 21452.7351   41   22 48182.0000 21096.0986  56.2%   6.6  231s
 102560 78434 21490.3861   43   20 48182.0000 21096.0986  56.2%   6.6  237s
 103483 79194 21623.5964   44   18 48182.0000 21096.0986  56.2%   6.6  240s
 105564 80551 21730.5809   46   15 48182.0000 21096.0986  56.2%   6.7  246s
 106902 81162 21754.1129   47   13 48182.0000 21096.0986  56.2%   6.7  250s
 109767 82992 21480.1984   42   29 48182.0000 21165.9284  56.1%   6.7  257s
 111408 83829 22320.1144   58   16 48182.0000 21169.3133  56.1%   6.7  261s
 114270 85289 21489.3211   40   24 48182.0000 21214.0486  56.0%   6.7  268s
 115396 86288 22021.7401   52   14 48182.0000 21214.0486  56.0%   6.8  271s
 117120 86939 23163.1817   78    2 48182.0000 21214.0486  56.0%   6.8  276s
 119269 87614 22149.5116   49   20 48182.0000 21214.0486  56.0%   6.8  280s
 121693 89839 21726.5347   45   21 48182.0000 21214.0486  56.0%   6.8  288s
 123407 90926 21416.3297   42   19 48182.0000 21251.1510  55.9%   6.8  293s
 125453 92080 21567.3183   44   20 48182.0000 21278.0838  55.8%   6.8  297s
 127518 93278 21848.0199   44   19 48182.0000 21278.0838  55.8%   6.8  302s
 129616 94365 21909.3348   52   24 48182.0000 21290.1352  55.8%   6.9  307s
 131638 94101 21804.9667   43   18 48182.0000 21295.0415  55.8%   6.9  312s
 131893 95262 21828.7151   44   17 48182.0000 21295.0415  55.8%   6.9  317s
 133521 96686 21632.2036   45   18 48182.0000 21295.7223  55.8%   6.9  323s
 135752 97995 22406.4384   54   12 48182.0000 21311.0392  55.8%   6.9  330s
 138175 99148 22038.8949   50   18 48182.0000 21315.9543  55.8%   6.9  335s
 140266 100780 21583.4102   40   17 48182.0000 21315.9543  55.8%   6.9  341s
 143006 102198 21750.3024   50   19 48182.0000 21323.9986  55.7%   6.9  348s
 145547 103939 22574.1952   61   11 48182.0000 21329.9826  55.7%   6.9  354s
 148587 103473 23318.0000   84    - 48182.0000 21338.7823  55.7%   6.9  360s
 148826 104909 21460.3738   40   22 48182.0000 21338.9167  55.7%   6.9  367s
 150589 106433 21748.0166   46   21 48182.0000 21339.2199  55.7%   7.0  374s
 153073 107671 21491.7811   42   21 48182.0000 21344.0012  55.7%   7.0  381s
 155321 109602 21891.7123   51   14 48182.0000 21349.8147  55.7%   7.0  389s
 158429 110930 27461.0000  107    - 48182.0000 21357.3059  55.7%   7.0  397s
 161278 110710 22265.7023   59    8 48182.0000 21357.3059  55.7%   7.0  403s
 161794 112593 22961.6462   60    9 48182.0000 21363.2662  55.7%   7.0  412s
 164402 113962 21623.8881   45   28 48182.0000 21364.4927  55.7%   7.0  421s
 166804 115727 22509.6470   62    9 48182.0000 21364.4927  55.7%   7.0  431s
 169908 117899 22422.4222   56    5 48182.0000 21371.5991  55.6%   7.0  441s
 173652 119810 21631.2724   44   23 48182.0000 21380.8857  55.6%   7.0  451s
 177331 121337 22117.4259   57   16 48182.0000 21386.3848  55.6%   7.0  461s
 181328 123661 21884.6877   52   19 48182.0000 21391.0108  55.6%   7.0  471s
 184986 124867 22018.5600   53   17 48182.0000 21397.2603  55.6%   7.0  480s
 187423 126849 22291.2272   61    5 48182.0000 21402.9640  55.6%   7.0  490s
 191278 128693 21710.7394   45   16 48182.0000 21404.8120  55.6%   7.0  500s
 194425 130639 22874.0543   81    3 48182.0000 21405.7815  55.6%   7.0  510s
 197870 132609 22117.5978   54   16 48182.0000 21411.8076  55.6%   7.0  519s
 200090 132104 21642.0584   41   21 48182.0000 21412.1092  55.6%   7.0  520s
 201308 134043 21746.7884   43   20 48182.0000 21414.8071  55.6%   7.0  529s
 204075 135355 22244.3974   52   15 48182.0000 21419.0941  55.5%   7.0  539s
 206632 134970 23037.5063   65    6 48182.0000 21419.7877  55.5%   7.0  540s
 207051 136738 21881.3443   47   23 48182.0000 21419.7877  55.5%   7.0  551s
 209358 138657 22717.9834   69    2 48182.0000 21419.7877  55.5%   7.1  561s
 212621 138166 21612.1715   43   20 48182.0000 21425.7955  55.5%   7.1  570s
 212898 139440 21788.6858   44   21 48182.0000 21426.2194  55.5%   7.1  579s
 214602 140350 23901.9247   68    1 48182.0000 21426.2194  55.5%   7.1  589s
 216314 142116 21724.6576   42   20 48182.0000 21426.7734  55.5%   7.1  599s
 218807 141604 21977.8903   47   20 48182.0000 21428.7607  55.5%   7.1  600s

Cutting planes:
  Gomory: 4
  MIR: 1
  StrongCG: 3

Explored 219151 nodes (1545734 simplex iterations) in 600.96 seconds (260.71 work units)
Thread count was 32 (of 32 available processors)

Solution count 8: 48182 49200 58016 ... 86456

Time limit reached
Best objective 4.818200000000e+04, best bound 2.142876066819e+04, gap 55.5254%

User-callback calls 461206, time in user-callback 57.22 sec
