
Gurobi 13.0.2 (win64) logging started Wed Jul 15 20:48:17 2026

Set parameter LogFile to value "logs/kstar_nI20_nJ40_nK50_nL10_tI3_tJ3_s2_m0_exact_s0_20260715-204817.gurobi.log"
Set parameter Seed to value 0
Set parameter TimeLimit to value 599.9629038
Set parameter NodefileStart to value 4
Set parameter MIPGap to value 0
Set parameter MIPGapAbs to value 0.9999
Set parameter Cutoff to value 1e+100
Gurobi Optimizer version 13.0.2 build v13.0.2rc1 (win64 - Windows 11+.0 (26200.2))

CPU model: Intel(R) Core(TM) i9-14900HX, instruction set [SSE2|AVX|AVX2]
Thread count: 24 physical cores, 32 logical processors, using up to 32 threads

Non-default parameters:
TimeLimit  599.9629038
MIPGap  0
MIPGapAbs  0.9999
NodefileStart  4

Optimize a model with 1500 rows, 28060 columns and 76600 nonzeros (Min)
Model fingerprint: 0xb33b094a
Model has 28060 linear objective coefficients
Variable types: 28000 continuous, 60 integer (60 binary)
Coefficient statistics:
  Matrix range     [1e+00, 6e+02]
  Objective range  [1e+00, 5e+02]
  Bounds range     [1e+00, 1e+00]
  RHS range        [5e+00, 2e+01]

Using branch priorities.
Found heuristic solution: objective 625947.00000
Presolve time: 0.05s
Presolved: 1500 rows, 28060 columns, 76600 nonzeros
Variable types: 28000 continuous, 60 integer (60 binary)

Root relaxation: objective 4.515872e+04, 1382 iterations, 0.01 seconds (0.02 work units)

    Nodes    |    Current Node    |     Objective Bounds      |     Work
 Expl Unexpl |  Obj  Depth IntInf | Incumbent    BestBd   Gap | It/Node Time

     0     0 45158.7152    0   60 625947.000 45158.7152  92.8%     -    0s
H    0     0                    60474.714403 45158.7152  25.3%     -    0s
H    0     0                    60458.714403 45158.7152  25.3%     -    0s
     0     0 58049.3116    0   25 60458.7144 58049.3116  3.99%     -    0s
H    0     0                    59951.000000 58059.9532  3.15%     -    0s
     0     0 58115.6123    0   21 59951.0000 58115.6123  3.06%     -    0s
     0     0 58116.2580    0   23 59951.0000 58116.2580  3.06%     -    0s
     0     0 58892.7893    0   16 59951.0000 58892.7893  1.77%     -    0s
H    0     0                    59101.000000 58895.3719  0.35%     -    0s
     0     0 58938.1140    0   25 59101.0000 58938.1140  0.28%     -    0s
     0     0 58952.9528    0   15 59101.0000 58952.9528  0.25%     -    0s
     0     0 58953.8366    0    8 59101.0000 58953.8366  0.25%     -    0s
     0     0 59046.3077    0    2 59101.0000 59046.3077  0.09%     -    0s
H    0     0                    59060.000000 59047.0449  0.02%     -    0s
     0     0 59047.0449    0    2 59060.0000 59047.0449  0.02%     -    0s
     0     0     cutoff    0      59060.0000 59060.0000  0.00%     -    0s

Cutting planes:
  Implied bound: 414
  MIR: 25
  Flow cover: 229
  Relax-and-lift: 24

Explored 1 nodes (2662 simplex iterations) in 0.49 seconds (0.51 work units)
Thread count was 32 (of 32 available processors)

Solution count 3: 59060 59951 60458.7 

Optimal solution found (tolerance 0.00e+00)
Best objective 5.906000000000e+04, best bound 5.906000000000e+04, gap 0.0000%
