
Gurobi 13.0.2 (win64) logging started Wed Jul 15 20:47:41 2026

Set parameter LogFile to value "logs/kstar_nI20_nJ40_nK100_nL10_tI4_tJ4_s4_m0_exact_s0_20260715-204741.gurobi.log"
Set parameter Seed to value 0
Set parameter TimeLimit to value 599.9319808
Set parameter NodefileStart to value 4
Set parameter MIPGap to value 0
Set parameter MIPGapAbs to value 0.9999
Set parameter Cutoff to value 1e+100
Gurobi Optimizer version 13.0.2 build v13.0.2rc1 (win64 - Windows 11+.0 (26200.2))

CPU model: Intel(R) Core(TM) i9-14900HX, instruction set [SSE2|AVX|AVX2]
Thread count: 24 physical cores, 32 logical processors, using up to 32 threads

Non-default parameters:
TimeLimit  599.9319808
MIPGap  0
MIPGapAbs  0.9999
NodefileStart  4

Optimize a model with 2000 rows, 48060 columns and 136600 nonzeros (Min)
Model fingerprint: 0x5fca824f
Model has 48060 linear objective coefficients
Variable types: 48000 continuous, 60 integer (60 binary)
Coefficient statistics:
  Matrix range     [1e+00, 1e+03]
  Objective range  [1e+00, 5e+02]
  Bounds range     [1e+00, 1e+00]
  RHS range        [5e+00, 2e+01]

Using branch priorities.
Found heuristic solution: objective 1231152.0000
Presolve time: 0.12s
Presolved: 2000 rows, 48060 columns, 136600 nonzeros
Variable types: 48000 continuous, 60 integer (60 binary)
Deterministic concurrent LP optimizer: primal and dual simplex
Showing primal log only...

Concurrent spin time: 0.01s

Solved with dual simplex

Root relaxation: objective 8.748042e+04, 2016 iterations, 0.07 seconds (0.07 work units)

    Nodes    |    Current Node    |     Objective Bounds      |     Work
 Expl Unexpl |  Obj  Depth IntInf | Incumbent    BestBd   Gap | It/Node Time

     0     0 87480.4224    0   59 1231152.00 87480.4224  92.9%     -    0s
H    0     0                    102380.90491 87480.4224  14.6%     -    0s
     0     0 100275.934    0   13 102380.905 100275.934  2.06%     -    0s
H    0     0                    102356.34244 101520.261  0.82%     -    0s
     0     0 101520.261    0    8 102356.342 101520.261  0.82%     -    0s
     0     0 101526.482    0    8 102356.342 101526.482  0.81%     -    0s
*    0     0               0    101781.00000 101781.000  0.00%     -    0s

Cutting planes:
  Implied bound: 858
  MIR: 28
  Flow cover: 329
  Relax-and-lift: 16

Explored 1 nodes (2993 simplex iterations) in 0.74 seconds (0.68 work units)
Thread count was 32 (of 32 available processors)

Solution count 1: 101781 

Optimal solution found (tolerance 0.00e+00)
Best objective 1.017810000000e+05, best bound 1.017810000000e+05, gap 0.0000%
