
Gurobi 13.0.2 (win64) logging started Fri Jul 17 07:37:06 2026

Set parameter LogFile to value "logs/kstar_nI40_nJ20_nK50_nL5_tI3_tJ3_s5_m1_exact_s0_20260717-073706.gurobi.log"
Set parameter Seed to value 0
Set parameter TimeLimit to value 599.9863503
Set parameter MIPGap to value 0
Set parameter MIPGapAbs to value 0.5
Set parameter Cutoff to value 1e+100
Gurobi Optimizer version 13.0.2 build v13.0.2rc1 (win64 - Windows 11+.0 (26200.2))

CPU model: Intel(R) Core(TM) i9-14900HX, instruction set [SSE2|AVX|AVX2]
Thread count: 24 physical cores, 32 logical processors, using up to 32 threads

Non-default parameters:
TimeLimit  599.9863503
MIPGap  0
MIPGapAbs  0.5
PreCrush  1
LazyConstraints  1

Optimize a model with 10 rows, 65 columns and 300 nonzeros (Min)
Model fingerprint: 0x9378b2e6
Model has 65 linear objective coefficients
Variable types: 5 continuous, 60 integer (60 binary)
Coefficient statistics:
  Matrix range     [3e+00, 6e+02]
  Objective range  [1e+00, 5e+02]
  Bounds range     [1e+00, 5e+03]
  RHS range        [6e+02, 6e+02]

Using branch priorities.
Presolve removed 1 rows and 0 columns
Presolve time: 0.00s
Presolved: 9 rows, 65 columns, 280 nonzeros
Variable types: 5 continuous, 60 integer (60 binary)

Root relaxation: objective 2.596719e+04, 13 iterations, 0.00 seconds (0.00 work units)

    Nodes    |    Current Node    |     Objective Bounds      |     Work
 Expl Unexpl |  Obj  Depth IntInf | Incumbent    BestBd   Gap | It/Node Time

     0     0 25967.1865    0    4          - 25967.1865      -     -    0s
H    0     0                    112147.00000 25967.1865  76.8%     -    0s
H    0     0                    110618.00000 25967.1865  76.5%     -    0s
H    0     0                    104291.00000 25967.1865  75.1%     -    0s
H    0     0                    98178.000000 25967.1865  73.6%     -    0s
H    0     0                    91305.000000 25967.1865  71.6%     -    0s
     0     0 26002.4388    0    5 91305.0000 26002.4388  71.5%     -    0s
     0     0 26035.4908    0    7 91305.0000 26035.4908  71.5%     -    0s
     0     0 26083.3371    0   12 91305.0000 26083.3371  71.4%     -    0s
     0     0 26110.1356    0   11 91305.0000 26110.1356  71.4%     -    0s
     0     0 26132.0330    0   11 91305.0000 26132.0330  71.4%     -    0s
     0     0 26141.8851    0   14 91305.0000 26141.8851  71.4%     -    0s
     0     0 26176.4289    0   12 91305.0000 26176.4289  71.3%     -    0s
     0     0 26183.3614    0   14 91305.0000 26183.3614  71.3%     -    0s
     0     0 26206.9556    0   13 91305.0000 26206.9556  71.3%     -    0s
     0     0 26218.0869    0   14 91305.0000 26218.0869  71.3%     -    0s
     0     0 26239.3396    0   15 91305.0000 26239.3396  71.3%     -    0s
     0     0 26242.6619    0   16 91305.0000 26242.6619  71.3%     -    0s
     0     0 26245.3881    0   16 91305.0000 26245.3881  71.3%     -    0s
     0     2 26245.8781    0   16 91305.0000 26245.8781  71.3%     -    0s
H 3984  3349                    74250.000000 26435.7013  64.4%   3.1    1s
H 3984  3182                    73912.000000 26435.7013  64.2%   3.1    1s
H 3994  3028                    70329.000000 26435.7013  62.4%   3.1    2s
H 4000  2880                    60867.000000 26435.7013  56.6%   3.0    3s
H 4001  2883                    58111.000000 26435.7013  54.5%   3.1    3s
  5368  3880 27497.0295   28    7 58111.0000 26435.7013  54.5%   4.3    5s
 11439  6971 27296.1165   29   11 58111.0000 26657.0680  54.1%   3.9   10s
 18253 12298 27548.6859   28    5 58111.0000 26783.7806  53.9%   3.9   15s
 21238 14771 27344.6700   23   13 58111.0000 26819.8239  53.8%   3.9   20s
 27545 20356 28255.0264   31    2 58111.0000 26866.0870  53.8%   3.9   25s
 33814 25820 27597.2812   23   14 58111.0000 26900.4414  53.7%   4.0   30s
 39885 30864 27945.3857   26    4 58111.0000 26953.2126  53.6%   4.1   36s
 43263 33854 27518.3405   21   15 58111.0000 26961.7218  53.6%   4.1   40s
 48501 37976 28039.6704   28    4 58111.0000 26995.8951  53.5%   4.1   46s
 50143 39054 28576.9405   36    2 58111.0000 26999.5351  53.5%   4.2   50s
 51955 40885 27847.8297   28   14 58111.0000 27012.4527  53.5%   4.2   55s
 54706 43478 27667.0151   25   15 58111.0000 27031.3767  53.5%   4.2   60s
 57939 46325 27904.9776   27   14 58111.0000 27037.5831  53.5%   4.2   66s
 61370 49215 29385.8078   44    4 58111.0000 27056.7564  53.4%   4.2   71s
 65353 51946 30494.3088   49    1 58111.0000 27071.5091  53.4%   4.2   77s
 67723 54071 27375.1287   25   17 58111.0000 27078.7090  53.4%   4.2   80s
 72037 56239 29844.4364   49   16 58111.0000 27088.3854  53.4%   4.2   93s
 72039 56240 34101.0000   61   27 58111.0000 27088.3854  53.4%   4.2   95s
 72044 56244 29570.0000   53   33 58111.0000 27088.3854  53.4%   4.2  100s
 72049 56247 29577.5261   58   31 58111.0000 27088.3854  53.4%   4.2  105s
 72052 56249 29376.0000   53   32 58111.0000 27088.3854  53.4%   4.2  110s
 72057 56252 30867.7348   48   31 58111.0000 27088.3854  53.4%   4.2  115s
 72122 56329 27525.8887   27   20 58111.0000 27088.3854  53.4%   4.3  121s
 72416 56525 28378.1310   30   16 58111.0000 27088.3854  53.4%   4.4  125s
 72777 56842 29600.8977   35    9 58111.0000 27088.3854  53.4%   4.4  130s
 73631 57313 30494.3623   47    4 58111.0000 27088.3854  53.4%   4.4  135s
 75246 58314 27461.8083   32   17 58111.0000 27088.3854  53.4%   4.5  140s
 77387 59762 28064.3185   38    9 58111.0000 27088.3854  53.4%   4.5  146s
 79415 60771 31992.0000   76    - 58111.0000 27235.2625  53.1%   4.6  150s
 81840 61487 27565.4703   31   18 58111.0000 27236.2467  53.1%   4.6  155s
 82622 62716 27755.8094   33   18 58111.0000 27302.9922  53.0%   4.6  160s
 84773 63735 28062.0934   39   14 58111.0000 27342.5694  52.9%   4.6  165s
 87190 64940 27986.0830   34   17 58111.0000 27408.1637  52.8%   4.7  170s
 89683 66371 27880.6022   35   21 58111.0000 27465.8897  52.7%   4.7  175s
 92124 67777 27846.2691   32   19 58111.0000 27530.6351  52.6%   4.8  180s
 95077 69322 27782.8259   32   18 58111.0000 27551.0875  52.6%   4.8  185s
 97776 69769 28191.3949   43   17 58111.0000 27551.0875  52.6%   4.9  191s
 98086 70512 27811.7759   33   18 58111.0000 27551.0875  52.6%   4.9  195s
 100187 71865 27729.8771   33   14 58111.0000 27575.5366  52.5%   4.9  201s
 101700 72471 29554.1851   58    4 58111.0000 27575.5366  52.5%   4.9  205s
 104487 74173 28048.6269   35   19 58111.0000 27590.5931  52.5%   5.0  212s
 106147 74994 28326.9607   41    9 58111.0000 27609.9462  52.5%   5.0  215s
 109218 76388 33473.0000   64    - 58111.0000 27618.9371  52.5%   5.0  222s
 110482 77571 27904.7274   33   18 58111.0000 27618.9371  52.5%   5.0  225s
 112432 78541 29084.4393   59    1 58111.0000 27636.6599  52.4%   5.1  230s
 116419 80934 29064.8387   57    3 58111.0000 27644.1135  52.4%   5.1  238s
 118622 82237 28119.6238   34   13 58111.0000 27657.2690  52.4%   5.1  242s
 121035 83108 28122.4766   36   17 58111.0000 27657.4681  52.4%   5.2  246s
 122934 84231 28490.6153   41    9 58111.0000 27672.7752  52.4%   5.2  250s
 127134 85009 28686.1743   40    7 58111.0000 27684.0526  52.4%   5.2  259s
 127166 86445 28742.8991   41    8 58111.0000 27684.0526  52.4%   5.2  265s
 129368 87938 28529.5460   39   14 58111.0000 27684.5143  52.4%   5.2  270s
 131899 89452 29159.8116   49    4 58111.0000 27695.1989  52.3%   5.3  276s
 134660 91001 29142.2813   51    5 58111.0000 27701.6231  52.3%   5.3  282s
 137445 92403 28300.1161   39   15 58111.0000 27711.8854  52.3%   5.3  288s
 140682 93972 28198.2576   33   16 58111.0000 27718.5060  52.3%   5.3  294s
 143475 95567 28260.3179   38   13 58111.0000 27725.4199  52.3%   5.3  301s
 146392 97201 29293.0000   69    - 58111.0000 27735.5137  52.3%   5.3  307s
 149424 98852 28908.8292   47   10 58111.0000 27741.6382  52.3%   5.4  314s
 152561 100408 29239.9405   58    8 58111.0000 27750.1275  52.2%   5.4  321s
 155565 101620 29161.8222   44   12 58111.0000 27756.1097  52.2%   5.4  328s
 158407 101306 29106.0178   51    8 58111.0000 27764.7297  52.2%   5.4  333s
 158549 102486 29112.9319   52    8 58111.0000 27764.8845  52.2%   5.4  340s
 160197 103788 29066.8020   51    6 58111.0000 27764.8845  52.2%   5.4  347s
 162470 105028 29013.3863   45   12 58111.0000 27768.5673  52.2%   5.5  355s
 165003 106530 28297.6008   36   14 58111.0000 27776.9627  52.2%   5.5  362s
 167654 107825 28254.1934   37   17 58111.0000 27783.8110  52.2%   5.5  370s
 170108 109190 29183.5910   55    2 58111.0000 27789.3012  52.2%   5.5  377s
 172906 110482 28371.6140   34   18 58111.0000 27792.8968  52.2%   5.5  386s
 175255 111601 30228.0000   54    - 58111.0000 27799.5808  52.2%   5.5  392s
 177703 112997 28338.9808   37   18 58111.0000 27803.2024  52.2%   5.5  401s
 180256 114636 28511.1877   36   19 58111.0000 27808.2567  52.1%   5.6  409s
 183085 116073 28472.6466   37   17 58111.0000 27814.4759  52.1%   5.6  417s
 185825 117770 28241.4042   32   19 58111.0000 27820.0037  52.1%   5.6  425s
 188829 118837 28786.8289   46   11 58111.0000 27825.4314  52.1%   5.6  432s
 191105 120270 28767.9118   35   15 58111.0000 27830.6207  52.1%   5.6  441s
 193754 121582 28493.6755   36   14 58111.0000 27834.3678  52.1%   5.6  450s
 196676 122879 29286.4404   59    3 58111.0000 27838.8075  52.1%   5.6  460s
 199298 123729 28741.4056   41   17 58111.0000 27843.9996  52.1%   5.7  468s
 202107 125463 28590.6210   35   12 58111.0000 27852.8546  52.1%   5.7  477s
 204884 126737 28594.6084   34   19 58111.0000 27853.6604  52.1%   5.7  485s
 207368 126302 29326.6127   45   15 58111.0000 27857.6877  52.1%   5.7  492s
 207400 126806 29472.6654   46   12 58111.0000 27857.6877  52.1%   5.7  499s
 208119 127363 28974.9889   46    8 58111.0000 27857.7328  52.1%   5.7  507s
 209042 128035 28954.7880   48    7 58111.0000 27858.7282  52.1%   5.7  515s
 210239 128614 29140.6305   44   12 58111.0000 27860.3537  52.1%   5.7  523s
 211437 129254 28723.4926   39   17 58111.0000 27862.1064  52.1%   5.7  532s
 212648 129763 33464.0000   69    - 58111.0000 27864.9754  52.0%   5.7  541s
 214378 130892 28294.9134   35   16 58111.0000 27866.9269  52.0%   5.7  550s
 216010 130780 33917.0000   78    - 58111.0000 27869.9936  52.0%   5.7  559s
 216353 131272 28812.9261   40   14 58111.0000 27869.9936  52.0%   5.7  567s
 217113 132212 28742.4949   36   17 58111.0000 27870.3166  52.0%   5.7  577s
 218525 133059 28950.4545   45   13 58111.0000 27871.5126  52.0%   5.7  587s
 220421 133927 28283.6845   34   22 58111.0000 27874.4496  52.0%   5.7  599s

Cutting planes:
  Gomory: 4
  MIR: 12
  Flow cover: 3

Explored 222078 nodes (1278573 simplex iterations) in 601.20 seconds (247.77 work units)
Thread count was 32 (of 32 available processors)

Solution count 9: 58111 70329 73912 ... 112147

Time limit reached
Best objective 5.811100000000e+04, best bound 2.787804828559e+04, gap 52.0262%

User-callback calls 462259, time in user-callback 30.70 sec
