
Gurobi 13.0.2 (win64) logging started Fri Jul 17 14:19:04 2026

Set parameter LogFile to value "logs/kstar_nI40_nJ40_nK100_nL10_tI6_tJ6_s5_m1_exact_s0_20260717-141904.gurobi.log"
Set parameter Seed to value 0
Set parameter TimeLimit to value 599.9299602
Set parameter MIPGap to value 0
Set parameter MIPGapAbs to value 0.5
Set parameter Cutoff to value 1e+100
Gurobi Optimizer version 13.0.2 build v13.0.2rc1 (win64 - Windows 11+.0 (26200.2))

CPU model: Intel(R) Core(TM) i9-14900HX, instruction set [SSE2|AVX|AVX2]
Thread count: 24 physical cores, 32 logical processors, using up to 32 threads

Non-default parameters:
TimeLimit  599.9299602
MIPGap  0
MIPGapAbs  0.5
PreCrush  1
LazyConstraints  1

Optimize a model with 20 rows, 90 columns and 800 nonzeros (Min)
Model fingerprint: 0x65b9ee43
Model has 90 linear objective coefficients
Variable types: 10 continuous, 80 integer (80 binary)
Coefficient statistics:
  Matrix range     [7e+00, 1e+03]
  Objective range  [1e+00, 5e+02]
  Bounds range     [1e+00, 8e+03]
  RHS range        [1e+03, 1e+03]

Using branch priorities.
Presolve removed 18 rows and 0 columns
Presolve time: 0.00s
Presolved: 2 rows, 90 columns, 80 nonzeros
Variable types: 10 continuous, 80 integer (80 binary)

Root relaxation: objective 6.861625e+04, 3 iterations, 0.00 seconds (0.00 work units)

    Nodes    |    Current Node    |     Objective Bounds      |     Work
 Expl Unexpl |  Obj  Depth IntInf | Incumbent    BestBd   Gap | It/Node Time

     0     0 68616.2500    0    2          - 68616.2500      -     -    0s
H    0     0                    349393.00000 68616.2500  80.4%     -    0s
H    0     0                    313791.00000 68616.2500  78.1%     -    0s
H    0     0                    309400.00000 68616.2500  77.8%     -    0s
H    0     0                    290491.00000 68616.2500  76.4%     -    0s
     0     0 68686.3012    0    7 290491.000 68686.3012  76.4%     -    0s
     0     0 68690.5169    0    7 290491.000 68690.5169  76.4%     -    0s
H    0     0                    265643.00000 68690.5169  74.1%     -    0s
     0     2 68807.3658    0   11 265643.000 68807.3658  74.1%     -    0s
  2577  2794 69752.0261   27    1 265643.000 68874.9382  74.1%   3.6    5s
H 3036  2698                    241550.00000 68952.3569  71.5%   3.5    6s
H 3038  2564                    238689.00000 68975.3388  71.1%   3.5    6s
H 3042  2438                    219222.00000 69009.0656  68.5%   3.5    7s
  3116  2520 69351.4905   16   16 219222.000 69096.9700  68.5%   4.0   10s
  3937  3143 69651.8472   26   11 219222.000 69096.9700  68.5%   5.6   15s
  4993  3699 83688.0000   76    - 219222.000 69109.2775  68.5%   5.4   20s
  6543  4757 71185.0750   61    2 219222.000 69137.2499  68.5%   5.3   25s
  7726  5361 69920.2383   31    9 219222.000 69216.1814  68.4%   5.3   30s
  9374  6398 70621.4479   35    3 219222.000 69243.8735  68.4%   5.3   35s
 11117  7540 70236.2268   29   12 219222.000 69273.6100  68.4%   5.1   40s
 13083  9226 71362.4913   39    5 219222.000 69317.9233  68.4%   5.0   45s
 13670  9632 71507.4290   44    3 219222.000 69317.9233  68.4%   5.1   50s
 15001 10690 83261.0000   67    - 219222.000 69317.9233  68.4%   4.9   55s
 15759 11215 70438.7844   41    4 219222.000 69320.0585  68.4%   4.9   60s
 16638 12130 70558.0356   45    3 219222.000 69320.0585  68.4%   4.9   66s
 17591 13244 70798.2100   48    4 219222.000 69320.0585  68.4%   4.9   70s
 19457 14818 70971.8847   51    3 219222.000 69373.7891  68.4%   4.8   75s
 21669 16792 70921.9544   58    2 219222.000 69375.7671  68.4%   4.8   80s
 24198 18856 76283.0000   78    - 219222.000 69376.0430  68.4%   4.8   85s
 25266 19518 69893.3947   23   18 219222.000 69393.7833  68.3%   4.8   91s
 26037 20104 70450.4736   33   12 219222.000 69393.7833  68.3%   4.9   95s
 26791 20914 70260.0664   22   18 219222.000 69401.7160  68.3%   4.9  102s
 27576 21653 71919.0229   76    2 219222.000 69433.6038  68.3%   4.9  106s
 28600 22315 70098.4454   31    8 219222.000 69445.1872  68.3%   4.9  110s
 29804 23832 70023.0843   22   11 219222.000 69448.9119  68.3%   4.9  116s
 30619 24685 70830.9972   42    2 219222.000 69458.1312  68.3%   5.0  120s
 32775 26738 70618.7126   39    5 219222.000 69460.2031  68.3%   4.9  128s
 34032 28020 69992.1116   28   13 219222.000 69460.2031  68.3%   4.9  133s
 35654 29567 70190.7240   32   16 219222.000 69460.2031  68.3%   4.9  137s
 37644 31346 70208.1744   24   15 219222.000 69460.2031  68.3%   4.9  142s
 39503 31664 87691.0000   78    - 219222.000 69460.2031  68.3%   4.9  146s
 39658 32439 70429.9503   31   13 219222.000 69460.2031  68.3%   4.9  151s
 40801 33475 69990.0610   24   20 219222.000 69497.8905  68.3%   4.9  156s
 41969 34567 70146.3955   23   19 219222.000 69497.8905  68.3%   4.9  160s
 43147 35529 70920.3231   50    7 219222.000 69508.2458  68.3%   5.0  165s
 44328 36723 70258.5691   26   19 219222.000 69508.6999  68.3%   5.0  170s
 45608 38121 70767.7735   58    8 219222.000 69508.6999  68.3%   5.0  176s
 47290 38328 70537.0000   77    7 219222.000 69531.6378  68.3%   5.0  189s
H47291 36412                    199203.00000 69531.6378  65.1%   5.0  191s
 47294 36414 71197.3315   55   29 199203.000 69531.6378  65.1%   5.0  196s
 47296 36415 96273.0000   87   28 199203.000 69531.6378  65.1%   5.0  200s
 47298 36416 71604.8137   72   30 199203.000 69531.6378  65.1%   5.0  208s
 47301 36418 70859.7515   42   32 199203.000 69531.6378  65.1%   5.0  210s
H47301 34597                    183065.00000 69531.6378  62.0%   5.0  214s
 47305 34600 70959.3499   66   30 183065.000 69531.6378  62.0%   5.0  217s
 47306 34601 88331.0000   82   30 183065.000 69531.6378  62.0%   5.0  220s
H47307 32871                    160519.00000 69531.6378  56.7%   5.0  226s
H47308 32872                    154439.00000 69531.6378  55.0%   5.0  226s
 47310 32873 70544.3644   48   30 154439.000 69531.6378  55.0%   5.0  231s
 47313 32878 69531.6378   20   29 154439.000 69531.6378  55.0%   5.0  235s
 47343 32928 69705.6128   24   29 154439.000 69531.6378  55.0%   5.0  240s
 47522 33048 69895.0508   27   28 154439.000 69563.8001  55.0%   5.1  246s
 47634 33233 69937.4030   28   25 154439.000 69563.8001  55.0%   5.2  251s
 48017 33415 70094.5298   31   21 154439.000 69563.8001  55.0%   5.3  256s
 48282 33632 70123.4314   32   20 154439.000 69563.8001  55.0%   5.3  260s
 48670 33827 70232.5848   35   20 154439.000 69611.6763  54.9%   5.3  266s
 48794 33865 70302.9369   36   20 154439.000 69627.2456  54.9%   5.3  270s
 49242 34184 70312.7431   39   16 154439.000 69627.2456  54.9%   5.4  276s
 49489 34427 70498.2733   41   15 154439.000 69627.2456  54.9%   5.4  280s
 50170 34918 70898.8895   46   10 154439.000 69627.2456  54.9%   5.4  285s
 51070 35392 71298.3407   54    4 154439.000 69627.2456  54.9%   5.4  290s
 51673 35779 71536.2026   62    3 154439.000 69627.2456  54.9%   5.5  295s
 52610 36489 73544.5595   77    1 154439.000 69627.2456  54.9%   5.5  300s
 53771 36993 100881.000   96    - 154439.000 69707.7925  54.9%   5.5  307s
 54251 37376 70053.1908   32   17 154439.000 69717.0448  54.9%   5.5  310s
 55254 37535 69891.4381   27   26 154439.000 69735.7925  54.8%   5.5  316s
 55350 37936 69887.6978   27   22 154439.000 69736.2324  54.8%   5.5  320s
 56520 38616 70352.9071   30   19 154439.000 69736.2324  54.8%   5.5  326s
 57214 38991 70541.7426   34   11 154439.000 69736.2324  54.8%   5.6  330s
 57903 38882 70238.6094   46   13 154439.000 69736.2324  54.8%   5.6  335s
 57926 38907 70045.1494   28   23 154439.000 69739.4787  54.8%   5.6  340s
 58678 39327 70345.2178   39   16 154439.000 69739.4787  54.8%   5.6  345s
 59780 40409 72825.5428   62    3 154439.000 69739.4787  54.8%   5.6  352s
 60689 40346 75108.1250   78    1 154439.000 69760.5142  54.8%   5.6  357s
 60729 40599 75110.4865   79    1 154439.000 69760.5142  54.8%   5.6  361s
 61176 41049 75115.1599   80    1 154439.000 69760.5142  54.8%   5.6  365s
 61820 41270 69916.0235   30   29 154439.000 69776.5443  54.8%   5.6  370s
 62392 41213 70034.4127   34   21 154439.000 69776.5443  54.8%   5.6  375s
 62424 41943 70126.8917   35   18 154439.000 69776.5443  54.8%   5.6  380s
 63305 42403 70489.3274   42   13 154439.000 69776.5443  54.8%   5.6  385s
 64322 43166 71518.7117   54    5 154439.000 69777.9660  54.8%   5.6  390s
 65591 43784 73694.7837   73    2 154439.000 69777.9660  54.8%   5.6  396s
 66823 44511 70177.5749   33   22 154439.000 69777.9660  54.8%   5.6  402s
 67978 45217 71498.6112   78    2 154439.000 69816.6495  54.8%   5.6  407s
 69231 45738 70202.1762   39   20 154439.000 69816.6495  54.8%   5.7  413s
 70304 46431 73214.0279   84    1 154439.000 69821.3742  54.8%   5.7  419s
 71468 46209 70196.2531   41   15 154439.000 69821.3742  54.8%   5.7  426s
 71523 47140 70257.3950   42   16 154439.000 69821.3742  54.8%   5.7  433s
 72881 47463 70612.4527   42    4 154439.000 69821.3742  54.8%   5.7  440s
 74841 48570 70177.0801   30   19 154439.000 69856.3303  54.8%   5.7  448s
 76286 49330 70928.6231   63    1 154439.000 69868.2040  54.8%   5.7  455s
 77683 49090 70141.5949   36   18 154439.000 69868.2040  54.8%   5.7  463s
 77740 50030 70179.1890   37   16 154439.000 69873.4760  54.8%   5.7  472s
 78989 50808 83116.0000   93    - 154439.000 69873.4760  54.8%   5.7  480s
 80371 51724 70906.3415   56    6 154439.000 69873.4760  54.8%   5.7  488s
 81937 51459 70239.7931   41   18 154439.000 69873.6552  54.8%   5.7  496s
 82064 52207 70357.9305   42   17 154439.000 69873.6552  54.8%   5.7  504s
 82429 52125 70252.9081   35   16 154439.000 69891.4832  54.7%   5.7  505s
 83114 52955 70070.2349   33   20 154439.000 69891.4832  54.7%   5.7  514s
 84234 52695 70240.8433   38   14 154439.000 69891.4832  54.7%   5.8  515s
 84312 53893 70945.7836   44    6 154439.000 69891.4832  54.7%   5.8  523s
 86043 54975 70150.7723   40   18 154439.000 69891.5301  54.7%   5.8  534s
 88065 56061 70524.7486   42   14 154439.000 69901.0887  54.7%   5.8  545s
 90015 57446 70461.1491   43   13 154439.000 69901.0887  54.7%   5.8  556s
 92298 58837 70420.4835   39   16 154439.000 69911.5857  54.7%   5.8  570s
 94747 59928 70110.2848   34   20 154439.000 69914.7111  54.7%   5.8  583s
 96907 61334 70245.0407   35   18 154439.000 69915.9452  54.7%   5.8  596s
 99293 60988 70505.1187   45   19 154439.000 69915.9452  54.7%   5.8  600s

Cutting planes:
  Gomory: 4
  Cover: 3
  MIR: 7
  Flow cover: 1

Explored 99496 nodes (580246 simplex iterations) in 601.62 seconds (251.15 work units)
Thread count was 32 (of 32 available processors)

Solution count 10: 154439 160519 183065 ... 309400

Time limit reached
Best objective 1.544390000000e+05, best bound 6.991594521439e+04, gap 54.7291%

User-callback calls 240487, time in user-callback 144.13 sec
