
Gurobi 13.0.2 (win64) logging started Wed Jul 15 20:54:58 2026

Set parameter LogFile to value "logs/kstar_nI40_nJ40_nK50_nL5_tI4_tJ4_s5_m0_exact_s0_20260715-205458.gurobi.log"
Set parameter Seed to value 0
Set parameter TimeLimit to value 599.9747536
Set parameter NodefileStart to value 4
Set parameter MIPGap to value 0
Set parameter MIPGapAbs to value 0.9999
Set parameter Cutoff to value 1e+100
Gurobi Optimizer version 13.0.2 build v13.0.2rc1 (win64 - Windows 11+.0 (26200.2))

CPU model: Intel(R) Core(TM) i9-14900HX, instruction set [SSE2|AVX|AVX2]
Thread count: 24 physical cores, 32 logical processors, using up to 32 threads

Non-default parameters:
TimeLimit  599.9747536
MIPGap  0
MIPGapAbs  0.9999
NodefileStart  4

Optimize a model with 850 rows, 18080 columns and 46400 nonzeros (Min)
Model fingerprint: 0x409bed38
Model has 18080 linear objective coefficients
Variable types: 18000 continuous, 80 integer (80 binary)
Coefficient statistics:
  Matrix range     [1e+00, 6e+02]
  Objective range  [1e+00, 5e+02]
  Bounds range     [1e+00, 1e+00]
  RHS range        [5e+00, 2e+01]

Using branch priorities.
Found heuristic solution: objective 321656.00000
Presolve time: 0.04s
Presolved: 850 rows, 18080 columns, 46400 nonzeros
Variable types: 18000 continuous, 80 integer (80 binary)

Root relaxation: objective 2.017862e+04, 787 iterations, 0.01 seconds (0.01 work units)

    Nodes    |    Current Node    |     Objective Bounds      |     Work
 Expl Unexpl |  Obj  Depth IntInf | Incumbent    BestBd   Gap | It/Node Time

     0     0 20178.6157    0   79 321656.000 20178.6157  93.7%     -    0s
H    0     0                    41081.147742 20178.6157  50.9%     -    0s
H    0     0                    40241.000000 20178.6157  49.9%     -    0s
     0     0 25953.6880    0   73 40241.0000 25953.6880  35.5%     -    0s
H    0     0                    38672.000000 25958.4132  32.9%     -    0s
H    0     0                    38337.000000 25958.4132  32.3%     -    0s
H    0     0                    36812.000000 25958.4132  29.5%     -    0s
     0     0 26052.7385    0   72 36812.0000 26052.7385  29.2%     -    0s
     0     0 26078.7893    0   72 36812.0000 26078.7893  29.2%     -    0s
     0     0 26078.7893    0   72 36812.0000 26078.7893  29.2%     -    0s
H    0     0                    36614.000000 26078.7893  28.8%     -    0s
     0     0 27984.4085    0   77 36614.0000 27984.4085  23.6%     -    0s
H    0     0                    36004.000000 27986.7246  22.3%     -    0s
H    0     0                    35976.000000 27986.7246  22.2%     -    0s
H    0     0                    35410.000000 27986.7246  21.0%     -    0s
H    0     0                    35330.000000 27986.7246  20.8%     -    0s
H    0     0                    35300.000000 27986.7246  20.7%     -    0s
H    0     0                    35261.000000 27986.7246  20.6%     -    0s
H    0     0                    34806.000000 27986.7246  19.6%     -    0s
H    0     0                    34778.000000 27986.7246  19.5%     -    0s
H    0     0                    34705.000000 27986.7246  19.4%     -    0s
H    0     0                    34677.000000 27986.7246  19.3%     -    0s
H    0     0                    34673.000000 27986.7246  19.3%     -    0s
H    0     0                    34480.692550 28418.3784  17.6%     -    0s
H    0     0                    34390.000000 28418.3784  17.4%     -    0s
H    0     0                    34248.000000 28418.3784  17.0%     -    0s
     0     0 28418.3784    0   77 34248.0000 28418.3784  17.0%     -    0s
     0     0 28482.9016    0   76 34248.0000 28482.9016  16.8%     -    0s
     0     0 28507.0959    0   76 34248.0000 28507.0959  16.8%     -    0s
     0     0 28508.4706    0   76 34248.0000 28508.4706  16.8%     -    0s
     0     0 29346.6064    0   78 34248.0000 29346.6064  14.3%     -    0s
     0     0 29608.4840    0   76 34248.0000 29608.4840  13.5%     -    0s
     0     0 29773.7796    0   77 34248.0000 29773.7796  13.1%     -    1s
     0     0 29822.6143    0   78 34248.0000 29822.6143  12.9%     -    1s
     0     0 29838.2560    0   77 34248.0000 29838.2560  12.9%     -    1s
     0     0 29841.4686    0   78 34248.0000 29841.4686  12.9%     -    1s
     0     0 29979.6646    0   79 34248.0000 29979.6646  12.5%     -    1s
     0     0 30030.3558    0   79 34248.0000 30030.3558  12.3%     -    1s
     0     0 30048.2236    0   77 34248.0000 30048.2236  12.3%     -    1s
     0     0 30065.4989    0   79 34248.0000 30065.4989  12.2%     -    1s
     0     0 30069.2677    0   78 34248.0000 30069.2677  12.2%     -    1s
     0     0 30099.5335    0   78 34248.0000 30099.5335  12.1%     -    1s
     0     0 30104.9430    0   78 34248.0000 30104.9430  12.1%     -    1s
H    0     0                    34172.655632 30119.3940  11.9%     -    1s
H    0     0                    34038.154285 30119.3940  11.5%     -    1s
H    0     0                    34001.005813 30119.3940  11.4%     -    1s
H    0     0                    33880.658874 30119.3940  11.1%     -    1s
H    0     0                    33838.285166 30119.3940  11.0%     -    1s
H    0     0                    33750.492958 30119.3940  10.8%     -    1s
H    0     0                    33713.000000 30119.3940  10.7%     -    1s
H    0     0                    33412.000000 30119.3940  9.85%     -    1s
     0     0 30119.3940    0   77 33412.0000 30119.3940  9.85%     -    1s
H    0     0                    33390.000000 30119.3940  9.80%     -    1s
     0     0 30119.5714    0   77 33390.0000 30119.5714  9.79%     -    1s
     0     0 30119.5714    0   77 33390.0000 30119.5714  9.79%     -    1s
H    0     0                    32958.000000 30119.7921  8.61%     -    1s
     0     2 30119.7921    0   77 32958.0000 30119.7921  8.61%     -    1s
H  540   548                    32701.000000 30473.7942  6.81%   194    3s
H 1048  1009                    31780.000000 30507.4470  4.00%   148    3s
* 1231  1073              52    31744.000000 30609.6979  3.57%   140    4s
  1760  1324     cutoff   24      31744.0000 30672.8838  3.37%   128    5s
* 2242  1483              47    31675.000000 30672.8838  3.16%   123    6s
  3405  2105 30965.3183    9   77 31675.0000 30765.2561  2.87%   118   10s
H 3533  2086                    31654.000000 30765.2561  2.81%   125   13s
  3909  2362 31609.6243   25   53 31654.0000 30765.2561  2.81%   127   15s
H 4653  2407                    31618.000000 30765.2561  2.70%   124   16s
H 5689  2570                    31606.000000 30765.2561  2.66%   120   17s
  6940  2935 31317.8351   21   63 31606.0000 30838.1376  2.43%   119   20s
H 7894  2654                    31504.000000 30873.8967  2.00%   117   21s
H 9138  2888                    31491.000000 30903.0577  1.87%   117   23s
 10006  3223 31187.0621   21   62 31491.0000 30956.2772  1.70%   117   25s
 13510  4389 31401.8740   30   51 31491.0000 31035.5696  1.45%   116   30s
 18266  5456     cutoff   27      31491.0000 31114.4870  1.20%   116   35s
 22080  5963 31349.4369   23   60 31491.0000 31153.2434  1.07%   116   41s
 22980  6098 31452.3292   26   56 31491.0000 31160.5687  1.05%   116   45s
 24464  6187 31475.3547   24   53 31491.0000 31167.5049  1.03%   116   50s
 25782  6406 31368.1391   25   62 31491.0000 31177.5519  1.00%   116   56s
 29096  6523 31401.4665   27   54 31491.0000 31220.3386  0.86%   116   61s
 31790  6553     cutoff   23      31491.0000 31240.1271  0.80%   115   65s
 35790  6226 31435.1666   24   59 31491.0000 31269.3176  0.70%   115   72s
 38701  5759 31457.6812   25   56 31491.0000 31291.1127  0.63%   115   77s
 40233  5441 31474.4046   28   46 31491.0000 31304.3306  0.59%   115   80s
 43480  4437     cutoff   25      31491.0000 31327.9261  0.52%   115   87s
 45200  3535     cutoff   28      31491.0000 31344.5010  0.47%   115   90s
 49093   994     cutoff   25      31491.0000 31390.2269  0.32%   114   96s

Cutting planes:
  Gomory: 7
  Implied bound: 321
  MIR: 273
  Flow cover: 495
  Relax-and-lift: 33

Explored 51840 nodes (5778185 simplex iterations) in 98.59 seconds (152.69 work units)
Thread count was 32 (of 32 available processors)

Solution count 10: 31491 31491 31504 ... 32958

Optimal solution found (tolerance 0.00e+00)
Best objective 3.149100000000e+04, best bound 3.149100000000e+04, gap 0.0000%
