
Gurobi 13.0.2 (win64) logging started Fri Jul 17 04:06:03 2026

Set parameter LogFile to value "logs/kstar_nI40_nJ20_nK50_nL10_tI4_tJ4_s4_m1_exact_s0_20260717-040603.gurobi.log"
Set parameter Seed to value 0
Set parameter TimeLimit to value 599.9749083
Set parameter MIPGap to value 0
Set parameter MIPGapAbs to value 0.5
Set parameter Cutoff to value 1e+100
Gurobi Optimizer version 13.0.2 build v13.0.2rc1 (win64 - Windows 11+.0 (26200.2))

CPU model: Intel(R) Core(TM) i9-14900HX, instruction set [SSE2|AVX|AVX2]
Thread count: 24 physical cores, 32 logical processors, using up to 32 threads

Non-default parameters:
TimeLimit  599.9749083
MIPGap  0
MIPGapAbs  0.5
PreCrush  1
LazyConstraints  1

Optimize a model with 20 rows, 70 columns and 600 nonzeros (Min)
Model fingerprint: 0xf28106ad
Model has 70 linear objective coefficients
Variable types: 10 continuous, 60 integer (60 binary)
Coefficient statistics:
  Matrix range     [1e+00, 7e+02]
  Objective range  [1e+00, 5e+02]
  Bounds range     [1e+00, 6e+03]
  RHS range        [6e+02, 7e+02]

Using branch priorities.
Presolve removed 18 rows and 0 columns
Presolve time: 0.00s
Presolved: 2 rows, 70 columns, 60 nonzeros
Variable types: 10 continuous, 60 integer (60 binary)

Root relaxation: objective 4.816273e+04, 4 iterations, 0.00 seconds (0.00 work units)

    Nodes    |    Current Node    |     Objective Bounds      |     Work
 Expl Unexpl |  Obj  Depth IntInf | Incumbent    BestBd   Gap | It/Node Time

     0     0 48162.7273    0    2          - 48162.7273      -     -    0s
H    0     0                    216438.00000 48162.7273  77.7%     -    0s
H    0     0                    187899.00000 48162.7273  74.4%     -    0s
H    0     0                    173053.00000 48162.7273  72.2%     -    0s
     0     0 48342.8273    0    8 173053.000 48342.8273  72.1%     -    0s
     0     0 48505.8135    0    7 173053.000 48505.8135  72.0%     -    0s
H    0     0                    169969.00000 48505.8135  71.5%     -    0s
     0     0 48570.1273    0   10 169969.000 48570.1273  71.4%     -    0s
     0     0 48577.4962    0   10 169969.000 48577.4962  71.4%     -    0s
     0     2 48641.0846    0   10 169969.000 48641.0846  71.4%     -    0s
H 3453  2985                    134961.00000 48840.9152  63.8%   3.4    2s
H 3465  2843                    121944.00000 48928.7784  59.9%   3.4    4s
H 3465  2701                    121731.00000 48928.7784  59.8%   3.4    4s
H 3466  2703                    119812.00000 48928.7784  59.2%   3.4    4s
  3749  2969 49497.8913   21   14 119812.000 49094.3242  59.0%   4.4    5s
  8001  5336 50294.4706   33    9 119812.000 49235.5230  58.9%   4.8   10s
 11020  6791 49983.0754   22   14 119812.000 49350.2798  58.8%   4.9   15s
 13928  9140 50723.4930   27    7 119812.000 49416.6364  58.8%   4.8   20s
 16683 11327 49946.6093   21   18 119812.000 49462.4149  58.7%   4.9   25s
 17786 12309 50439.7598   25   14 119812.000 49500.1130  58.7%   4.9   30s
 19920 14193 53803.0996   46    3 119812.000 49504.7448  58.7%   4.9   35s
 22332 15969 50943.4756   29    9 119812.000 49504.7448  58.7%   4.8   40s
 25309 18907 54473.0083   51    1 119812.000 49504.7448  58.7%   4.9   45s
 27377 21060 52071.0671   31    3 119812.000 49504.7448  58.7%   4.9   50s
 30859 24089 51637.3443   36    4 119812.000 49504.7448  58.7%   4.9   55s
 34805 27233 51646.9411   40    4 119812.000 49701.5264  58.5%   4.9   62s
 37194 29444 53508.9108   34    4 119812.000 49722.1687  58.5%   4.9   66s
 39384 31213 55448.6593   39   11 119812.000 49722.1687  58.5%   5.0   70s
 42242 33811 54438.6068   59    2 119812.000 49778.1881  58.5%   4.9   75s
 45136 36391 52782.6474   51    2 119812.000 49788.8236  58.4%   5.0   81s
 48017 38600 57187.3875   55    3 119812.000 49814.3628  58.4%   5.0   87s
 49255 39928 53873.9487   25   12 119812.000 49814.9185  58.4%   5.0   90s
 51005 40222 54170.0000   54   10 119812.000 49834.0995  58.4%   5.0  103s
H51006 38211                    114938.00000 49834.0995  56.6%   5.0  105s
H51008 36302                    98516.000000 49834.0995  49.4%   5.0  110s
H51012 34489                    96002.000000 49834.0995  48.1%   5.0  114s
 51015 34491 51067.0992   42   30 96002.0000 49834.0995  48.1%   5.0  116s
H51017 32767                    91644.000000 49834.0995  45.6%   5.0  121s
H51018 32768                    90557.000000 49834.0995  45.0%   5.0  121s
 51021 32770 50819.7164   31   30 90557.0000 49834.0995  45.0%   5.0  126s
 51053 32824 50384.3924   27   22 90557.0000 49985.1656  44.8%   5.0  130s
 51257 33066 51417.8515   30   14 90557.0000 50139.0907  44.6%   5.1  135s
 52083 33479 52490.0171   38   10 90557.0000 50139.0907  44.6%   5.2  140s
 53222 34176 52986.7664   47    6 90557.0000 50177.0791  44.6%   5.3  145s
 54557 34771 61245.0000   76    - 90557.0000 50215.6016  44.5%   5.3  150s
 55755 35589 54881.5549   68    2 90557.0000 50330.8706  44.4%   5.3  156s
 56556 36068 50801.4208   30   25 90557.0000 50330.8706  44.4%   5.3  160s
 58182 37014 50967.0226   31   19 90557.0000 50443.4954  44.3%   5.4  165s
 60346 38072 50799.4347   32   25 90557.0000 50495.0089  44.2%   5.4  170s
 62355 38746 51068.2722   31   23 90557.0000 50570.0645  44.2%   5.5  176s
 63107 39711 51230.6498   33   20 90557.0000 50570.0645  44.2%   5.5  181s
 64893 40031 51284.9431   35   19 90557.0000 50652.1533  44.1%   5.5  187s
 64937 40383 51307.9521   36   19 90557.0000 50652.1533  44.1%   5.5  190s
 66625 41573 51553.6782   38   17 90557.0000 50693.4999  44.0%   5.5  196s
 68481 42485 53020.8591   64    3 90557.0000 50703.3265  44.0%   5.5  201s
 70849 43983 51423.1083   37   17 90557.0000 50764.8053  43.9%   5.6  206s
 72168 44618 51265.3034   33   16 90557.0000 50785.1351  43.9%   5.6  210s
 74587 45909 52792.0274   51   11 90557.0000 50801.4033  43.9%   5.6  216s
 77237 47373 51713.4534   40   15 90557.0000 50833.7835  43.9%   5.7  222s
 78607 48204 51765.2465   38   17 90557.0000 50843.4778  43.9%   5.7  225s
 81599 49927 51118.4973   35   19 90557.0000 50871.5077  43.8%   5.7  232s
 83177 50685 52013.6569   35   15 90557.0000 50880.9716  43.8%   5.7  236s
 84743 51567 52279.0044   50    3 90557.0000 50888.8308  43.8%   5.7  240s
 87044 52241 52084.0346   37   17 90557.0000 50916.8276  43.8%   5.8  245s
 89610 53939 52558.3487   52    6 90557.0000 50939.0341  43.7%   5.8  254s
 90956 54988 53308.9558   51    6 90557.0000 50939.9512  43.7%   5.8  258s
 92778 54855 51437.0816   35   19 90557.0000 50960.6955  43.7%   5.8  263s
 93100 55484 51597.0021   36   17 90557.0000 50960.6955  43.7%   5.8  268s
 94045 56477 51731.1829   37   14 90557.0000 50962.0734  43.7%   5.8  273s
 95677 57472 51832.9789   38   13 90557.0000 50964.3647  43.7%   5.8  278s
 97443 58157 52037.0335   39   13 90557.0000 50979.7724  43.7%   5.9  284s
 98947 59333 52127.4382   40   12 90557.0000 50989.3659  43.7%   5.9  290s
 100934 59145 52190.7111   41   13 90557.0000 50997.0858  43.7%   5.9  295s
 101267 59898 52414.2243   42   11 90557.0000 50997.0858  43.7%   5.9  301s
 102343 60639 52720.6094   43    8 90557.0000 51006.6003  43.7%   5.9  306s
 103631 61447 53033.7005   37   13 90557.0000 51010.5444  43.7%   5.9  313s
 105135 62571 52582.0075   36   16 90557.0000 51021.8400  43.7%   5.9  320s
 107069 63570 53114.8252   45   13 90557.0000 51032.1269  43.6%   5.9  328s
 108963 64620 51770.2969   38   18 90557.0000 51032.7476  43.6%   5.9  335s
 110876 65839 53729.1037   63    5 90557.0000 51032.7476  43.6%   6.0  342s
 113307 67448 51686.6205   38   17 90557.0000 51053.3735  43.6%   6.0  350s
 115999 68796 51805.7641   35   16 90557.0000 51066.4639  43.6%   6.0  358s
 118788 69962 52562.9676   40   14 90557.0000 51075.0667  43.6%   6.0  367s
 121541 71391 55941.4587   68    1 90557.0000 51084.3396  43.6%   6.0  376s
 124008 72623 51898.0326   35   21 90557.0000 51084.3396  43.6%   6.0  386s
 126365 73144 53951.4337   46    6 90557.0000 51105.0550  43.6%   6.0  395s
 127813 74514 53782.3996   65    1 90557.0000 51105.0855  43.6%   6.1  403s
 130028 75771 53522.4072   40   20 90557.0000 51114.5330  43.6%   6.1  414s
 132345 77203 52382.3339   41   16 90557.0000 51123.9346  43.5%   6.1  424s
 134336 76808 52080.2890   38   16 90557.0000 51131.9790  43.5%   6.1  425s
 134940 78444 52599.4517   42   14 90557.0000 51136.7468  43.5%   6.1  434s
 137588 80060 52744.2465   42   14 90557.0000 51147.0193  43.5%   6.1  447s
 140337 81249 53534.5918   46    7 90557.0000 51154.1426  43.5%   6.1  457s
 142740 82542 52926.7844   43    9 90557.0000 51166.5309  43.5%   6.2  468s
 145239 83983 51768.3505   34   20 90557.0000 51176.6072  43.5%   6.2  479s
 148051 85415 53101.8338   48    6 90557.0000 51186.9730  43.5%   6.2  489s
 148238 85383 54966.7425   65    3 90557.0000 51186.9730  43.5%   6.2  490s
 150974 87543 53113.8083   34   17 90557.0000 51194.1506  43.5%   6.2  500s
 153881 89882 53068.9711   32   20 90557.0000 51204.0576  43.5%   6.2  512s
 156499 92018 59353.3581   74    1 90557.0000 51213.1625  43.4%   6.2  523s
 158876 94043 54590.5617   73    4 90557.0000 51220.9428  43.4%   6.3  534s
 161083 94385 52847.5491   43    9 90557.0000 51221.2300  43.4%   6.3  535s
 161382 94923 52537.2354   38   10 90557.0000 51221.2410  43.4%   6.3  546s
 162119 96170 52652.8201   39   12 90557.0000 51221.2410  43.4%   6.3  557s
 163747 97881 52196.2759   36   19 90557.0000 51225.6099  43.4%   6.3  568s
 165756 99342 54127.8306   55    4 90557.0000 51229.0894  43.4%   6.3  582s
 167488 101170 53596.1688   73    1 90557.0000 51230.7645  43.4%   6.3  594s
 170083 102654 53288.3590   53    2 90557.0000 51245.5228  43.4%   6.3  600s

Cutting planes:
  Gomory: 2
  MIR: 10
  StrongCG: 1
  Flow cover: 3

Explored 171321 nodes (1079553 simplex iterations) in 601.45 seconds (253.41 work units)
Thread count was 32 (of 32 available processors)

Solution count 10: 90557 91644 96002 ... 216438

Time limit reached
Best objective 9.055700000000e+04, best bound 5.124552276202e+04, gap 43.4108%

User-callback calls 362494, time in user-callback 38.12 sec
