
Gurobi 13.0.2 (win64) logging started Wed Jul 15 20:49:30 2026

Set parameter LogFile to value "logs/kstar_nI40_nJ20_nK50_nL10_tI5_tJ5_s1_m0_exact_s0_20260715-204929.gurobi.log"
Set parameter Seed to value 0
Set parameter TimeLimit to value 599.9768937
Set parameter NodefileStart to value 4
Set parameter MIPGap to value 0
Set parameter MIPGapAbs to value 0.9999
Set parameter Cutoff to value 1e+100
Gurobi Optimizer version 13.0.2 build v13.0.2rc1 (win64 - Windows 11+.0 (26200.2))

CPU model: Intel(R) Core(TM) i9-14900HX, instruction set [SSE2|AVX|AVX2]
Thread count: 24 physical cores, 32 logical processors, using up to 32 threads

Non-default parameters:
TimeLimit  599.9768937
MIPGap  0
MIPGapAbs  0.9999
NodefileStart  4

Optimize a model with 1300 rows, 18060 columns and 46600 nonzeros (Min)
Model fingerprint: 0xe5082ce7
Model has 18060 linear objective coefficients
Variable types: 18000 continuous, 60 integer (60 binary)
Coefficient statistics:
  Matrix range     [1e+00, 7e+02]
  Objective range  [1e+00, 5e+02]
  Bounds range     [1e+00, 1e+00]
  RHS range        [5e+00, 2e+01]

Using branch priorities.
Found heuristic solution: objective 655122.00000
Presolve time: 0.04s
Presolved: 1300 rows, 18060 columns, 46600 nonzeros
Variable types: 18000 continuous, 60 integer (60 binary)

Root relaxation: objective 5.453455e+04, 920 iterations, 0.00 seconds (0.01 work units)

    Nodes    |    Current Node    |     Objective Bounds      |     Work
 Expl Unexpl |  Obj  Depth IntInf | Incumbent    BestBd   Gap | It/Node Time

     0     0 54534.5484    0   60 655122.000 54534.5484  91.7%     -    0s
H    0     0                    68347.784568 54534.5484  20.2%     -    0s
H    0     0                    67491.000000 54534.5484  19.2%     -    0s
     0     0 61041.3615    0   35 67491.0000 61041.3615  9.56%     -    0s
H    0     0                    66042.000000 61095.1605  7.49%     -    0s
H    0     0                    65952.000000 61095.1605  7.36%     -    0s
H    0     0                    65565.000000 61095.1605  6.82%     -    0s
     0     0 61176.7882    0   34 65565.0000 61176.7882  6.69%     -    0s
     0     0 61178.7895    0   34 65565.0000 61178.7895  6.69%     -    0s
H    0     0                    65515.000000 61178.7895  6.62%     -    0s
H    0     0                    65451.000000 61178.7895  6.53%     -    0s
H    0     0                    64970.000000 63262.7031  2.63%     -    0s
     0     0 63262.7031    0   27 64970.0000 63262.7031  2.63%     -    0s
H    0     0                    64879.000000 63279.2734  2.47%     -    0s
     0     0 63583.5675    0   28 64879.0000 63583.5675  2.00%     -    0s
     0     0 63635.0448    0   28 64879.0000 63635.0448  1.92%     -    0s
     0     0 63647.4613    0   28 64879.0000 63647.4613  1.90%     -    0s
     0     0 63653.0953    0   27 64879.0000 63653.0953  1.89%     -    0s
H    0     0                    64623.000000 63653.0953  1.50%     -    0s
     0     0 63972.2688    0   16 64623.0000 63972.2688  1.01%     -    0s
H    0     0                    64558.000000 63975.0032  0.90%     -    0s
H    0     0                    64296.000000 64034.2668  0.41%     -    0s
     0     0 64034.2668    0   20 64296.0000 64034.2668  0.41%     -    0s
     0     0 64053.3329    0   12 64296.0000 64053.3329  0.38%     -    0s
     0     0 64056.1094    0   14 64296.0000 64056.1094  0.37%     -    0s
H    0     0                    64282.000000 64056.1094  0.35%     -    0s
     0     0 64095.7512    0   11 64282.0000 64095.7512  0.29%     -    0s
H    0     0                    64124.000000 64095.7579  0.04%     -    0s
     0     0 64107.8895    0    5 64124.0000 64107.8895  0.03%     -    0s
     0     0 64111.9224    0    5 64124.0000 64111.9224  0.02%     -    0s
     0     0 64112.2404    0    1 64124.0000 64112.2404  0.02%     -    0s
H    0     0                    64114.000000 64112.2404  0.00%     -    0s
     0     0          -    0      64114.0000 64113.3297  0.00%     -    0s

Cutting planes:
  Implied bound: 374
  MIR: 92
  Flow cover: 207
  Relax-and-lift: 6

Explored 1 nodes (2082 simplex iterations) in 0.45 seconds (0.42 work units)
Thread count was 32 (of 32 available processors)

Solution count 10: 64114 64282 64296 ... 65565

Optimal solution found (tolerance 0.00e+00)
Best objective 6.411400000000e+04, best bound 6.411332971789e+04, gap 0.0010%
