
Gurobi 13.0.2 (win64) logging started Thu Jul 16 05:59:57 2026

Set parameter LogFile to value "logs/kstar_nI20_nJ40_nK100_nL5_tI3_tJ3_s2_m1_exact_s0_20260716-055957.gurobi.log"
Set parameter Seed to value 0
Set parameter TimeLimit to value 599.9690833
Set parameter MIPGap to value 0
Set parameter MIPGapAbs to value 0.5
Set parameter Cutoff to value 1e+100
Gurobi Optimizer version 13.0.2 build v13.0.2rc1 (win64 - Windows 11+.0 (26200.2))

CPU model: Intel(R) Core(TM) i9-14900HX, instruction set [SSE2|AVX|AVX2]
Thread count: 24 physical cores, 32 logical processors, using up to 32 threads

Non-default parameters:
TimeLimit  599.9690833
MIPGap  0
MIPGapAbs  0.5
PreCrush  1
LazyConstraints  1

Optimize a model with 10 rows, 65 columns and 300 nonzeros (Min)
Model fingerprint: 0xc775faba
Model has 65 linear objective coefficients
Variable types: 5 continuous, 60 integer (60 binary)
Coefficient statistics:
  Matrix range     [1e+01, 1e+03]
  Objective range  [1e+00, 5e+02]
  Bounds range     [1e+00, 9e+03]
  RHS range        [1e+03, 1e+03]

Using branch priorities.
Presolve removed 3 rows and 0 columns
Presolve time: 0.00s
Presolved: 7 rows, 65 columns, 240 nonzeros
Variable types: 5 continuous, 60 integer (60 binary)

Root relaxation: objective 3.955303e+04, 9 iterations, 0.00 seconds (0.00 work units)

    Nodes    |    Current Node    |     Objective Bounds      |     Work
 Expl Unexpl |  Obj  Depth IntInf | Incumbent    BestBd   Gap | It/Node Time

     0     0 39553.0286    0    2          - 39553.0286      -     -    0s
H    0     0                    308671.00000 39553.0286  87.2%     -    0s
H    0     0                    308220.00000 39553.0286  87.2%     -    0s
H    0     0                    277049.00000 39553.0286  85.7%     -    0s
H    0     0                    258426.00000 39553.0286  84.7%     -    0s
H    0     0                    258164.00000 39553.0286  84.7%     -    0s
     0     0 39632.6398    0    4 258164.000 39632.6398  84.6%     -    0s
     0     0 39717.9910    0    8 258164.000 39717.9910  84.6%     -    0s
H    0     0                    216225.00000 39721.9771  81.6%     -    0s
     0     0 39759.3901    0   10 216225.000 39759.3901  81.6%     -    0s
     0     0 39763.7707    0   10 216225.000 39763.7707  81.6%     -    0s
H    0     0                    192139.00000 39763.7707  79.3%     -    0s
     0     2 39783.9947    0   14 192139.000 39783.9947  79.3%     -    0s
  3597  3249 40735.8568   43   17 192139.000 39865.0415  79.3%   2.6    5s
H 3600  3088                    181419.00000 39865.0415  78.0%   2.6    5s
H 3603  2935                    142499.00000 39878.6805  72.0%   2.6    5s
  4022  3318 40057.8620   20   14 142499.000 39935.5778  72.0%   4.0   10s
  5650  4212 40179.8261   31   11 142499.000 39953.4891  72.0%   4.4   15s
  7733  5506 40974.6260   56    3 142499.000 39976.2865  71.9%   4.3   20s
 10277  6585 41359.7272   53    2 142499.000 40014.9908  71.9%   4.1   25s
 11693  7292 40560.3489   45    5 142499.000 40018.0645  71.9%   4.2   30s
 13746  8973 40640.2487   25    5 142499.000 40033.2489  71.9%   4.2   35s
 16795 11126 40899.2921   42    1 142499.000 40034.4684  71.9%   4.1   40s
 17694 11881 40658.8574   31    3 142499.000 40037.6356  71.9%   4.2   45s
 18710 12933 40869.6628   35    1 142499.000 40038.1332  71.9%   4.1   50s
 21178 15365 40909.1158   39    1 142499.000 40038.1332  71.9%   4.2   55s
 24429 17575 40935.2516   42    1 142499.000 40055.5855  71.9%   4.1   60s
 26863 19226 41472.8983   45    2 142499.000 40074.3034  71.9%   4.2   65s
 28028 20429 41487.0452   48    2 142499.000 40076.4392  71.9%   4.2   71s
 29371 21901 40543.5958   25   12 142499.000 40078.5313  71.9%   4.2   76s
 32566 24487 40153.9186   22   12 142499.000 40096.5124  71.9%   4.2   82s
 33845 25838 40148.9275   19   17 142499.000 40098.9731  71.9%   4.2   85s
 36791 27891 40506.0774   24   10 142499.000 40106.2118  71.9%   4.3   91s
 39170 29156 40975.4167   37    5 142499.000 40107.6682  71.9%   4.3   95s
 41528 31576 40409.2319   24   12 142499.000 40109.4726  71.9%   4.3  101s
 43785 32883 40303.7500   29   14 142499.000 40115.2007  71.8%   4.3  105s
 47185 34782 41025.0000   42   10 142499.000 40116.1267  71.8%   4.3  120s
 47191 34786 40336.8780   36   24 142499.000 40116.1267  71.8%   4.3  127s
 47195 34789 41742.9086   64   26 142499.000 40116.1267  71.8%   4.3  130s
 47199 34791 43363.0000   66   27 142499.000 40116.1267  71.8%   4.3  135s
 47202 34793 40708.9156   44   23 142499.000 40116.1267  71.8%   4.3  140s
H47203 33054                    142110.00000 40116.1267  71.8%   4.3  141s
 47238 33107 40116.1267   24   22 142110.000 40116.1267  71.8%   4.3  145s
 47479 33275 40227.2872   29   14 142110.000 40116.1267  71.8%   4.4  151s
 47776 33563 40116.1267   32   17 142110.000 40116.1267  71.8%   4.5  156s
 48275 33790 40218.9820   35   16 142110.000 40116.1267  71.8%   4.6  160s
 48592 34033 40349.2995   37   14 142110.000 40116.1267  71.8%   4.6  165s
 49193 34386 42322.5374   73    1 142110.000 40116.1267  71.8%   4.6  170s
 50110 34966 41236.1005   52    5 142110.000 40116.1267  71.8%   4.7  175s
 51115 35666 43698.7152   68    1 142110.000 40116.1267  71.8%   4.7  181s
 52140 36135 40292.6509   35   17 142110.000 40116.1267  71.8%   4.7  186s
 53032 36742 40797.9231   42    6 142110.000 40116.1267  71.8%   4.7  190s
 54079 37116 41609.8376   58    1 142110.000 40116.1267  71.8%   4.7  195s
 55038 37691 42073.4603   61    3 142110.000 40116.1267  71.8%   4.8  200s
 56151 38395 40309.4146   35   14 142110.000 40116.1267  71.8%   4.8  205s
 57626 38666 40289.7084   34   17 142110.000 40125.2545  71.8%   4.8  210s
 58049 38863 40335.3745   35   19 142110.000 40125.2545  71.8%   4.8  217s
 58115 38958 40522.7411   35   11 142110.000 40125.2545  71.8%   4.8  220s
 58639 39519 40982.9742   43    5 142110.000 40148.0334  71.7%   4.9  226s
 60136 39882 40649.3796   34    6 142110.000 40154.2674  71.7%   4.9  230s
 61340 40316 40398.8458   39   17 142110.000 40182.7256  71.7%   4.8  237s
 61379 40658 40428.6493   40   15 142110.000 40182.7256  71.7%   4.8  241s
 62075 41331 40516.1543   41   15 142110.000 40182.7256  71.7%   4.9  245s
 64598 42635 41179.0000   47    - 142110.000 40184.6531  71.7%   4.9  252s
 65877 43517 41068.9974   44    5 142110.000 40190.1035  71.7%   4.9  256s
 67305 44018 40665.7507   44   11 142110.000 40192.7868  71.7%   4.9  260s
 68618 44839 40509.4138   35   15 142110.000 40192.7868  71.7%   4.9  268s
 69927 45405 40408.4719   34   18 142110.000 40221.3696  71.7%   5.0  273s
 71278 45888 40744.6878   40   13 142110.000 40221.7181  71.7%   5.0  278s
 72969 46991 41074.0965   47    5 142110.000 40222.9651  71.7%   5.0  283s
 74675 47721 40271.6634   40   17 142110.000 40231.9249  71.7%   5.0  288s
 76148 48229 49153.0000   76    - 142110.000 40232.9691  71.7%   5.0  293s
 77450 48970 41052.7162   51    2 142110.000 40233.3424  71.7%   5.0  298s
 79428 48984 43409.8978   76    1 142110.000 40240.9882  71.7%   4.9  305s
 79654 49051 40567.1686   37   12 142110.000 40240.9882  71.7%   5.0  310s
 79789 49852 41554.3059   54    1 142110.000 40240.9882  71.7%   5.0  315s
 81028 50638 41086.3747   49    9 142110.000 40243.8267  71.7%   5.0  320s
 82389 51467 41334.6845   56    2 142110.000 40243.8267  71.7%   5.0  326s
 83994 52459 40499.2738   37   18 142110.000 40251.7925  71.7%   5.0  332s
 85690 53445 40417.3376   42   17 142110.000 40257.5250  71.7%   5.0  338s
 87642 54531 40665.4553   42   10 142110.000 40261.7506  71.7%   5.0  346s
 89711 55735 41610.1872   68    2 142110.000 40266.6403  71.7%   5.0  353s
 92057 55481 40385.4276   29   19 142110.000 40269.8413  71.7%   5.0  360s
 92267 56845 40405.1141   30   16 142110.000 40269.9313  71.7%   5.0  367s
 94447 57739 40619.6303   38   16 142110.000 40271.2389  71.7%   5.0  375s
 96276 58756 42190.9657   66    3 142110.000 40278.1154  71.7%   5.0  383s
 98396 59887 40577.9764   45   15 142110.000 40281.5822  71.7%   5.0  392s
 100573 61293 41583.0000   52    - 142110.000 40284.0114  71.7%   5.0  401s
 103005 62543 41449.4154   55    3 142110.000 40290.3069  71.6%   5.1  410s
 105424 63369 40768.9235   46   13 142110.000 40295.6167  71.6%   5.1  420s
 107904 64846 41451.9554   50    3 142110.000 40297.6323  71.6%   5.1  430s
 110311 66243 40556.3680   34   14 142110.000 40303.0878  71.6%   5.1  441s
 113136 67875 40392.8179   31   15 142110.000 40308.3414  71.6%   5.1  452s
 116318 69105 40490.3528   40   16 142110.000 40313.8597  71.6%   5.1  462s
 118712 70721 40841.3322   51    9 142110.000 40318.2123  71.6%   5.1  474s
 121701 70206 40715.8143   41   13 142110.000 40321.4076  71.6%   5.1  476s
 121794 70377 40443.8522   39   16 142110.000 40321.4076  71.6%   5.1  485s
 122065 70361 40565.4595   40   13 142110.000 40323.5803  71.6%   5.1  495s
 122097 71682 40673.5290   41   12 142110.000 40323.5803  71.6%   5.1  506s
 124045 72825 41326.2577   59    3 142110.000 40323.6844  71.6%   5.1  520s
 126169 74228 41514.8757   56    2 142110.000 40325.4379  71.6%   5.1  534s
 126588 74159 40883.6208   37   11 142110.000 40325.4379  71.6%   5.1  535s
 128862 75505 40662.6244   29   15 142110.000 40327.7560  71.6%   5.1  549s
 131738 75179 40670.0563   42   11 142110.000 40330.5290  71.6%   5.1  551s
 131946 77494 40511.9080   38   16 142110.000 40332.8682  71.6%   5.1  564s
 135455 79281 41677.5300   56    1 142110.000 40335.5493  71.6%   5.1  578s
 138831 80269 41414.5022   58    3 142110.000 40339.4322  71.6%   5.1  593s
 141636 80670 49528.0000   71    - 142110.000 40343.7171  71.6%   5.1  600s

Cutting planes:
  Cover: 1
  MIR: 8
  StrongCG: 2
  Flow cover: 3

Explored 143003 nodes (733481 simplex iterations) in 602.37 seconds (256.13 work units)
Thread count was 32 (of 32 available processors)

Solution count 10: 142110 142499 181419 ... 308671

Time limit reached
Best objective 1.421100000000e+05, best bound 4.034371710735e+04, gap 71.6109%

User-callback calls 321638, time in user-callback 129.83 sec
