
Gurobi 13.0.2 (win64) logging started Fri Jul 17 01:15:17 2026

Set parameter LogFile to value "logs/kstar_nI40_nJ20_nK100_nL5_tI6_tJ6_s2_m1_exact_s0_20260717-011517.gurobi.log"
Set parameter Seed to value 0
Set parameter TimeLimit to value 599.9802045
Set parameter MIPGap to value 0
Set parameter MIPGapAbs to value 0.5
Set parameter Cutoff to value 1e+100
Gurobi Optimizer version 13.0.2 build v13.0.2rc1 (win64 - Windows 11+.0 (26200.2))

CPU model: Intel(R) Core(TM) i9-14900HX, instruction set [SSE2|AVX|AVX2]
Thread count: 24 physical cores, 32 logical processors, using up to 32 threads

Non-default parameters:
TimeLimit  599.9802045
MIPGap  0
MIPGapAbs  0.5
PreCrush  1
LazyConstraints  1

Optimize a model with 10 rows, 65 columns and 300 nonzeros (Min)
Model fingerprint: 0xda00d1a5
Model has 65 linear objective coefficients
Variable types: 5 continuous, 60 integer (60 binary)
Coefficient statistics:
  Matrix range     [4e+00, 1e+03]
  Objective range  [1e+00, 5e+02]
  Bounds range     [1e+00, 1e+04]
  RHS range        [1e+03, 1e+03]

Using branch priorities.
Presolve removed 8 rows and 0 columns
Presolve time: 0.00s
Presolved: 2 rows, 65 columns, 60 nonzeros
Variable types: 5 continuous, 60 integer (60 binary)

Root relaxation: objective 5.644796e+04, 5 iterations, 0.00 seconds (0.00 work units)

    Nodes    |    Current Node    |     Objective Bounds      |     Work
 Expl Unexpl |  Obj  Depth IntInf | Incumbent    BestBd   Gap | It/Node Time

     0     0 56447.9593    0    3          - 56447.9593      -     -    0s
H    0     0                    175266.00000 56447.9593  67.8%     -    0s
H    0     0                    171931.00000 56447.9593  67.2%     -    0s
H    0     0                    164710.00000 56447.9593  65.7%     -    0s
H    0     0                    144398.00000 56447.9593  60.9%     -    0s
H    0     0                    141370.00000 56447.9593  60.1%     -    0s
     0     0 56732.5267    0    5 141370.000 56732.5267  59.9%     -    0s
     0     0 56922.8328    0    9 141370.000 56922.8328  59.7%     -    0s
H    0     0                    140040.00000 56925.6054  59.4%     -    0s
     0     0 57059.3763    0   10 140040.000 57059.3763  59.3%     -    0s
     0     0 57072.1464    0   15 140040.000 57072.1464  59.2%     -    0s
     0     0 57090.9058    0   16 140040.000 57090.9058  59.2%     -    0s
     0     0 57094.1752    0   16 140040.000 57094.1752  59.2%     -    0s
     0     2 57120.8067    0   14 140040.000 57120.8067  59.2%     -    0s
H 3633  3046                    106507.00000 57373.3355  46.1%   3.1    1s
H 3641  2898                    100390.00000 57589.7933  42.6%   3.1    1s
H 3641  2753                    98722.000000 57589.7933  41.7%   3.1    1s
H 3662  2628                    96067.000000 57659.8110  40.0%   3.0    2s
H 3666  2499                    88798.000000 57682.2201  35.0%   3.0    2s
H 3666  2374                    87313.000000 57682.2201  33.9%   3.0    2s
H 3672  2258                    86847.000000 57696.7883  33.6%   3.0    3s
H 3673  2258                    84221.000000 57699.0864  31.5%   3.0    3s
  5116  3317 65210.6048   42    1 84221.0000 58078.3773  31.0%   4.0    5s
 13829  8555 59282.0264   28   14 84221.0000 58477.2686  30.6%   4.0   10s
 19927 13697 64366.1314   36    1 84221.0000 58612.0951  30.4%   4.0   15s
 25784 18612 60869.0413   24   11 84221.0000 58675.6961  30.3%   4.0   20s
 31057 22612 63136.0929   34    6 84221.0000 58752.0013  30.2%   4.0   25s
 33815 25030 61167.3024   28   14 84221.0000 58825.1403  30.2%   4.0   30s
 36932 27528 61292.0836   31    7 84221.0000 58864.9365  30.1%   4.0   35s
 40297 30464 61564.8155   30   10 84221.0000 58921.1710  30.0%   4.0   41s
 41718 30738 62380.8079   37   16 84221.0000 58930.8202  30.0%   4.0   46s
H41719 29202                    82983.000000 58930.8202  29.0%   4.0   47s
H41719 27741                    82940.000000 58930.8202  28.9%   4.0   47s
H41726 26358                    81610.000000 58930.8202  27.8%   4.0   50s
H41734 25046                    79995.000000 58930.8202  26.3%   4.0   53s
 41737 25048 66962.5769   46   34 79995.0000 58930.8202  26.3%   4.0   55s
H41738 23795                    79935.000000 58930.8202  26.3%   4.0   56s
 41758 23826 60426.0059   31   23 79935.0000 59188.2911  26.0%   4.1   60s
 42612 24478 64841.7818   40   16 79935.0000 59490.5579  25.6%   4.3   65s
 44431 25438 70641.9019   61    4 79935.0000 59797.8671  25.2%   4.3   70s
 47993 27572 62205.3878   53    4 79935.0000 59943.1445  25.0%   4.4   75s
 51984 29669 61001.0403   36   16 79935.0000 60199.1888  24.7%   4.6   80s
 55095 30850 61406.3344   41   16 79935.0000 60274.1305  24.6%   4.7   86s
 56402 31943 61454.1835   40   18 79935.0000 60287.9763  24.6%   4.7   90s
 57483 32483 61273.0603   35   19 79935.0000 60336.5438  24.5%   4.7   95s
 59809 33790 63203.9918   68    3 79935.0000 60401.9832  24.4%   4.7  100s
 62545 35341 63331.1662   73    2 79935.0000 60500.6739  24.3%   4.8  106s
 64812 36623 62023.8556   40   16 79935.0000 60533.5244  24.3%   4.8  110s
 66784 37632 62966.3627   59    3 79935.0000 60545.9586  24.3%   4.9  115s
 70098 39401 61619.4623   40   21 79935.0000 60618.3979  24.2%   5.0  121s
 72400 40673 62674.1615   53   10 79935.0000 60648.7518  24.1%   5.1  126s
 75020 42209 64174.8865   66    3 79935.0000 60660.9929  24.1%   5.1  130s
 78216 43889 61681.3421   43   13 79935.0000 60698.4026  24.1%   5.2  136s
 79887 44573 62945.4439   65    1 79935.0000 60725.3246  24.0%   5.2  140s
 82290 45935 62281.2174   49   16 79935.0000 60756.1355  24.0%   5.2  147s
 83751 46807 62527.2121   47   12 79935.0000 60757.0382  24.0%   5.3  151s
 87259 48696 62212.2248   46   21 79935.0000 60824.0396  23.9%   5.3  158s
 89146 49795 62508.9034   51    9 79935.0000 60841.0077  23.9%   5.4  161s
 92708 51455 63556.1781   54    4 79935.0000 60856.7017  23.9%   5.4  167s
 94678 52269 62067.0155   39   22 79935.0000 60879.7850  23.8%   5.5  172s
 96622 53297 62935.8135   48   19 79935.0000 60896.5119  23.8%   5.5  177s
 98402 54442 61660.6031   42   26 79935.0000 60900.7612  23.8%   5.5  180s
 102635 56550 61682.2916   41   20 79935.0000 60931.1013  23.8%   5.6  188s
 104527 57488 62542.9931   43   22 79935.0000 60931.1013  23.8%   5.6  193s
 106566 58661 62932.8600   44   16 79935.0000 60964.5478  23.7%   5.6  197s
 108736 59778 64703.7476   71    3 79935.0000 60980.3706  23.7%   5.7  201s
 110773 60721 62626.7878   58   10 79935.0000 60997.2231  23.7%   5.7  206s
 112799 61953 62293.5682   44   20 79935.0000 60997.6744  23.7%   5.7  211s
 115241 63983 63124.0156   38   18 79935.0000 61025.0045  23.7%   5.8  216s
 117656 66010 61997.1467   39   21 79935.0000 61037.6608  23.6%   5.8  220s
 122235 69876 65718.4967   65    2 79935.0000 61058.0697  23.6%   5.9  230s
 124490 71828 62199.2019   41   23 79935.0000 61069.4609  23.6%   5.9  235s
 127356 74040 62425.7564   43   21 79935.0000 61092.7487  23.6%   5.9  241s
 129867 75750 62480.9045   49   14 79935.0000 61107.0950  23.6%   6.0  245s
 133740 77849 64937.9782   62    3 79935.0000 61125.7646  23.5%   6.0  250s
 133832 79562 63623.9237   61   11 79935.0000 61125.7646  23.5%   6.0  255s
 136409 81599 61591.2789   37   29 79935.0000 61142.9251  23.5%   6.0  260s
 138676 83420 64351.0271   53    6 79935.0000 61146.8300  23.5%   6.1  265s
 141074 85301 62310.6182   39   24 79935.0000 61157.1862  23.5%   6.1  270s
 143503 87397 62821.3520   42   22 79935.0000 61183.6784  23.5%   6.1  276s
 146089 89295 62510.5613   49   17 79935.0000 61196.6436  23.4%   6.1  281s
 148321 91145 63484.4651   60    8 79935.0000 61212.1427  23.4%   6.1  285s
 150318 92969 63002.1004   45   19 79935.0000 61224.8470  23.4%   6.2  291s
 152519 94647 69142.0000   76    - 79935.0000 61225.4135  23.4%   6.2  296s
 154584 96461 62569.8455   49   18 79935.0000 61237.2002  23.4%   6.2  301s
 156817 98171 63749.6756   56   13 79935.0000 61238.4667  23.4%   6.2  307s
 158799 100034 67056.9054   58    8 79935.0000 61260.7247  23.4%   6.2  312s
 161158 102021 64263.6111   79    1 79935.0000 61270.0814  23.4%   6.3  318s
 163344 103871 64901.0621   68    3 79935.0000 61270.0814  23.4%   6.3  323s
 165650 105742 63227.6535   54   11 79935.0000 61294.8230  23.3%   6.3  329s
 167731 107601 63097.1140   49   12 79935.0000 61305.7754  23.3%   6.3  334s
 169046 107796 63245.7497   50   14 79935.0000 61306.6537  23.3%   6.3  335s
 169967 109437 72625.3503   81    1 79935.0000 61315.2184  23.3%   6.3  340s
 172169 111074 64452.8204   62   11 79935.0000 61325.7274  23.3%   6.3  346s
 174063 112427 62620.6248   47   24 79935.0000 61328.7639  23.3%   6.4  353s
 175570 114017 63384.4742   52   11 79935.0000 61337.1744  23.3%   6.4  358s
 177647 115602 64034.5756   38   20 79935.0000 61351.3272  23.2%   6.4  364s
 179538 117238 63010.6622   39   24 79935.0000 61360.4903  23.2%   6.4  370s
 181782 118125     cutoff   78      79935.0000 61368.3932  23.2%   6.4  376s
 182795 119211 62896.2460   47   18 79935.0000 61368.3932  23.2%   6.4  382s
 184173 119823 62946.5029   48   15 79935.0000 61368.3932  23.2%   6.4  389s
 184600 120745 66058.0000   73    - 79935.0000 61368.3932  23.2%   6.4  395s
 185960 122089 63491.8480   52   16 79935.0000 61371.7463  23.2%   6.4  401s
 187654 123502 62914.7201   51   17 79935.0000 61385.1574  23.2%   6.4  408s
 189137 125018 62639.9621   45   24 79935.0000 61390.5465  23.2%   6.5  415s
 191151 126698 62306.8451   44   23 79935.0000 61393.5375  23.2%   6.5  422s
 193114 128415 62486.8688   41   26 79935.0000 61406.5785  23.2%   6.5  429s
 195401 130189 63504.1100   47   16 79935.0000 61415.8779  23.2%   6.5  435s
 197412 131771 70048.0000   78    - 79935.0000 61422.6282  23.2%   6.5  442s
 199322 133512 62477.9938   41   25 79935.0000 61432.5142  23.1%   6.5  450s
 201429 135339 63764.7845   50   20 79935.0000 61439.5946  23.1%   6.5  457s
 203632 137082 62569.3658   46   14 79935.0000 61446.1270  23.1%   6.5  463s
 205717 138697 63753.7888   55   12 79935.0000 61448.0153  23.1%   6.6  470s
 207611 140343 62444.3745   43   18 79935.0000 61462.4396  23.1%   6.6  476s
 209718 141993 63967.6113   46   20 79935.0000 61468.4227  23.1%   6.6  483s
 211462 143604 62823.8553   47   23 79935.0000 61475.1822  23.1%   6.6  489s
 213412 145089 67187.7897   68    3 79935.0000 61475.1822  23.1%   6.6  496s
 215381 146697 66813.8147   68    2 79935.0000 61485.2230  23.1%   6.6  505s
 217223 148271 62779.0589   42   21 79935.0000 61491.9552  23.1%   6.7  512s
 219135 150124 63508.7281   60   10 79935.0000 61492.8269  23.1%   6.7  519s
 221414 151771 63251.7992   47   17 79935.0000 61504.1153  23.1%   6.7  527s
 223412 153416 63199.0718   50   13 79935.0000 61510.6162  23.0%   6.7  534s
 225180 154918 63436.5102   58   10 79935.0000 61510.6162  23.0%   6.7  541s
 227042 156520 64342.0431   62    9 79935.0000 61510.6162  23.0%   6.7  548s
 228815 157948 63723.8295   61    9 79935.0000 61511.7580  23.0%   6.7  556s
 230600 159733 67803.1702   81    2 79935.0000 61529.8382  23.0%   6.8  564s
 232772 161530 63237.6635   43   18 79935.0000 61529.8382  23.0%   6.8  572s
 234980 163280 63017.1988   48   17 79935.0000 61529.8382  23.0%   6.8  580s
 237066 164272 64591.6855   58    9 79935.0000 61544.5592  23.0%   6.8  590s
 237974 165670 64678.7225   59   11 79935.0000 61544.5592  23.0%   6.8  598s
 239810 165960 64271.0984   53   14 79935.0000 61546.4136  23.0%   6.8  600s

Cutting planes:
  Gomory: 3
  MIR: 10
  Flow cover: 9

Explored 239813 nodes (1629113 simplex iterations) in 600.56 seconds (206.32 work units)
Thread count was 32 (of 32 available processors)

Solution count 10: 79935 79995 81610 ... 106507

Time limit reached
Best objective 7.993500000000e+04, best bound 6.154641357881e+04, gap 23.0044%

User-callback calls 497112, time in user-callback 41.02 sec
