
Gurobi 13.0.2 (win64) logging started Thu Jul 16 16:32:50 2026

Set parameter LogFile to value "logs/kstar_nI20_nJ40_nK50_nL5_tI5_tJ5_s5_m1_exact_s0_20260716-163249.gurobi.log"
Set parameter Seed to value 0
Set parameter TimeLimit to value 599.9797551
Set parameter MIPGap to value 0
Set parameter MIPGapAbs to value 0.5
Set parameter Cutoff to value 1e+100
Gurobi Optimizer version 13.0.2 build v13.0.2rc1 (win64 - Windows 11+.0 (26200.2))

CPU model: Intel(R) Core(TM) i9-14900HX, instruction set [SSE2|AVX|AVX2]
Thread count: 24 physical cores, 32 logical processors, using up to 32 threads

Non-default parameters:
TimeLimit  599.9797551
MIPGap  0
MIPGapAbs  0.5
PreCrush  1
LazyConstraints  1

Optimize a model with 10 rows, 65 columns and 300 nonzeros (Min)
Model fingerprint: 0x618753b5
Model has 65 linear objective coefficients
Variable types: 5 continuous, 60 integer (60 binary)
Coefficient statistics:
  Matrix range     [1e+00, 6e+02]
  Objective range  [1e+00, 5e+02]
  Bounds range     [1e+00, 5e+03]
  RHS range        [6e+02, 7e+02]

Using branch priorities.
Presolve removed 8 rows and 0 columns
Presolve time: 0.00s
Presolved: 2 rows, 65 columns, 60 nonzeros
Variable types: 5 continuous, 60 integer (60 binary)

Root relaxation: objective 2.226812e+04, 5 iterations, 0.00 seconds (0.00 work units)

    Nodes    |    Current Node    |     Objective Bounds      |     Work
 Expl Unexpl |  Obj  Depth IntInf | Incumbent    BestBd   Gap | It/Node Time

     0     0 22268.1176    0    2          - 22268.1176      -     -    0s
H    0     0                    82799.000000 22268.1176  73.1%     -    0s
H    0     0                    79260.000000 22268.1176  71.9%     -    0s
H    0     0                    75137.000000 22268.1176  70.4%     -    0s
H    0     0                    66874.000000 22268.1176  66.7%     -    0s
H    0     0                    66676.000000 22268.1176  66.6%     -    0s
     0     0 22696.2421    0    6 66676.0000 22696.2421  66.0%     -    0s
     0     0 22739.7695    0    7 66676.0000 22739.7695  65.9%     -    0s
     0     0 22812.9514    0   13 66676.0000 22812.9514  65.8%     -    0s
     0     0 22816.7464    0   13 66676.0000 22816.7464  65.8%     -    0s
     0     2 22827.5938    0   15 66676.0000 22827.5938  65.8%     -    0s
H 3391  2899                    62600.000000 22932.8221  63.4%   3.4    1s
H 3397  2758                    59386.000000 23003.6174  61.3%   3.4    2s
H 3397  2620                    59314.000000 23003.6174  61.2%   3.4    2s
H 3410  2496                    57948.000000 23013.8197  60.3%   3.4    3s
H 3410  2371                    53291.000000 23013.8197  56.8%   3.4    3s
H 3419  2257                    50421.000000 23017.7474  54.3%   3.4    3s
  3931  2680 23504.6332   23   12 50421.0000 23100.4551  54.2%   5.2    5s
  8755  5381 24858.2727   52    2 50421.0000 23205.4786  54.0%   5.8   10s
 12869  8525 28083.0769   63    1 50421.0000 23268.6851  53.9%   5.8   15s
 17389 12419 23927.0992   32   10 50421.0000 23321.7207  53.7%   5.9   20s
 24113 18740 23653.6172   22   19 50421.0000 23351.9448  53.7%   6.0   25s
 29392 23488 24694.2651   56    4 50421.0000 23393.9690  53.6%   5.9   30s
 34182 26900 25176.4774   56    1 50421.0000 23428.9763  53.5%   6.0   35s
 35289 28238 24079.7408   33    7 50421.0000 23429.4783  53.5%   6.0   40s
 38244 31270 23645.2868   27   17 50421.0000 23451.4323  53.5%   6.0   46s
 41246 33658 23783.5091   26   17 50421.0000 23463.0096  53.5%   6.0   50s
 44314 36552 23893.9709   27   15 50421.0000 23476.4535  53.4%   6.0   56s
 47393 39161 24292.0548   33   12 50421.0000 23482.8073  53.4%   6.0   61s
 51000 41063 23908.1784   29   13 50421.0000 23498.0905  53.4%   6.0   72s
 51004 41066 25660.0000   64   30 50421.0000 23498.0905  53.4%   6.0   76s
 51010 41070 24828.3696   50   30 50421.0000 23498.0905  53.4%   6.0   80s
H51010 39016                    50203.000000 23498.0905  53.2%   6.0   81s
 51015 39019 23732.4352   31   29 50203.0000 23498.0905  53.2%   6.0   86s
 51023 39029 23498.0905   23   23 50203.0000 23498.0905  53.2%   6.0   90s
 51244 39303 23774.7123   30   17 50203.0000 23498.0905  53.2%   6.1   96s
 51745 39626 24015.6164   35   17 50203.0000 23498.0905  53.2%   6.3  100s
 52549 40149 24790.8469   43   12 50203.0000 23498.0905  53.2%   6.3  105s
 54051 40878 29372.7319   73    2 50203.0000 23498.0905  53.2%   6.4  110s
 54895 41711 24000.0631   37   17 50203.0000 23507.0377  53.2%   6.5  115s
 56627 42620 24762.8108   55    4 50203.0000 23531.1049  53.1%   6.5  120s
 58470 43714 24020.7225   39   16 50203.0000 23538.8865  53.1%   6.6  126s
 59342 44300 23879.7565   38   15 50203.0000 23538.8865  53.1%   6.6  130s
 61103 45192 23918.4861   33   21 50203.0000 23586.9642  53.0%   6.6  135s
 62675 46104 23826.9046   33   17 50203.0000 23586.9642  53.0%   6.7  140s
 64401 46728 24655.4944   51    7 50203.0000 23593.2308  53.0%   6.7  145s
 65470 47459 25029.2976   53    6 50203.0000 23620.2845  53.0%   6.7  150s
 67140 48378 28026.9063   68    1 50203.0000 23654.0264  52.9%   6.7  155s
 68839 49371 23920.7973   38   19 50203.0000 23654.0264  52.9%   6.8  160s
 69875 49259 23919.4914   36   22 50203.0000 23668.0472  52.9%   6.8  166s
 70604 50385 24037.4268   38   21 50203.0000 23668.0472  52.9%   6.8  172s
 71722 51208 24050.7913   39   18 50203.0000 23679.4414  52.8%   6.8  175s
 74328 52525 24170.2569   41   18 50203.0000 23689.7464  52.8%   6.8  183s
 75680 53163 24588.9192   49   12 50203.0000 23705.7984  52.8%   6.8  186s
 76958 53994 24742.6059   52   10 50203.0000 23712.8760  52.8%   6.8  190s
 79990 55719 24679.9859   43    6 50203.0000 23719.8917  52.8%   6.9  198s
 81496 56819 24102.7683   38   16 50203.0000 23724.0494  52.7%   6.9  202s
 83472 57637 24056.0585   35   20 50203.0000 23729.2791  52.7%   6.9  205s
 86505 59233 23890.0319   34   20 50203.0000 23738.4990  52.7%   6.9  214s
 88102 60173 24181.1120   44   14 50203.0000 23748.5623  52.7%   7.0  219s
 89772 61222 24367.9856   43   12 50203.0000 23751.2977  52.7%   7.0  224s
 91731 62385 24640.3104   48   12 50203.0000 23757.8799  52.7%   7.0  228s
 93762 63248 24475.6090   49    8 50203.0000 23757.8799  52.7%   7.0  233s
 95599 64522 24071.2873   35   21 50203.0000 23757.8799  52.7%   7.0  237s
 97799 65665 24842.1355   46    7 50203.0000 23771.2703  52.6%   7.0  243s
 99903 66623 24574.1351   50    9 50203.0000 23778.0097  52.6%   7.0  248s
 101618 67820 24644.4520   45   11 50203.0000 23778.0097  52.6%   7.1  253s
 104107 69171 24787.3095   60    4 50203.0000 23778.4239  52.6%   7.0  259s
 106418 70412 24136.0001   37   19 50203.0000 23778.4239  52.6%   7.1  264s
 108353 70051 24313.4900   40   14 50203.0000 23778.4239  52.6%   7.1  265s
 108877 71125 25284.2137   48   10 50203.0000 23796.8632  52.6%   7.1  275s
 110445 70860 24036.1920   35   22 50203.0000 23797.3618  52.6%   7.1  280s
 110506 72152 24108.1630   36   23 50203.0000 23798.2222  52.6%   7.1  286s
 112234 73399 26458.7288   65    1 50203.0000 23801.5339  52.6%   7.1  293s
 114502 74701 25182.9040   59    1 50203.0000 23803.5324  52.6%   7.1  300s
 116802 76106 24256.7801   38   20 50203.0000 23810.4675  52.6%   7.1  308s
 119405 77367 24072.7983   38   17 50203.0000 23816.0133  52.6%   7.1  315s
 121842 78571 30011.1045   75    1 50203.0000 23819.9042  52.6%   7.1  324s
 124569 80018 24187.5588   39   15 50203.0000 23825.4004  52.5%   7.1  333s
 127073 81990 24103.9993   33   18 50203.0000 23826.5140  52.5%   7.1  341s
 130325 83709 25412.4672   76    1 50203.0000 23831.7537  52.5%   7.1  349s
 133576 85364 24094.9318   34   21 50203.0000 23837.2046  52.5%   7.1  358s
 136767 86997 24152.3228   34   21 50203.0000 23843.0894  52.5%   7.2  367s
 139966 88267 27533.4424   65    2 50203.0000 23845.7332  52.5%   7.2  377s
 142555 89712 25784.5668   60    2 50203.0000 23850.5524  52.5%   7.2  384s
 142981 89640 25183.5491   49    4 50203.0000 23850.5524  52.5%   7.2  385s
 145370 91387 24181.6354   37   19 50203.0000 23854.5359  52.5%   7.2  393s
 148398 92754 24926.9717   47    8 50203.0000 23856.4109  52.5%   7.2  403s
 150996 94127 28687.0000   68    - 50203.0000 23856.4109  52.5%   7.2  412s
 153738 95923 24449.5740   44   13 50203.0000 23863.3014  52.5%   7.2  421s
 156799 97352 24418.4720   40   10 50203.0000 23865.5856  52.5%   7.2  431s
 159722 99215 24425.5541   38   19 50203.0000 23871.1019  52.5%   7.2  440s
 162904 100579 24187.7718   34   19 50203.0000 23872.5784  52.4%   7.2  449s
 165940 102115 24502.4116   40   17 50203.0000 23877.4489  52.4%   7.2  458s
 168849 102035 24368.8327   38   19 50203.0000 23881.8430  52.4%   7.2  466s
 169133 103320 24418.9276   39   16 50203.0000 23881.8430  52.4%   7.2  475s
 170885 104616 24442.6783   40   17 50203.0000 23883.7990  52.4%   7.2  484s
 173322 106820 24470.2552   41   15 50203.0000 23884.3915  52.4%   7.2  496s
 175523 108860 24513.5580   42   16 50203.0000 23888.8091  52.4%   7.2  506s
 177834 110555 24603.8576   43   12 50203.0000 23892.7958  52.4%   7.2  517s
 179802 112827 31977.0000   73    - 50203.0000 23892.7958  52.4%   7.2  527s
 182405 114678 24608.2568   40   12 50203.0000 23897.0766  52.4%   7.2  538s
 184421 116713 24525.8220   45   15 50203.0000 23899.5110  52.4%   7.2  549s
 186878 119039 24843.6839   48   10 50203.0000 23903.7214  52.4%   7.2  559s
 188638 119342 24942.0466   56    7 50203.0000 23904.7203  52.4%   7.2  560s
 189993 121240 24908.9130   45    6 50203.0000 23908.7306  52.4%   7.2  570s
 193101 123985 24504.2480   40   18 50203.0000 23911.4944  52.4%   7.2  580s
 195869 126510 24690.2013   44   13 50203.0000 23913.4844  52.4%   7.2  591s
 198580 126927 24240.6725   37   15 50203.0000 23919.3512  52.4%   7.2  598s
 198749 127021 24291.5016   38   16 50203.0000 23919.3512  52.4%   7.2  600s

Cutting planes:
  Gomory: 4
  MIR: 2
  StrongCG: 2

Explored 198844 nodes (1440209 simplex iterations) in 600.76 seconds (233.94 work units)
Thread count was 32 (of 32 available processors)

Solution count 10: 50203 50421 53291 ... 82799

Time limit reached
Best objective 5.020300000000e+04, best bound 2.391935118262e+04, gap 52.3547%

User-callback calls 418534, time in user-callback 52.38 sec
