
Gurobi 13.0.2 (win64) logging started Sat Jul 11 02:17:54 2026

Set parameter LogFile to value "logs/kstar_nI20_nJ20_nK100_nL5_tI3_tJ3_s3_m0_exact_s0_20260711-021753.gurobi.log"
Set parameter Seed to value 0
Set parameter TimeLimit to value 599.9843235
Set parameter NodefileStart to value 4
Set parameter MIPGap to value 0
Set parameter MIPGapAbs to value 0.9999
Set parameter Cutoff to value 1e+100
Gurobi Optimizer version 13.0.2 build v13.0.2rc1 (win64 - Windows 11+.0 (26200.2))

CPU model: Intel(R) Core(TM) i9-14900HX, instruction set [SSE2|AVX|AVX2]
Thread count: 24 physical cores, 32 logical processors, using up to 32 threads

Non-default parameters:
TimeLimit  599.9843235
MIPGap  0
MIPGapAbs  0.9999
NodefileStart  4

Optimize a model with 800 rows, 12040 columns and 34200 nonzeros (Min)
Model fingerprint: 0x27366e07
Model has 12040 linear objective coefficients
Variable types: 12000 continuous, 40 integer (40 binary)
Coefficient statistics:
  Matrix range     [1e+00, 1e+03]
  Objective range  [1e+00, 5e+02]
  Bounds range     [1e+00, 1e+00]
  RHS range        [5e+00, 2e+01]

Using branch priorities.
Found heuristic solution: objective 645891.00000
Presolve time: 0.02s
Presolved: 800 rows, 12040 columns, 34200 nonzeros
Variable types: 12000 continuous, 40 integer (40 binary)

Root relaxation: objective 6.071966e+04, 753 iterations, 0.00 seconds (0.01 work units)

    Nodes    |    Current Node    |     Objective Bounds      |     Work
 Expl Unexpl |  Obj  Depth IntInf | Incumbent    BestBd   Gap | It/Node Time

     0     0 60719.6612    0   38 645891.000 60719.6612  90.6%     -    0s
H    0     0                    69393.929305 60719.6612  12.5%     -    0s
H    0     0                    69386.929305 60719.6612  12.5%     -    0s
H    0     0                    69367.929305 67198.5114  3.13%     -    0s
     0     0 67198.5114    0   16 69367.9293 67198.5114  3.13%     -    0s
     0     0 67291.5083    0   16 69367.9293 67291.5083  2.99%     -    0s
H    0     0                    69153.904160 67291.5083  2.69%     -    0s
     0     0 68635.2697    0    6 69153.9042 68635.2697  0.75%     -    0s
     0     0 68665.7949    0    6 69153.9042 68665.7949  0.71%     -    0s
H    0     0                    68928.000000 68781.5735  0.21%     -    0s
     0     0 68790.7431    0    4 68928.0000 68790.7431  0.20%     -    0s
     0     0 68827.9582    0    3 68928.0000 68827.9582  0.15%     -    0s
H    0     0                    68882.384615 68827.9582  0.08%     -    0s
H    0     0                    68857.000000 68827.9582  0.04%     -    0s
     0     0 68855.0870    0    2 68857.0000 68855.0870  0.00%     -    0s

Cutting planes:
  Implied bound: 411
  MIR: 31
  Flow cover: 120
  Relax-and-lift: 5

Explored 1 nodes (1078 simplex iterations) in 0.19 seconds (0.21 work units)
Thread count was 32 (of 32 available processors)

Solution count 4: 68857 68928 69153.9 69367.9 

Optimal solution found (tolerance 0.00e+00)
Best objective 6.885700000000e+04, best bound 6.885700000000e+04, gap 0.0000%
