
Gurobi 13.0.2 (win64) logging started Wed Jul 15 20:49:52 2026

Set parameter LogFile to value "logs/kstar_nI40_nJ40_nK100_nL10_tI2_tJ2_s3_m0_exact_s0_20260715-204952.gurobi.log"
Set parameter Seed to value 0
Set parameter TimeLimit to value 599.9363097
Set parameter NodefileStart to value 4
Set parameter MIPGap to value 0
Set parameter MIPGapAbs to value 0.9999
Set parameter Cutoff to value 1e+100
Gurobi Optimizer version 13.0.2 build v13.0.2rc1 (win64 - Windows 11+.0 (26200.2))

CPU model: Intel(R) Core(TM) i9-14900HX, instruction set [SSE2|AVX|AVX2]
Thread count: 24 physical cores, 32 logical processors, using up to 32 threads

Non-default parameters:
TimeLimit  599.9363097
MIPGap  0
MIPGapAbs  0.9999
NodefileStart  4

Optimize a model with 2200 rows, 56080 columns and 152800 nonzeros (Min)
Model fingerprint: 0x90797e50
Model has 56080 linear objective coefficients
Variable types: 56000 continuous, 80 integer (80 binary)
Coefficient statistics:
  Matrix range     [1e+00, 1e+03]
  Objective range  [1e+00, 5e+02]
  Bounds range     [1e+00, 1e+00]
  RHS range        [5e+00, 2e+01]

Using branch priorities.
Found heuristic solution: objective 1261751.0000
Presolve time: 0.10s
Presolved: 2200 rows, 56080 columns, 152800 nonzeros
Variable types: 56000 continuous, 80 integer (80 binary)
Deterministic concurrent LP optimizer: primal and dual simplex
Showing primal log only...

Concurrent spin time: 0.00s

Solved with dual simplex

Root relaxation: objective 7.064582e+04, 1869 iterations, 0.05 seconds (0.07 work units)

    Nodes    |    Current Node    |     Objective Bounds      |     Work
 Expl Unexpl |  Obj  Depth IntInf | Incumbent    BestBd   Gap | It/Node Time

     0     0 70645.8187    0   80 1261751.00 70645.8187  94.4%     -    0s
H    0     0                    91956.583096 70645.8187  23.2%     -    0s
H    0     0                    91932.583096 70645.8187  23.2%     -    0s
H    0     0                    91894.583096 70645.8187  23.1%     -    0s
H    0     0                    91892.723185 70645.8187  23.1%     -    0s
     0     0 84458.8187    0   45 91892.7232 84458.8187  8.09%     -    0s
     0     0 87052.8344    0   36 91892.7232 87052.8344  5.27%     -    0s
H    0     0                    91862.472430 87063.7199  5.22%     -    0s
     0     0 87063.7199    0   36 91862.4724 87063.7199  5.22%     -    0s
     0     0 87070.9776    0   37 91862.4724 87070.9776  5.22%     -    0s
H    0     0                    91830.472430 87070.9776  5.18%     -    0s
     0     0 90049.1864    0   29 91830.4724 90049.1864  1.94%     -    0s
H    0     0                    91784.000000 90068.8531  1.87%     -    0s
H    0     0                    91765.000000 90068.8531  1.85%     -    0s
     0     0 90329.2413    0   27 91765.0000 90329.2413  1.56%     -    0s
     0     0 90370.7136    0   27 91765.0000 90370.7136  1.52%     -    0s
H    0     0                    91714.000000 90376.6073  1.46%     -    0s
H    0     0                    91708.000000 90376.6073  1.45%     -    0s
     0     0 90376.6073    0   27 91708.0000 90376.6073  1.45%     -    0s
H    0     0                    91647.000000 90376.6073  1.39%     -    0s
     0     0 90714.4989    0   19 91647.0000 90714.4989  1.02%     -    0s
H    0     0                    91403.983459 90763.8253  0.70%     -    1s
H    0     0                    91099.000000 90763.8253  0.37%     -    1s
     0     0 90769.2378    0   19 91099.0000 90769.2378  0.36%     -    1s
     0     0 90778.3729    0   19 91099.0000 90778.3729  0.35%     -    1s
     0     0 90887.2708    0   21 91099.0000 90887.2708  0.23%     -    1s
H    0     0                    90990.000000 90889.3752  0.11%     -    1s
     0     0 90900.2222    0   22 90990.0000 90900.2222  0.10%     -    1s
     0     0 90904.2522    0   16 90990.0000 90904.2522  0.09%     -    1s
H    0     0                    90935.000000 90906.6682  0.03%     -    1s
     0     0 90906.6682    0   17 90935.0000 90906.6682  0.03%     -    1s
     0     0 90908.0503    0   11 90935.0000 90908.0503  0.03%     -    1s
     0     0 90908.8358    0   11 90935.0000 90908.8358  0.03%     -    1s
     0     0 90908.8358    0   11 90935.0000 90908.8358  0.03%     -    1s
     0     0 90908.8358    0   11 90935.0000 90908.8358  0.03%     -    1s
     0     2 90908.8358    0   11 90935.0000 90908.8358  0.03%     -    1s

Cutting planes:
  Implied bound: 719
  MIR: 85
  Flow cover: 473
  Relax-and-lift: 11

Explored 8 nodes (3925 simplex iterations) in 1.76 seconds (1.82 work units)
Thread count was 32 (of 32 available processors)

Solution count 10: 90935 90990 91099 ... 91830.5

Optimal solution found (tolerance 0.00e+00)
Best objective 9.093500000000e+04, best bound 9.093500000000e+04, gap 0.0000%
