
Gurobi 13.0.2 (win64) logging started Thu Jul 16 19:23:33 2026

Set parameter LogFile to value "logs/kstar_nI40_nJ20_nK100_nL10_tI4_tJ4_s2_m1_exact_s0_20260716-192333.gurobi.log"
Set parameter Seed to value 0
Set parameter TimeLimit to value 599.9626264
Set parameter MIPGap to value 0
Set parameter MIPGapAbs to value 0.5
Set parameter Cutoff to value 1e+100
Gurobi Optimizer version 13.0.2 build v13.0.2rc1 (win64 - Windows 11+.0 (26200.2))

CPU model: Intel(R) Core(TM) i9-14900HX, instruction set [SSE2|AVX|AVX2]
Thread count: 24 physical cores, 32 logical processors, using up to 32 threads

Non-default parameters:
TimeLimit  599.9626264
MIPGap  0
MIPGapAbs  0.5
PreCrush  1
LazyConstraints  1

Optimize a model with 20 rows, 70 columns and 600 nonzeros (Min)
Model fingerprint: 0xf47f6ed5
Model has 70 linear objective coefficients
Variable types: 10 continuous, 60 integer (60 binary)
Coefficient statistics:
  Matrix range     [2e+00, 1e+03]
  Objective range  [1e+00, 5e+02]
  Bounds range     [1e+00, 1e+04]
  RHS range        [1e+03, 1e+03]

Using branch priorities.
Presolve removed 17 rows and 0 columns
Presolve time: 0.00s
Presolved: 3 rows, 70 columns, 100 nonzeros
Variable types: 10 continuous, 60 integer (60 binary)

Root relaxation: objective 1.018344e+05, 4 iterations, 0.00 seconds (0.00 work units)

    Nodes    |    Current Node    |     Objective Bounds      |     Work
 Expl Unexpl |  Obj  Depth IntInf | Incumbent    BestBd   Gap | It/Node Time

     0     0 101834.443    0    2          - 101834.443      -     -    0s
H    0     0                    551014.00000 101834.443  81.5%     -    0s
H    0     0                    493049.00000 101834.443  79.3%     -    0s
H    0     0                    479311.00000 101834.443  78.8%     -    0s
H    0     0                    479247.00000 101834.443  78.8%     -    0s
H    0     0                    477885.00000 101834.443  78.7%     -    0s
H    0     0                    430566.00000 101834.443  76.3%     -    0s
     0     0 102054.408    0    8 430566.000 102054.408  76.3%     -    0s
     0     0 102104.835    0   10 430566.000 102104.835  76.3%     -    0s
     0     0 102137.803    0   11 430566.000 102137.803  76.3%     -    0s
     0     0 102142.037    0   11 430566.000 102142.037  76.3%     -    0s
H    0     0                    389879.00000 102142.037  73.8%     -    0s
H    0     0                    369817.00000 102142.037  72.4%     -    0s
     0     2 102187.439    0   14 369817.000 102187.439  72.4%     -    0s
H 3434  2897                    331891.00000 102333.579  69.2%   3.2    4s
H 3434  2752                    311847.00000 102333.579  67.2%   3.2    4s
  3436  2753 102901.575   16   18 311847.000 102333.579  67.2%   3.2    5s
H 3436  2615                    283222.00000 102333.579  63.9%   3.2    5s
H 3446  2491                    271980.00000 102333.579  62.4%   3.2    6s
  4051  2919 103312.036   27    6 271980.000 102388.773  62.4%   4.9   10s
  5852  4086 119833.020   50    6 271980.000 102447.119  62.3%   5.0   15s
  7924  5004 182410.863   64    1 271980.000 102489.597  62.3%   4.9   20s
  8926  5515 102957.045   29   11 271980.000 102534.126  62.3%   5.0   25s
 10754  6553 102965.744   30   12 271980.000 102571.171  62.3%   5.0   30s
 13576  8809 113061.427   56    3 271980.000 102587.287  62.3%   4.9   35s
 15627 10484 104188.422   47    4 271980.000 102601.779  62.3%   4.9   40s
 16177 10913 110074.919   68    2 271980.000 102603.850  62.3%   5.0   46s
 16822 11451 103168.104   33   13 271980.000 102603.850  62.3%   5.0   50s
 17905 12572 103518.847   39   10 271980.000 102603.850  62.3%   5.0   55s
 19621 14090 105075.607   52    5 271980.000 102618.519  62.3%   5.0   60s
 22346 16483 103228.612   40   13 271980.000 102628.051  62.3%   5.1   65s
 24670 18004 103026.071   22   12 271980.000 102630.760  62.3%   5.1   70s
 25069 18539 103218.932   24   10 271980.000 102630.760  62.3%   5.1   75s
 25995 19474 103270.645   26   13 271980.000 102641.604  62.3%   5.1   80s
 27142 20383 103333.160   28    7 271980.000 102641.604  62.3%   5.1   86s
 28229 21137 103453.806   30    9 271980.000 102685.992  62.2%   5.2   91s
 29186 22327 103633.847   32    7 271980.000 102690.980  62.2%   5.2   98s
 30082 23267 103634.083   33    7 271980.000 102695.942  62.2%   5.1  102s
 31155 24060 103394.433   34    9 271980.000 102695.942  62.2%   5.2  105s
 33237 26048 102900.506   30   14 271980.000 102718.298  62.2%   5.2  113s
 34490 27176 102969.006   29   12 271980.000 102730.259  62.2%   5.2  117s
 35772 28356 103275.568   37   12 271980.000 102731.818  62.2%   5.2  122s
 37297 29639 103474.407   30   20 271980.000 102736.661  62.2%   5.2  127s
 38781 31040 103008.678   31   13 271980.000 102750.661  62.2%   5.2  132s
 40467 32346 103492.575   33   14 271980.000 102757.790  62.2%   5.2  137s
 42074 33738 102951.257   25   14 271980.000 102758.734  62.2%   5.3  142s
 44057 35549 104479.108   55    1 271980.000 102764.893  62.2%   5.2  147s
 46035 36119 103134.714   28   14 271980.000 102773.603  62.2%   5.2  153s
 46402 36712 103264.441   29   14 271980.000 102773.656  62.2%   5.2  158s
 47236 37575 103315.982   30   15 271980.000 102773.856  62.2%   5.2  163s
 48234 38516 103463.258   31   12 271980.000 102776.703  62.2%   5.2  169s
 49373 39447 103567.442   32   13 271980.000 102781.296  62.2%   5.2  176s
 50519 40393 103622.059   33   10 271980.000 102785.179  62.2%   5.3  182s
 51751 41437 103824.086   34    7 271980.000 102785.179  62.2%   5.3  189s
 53066 42506 103834.987   35    9 271980.000 102787.892  62.2%   5.3  196s
 54325 42729 103120.112   31   11 271980.000 102790.683  62.2%   5.3  213s
H54326 40593                    232047.00000 102790.683  55.7%   5.3  215s
 54330 40595 104987.849   61   25 232047.000 102790.683  55.7%   5.3  222s
H54330 38565                    217238.00000 102790.683  52.7%   5.3  225s
H54333 36639                    207713.00000 102790.683  50.5%   5.3  231s
 54338 36643 108937.044   56   30 207713.000 102790.683  50.5%   5.3  236s
H54341 34812                    199416.00000 102790.683  48.5%   5.3  241s
H54342 34812                    196428.00000 102790.683  47.7%   5.3  241s
 54344 34814 104287.000   67   29 196428.000 102790.683  47.7%   5.3  245s
 54361 34842 102884.924   28   21 196428.000 102790.683  47.7%   5.3  250s
 54461 35021 103030.588   31   19 196428.000 102790.683  47.7%   5.3  255s
 54756 35123 105195.918   33   12 196428.000 102790.683  47.7%   5.4  260s
 54929 35280 106066.571   35    8 196428.000 102790.683  47.7%   5.4  265s
 55261 35524 106211.103   39    5 196428.000 102790.683  47.7%   5.5  270s
 55636 35716 106560.565   43    5 196428.000 102790.683  47.7%   5.5  275s
 56017 35886 106761.781   48    5 196428.000 102802.790  47.7%   5.5  280s
 56550 36187 113961.629   57    2 196428.000 102863.297  47.6%   5.5  286s
 57164 36470 114873.553   64    2 196428.000 102863.297  47.6%   5.5  291s
 57681 36829 122342.646   70    1 196428.000 102863.297  47.6%   5.5  296s
 58254 37226 182404.750   76    1 196428.000 102863.297  47.6%   5.5  300s
 59552 37623 104029.522   42    6 196428.000 102971.408  47.6%   5.5  306s
 60074 38191 104911.464   53    2 196428.000 102971.408  47.6%   5.5  312s
 60658 38342 103388.744   38   15 196428.000 102973.878  47.6%   5.5  315s
 61491 38871 117045.815   78    3 196428.000 102973.878  47.6%   5.5  320s
 62646 39515 103255.347   31   17 196428.000 103017.851  47.6%   5.5  325s
 64025 40075 109089.000   78    - 196428.000 103056.439  47.5%   5.5  331s
 65371 40405 103950.951   56    7 196428.000 103084.092  47.5%   5.5  337s
 65456 40673 104100.339   57    5 196428.000 103084.092  47.5%   5.5  341s
 65939 40978 105691.532   79    2 196428.000 103095.713  47.5%   5.5  345s
 66998 41623 104675.000   66    1 196428.000 103099.887  47.5%   5.5  352s
 67697 41545 103482.078   35   15 196428.000 103118.883  47.5%   5.5  356s
 67941 41838 103739.095   39   11 196428.000 103118.883  47.5%   5.5  360s
 68927 42509 105720.813   64    3 196428.000 103120.832  47.5%   5.5  367s
 69578 42976 104058.244   48    7 196428.000 103120.832  47.5%   5.5  371s
 70388 43408 103352.992   39   16 196428.000 103144.519  47.5%   5.5  376s
 71227 43898 103645.689   40   13 196428.000 103148.307  47.5%   5.5  380s
 72154 44303 103431.931   35   16 196428.000 103148.307  47.5%   5.5  385s
 74038 45438 103481.030   37   15 196428.000 103172.368  47.5%   5.5  393s
 75218 46140 103893.478   35   13 196428.000 103190.484  47.5%   5.5  398s
 76476 46778 103524.947   37   13 196428.000 103197.111  47.5%   5.5  403s
 77705 47369 103314.969   36   12 196428.000 103197.111  47.5%   5.5  408s
 79156 47599 103572.274   36   14 196428.000 103212.041  47.5%   5.5  413s
 80739 48393 105303.906   68    6 196428.000 103217.742  47.5%   5.4  419s
 82069 49009 104298.808   51    4 196428.000 103217.742  47.5%   5.4  424s
 83320 48917 103986.669   43   11 196428.000 103221.419  47.5%   5.4  430s
 83451 48975 104000.196   44    8 196428.000 103221.419  47.5%   5.4  437s
 83601 49534 104068.102   45    7 196428.000 103221.419  47.5%   5.4  442s
 84459 50049 103708.403   43   16 196428.000 103230.814  47.4%   5.4  448s
 85403 50603 104765.463   65    1 196428.000 103230.814  47.4%   5.4  454s
 86650 51536 103525.179   34   19 196428.000 103233.829  47.4%   5.4  460s
 88106 52197 109273.000   79    - 196428.000 103238.307  47.4%   5.4  467s
 89562 52813 103552.699   35   19 196428.000 103247.123  47.4%   5.4  475s
 91083 53519 103758.178   42   17 196428.000 103250.404  47.4%   5.4  483s
 92327 54531 104236.892   42   15 196428.000 103257.277  47.4%   5.5  490s
 94017 54441 104288.816   50   13 196428.000 103257.277  47.4%   5.5  497s
 94438 55389 104375.535   49   13 196428.000 103257.277  47.4%   5.4  506s
 95937 56217 111072.615   69    1 196428.000 103264.515  47.4%   5.4  515s
 97691 57248 103698.373   38   15 196428.000 103273.755  47.4%   5.5  524s
 97915 57208 104087.550   48   11 196428.000 103273.755  47.4%   5.4  525s
 99699 58118 107214.000   60    - 196428.000 103277.909  47.4%   5.4  534s
 100362 57977 103738.711   43   15 196428.000 103278.824  47.4%   5.5  535s
 101214 59239 104721.502   43   11 196428.000 103278.824  47.4%   5.5  544s
 103452 60082 105827.000   69    - 196428.000 103290.233  47.4%   5.5  554s
 104369 59913 104046.545   45   13 196428.000 103292.277  47.4%   5.5  555s
 105190 61124 105292.431   66    1 196428.000 103296.925  47.4%   5.5  565s
 107469 62615 104500.846   52    9 196428.000 103297.917  47.4%   5.5  576s
 109962 62596 104160.523   41   14 196428.000 103306.889  47.4%   5.5  586s
 110691 63636 104248.272   42   11 196428.000 103306.889  47.4%   5.5  598s

Cutting planes:
  Cover: 3
  MIR: 12
  StrongCG: 2
  Flow cover: 5

Explored 112363 nodes (614178 simplex iterations) in 600.68 seconds (260.59 work units)
Thread count was 32 (of 32 available processors)

Solution count 10: 196428 199416 207713 ... 369817

Time limit reached
Best objective 1.964280000000e+05, best bound 1.033081278879e+05, gap 47.4066%

User-callback calls 265245, time in user-callback 82.75 sec
