
Gurobi 13.0.2 (win64) logging started Wed Jul 15 20:49:17 2026

Set parameter LogFile to value "logs/kstar_nI40_nJ20_nK100_nL5_tI5_tJ5_s1_m0_exact_s0_20260715-204917.gurobi.log"
Set parameter Seed to value 0
Set parameter TimeLimit to value 599.9819666
Set parameter NodefileStart to value 4
Set parameter MIPGap to value 0
Set parameter MIPGapAbs to value 0.9999
Set parameter Cutoff to value 1e+100
Gurobi Optimizer version 13.0.2 build v13.0.2rc1 (win64 - Windows 11+.0 (26200.2))

CPU model: Intel(R) Core(TM) i9-14900HX, instruction set [SSE2|AVX|AVX2]
Thread count: 24 physical cores, 32 logical processors, using up to 32 threads

Non-default parameters:
TimeLimit  599.9819666
MIPGap  0
MIPGapAbs  0.9999
NodefileStart  4

Optimize a model with 900 rows, 14060 columns and 38300 nonzeros (Min)
Model fingerprint: 0x5c024d1e
Model has 14060 linear objective coefficients
Variable types: 14000 continuous, 60 integer (60 binary)
Coefficient statistics:
  Matrix range     [1e+00, 1e+03]
  Objective range  [1e+00, 5e+02]
  Bounds range     [1e+00, 1e+00]
  RHS range        [5e+00, 2e+01]

Using branch priorities.
Found heuristic solution: objective 636863.00000
Presolve time: 0.02s
Presolved: 900 rows, 14060 columns, 38300 nonzeros
Variable types: 14000 continuous, 60 integer (60 binary)

Root relaxation: objective 5.436944e+04, 763 iterations, 0.00 seconds (0.01 work units)

    Nodes    |    Current Node    |     Objective Bounds      |     Work
 Expl Unexpl |  Obj  Depth IntInf | Incumbent    BestBd   Gap | It/Node Time

     0     0 54369.4379    0   51 636863.000 54369.4379  91.5%     -    0s
H    0     0                    65712.583871 54369.4379  17.3%     -    0s
H    0     0                    65097.000000 54369.4379  16.5%     -    0s
     0     0 58089.0763    0   36 65097.0000 58089.0763  10.8%     -    0s
     0     0 61313.9051    0   36 65097.0000 61313.9051  5.81%     -    0s
     0     0 61419.1544    0   37 65097.0000 61419.1544  5.65%     -    0s
     0     0 61420.4001    0   37 65097.0000 61420.4001  5.65%     -    0s
     0     0 62236.1110    0   34 65097.0000 62236.1110  4.39%     -    0s
     0     0 62409.4664    0   33 65097.0000 62409.4664  4.13%     -    0s
     0     0 62465.7808    0   33 65097.0000 62465.7808  4.04%     -    0s
     0     0 62472.3378    0   32 65097.0000 62472.3378  4.03%     -    0s
     0     0 62474.0676    0   32 65097.0000 62474.0676  4.03%     -    0s
H    0     0                    63848.000000 62474.0676  2.15%     -    0s
     0     0 62700.5371    0   29 63848.0000 62700.5371  1.80%     -    0s
     0     0 62797.5024    0   22 63848.0000 62797.5024  1.65%     -    0s
     0     0 62815.1457    0    8 63848.0000 62815.1457  1.62%     -    0s
     0     0 62819.8720    0    8 63848.0000 62819.8720  1.61%     -    0s
H    0     0                    63799.337265 62819.8720  1.54%     -    0s
H    0     0                    63690.364548 62819.8720  1.37%     -    0s
H    0     0                    63678.428571 62819.8720  1.35%     -    0s
H    0     0                    63458.000000 62819.8720  1.01%     -    0s
H    0     0                    63401.000000 62819.8720  0.92%     -    0s
     0     0 62834.9229    0    3 63401.0000 62834.9229  0.89%     -    0s
H    0     0                    63372.805927 62834.9229  0.85%     -    0s
H    0     0                    63072.012916 62834.9229  0.38%     -    0s
H    0     0                    62852.000000 62834.9229  0.03%     -    0s
     0     0 62835.3339    0   20 62852.0000 62835.3339  0.03%     -    0s
     0     0 62835.5943    0    2 62852.0000 62835.5943  0.03%     -    0s
     0     0 62842.4762    0    2 62852.0000 62842.4762  0.02%     -    0s
     0     0     cutoff    0      62852.0000 62852.0000  0.00%     -    0s

Cutting planes:
  Implied bound: 344
  MIR: 140
  Flow cover: 64
  Relax-and-lift: 1

Explored 1 nodes (2076 simplex iterations) in 0.36 seconds (0.38 work units)
Thread count was 32 (of 32 available processors)

Solution count 10: 62852 63072 63401 ... 65712.6

Optimal solution found (tolerance 0.00e+00)
Best objective 6.285200000000e+04, best bound 6.285200000000e+04, gap 0.0000%
