
Gurobi 13.0.2 (win64) logging started Thu Jul 16 02:49:01 2026

Set parameter LogFile to value "logs/kstar_nI20_nJ40_nK100_nL10_tI4_tJ4_s3_m1_exact_s0_20260716-024901.gurobi.log"
Set parameter Seed to value 0
Set parameter TimeLimit to value 599.9420793
Set parameter MIPGap to value 0
Set parameter MIPGapAbs to value 0.5
Set parameter Cutoff to value 1e+100
Gurobi Optimizer version 13.0.2 build v13.0.2rc1 (win64 - Windows 11+.0 (26200.2))

CPU model: Intel(R) Core(TM) i9-14900HX, instruction set [SSE2|AVX|AVX2]
Thread count: 24 physical cores, 32 logical processors, using up to 32 threads

Non-default parameters:
TimeLimit  599.9420793
MIPGap  0
MIPGapAbs  0.5
PreCrush  1
LazyConstraints  1

Optimize a model with 20 rows, 70 columns and 600 nonzeros (Min)
Model fingerprint: 0xba4fa49d
Model has 70 linear objective coefficients
Variable types: 10 continuous, 60 integer (60 binary)
Coefficient statistics:
  Matrix range     [2e+00, 1e+03]
  Objective range  [1e+00, 5e+02]
  Bounds range     [1e+00, 9e+03]
  RHS range        [1e+03, 1e+03]

Using branch priorities.
Presolve removed 15 rows and 0 columns
Presolve time: 0.00s
Presolved: 5 rows, 70 columns, 160 nonzeros
Variable types: 10 continuous, 60 integer (60 binary)

Root relaxation: objective 8.222061e+04, 5 iterations, 0.00 seconds (0.00 work units)

    Nodes    |    Current Node    |     Objective Bounds      |     Work
 Expl Unexpl |  Obj  Depth IntInf | Incumbent    BestBd   Gap | It/Node Time

     0     0 82220.6095    0    2          - 82220.6095      -     -    0s
H    0     0                    493132.00000 82220.6095  83.3%     -    0s
H    0     0                    412664.00000 82220.6095  80.1%     -    0s
H    0     0                    394353.00000 82220.6095  79.2%     -    0s
     0     0 82297.3449    0    7 394353.000 82297.3449  79.1%     -    0s
     0     0 82390.8055    0    7 394353.000 82390.8055  79.1%     -    0s
H    0     0                    393998.00000 82397.7394  79.1%     -    0s
H    0     0                    378788.00000 82397.7394  78.2%     -    0s
     0     0 82467.0822    0    9 378788.000 82467.0822  78.2%     -    0s
     0     0 82469.8243    0    9 378788.000 82469.8243  78.2%     -    0s
H    0     0                    348647.00000 82469.8243  76.3%     -    0s
H    0     0                    308980.00000 82469.8243  73.3%     -    0s
     0     2 82596.2248    0   12 308980.000 82596.2248  73.3%     -    0s
  2699  2641 83992.6989   45    1 308980.000 82668.8165  73.2%   3.1    5s
H 3292  2759                    260622.00000 82678.8026  68.3%   3.1    7s
H 3297  2624                    252352.00000 82678.8026  67.2%   3.1    9s
  3301  2627 82947.8230   27   21 252352.000 82686.4734  67.2%   3.1   10s
H 3301  2495                    237421.00000 82689.5713  65.2%   3.1   10s
H 3302  2495                    233909.00000 82689.5713  64.6%   3.1   10s
  3693  2799 82967.4029   20   12 233909.000 82728.1518  64.6%   4.4   15s
  4571  3356 83151.6599   26    9 233909.000 82728.1518  64.6%   4.9   20s
  5712  4060 83399.3303   33   10 233909.000 82764.3837  64.6%   5.0   25s
  6886  4701 83561.1559   46    4 233909.000 82779.0607  64.6%   4.8   30s
  8317  5297 97281.0000   60    - 233909.000 82835.4867  64.6%   4.7   35s
  8900  5721 94737.0000   62    - 233909.000 82840.1064  64.6%   4.7   40s
 10110  6253 83255.9282   23    8 233909.000 82842.0237  64.6%   4.6   45s
 11488  7186 82968.4844   25   14 233909.000 82848.1502  64.6%   4.7   50s
 13045  8732 83193.1067   22   10 233909.000 82853.1813  64.6%   4.5   55s
 14852 10304 83655.2442   25    2 233909.000 82853.1813  64.6%   4.5   60s
 16463 11259 84418.5835   36    2 233909.000 82870.1126  64.6%   4.5   66s
 17098 12112 85713.5405   52    1 233909.000 82870.1126  64.6%   4.5   70s
 18614 13392 83498.5565   30    6 233909.000 82870.1126  64.6%   4.5   76s
 20159 14851 83930.7285   43    4 233909.000 82870.1126  64.6%   4.5   81s
 21823 16041 83648.2816   34    6 233909.000 82900.5887  64.6%   4.5   85s
 23610 17977 83053.7764   24   16 233909.000 82907.8067  64.6%   4.5   90s
 25807 19288 83459.2073   38    6 233909.000 82909.9210  64.6%   4.6   95s
 27571 21388 83551.9768   32    9 233909.000 82909.9210  64.6%   4.6  101s
 29526 23051 82978.3677   19   18 233909.000 82935.6818  64.5%   4.6  106s
 30705 23878 84507.4632   44    3 233909.000 82936.6881  64.5%   4.7  110s
 31559 24349 83189.5723   23   13 233909.000 82937.1572  64.5%   4.7  116s
 32031 24618 83270.7648   25   14 233909.000 82938.2871  64.5%   4.7  122s
 32242 25002 83355.0583   26   15 233909.000 82938.2871  64.5%   4.7  125s
 33305 25991 83457.1325   28   13 233909.000 82941.2426  64.5%   4.7  132s
 33980 26531 83469.8009   29   11 233909.000 82945.7092  64.5%   4.7  135s
 34659 27236 83476.9482   30    9 233909.000 82945.7092  64.5%   4.7  140s
 36162 28378 83626.0901   32    3 233909.000 82952.0419  64.5%   4.7  145s
 37885 30069 83644.1009   33   10 233909.000 82953.2944  64.5%   4.7  154s
 38958 31279 83715.5735   38    9 233909.000 82953.2944  64.5%   4.7  159s
 40370 32490 83435.5458   34   12 233909.000 82957.8579  64.5%   4.7  164s
 41860 33643 83503.8174   36    9 233909.000 82963.0382  64.5%   4.8  171s
 43344 35076 83545.9132   31    8 233909.000 82964.5159  64.5%   4.8  176s
 44944 36450 83685.1825   37   12 233909.000 82973.8036  64.5%   4.8  182s
 46523 37543 83544.6701   27    9 233909.000 82976.8580  64.5%   4.8  188s
 48300 39138 83201.9372   20   15 233909.000 82976.8580  64.5%   4.8  194s
 50352 41110 83100.5367   23   16 233909.000 82983.4151  64.5%   4.8  201s
 52520 41435 84635.0000   64    9 233909.000 82983.5017  64.5%   4.8  215s
 52523 41437 84004.4929   37   23 233909.000 82983.5017  64.5%   4.8  220s
 52525 41438 85807.5670   59   23 233909.000 82983.5017  64.5%   4.8  226s
 52528 41440 83157.1196   20   24 233909.000 82983.5017  64.5%   4.8  231s
 52531 41442 83471.5089   44   25 233909.000 82983.5017  64.5%   4.8  235s
 52533 41444 84098.9511   50   25 233909.000 82983.5017  64.5%   4.8  240s
H52535 39372                    223540.00000 82983.5017  62.9%   4.8  245s
H52536 39375                    216224.00000 82983.5017  61.6%   4.8  246s
 52567 39426 82983.5017   25   21 216224.000 82983.5017  61.6%   4.8  250s
 52631 39554 82983.5017   27   22 216224.000 82983.5017  61.6%   4.8  255s
 52780 39613 82983.5017   29   21 216224.000 82983.5017  61.6%   4.9  261s
 53143 39908 83308.9128   32   17 216224.000 82983.5017  61.6%   5.0  266s
 53484 40038 83259.3315   34   17 216224.000 82983.5017  61.6%   5.0  270s
 53646 40144 83281.1141   35   19 216224.000 82983.5017  61.6%   5.1  275s
 54029 40358 83543.7777   37   14 216224.000 82983.5017  61.6%   5.1  281s
 54473 40747 83585.2120   41   12 216224.000 82983.5017  61.6%   5.1  285s
 55125 41139 83890.7947   46   12 216224.000 82983.5017  61.6%   5.1  290s
 56010 41557 84575.9754   51    7 216224.000 82983.5017  61.6%   5.1  296s
 56770 42150 85276.0901   62    2 216224.000 82983.5017  61.6%   5.2  301s
 57737 42339 85525.5634   77    1 216224.000 82983.5017  61.6%   5.2  305s
 58207 42839 83237.8129   35   17 216224.000 82983.5017  61.6%   5.2  311s
 58744 43004 83808.6061   45    8 216224.000 82983.5017  61.6%   5.2  318s
 59022 42966 83581.4940   43   10 216224.000 82983.5017  61.6%   5.2  322s
 59063 43270 83552.7194   45    9 216224.000 82983.5017  61.6%   5.2  326s
 59487 43602 84831.4991   74    1 216224.000 82983.5017  61.6%   5.2  330s
 60856 44422 83518.8906   39   15 216224.000 82983.5017  61.6%   5.3  337s
 61551 44864 85340.8429   65    1 216224.000 82983.5017  61.6%   5.3  341s
 62413 45330 83512.9296   39   13 216224.000 82983.5017  61.6%   5.3  345s
 63947 45859 83197.8667   27   21 216224.000 82983.5017  61.6%   5.3  350s
 65525 46989 83402.7919   37   18 216224.000 82989.6378  61.6%   5.3  358s
 66719 46845 85027.9968   75    1 216224.000 82989.6378  61.6%   5.3  364s
 66757 46873 85212.0000   76    - 216224.000 82989.6378  61.6%   5.4  369s
 66832 47252 83557.6284   36   15 216224.000 82989.6378  61.6%   5.4  374s
 67316 47997 84056.3800   55    9 216224.000 82989.6378  61.6%   5.4  378s
 68645 47791 83483.3421   31   10 216224.000 83009.7565  61.6%   5.4  380s
 69860 48337 83537.9734   32   11 216224.000 83045.6694  61.6%   5.4  385s
 69861 49263 83391.4830   35   16 216224.000 83045.6694  61.6%   5.4  390s
 71093 49961 83274.1045   31   18 216224.000 83052.8200  61.6%   5.4  395s
 72535 50766 83179.1471   31   17 216224.000 83055.9278  61.6%   5.4  401s
 74022 51371 83164.9631   35   19 216224.000 83066.8613  61.6%   5.4  407s
 75100 51945 84568.9912   69    2 216224.000 83066.8761  61.6%   5.5  413s
 76252 52812 84213.9505   54    1 216224.000 83066.8761  61.6%   5.5  419s
 77157 52613 83435.2553   37   21 216224.000 83068.5599  61.6%   5.5  420s
 77678 52536 84462.3609   46    3 216224.000 83089.6031  61.6%   5.5  426s
 77710 53167 84281.9121   46    4 216224.000 83089.6031  61.6%   5.6  433s
 78728 53056 83362.1675   35   15 216224.000 83091.6229  61.6%   5.6  438s
 78790 53889 83423.5149   36   16 216224.000 83091.6229  61.6%   5.6  446s
 80377 54779 83543.7999   35   15 216224.000 83091.9295  61.6%   5.6  454s
 81676 54560 85772.7348   68    1 216224.000 83096.5957  61.6%   5.6  455s
 81932 55559 83300.4869   35   18 216224.000 83101.8237  61.6%   5.6  462s
 83514 56772 83520.2942   36   17 216224.000 83106.8998  61.6%   5.6  470s
 85553 57606 83581.1883   39   16 216224.000 83115.4983  61.6%   5.6  479s
 87223 58719 84130.8100   49    6 216224.000 83122.3501  61.6%   5.6  488s
 89062 58327 83739.1390   43   11 216224.000 83127.6029  61.6%   5.6  490s
 89137 59345 84248.9871   52    2 216224.000 83127.6029  61.6%   5.6  496s
 90539 59172 84164.6288   66    1 216224.000 83127.7110  61.6%   5.7  504s
 90726 60115 84164.9511   67    1 216224.000 83127.7110  61.6%   5.7  514s
 92176 61257 112749.659   76    1 216224.000 83127.9406  61.6%   5.7  524s
 93198 61051 83978.2393   42    8 216224.000 83133.6523  61.6%   5.7  525s
 94128 62528 83490.3695   40   15 216224.000 83133.6523  61.6%   5.7  534s
 94751 62386 84038.6864   48    9 216224.000 83133.6523  61.6%   5.7  535s
 96279 63715 86332.6071   68    1 216224.000 83143.2349  61.5%   5.7  545s
 98522 63329 83568.6394   36   18 216224.000 83143.2349  61.5%   5.7  553s
 98594 64558 83601.0145   37   18 216224.000 83150.2540  61.5%   5.8  564s
 100197 65696 84377.1373   56    6 216224.000 83151.2341  61.5%   5.8  575s
 102230 65429 83657.4681   40   18 216224.000 83157.5532  61.5%   5.8  584s
 102480 66996 83661.8465   41   18 216224.000 83157.5532  61.5%   5.8  596s
 104659 66640 83340.4453   32   22 216224.000 83157.5532  61.5%   5.8  600s

Cutting planes:
  Gomory: 1
  Cover: 2
  MIR: 4
  StrongCG: 1
  Flow cover: 2

Explored 104726 nodes (610315 simplex iterations) in 601.14 seconds (256.31 work units)
Thread count was 32 (of 32 available processors)

Solution count 10: 216224 223540 233909 ... 394353

Time limit reached
Best objective 2.162240000000e+05, best bound 8.315755319279e+04, gap 61.5410%

User-callback calls 229196, time in user-callback 158.09 sec
