
Gurobi 13.0.2 (win64) logging started Sat Jul 11 02:58:05 2026

Set parameter LogFile to value "logs/kstar_nI20_nJ20_nK100_nL5_tI4_tJ4_s2_m0_exact_s0_20260711-025805.gurobi.log"
Set parameter Seed to value 0
Set parameter TimeLimit to value 599.9826863
Set parameter NodefileStart to value 4
Set parameter MIPGap to value 0
Set parameter MIPGapAbs to value 0.9999
Set parameter Cutoff to value 1e+100
Gurobi Optimizer version 13.0.2 build v13.0.2rc1 (win64 - Windows 11+.0 (26200.2))

CPU model: Intel(R) Core(TM) i9-14900HX, instruction set [SSE2|AVX|AVX2]
Thread count: 24 physical cores, 32 logical processors, using up to 32 threads

Non-default parameters:
TimeLimit  599.9826863
MIPGap  0
MIPGapAbs  0.9999
NodefileStart  4

Optimize a model with 800 rows, 12040 columns and 34200 nonzeros (Min)
Model fingerprint: 0xae9ba3b5
Model has 12040 linear objective coefficients
Variable types: 12000 continuous, 40 integer (40 binary)
Coefficient statistics:
  Matrix range     [1e+00, 1e+03]
  Objective range  [1e+00, 5e+02]
  Bounds range     [1e+00, 1e+00]
  RHS range        [5e+00, 2e+01]

Using branch priorities.
Found heuristic solution: objective 673199.00000
Presolve time: 0.03s
Presolved: 800 rows, 12040 columns, 34200 nonzeros
Variable types: 12000 continuous, 40 integer (40 binary)

Root relaxation: objective 6.701298e+04, 796 iterations, 0.01 seconds (0.01 work units)

    Nodes    |    Current Node    |     Objective Bounds      |     Work
 Expl Unexpl |  Obj  Depth IntInf | Incumbent    BestBd   Gap | It/Node Time

     0     0 67012.9829    0   36 673199.000 67012.9829  90.0%     -    0s
H    0     0                    74458.090961 67012.9829  10.0%     -    0s
H    0     0                    74409.262530 67012.9829  9.94%     -    0s
H    0     0                    74407.952186 67012.9829  9.94%     -    0s
     0     0 72785.8341    0   11 74407.9522 72785.8341  2.18%     -    0s
H    0     0                    74360.355991 72819.0427  2.07%     -    0s
     0     0 72819.0427    0   10 74360.3560 72819.0427  2.07%     -    0s
     0     0 73498.2837    0    5 74360.3560 73498.2837  1.16%     -    0s
     0     0 73603.3995    0    5 74360.3560 73603.3995  1.02%     -    0s
H    0     0                    74343.594767 73603.3995  1.00%     -    0s
     0     0 73724.8570    0    2 74343.5948 73724.8570  0.83%     -    0s
H    0     0                    74205.106627 73724.8570  0.65%     -    0s
     0     0 73759.4623    0    1 74205.1066 73759.4623  0.60%     -    0s
*    0     0               0    73766.000000 73766.0000  0.00%     -    0s

Cutting planes:
  Implied bound: 403
  MIR: 26
  Flow cover: 99
  Relax-and-lift: 6

Explored 1 nodes (1136 simplex iterations) in 0.21 seconds (0.21 work units)
Thread count was 32 (of 32 available processors)

Solution count 3: 73766 74205.1 74343.6 

Optimal solution found (tolerance 0.00e+00)
Best objective 7.376600000000e+04, best bound 7.376600000000e+04, gap 0.0000%
