
Gurobi 13.0.2 (win64) logging started Fri Jul 17 20:44:55 2026

Set parameter LogFile to value "logs/kstar_nI40_nJ40_nK50_nL10_tI4_tJ4_s3_m1_exact_s0_20260717-204455.gurobi.log"
Set parameter Seed to value 0
Set parameter TimeLimit to value 599.9546869
Set parameter MIPGap to value 0
Set parameter MIPGapAbs to value 0.5
Set parameter Cutoff to value 1e+100
Gurobi Optimizer version 13.0.2 build v13.0.2rc1 (win64 - Windows 11+.0 (26200.2))

CPU model: Intel(R) Core(TM) i9-14900HX, instruction set [SSE2|AVX|AVX2]
Thread count: 24 physical cores, 32 logical processors, using up to 32 threads

Non-default parameters:
TimeLimit  599.9546869
MIPGap  0
MIPGapAbs  0.5
PreCrush  1
LazyConstraints  1

Optimize a model with 20 rows, 90 columns and 800 nonzeros (Min)
Model fingerprint: 0xd1c8bdc2
Model has 90 linear objective coefficients
Variable types: 10 continuous, 80 integer (80 binary)
Coefficient statistics:
  Matrix range     [2e+00, 7e+02]
  Objective range  [1e+00, 5e+02]
  Bounds range     [1e+00, 4e+03]
  RHS range        [6e+02, 7e+02]

Using branch priorities.
Presolve removed 15 rows and 0 columns
Presolve time: 0.00s
Presolved: 5 rows, 90 columns, 200 nonzeros
Variable types: 10 continuous, 80 integer (80 binary)

Root relaxation: objective 3.422663e+04, 4 iterations, 0.00 seconds (0.00 work units)

    Nodes    |    Current Node    |     Objective Bounds      |     Work
 Expl Unexpl |  Obj  Depth IntInf | Incumbent    BestBd   Gap | It/Node Time

     0     0 34226.6315    0    3          - 34226.6315      -     -    0s
H    0     0                    230131.00000 34226.6315  85.1%     -    0s
H    0     0                    220489.00000 34226.6315  84.5%     -    0s
H    0     0                    217944.00000 34226.6315  84.3%     -    0s
H    0     0                    197852.00000 34226.6315  82.7%     -    0s
H    0     0                    180124.00000 34226.6315  81.0%     -    0s
     0     0 34322.9273    0    7 180124.000 34322.9273  80.9%     -    0s
     0     0 34330.7959    0    7 180124.000 34330.7959  80.9%     -    0s
H    0     0                    179004.00000 34330.7959  80.8%     -    0s
H    0     0                    161051.00000 34330.7959  78.7%     -    0s
     0     2 34459.1098    0    9 161051.000 34459.1098  78.6%     -    0s
  2812  2797 36974.2926   45    4 161051.000 34512.8272  78.6%   3.0    5s
H 3108  2691                    143091.00000 34631.0628  75.8%   2.9    6s
H 3114  2560                    138446.00000 34702.0350  74.9%   2.9    7s
H 3114  2432                    131120.00000 34702.0350  73.5%   2.9    7s
  3163  2497 34912.9052   20   20 131120.000 34780.7837  73.5%   3.3   10s
  4060  3092 35228.5566   29   14 131120.000 34826.8464  73.4%   5.2   15s
  5227  3807 35465.2655   36   11 131120.000 34826.8464  73.4%   5.1   20s
  7348  4872 40672.9975   84    1 131120.000 34887.0411  73.4%   4.8   25s
  9122  5940 35335.2770   29   16 131120.000 34913.9624  73.4%   4.8   30s
 11301  7187 48197.0000   90    - 131120.000 34942.7042  73.4%   4.7   35s
 12903  8596 35325.8786   27   15 131120.000 34952.1428  73.3%   4.7   40s
 13780  9310 44165.0000   83    - 131120.000 34952.1428  73.3%   4.6   46s
 14069  9645 35560.5141   30    8 131120.000 34952.1428  73.3%   4.7   50s
 14809 10362 35332.0589   26   15 131120.000 34952.1428  73.3%   4.8   55s
 16116 11320 35508.2699   31   15 131120.000 34985.6720  73.3%   4.8   61s
 16624 11993 37221.0807   64    3 131120.000 34990.8601  73.3%   4.8   65s
 17836 13025 35325.3532   30   17 131120.000 34990.8601  73.3%   4.7   71s
 19730 14774 35512.0283   30   14 131120.000 35006.3928  73.3%   4.7   76s
 21409 16266 35700.1324   35    8 131120.000 35006.3928  73.3%   4.7   80s
 23887 18566 36081.0723   39   11 131120.000 35036.6347  73.3%   4.8   86s
 25702 20058 35639.3790   29   17 131120.000 35053.7940  73.3%   4.9   90s
 27564 21910 36790.7692   67    1 131120.000 35064.6581  73.3%   4.9   95s
 29909 24107 35341.9769   25   18 131120.000 35077.9436  73.2%   4.9  101s
 31483 25493 36057.1118   32   11 131120.000 35082.0369  73.2%   4.9  105s
 35624 28602 35437.2380   33   14 131120.000 35092.3248  73.2%   4.7  112s
 36918 29977 36561.8710   70    3 131120.000 35092.3248  73.2%   4.8  116s
 38742 31729 35772.3846   37   13 131120.000 35092.3248  73.2%   4.8  120s
 41844 33210 35437.4391   32   16 131120.000 35110.8732  73.2%   4.8  125s
 42059 33595 37800.3713   88    2 131120.000 35120.6441  73.2%   4.8  132s
 42520 34096 36246.6321   37    2 131120.000 35120.6441  73.2%   4.9  136s
 43190 34775 36624.4518   81    2 131120.000 35123.9537  73.2%   4.9  140s
 44002 35415 38823.8876   71    2 131120.000 35123.9537  73.2%   4.9  145s
 44823 36373 35445.7769   33   15 131120.000 35128.4536  73.2%   4.9  150s
 45956 37311 110541.000   94    - 131120.000 35138.2863  73.2%   4.9  155s
 46914 38171 36727.7782   72   12 131120.000 35139.1542  73.2%   4.9  160s
 47842 39401 35874.8180   51    6 131120.000 35141.0387  73.2%   4.9  166s
 49414 40995 35550.4148   29   21 131120.000 35152.8287  73.2%   4.9  172s
 51241 43062 35443.6346   29   21 131120.000 35159.2725  73.2%   5.0  178s
 53592 44528 36217.1931   45   13 131120.000 35165.1351  73.2%   5.0  185s
 55091 45581 42715.4460   89    1 131120.000 35165.6484  73.2%   5.0  192s
 56697 47003 37371.9164   59    3 131120.000 35165.6484  73.2%   5.0  199s
 59423 49591 35648.5473   30   21 131120.000 35177.9248  73.2%   4.9  206s
 62053 51747 36014.6821   36   15 131120.000 35178.5123  73.2%   5.0  214s
 63301 51948 35345.4975   25   23 131120.000 35181.8439  73.2%   5.0  215s
 64515 53746 38259.6425   70    1 131120.000 35186.5705  73.2%   5.0  222s
 66660 55295 35664.8117   37   12 131120.000 35198.8582  73.2%   5.1  230s
 68939 57730 35349.1468   29   18 131120.000 35199.0145  73.2%   5.1  238s
 71638 60388 36278.6565   44    9 131120.000 35204.7381  73.2%   5.1  247s
 74621 61079 36410.6465   49    8 131120.000 35212.7445  73.1%   5.1  254s
 75066 62031 35972.2358   33   15 131120.000 35212.7445  73.1%   5.1  261s
 76259 63308 35697.9741   26   20 131120.000 35213.6982  73.1%   5.1  269s
 77707 64464 35455.7120   27   20 131120.000 35214.7268  73.1%   5.1  278s
 78947 64586 36443.0279   51    7 131120.000 35219.5138  73.1%   5.1  296s
H78948 61357                    83852.000000 35219.5138  58.0%   5.1  299s
 78949 61357 35425.9583   27   31 83852.0000 35219.5138  58.0%   5.1  300s
 78951 61359 36097.9381   53   31 83852.0000 35219.5138  58.0%   5.1  307s
 78952 61359 35846.3781   40   32 83852.0000 35219.5138  58.0%   5.1  313s
 78953 61360 38133.1906   87   31 83852.0000 35219.5138  58.0%   5.1  318s
 78958 61363 38601.0000   89   34 83852.0000 35219.5138  58.0%   5.1  322s
H78958 58295                    80096.000000 35219.5138  56.0%   5.1  327s
 78960 58297 36325.7658   53   34 80096.0000 35219.5138  56.0%   5.1  330s
 78961 58297 36637.8102   59   34 80096.0000 35219.5138  56.0%   5.1  335s
H78962 55383                    77816.000000 35219.5138  54.7%   5.1  342s
H78963 55384                    77386.000000 35219.5138  54.5%   5.1  342s
 78965 55385 36333.0000   52   34 77386.0000 35219.5138  54.5%   5.1  345s
 78967 55386 36506.0000   78   33 77386.0000 35219.5138  54.5%   5.1  352s
 78971 55394 35219.5138   28   27 77386.0000 35219.5138  54.5%   5.1  355s
 79001 55440 35246.6964   31   28 77386.0000 35219.5138  54.5%   5.2  360s
 79063 55540 35320.5170   33   26 77386.0000 35219.5138  54.5%   5.2  365s
 79184 55608 35436.4488   34   27 77386.0000 35219.5138  54.5%   5.2  372s
 79285 55704 35491.2987   36   24 77386.0000 35219.5138  54.5%   5.3  375s
 79616 55929 35600.6415   38   21 77386.0000 35219.5138  54.5%   5.3  381s
 79820 56076 35642.4740   39   24 77386.0000 35219.5138  54.5%   5.3  385s
 80195 56273 35679.7764   41   20 77386.0000 35219.5138  54.5%   5.4  391s
 80466 56469 35791.1457   42   20 77386.0000 35219.5138  54.5%   5.4  396s
 80668 56542 35779.1202   43   22 77386.0000 35219.5138  54.5%   5.4  401s
 80961 56728 35916.5781   45   18 77386.0000 35228.3623  54.5%   5.4  405s
 81526 57078 36063.8392   49   16 77386.0000 35228.3623  54.5%   5.4  411s
 81980 57207 36194.7009   52   13 77386.0000 35282.5184  54.4%   5.4  415s
 82223 57578 36230.3414   53   10 77386.0000 35282.5184  54.4%   5.4  420s
 82930 57938 36615.4242   58    7 77386.0000 35283.5385  54.4%   5.5  425s
 83725 58400 37480.8886   66    4 77386.0000 35283.5385  54.4%   5.4  430s
 84667 59076 42118.0000   84    - 77386.0000 35305.3177  54.4%   5.5  437s
 85287 59405 35472.0849   38   23 77386.0000 35328.6005  54.3%   5.5  440s
 86591 60101 36562.0697   60    5 77386.0000 35328.6005  54.3%   5.5  447s
 87208 60558 37246.0869   89    4 77386.0000 35346.3131  54.3%   5.5  451s
 87948 60900 35771.0569   43   15 77386.0000 35346.3131  54.3%   5.5  455s
 88685 60799 36074.5588   54    8 77386.0000 35346.3131  54.3%   5.5  460s
 88720 61088 36090.3224   55   10 77386.0000 35350.8766  54.3%   5.5  466s
 89094 61638 35979.8026   53   11 77386.0000 35350.8766  54.3%   5.5  472s
 89941 62009 36117.1837   56    5 77386.0000 35350.8766  54.3%   5.5  477s
 90674 62512 36426.5650   55    5 77386.0000 35350.8766  54.3%   5.5  481s
 91505 62361 36562.8995   57    4 77386.0000 35351.0818  54.3%   5.5  488s
 91545 62381 36434.7355   57    4 77386.0000 35363.3570  54.3%   5.6  493s
 91581 62753 36576.2319   58    4 77386.0000 35410.1698  54.2%   5.6  499s
 92067 63260 36530.4449   56    6 77386.0000 35410.1698  54.2%   5.6  504s
 92872 63766 36671.6192   58    2 77386.0000 35417.4236  54.2%   5.6  509s
 93161 63694 36364.5534   53    8 77386.0000 35417.4236  54.2%   5.6  510s
 93791 64268 35630.3518   35   22 77386.0000 35420.8245  54.2%   5.6  515s
 94696 64730 36102.0695   51   11 77386.0000 35420.8245  54.2%   5.6  522s
 95526 65454 35923.1452   38   20 77386.0000 35420.8245  54.2%   5.6  529s
 96625 66172 36932.2441   70    4 77386.0000 35420.8245  54.2%   5.6  535s
 97929 66576 35795.9219   41   20 77386.0000 35420.8245  54.2%   5.6  542s
 98829 67159 36125.3763   49   17 77386.0000 35441.2754  54.2%   5.7  548s
 99872 67912 36326.9367   52   15 77386.0000 35441.2754  54.2%   5.7  556s
 101435 68725 37189.0000   67    - 77386.0000 35456.4253  54.2%   5.7  564s
 103161 69590 35997.7490   53   15 77386.0000 35496.5085  54.1%   5.7  571s
 104616 70590 35877.3991   45   18 77386.0000 35496.6102  54.1%   5.7  579s
 106225 71435 38642.0000  102    - 77386.0000 35500.0592  54.1%   5.7  587s
 107717 72265 36520.9425   62    8 77386.0000 35500.0592  54.1%   5.8  595s
 109383 72141 35701.9949   40   24 77386.0000 35500.0592  54.1%   5.8  600s

Cutting planes:
  Cover: 1
  MIR: 21
  StrongCG: 2
  Flow cover: 1

Explored 109605 nodes (635576 simplex iterations) in 600.68 seconds (307.19 work units)
Thread count was 32 (of 32 available processors)

Solution count 10: 77386 77816 80096 ... 197852

Time limit reached
Best objective 7.738600000000e+04, best bound 3.550005923195e+04, gap 54.1260%

User-callback calls 247668, time in user-callback 86.59 sec
