
Gurobi 13.0.2 (win64) logging started Wed Jul 15 21:27:38 2026

Set parameter LogFile to value "logs/kstar_nI20_nJ20_nK50_nL5_tI3_tJ3_s1_m1_exact_s0_20260715-212738.gurobi.log"
Set parameter Seed to value 0
Set parameter TimeLimit to value 599.9886896
Set parameter MIPGap to value 0
Set parameter MIPGapAbs to value 0.5
Set parameter Cutoff to value 1e+100
Gurobi Optimizer version 13.0.2 build v13.0.2rc1 (win64 - Windows 11+.0 (26200.2))

CPU model: Intel(R) Core(TM) i9-14900HX, instruction set [SSE2|AVX|AVX2]
Thread count: 24 physical cores, 32 logical processors, using up to 32 threads

Non-default parameters:
TimeLimit  599.9886896
MIPGap  0
MIPGapAbs  0.5
PreCrush  1
LazyConstraints  1

Optimize a model with 10 rows, 45 columns and 200 nonzeros (Min)
Model fingerprint: 0x2c0b3f69
Model has 45 linear objective coefficients
Variable types: 5 continuous, 40 integer (40 binary)
Coefficient statistics:
  Matrix range     [2e+01, 6e+02]
  Objective range  [1e+00, 5e+02]
  Bounds range     [1e+00, 6e+03]
  RHS range        [6e+02, 6e+02]

Using branch priorities.
Presolve removed 8 rows and 0 columns
Presolve time: 0.00s
Presolved: 2 rows, 45 columns, 40 nonzeros
Variable types: 5 continuous, 40 integer (40 binary)

Root relaxation: objective 2.892274e+04, 4 iterations, 0.00 seconds (0.00 work units)

    Nodes    |    Current Node    |     Objective Bounds      |     Work
 Expl Unexpl |  Obj  Depth IntInf | Incumbent    BestBd   Gap | It/Node Time

     0     0 28922.7378    0    3          - 28922.7378      -     -    0s
H    0     0                    101910.00000 28922.7378  71.6%     -    0s
H    0     0                    96659.000000 28922.7378  70.1%     -    0s
H    0     0                    89924.000000 28922.7378  67.8%     -    0s
     0     0 29128.0439    0   10 89924.0000 29128.0439  67.6%     -    0s
     0     0 29273.1430    0   10 89924.0000 29273.1430  67.4%     -    0s
H    0     0                    76224.000000 29280.8337  61.6%     -    0s
     0     0 29340.2659    0   13 76224.0000 29340.2659  61.5%     -    0s
     0     0 29385.4746    0   12 76224.0000 29385.4746  61.4%     -    0s
     0     0 29399.9366    0   13 76224.0000 29399.9366  61.4%     -    0s
     0     0 29436.9582    0   14 76224.0000 29436.9582  61.4%     -    0s
     0     0 29503.0118    0   11 76224.0000 29503.0118  61.3%     -    0s
     0     0 29529.2863    0   16 76224.0000 29529.2863  61.3%     -    0s
     0     0 29549.9382    0   16 76224.0000 29549.9382  61.2%     -    0s
     0     0 29566.4266    0   14 76224.0000 29566.4266  61.2%     -    0s
     0     0 29569.4003    0   18 76224.0000 29569.4003  61.2%     -    0s
     0     0 29570.4170    0   17 76224.0000 29570.4170  61.2%     -    0s
     0     0 29571.0578    0   18 76224.0000 29571.0578  61.2%     -    0s
     0     0 29574.8769    0   14 76224.0000 29574.8769  61.2%     -    0s
     0     0 29581.1051    0   17 76224.0000 29581.1051  61.2%     -    0s
     0     0 29584.7533    0   19 76224.0000 29584.7533  61.2%     -    0s
     0     0 29584.9299    0   19 76224.0000 29584.9299  61.2%     -    0s
     0     0 29586.5947    0   19 76224.0000 29586.5947  61.2%     -    0s
     0     2 29586.5947    0   19 76224.0000 29586.5947  61.2%     -    0s
H 3914  3044                    75352.000000 29758.2138  60.5%   3.1    1s
H 3925  2898                    69252.000000 29758.2138  57.0%   3.1    2s
H 3925  2753                    61186.000000 29758.2138  51.4%   3.1    2s
  5198  3612 31982.1370   43    2 61186.0000 29767.3088  51.3%   4.5    5s
 11619  6747 30683.7868   25   12 61186.0000 30033.7303  50.9%   4.8   10s
 18474 11965 31651.1757   31   10 61186.0000 30170.1632  50.7%   5.0   15s
 21228 14174 31865.7150   32    8 61186.0000 30273.6356  50.5%   5.1   20s
 23224 15952 32383.4527   37    4 61186.0000 30287.6522  50.5%   5.2   25s
 27020 19227 31213.0881   31    9 61186.0000 30321.5895  50.4%   5.2   30s
 31830 23110 30955.9546   29   16 61186.0000 30366.6566  50.4%   5.2   36s
 34220 24582 31280.3735   29    8 61186.0000 30390.9832  50.3%   5.2   41s
 35564 25808 31616.1117   31    2 61186.0000 30400.3697  50.3%   5.2   45s
 39039 28900 31903.4349   34    3 61186.0000 30413.5734  50.3%   5.3   52s
 40667 30356 32130.3028   35    3 61186.0000 30432.1160  50.3%   5.2   55s
 44122 33183 32771.4309   42    3 61186.0000 30450.8829  50.2%   5.3   60s
 47609 36021 31090.7581   26   17 61186.0000 30484.7773  50.2%   5.3   66s
 51572 39182 30991.2728   28   12 61186.0000 30497.7312  50.2%   5.3   72s
 53402 40588 31288.5499   29   16 61186.0000 30520.1688  50.1%   5.3   76s
 55146 40941 33015.0000   52   19 61186.0000 30530.8546  50.1%   5.3   87s
 55149 40943 31932.5843   37   29 61186.0000 30530.8546  50.1%   5.3   90s
H55152 38897                    58721.000000 30530.8546  48.0%   5.3   93s
H55152 36952                    56953.000000 30530.8546  46.4%   5.3   93s
H55153 36953                    56922.000000 30530.8546  46.4%   5.3   93s
 55155 36954 31744.6497   40   32 56922.0000 30530.8546  46.4%   5.3   96s
 55161 36958 31935.0000   48   27 56922.0000 30530.8546  46.4%   5.3  100s
H55162 35111                    56848.000000 30530.8546  46.3%   5.3  102s
 55166 35113 30945.6865   32   30 56848.0000 30530.8546  46.3%   5.3  105s
 55216 35164 30530.8546   34   22 56848.0000 30530.8546  46.3%   5.4  110s
 55842 35658 31348.4907   40   15 56848.0000 30530.8546  46.3%   5.5  115s
 56573 35982 32452.5356   44    8 56848.0000 30530.8546  46.3%   5.6  120s
 58022 36751 34475.6363   56    3 56848.0000 30530.8546  46.3%   5.6  125s
 59589 37564 31831.4688   46    9 56848.0000 30583.7149  46.2%   5.7  130s
 60970 38028 31863.7561   49    8 56848.0000 30599.4292  46.2%   5.7  135s
 61965 38866 31375.4414   41   17 56848.0000 30655.6746  46.1%   5.7  141s
 63608 39703 31661.0938   49   10 56848.0000 30687.9648  46.0%   5.8  146s
 64894 40355 31504.7775   45   14 56848.0000 30687.9648  46.0%   5.8  150s
 67232 41643 33081.8141   61    3 56848.0000 30762.1096  45.9%   5.9  156s
 69133 42018 31401.2543   40   15 56848.0000 30823.4051  45.8%   5.9  160s
 69198 42408 31804.5561   42   12 56848.0000 30823.4051  45.8%   5.9  166s
 70775 43323 34062.7760   57    6 56848.0000 30844.8032  45.7%   6.0  171s
 73023 44406 32148.2688   50    4 56848.0000 30873.2842  45.7%   6.0  177s
 74092 45145 31199.8615   38   21 56848.0000 30898.4805  45.6%   6.0  180s
 76455 46213 35412.0000   62    - 56848.0000 30930.4318  45.6%   6.0  185s
 79072 47507 31981.0519   53    8 56848.0000 30946.3382  45.6%   6.1  190s
 81686 48897 34534.8917   64    2 56848.0000 30975.5455  45.5%   6.1  196s
 84470 50275 33148.3164   48    7 56848.0000 30992.1999  45.5%   6.1  202s
 85930 51010 31366.6303   41   17 56848.0000 31012.9542  45.4%   6.1  206s
 89177 52683 33079.4915   57    1 56848.0000 31041.0329  45.4%   6.2  213s
 90912 53374 31695.1092   44   16 56848.0000 31047.1972  45.4%   6.2  216s
 92539 54013 32388.4889   50    3 56848.0000 31066.2294  45.4%   6.2  220s
 94602 55016 31585.3073   39   18 56848.0000 31080.8717  45.3%   6.2  225s
 97460 55739 32307.8492   53    4 56848.0000 31093.8916  45.3%   6.2  230s
 99906 56514 31620.9814   46   16 56848.0000 31113.2446  45.3%   6.2  237s
 99978 56562 31539.2125   45   16 56848.0000 31113.2446  45.3%   6.2  240s
 101189 58040 31582.0491   46   17 56848.0000 31113.9902  45.3%   6.2  248s
 102781 58474 31631.6419   46   17 56848.0000 31122.6809  45.3%   6.2  254s
 103992 58463 32258.4674   45   10 56848.0000 31126.7575  45.2%   6.2  255s
 106449 60411 31692.9967   46   14 56848.0000 31140.4162  45.2%   6.2  265s
 108426 61329 31761.3399   46   13 56848.0000 31149.5594  45.2%   6.2  270s
 110456 62638 31508.3581   42   16 56848.0000 31160.4743  45.2%   6.2  276s
 112912 63724 32458.8082   53    7 56848.0000 31170.5818  45.2%   6.2  281s
 115205 64986 31918.6410   43   14 56848.0000 31186.0718  45.1%   6.2  288s
 117600 65931 32581.7002   50    1 56848.0000 31190.1182  45.1%   6.2  295s
 119776 65861 31908.1412   45   11 56848.0000 31200.0542  45.1%   6.3  300s
 120170 67169 32122.8309   46    8 56848.0000 31200.0542  45.1%   6.3  306s
 122370 68390 32310.3618   47    7 56848.0000 31200.9845  45.1%   6.3  314s
 124828 69531 32367.5300   48   10 56848.0000 31211.1171  45.1%   6.3  321s
 127141 70764 32492.5315   49    7 56848.0000 31223.3474  45.1%   6.3  328s
 129634 72144 32537.4325   50    7 56848.0000 31231.2551  45.1%   6.3  336s
 132221 73234 32692.6909   51    7 56848.0000 31240.0659  45.0%   6.3  344s
 134764 74656 32869.7095   53    2 56848.0000 31251.6413  45.0%   6.3  353s
 137726 76014 31845.6403   45   13 56848.0000 31264.8531  45.0%   6.3  361s
 140763 77351 31693.2609   42   15 56848.0000 31275.8945  45.0%   6.3  372s
 143544 78617 31808.5264   43   14 56848.0000 31283.0846  45.0%   6.4  382s
 146189 79984 32096.9329   40   15 56848.0000 31293.7495  45.0%   6.4  390s
 148975 81261 32038.4266   42   10 56848.0000 31304.7583  44.9%   6.4  398s
 151626 82459 31855.3405   47   13 56848.0000 31310.6666  44.9%   6.4  406s
 154325 83804 32400.1870   47   14 56848.0000 31314.5880  44.9%   6.4  415s
 157093 85108 32780.6425   47   12 56848.0000 31326.0764  44.9%   6.4  424s
 159551 86298 40809.2482   62    2 56848.0000 31331.5983  44.9%   6.4  433s
 162244 87802 32001.6030   42   18 56848.0000 31337.7532  44.9%   6.4  445s
 164448 89818 32665.5300   49    7 56848.0000 31345.4056  44.9%   6.4  454s
 167107 91889 32404.7247   48   16 56848.0000 31353.4995  44.8%   6.5  464s
 169548 93938 32002.9780   41   19 56848.0000 31359.1389  44.8%   6.5  472s
 171950 95944 32216.5969   46   14 56848.0000 31362.8790  44.8%   6.5  481s
 174580 97941 32424.7740   46   16 56848.0000 31371.8717  44.8%   6.5  491s
 176862 99711 33214.4662   55    3 56848.0000 31377.0476  44.8%   6.5  502s
 179400 101639 31904.7940   42   15 56848.0000 31385.3364  44.8%   6.5  514s
 181974 102845 32379.8947   49   13 56848.0000 31390.0299  44.8%   6.5  527s
 182805 104373 33010.9345   53    8 56848.0000 31390.0299  44.8%   6.5  535s
 185215 106185 44591.0000   66    - 56848.0000 31396.4002  44.8%   6.5  545s
 187480 107938 32260.3836   43   16 56848.0000 31400.7663  44.8%   6.5  557s
 189639 109601 32596.4755   46   15 56848.0000 31406.8066  44.8%   6.5  567s
 192242 111629     cutoff   62      56848.0000 31414.4233  44.7%   6.5  577s
 194915 113552 32906.8803   50    5 56848.0000 31420.2018  44.7%   6.5  588s
 197541 115766 32783.7359   50   13 56848.0000 31423.8392  44.7%   6.5  597s
 200067 116421 32206.9852   47   14 56848.0000 31430.3573  44.7%   6.5  600s

Cutting planes:
  Gomory: 4
  MIR: 11
  StrongCG: 2
  Flow cover: 6

Explored 200281 nodes (1310514 simplex iterations) in 600.66 seconds (232.65 work units)
Thread count was 32 (of 32 available processors)

Solution count 10: 56848 56922 56953 ... 96659

Time limit reached
Best objective 5.684800000000e+04, best bound 3.143035726951e+04, gap 44.7116%

User-callback calls 422764, time in user-callback 29.37 sec
