
Gurobi 13.0.2 (win64) logging started Fri Jul 17 17:30:07 2026

Set parameter LogFile to value "logs/kstar_nI40_nJ40_nK100_nL5_tI5_tJ5_s4_m1_exact_s0_20260717-173007.gurobi.log"
Set parameter Seed to value 0
Set parameter TimeLimit to value 599.9668382
Set parameter MIPGap to value 0
Set parameter MIPGapAbs to value 0.5
Set parameter Cutoff to value 1e+100
Gurobi Optimizer version 13.0.2 build v13.0.2rc1 (win64 - Windows 11+.0 (26200.2))

CPU model: Intel(R) Core(TM) i9-14900HX, instruction set [SSE2|AVX|AVX2]
Thread count: 24 physical cores, 32 logical processors, using up to 32 threads

Non-default parameters:
TimeLimit  599.9668382
MIPGap  0
MIPGapAbs  0.5
PreCrush  1
LazyConstraints  1

Optimize a model with 10 rows, 85 columns and 400 nonzeros (Min)
Model fingerprint: 0x3638d5a8
Model has 85 linear objective coefficients
Variable types: 5 continuous, 80 integer (80 binary)
Coefficient statistics:
  Matrix range     [2e+00, 1e+03]
  Objective range  [1e+00, 5e+02]
  Bounds range     [1e+00, 7e+03]
  RHS range        [1e+03, 1e+03]

Using branch priorities.
Presolve removed 8 rows and 0 columns
Presolve time: 0.00s
Presolved: 2 rows, 85 columns, 80 nonzeros
Variable types: 5 continuous, 80 integer (80 binary)

Root relaxation: objective 3.476810e+04, 4 iterations, 0.00 seconds (0.00 work units)

    Nodes    |    Current Node    |     Objective Bounds      |     Work
 Expl Unexpl |  Obj  Depth IntInf | Incumbent    BestBd   Gap | It/Node Time

     0     0 34768.0963    0    2          - 34768.0963      -     -    0s
H    0     0                    192254.00000 34768.0963  81.9%     -    0s
H    0     0                    180591.00000 34768.0963  80.7%     -    0s
H    0     0                    179076.00000 34768.0963  80.6%     -    0s
H    0     0                    168220.00000 34768.0963  79.3%     -    0s
H    0     0                    154634.00000 34768.0963  77.5%     -    0s
H    0     0                    145568.75000 34768.0963  76.1%     -    0s
H    0     0                    145490.00000 34768.0963  76.1%     -    0s
     0     0 34899.4850    0    5 145490.000 34899.4850  76.0%     -    0s
     0     0 34991.3946    0    7 145490.000 34991.3946  75.9%     -    0s
H    0     0                    140553.00000 34992.1542  75.1%     -    0s
H    0     0                    132214.00000 34992.1542  73.5%     -    0s
H    0     0                    125130.00000 34992.1542  72.0%     -    0s
     0     0 35091.5842    0    8 125130.000 35091.5842  72.0%     -    0s
     0     0 35098.3376    0    8 125130.000 35098.3376  72.0%     -    0s
     0     2 35262.5333    0   13 125130.000 35262.5333  71.8%     -    0s
H 3320  2968                    122916.00000 35441.3961  71.2%   2.9    4s
H 3320  2820                    120802.00000 35441.3961  70.7%   2.9    4s
H 3322  2821                    118652.00000 35471.3378  70.1%   2.9    4s
  3327  2824 36760.5856   50   25 118652.000 35489.2359  70.1%   2.9    5s
H 3327  2682                    114722.00000 35493.2084  69.1%   2.9    5s
H 3327  2548                    109054.00000 35493.2084  67.5%   2.9    5s
H 3336  2426                    104048.00000 35508.0389  65.9%   2.9    6s
H 3337  2429                    102784.00000 35508.0389  65.5%   3.0    6s
  4075  3029 35871.9142   26   14 102784.000 35545.2348  65.4%   4.5   10s
  6765  4495 38168.8394   75    1 102784.000 35574.2775  65.4%   4.3   15s
  9835  6224 48626.0000   80    - 102784.000 35698.8915  65.3%   4.1   20s
 13603  9059 36276.6854   36   10 102784.000 35725.6814  65.2%   4.0   25s
 15735 11250 35982.9655   22   15 102784.000 35734.5998  65.2%   4.1   30s
 17642 12882 36523.1042   39    5 102784.000 35763.6350  65.2%   4.1   35s
 21137 15721 54294.6184   85    1 102784.000 35793.4924  65.2%   4.1   40s
 23140 17404 36278.6307   37   11 102784.000 35793.4924  65.2%   4.2   45s
 24259 18647 36324.6116   41   11 102784.000 35799.5539  65.2%   4.2   50s
 26744 20570 36198.7513   35   16 102784.000 35800.2998  65.2%   4.2   55s
 29727 23272 36730.3604   42   11 102784.000 35821.5519  65.1%   4.2   60s
 33352 27339 37800.3439   68    3 102784.000 35821.5519  65.1%   4.2   67s
 34895 28515 37722.0262   58    1 102784.000 35821.5519  65.1%   4.2   70s
 38404 31852 36800.8000   45    2 102784.000 35821.5519  65.1%   4.2   75s
 42198 35241 36795.6429   64    1 102784.000 35878.6548  65.1%   4.3   81s
 44431 37020 36846.6081   47    8 102784.000 35879.0797  65.1%   4.2   85s
 48370 40355 37898.1701   59    1 102784.000 35889.6534  65.1%   4.3   92s
 50882 42679 36867.7665   47    8 102784.000 35891.7966  65.1%   4.2   95s
 55791 46699 36197.1008   29   15 102784.000 35894.3077  65.1%   4.2  104s
 57828 47044 36447.7287   30    9 102784.000 35894.3077  65.1%   4.3  107s
 57914 47381 36459.3427   31    9 102784.000 35894.3077  65.1%   4.3  110s
 59246 48612 36487.7569   33   11 102784.000 35894.3077  65.1%   4.3  117s
 60151 49575 36553.2478   34    9 102784.000 35907.2962  65.1%   4.3  121s
 61108 50787 36579.0826   35    8 102784.000 35907.5268  65.1%   4.3  126s
 62605 52539 36594.5068   36    6 102784.000 35908.1569  65.1%   4.3  131s
 64836 54824 36659.0576   37    6 102784.000 35908.1569  65.1%   4.3  136s
 67646 55255 36192.1940   31    8 102784.000 35915.7834  65.1%   4.3  145s
H67647 52493                    98270.000000 35915.7834  63.5%   4.3  147s
 67649 52494 36356.8057   28   33 98270.0000 35915.7834  63.5%   4.3  150s
H67652 49871                    95981.000000 35915.7834  62.6%   4.3  156s
H67652 47377                    91127.000000 35915.7834  60.6%   4.3  156s
 67656 47380 38520.0000   85   31 91127.0000 35915.7834  60.6%   4.3  161s
 67660 47382 38411.3024   76   35 91127.0000 35915.7834  60.6%   4.3  166s
 67663 47384 37293.0000   76   34 91127.0000 35915.7834  60.6%   4.3  171s
 67695 47439 35915.7834   28   31 91127.0000 35915.7834  60.6%   4.3  175s
 67875 47549 36343.0120   32   12 91127.0000 35915.7834  60.6%   4.4  180s
 68271 47922 35974.7596   35   29 91127.0000 35915.7834  60.6%   4.5  185s
 68767 48234 36201.6787   39   19 91127.0000 35915.7834  60.6%   4.5  190s
 69474 48551 36156.4893   31   20 91127.0000 35915.7834  60.6%   4.5  195s
 70270 49230 36973.8628   49    7 91127.0000 35915.7834  60.6%   4.6  200s
 71415 49874 37701.9647   61    5 91127.0000 35964.1626  60.5%   4.6  205s
 72405 50583 40427.9581   78    1 91127.0000 35975.7869  60.5%   4.6  210s
 73008 50888 36122.3085   36   25 91127.0000 35975.7869  60.5%   4.6  215s
 74195 51597 36624.0991   55   15 91127.0000 35975.7869  60.5%   4.6  220s
 75585 52419 36198.8088   31   22 91127.0000 35994.3274  60.5%   4.6  226s
 77011 53451 36489.5308   41   14 91127.0000 36006.3005  60.5%   4.7  232s
 77819 53967 36813.8386   48    7 91127.0000 36006.3005  60.5%   4.7  235s
 79797 55092 41195.4339   83    1 91127.0000 36040.7057  60.5%   4.7  241s
 81710 55385 36632.5680   47    8 91127.0000 36057.5074  60.4%   4.7  247s
 81742 55406 36754.0003   47   12 91127.0000 36057.5074  60.4%   4.7  250s
 81829 55972 37040.6242   48    7 91127.0000 36057.5074  60.4%   4.8  256s
 82949 56392 36884.0368   52    5 91127.0000 36085.9838  60.4%   4.8  260s
 84528 57856 36516.2239   55   12 91127.0000 36092.2847  60.4%   4.7  267s
 85924 58582 36446.7493   37   14 91127.0000 36092.2847  60.4%   4.8  271s
 87965 59141 36773.3564   49   13 91127.0000 36092.2847  60.4%   4.8  275s
 90174 59989 38996.0646   89    1 91127.0000 36117.4488  60.4%   4.8  283s
 90233 60751 39064.0407   90    1 91127.0000 36117.4488  60.4%   4.8  287s
 91186 61715 36576.8152   48   10 91127.0000 36117.4488  60.4%   4.8  292s
 92756 62558 36479.7924   38   17 91127.0000 36143.5639  60.3%   4.8  297s
 94275 63387 36417.1701   46   18 91127.0000 36147.3115  60.3%   4.8  302s
 95853 64741 36461.8222   42   18 91127.0000 36159.8542  60.3%   4.8  308s
 98036 66016 36616.8049   44   13 91127.0000 36161.1602  60.3%   4.8  313s
 100286 66947 36514.9079   45   16 91127.0000 36171.2732  60.3%   4.8  320s
 102082 68423 36453.9806   43   19 91127.0000 36171.5834  60.3%   4.8  325s
 104410 69597 36612.3211   42   18 91127.0000 36182.6361  60.3%   4.9  332s
 106562 71045 36517.8899   46   11 91127.0000 36187.8986  60.3%   4.9  339s
 109203 72589 37511.8738   66    3 91127.0000 36187.8986  60.3%   4.9  346s
 111912 72104 36457.2713   38   18 91127.0000 36199.7240  60.3%   4.9  353s
 112044 73390 36465.8473   39   17 91127.0000 36201.9051  60.3%   4.9  359s
 113692 75159 36507.8108   43   18 91127.0000 36201.9763  60.3%   4.9  366s
 116463 76985 36614.3069   39   20 91127.0000 36207.2973  60.3%   4.9  373s
 119665 78059 36751.2825   43    7 91127.0000 36211.0508  60.3%   4.9  382s
 122108 80171 37573.5235   72    4 91127.0000 36217.3302  60.3%   4.9  390s
 125491 81772 36809.7385   45   13 91127.0000 36222.1929  60.3%   4.9  398s
 128391 83726 36595.7295   43   19 91127.0000 36229.7246  60.2%   4.9  406s
 131710 85543 37367.9926   69    6 91127.0000 36233.5187  60.2%   5.0  414s
 132411 85397 36721.6382   56   13 91127.0000 36233.5187  60.2%   5.0  415s
 135058 86993 36598.5395   41   16 91127.0000 36238.7841  60.2%   5.0  423s
 138271 89063 36649.9791   44   18 91127.0000 36239.1076  60.2%   5.0  432s
 141745 91114 47257.0000   90    - 91127.0000 36247.0547  60.2%   5.0  442s
 145334 92744 36900.9179   45   16 91127.0000 36252.6005  60.2%   5.0  452s
 148552 94649 36723.8036   49   13 91127.0000 36256.6377  60.2%   5.1  461s
 151681 96728 37809.9854   86    1 91127.0000 36260.9797  60.2%   5.1  471s
 155445 98326 36920.1514   53   14 91127.0000 36264.3698  60.2%   5.1  481s
 158423 99527 37069.1746   52   13 91127.0000 36269.4178  60.2%   5.1  492s
 161887 101613 36855.6430   50   11 91127.0000 36271.1814  60.2%   5.1  503s
 165389 103572 36662.3717   42   21 91127.0000 36274.9340  60.2%   5.1  513s
 168784 105627 36603.2560   44   18 91127.0000 36279.2604  60.2%   5.1  524s
 172250 107382 36542.6494   42   20 91127.0000 36282.7398  60.2%   5.1  534s
 174367 106907 36625.3799   40   14 91127.0000 36283.2287  60.2%   5.2  535s
 175573 108949 38121.7615   71    4 91127.0000 36286.8301  60.2%   5.2  545s
 178425 110983 36603.8942   35   24 91127.0000 36291.0765  60.2%   5.2  555s
 181955 112608 36488.2971   36   20 91127.0000 36293.2806  60.2%   5.2  566s
 184964 114457 37597.8613   57   12 91127.0000 36296.2281  60.2%   5.2  576s
 188293 116151 36514.7179   37   19 91127.0000 36298.9200  60.2%   5.2  587s
 191516 115708 36863.2675   50   10 91127.0000 36302.6313  60.2%   5.2  596s
 191815 116319 36970.5508   51   11 91127.0000 36302.6597  60.2%   5.2  600s

Cutting planes:
  Gomory: 10
  MIR: 2

Explored 192559 nodes (1004074 simplex iterations) in 601.43 seconds (211.90 work units)
Thread count was 32 (of 32 available processors)

Solution count 10: 91127 95981 98270 ... 132214

Time limit reached
Best objective 9.112700000000e+04, best bound 3.630265974581e+04, gap 60.1626%

User-callback calls 404284, time in user-callback 107.10 sec
