
Gurobi 13.0.2 (win64) logging started Fri Jul 17 20:14:46 2026

Set parameter LogFile to value "logs/kstar_nI40_nJ40_nK50_nL10_tI3_tJ3_s5_m1_exact_s0_20260717-201446.gurobi.log"
Set parameter Seed to value 0
Set parameter TimeLimit to value 599.9547448
Set parameter MIPGap to value 0
Set parameter MIPGapAbs to value 0.5
Set parameter Cutoff to value 1e+100
Gurobi Optimizer version 13.0.2 build v13.0.2rc1 (win64 - Windows 11+.0 (26200.2))

CPU model: Intel(R) Core(TM) i9-14900HX, instruction set [SSE2|AVX|AVX2]
Thread count: 24 physical cores, 32 logical processors, using up to 32 threads

Non-default parameters:
TimeLimit  599.9547448
MIPGap  0
MIPGapAbs  0.5
PreCrush  1
LazyConstraints  1

Optimize a model with 20 rows, 90 columns and 800 nonzeros (Min)
Model fingerprint: 0x4b85d4a9
Model has 90 linear objective coefficients
Variable types: 10 continuous, 80 integer (80 binary)
Coefficient statistics:
  Matrix range     [3e+00, 7e+02]
  Objective range  [1e+00, 5e+02]
  Bounds range     [1e+00, 4e+03]
  RHS range        [6e+02, 7e+02]

Using branch priorities.
Presolve removed 5 rows and 0 columns
Presolve time: 0.00s
Presolved: 15 rows, 90 columns, 600 nonzeros
Variable types: 10 continuous, 80 integer (80 binary)

Root relaxation: objective 3.450798e+04, 6 iterations, 0.00 seconds (0.00 work units)

    Nodes    |    Current Node    |     Objective Bounds      |     Work
 Expl Unexpl |  Obj  Depth IntInf | Incumbent    BestBd   Gap | It/Node Time

     0     0 34507.9766    0    2          - 34507.9766      -     -    0s
H    0     0                    292319.00000 34507.9766  88.2%     -    0s
H    0     0                    246675.00000 34507.9766  86.0%     -    0s
H    0     0                    238355.00000 34507.9766  85.5%     -    0s
H    0     0                    214287.00000 34507.9766  83.9%     -    0s
     0     0 34722.1767    0    5 214287.000 34722.1767  83.8%     -    0s
     0     0 34723.1648    0    5 214287.000 34723.1648  83.8%     -    0s
H    0     0                    212247.00000 34723.1648  83.6%     -    0s
H    0     0                    167262.00000 34725.5295  79.2%     -    0s
     0     2 34850.6782    0   11 167262.000 34850.6782  79.2%     -    0s
H 3766  3316                    161185.00000 34954.4644  78.3%   3.0    5s
H 3768  3317                    160385.00000 34954.4644  78.2%   3.0    5s
  3976  3489 35108.9701   20   20 160385.000 35003.7339  78.2%   4.2   10s
  4805  4035 35294.9436   29   14 160385.000 35003.7339  78.2%   5.7   15s
  6281  4937 35688.7784   42    5 160385.000 35044.3174  78.1%   6.1   20s
* 7060  5103              91    132896.00000 35054.9080  73.6%   6.0   22s
* 7061  4943              91    132293.00000 35054.9080  73.5%   6.0   22s
  7821  5374 45887.9486   81    4 132293.000 35054.9080  73.5%   5.8   25s
  8421  5663 35254.7272   23   22 132293.000 35054.9080  73.5%   5.8   30s
  8987  6047 35375.0952   27   16 132293.000 35070.0214  73.5%   5.9   35s
 10147  6794 35534.2189   31   12 132293.000 35076.7764  73.5%   5.9   40s
 12347  8046 35590.1681   36   15 132293.000 35093.4932  73.5%   5.9   45s
 14298  9210 37816.7010   58    1 132293.000 35104.6858  73.5%   5.9   50s
 16311 10975 35584.2410   32   17 132293.000 35117.9259  73.5%   5.8   56s
 18041 12434 35491.9478   26   15 132293.000 35130.9617  73.4%   5.8   61s
 20037 14120 35345.3479   33   17 132293.000 35130.9617  73.4%   5.7   65s
 20897 14607 35924.7330   47    9 132293.000 35141.9505  73.4%   5.8   70s
 21587 15145 35248.9113   25   19 132293.000 35141.9505  73.4%   5.8   75s
 21917 15548 35376.7984   34   16 132293.000 35141.9505  73.4%   5.8   80s
 22516 16203 36490.2690   62    2 132293.000 35141.9505  73.4%   5.8   85s
 23626 17232 35695.0105   42   15 132293.000 35141.9505  73.4%   5.8   90s
 24886 18569 35265.0268   30   19 132293.000 35170.7480  73.4%   5.8   95s
 26722 20170 35475.0847   26   20 132293.000 35178.5523  73.4%   5.7  101s
 28654 21899 35392.5028   27   18 132293.000 35180.2630  73.4%   5.7  106s
 29637 23146 36580.8391   53    6 132293.000 35183.7170  73.4%   5.7  110s
 32520 25521 35286.6886   28   20 132293.000 35186.9760  73.4%   5.7  118s
 33857 26507 36510.0173   64    4 132293.000 35197.3937  73.4%   5.7  121s
 35015 27674 35495.4209   29   14 132293.000 35197.3937  73.4%   5.7  125s
 37947 30413 48283.6568   85    2 132293.000 35197.3937  73.4%   5.7  133s
 39584 31678 35509.7827   34   19 132293.000 35197.3937  73.4%   5.7  137s
 41017 32936 36142.9023   58   10 132293.000 35197.3937  73.4%   5.7  142s
 42530 33151 36999.7966   53    5 132293.000 35197.3937  73.4%   5.7  158s
 42532 33152 38168.0000   86   30 132293.000 35197.3937  73.4%   5.7  161s
 42534 33154 35571.0941   39   27 132293.000 35197.3937  73.4%   5.7  166s
 42536 33155 36816.3121   49   29 132293.000 35197.3937  73.4%   5.7  171s
 42538 33156 35423.9519   26   30 132293.000 35197.3937  73.4%   5.7  177s
 42539 33157 35447.4970   32   31 132293.000 35197.3937  73.4%   5.7  181s
H42543 31501                    124798.00000 35197.3937  71.8%   5.7  187s
 42546 31503 36575.8103   53   32 124798.000 35197.3937  71.8%   5.7  190s
 42548 31504 35824.9066   47   31 124798.000 35197.3937  71.8%   5.7  196s
 42550 31505 36800.0000   61   31 124798.000 35197.3937  71.8%   5.7  202s
 42551 31506 35867.3193   34   31 124798.000 35197.3937  71.8%   5.7  205s
 42556 31514 35197.3937   28   23 124798.000 35197.3937  71.8%   5.7  210s
 42616 31582 35208.9209   32   26 124798.000 35197.3937  71.8%   5.8  215s
 42779 31691 35310.7652   34   23 124798.000 35197.3937  71.8%   5.9  220s
 42843 31836 35312.1838   35   24 124798.000 35197.3937  71.8%   5.9  225s
 43199 32049 35444.1356   37   22 124798.000 35197.3937  71.8%   6.1  230s
 43550 32221 35381.5297   39   23 124798.000 35197.3937  71.8%   6.1  235s
 43853 32394 35441.1589   41   23 124798.000 35197.3937  71.8%   6.2  240s
 44051 32646 35490.3212   43   24 124798.000 35197.3937  71.8%   6.2  245s
 44677 32936 35573.1659   46   22 124798.000 35197.3937  71.8%   6.2  250s
 45335 33299 35821.6458   49   16 124798.000 35201.1704  71.8%   6.2  255s
 45903 33642 35977.8339   52   12 124798.000 35216.6534  71.8%   6.3  260s
 46579 34021 36013.8300   55   14 124798.000 35221.4303  71.8%   6.3  265s
 47097 34437 36176.5763   59   12 124798.000 35221.4303  71.8%   6.4  270s
 47974 34994 36762.1945   71    2 124798.000 35242.3723  71.8%   6.4  277s
 48506 35244 37162.1462   82    2 124798.000 35242.3723  71.8%   6.4  280s
 49586 35888 35422.7235   44   21 124798.000 35242.3723  71.8%   6.4  287s
 50200 36188 35675.6811   52   18 124798.000 35258.1102  71.7%   6.4  290s
 51311 36395 40684.3862   90    1 124798.000 35258.1102  71.7%   6.5  298s
 51361 36654 40686.0000   91    - 124798.000 35258.1102  71.7%   6.5  303s
 51780 37104 35364.5847   42   24 124798.000 35270.1298  71.7%   6.5  308s
 52435 37504 36109.5924   53    9 124798.000 35270.1298  71.7%   6.5  313s
 53203 37808 37948.7741   92    3 124798.000 35270.1298  71.7%   6.5  317s
 53799 38305 37961.5489   93    3 124798.000 35273.3234  71.7%   6.5  322s
 54669 38601 35542.1568   34   24 124798.000 35274.3461  71.7%   6.5  327s
 55381 38805 35815.8939   39   16 124798.000 35274.3461  71.7%   6.6  332s
 55754 38741 35845.3505   41   14 124798.000 35274.3461  71.7%   6.6  338s
 55786 39117 35636.1029   39   22 124798.000 35274.3461  71.7%   6.6  344s
 56235 39052 35828.4073   41   17 124798.000 35274.3461  71.7%   6.6  345s
 56361 39052 35946.6180   42   11 124798.000 35274.3461  71.7%   6.6  351s
 56393 39489 35860.5869   42   13 124798.000 35274.3461  71.7%   6.6  358s
 57155 39441 35783.6774   41   19 124798.000 35274.3461  71.7%   6.6  365s
 57236 40082 35901.2608   43   16 124798.000 35274.3461  71.7%   6.7  372s
 58240 40435 35973.0553   43   10 124798.000 35274.3461  71.7%   6.6  378s
 59016 41106 35989.9411   43   12 124798.000 35282.2998  71.7%   6.7  385s
 60181 41639 37773.5914   63    5 124798.000 35286.2041  71.7%   6.7  391s
 61351 42321 39029.9191   93    2 124798.000 35334.8548  71.7%   6.7  397s
 62499 43065 35741.9808   49   18 124798.000 35334.8548  71.7%   6.7  404s
 63803 43397 43937.0000   99    - 124798.000 35336.7257  71.7%   6.7  412s
 64616 44310 35732.6896   38   17 124798.000 35336.7257  71.7%   6.8  419s
 65401 44176 36188.2595   50   11 124798.000 35336.7257  71.7%   6.7  420s
 66206 45249 35450.0613   40   25 124798.000 35336.7257  71.7%   6.8  427s
 67796 45004 36311.9920   62    6 124798.000 35336.7257  71.7%   6.8  435s
 68065 45853 36883.2972   63    6 124798.000 35336.7257  71.7%   6.8  444s
 69422 45983 36918.8268   64    5 124798.000 35336.7257  71.7%   6.8  453s
 71522 47258 35834.6949   40   16 124798.000 35401.2047  71.6%   6.7  461s
 72752 48123 36191.7665   62    5 124798.000 35409.3282  71.6%   6.8  470s
 74403 49129 35927.8131   56   18 124798.000 35414.4309  71.6%   6.8  479s
 76018 50066 35655.4531   39   20 124798.000 35414.4309  71.6%   6.9  488s
 77787 51220 42068.3251  100    1 124798.000 35418.4451  71.6%   6.9  499s
 79689 50806 36599.5958   62    5 124798.000 35426.5738  71.6%   6.9  509s
 79721 51977 36633.6407   63    9 124798.000 35426.5738  71.6%   6.9  518s
 81219 51666 35797.7809   46   20 124798.000 35431.4522  71.6%   6.9  530s
 81253 52858 35830.1983   47   20 124798.000 35431.5030  71.6%   6.9  541s
 82767 53684 35916.6019   52   18 124798.000 35431.5174  71.6%   6.9  553s
 84269 54677 35589.0136   42   23 124798.000 35435.2803  71.6%   7.0  563s
 85927 55825 41590.6503  100    2 124798.000 35438.3700  71.6%   7.0  577s
 87902 57084 35605.3534   43   30 124798.000 35438.3700  71.6%   7.0  590s
 90012 57681 36175.7296   58   15 124798.000 35438.3700  71.6%   7.1  599s
 90126 57655 35680.1859   40   24 124798.000 35438.3700  71.6%   7.1  600s

Cutting planes:
  Cover: 1
  MIR: 13
  Flow cover: 4

Explored 91522 nodes (645182 simplex iterations) in 601.98 seconds (322.53 work units)
Thread count was 32 (of 32 available processors)

Solution count 9: 124798 132293 132896 ... 292319

Time limit reached
Best objective 1.247980000000e+05, best bound 3.544954355107e+04, gap 71.5945%

User-callback calls 210847, time in user-callback 95.82 sec
