
Gurobi 13.0.2 (win64) logging started Thu Jul 16 01:38:41 2026

Set parameter LogFile to value "logs/kstar_nI20_nJ40_nK100_nL10_tI3_tJ3_s1_m1_exact_s0_20260716-013841.gurobi.log"
Set parameter Seed to value 0
Set parameter TimeLimit to value 599.9397303
Set parameter MIPGap to value 0
Set parameter MIPGapAbs to value 0.5
Set parameter Cutoff to value 1e+100
Gurobi Optimizer version 13.0.2 build v13.0.2rc1 (win64 - Windows 11+.0 (26200.2))

CPU model: Intel(R) Core(TM) i9-14900HX, instruction set [SSE2|AVX|AVX2]
Thread count: 24 physical cores, 32 logical processors, using up to 32 threads

Non-default parameters:
TimeLimit  599.9397303
MIPGap  0
MIPGapAbs  0.5
PreCrush  1
LazyConstraints  1

Optimize a model with 20 rows, 70 columns and 600 nonzeros (Min)
Model fingerprint: 0xb9cc6e43
Model has 70 linear objective coefficients
Variable types: 10 continuous, 60 integer (60 binary)
Coefficient statistics:
  Matrix range     [2e+01, 1e+03]
  Objective range  [1e+00, 5e+02]
  Bounds range     [1e+00, 9e+03]
  RHS range        [1e+03, 1e+03]

Using branch priorities.
Presolve removed 3 rows and 0 columns
Presolve time: 0.00s
Presolved: 17 rows, 70 columns, 520 nonzeros
Variable types: 10 continuous, 60 integer (60 binary)

Root relaxation: objective 7.857908e+04, 6 iterations, 0.00 seconds (0.00 work units)

    Nodes    |    Current Node    |     Objective Bounds      |     Work
 Expl Unexpl |  Obj  Depth IntInf | Incumbent    BestBd   Gap | It/Node Time

     0     0 78579.0817    0    4          - 78579.0817      -     -    0s
H    0     0                    519064.00000 78579.0817  84.9%     -    0s
H    0     0                    458743.00000 78579.0817  82.9%     -    0s
H    0     0                    453954.00000 78579.0817  82.7%     -    0s
     0     0 78671.4573    0    8 453954.000 78671.4573  82.7%     -    0s
     0     0 78722.8880    0   11 453954.000 78722.8880  82.7%     -    0s
H    0     0                    440339.00000 78724.6865  82.1%     -    0s
     0     0 78750.0929    0   11 440339.000 78750.0929  82.1%     -    0s
     0     0 78753.6286    0   11 440339.000 78753.6286  82.1%     -    0s
H    0     0                    385510.00000 78753.6286  79.6%     -    0s
     0     2 78754.9760    0   14 385510.000 78754.9760  79.6%     -    0s
  1949  2123 79025.5232   12   10 385510.000 78821.8079  79.6%   3.3    5s
H 3428  2932                    341745.00000 78876.0087  76.9%   2.9    9s
H 3433  2788                    313027.00000 78876.4656  74.8%   2.9    9s
  3439  2792 79647.2375   28   21 313027.000 78876.4656  74.8%   2.9   10s
H 3439  2652                    308036.00000 78891.7169  74.4%   2.9   10s
  3755  2878 79126.3016   23   14 308036.000 78941.3193  74.4%   4.2   15s
  4266  3250 79366.5545   28    7 308036.000 78941.3193  74.4%   4.9   20s
  4992  3647 79676.2429   30    7 308036.000 78950.1970  74.4%   5.1   25s
  6057  4291 134166.197   70    1 308036.000 78965.7170  74.4%   5.1   30s
  7241  4916 101353.000   69    - 308036.000 78980.7583  74.4%   4.9   35s
  8820  5704 79654.0524   40    8 308036.000 78990.2146  74.4%   4.8   40s
  9416  6002 81900.1419   66    1 308036.000 79001.8173  74.4%   4.8   45s
 10435  6587 80322.8835   50    5 308036.000 79001.8173  74.4%   4.8   50s
 11628  7282 80411.9467   46    4 308036.000 79040.9882  74.3%   4.9   55s
 13445  8918 79588.3005   36    7 308036.000 79051.6914  74.3%   4.8   60s
 14801  9903 80332.3743   44    1 308036.000 79054.9350  74.3%   4.8   65s
 16267 11186 81232.8581   62    2 308036.000 79055.3049  74.3%   4.8   70s
 16938 11807 80165.2330   46    1 308036.000 79062.6654  74.3%   4.8   75s
 17638 12201 80214.0459   49    2 308036.000 79062.6654  74.3%   4.8   81s
 17975 12646 79332.2793   33   14 308036.000 79062.6654  74.3%   4.8   85s
 18711 13169 79582.1657   28    9 308036.000 79071.6287  74.3%   4.8   91s
 19232 13908 80121.3602   47    5 308036.000 79071.6287  74.3%   4.8   95s
 20286 14879 79981.3733   47    2 308036.000 79071.6287  74.3%   4.9  100s
 21485 15816 79977.5542   43    5 308036.000 79071.6287  74.3%   4.9  105s
 22727 16872 89289.0000   64    - 308036.000 79072.9403  74.3%   4.9  110s
 24268 18194 79311.3499   23   14 308036.000 79108.1998  74.3%   4.9  116s
 25279 19043 80741.9118   45    3 308036.000 79109.6905  74.3%   4.9  120s
 27356 20726 79325.1066   25   15 308036.000 79117.3733  74.3%   4.8  126s
 29056 22309 80741.6834   60    3 308036.000 79119.1621  74.3%   4.9  133s
 30126 23512 79584.7977   38   11 308036.000 79123.7273  74.3%   4.9  138s
 31575 24791 79838.2151   36   11 308036.000 79125.7854  74.3%   4.9  142s
 33173 26235 79293.4236   23   19 308036.000 79127.8988  74.3%   4.9  147s
 34780 27506 92475.0000   68    - 308036.000 79127.8988  74.3%   4.9  152s
 36170 28934 79688.6104   38   10 308036.000 79141.5324  74.3%   5.0  156s
 37770 30258 80979.0840   52    2 308036.000 79151.0050  74.3%   5.0  161s
 39285 31505 79680.6852   36   12 308036.000 79155.6562  74.3%   5.0  167s
 40906 32567 79665.4710   34    8 308036.000 79155.6562  74.3%   5.0  172s
 42405 33692 79313.9889   27   17 308036.000 79164.5457  74.3%   5.0  178s
 44149 35252 113563.000   67    - 308036.000 79164.9375  74.3%   5.0  184s
 45935 36883 79302.3756   27   16 308036.000 79172.7069  74.3%   5.0  190s
 47627 37142 80279.0729   48    7 308036.000 79172.7069  74.3%   5.0  196s
 47677 37682 80298.2469   49    8 308036.000 79172.7069  74.3%   5.0  201s
 48431 38328 79928.1992   39    9 308036.000 79181.6691  74.3%   5.1  206s
 49174 39163 79512.5701   31   15 308036.000 79182.0568  74.3%   5.1  212s
 50185 40135 79510.5277   35   13 308036.000 79182.0568  74.3%   5.1  218s
 51389 40321 80087.5754   48   11 308036.000 79189.4694  74.3%   5.1  235s
H51390 38305                    255110.00000 79189.4694  69.0%   5.1  238s
 51392 38306 80216.2288   40   27 255110.000 79189.4694  69.0%   5.1  240s
 51394 38307 80462.2943   58   27 255110.000 79189.4694  69.0%   5.1  245s
 51397 38309 80522.0000   35   27 255110.000 79189.4694  69.0%   5.1  254s
 51398 38310 81186.0000   59   26 255110.000 79189.4694  69.0%   5.1  257s
 51404 38314 80825.0000   57   25 255110.000 79189.4694  69.0%   5.1  263s
 51405 38315 82136.0000   67   25 255110.000 79189.4694  69.0%   5.1  265s
 51407 38316 79959.4513   49   25 255110.000 79189.4694  69.0%   5.1  270s
H51407 36400                    248646.00000 79189.4694  68.2%   5.1  273s
 51409 36401 80723.8844   66   25 248646.000 79189.4694  68.2%   5.1  275s
 51412 36403 82854.0000   71   24 248646.000 79189.4694  68.2%   5.1  280s
 51443 36457 79189.4694   27   21 248646.000 79189.4694  68.2%   5.1  286s
 51507 36601 79189.4694   29   24 248646.000 79189.4694  68.2%   5.1  290s
 51672 36622 79189.4694   30   24 248646.000 79189.4694  68.2%   5.2  298s
 51716 36749 79189.4694   31   21 248646.000 79189.4694  68.2%   5.2  300s
 52089 36890 79281.2337   33   21 248646.000 79189.4694  68.2%   5.3  306s
 52235 36994 79311.0813   34   22 248646.000 79189.4694  68.2%   5.3  310s
 52417 37139 79447.6858   35   18 248646.000 79189.4694  68.2%   5.3  316s
 52532 37228 79606.7522   38   16 248646.000 79189.4694  68.2%   5.4  320s
 52668 37252 79706.7653   37   14 248646.000 79189.4694  68.2%   5.4  325s
 53010 37538 79583.9373   40   18 248646.000 79189.4694  68.2%   5.4  331s
 53379 37734 79556.6773   43   17 248646.000 79189.4694  68.2%   5.4  335s
 53930 38055 79993.0990   45    9 248646.000 79189.4694  68.2%   5.4  340s
 54307 38248 79900.1919   48   12 248646.000 79189.4694  68.2%   5.4  345s
 54894 38575 80672.0563   57    2 248646.000 79189.4694  68.2%   5.5  351s
 55300 38764 79226.7740   32   21 248646.000 79189.4694  68.2%   5.5  355s
 55898 38967 96987.0000   77    - 248646.000 79189.4694  68.2%   5.5  360s
 55947 39077 79253.0634   33   20 248646.000 79189.4694  68.2%   5.5  365s
 56462 39536 79962.3845   50   11 248646.000 79189.4694  68.2%   5.5  373s
 56903 39751 86000.0000   76    - 248646.000 79189.4694  68.2%   5.5  378s
 57297 40046 79381.5268   40   17 248646.000 79189.4694  68.2%   5.6  383s
 57782 40258 79680.3807   48   13 248646.000 79189.4694  68.2%   5.6  387s
 58253 40545 81132.5774   66    1 248646.000 79189.4694  68.2%   5.6  392s
 58813 40818 79250.8602   34   19 248646.000 79189.4694  68.2%   5.6  396s
 59426 41105 79634.2962   42   13 248646.000 79189.4694  68.2%   5.6  401s
 59927 41343 80452.0984   67    3 248646.000 79189.4694  68.2%   5.7  405s
 60367 41738 79503.3380   39   20 248646.000 79189.4694  68.2%   5.7  410s
 61757 42031 80761.0951   55    4 248646.000 79189.4694  68.2%   5.7  416s
 62121 42396 81131.0597   63    1 248646.000 79189.4694  68.2%   5.7  420s
 63125 42869 79267.1712   35   18 248646.000 79189.4694  68.2%   5.8  428s
 63426 43483 79487.2394   37   16 248646.000 79189.4694  68.2%   5.8  433s
 64249 43750 80386.3033   63    4 248646.000 79189.4694  68.2%   5.8  438s
 64883 43659 79566.1404   44   17 248646.000 79189.4694  68.2%   5.8  445s
 64915 43680 79611.2689   45   16 248646.000 79189.4694  68.2%   5.8  451s
 64947 43737 79807.1525   46   13 248646.000 79189.4694  68.2%   5.8  456s
 65018 44318 79967.4780   47   11 248646.000 79189.4694  68.2%   5.8  462s
 65875 44714 79253.1303   35   21 248646.000 79189.4694  68.2%   5.9  469s
 66511 44626 81309.8174   77    1 248646.000 79189.4694  68.2%   5.9  470s
 66776 45113 80310.7775   53   10 248646.000 79196.7127  68.1%   5.9  476s
 67774 45534 79639.2590   43   16 248646.000 79217.7634  68.1%   5.9  483s
 68520 46058 79933.8627   46    7 248646.000 79221.9767  68.1%   6.0  490s
 69583 46571 80458.7282   51    3 248646.000 79236.3138  68.1%   6.0  497s
 70681 47212 81258.6275   63    2 248646.000 79236.3138  68.1%   6.0  505s
 71880 47186 79554.7746   34   15 248646.000 79236.3138  68.1%   6.0  513s
 72119 48018 80795.8146   75    1 248646.000 79236.3138  68.1%   6.0  521s
 73363 48534 80858.9536   62    1 248646.000 79251.3748  68.1%   6.0  529s
 74659 49418 79911.8411   42   13 248646.000 79251.3748  68.1%   5.9  537s
 76101 49197 79636.4659   47   16 248646.000 79262.4650  68.1%   5.9  548s
 76208 50091 79662.6019   48   13 248646.000 79262.4650  68.1%   5.9  558s
 77520 50534 79335.0055   40   19 248646.000 79262.4650  68.1%   6.0  568s
 78735 51159 80826.9506   52    1 248646.000 79265.1842  68.1%   6.0  579s
 80026 51808 79489.8627   41   21 248646.000 79266.9346  68.1%   6.0  590s
 81281 52380 79744.4089   44   17 248646.000 79266.9346  68.1%   6.0  600s

Cutting planes:
  MIR: 11
  Flow cover: 2

Explored 82737 nodes (498438 simplex iterations) in 602.81 seconds (274.72 work units)
Thread count was 32 (of 32 available processors)

Solution count 10: 248646 255110 308036 ... 519064

Time limit reached
Best objective 2.486460000000e+05, best bound 7.928161326559e+04, gap 68.1147%

User-callback calls 186167, time in user-callback 165.00 sec
