
Gurobi 13.0.2 (win64) logging started Wed Jul 15 20:53:32 2026

Set parameter LogFile to value "logs/kstar_nI40_nJ40_nK50_nL5_tI2_tJ2_s1_m0_exact_s0_20260715-205332.gurobi.log"
Set parameter Seed to value 0
Set parameter TimeLimit to value 599.9775143
Set parameter NodefileStart to value 4
Set parameter MIPGap to value 0
Set parameter MIPGapAbs to value 0.9999
Set parameter Cutoff to value 1e+100
Gurobi Optimizer version 13.0.2 build v13.0.2rc1 (win64 - Windows 11+.0 (26200.2))

CPU model: Intel(R) Core(TM) i9-14900HX, instruction set [SSE2|AVX|AVX2]
Thread count: 24 physical cores, 32 logical processors, using up to 32 threads

Non-default parameters:
TimeLimit  599.9775143
MIPGap  0
MIPGapAbs  0.9999
NodefileStart  4

Optimize a model with 850 rows, 18080 columns and 46400 nonzeros (Min)
Model fingerprint: 0xe4c817a9
Model has 18080 linear objective coefficients
Variable types: 18000 continuous, 80 integer (80 binary)
Coefficient statistics:
  Matrix range     [1e+00, 7e+02]
  Objective range  [1e+00, 5e+02]
  Bounds range     [1e+00, 1e+00]
  RHS range        [5e+00, 2e+01]

Using branch priorities.
Found heuristic solution: objective 335971.00000
Presolve time: 0.02s
Presolved: 850 rows, 18080 columns, 46400 nonzeros
Variable types: 18000 continuous, 80 integer (80 binary)

Root relaxation: objective 1.777382e+04, 676 iterations, 0.00 seconds (0.01 work units)

    Nodes    |    Current Node    |     Objective Bounds      |     Work
 Expl Unexpl |  Obj  Depth IntInf | Incumbent    BestBd   Gap | It/Node Time

     0     0 17773.8222    0   77 335971.000 17773.8222  94.7%     -    0s
H    0     0                    36941.453053 17773.8222  51.9%     -    0s
H    0     0                    36655.598504 17773.8222  51.5%     -    0s
H    0     0                    36296.152511 24162.7424  33.4%     -    0s
H    0     0                    36035.343369 24162.7424  32.9%     -    0s
     0     0 24162.7424    0   67 36035.3434 24162.7424  32.9%     -    0s
H    0     0                    33787.000000 24213.9223  28.3%     -    0s
H    0     0                    32911.000000 24213.9223  26.4%     -    0s
H    0     0                    32873.000000 24213.9223  26.3%     -    0s
     0     0 24246.6899    0   67 32873.0000 24246.6899  26.2%     -    0s
     0     0 27088.0225    0   72 32873.0000 27088.0225  17.6%     -    0s
H    0     0                    32192.000000 27089.1007  15.9%     -    0s
H    0     0                    32057.000000 27089.1007  15.5%     -    0s
     0     0 27645.6366    0   70 32057.0000 27645.6366  13.8%     -    0s
     0     0 27767.6528    0   70 32057.0000 27767.6528  13.4%     -    0s
     0     0 27794.1371    0   70 32057.0000 27794.1371  13.3%     -    0s
     0     0 27801.7663    0   71 32057.0000 27801.7663  13.3%     -    0s
     0     0 27806.4491    0   71 32057.0000 27806.4491  13.3%     -    0s
H    0     0                    31956.000000 28465.0944  10.9%     -    0s
H    0     0                    31677.000000 28465.0944  10.1%     -    0s
     0     0 28465.0944    0   73 31677.0000 28465.0944  10.1%     -    0s
H    0     0                    30632.000000 28466.6306  7.07%     -    0s
H    0     0                    30498.000000 28466.6306  6.66%     -    0s
H    0     0                    30472.000000 28466.6306  6.58%     -    0s
     0     0 28764.2939    0   75 30472.0000 28764.2939  5.60%     -    0s
     0     0 28819.2692    0   71 30472.0000 28819.2692  5.42%     -    0s
     0     0 28834.1565    0   73 30472.0000 28834.1565  5.37%     -    0s
     0     0 28838.0697    0   73 30472.0000 28838.0697  5.36%     -    0s
     0     0 28945.1245    0   71 30472.0000 28945.1245  5.01%     -    0s
H    0     0                    30359.000000 29019.4502  4.41%     -    0s
     0     0 29019.4502    0   72 30359.0000 29019.4502  4.41%     -    0s
     0     0 29030.7464    0   72 30359.0000 29030.7464  4.38%     -    0s
     0     0 29034.9778    0   70 30359.0000 29034.9778  4.36%     -    0s
     0     0 29074.8559    0   73 30359.0000 29074.8559  4.23%     -    0s
     0     0 29082.1995    0   71 30359.0000 29082.1995  4.21%     -    0s
     0     0 29109.7945    0   71 30359.0000 29109.7945  4.11%     -    1s
     0     0 29110.7572    0   71 30359.0000 29110.7572  4.11%     -    1s
     0     0 29110.7572    0   71 30359.0000 29110.7572  4.11%     -    1s
     0     2 29110.8291    0   71 30359.0000 29110.8291  4.11%     -    1s
H  202   231                    29517.000000 29331.6066  0.63%   143    1s
H  342    65                    29467.000000 29350.1482  0.40%  97.8    1s

Cutting planes:
  Implied bound: 368
  MIR: 217
  Flow cover: 449
  Relax-and-lift: 23

Explored 490 nodes (39663 simplex iterations) in 1.75 seconds (2.45 work units)
Thread count was 32 (of 32 available processors)

Solution count 10: 29467 29517 30359 ... 32192

Optimal solution found (tolerance 0.00e+00)
Best objective 2.946700000000e+04, best bound 2.946700000000e+04, gap 0.0000%
