
Gurobi 13.0.2 (win64) logging started Sat Jul 18 00:05:53 2026

Set parameter LogFile to value "logs/kstar_nI40_nJ40_nK50_nL5_tI3_tJ3_s3_m1_exact_s0_20260718-000553.gurobi.log"
Set parameter Seed to value 0
Set parameter TimeLimit to value 599.9758977
Set parameter MIPGap to value 0
Set parameter MIPGapAbs to value 0.5
Set parameter Cutoff to value 1e+100
Gurobi Optimizer version 13.0.2 build v13.0.2rc1 (win64 - Windows 11+.0 (26200.2))

CPU model: Intel(R) Core(TM) i9-14900HX, instruction set [SSE2|AVX|AVX2]
Thread count: 24 physical cores, 32 logical processors, using up to 32 threads

Non-default parameters:
TimeLimit  599.9758977
MIPGap  0
MIPGapAbs  0.5
PreCrush  1
LazyConstraints  1

Optimize a model with 10 rows, 85 columns and 400 nonzeros (Min)
Model fingerprint: 0x8a0a0e6c
Model has 85 linear objective coefficients
Variable types: 5 continuous, 80 integer (80 binary)
Coefficient statistics:
  Matrix range     [2e+00, 6e+02]
  Objective range  [1e+00, 5e+02]
  Bounds range     [1e+00, 4e+03]
  RHS range        [6e+02, 6e+02]

Using branch priorities.
Presolve removed 2 rows and 0 columns
Presolve time: 0.00s
Presolved: 8 rows, 85 columns, 320 nonzeros
Variable types: 5 continuous, 80 integer (80 binary)

Root relaxation: objective 1.603798e+04, 4 iterations, 0.00 seconds (0.00 work units)

    Nodes    |    Current Node    |     Objective Bounds      |     Work
 Expl Unexpl |  Obj  Depth IntInf | Incumbent    BestBd   Gap | It/Node Time

     0     0 16037.9756    0    2          - 16037.9756      -     -    0s
H    0     0                    151927.00000 16037.9756  89.4%     -    0s
H    0     0                    140272.00000 16037.9756  88.6%     -    0s
H    0     0                    131571.00000 16037.9756  87.8%     -    0s
H    0     0                    116037.00000 16037.9756  86.2%     -    0s
     0     0 16144.2436    0    7 116037.000 16144.2436  86.1%     -    0s
     0     0 16146.0716    0    7 116037.000 16146.0716  86.1%     -    0s
H    0     0                    115177.00000 16150.7316  86.0%     -    0s
H    0     0                    111726.00000 16150.7316  85.5%     -    0s
H    0     0                    104925.00000 16150.7316  84.6%     -    0s
     0     2 16219.0406    0   11 104925.000 16219.0406  84.5%     -    0s
H 3007  2653                    99181.000000 16322.1460  83.5%   2.7    3s
H 3014  2524                    80900.000000 16385.5227  79.7%   2.7    4s
H 3018  2400                    78000.000000 16400.0415  79.0%   2.7    4s
  3022  2403 17227.4674   44   18 78000.0000 16400.0415  79.0%   2.7    5s
  4341  3342 16772.2158   30   12 78000.0000 16430.6527  78.9%   4.3   10s
  7712  5318 20043.0000   82    - 78000.0000 16445.2398  78.9%   3.9   15s
 12404  8439 16717.4250   21   20 78000.0000 16522.9017  78.8%   3.8   20s
 16365 11576 17249.2195   38    3 78000.0000 16578.6998  78.7%   3.8   25s
 18057 13317 17802.9304   60    7 78000.0000 16578.6998  78.7%   3.8   30s
 21561 16779 17863.3857   51    3 78000.0000 16617.0242  78.7%   3.8   35s
 26251 20148 16904.6206   22   13 78000.0000 16646.7182  78.7%   3.8   40s
 28472 22515 16966.1125   22   13 78000.0000 16646.8967  78.7%   3.8   45s
 30673 24865 16754.7120   20   18 78000.0000 16665.4537  78.6%   3.8   50s
 35200 28917 16978.6607   25   13 78000.0000 16683.5840  78.6%   3.8   57s
 38872 32646 17903.6812   72    2 78000.0000 16690.4129  78.6%   3.8   62s
 41302 34059 17505.4200   53    6 78000.0000 16691.1901  78.6%   3.8   65s
 44691 35889 16938.4046   31   13 78000.0000 16700.1893  78.6%   3.8   71s
 46173 37232 16873.4125   24   13 78000.0000 16705.2813  78.6%   3.8   75s
 48703 39585 17548.3107   24    1 78000.0000 16712.3763  78.6%   3.8   82s
 51128 42097 17159.9921   34    8 78000.0000 16716.9374  78.6%   3.7   86s
 54767 43925 17004.3468   28   12 78000.0000 16719.4742  78.6%   3.7   90s
 57156 45373 17008.9053   29   14 78000.0000 16726.8793  78.6%   3.7   95s
 60230 49141 17168.7371   25    5 78000.0000 16734.2012  78.5%   3.7  101s
 62520 50563 18115.7900   50    3 78000.0000 16736.7275  78.5%   3.8  105s
 67905 53856 17139.2589   29    6 78000.0000 16740.6622  78.5%   3.8  110s
 70885 56221 16931.6968   22    7 78000.0000 16748.9514  78.5%   3.8  125s
H70886 53410                    70979.000000 16748.9514  76.4%   3.8  127s
 70889 53412 17687.1634   60   26 70979.0000 16748.9514  76.4%   3.8  132s
 70893 53414 16966.2899   35   29 70979.0000 16748.9514  76.4%   3.8  135s
H70893 50744                    65970.000000 16748.9514  74.6%   3.8  137s
 70899 50748 17169.3976   27   26 65970.0000 16748.9514  74.6%   3.8  141s
H70900 48211                    53819.000000 16748.9514  68.9%   3.8  144s
 70902 48212 17832.0000   53   28 53819.0000 16748.9514  68.9%   3.8  146s
 70907 48216 18926.0000   76   27 53819.0000 16748.9514  68.9%   3.8  151s
 70924 48244 16748.9514   24   24 53819.0000 16748.9514  68.9%   3.8  155s
 71112 48385 16748.9514   28   24 53819.0000 16748.9514  68.9%   3.9  160s
 71176 48522 16748.9514   29   22 53819.0000 16748.9514  68.9%   3.9  166s
 71435 48687 16768.7895   30   21 53819.0000 16748.9514  68.9%   3.9  170s
 71801 48959 16775.8543   33   24 53819.0000 16748.9514  68.9%   4.0  175s
 72189 49221 16853.5416   36   22 53819.0000 16748.9514  68.9%   4.0  180s
 73065 49745 16944.6750   42   21 53819.0000 16748.9514  68.9%   4.0  186s
 73967 50227 17177.0216   47   14 53819.0000 16748.9514  68.9%   4.1  190s
 75452 50876 16834.7965   29   18 53819.0000 16748.9514  68.9%   4.1  195s
 76539 51954 18791.8323   73    1 53819.0000 16758.6897  68.9%   4.1  201s
 78424 52798 17237.6501   46    6 53819.0000 16758.7100  68.9%   4.1  206s
 80158 53687 16993.5686   35   15 53819.0000 16765.1850  68.8%   4.1  211s
 81912 54941 17086.8911   48   13 53819.0000 16765.1850  68.8%   4.2  216s
 84197 56136 17065.9378   34   18 53819.0000 16765.1850  68.8%   4.2  221s
 85355 56220 18692.5713   83    2 53819.0000 16765.1850  68.8%   4.2  228s
 85944 57152 16980.1542   39   17 53819.0000 16765.1850  68.8%   4.2  232s
 87189 57748 17488.8035   60   12 53819.0000 16765.1850  68.8%   4.2  236s
 88599 58763 17323.4333   48   12 53819.0000 16799.9533  68.8%   4.2  240s
 91246 59071 17363.2895   52    9 53819.0000 16852.6420  68.7%   4.3  248s
 91305 59842 17465.8008   53   13 53819.0000 16852.6420  68.7%   4.3  252s
 92590 60592 17026.6296   37   19 53819.0000 16853.9078  68.7%   4.3  258s
 94163 61551 18777.1441   77    2 53819.0000 16853.9078  68.7%   4.3  262s
 95873 62486 17606.6062   50    4 53819.0000 16876.9466  68.6%   4.3  267s
 97419 63702 17191.6563   45   14 53819.0000 16883.8324  68.6%   4.3  271s
 99391 64427 17026.4941   36   18 53819.0000 16883.8324  68.6%   4.4  276s
 101090 65540 18899.8761   98    2 53819.0000 16884.1304  68.6%   4.4  280s
 103069 66643 18324.5787   86    3 53819.0000 16903.1597  68.6%   4.4  285s
 104985 67774 17046.9837   32   11 53819.0000 16905.0239  68.6%   4.4  290s
 107387 69025 17215.5560   38   15 53819.0000 16907.8875  68.6%   4.4  295s
 109532 70412 17112.8290   42   14 53819.0000 16917.7438  68.6%   4.4  300s
 111865 71840 17677.1019   75    2 53819.0000 16922.9405  68.6%   4.4  306s
 114310 73084 18232.7709   65    1 53819.0000 16928.6343  68.5%   4.5  311s
 116713 74224 17151.9724   43   19 53819.0000 16929.7583  68.5%   4.5  316s
 118783 75437 18323.4821   84    1 53819.0000 16929.7583  68.5%   4.5  322s
 120977 75971 17361.7641   39    8 53819.0000 16935.9274  68.5%   4.5  328s
 123903 77894 17146.3046   38   13 53819.0000 16938.2191  68.5%   4.5  334s
 126662 79533 17367.5410   41   11 53819.0000 16941.8435  68.5%   4.5  340s
 129480 81057 17129.0531   40   14 53819.0000 16942.5234  68.5%   4.5  347s
 132136 82370 17636.7068   53    4 53819.0000 16944.7467  68.5%   4.5  354s
 134681 82101 18344.4000   83    1 53819.0000 16950.3651  68.5%   4.5  360s
 135069 83924 18367.6356   84    1 53819.0000 16950.5587  68.5%   4.6  366s
 137445 85364 18580.5921   85    1 53819.0000 16950.6384  68.5%   4.6  373s
 140161 86960 20358.3040   86    1 53819.0000 16953.6425  68.5%   4.6  380s
 142920 88149 18227.4172   80    3 53819.0000 16957.0811  68.5%   4.6  389s
 145570 87788 17451.1064   48   13 53819.0000 16957.0811  68.5%   4.6  390s
 146063 90204 18248.5679   83    3 53819.0000 16957.0811  68.5%   4.6  397s
 149359 91099 17191.9659   41   14 53819.0000 16963.3541  68.5%   4.6  405s
 152876 93391 17624.8864   57   11 53819.0000 16966.5367  68.5%   4.6  414s
 154686 92935 17584.2905   52    9 53819.0000 16966.9251  68.5%   4.6  415s
 155876 95026 17459.7236   51   14 53819.0000 16968.7039  68.5%   4.6  423s
 159080 96414 18172.5702   80    3 53819.0000 16970.9809  68.5%   4.6  434s
 160646 96058 18002.2293   62    5 53819.0000 16971.4755  68.5%   4.6  435s
 161641 98596 17376.6180   31    8 53819.0000 16971.4755  68.5%   4.7  443s
 165164 100480 17182.6176   35   13 53819.0000 16976.3781  68.5%   4.7  452s
 168521 101723 17525.9997   50    8 53819.0000 16977.9118  68.5%   4.7  460s
 171087 101317 17483.4885   47   10 53819.0000 16983.0652  68.4%   4.7  468s
 171315 103286 17533.1058   48   12 53819.0000 16983.0652  68.4%   4.7  477s
 174040 104928 17083.8508   38   19 53819.0000 16983.8473  68.4%   4.7  487s
 176846 106637 17451.0649   46   10 53819.0000 16987.3338  68.4%   4.7  497s
 179988 108632 17247.6697   37   12 53819.0000 16989.4168  68.4%   4.7  507s
 183348 110727 17131.4077   32   17 53819.0000 16990.9032  68.4%   4.7  517s
 186864 112305 17901.3174   70    3 53819.0000 16995.4652  68.4%   4.7  526s
 189946 113159 17499.6498   42    9 53819.0000 16996.8922  68.4%   4.8  536s
 192626 114561 17136.8429   33   21 53819.0000 16996.9590  68.4%   4.8  545s
 195604 115267 18153.4181   64    2 53819.0000 17001.0856  68.4%   4.8  557s
 198649 117728 18298.7412   67    7 53819.0000 17001.9649  68.4%   4.8  567s
 201952 119172 17428.6982   41   11 53819.0000 17003.4535  68.4%   4.8  578s
 204777 120963 19151.2905   81    1 53819.0000 17005.1987  68.4%   4.8  588s
 207843 122815 17102.4583   39   17 53819.0000 17007.0232  68.4%   4.8  598s

Cutting planes:
  Gomory: 3
  Cover: 2
  MIR: 14

Explored 211143 nodes (1009999 simplex iterations) in 601.29 seconds (259.54 work units)
Thread count was 32 (of 32 available processors)

Solution count 10: 53819 65970 70979 ... 116037

Time limit reached
Best objective 5.381900000000e+04, best bound 1.700936636395e+04, gap 68.3952%

User-callback calls 442117, time in user-callback 79.04 sec
