
Gurobi 13.0.2 (win64) logging started Thu Jul 16 09:20:56 2026

Set parameter LogFile to value "logs/kstar_nI20_nJ40_nK50_nL10_tI2_tJ2_s2_m1_exact_s0_20260716-092056.gurobi.log"
Set parameter Seed to value 0
Set parameter TimeLimit to value 599.9626714
Set parameter MIPGap to value 0
Set parameter MIPGapAbs to value 0.5
Set parameter Cutoff to value 1e+100
Gurobi Optimizer version 13.0.2 build v13.0.2rc1 (win64 - Windows 11+.0 (26200.2))

CPU model: Intel(R) Core(TM) i9-14900HX, instruction set [SSE2|AVX|AVX2]
Thread count: 24 physical cores, 32 logical processors, using up to 32 threads

Non-default parameters:
TimeLimit  599.9626714
MIPGap  0
MIPGapAbs  0.5
PreCrush  1
LazyConstraints  1

Optimize a model with 20 rows, 70 columns and 600 nonzeros (Min)
Model fingerprint: 0x4bfc7024
Model has 70 linear objective coefficients
Variable types: 10 continuous, 60 integer (60 binary)
Coefficient statistics:
  Matrix range     [1e+01, 6e+02]
  Objective range  [1e+00, 5e+02]
  Bounds range     [1e+00, 6e+03]
  RHS range        [6e+02, 6e+02]

Using branch priorities.
Presolve removed 16 rows and 0 columns
Presolve time: 0.00s
Presolved: 4 rows, 70 columns, 120 nonzeros
Variable types: 10 continuous, 60 integer (60 binary)

Root relaxation: objective 4.150741e+04, 9 iterations, 0.00 seconds (0.00 work units)

    Nodes    |    Current Node    |     Objective Bounds      |     Work
 Expl Unexpl |  Obj  Depth IntInf | Incumbent    BestBd   Gap | It/Node Time

     0     0 41507.4059    0    2          - 41507.4059      -     -    0s
H    0     0                    410664.00000 41507.4059  89.9%     -    0s
H    0     0                    344592.00000 41507.4059  88.0%     -    0s
H    0     0                    319245.00000 41507.4059  87.0%     -    0s
     0     0 41543.4760    0    7 319245.000 41543.4760  87.0%     -    0s
     0     0 41549.6124    0   10 319245.000 41549.6124  87.0%     -    0s
     0     0 41557.8964    0    9 319245.000 41557.8964  87.0%     -    0s
     0     0 41559.9504    0    9 319245.000 41559.9504  87.0%     -    0s
H    0     0                    300008.00000 41560.0239  86.1%     -    0s
H    0     0                    267941.00000 41560.0239  84.5%     -    0s
H    0     0                    230263.00000 41560.1648  82.0%     -    0s
     0     2 41581.6234    0   12 230263.000 41581.6234  81.9%     -    0s
  3266  2942 41977.5726    9   14 230263.000 41684.2465  81.9%   2.9    5s
  4035  3424 41810.2433   23   19 230263.000 41752.6443  81.9%   4.1   10s
  4655  3882 42097.3061   29   13 230263.000 41752.6443  81.9%   5.3   15s
  5583  4420 42046.0431   35   19 230263.000 41794.9990  81.8%   6.0   20s
  6895  5051 42086.8247   40   20 230263.000 41831.7058  81.8%   6.2   25s
  7196  5310 42376.2876   43   15 230263.000 41834.3891  81.8%   6.3   30s
  8297  5909 42484.1109   48   15 230263.000 41836.5504  81.8%   6.1   35s
 10136  6726 42214.7267   36   16 230263.000 41847.2520  81.8%   5.8   40s
 11779  7555 43651.0044   48    3 230263.000 41850.0778  81.8%   5.8   45s
 12974  8037 43644.4057   69    1 230263.000 41850.0778  81.8%   5.8   50s
 13640  8580 41926.8744   24   29 230263.000 41886.4333  81.8%   5.9   55s
 14784  9286 42454.2074   28    8 230263.000 41886.4333  81.8%   5.9   60s
 15149  9726 42480.3272   30    7 230263.000 41903.3743  81.8%   5.9   67s
 15832 10396 42488.8878   31    7 230263.000 41903.3743  81.8%   5.9   72s
 16775 11228 42489.7625   32    8 230263.000 41903.3743  81.8%   5.9   76s
 17435 11543 42697.2251   33    2 230263.000 41906.4986  81.8%   5.9   81s
 17801 11879 42704.2079   34    3 230263.000 41932.3957  81.8%   6.0   85s
 18419 12463 42704.6318   35    3 230263.000 41932.3957  81.8%   6.0   91s
 19356 13243 42710.9154   36    2 230263.000 41932.3957  81.8%   5.9   95s
 20306 14283 42711.6888   37    2 230263.000 41932.3957  81.8%   6.0  100s
 21808 15422 42715.5765   38    2 230263.000 41932.3957  81.8%   6.0  106s
 23026 16716 42719.2344   39    3 230263.000 41947.3420  81.8%   6.0  113s
 23956 17469 43074.0000   39    - 230263.000 41949.0772  81.8%   6.1  116s
 25783 19158 42085.1918   27   24 230263.000 41949.0772  81.8%   6.1  123s
 26839 20078 42450.3541   42   16 230263.000 41949.0772  81.8%   6.1  126s
 28256 21047 42317.9183   40   16 230263.000 41963.0348  81.8%   6.2  130s
 30249 23160 43145.5155   49    3 230263.000 41963.0348  81.8%   6.3  139s
 31364 24141 42458.1884   33   10 230263.000 41981.7633  81.8%   6.4  143s
 32608 25291 42199.4008   31   22 230263.000 41983.3450  81.8%   6.4  148s
 34193 26345 103374.334   69    3 230263.000 41983.3450  81.8%   6.5  154s
 35206 26641 42324.8151   22   14 230263.000 42003.6928  81.8%   6.5  155s
 35881 27785 42499.3362   36   15 230263.000 42003.6928  81.8%   6.5  161s
 37441 28985 42162.0313   25   26 230263.000 42022.8680  81.8%   6.4  166s
 38585 30273 42440.9791   41   15 230263.000 42022.8680  81.8%   6.5  172s
 40319 31646 42157.9571   34   23 230263.000 42033.8848  81.7%   6.5  178s
 41911 32996 42654.7433   48   10 230263.000 42035.8971  81.7%   6.5  184s
 42875 33132 43525.6072   65    1 230263.000 42038.0950  81.7%   6.5  185s
 43452 34309 43563.6293   65    2 230263.000 42038.0950  81.7%   6.5  191s
 44952 35686 42496.6376   36   23 230263.000 42041.9912  81.7%   6.5  198s
 46573 37040 42481.8385   37   13 230263.000 42053.7457  81.7%   6.6  205s
 48203 37376 42263.5073   36   23 230263.000 42053.7457  81.7%   6.6  212s
 48341 37917 42457.8628   35   21 230263.000 42053.7457  81.7%   6.6  220s
 49092 38602 42897.6466   49   11 230263.000 42053.7457  81.7%   6.6  228s
 49985 39420 42790.3379   52   14 230263.000 42057.8459  81.7%   6.6  236s
 50960 39612 42466.6086   38   20 230263.000 42057.8459  81.7%   6.6  243s
 50992 40100 42468.6919   39   19 230263.000 42057.8459  81.7%   6.7  250s
 51674 40745 42367.7496   57   17 230263.000 42057.8459  81.7%   6.7  258s
 52418 41643 42554.2280   46   16 230263.000 42064.6941  81.7%   6.7  267s
 53596 42567 42488.6350   42   13 230263.000 42066.8244  81.7%   6.7  277s
 54965 43832 42327.3994   26   25 230263.000 42070.9607  81.7%   6.6  287s
 56391 45280 42308.8186   29   24 230263.000 42072.6383  81.7%   6.6  297s
 58613 45787 42601.6633   32    9 230263.000 42074.8529  81.7%   6.6  321s
H58614 43498                    224333.00000 42074.8529  81.2%   6.6  322s
 58617 43500 42902.6435   51   30 224333.000 42074.8529  81.2%   6.6  326s
 58622 43503 60163.0000   70   33 224333.000 42074.8529  81.2%   6.6  331s
H58622 41328                    200249.00000 42074.8529  79.0%   6.6  332s
 58624 41329 43609.0000   47   33 200249.000 42074.8529  79.0%   6.6  335s
 58631 41334 43216.0000   50   34 200249.000 42074.8529  79.0%   6.6  340s
 58636 41337 43722.0000   64   33 200249.000 42074.8529  79.0%   6.6  345s
 58644 41352 42074.8529   30   30 200249.000 42074.8529  79.0%   6.6  350s
 58668 41392 42074.8529   32   32 200249.000 42074.8529  79.0%   6.7  356s
 58732 41509 42074.8529   34   29 200249.000 42074.8529  79.0%   6.7  361s
 58839 41506 42074.8529   35   31 200249.000 42074.8529  79.0%   6.8  365s
 58871 41577 42074.8529   35   29 200249.000 42074.8529  79.0%   6.8  370s
 59212 41829 42074.8529   37   28 200249.000 42074.8529  79.0%   6.9  376s
 59405 41926 42178.9972   48   26 200249.000 42074.8529  79.0%   6.9  380s
 59724 42091 42336.0053   40   24 200249.000 42074.8529  79.0%   7.0  385s
 59827 42235 42103.1035   41   26 200249.000 42074.8529  79.0%   7.0  391s
 60175 42415 42168.8539   45   26 200249.000 42074.8529  79.0%   7.0  395s
 60689 42651 42333.5317   44   23 200249.000 42074.8529  79.0%   7.1  401s
 61011 42826 42174.8055   45   23 200249.000 42074.8529  79.0%   7.1  405s
 61322 43063 42704.0825   47   12 200249.000 42074.8529  79.0%   7.2  410s
 61577 43127 43007.0743   49    8 200249.000 42074.8529  79.0%   7.2  418s
 61704 43282 42773.9944   50   12 200249.000 42074.8529  79.0%   7.2  422s
 61942 43411 43253.9820   52    3 200249.000 42074.8529  79.0%   7.2  425s
 62494 43574 42074.8529   38   29 200249.000 42074.8529  79.0%   7.3  430s
 62973 44010 46535.3776   82    1 200249.000 42074.8529  79.0%   7.3  437s
 63381 44251 42190.0490   34   28 200249.000 42074.8529  79.0%   7.3  442s
 63798 44498 42336.3579   36   23 200249.000 42074.8529  79.0%   7.4  447s
 64214 44717 42619.3717   37   11 200249.000 42074.8529  79.0%   7.4  452s
 64728 44957 42838.6338   39   12 200249.000 42074.8529  79.0%   7.4  458s
 65351 45196 43246.5893   47    3 200249.000 42074.8529  79.0%   7.4  463s
 65878 45302 43884.9534   66    1 200249.000 42074.8529  79.0%   7.4  469s
 66134 45645 44192.5676   71    4 200249.000 42074.8529  79.0%   7.5  474s
 66632 45933 42186.1787   36   28 200249.000 42074.8529  79.0%   7.5  479s
 66663 45923 43265.1293   76    6 200249.000 42074.8529  79.0%   7.5  480s
 67172 46300 42860.2003   46    6 200249.000 42074.8529  79.0%   7.5  485s
 67859 46575 42074.8529   42   30 200249.000 42074.8529  79.0%   7.5  490s
 68427 47023 42329.1495   50   17 200249.000 42074.8529  79.0%   7.6  496s
 69207 46910 42700.8902   65   12 200249.000 42074.8529  79.0%   7.6  505s
 69244 47124 42721.5257   66   11 200249.000 42074.8529  79.0%   7.6  512s
 69493 47642 42838.7573   71    8 200249.000 42074.8529  79.0%   7.6  520s
 70322 47871 42210.7484   39   26 200249.000 42074.8529  79.0%   7.7  528s
 70831 48448 42270.4347   47   21 200249.000 42074.8529  79.0%   7.7  535s
 71794 48489 42587.5272   60   13 200249.000 42074.8529  79.0%   7.7  543s
 72093 48466 42331.2775   47   25 200249.000 42074.8529  79.0%   7.7  550s
 72131 48973 42481.4492   48   21 200249.000 42074.8529  79.0%   7.8  558s
 72813 49485 43198.4958   62    7 200249.000 42074.8529  79.0%   7.8  565s
 73701 50084 42601.1099   46   16 200249.000 42074.8529  79.0%   7.8  573s
 74711 50635 42242.6972   38   24 200249.000 42074.8529  79.0%   7.9  582s
 75762 50456 43412.9931   68    4 200249.000 42074.8529  79.0%   7.9  594s
 75804 50631 43642.7580   69    5 200249.000 42074.8529  79.0%   7.9  600s

Cutting planes:
  MIR: 18
  StrongCG: 1
  Flow cover: 3

Explored 76098 nodes (603629 simplex iterations) in 602.11 seconds (328.79 work units)
Thread count was 32 (of 32 available processors)

Solution count 8: 200249 224333 230263 ... 410664

Time limit reached
Best objective 2.002490000000e+05, best bound 4.207485292083e+04, gap 78.9887%

User-callback calls 177043, time in user-callback 96.70 sec
