
Gurobi 13.0.2 (win64) logging started Thu Jul 16 23:34:49 2026

Set parameter LogFile to value "logs/kstar_nI40_nJ20_nK100_nL5_tI4_tJ4_s2_m1_exact_s0_20260716-233449.gurobi.log"
Set parameter Seed to value 0
Set parameter TimeLimit to value 599.9795269
Set parameter MIPGap to value 0
Set parameter MIPGapAbs to value 0.5
Set parameter Cutoff to value 1e+100
Gurobi Optimizer version 13.0.2 build v13.0.2rc1 (win64 - Windows 11+.0 (26200.2))

CPU model: Intel(R) Core(TM) i9-14900HX, instruction set [SSE2|AVX|AVX2]
Thread count: 24 physical cores, 32 logical processors, using up to 32 threads

Non-default parameters:
TimeLimit  599.9795269
MIPGap  0
MIPGapAbs  0.5
PreCrush  1
LazyConstraints  1

Optimize a model with 10 rows, 65 columns and 300 nonzeros (Min)
Model fingerprint: 0xa4974d5a
Model has 65 linear objective coefficients
Variable types: 5 continuous, 60 integer (60 binary)
Coefficient statistics:
  Matrix range     [1e+01, 1e+03]
  Objective range  [1e+00, 5e+02]
  Bounds range     [1e+00, 1e+04]
  RHS range        [1e+03, 1e+03]

Using branch priorities.
Presolve removed 8 rows and 0 columns
Presolve time: 0.00s
Presolved: 2 rows, 65 columns, 60 nonzeros
Variable types: 5 continuous, 60 integer (60 binary)

Root relaxation: objective 5.212387e+04, 5 iterations, 0.00 seconds (0.00 work units)

    Nodes    |    Current Node    |     Objective Bounds      |     Work
 Expl Unexpl |  Obj  Depth IntInf | Incumbent    BestBd   Gap | It/Node Time

     0     0 52123.8685    0    3          - 52123.8685      -     -    0s
H    0     0                    213252.00000 52123.8685  75.6%     -    0s
H    0     0                    197618.00000 52123.8685  73.6%     -    0s
H    0     0                    182504.00000 52123.8685  71.4%     -    0s
H    0     0                    166453.00000 52123.8685  68.7%     -    0s
     0     0 52428.2047    0    8 166453.000 52428.2047  68.5%     -    0s
     0     0 52456.9486    0    8 166453.000 52456.9486  68.5%     -    0s
     0     0 52501.1518    0   13 166453.000 52501.1518  68.5%     -    0s
     0     0 52504.9450    0   13 166453.000 52504.9450  68.5%     -    0s
H    0     0                    163367.00000 52504.9450  67.9%     -    0s
     0     2 52505.0189    0   15 163367.000 52505.0189  67.9%     -    0s
H 3485  2917                    147609.00000 52671.6568  64.3%   2.8    2s
H 3485  2771                    145277.00000 52671.6568  63.7%   2.8    2s
H 3487  2633                    128394.00000 52671.6568  59.0%   2.8    3s
H 3487  2501                    124803.00000 52671.6568  57.8%   2.8    3s
  3775  2746 53333.6896   20   15 124803.000 52742.4303  57.7%   3.7    5s
  7733  4961 54025.5825   31    3 124803.000 52823.4015  57.7%   3.8   10s
 13027  8345 53462.0661   25   14 124803.000 52971.4787  57.6%   3.8   15s
 15605 10364 53224.9935   22   11 124803.000 53020.7095  57.5%   3.8   20s
 17573 12324 55439.9076   43    3 124803.000 53057.2807  57.5%   3.9   25s
 20352 14343 53424.2059   19   15 124803.000 53070.3287  57.5%   3.9   30s
 22784 16542 53457.2537   24   15 124803.000 53111.3058  57.4%   3.9   35s
 25304 18888 55087.0153   41    2 124803.000 53145.7072  57.4%   3.9   40s
 29914 22069 54353.5251   38    1 124803.000 53177.7278  57.4%   3.9   45s
 33627 25967 53803.5941   26   12 124803.000 53197.2164  57.4%   3.9   51s
 35896 28315 54262.2171   33    7 124803.000 53208.6344  57.4%   4.1   55s
 39744 31637 53641.8622   27   18 124803.000 53208.6344  57.4%   3.9   60s
 44304 35674 53888.5960   27   11 124803.000 53219.5544  57.4%   3.9   66s
 48752 38921 53850.5877   25   14 124803.000 53256.9538  57.3%   3.9   72s
 51620 40669 54112.6787   26   10 124803.000 53266.9455  57.3%   4.0   75s
 54680 44096 53943.3215   29   10 124803.000 53277.1086  57.3%   4.0   80s
 59331 47843 54106.9359   34   10 124803.000 53287.1669  57.3%   4.0   87s
 61349 49927 54765.2721   36    2 124803.000 53298.7464  57.3%   4.0   90s
 66873 53787 55396.4205   52    7 124803.000 53320.9271  57.3%   4.0   99s
 68911 54118 70623.0000   65   13 124803.000 53328.9552  57.3%   4.0  111s
H68912 51413                    109549.00000 53328.9552  51.3%   4.0  111s
 68919 51417 53879.3190   30   26 109549.000 53328.9552  51.3%   4.0  115s
 68956 51475 53328.9552   31   21 109549.000 53328.9552  51.3%   4.0  120s
 69170 51655 53606.5238   34   23 109549.000 53328.9552  51.3%   4.1  125s
 69959 52187 54955.5752   43    6 109549.000 53328.9552  51.3%   4.2  130s
 70591 52470 55025.5248   49    6 109549.000 53328.9552  51.3%   4.2  135s
 71046 52923 55858.1854   53    3 109549.000 53328.9552  51.3%   4.2  140s
 72761 53885 60855.0495   74    2 109549.000 53328.9552  51.3%   4.2  145s
 74783 55104 53527.4053   35   20 109549.000 53328.9552  51.3%   4.2  151s
 76164 55254 67191.9701   80    1 109549.000 53328.9552  51.3%   4.3  155s
 76881 56035 54747.0000   46    - 109549.000 53328.9552  51.3%   4.3  160s
 78762 56985 54744.0419   49    5 109549.000 53370.2133  51.3%   4.3  165s
 81057 57886 53592.0227   37   18 109549.000 53385.2888  51.3%   4.3  171s
 83346 58364 53728.9010   36   17 109549.000 53429.4580  51.2%   4.3  176s
 84006 59221 62267.0000   73    - 109549.000 53433.8772  51.2%   4.3  181s
 85675 60260 53647.7148   37   16 109549.000 53440.8272  51.2%   4.3  186s
 87733 61367 53822.9457   36   21 109549.000 53468.5555  51.2%   4.4  192s
 88842 61968 56810.4076   55    3 109549.000 53487.0691  51.2%   4.4  196s
 91408 63545 54481.1774   45   12 109549.000 53521.0543  51.1%   4.4  202s
 92868 64267 54811.1497   47    9 109549.000 53522.4655  51.1%   4.4  205s
 95730 65649 53913.7932   38   17 109549.000 53542.8683  51.1%   4.4  213s
 97422 66642 54696.7900   53    7 109549.000 53555.2216  51.1%   4.5  218s
 99114 67448 54401.9842   44    9 109549.000 53568.7986  51.1%   4.5  221s
 100576 68384 54123.7764   38   17 109549.000 53571.4119  51.1%   4.5  226s
 102442 69536 55463.7181   69    2 109549.000 53586.3933  51.1%   4.5  231s
 104567 70531 55698.6765   63    4 109549.000 53592.6041  51.1%   4.5  235s
 106527 71764 55994.3333   74    1 109549.000 53607.4369  51.1%   4.5  240s
 108932 72728 56813.6789   73    2 109549.000 53608.5834  51.1%   4.5  245s
 111207 74118 54032.2076   40   17 109549.000 53625.2749  51.0%   4.5  250s
 113586 75018 54609.9602   48    9 109549.000 53633.3657  51.0%   4.6  256s
 115539 76333 55569.2132   52    6 109549.000 53635.1458  51.0%   4.6  261s
 117973 77614 54204.2424   42   16 109549.000 53651.4453  51.0%   4.6  266s
 120256 78539 54596.4143   45   11 109549.000 53659.2308  51.0%   4.6  271s
 122712 79937 54482.1431   46   11 109549.000 53664.4685  51.0%   4.6  277s
 125178 79646 57897.3365   72    1 109549.000 53670.1579  51.0%   4.6  282s
 125380 80764 57960.9167   73    1 109549.000 53670.1579  51.0%   4.6  287s
 126959 80925 55241.0673   51    4 109549.000 53670.4781  51.0%   4.6  292s
 127608 81675 55156.0149   49    4 109549.000 53670.4781  51.0%   4.6  298s
 128842 82683 55586.1008   51    5 109549.000 53675.9268  51.0%   4.7  305s
 130540 83754 54575.4838   47   13 109549.000 53682.8329  51.0%   4.7  311s
 132717 84953 54471.0720   43   10 109549.000 53692.6482  51.0%   4.7  318s
 134866 86400 54465.5647   43   15 109549.000 53694.8264  51.0%   4.7  327s
 137417 88068 54227.5912   39   16 109549.000 53709.5945  51.0%   4.7  335s
 140323 89217 54405.7720   45   12 109549.000 53716.2308  51.0%   4.7  342s
 142952 91298 54910.7653   47    5 109549.000 53719.3836  51.0%   4.8  351s
 146360 92835 55936.2906   78    2 109549.000 53727.7720  51.0%   4.8  361s
 149442 94743 54197.3900   40   18 109549.000 53738.7038  50.9%   4.8  370s
 152883 96391 55858.4051   73    1 109549.000 53746.2221  50.9%   4.8  379s
 156176 97873 54164.3654   42   15 109549.000 53754.7445  50.9%   4.8  388s
 159421 99272 53893.1569   38   17 109549.000 53760.8449  50.9%   4.8  398s
 162350 101073 54622.2340   42   13 109549.000 53763.5829  50.9%   4.8  408s
 165380 102755 54032.1398   37   15 109549.000 53772.3523  50.9%   4.9  418s
 168618 104342 54562.6735   44   14 109549.000 53779.7358  50.9%   4.9  427s
 171631 106023 64584.8478   79    1 109549.000 53785.0140  50.9%   4.9  437s
 174697 107628 54324.5632   37   16 109549.000 53789.4221  50.9%   4.9  448s
 177807 109073 54591.6523   42   10 109549.000 53798.4320  50.9%   4.9  458s
 180693 110719 54845.4527   46   13 109549.000 53803.3975  50.9%   4.9  468s
 183748 112324 55857.9091   77    1 109549.000 53811.5763  50.9%   4.9  479s
 184899 112081 54430.7720   41   16 109549.000 53811.5803  50.9%   4.9  480s
 186675 113012 57798.8367   59    1 109549.000 53814.9361  50.9%   4.9  489s
 187048 112987 56562.1242   59    7 109549.000 53814.9361  50.9%   4.9  490s
 188996 114650 64360.0000   70    - 109549.000 53821.1438  50.9%   4.9  499s
 191269 114252 54355.6928   42   18 109549.000 53824.7590  50.9%   5.0  500s
 191790 116323 62274.0000   79    - 109549.000 53825.3435  50.9%   5.0  509s
 194631 117479 56488.0634   63    1 109549.000 53829.9403  50.9%   5.0  519s
 197144 118582 54070.1160   39   15 109549.000 53830.5861  50.9%   5.0  529s
 199474 118474 56070.0961   58    1 109549.000 53830.7744  50.9%   5.0  541s
 199890 119522 54967.0951   51    9 109549.000 53830.7744  50.9%   5.0  552s
 201490 120661 54704.1824   50    9 109549.000 53834.5878  50.9%   5.0  563s
 203429 121633 54755.8832   44   14 109549.000 53841.1466  50.9%   5.0  574s
 205236 121282 55028.8494   47   13 109549.000 53845.7416  50.8%   5.0  575s
 205320 122505 54708.3617   46    8 109549.000 53845.7416  50.8%   5.0  585s
 206948 123555 54540.6673   42   18 109549.000 53846.2577  50.8%   5.0  596s
 208904 123628 55630.4066   52    9 109549.000 53851.8829  50.8%   5.0  600s

Cutting planes:
  Gomory: 1
  MIR: 11
  StrongCG: 1
  Flow cover: 1

Explored 209424 nodes (1055126 simplex iterations) in 600.74 seconds (181.44 work units)
Thread count was 32 (of 32 available processors)

Solution count 10: 109549 124803 128394 ... 213252

Time limit reached
Best objective 1.095490000000e+05, best bound 5.385188285431e+04, gap 50.8422%

User-callback calls 439949, time in user-callback 62.80 sec
