
Gurobi 13.0.2 (win64) logging started Fri Jul 17 00:25:02 2026

Set parameter LogFile to value "logs/kstar_nI40_nJ20_nK100_nL5_tI5_tJ5_s2_m1_exact_s0_20260717-002502.gurobi.log"
Set parameter Seed to value 0
Set parameter TimeLimit to value 599.9805366
Set parameter MIPGap to value 0
Set parameter MIPGapAbs to value 0.5
Set parameter Cutoff to value 1e+100
Gurobi Optimizer version 13.0.2 build v13.0.2rc1 (win64 - Windows 11+.0 (26200.2))

CPU model: Intel(R) Core(TM) i9-14900HX, instruction set [SSE2|AVX|AVX2]
Thread count: 24 physical cores, 32 logical processors, using up to 32 threads

Non-default parameters:
TimeLimit  599.9805366
MIPGap  0
MIPGapAbs  0.5
PreCrush  1
LazyConstraints  1

Optimize a model with 10 rows, 65 columns and 300 nonzeros (Min)
Model fingerprint: 0xd63d4efc
Model has 65 linear objective coefficients
Variable types: 5 continuous, 60 integer (60 binary)
Coefficient statistics:
  Matrix range     [1e+00, 1e+03]
  Objective range  [1e+00, 5e+02]
  Bounds range     [1e+00, 1e+04]
  RHS range        [1e+03, 1e+03]

Using branch priorities.
Presolve removed 8 rows and 0 columns
Presolve time: 0.00s
Presolved: 2 rows, 65 columns, 60 nonzeros
Variable types: 5 continuous, 60 integer (60 binary)

Root relaxation: objective 5.136415e+04, 7 iterations, 0.00 seconds (0.00 work units)

    Nodes    |    Current Node    |     Objective Bounds      |     Work
 Expl Unexpl |  Obj  Depth IntInf | Incumbent    BestBd   Gap | It/Node Time

     0     0 51364.1500    0    3          - 51364.1500      -     -    0s
H    0     0                    200174.00000 51364.1500  74.3%     -    0s
H    0     0                    192541.00000 51364.1500  73.3%     -    0s
H    0     0                    173618.00000 51364.1500  70.4%     -    0s
H    0     0                    148930.00000 51364.1500  65.5%     -    0s
     0     0 51660.8652    0    6 148930.000 51660.8652  65.3%     -    0s
     0     0 51736.5451    0   11 148930.000 51736.5451  65.3%     -    0s
     0     0 51820.3725    0   10 148930.000 51820.3725  65.2%     -    0s
     0     0 51824.9338    0   10 148930.000 51824.9338  65.2%     -    0s
H    0     0                    148231.00000 51824.9338  65.0%     -    0s
     0     2 52035.1561    0    8 148231.000 52035.1561  64.9%     -    0s
H 3390  2893                    115974.00000 52323.0840  54.9%   2.6    1s
H 3392  2749                    106294.00000 52380.4761  50.7%   2.6    2s
H 3395  2614                    104679.00000 52424.9354  49.9%   2.6    2s
H 3395  2483                    103454.00000 52424.9354  49.3%   2.6    2s
  4586  3430 54518.0978   37    3 103454.000 52545.7753  49.2%   4.1    5s
 10647  6448 55325.7916   48    2 103454.000 52733.9828  49.0%   3.9   10s
 15315 10588 54133.5715   38    3 103454.000 52847.4917  48.9%   4.0   15s
 20254 14683 53459.7434   28   12 103454.000 52866.2936  48.9%   4.0   20s
 24595 18500 54091.3344   35    7 103454.000 52925.2009  48.8%   4.0   25s
 29020 22636 55450.2518   56    5 103454.000 52979.1894  48.8%   4.0   31s
 33085 26072 53750.7478   27   16 103454.000 52995.1142  48.8%   4.0   36s
 37575 29955 54505.3808   43    1 103454.000 53022.3262  48.7%   4.1   41s
 40981 32641 53934.5808   29   12 103454.000 53048.4261  48.7%   4.1   45s
 44021 35335 56183.7814   55    3 103454.000 53063.8530  48.7%   4.1   50s
 47202 38057 54972.4920   48    4 103454.000 53079.9821  48.7%   4.1   55s
 50906 41100 55625.4541   42    3 103454.000 53105.4753  48.7%   4.1   60s
 54375 44137 54873.4254   41    7 103454.000 53120.3523  48.7%   4.1   65s
 56218 44438 54437.6039   53   10 103454.000 53120.5788  48.7%   4.1   71s
H56219 42217                    90544.000000 53120.5788  41.3%   4.1   72s
H56219 40106                    90173.000000 53120.5788  41.1%   4.1   72s
 56222 40108 57513.2436   63   27 90173.0000 53120.5788  41.1%   4.1   75s
H56224 38103                    84439.000000 53120.5788  37.1%   4.1   77s
H56228 36201                    84170.000000 53120.5788  36.9%   4.1   80s
H56228 34390                    84001.000000 53120.5788  36.8%   4.1   80s
H56229 34390                    81492.000000 53120.5788  34.8%   4.1   80s
 56296 34468 54249.3483   33   18 81492.0000 53120.5788  34.8%   4.2   85s
 56810 34887 57160.7869   38   12 81492.0000 53120.5788  34.8%   4.3   90s
 57704 35335 59191.9714   48    7 81492.0000 53120.5788  34.8%   4.3   95s
 58451 35844 59795.8519   55    5 81492.0000 53149.3316  34.8%   4.4  100s
 59912 36648 69595.1413   76    1 81492.0000 53343.5965  34.5%   4.4  105s
 62439 38196 54381.7786   37   18 81492.0000 53458.0679  34.4%   4.5  110s
 64965 39547 56613.4069   56    9 81492.0000 53593.5971  34.2%   4.5  115s
 68795 41039 54195.0237   41   18 81492.0000 53697.4284  34.1%   4.5  121s
 69347 41272 58204.4791   75    2 81492.0000 53697.4284  34.1%   4.5  125s
 71838 42267 54125.1023   38   19 81492.0000 53768.7906  34.0%   4.5  131s
 72679 43115 54347.1904   40   20 81492.0000 53768.7906  34.0%   4.6  135s
 75157 44681 54625.1708   43   16 81492.0000 53831.8029  33.9%   4.6  142s
 76315 45233 54749.6273   44   16 81492.0000 53841.6145  33.9%   4.6  145s
 78973 46421 58348.8368   66    3 81492.0000 53862.0520  33.9%   4.6  150s
 81692 47781 54633.1310   41   21 81492.0000 53895.2856  33.9%   4.6  155s
 84322 49433 54768.3576   36   24 81492.0000 53907.4820  33.8%   4.6  161s
 86404 49972 54241.2352   36   20 81492.0000 53923.9043  33.8%   4.7  165s
 89179 51890 54797.5929   42   14 81492.0000 53949.9217  33.8%   4.7  171s
 90907 52371 56920.2825   71    2 81492.0000 53950.6050  33.8%   4.7  177s
 92112 53110 55284.6129   49    7 81492.0000 53950.6050  33.8%   4.7  181s
 93790 53884 56106.2513   57    5 81492.0000 53965.1181  33.8%   4.7  185s
 96456 55667 55044.9715   42   13 81492.0000 53990.9171  33.7%   4.7  193s
 98205 56716 56180.3476   64    4 81492.0000 53997.0343  33.7%   4.7  197s
 100197 57726 54646.3393   38   18 81492.0000 54003.9792  33.7%   4.8  201s
 102092 58903 58458.5080   67    1 81492.0000 54003.9792  33.7%   4.8  205s
 104398 60009 57936.5838   67    3 81492.0000 54040.3189  33.7%   4.8  210s
 108248 61798 55456.0781   43   13 81492.0000 54059.3974  33.7%   4.8  219s
 110351 63069 54720.5238   38   19 81492.0000 54068.5354  33.7%   4.8  224s
 112757 64389 55514.3335   41   17 81492.0000 54083.6510  33.6%   4.8  228s
 115194 64391 55601.1130   36   17 81492.0000 54095.8135  33.6%   4.9  233s
 115894 65400 55717.1613   37   18 81492.0000 54095.8135  33.6%   4.9  237s
 117534 66356 54841.3518   41   16 81492.0000 54102.8079  33.6%   4.9  243s
 119411 67698 55864.8961   34   19 81492.0000 54109.3999  33.6%   4.9  247s
 121685 69161 55552.2777   41   17 81492.0000 54128.9395  33.6%   4.9  253s
 124455 70491 61941.8380   80    1 81492.0000 54143.5685  33.6%   4.9  258s
 127035 71637 56655.8120   67    1 81492.0000 54160.7332  33.5%   4.9  264s
 129973 73061 55163.9711   41   15 81492.0000 54173.6387  33.5%   4.9  271s
 132581 74346 55182.5228   45   13 81492.0000 54187.7153  33.5%   4.9  278s
 134809 75299 55831.0000   61    - 81492.0000 54203.2485  33.5%   5.0  283s
 136857 77017 55903.9683   50   11 81492.0000 54203.2485  33.5%   5.0  290s
 140010 78484 54995.8555   41   15 81492.0000 54216.6047  33.5%   5.0  296s
 142871 79900 56628.0118   67    2 81492.0000 54230.7059  33.5%   5.0  303s
 146227 81570 54908.8992   43   18 81492.0000 54244.8283  33.4%   5.0  309s
 148102 81266 69104.3333   81    1 81492.0000 54245.1977  33.4%   5.0  310s
 149355 82947 55450.0204   46   19 81492.0000 54256.7466  33.4%   5.0  316s
 152086 84381 55608.1342   43   14 81492.0000 54266.0177  33.4%   5.0  324s
 154908 85687 60140.5612   69    1 81492.0000 54276.4480  33.4%   5.0  332s
 157603 86950 55760.3867   56    8 81492.0000 54285.9866  33.4%   5.0  339s
 160646 88952 55335.0571   38   23 81492.0000 54297.5869  33.4%   5.0  346s
 163518 90093 56465.2278   51   10 81492.0000 54310.9125  33.4%   5.0  353s
 164565 91789 62496.0182   78    1 81492.0000 54314.0854  33.4%   5.0  360s
 166765 93663 55858.0118   42   17 81492.0000 54314.8610  33.3%   5.1  366s
 168880 95579 55630.2562   54   11 81492.0000 54325.7909  33.3%   5.1  373s
 171309 97455 56786.2002   62    4 81492.0000 54334.1897  33.3%   5.1  380s
 173524 99362 56553.7645   42   17 81492.0000 54335.2045  33.3%   5.1  388s
 175884 101679 57974.8092   63    2 81492.0000 54352.2999  33.3%   5.1  395s
 178669 103478 61260.3294   69    1 81492.0000 54359.8800  33.3%   5.1  403s
 180662 105572 55208.5268   40   13 81492.0000 54367.9121  33.3%   5.1  410s
 183313 107653 57223.6534   57   11 81492.0000 54374.1504  33.3%   5.1  419s
 185735 109957 55563.8001   46   13 81492.0000 54383.0514  33.3%   5.1  426s
 188484 112047 59046.6392   69    3 81492.0000 54393.7770  33.3%   5.1  434s
 188757 112095 60765.3774   79    2 81492.0000 54393.7770  33.3%   5.1  435s
 191027 114229 56419.9309   45   14 81492.0000 54404.4938  33.2%   5.2  443s
 193574 116233 57651.0885   46   10 81492.0000 54407.9577  33.2%   5.2  450s
 195728 118245 56636.4106   57    5 81492.0000 54416.7739  33.2%   5.2  457s
 198283 120258 60423.6469   80    3 81492.0000 54418.2911  33.2%   5.2  464s
 200695 121942 56764.8220   49   14 81492.0000 54423.3093  33.2%   5.2  472s
 203167 123754 59518.2693   66    1 81492.0000 54427.2785  33.2%   5.2  480s
 205363 125574 56913.4445   59    4 81492.0000 54435.8842  33.2%   5.2  490s
 207485 127365 56003.4138   40   13 81492.0000 54442.8484  33.2%   5.2  497s
 209816 129200 56557.2581   40   20 81492.0000 54453.3258  33.2%   5.2  504s
 211751 130998 57596.7891   69    3 81492.0000 54454.0041  33.2%   5.2  513s
 214099 132971 55614.8429   42   20 81492.0000 54464.8849  33.2%   5.2  523s
 216367 134795 56463.0226   42   15 81492.0000 54468.2749  33.2%   5.2  531s
 218734 136401 57030.4045   43   18 81492.0000 54479.4721  33.1%   5.2  540s
 220305 138172 55641.2290   43   21 81492.0000 54487.0026  33.1%   5.3  547s
 222589 140131 58567.4378   62    8 81492.0000 54487.1931  33.1%   5.3  555s
 224904 142062 57023.3765   50   10 81492.0000 54488.5524  33.1%   5.3  563s
 227163 143843 55783.0480   45   17 81492.0000 54495.4784  33.1%   5.3  574s
 229615 145587 57267.7522   58    6 81492.0000 54503.6320  33.1%   5.3  581s
 231394 146522 57516.5789   48   16 81492.0000 54508.8520  33.1%   5.3  593s
 232318 147752 62189.5429   71    3 81492.0000 54508.8520  33.1%   5.3  600s

Cutting planes:
  Gomory: 3
  MIR: 9
  Flow cover: 4

Explored 234028 nodes (1244161 simplex iterations) in 601.59 seconds (176.19 work units)
Thread count was 32 (of 32 available processors)

Solution count 10: 81492 84001 84439 ... 148231

Time limit reached
Best objective 8.149200000000e+04, best bound 5.450969303288e+04, gap 33.1104%

User-callback calls 484162, time in user-callback 49.98 sec
