
Gurobi 13.0.2 (win64) logging started Wed Jul 15 20:51:33 2026

Set parameter LogFile to value "logs/kstar_nI40_nJ40_nK100_nL5_tI6_tJ6_s1_m0_exact_s0_20260715-205133.gurobi.log"
Set parameter Seed to value 0
Set parameter TimeLimit to value 599.9661085
Set parameter NodefileStart to value 4
Set parameter MIPGap to value 0
Set parameter MIPGapAbs to value 0.9999
Set parameter Cutoff to value 1e+100
Gurobi Optimizer version 13.0.2 build v13.0.2rc1 (win64 - Windows 11+.0 (26200.2))

CPU model: Intel(R) Core(TM) i9-14900HX, instruction set [SSE2|AVX|AVX2]
Thread count: 24 physical cores, 32 logical processors, using up to 32 threads

Non-default parameters:
TimeLimit  599.9661085
MIPGap  0
MIPGapAbs  0.9999
NodefileStart  4

Optimize a model with 1100 rows, 28080 columns and 76400 nonzeros (Min)
Model fingerprint: 0x17a790da
Model has 28080 linear objective coefficients
Variable types: 28000 continuous, 80 integer (80 binary)
Coefficient statistics:
  Matrix range     [1e+00, 1e+03]
  Objective range  [1e+00, 5e+02]
  Bounds range     [1e+00, 1e+00]
  RHS range        [5e+00, 2e+01]

Using branch priorities.
Found heuristic solution: objective 661682.00000
Presolve time: 0.06s
Presolved: 1100 rows, 28080 columns, 76400 nonzeros
Variable types: 28000 continuous, 80 integer (80 binary)

Root relaxation: objective 4.082939e+04, 1098 iterations, 0.01 seconds (0.02 work units)

    Nodes    |    Current Node    |     Objective Bounds      |     Work
 Expl Unexpl |  Obj  Depth IntInf | Incumbent    BestBd   Gap | It/Node Time

     0     0 40829.3925    0   76 661682.000 40829.3925  93.8%     -    0s
H    0     0                    58312.027263 40829.3925  30.0%     -    0s
H    0     0                    58311.318329 40829.3925  30.0%     -    0s
H    0     0                    58218.961244 40829.3925  29.9%     -    0s
H    0     0                    58218.810393 40829.3925  29.9%     -    0s
H    0     0                    58087.540097 49059.8855  15.5%     -    0s
H    0     0                    58059.690877 49059.8855  15.5%     -    0s
H    0     0                    57075.000000 49059.8855  14.0%     -    0s
H    0     0                    56980.000000 49059.8855  13.9%     -    0s
H    0     0                    56830.000000 49059.8855  13.7%     -    0s
     0     0 49059.8855    0   53 56830.0000 49059.8855  13.7%     -    0s
H    0     0                    56223.000000 49125.3848  12.6%     -    0s
H    0     0                    55846.000000 49125.3848  12.0%     -    0s
H    0     0                    55253.000000 49125.3848  11.1%     -    0s
     0     0 49125.3848    0   53 55253.0000 49125.3848  11.1%     -    0s
H    0     0                    55235.000000 50763.4637  8.10%     -    0s
     0     0 50763.4637    0   55 55235.0000 50763.4637  8.10%     -    0s
H    0     0                    53719.000000 50775.3149  5.48%     -    0s
H    0     0                    53632.000000 51173.3192  4.58%     -    0s
     0     0 51173.3192    0   57 53632.0000 51173.3192  4.58%     -    0s
     0     0 51254.7981    0   56 53632.0000 51254.7981  4.43%     -    0s
     0     0 51282.6325    0   57 53632.0000 51282.6325  4.38%     -    0s
     0     0 51290.1537    0   59 53632.0000 51290.1537  4.37%     -    0s
     0     0 51291.8266    0   58 53632.0000 51291.8266  4.36%     -    0s
     0     0 51797.7364    0   61 53632.0000 51797.7364  3.42%     -    0s
H    0     0                    53418.000000 51899.1153  2.84%     -    0s
H    0     0                    53196.000000 51899.1153  2.44%     -    0s
H    0     0                    53170.000000 51899.1153  2.39%     -    0s
     0     0 51899.1153    0   55 53170.0000 51899.1153  2.39%     -    0s
     0     0 51935.0484    0   54 53170.0000 51935.0484  2.32%     -    0s
     0     0 51954.7893    0   59 53170.0000 51954.7893  2.29%     -    0s
     0     0 51960.6364    0   55 53170.0000 51960.6364  2.27%     -    0s
     0     0 52140.6252    0   60 53170.0000 52140.6252  1.94%     -    1s
     0     0 52219.6632    0   61 53170.0000 52219.6632  1.79%     -    1s
H    0     0                    53017.000000 52259.7504  1.43%     -    1s
H    0     0                    53016.000000 52259.7504  1.43%     -    1s
H    0     0                    52950.000000 52259.7504  1.30%     -    1s
H    0     0                    52942.000000 52259.7504  1.29%     -    1s
H    0     0                    52933.000000 52259.7504  1.27%     -    1s
     0     0 52259.7504    0   61 52933.0000 52259.7504  1.27%     -    1s
     0     0 52275.5243    0   60 52933.0000 52275.5243  1.24%     -    1s
     0     0 52282.1788    0   60 52933.0000 52282.1788  1.23%     -    1s
     0     0 52345.8690    0   58 52933.0000 52345.8690  1.11%     -    1s
     0     0 52372.1383    0   60 52933.0000 52372.1383  1.06%     -    1s
     0     0 52379.6574    0   62 52933.0000 52379.6574  1.05%     -    1s
     0     0 52397.8694    0   62 52933.0000 52397.8694  1.01%     -    1s
     0     0 52398.7590    0   62 52933.0000 52398.7590  1.01%     -    1s
     0     0 52398.7590    0   62 52933.0000 52398.7590  1.01%     -    1s
     0     2 52398.7590    0   62 52933.0000 52398.7590  1.01%     -    1s
H  287   266                    52876.595217 52579.0177  0.56%  83.8    2s
*  288   266              20    52798.000000 52579.0177  0.41%  83.6    2s
*  289   266              20    52782.000000 52579.0177  0.38%  83.3    2s
*  338   254              16    52720.000000 52579.0177  0.27%  78.8    2s
H  435   226                    52681.000000 52579.0177  0.19%  74.6    2s
*  655    19              12    52628.000000 52619.8682  0.02%  57.5    2s

Cutting planes:
  Implied bound: 492
  MIR: 345
  Flow cover: 406
  Relax-and-lift: 8

Explored 718 nodes (43555 simplex iterations) in 2.91 seconds (3.91 work units)
Thread count was 32 (of 32 available processors)

Solution count 10: 52628 52628 52681 ... 53016

Optimal solution found (tolerance 0.00e+00)
Best objective 5.262800000000e+04, best bound 5.262800000000e+04, gap 0.0000%
