
Gurobi 13.0.2 (win64) logging started Thu Jul 16 03:59:19 2026

Set parameter LogFile to value "logs/kstar_nI20_nJ40_nK100_nL10_tI5_tJ5_s5_m1_exact_s0_20260716-035919.gurobi.log"
Set parameter Seed to value 0
Set parameter TimeLimit to value 599.940821
Set parameter MIPGap to value 0
Set parameter MIPGapAbs to value 0.5
Set parameter Cutoff to value 1e+100
Gurobi Optimizer version 13.0.2 build v13.0.2rc1 (win64 - Windows 11+.0 (26200.2))

CPU model: Intel(R) Core(TM) i9-14900HX, instruction set [SSE2|AVX|AVX2]
Thread count: 24 physical cores, 32 logical processors, using up to 32 threads

Non-default parameters:
TimeLimit  599.940821
MIPGap  0
MIPGapAbs  0.5
PreCrush  1
LazyConstraints  1

Optimize a model with 20 rows, 70 columns and 600 nonzeros (Min)
Model fingerprint: 0xa3771c7d
Model has 70 linear objective coefficients
Variable types: 10 continuous, 60 integer (60 binary)
Coefficient statistics:
  Matrix range     [2e+00, 1e+03]
  Objective range  [1e+00, 5e+02]
  Bounds range     [1e+00, 9e+03]
  RHS range        [1e+03, 1e+03]

Using branch priorities.
Presolve removed 18 rows and 0 columns
Presolve time: 0.00s
Presolved: 2 rows, 70 columns, 60 nonzeros
Variable types: 10 continuous, 60 integer (60 binary)

Root relaxation: objective 8.061220e+04, 3 iterations, 0.00 seconds (0.00 work units)

    Nodes    |    Current Node    |     Objective Bounds      |     Work
 Expl Unexpl |  Obj  Depth IntInf | Incumbent    BestBd   Gap | It/Node Time

     0     0 80612.2008    0    2          - 80612.2008      -     -    0s
H    0     0                    370929.00000 80612.2008  78.3%     -    0s
H    0     0                    342243.00000 80612.2008  76.4%     -    0s
H    0     0                    340530.00000 80612.2008  76.3%     -    0s
H    0     0                    340264.00000 80612.2008  76.3%     -    0s
H    0     0                    325662.00000 80612.2008  75.2%     -    0s
     0     0 80789.5591    0    4 325662.000 80789.5591  75.2%     -    0s
     0     0 80891.7993    0    7 325662.000 80891.7993  75.2%     -    0s
H    0     0                    324194.00000 80891.7993  75.0%     -    0s
     0     0 80917.9346    0   11 324194.000 80917.9346  75.0%     -    0s
     0     0 80923.8434    0   11 324194.000 80923.8434  75.0%     -    0s
     0     2 80932.3556    0   12 324194.000 80932.3556  75.0%     -    0s
  2388  2542 82676.3854   31    1 324194.000 81009.9573  75.0%   3.3    5s
H 3296  2812                    263043.00000 81009.9573  69.2%   3.0    7s
H 3298  2672                    253703.00000 81079.8061  68.0%   3.0    7s
H 3302  2541                    247431.00000 81079.8061  67.2%   3.0    8s
H 3302  2414                    230584.00000 81079.8061  64.8%   3.0    8s
H 3304  2294                    194991.00000 81079.8061  58.4%   3.0    9s
  3326  2326 81157.3215   18   15 194991.000 81156.8292  58.4%   3.1   10s
  4324  3002 81846.8144   30   11 194991.000 81187.1645  58.4%   4.5   15s
  5576  3840 82460.0000   48    - 194991.000 81250.0087  58.3%   4.4   20s
  7343  4648 97468.7668   69    1 194991.000 81331.0054  58.3%   4.3   25s
  9108  5632 82147.8623   34    7 194991.000 81366.4927  58.3%   4.3   30s
 11186  7113 81589.5184   26   12 194991.000 81416.2408  58.2%   4.3   35s
 13247  9016 84170.1967   66    1 194991.000 81423.4818  58.2%   4.3   40s
 15449 10482 81700.3333   26   10 194991.000 81461.2198  58.2%   4.3   45s
 16455 11355 81858.2802   32   13 194991.000 81477.3709  58.2%   4.3   50s
 17068 11906 81970.8212   34    9 194991.000 81502.6371  58.2%   4.3   55s
 18221 13207 83380.6765   46    1 194991.000 81502.7918  58.2%   4.3   60s
 19928 14665 82792.5978   46    2 194991.000 81509.1619  58.2%   4.4   65s
 21757 16531 82269.1570   31   11 194991.000 81514.2970  58.2%   4.4   70s
 24723 19067 84541.2516   69    1 194991.000 81521.8936  58.2%   4.4   75s
 27498 21640 82254.5288   41    9 194991.000 81555.7897  58.2%   4.5   81s
 29888 23745 81898.2685   24   12 194991.000 81568.1133  58.2%   4.5   86s
 31820 25025 82454.9778   37    9 194991.000 81570.2907  58.2%   4.5   90s
 33855 27213 83294.7736   66    2 194991.000 81600.6726  58.2%   4.5   95s
 36548 28683 82208.8392   33   12 194991.000 81612.3453  58.1%   4.5  101s
 37595 30013 82780.0993   43    3 194991.000 81612.3453  58.1%   4.5  107s
 38518 30206 82064.7033   27   17 194991.000 81612.5219  58.1%   4.5  110s
 39339 31486 82967.0224   40    6 194991.000 81624.7020  58.1%   4.5  117s
 40159 32201 83036.1456   41    7 194991.000 81627.4383  58.1%   4.5  121s
 41032 33165 82307.9885   30   15 194991.000 81628.9169  58.1%   4.5  125s
 42190 34380 83098.8125   44    3 194991.000 81628.9169  58.1%   4.5  130s
 45074 36744 82145.7135   28   13 194991.000 81642.5820  58.1%   4.5  139s
 46312 37992 82428.4711   37    7 194991.000 81650.0835  58.1%   4.6  144s
 47795 39799 81988.7512   29   14 194991.000 81650.6137  58.1%   4.6  148s
 49511 40068 82099.0562   26   16 194991.000 81654.6843  58.1%   4.6  150s
 52457 43570 82031.6770   25   18 194991.000 81667.7247  58.1%   4.5  159s
 52775 43608 82723.6276   38   10 194991.000 81667.7247  58.1%   4.6  160s
 54593 45466 82272.3891   31   12 194991.000 81675.3745  58.1%   4.6  165s
 56787 47393 82440.3356   34    9 194991.000 81682.2903  58.1%   4.6  170s
 59074 49315 82417.9912   31   11 194991.000 81687.8913  58.1%   4.6  176s
 61298 51389 83098.9213   53    2 194991.000 81689.5076  58.1%   4.6  182s
 63869 53361 82385.3309   28   12 194991.000 81699.8174  58.1%   4.6  189s
 65633 53569 84636.1409   50    2 194991.000 81704.7286  58.1%   4.6  190s
 65957 53622 83132.0000   52   11 194991.000 81704.7286  58.1%   4.6  201s
H65958 50941                    187041.00000 81704.7286  56.3%   4.6  204s
 65960 50942 82135.5496   26   29 187041.000 81704.7286  56.3%   4.6  206s
 65961 50943 86763.0000   64   28 187041.000 81704.7286  56.3%   4.6  210s
H65961 48396                    182382.00000 81704.7286  55.2%   4.6  213s
 65966 48399 82027.7629   33   28 182382.000 81704.7286  55.2%   4.6  215s
H65966 45979                    176550.00000 81704.7286  53.7%   4.6  218s
 65968 45980 81991.5636   27   28 176550.000 81704.7286  53.7%   4.6  220s
 65971 45982 82686.2629   36   27 176550.000 81704.7286  53.7%   4.6  227s
 65973 45984 82713.0202   43   28 176550.000 81704.7286  53.7%   4.6  231s
 65976 45989 81704.7286   26   28 176550.000 81704.7286  53.7%   4.6  235s
 66038 46060 81835.8004   31   25 176550.000 81704.7286  53.7%   4.7  240s
 66259 46302 82080.6254   34   22 176550.000 81704.7286  53.7%   4.7  246s
 66473 46442 82215.7682   36   21 176550.000 81704.7286  53.7%   4.8  250s
 66909 46719 82607.3269   39   18 176550.000 81704.7286  53.7%   4.8  255s
 67318 46863 82709.3517   41   18 176550.000 81752.6509  53.7%   4.8  260s
 67763 47263 82847.4928   44   14 176550.000 81792.0148  53.7%   4.9  265s
 68106 47339 82914.6248   47   14 176550.000 81792.0148  53.7%   4.9  270s
 68617 47690 83167.9309   49   13 176550.000 81815.6263  53.7%   4.9  275s
 69490 48121 88343.0000   73    - 176550.000 81815.6263  53.7%   4.9  280s
 70463 48579 93191.9440   83    1 176550.000 81909.6511  53.6%   4.9  285s
 71331 49490 82115.1612   33   19 176550.000 81941.5718  53.6%   4.9  291s
 72019 49379 82759.1325   47   12 176550.000 81946.5987  53.6%   4.9  295s
 72638 49702 87641.0000   74    - 176550.000 81946.5987  53.6%   4.9  301s
 72691 49961 82452.5822   35   17 176550.000 81946.5987  53.6%   4.9  305s
 73601 50669 82143.9538   33   18 176550.000 81956.4474  53.6%   4.9  311s
 74834 51337 82366.4690   40   17 176550.000 81960.5776  53.6%   5.0  317s
 75556 51719 83104.6184   54    2 176550.000 81960.5776  53.6%   5.0  321s
 76358 51991 90997.7830   74    1 176550.000 81960.5776  53.6%   5.0  328s
 76967 52537 82371.3615   38   19 176550.000 81962.2360  53.6%   5.0  331s
 77704 52875 83512.7116   52    5 176550.000 81988.1401  53.6%   5.0  335s
 79444 53309 83489.5920   62    4 176550.000 81993.5915  53.6%   5.0  342s
 79485 53515 83683.1205   63    4 176550.000 81993.5915  53.6%   5.0  345s
 80259 54340 83786.7014   65    2 176550.000 82032.2274  53.5%   5.0  352s
 81162 54449 82700.4098   52    8 176550.000 82032.2274  53.5%   5.0  356s
 81543 55177 82260.1270   37   19 176550.000 82038.4190  53.5%   5.1  360s
 82575 55627 84394.1348   74    2 176550.000 82038.4190  53.5%   5.1  369s
 83547 56144 82984.2435   58    3 176550.000 82038.4190  53.5%   5.1  374s
 84490 56816 82416.0548   37   20 176550.000 82069.5023  53.5%   5.1  379s
 85463 57437 82912.3908   50    5 176550.000 82081.4289  53.5%   5.1  383s
 86718 58127 86490.1473   74    1 176550.000 82081.4479  53.5%   5.1  389s
 88040 58775 82931.3862   48    7 176550.000 82097.0265  53.5%   5.1  394s
 88696 58637 82973.3227   52    6 176550.000 82099.4850  53.5%   5.1  395s
 89318 59640 82566.4847   45   16 176550.000 82099.4850  53.5%   5.1  400s
 90825 60456 82505.0197   38   22 176550.000 82111.5543  53.5%   5.2  405s
 92396 61372 82607.9982   37   19 176550.000 82111.5543  53.5%   5.2  411s
 93999 62305 82375.5572   35   22 176550.000 82127.7428  53.5%   5.2  417s
 95682 62032 82721.7627   41   20 176550.000 82127.7428  53.5%   5.2  424s
 95782 62909 82733.8066   42   19 176550.000 82127.7428  53.5%   5.2  430s
 96998 63925 82657.4090   39   17 176550.000 82127.7428  53.5%   5.2  437s
 98740 63650 82392.9807   39   16 176550.000 82135.3959  53.5%   5.2  443s
 98827 64307 82413.1454   40   17 176550.000 82135.3959  53.5%   5.2  449s
 99092 64263 83152.1781   45   14 176550.000 82135.3959  53.5%   5.2  450s
 99787 64973 82477.6817   41   14 176550.000 82135.3959  53.5%   5.2  456s
 100921 65873 82503.4551   42   12 176550.000 82146.4074  53.5%   5.2  463s
 102436 66793 82555.3650   43   13 176550.000 82166.1099  53.5%   5.2  471s
 104118 67676 82704.1900   44   10 176550.000 82167.4195  53.5%   5.2  479s
 105601 67384 85460.5773   69    1 176550.000 82177.8289  53.5%   5.3  480s
 105815 68543 82721.6331   45   10 176550.000 82179.8544  53.5%   5.3  488s
 107351 69643 91692.0000   81    - 176550.000 82179.9210  53.5%   5.3  496s
 109344 69328 83215.2544   58    2 176550.000 82190.8887  53.4%   5.3  503s
 109437 70481 83255.4150   59    2 176550.000 82190.8887  53.4%   5.3  512s
 110981 71790 82584.8329   40   15 176550.000 82191.8428  53.4%   5.3  522s
 113132 73070 83370.4242   61    2 176550.000 82202.9327  53.4%   5.3  532s
 115525 74182 83165.6925   45    7 176550.000 82207.1373  53.4%   5.3  542s
 117571 75503 82911.5375   46   12 176550.000 82217.7336  53.4%   5.4  554s
 117661 75490 84191.3648   64    5 176550.000 82217.7336  53.4%   5.4  555s
 119983 76833 82852.3235   46   12 176550.000 82217.7336  53.4%   5.4  566s
 122491 77600 82555.7673   38   18 176550.000 82224.9758  53.4%   5.4  579s
 125629 79149 83807.5147   62    3 176550.000 82233.0032  53.4%   5.4  591s
 127861 79918 83169.5330   49   12 176550.000 82240.6088  53.4%   5.4  600s

Cutting planes:
  Gomory: 4
  MIR: 9
  StrongCG: 1
  Flow cover: 2

Explored 129457 nodes (699957 simplex iterations) in 601.98 seconds (275.13 work units)
Thread count was 32 (of 32 available processors)

Solution count 10: 176550 182382 187041 ... 340264

Time limit reached
Best objective 1.765500000000e+05, best bound 8.224060882065e+04, gap 53.4180%

User-callback calls 278546, time in user-callback 130.10 sec
