
Gurobi 13.0.2 (win64) logging started Thu Jul 16 08:30:41 2026

Set parameter LogFile to value "logs/kstar_nI20_nJ40_nK100_nL5_tI6_tJ6_s2_m1_exact_s0_20260716-083041.gurobi.log"
Set parameter Seed to value 0
Set parameter TimeLimit to value 599.968375
Set parameter MIPGap to value 0
Set parameter MIPGapAbs to value 0.5
Set parameter Cutoff to value 1e+100
Gurobi Optimizer version 13.0.2 build v13.0.2rc1 (win64 - Windows 11+.0 (26200.2))

CPU model: Intel(R) Core(TM) i9-14900HX, instruction set [SSE2|AVX|AVX2]
Thread count: 24 physical cores, 32 logical processors, using up to 32 threads

Non-default parameters:
TimeLimit  599.968375
MIPGap  0
MIPGapAbs  0.5
PreCrush  1
LazyConstraints  1

Optimize a model with 10 rows, 65 columns and 300 nonzeros (Min)
Model fingerprint: 0xdb80d516
Model has 65 linear objective coefficients
Variable types: 5 continuous, 60 integer (60 binary)
Coefficient statistics:
  Matrix range     [2e+01, 1e+03]
  Objective range  [1e+00, 5e+02]
  Bounds range     [1e+00, 9e+03]
  RHS range        [1e+03, 1e+03]

Using branch priorities.
Presolve removed 8 rows and 0 columns
Presolve time: 0.00s
Presolved: 2 rows, 65 columns, 60 nonzeros
Variable types: 5 continuous, 60 integer (60 binary)

Root relaxation: objective 4.293797e+04, 5 iterations, 0.00 seconds (0.00 work units)

    Nodes    |    Current Node    |     Objective Bounds      |     Work
 Expl Unexpl |  Obj  Depth IntInf | Incumbent    BestBd   Gap | It/Node Time

     0     0 42937.9652    0    3          - 42937.9652      -     -    0s
H    0     0                    192581.00000 42937.9652  77.7%     -    0s
H    0     0                    173310.00000 42937.9652  75.2%     -    0s
H    0     0                    169492.00000 42937.9652  74.7%     -    0s
H    0     0                    165860.00000 42937.9652  74.1%     -    0s
H    0     0                    155480.00000 42937.9652  72.4%     -    0s
H    0     0                    149559.00000 42937.9652  71.3%     -    0s
H    0     0                    148714.00000 42937.9652  71.1%     -    0s
     0     0 43188.9565    0    6 148714.000 43188.9565  71.0%     -    0s
     0     0 43212.9292    0    9 148714.000 43212.9292  70.9%     -    0s
H    0     0                    146076.00000 43213.1963  70.4%     -    0s
     0     0 43303.5580    0   11 146076.000 43303.5580  70.4%     -    0s
     0     0 43304.4840    0   11 146076.000 43304.4840  70.4%     -    0s
H    0     0                    131951.00000 43308.6518  67.2%     -    0s
     0     2 43347.3031    0   15 131951.000 43347.3031  67.1%     -    0s
H 3625  3102                    113569.00000 43456.7327  61.7%   3.2    3s
H 3627  2948                    107422.00000 43496.8160  59.5%   3.2    3s
H 3629  2801                    102477.00000 43523.4672  57.5%   3.2    3s
H 3630  2802                    102060.00000 43523.4672  57.4%   3.2    4s
H 3638  2667                    100173.00000 43523.4672  56.6%   3.2    4s
  3640  2669 43687.3396   21   26 100173.000 43523.4672  56.6%   3.2    5s
  5714  4213 44982.7198   42    3 100173.000 43628.0758  56.4%   5.1   10s
  9582  6179 43873.6050   19   20 100173.000 43660.6131  56.4%   5.0   15s
 12120  7767 43985.0153   24   19 100173.000 43683.4694  56.4%   5.0   20s
 17108 12046 44556.4631   30   11 100173.000 43705.3572  56.4%   5.1   25s
 19617 14431 44089.0255   22   15 100173.000 43714.2282  56.4%   5.2   30s
 23216 18030 44947.2795   35    5 100173.000 43774.6672  56.3%   5.4   35s
 28319 22426 44343.4544   23   24 100173.000 43802.0802  56.3%   5.3   40s
 32101 25607 47127.0940   57    1 100173.000 43822.6875  56.3%   5.3   46s
 34805 27816 44000.0521   22   15 100173.000 43839.2637  56.2%   5.3   50s
 37653 29935 44895.1835   35   13 100173.000 43846.3237  56.2%   5.3   55s
 40648 33476 45048.1731   34    3 100173.000 43846.3237  56.2%   5.4   61s
 43995 36282 45017.0733   39    4 100173.000 43871.9845  56.2%   5.4   66s
 45836 37063 44476.2985   27   16 100173.000 43884.0630  56.2%   5.4   71s
 47504 38077 44529.8167   29   15 100173.000 43884.7143  56.2%   5.4   75s
 48409 39894 44438.1391   23   17 100173.000 43884.7644  56.2%   5.5   80s
 50675 41737 44643.0209   32    6 100173.000 43896.9306  56.2%   5.5   88s
 51851 42908 44682.2556   33    9 100173.000 43897.2104  56.2%   5.5   91s
 53435 44492 44883.6827   38    8 100173.000 43905.4324  56.2%   5.5   95s
 57202 48018 45952.6356   54    3 100173.000 43907.3219  56.2%   5.5  102s
 59695 48558 45165.1630   37    8 100173.000 43917.0258  56.2%   5.5  105s
 60258 49519 44546.1225   29   15 100173.000 43917.0258  56.2%   5.5  111s
 61973 51490 45102.6372   36    7 100173.000 43923.9683  56.2%   5.5  118s
 63320 52926 44248.8092   28   17 100173.000 43927.2928  56.1%   5.5  122s
 65009 54456 45219.2321   52    1 100173.000 43932.1368  56.1%   5.5  126s
 66793 55979 44392.5941   22   22 100173.000 43941.9262  56.1%   5.5  132s
 68541 56209 45235.9727   36   11 100173.000 43945.5732  56.1%   5.5  140s
H68542 53399                    95154.000000 43945.5732  53.8%   5.5  141s
 68547 53402 44566.4879   37   31 95154.0000 43945.5732  53.8%   5.5  147s
H68547 50732                    89721.000000 43945.5732  51.0%   5.5  148s
 68553 50736 44415.6770   26   29 89721.0000 43945.5732  51.0%   5.5  151s
 68560 50741 45484.1888   43   30 89721.0000 43945.5732  51.0%   5.5  156s
H68562 48204                    82817.000000 43945.5732  46.9%   5.5  158s
 68565 48206 45120.5433   34   31 82817.0000 43945.5732  46.9%   5.5  161s
 68598 48261 43988.2374   24   30 82817.0000 43945.5732  46.9%   5.6  165s
 68777 48502 44360.7645   27   26 82817.0000 43945.5732  46.9%   5.6  170s
 69209 48730 44582.6951   31   24 82817.0000 43945.5732  46.9%   5.8  175s
 69638 49025 44904.4677   34   19 82817.0000 43945.5732  46.9%   5.8  180s
 70608 49528 44544.2325   39   11 82817.0000 43945.5732  46.9%   5.8  185s
 71615 50283 46425.6544   52    5 82817.0000 43960.6566  46.9%   5.8  190s
 72856 51157 49174.0000   72    - 82817.0000 43960.6566  46.9%   5.9  195s
 74143 51754 44616.8428   31   18 82817.0000 44090.4116  46.8%   5.9  201s
 75371 52593 44769.0375   39   11 82817.0000 44090.4116  46.8%   5.9  206s
 76888 53516 46712.6974   62    1 82817.0000 44090.4116  46.8%   5.9  211s
 78516 54587 45116.0209   45   13 82817.0000 44138.8058  46.7%   5.9  216s
 80810 55658 48068.0000   72    - 82817.0000 44145.6375  46.7%   5.9  221s
 82774 56075 47952.0319   70    1 82817.0000 44145.7741  46.7%   5.9  226s
 83394 56932 45355.4221   47    1 82817.0000 44147.8228  46.7%   6.0  231s
 85113 58167 45041.5116   47    9 82817.0000 44149.2354  46.7%   6.0  237s
 86256 58931 44431.8630   31   20 82817.0000 44183.1877  46.6%   6.0  240s
 87684 59216 44373.9596   32   20 82817.0000 44183.1877  46.6%   6.0  246s
 88716 59778 44523.6951   32   17 82817.0000 44183.1877  46.6%   6.0  250s
 91036 61115 44793.7856   35   16 82817.0000 44241.1354  46.6%   6.0  257s
 92317 61750 44526.9741   36   18 82817.0000 44243.3773  46.6%   6.0  260s
 94559 63164 44750.6490   35   13 82817.0000 44252.6955  46.6%   6.0  267s
 95943 63972 46353.2456   49    1 82817.0000 44252.6955  46.6%   6.1  271s
 97820 64927 45174.9340   41    7 82817.0000 44267.8841  46.5%   6.1  275s
 100912 67001 44630.6145   33   17 82817.0000 44270.4836  46.5%   6.1  282s
 102859 68077 45229.6506   40   10 82817.0000 44273.2377  46.5%   6.1  287s
 104839 68793 44959.1941   34   21 82817.0000 44286.0385  46.5%   6.1  292s
 106318 69958 45234.4822   46    5 82817.0000 44286.0385  46.5%   6.1  296s
 108332 69651 45601.0105   57    7 82817.0000 44286.1339  46.5%   6.1  300s
 108636 70806 44768.2586   34   15 82817.0000 44286.1339  46.5%   6.1  305s
 111128 71617 45078.5114   41   13 82817.0000 44303.7689  46.5%   6.1  310s
 113436 73002 47378.7942   56    1 82817.0000 44310.9945  46.5%   6.1  320s
 115488 74580 45015.5235   40   14 82817.0000 44314.2037  46.5%   6.1  325s
 117760 75883 44793.5870   35   16 82817.0000 44314.2037  46.5%   6.1  330s
 120101 76899 45835.1487   51    5 82817.0000 44327.1715  46.5%   6.2  337s
 122155 78242 44577.5979   34   17 82817.0000 44334.0747  46.5%   6.2  343s
 124602 79526 45229.8634   37   15 82817.0000 44339.7332  46.5%   6.2  349s
 126904 81157 44724.5196   39   15 82817.0000 44344.3140  46.5%   6.2  355s
 129835 80690 45103.4809   41   20 82817.0000 44348.6623  46.4%   6.2  360s
 129979 81855 45115.3158   42   20 82817.0000 44348.6623  46.4%   6.2  365s
 131641 82873 44541.2783   31   27 82817.0000 44350.7443  46.4%   6.2  372s
 133543 84063 45260.6074   44    8 82817.0000 44350.7443  46.4%   6.2  379s
 133973 83972 44909.0904   41   16 82817.0000 44350.7443  46.4%   6.2  380s
 135633 84974 44971.1499   40   17 82817.0000 44352.6178  46.4%   6.2  386s
 137299 86326 44774.5579   36   19 82817.0000 44363.8116  46.4%   6.3  392s
 139312 88371 45078.0804   44   12 82817.0000 44363.8116  46.4%   6.3  399s
 140074 88170 45156.2953   44   13 82817.0000 44363.8116  46.4%   6.3  400s
 142864 89858 48302.2917   60    1 82817.0000 44365.1665  46.4%   6.3  407s
 146197 91252 48519.0000   60    - 82817.0000 44369.1999  46.4%   6.3  415s
 148864 93128 45647.2858   50    6 82817.0000 44375.5847  46.4%   6.3  423s
 152295 94704 45009.2921   34   10 82817.0000 44382.9248  46.4%   6.3  432s
 155430 96381 45075.0154   40   16 82817.0000 44383.4494  46.4%   6.3  441s
 158554 97949 44696.0589   36   21 82817.0000 44392.8803  46.4%   6.3  449s
 161431 99667 45306.7123   40   10 82817.0000 44396.0856  46.4%   6.3  458s
 164631 101176 45475.9574   44   15 82817.0000 44399.7785  46.4%   6.3  467s
 167578 102802 44808.4676   39   16 82817.0000 44406.3056  46.4%   6.4  476s
 170328 104428 46161.0000   64    - 82817.0000 44406.6610  46.4%   6.4  485s
 173462 106193 45883.4054   58    1 82817.0000 44407.8633  46.4%   6.4  493s
 176554 107254 46307.8811   51    1 82817.0000 44415.3732  46.4%   6.4  503s
 179656 108995 45167.0512   42   15 82817.0000 44418.6732  46.4%   6.4  513s
 182521 108605 44939.2458   31   21 82817.0000 44422.4390  46.4%   6.4  519s
 182751 109592 44986.9405   32   22 82817.0000 44422.6091  46.4%   6.4  525s
 184193 110669 45857.6434   44   11 82817.0000 44422.8411  46.4%   6.4  534s
 185975 111866 45238.7924   40   17 82817.0000 44424.9490  46.4%   6.4  545s
 188161 113582 45037.7707   40   16 82817.0000 44427.2166  46.4%   6.4  555s
 190999 113233 44928.1042   36   18 82817.0000 44430.1953  46.4%   6.4  564s
 191369 114108 44993.1417   37   17 82817.0000 44430.1953  46.4%   6.4  573s
 192643 114920 45031.7914   38   16 82817.0000 44431.2556  46.4%   6.4  581s
 194005 116118 45363.1464   40   16 82817.0000 44432.7227  46.3%   6.5  591s
 196108 117373 47281.0000   69    - 82817.0000 44434.2551  46.3%   6.5  600s

Cutting planes:
  Gomory: 9
  Cover: 1
  MIR: 2

Explored 198557 nodes (1282415 simplex iterations) in 602.07 seconds (215.05 work units)
Thread count was 32 (of 32 available processors)

Solution count 10: 82817 89721 95154 ... 148714

Time limit reached
Best objective 8.281700000000e+04, best bound 4.443723053667e+04, gap 46.3429%

User-callback calls 415285, time in user-callback 87.36 sec
