
Gurobi 13.0.2 (win64) logging started Sat Jul 11 00:10:22 2026

Set parameter LogFile to value "logs/kstar_nI20_nJ20_nK100_nL10_tI5_tJ5_s3_m1_exact_s0_20260711-001021.gurobi.log"
Set parameter Seed to value 0
Set parameter TimeLimit to value 599.9699332
Set parameter MIPGap to value 0
Set parameter MIPGapAbs to value 0.5
Set parameter Cutoff to value 1e+100
Gurobi Optimizer version 13.0.2 build v13.0.2rc1 (win64 - Windows 11+.0 (26200.2))

CPU model: Intel(R) Core(TM) i9-14900HX, instruction set [SSE2|AVX|AVX2]
Thread count: 24 physical cores, 32 logical processors, using up to 32 threads

Non-default parameters:
TimeLimit  599.9699332
MIPGap  0
MIPGapAbs  0.5
PreCrush  1
LazyConstraints  1

Optimize a model with 20 rows, 50 columns and 400 nonzeros (Min)
Model fingerprint: 0xf675e7c0
Model has 50 linear objective coefficients
Variable types: 10 continuous, 40 integer (40 binary)
Coefficient statistics:
  Matrix range     [5e+00, 1e+03]
  Objective range  [1e+00, 5e+02]
  Bounds range     [1e+00, 1e+04]
  RHS range        [1e+03, 1e+03]

Using branch priorities.
Presolve removed 18 rows and 0 columns
Presolve time: 0.00s
Presolved: 2 rows, 50 columns, 40 nonzeros
Variable types: 10 continuous, 40 integer (40 binary)

Root relaxation: objective 1.189309e+05, 4 iterations, 0.00 seconds (0.00 work units)

    Nodes    |    Current Node    |     Objective Bounds      |     Work
 Expl Unexpl |  Obj  Depth IntInf | Incumbent    BestBd   Gap | It/Node Time

     0     0 118930.943    0    2          - 118930.943      -     -    0s
H    0     0                    353337.00000 118930.943  66.3%     -    0s
H    0     0                    328082.00000 118930.943  63.7%     -    0s
H    0     0                    322863.00000 118930.943  63.2%     -    0s
H    0     0                    307951.00000 118930.943  61.4%     -    0s
     0     0 119001.211    0    4 307951.000 119001.211  61.4%     -    0s
     0     0 119064.875    0    7 307951.000 119064.875  61.3%     -    0s
H    0     0                    302578.00000 119064.875  60.6%     -    0s
     0     0 119090.960    0   11 302578.000 119090.960  60.6%     -    0s
     0     0 119134.320    0   12 302578.000 119134.320  60.6%     -    0s
     0     0 119157.950    0   18 302578.000 119157.950  60.6%     -    0s
     0     0 119191.323    0   11 302578.000 119191.323  60.6%     -    0s
     0     0 119217.500    0   16 302578.000 119217.500  60.6%     -    0s
     0     0 119260.178    0   15 302578.000 119260.178  60.6%     -    0s
     0     0 119278.727    0   19 302578.000 119278.727  60.6%     -    0s
     0     0 119300.327    0   16 302578.000 119300.327  60.6%     -    0s
     0     0 119312.927    0   17 302578.000 119312.927  60.6%     -    0s
     0     0 119314.647    0   17 302578.000 119314.647  60.6%     -    0s
     0     2 119314.647    0   18 302578.000 119314.647  60.6%     -    0s
H 3507  2853                    264238.00000 119463.947  54.8%   3.9    3s
H 3512  2713                    205481.00000 119463.947  41.9%   3.9    4s
  3518  2717 119602.706   12   22 205481.000 119463.947  41.9%   3.9    5s
  4194  3224 120768.190   29    8 205481.000 119463.947  41.9%   5.3   10s
  5770  3956 119895.678   24   10 205481.000 119473.954  41.9%   5.4   15s
  8069  5174 119761.823   22   15 205481.000 119522.427  41.8%   5.6   20s
 10756  6357 121079.642   29    3 205481.000 119562.472  41.8%   5.6   25s
 11909  6985 120484.048   25   11 205481.000 119569.054  41.8%   5.7   30s
 13119  7957 119749.020   17   19 205481.000 119581.487  41.8%   5.7   35s
 14256  8909 119956.502   19   15 205481.000 119593.983  41.8%   5.8   40s
 16465 10534 119759.620   17   19 205481.000 119593.983  41.8%   5.9   45s
 16861 10992 120226.998   24   19 205481.000 119596.079  41.8%   6.0   50s
 17495 11529 120158.454   22   14 205481.000 119598.771  41.8%   6.0   55s
 18896 12896 120607.853   26   13 205481.000 119622.555  41.8%   6.0   61s
 19874 13897 120652.121   28   11 205481.000 119632.816  41.8%   6.1   65s
 22168 15749 121125.683   31   12 205481.000 119660.239  41.8%   6.1   71s
 23783 17033 121356.020   33    9 205481.000 119681.382  41.8%   6.1   75s
 25492 17966 121747.432   35    9 205481.000 119704.741  41.7%   6.2   80s
 26271 18587 120426.519   25   17 205481.000 119706.163  41.7%   6.2   85s
 27461 19845 120104.051   20   16 205481.000 119711.447  41.7%   6.2   91s
 28712 21010 120313.668   21   14 205481.000 119725.924  41.7%   6.2   97s
 29514 21709 121286.624   30    6 205481.000 119731.461  41.7%   6.2  100s
 31335 23405 121652.431   34    2 205481.000 119741.391  41.7%   6.3  108s
 32899 24662 120386.688   22   13 205481.000 119743.715  41.7%   6.3  114s
 34187 25875 121380.024   36    5 205481.000 119753.178  41.7%   6.3  118s
 35772 27001 120199.604   23   12 205481.000 119767.806  41.7%   6.3  124s
 37020 27242 121531.672   35    7 205481.000 119770.979  41.7%   6.3  125s
 38109 28374 120983.263   29    7 205481.000 119781.075  41.7%   6.3  130s
 38573 29364 129532.939   45    2 205481.000 119783.167  41.7%   6.3  135s
 40245 30685 121673.704   27   10 205481.000 119789.909  41.7%   6.3  141s
 41757 31947 122308.849   40    1 205481.000 119804.911  41.7%   6.4  146s
 43393 33284 120929.904   27   12 205481.000 119812.721  41.7%   6.4  153s
 44994 34697 120590.755   21   13 205481.000 119827.574  41.7%   6.4  159s
 45870 34885 120422.903   24   15 205481.000 119831.214  41.7%   6.4  160s
 46870 36182 120742.834   27   13 205481.000 119841.511  41.7%   6.4  165s
 48699 37559 120170.892   25   18 205481.000 119848.885  41.7%   6.4  171s
 50399 37901 129098.000   47   17 205481.000 119858.399  41.7%   6.4  191s
H50400 36006                    188226.00000 119858.399  36.3%   6.4  193s
 50402 36007 124260.000   43   26 188226.000 119858.399  36.3%   6.4  196s
 50404 36008 121756.406   36   27 188226.000 119858.399  36.3%   6.4  202s
H50404 34208                    185337.00000 119858.399  35.3%   6.4  205s
 50409 34212 120961.217   27   29 185337.000 119858.399  35.3%   6.4  212s
 50413 34214 120801.132   29   27 185337.000 119858.399  35.3%   6.4  217s
 50415 34216 120597.567   29   30 185337.000 119858.399  35.3%   6.4  220s
 50418 34218 121513.512   26   30 185337.000 119858.399  35.3%   6.4  226s
 50421 34220 121981.847   38   29 185337.000 119858.399  35.3%   6.4  231s
 50423 34221 120868.598   33   30 185337.000 119858.399  35.3%   6.4  237s
 50431 34235 119858.399   26   25 185337.000 119858.399  35.3%   6.4  240s
 50487 34297 120263.572   29   22 185337.000 119879.404  35.3%   6.5  245s
 50899 34571 126386.552   33   13 185337.000 119879.588  35.3%   6.6  251s
 51192 34731 126824.084   36    9 185337.000 119879.588  35.3%   6.6  255s
 51461 34838 120208.869   32   20 185337.000 119920.233  35.3%   6.6  260s
 51697 35030 127477.743   40    5 185337.000 119972.290  35.3%   6.6  265s
 52046 35191 127485.803   42    6 185337.000 119998.179  35.3%   6.6  270s
 52713 35524     cutoff   55      185337.000 120085.061  35.2%   6.6  275s
 53484 35811 120759.719   36   18 185337.000 120141.287  35.2%   6.6  280s
 54166 36372 122786.725   40   10 185337.000 120193.663  35.1%   6.7  286s
 54636 36522 123240.274   42    7 185337.000 120196.549  35.1%   6.7  291s
 55299 37002 128384.234   50    2 185337.000 120230.280  35.1%   6.7  296s
 56207 37469 121415.709   42   13 185337.000 120230.280  35.1%   6.7  302s
 56702 37696     cutoff   63      185337.000 120253.993  35.1%   6.8  305s
 57735 38264 120625.790   32   23 185337.000 120305.123  35.1%   6.8  311s
 58842 38967 185205.630   59    1 185337.000 120340.111  35.1%   6.8  316s
 60239 39610 120929.585   36   18 185337.000 120354.794  35.1%   6.8  321s
 61658 40265 121641.145   37    7 185337.000 120354.794  35.1%   6.8  327s
 62397 40626 121634.160   35    9 185337.000 120409.901  35.0%   6.8  330s
 63766 40844 139608.319   57    2 185337.000 120451.563  35.0%   6.8  337s
 63800 41198 140958.000   58    - 185337.000 120451.563  35.0%   6.8  341s
 64439 41652 122947.649   46    1 185337.000 120460.229  35.0%   6.8  345s
 66156 42499 121202.169   34   20 185337.000 120487.006  35.0%   6.8  352s
 67116 42901 120586.271   33   21 185337.000 120508.174  35.0%   6.8  355s
 68729 43781 124513.000   50    - 185337.000 120523.486  35.0%   6.8  363s
 69736 43717 132199.934   55    3 185337.000 120524.402  35.0%   6.8  367s
 69822 44130 121070.617   34   17 185337.000 120524.402  35.0%   6.9  372s
 70554 44583 121165.341   35   16 185337.000 120550.725  35.0%   6.9  377s
 71389 44904 121231.675   42   17 185337.000 120562.549  34.9%   6.9  382s
 72138 45409 121144.782   36   17 185337.000 120562.645  34.9%   6.9  387s
 73113 45923 121727.672   46    7 185337.000 120579.233  34.9%   6.9  392s
 74185 46292 129071.000   60    - 185337.000 120595.367  34.9%   6.9  397s
 75108 47051 123869.206   49    2 185337.000 120603.628  34.9%   6.9  403s
 76170 47489 121405.028   41   12 185337.000 120603.628  34.9%   6.9  408s
 77229 48245 121018.508   37   18 185337.000 120611.558  34.9%   6.9  413s
 78481 48665 122600.979   52    1 185337.000 120614.782  34.9%   6.9  419s
 78779 48620 121989.959   44   11 185337.000 120614.782  34.9%   6.9  420s
 79647 49339 122959.233   55    3 185337.000 120629.157  34.9%   6.9  426s
 81027 49937 123130.284   54    1 185337.000 120640.889  34.9%   6.9  432s
 82416 49843 125068.462   41    7 185337.000 120655.381  34.9%   6.9  438s
 82526 50389 125086.249   42    8 185337.000 120656.064  34.9%   6.9  445s
 83468 51019 121702.845   34   19 185337.000 120658.281  34.9%   6.9  452s
 84755 51624 127922.108   60    1 185337.000 120663.828  34.9%   6.9  460s
 85942 52166 122891.957   50    6 185337.000 120678.044  34.9%   6.9  468s
 87282 52817 121362.239   37   17 185337.000 120686.728  34.9%   6.9  478s
 88657 53494 133680.802   46    9 185337.000 120697.435  34.9%   6.9  486s
 90582 54233 121210.071   36   18 185337.000 120708.298  34.9%   6.9  494s
 92421 55137     cutoff   61      185337.000 120710.115  34.9%   6.9  503s
 94122 55991 122302.044   53    2 185337.000 120728.768  34.9%   6.9  512s
 95901 56801 124994.469   45    8 185337.000 120737.363  34.9%   6.9  523s
 97674 57538 121327.570   39   17 185337.000 120750.221  34.8%   6.9  534s
 98237 57458 122880.723   56    1 185337.000 120751.102  34.8%   6.9  535s
 99245 58441 125007.010   48    7 185337.000 120758.173  34.8%   6.9  543s
 101135 59363 123309.539   38   17 185337.000 120767.623  34.8%   6.9  553s
 102855 59135 130737.591   55    1 185337.000 120767.623  34.8%   6.9  555s
 103105 59502 121730.761   40    9 185337.000 120777.650  34.8%   6.9  563s
 103847 60207 121758.090   41    9 185337.000 120778.985  34.8%   6.9  573s
 105228 61057 121109.178   36   21 185337.000 120784.592  34.8%   6.9  585s
 106951 61964 121428.851   38   20 185337.000 120794.038  34.8%   6.9  597s
 108812 61713 121765.932   43   17 185337.000 120802.871  34.8%   6.9  600s

Cutting planes:
  MIR: 9
  Flow cover: 6

Explored 108814 nodes (751432 simplex iterations) in 600.58 seconds (231.06 work units)
Thread count was 32 (of 32 available processors)

Solution count 8: 185337 188226 205481 ... 353337

Time limit reached
Best objective 1.853370000000e+05, best bound 1.208028706622e+05, gap 34.8199%

User-callback calls 239095, time in user-callback 82.75 sec
