
Gurobi 13.0.2 (win64) logging started Fri Jul 17 20:04:43 2026

Set parameter LogFile to value "logs/kstar_nI40_nJ40_nK50_nL10_tI3_tJ3_s4_m1_exact_s0_20260717-200443.gurobi.log"
Set parameter Seed to value 0
Set parameter TimeLimit to value 599.9519688
Set parameter MIPGap to value 0
Set parameter MIPGapAbs to value 0.5
Set parameter Cutoff to value 1e+100
Gurobi Optimizer version 13.0.2 build v13.0.2rc1 (win64 - Windows 11+.0 (26200.2))

CPU model: Intel(R) Core(TM) i9-14900HX, instruction set [SSE2|AVX|AVX2]
Thread count: 24 physical cores, 32 logical processors, using up to 32 threads

Non-default parameters:
TimeLimit  599.9519688
MIPGap  0
MIPGapAbs  0.5
PreCrush  1
LazyConstraints  1

Optimize a model with 20 rows, 90 columns and 800 nonzeros (Min)
Model fingerprint: 0x3e16550e
Model has 90 linear objective coefficients
Variable types: 10 continuous, 80 integer (80 binary)
Coefficient statistics:
  Matrix range     [5e+00, 7e+02]
  Objective range  [1e+00, 5e+02]
  Bounds range     [1e+00, 4e+03]
  RHS range        [6e+02, 7e+02]

Using branch priorities.
Presolve removed 5 rows and 0 columns
Presolve time: 0.00s
Presolved: 15 rows, 90 columns, 600 nonzeros
Variable types: 10 continuous, 80 integer (80 binary)

Root relaxation: objective 3.565933e+04, 8 iterations, 0.00 seconds (0.00 work units)

    Nodes    |    Current Node    |     Objective Bounds      |     Work
 Expl Unexpl |  Obj  Depth IntInf | Incumbent    BestBd   Gap | It/Node Time

     0     0 35659.3275    0    4          - 35659.3275      -     -    0s
H    0     0                    298831.00000 35659.3275  88.1%     -    0s
H    0     0                    292580.00000 35659.3275  87.8%     -    0s
H    0     0                    262167.00000 35659.3275  86.4%     -    0s
H    0     0                    260520.00000 35659.3275  86.3%     -    0s
     0     0 35716.3667    0    5 260520.000 35716.3667  86.3%     -    0s
     0     0 35723.8655    0    5 260520.000 35723.8655  86.3%     -    0s
H    0     0                    232939.00000 35723.8655  84.7%     -    0s
     0     2 35828.3370    0    7 232939.000 35828.3370  84.6%     -    0s
  2804  2752 37202.2341   23    3 232939.000 35941.0946  84.6%   3.1    5s
H 3294  2835                    190996.00000 35958.2334  81.2%   3.1    8s
H 3297  2695                    169509.00000 35982.5774  78.8%   3.1    8s
H 3303  2564                    153785.00000 35982.5774  76.6%   3.1    9s
H 3304  2565                    150882.00000 35982.5774  76.2%   3.1    9s
  3311  2574 36012.4164   13   18 150882.000 36012.4164  76.1%   3.2   10s
  3918  3003 36337.8540   23   16 150882.000 36120.3394  76.1%   4.8   15s
  4639  3552 36582.6501   28    4 150882.000 36120.3394  76.1%   5.1   20s
  6320  4532 36962.6728   40    8 150882.000 36120.3394  76.1%   4.8   25s
  8206  5533 39807.3876   66    4 150882.000 36201.0408  76.0%   4.6   30s
 10113  6556 36563.3729   19   12 150882.000 36244.8951  76.0%   4.5   35s
 11466  7267 36952.1292   41    9 150882.000 36247.0456  76.0%   4.6   40s
 12937  8704 45361.0000   88    - 150882.000 36264.8624  76.0%   4.5   45s
 14265  9858 37290.9017   40    4 150882.000 36265.2699  76.0%   4.6   50s
 15667 10936 37127.5168   24    7 150882.000 36265.2699  76.0%   4.5   55s
 16145 11316 37469.5945   39    3 150882.000 36305.8125  75.9%   4.5   61s
 16904 11964 36858.4304   28   11 150882.000 36305.8125  75.9%   4.5   66s
 18124 13090 37705.1270   37    2 150882.000 36305.8125  75.9%   4.5   70s
 19813 14641 43634.0000   78    - 150882.000 36324.5009  75.9%   4.4   76s
 21778 16043 37487.7955   35    2 150882.000 36329.4860  75.9%   4.4   80s
 23296 17735 36693.2517   30   10 150882.000 36330.3837  75.9%   4.4   86s
 25301 19406 38213.8683   67    1 150882.000 36344.3092  75.9%   4.4   90s
 28398 22220 36470.1489   28   19 150882.000 36366.0020  75.9%   4.3   96s
 30347 23525 36657.3873   31   12 150882.000 36376.6541  75.9%   4.3  100s
 32576 26111 37891.6267   68    6 150882.000 36376.6541  75.9%   4.3  106s
 35682 28696 36645.3362   24   18 150882.000 36395.5818  75.9%   4.3  113s
 36686 29853 37353.1370   40   10 150882.000 36400.7637  75.9%   4.3  116s
 38269 31434 36981.3645   41   13 150882.000 36406.4696  75.9%   4.3  120s
 40232 31957 36859.4952   34   10 150882.000 36422.6861  75.9%   4.3  128s
 40314 32255 36957.5186   35   12 150882.000 36422.6861  75.9%   4.3  132s
 40675 32682 36897.7624   35   12 150882.000 36422.8639  75.9%   4.4  135s
 41180 33250 36912.4188   36   13 150882.000 36422.8639  75.9%   4.4  140s
 41874 33880 36988.2100   37   12 150882.000 36425.7162  75.9%   4.4  145s
 43010 34726 36932.5756   40   12 150882.000 36425.7162  75.9%   4.4  150s
 43518 35395 36903.0517   30   10 150882.000 36432.3637  75.9%   4.4  155s
 45141 36485 37087.3943   42   13 150882.000 36437.9830  75.9%   4.4  160s
 45948 37462 37280.0038   44    4 150882.000 36438.9268  75.8%   4.4  165s
 47040 38889 36947.0852   36    9 150882.000 36440.7222  75.8%   4.3  170s
 48721 40083 37574.3933   51    2 150882.000 36445.4377  75.8%   4.3  176s
 50025 41107 36963.8587   30    3 150882.000 36449.9513  75.8%   4.4  183s
 51847 43035 38787.3157   82    2 150882.000 36449.9513  75.8%   4.3  189s
 52126 43088 42094.0000   79    - 150882.000 36451.0637  75.8%   4.3  190s
 54075 45313 36739.2017   25   17 150882.000 36454.8522  75.8%   4.3  196s
 56998 47224 36603.6836   23   18 150882.000 36463.1190  75.8%   4.3  204s
 57457 47322 37085.8182   34   11 150882.000 36463.1190  75.8%   4.3  205s
 59224 49198 36900.8170   35   14 150882.000 36463.1190  75.8%   4.3  213s
 61774 51936 36716.2739   24   21 150882.000 36468.9779  75.8%   4.3  220s
 64816 54196 36971.6021   35   15 150882.000 36473.2429  75.8%   4.3  228s
 67323 54520 37078.1848   45    5 150882.000 36478.9189  75.8%   4.3  246s
H67324 51794                    128955.00000 36478.9189  71.7%   4.3  250s
 67327 51796 39263.0000   73   28 128955.000 36478.9189  71.7%   4.3  256s
 67329 51797 37086.1530   29   29 128955.000 36478.9189  71.7%   4.3  265s
 67330 51798 38442.4527   70   28 128955.000 36478.9189  71.7%   4.3  270s
H67332 49209                    125269.00000 36478.9189  70.9%   4.3  278s
 67334 49210 36741.4753   32   32 125269.000 36478.9189  70.9%   4.3  281s
 67335 49211 37802.0000   56   33 125269.000 36478.9189  70.9%   4.3  286s
 67339 49214 37591.3830   60   29 125269.000 36478.9189  70.9%   4.3  294s
 67340 49214 36847.1719   28   28 125269.000 36478.9189  70.9%   4.3  296s
 67342 49216 41817.0000   87   28 125269.000 36478.9189  70.9%   4.3  303s
 67344 49220 36478.9189   21   28 125269.000 36478.9189  70.9%   4.3  305s
 67374 49270 36478.9189   25   24 125269.000 36478.9189  70.9%   4.3  310s
 67438 49394 36478.9189   27   26 125269.000 36478.9189  70.9%   4.3  315s
 67583 49413 36478.9189   28   21 125269.000 36478.9189  70.9%   4.4  323s
 67619 49541 36478.9189   29   23 125269.000 36478.9189  70.9%   4.4  326s
 67836 49596 36774.3100   36   20 125269.000 36478.9189  70.9%   4.5  330s
 68007 49732 36478.9189   32   23 125269.000 36478.9189  70.9%   4.5  335s
 68196 49820 36478.9189   33   23 125269.000 36478.9189  70.9%   4.5  340s
 68292 49946 36478.9189   34   24 125269.000 36478.9189  70.9%   4.5  345s
 68740 50342 36614.4989   37   20 125269.000 36478.9189  70.9%   4.6  351s
 69113 50537 36657.1017   38   21 125269.000 36478.9189  70.9%   4.6  356s
 69566 50798 36777.0105   40   18 125269.000 36478.9189  70.9%   4.6  360s
 70361 51158 36871.3828   43   13 125269.000 36478.9189  70.9%   4.6  365s
 71096 51566 37099.7652   48   18 125269.000 36478.9189  70.9%   4.6  370s
 71702 51989 36684.7648   30   17 125269.000 36478.9189  70.9%   4.7  375s
 72490 52659 38406.1800   64    4 125269.000 36478.9189  70.9%   4.7  381s
 73240 52980 36914.8164   35   16 125269.000 36478.9189  70.9%   4.7  385s
 74324 53590 46909.8992   96    2 125269.000 36478.9189  70.9%   4.7  392s
 74950 53990 36541.4978   32   25 125269.000 36478.9189  70.9%   4.8  396s
 75649 54375 36640.2020   37   20 125269.000 36478.9189  70.9%   4.8  400s
 77182 55317 37587.1023   54    5 125269.000 36478.9189  70.9%   4.8  408s
 77971 55653 38588.5495   84    1 125269.000 36478.9189  70.9%   4.8  412s
 78801 55559 36606.4142   34   20 125269.000 36478.9189  70.9%   4.8  417s
 78833 55739 36650.3647   35   21 125269.000 36478.9189  70.9%   4.8  424s
 78983 55704 36772.2720   34   17 125269.000 36478.9189  70.9%   4.8  425s
 79094 55737 36664.8329   36   20 125269.000 36478.9189  70.9%   4.8  431s
 79144 55957 36686.5858   37   18 125269.000 36478.9189  70.9%   4.8  438s
 79492 56623 36695.4255   38   19 125269.000 36478.9189  70.9%   4.9  444s
 80394 57146 37205.8070   56   12 125269.000 36478.9189  70.9%   4.9  450s
 81362 56966 40234.5956   95    1 125269.000 36478.9189  70.9%   4.9  455s
 81403 57464 40314.0000   96    - 125269.000 36478.9189  70.9%   4.9  461s
 82083 58138 37100.8227   46   10 125269.000 36478.9189  70.9%   4.9  467s
 83074 58652 39774.9490   93    1 125269.000 36478.9189  70.9%   4.9  473s
 84059 59274 37087.8183   44   14 125269.000 36478.9189  70.9%   5.0  479s
 85221 60007 36649.2743   28   18 125269.000 36478.9189  70.9%   5.0  485s
 86510 60590 37508.7464   62    5 125269.000 36478.9189  70.9%   5.0  492s
 87573 61479 36834.5823   38   14 125269.000 36478.9189  70.9%   5.0  499s
 88964 62244 36544.4496   36   23 125269.000 36478.9189  70.9%   5.0  506s
 90445 61989 37320.5140   53   11 125269.000 36478.9189  70.9%   5.1  516s
 90507 62857 37411.7346   54   11 125269.000 36478.9189  70.9%   5.1  525s
 91693 63654 36666.5329   34   18 125269.000 36496.0292  70.9%   5.1  535s
 93073 64532 37967.7368   79    1 125269.000 36510.2288  70.9%   5.1  543s
 94697 65574 37690.5302   78    1 125269.000 36510.2288  70.9%   5.1  551s
 96383 66266 37556.5482   55    9 125269.000 36541.7226  70.8%   5.1  561s
 97686 66972 36843.4681   42   16 125269.000 36541.7226  70.8%   5.2  570s
 99311 67785 38604.0326   74    2 125269.000 36555.1743  70.8%   5.2  580s
 101350 69158 37290.9919   46   13 125269.000 36561.2570  70.8%   5.2  590s
 103368 70131 37100.9158   48   13 125269.000 36561.2570  70.8%   5.2  599s
 103628 70073 36851.0609   41   22 125269.000 36561.2570  70.8%   5.2  600s

Cutting planes:
  Gomory: 1
  Cover: 2
  MIR: 12
  StrongCG: 1
  Flow cover: 2

Explored 105196 nodes (548959 simplex iterations) in 602.30 seconds (299.83 work units)
Thread count was 32 (of 32 available processors)

Solution count 10: 125269 128955 150882 ... 298831

Time limit reached
Best objective 1.252690000000e+05, best bound 3.657990312502e+04, gap 70.7989%

User-callback calls 237589, time in user-callback 99.51 sec
