
Gurobi 13.0.2 (win64) logging started Thu Jul 16 22:54:36 2026

Set parameter LogFile to value "logs/kstar_nI40_nJ20_nK100_nL5_tI3_tJ3_s3_m1_exact_s0_20260716-225436.gurobi.log"
Set parameter Seed to value 0
Set parameter TimeLimit to value 599.9801526
Set parameter MIPGap to value 0
Set parameter MIPGapAbs to value 0.5
Set parameter Cutoff to value 1e+100
Gurobi Optimizer version 13.0.2 build v13.0.2rc1 (win64 - Windows 11+.0 (26200.2))

CPU model: Intel(R) Core(TM) i9-14900HX, instruction set [SSE2|AVX|AVX2]
Thread count: 24 physical cores, 32 logical processors, using up to 32 threads

Non-default parameters:
TimeLimit  599.9801526
MIPGap  0
MIPGapAbs  0.5
PreCrush  1
LazyConstraints  1

Optimize a model with 10 rows, 65 columns and 300 nonzeros (Min)
Model fingerprint: 0x954b70e3
Model has 65 linear objective coefficients
Variable types: 5 continuous, 60 integer (60 binary)
Coefficient statistics:
  Matrix range     [1e+01, 1e+03]
  Objective range  [1e+00, 5e+02]
  Bounds range     [1e+00, 1e+04]
  RHS range        [1e+03, 1e+03]

Using branch priorities.
Presolve removed 1 rows and 0 columns
Presolve time: 0.00s
Presolved: 9 rows, 65 columns, 280 nonzeros
Variable types: 5 continuous, 60 integer (60 binary)

Root relaxation: objective 5.267612e+04, 11 iterations, 0.00 seconds (0.00 work units)

    Nodes    |    Current Node    |     Objective Bounds      |     Work
 Expl Unexpl |  Obj  Depth IntInf | Incumbent    BestBd   Gap | It/Node Time

     0     0 52676.1249    0    3          - 52676.1249      -     -    0s
H    0     0                    321681.00000 52676.1249  83.6%     -    0s
H    0     0                    287750.00000 52676.1249  81.7%     -    0s
H    0     0                    285185.00000 52676.1249  81.5%     -    0s
H    0     0                    264878.00000 52676.1249  80.1%     -    0s
H    0     0                    250113.00000 52676.1249  78.9%     -    0s
H    0     0                    245983.00000 52676.1249  78.6%     -    0s
     0     0 52721.3903    0    7 245983.000 52721.3903  78.6%     -    0s
     0     0 52768.7128    0    9 245983.000 52768.7128  78.5%     -    0s
H    0     0                    195504.00000 52773.0719  73.0%     -    0s
     0     0 52834.0364    0   10 195504.000 52834.0364  73.0%     -    0s
     0     0 52836.3776    0   10 195504.000 52836.3776  73.0%     -    0s
     0     2 52862.7614    0   14 195504.000 52862.7614  73.0%     -    0s
H 3493  2851                    192990.00000 53004.0711  72.5%   2.9    3s
H 3493  2709                    177305.00000 53004.0711  70.1%   2.9    3s
H 3497  2576                    168479.00000 53007.0778  68.5%   2.9    3s
H 3497  2447                    167276.00000 53007.0778  68.3%   2.9    3s
H 3497  2325                    159411.00000 53007.0778  66.7%   2.9    3s
H 3507  2214                    146400.00000 53015.2935  63.8%   2.9    4s
H 3508  2215                    139522.00000 53015.2935  62.0%   2.9    4s
  3517  2226 53018.6974   16   16 139522.000 53018.6974  62.0%   3.0    5s
  5554  3557 54869.4839   46    2 139522.000 53071.4255  62.0%   4.6   10s
  9924  5802 53237.9698   31   15 139522.000 53112.1702  61.9%   4.4   15s
 13504  8469 54564.4038   58    1 139522.000 53153.9630  61.9%   4.3   20s
 14545  9365 53481.7631   28   18 139522.000 53153.9630  61.9%   4.4   25s
 16355 10748 53660.9184   34   12 139522.000 53172.6229  61.9%   4.4   30s
 18207 12440 54244.3491   39    4 139522.000 53185.3644  61.9%   4.4   35s
 21544 15253 54478.6112   44    1 139522.000 53202.0180  61.9%   4.4   40s
 25328 18332 54995.4142   48    2 139522.000 53212.5373  61.9%   4.5   45s
 28126 20689 55322.6203   51    2 139522.000 53217.0318  61.9%   4.5   50s
 30429 22993 53707.1706   35   11 139522.000 53229.5448  61.8%   4.6   55s
 34219 26338 53531.0258   25   14 139522.000 53281.1598  61.8%   4.7   61s
 35888 27418 53906.3847   32   16 139522.000 53288.6881  61.8%   4.7   65s
 39337 30076 53987.7347   37   12 139522.000 53300.9929  61.8%   4.7   70s
 42227 32963 53475.4189   32   16 139522.000 53308.9520  61.8%   4.7   75s
 44142 33853 55068.6198   59    2 139522.000 53309.4650  61.8%   4.7   81s
 45937 35545 53450.1650   33   18 139522.000 53318.4700  61.8%   4.7   88s
 46954 36481 53711.5627   27   14 139522.000 53325.9827  61.8%   4.8   91s
 48107 37361 54038.8677   31   14 139522.000 53328.0317  61.8%   4.8   95s
 50524 39591 57058.9465   51    2 139522.000 53336.3413  61.8%   4.8  102s
 51830 40847 53636.6061   32   18 139522.000 53338.9437  61.8%   4.8  106s
 53491 42053 55218.3472   56    1 139522.000 53340.5222  61.8%   4.8  111s
 54850 43474 54095.7865   32   14 139522.000 53341.7966  61.8%   4.8  116s
 56640 44689 54276.9385   54    2 139522.000 53349.3720  61.8%   4.8  122s
 58182 46394 53571.2426   27   13 139522.000 53353.5243  61.8%   4.8  128s
 60290 48351 53604.1330   24   13 139522.000 53360.8666  61.8%   4.8  133s
 62505 49608 53672.8514   35   21 139522.000 53366.5087  61.8%   4.8  139s
 63850 50997 53689.3270   29   14 139522.000 53368.6973  61.7%   4.9  143s
 65413 52718 54526.5770   38    2 139522.000 53368.6973  61.7%   4.9  149s
 68146 53519 53566.2042   29   15 139522.000 53371.8993  61.7%   4.9  153s
 68529 53610 54979.5141   46   10 139522.000 53372.3761  61.7%   4.9  171s
 68532 53612 53738.6984   32   24 139522.000 53372.3761  61.7%   4.9  175s
 68536 53615 53698.7385   30   24 139522.000 53372.3761  61.7%   4.9  181s
 68542 53619 53455.9969   33   30 139522.000 53372.3761  61.7%   4.9  185s
H68542 50937                    136691.00000 53372.3761  61.0%   4.9  188s
 68548 50941 54865.3386   65   29 136691.000 53372.3761  61.0%   4.9  191s
H68549 48394                    133594.00000 53372.3761  60.0%   4.9  195s
H68549 45974                    133160.00000 53372.3761  59.9%   4.9  195s
H68550 45975                    131887.00000 53372.3761  59.5%   4.9  195s
 68554 45978 59651.3838   51   27 131887.000 53372.3761  59.5%   4.9  200s
 68618 46053 53429.4822   32   18 131887.000 53372.3761  59.5%   4.9  205s
 68797 46195 53657.9472   34   21 131887.000 53372.3761  59.5%   5.0  211s
 69278 46526 54141.9808   39   11 131887.000 53372.3761  59.5%   5.1  215s
 69946 46903 54473.1537   43    8 131887.000 53372.3761  59.5%   5.1  220s
 70510 47317 54698.1427   49    7 131887.000 53372.3761  59.5%   5.1  225s
 71513 47662 61129.4364   75    1 131887.000 53372.3761  59.5%   5.1  230s
 72698 48637 71034.0000   74    - 131887.000 53416.0555  59.5%   5.1  235s
 74105 49303 54739.3261   65    2 131887.000 53507.1940  59.4%   5.1  240s
 76116 50380 53598.7114   41   15 131887.000 53515.1827  59.4%   5.1  247s
 77365 50785 54841.2707   53    8 131887.000 53528.2506  59.4%   5.1  250s
 78780 51208 53706.8852   43   17 131887.000 53563.4389  59.4%   5.2  255s
 79250 51874 54030.0610   49    9 131887.000 53565.5576  59.4%   5.2  261s
 81015 52628 53754.8137   39   18 131887.000 53576.6711  59.4%   5.2  267s
 81677 52546 54773.4995   49    8 131887.000 53576.6711  59.4%   5.2  270s
 82163 53043 55035.3902   50    5 131887.000 53576.6711  59.4%   5.2  277s
 82721 53610 57320.4832   65    3 131887.000 53590.4059  59.4%   5.2  280s
 84972 54732 54069.0488   46    9 131887.000 53622.2309  59.3%   5.2  288s
 86008 55296 54130.9352   46   13 131887.000 53622.2906  59.3%   5.2  291s
 87124 55945 54247.8022   51    9 131887.000 53636.3977  59.3%   5.2  295s
 89857 56516 54307.9471   49    6 131887.000 53653.3926  59.3%   5.2  303s
 89912 57073 54402.2392   50    5 131887.000 53653.3926  59.3%   5.2  308s
 90810 58033 54473.4219   51    4 131887.000 53653.3926  59.3%   5.2  312s
 92503 58878 54649.4298   51    6 131887.000 53668.1060  59.3%   5.2  316s
 94149 59577 53930.5809   45   15 131887.000 53671.7358  59.3%   5.2  321s
 95629 60501 54208.5151   47   15 131887.000 53676.6216  59.3%   5.2  326s
 97300 61368 53883.8657   45   20 131887.000 53682.8322  59.3%   5.2  331s
 99036 62405 53846.8812   44   15 131887.000 53683.1486  59.3%   5.2  336s
 100970 63373 55257.0045   56    5 131887.000 53694.0504  59.3%   5.2  341s
 103095 64415 53869.5463   40   15 131887.000 53694.3031  59.3%   5.2  346s
 105109 65057 54585.2084   53    4 131887.000 53704.7822  59.3%   5.3  351s
 106473 65890 53763.2057   39   19 131887.000 53705.6067  59.3%   5.3  357s
 108096 65713 54147.6796   47   13 131887.000 53709.6044  59.3%   5.3  363s
 108250 67086 54250.6669   48   13 131887.000 53709.6044  59.3%   5.3  369s
 110175 67937 54605.1023   47   10 131887.000 53715.7055  59.3%   5.3  375s
 111978 69057 56302.5201   68    1 131887.000 53721.8755  59.3%   5.3  381s
 114224 70334 53902.9291   38   17 131887.000 53725.8849  59.3%   5.3  388s
 116516 71309 55990.2274   69    1 131887.000 53731.2961  59.3%   5.3  395s
 118851 72335 54766.9906   50    5 131887.000 53736.5383  59.3%   5.3  402s
 120723 73520 54151.2023   38   11 131887.000 53737.5573  59.3%   5.3  409s
 121396 73388 54876.0559   56    5 131887.000 53737.5573  59.3%   5.3  410s
 122899 73228 53885.8230   43   15 131887.000 53741.6090  59.3%   5.3  416s
 123061 74917 53892.8214   44   14 131887.000 53741.6090  59.3%   5.3  425s
 125513 76413 53948.7908   45   13 131887.000 53744.1229  59.2%   5.3  433s
 128187 77635 53928.0340   42   14 131887.000 53751.9695  59.2%   5.3  443s
 130883 77240 54086.8466   40   16 131887.000 53755.9284  59.2%   5.3  450s
 130915 78993 54105.5975   41   16 131887.000 53755.9284  59.2%   5.3  460s
 133580 80766 54025.4468   43   11 131887.000 53759.2808  59.2%   5.3  469s
 136741 80270 55355.8847   65    4 131887.000 53766.2231  59.2%   5.4  477s
 136919 82439 55368.3246   66    3 131887.000 53766.2231  59.2%   5.4  487s
 140038 83902 54955.1582   68    4 131887.000 53769.2391  59.2%   5.4  498s
 142999 84818 54522.6000   48    7 131887.000 53775.0244  59.2%   5.4  508s
 145582 86497 54230.5041   46   14 131887.000 53779.1581  59.2%   5.4  519s
 148422 88405 54855.8629   47   10 131887.000 53781.4983  59.2%   5.4  531s
 151899 90160 63182.1557   80    1 131887.000 53785.5174  59.2%   5.4  543s
 155348 91888 56047.3489   73    3 131887.000 53790.4428  59.2%   5.4  556s
 158774 91405 54073.1341   39   14 131887.000 53793.9096  59.2%   5.4  567s
 158947 93546 54173.0503   40   12 131887.000 53796.3167  59.2%   5.4  581s
 162104 94883 54247.3913   47   13 131887.000 53798.9968  59.2%   5.4  592s
 165125 95525 54285.2418   50   14 131887.000 53801.9783  59.2%   5.4  600s

Cutting planes:
  Cover: 2
  MIR: 13
  StrongCG: 2
  Flow cover: 7

Explored 166666 nodes (905151 simplex iterations) in 601.71 seconds (232.28 work units)
Thread count was 32 (of 32 available processors)

Solution count 10: 131887 133160 133594 ... 192990

Time limit reached
Best objective 1.318870000000e+05, best bound 5.380197827233e+04, gap 59.2060%

User-callback calls 374281, time in user-callback 70.53 sec
