
Gurobi 13.0.2 (win64) logging started Wed Jul 15 20:47:33 2026

Set parameter LogFile to value "logs/kstar_nI20_nJ40_nK100_nL10_tI2_tJ2_s5_m0_exact_s0_20260715-204733.gurobi.log"
Set parameter Seed to value 0
Set parameter TimeLimit to value 599.9400531
Set parameter NodefileStart to value 4
Set parameter MIPGap to value 0
Set parameter MIPGapAbs to value 0.9999
Set parameter Cutoff to value 1e+100
Gurobi Optimizer version 13.0.2 build v13.0.2rc1 (win64 - Windows 11+.0 (26200.2))

CPU model: Intel(R) Core(TM) i9-14900HX, instruction set [SSE2|AVX|AVX2]
Thread count: 24 physical cores, 32 logical processors, using up to 32 threads

Non-default parameters:
TimeLimit  599.9400531
MIPGap  0
MIPGapAbs  0.9999
NodefileStart  4

Optimize a model with 2000 rows, 48060 columns and 136600 nonzeros (Min)
Model fingerprint: 0xccb77fce
Model has 48060 linear objective coefficients
Variable types: 48000 continuous, 60 integer (60 binary)
Coefficient statistics:
  Matrix range     [1e+00, 1e+03]
  Objective range  [1e+00, 5e+02]
  Bounds range     [1e+00, 1e+00]
  RHS range        [5e+00, 2e+01]

Using branch priorities.
Found heuristic solution: objective 1292316.0000
Presolve time: 0.10s
Presolved: 2000 rows, 48060 columns, 136600 nonzeros
Variable types: 48000 continuous, 60 integer (60 binary)
Deterministic concurrent LP optimizer: primal and dual simplex
Showing primal log only...

Concurrent spin time: 0.00s

Solved with dual simplex

Root relaxation: objective 8.137378e+04, 1993 iterations, 0.06 seconds (0.06 work units)

    Nodes    |    Current Node    |     Objective Bounds      |     Work
 Expl Unexpl |  Obj  Depth IntInf | Incumbent    BestBd   Gap | It/Node Time

     0     0 81373.7790    0   60 1292316.00 81373.7790  93.7%     -    0s
H    0     0                    97030.008277 81373.7790  16.1%     -    0s
H    0     0                    97025.071779 81373.7790  16.1%     -    0s
H    0     0                    97023.365860 94090.5539  3.02%     -    0s
     0     0 94090.5539    0   17 97023.3659 94090.5539  3.02%     -    0s
     0     0 96263.3413    0    7 97023.3659 96263.3413  0.78%     -    0s
     0     0 96266.8483    0    8 97023.3659 96266.8483  0.78%     -    0s
H    0     0                    96968.243543 96661.3694  0.32%     -    0s
     0     0 96661.3694    0    1 96968.2435 96661.3694  0.32%     -    0s
H    0     0                    96823.722377 96665.0000  0.16%     -    0s
     0     0 96665.0000    0    1 96823.7224 96665.0000  0.16%     -    0s
*    0     0               0    96665.000000 96665.0000  0.00%     -    0s

Cutting planes:
  Implied bound: 893
  MIR: 14
  Flow cover: 336
  Relax-and-lift: 24

Explored 1 nodes (2940 simplex iterations) in 0.71 seconds (0.81 work units)
Thread count was 32 (of 32 available processors)

Solution count 1: 96665 

Optimal solution found (tolerance 0.00e+00)
Best objective 9.666500000000e+04, best bound 9.666500000000e+04, gap 0.0000%
