
Gurobi 13.0.2 (win64) logging started Fri Jul 17 02:25:38 2026

Set parameter LogFile to value "logs/kstar_nI40_nJ20_nK50_nL10_tI2_tJ2_s4_m1_exact_s0_20260717-022538.gurobi.log"
Set parameter Seed to value 0
Set parameter TimeLimit to value 599.9734274
Set parameter MIPGap to value 0
Set parameter MIPGapAbs to value 0.5
Set parameter Cutoff to value 1e+100
Gurobi Optimizer version 13.0.2 build v13.0.2rc1 (win64 - Windows 11+.0 (26200.2))

CPU model: Intel(R) Core(TM) i9-14900HX, instruction set [SSE2|AVX|AVX2]
Thread count: 24 physical cores, 32 logical processors, using up to 32 threads

Non-default parameters:
TimeLimit  599.9734274
MIPGap  0
MIPGapAbs  0.5
PreCrush  1
LazyConstraints  1

Optimize a model with 20 rows, 70 columns and 600 nonzeros (Min)
Model fingerprint: 0xedb6c0ee
Model has 70 linear objective coefficients
Variable types: 10 continuous, 60 integer (60 binary)
Coefficient statistics:
  Matrix range     [1e+01, 7e+02]
  Objective range  [1e+00, 5e+02]
  Bounds range     [1e+00, 6e+03]
  RHS range        [6e+02, 7e+02]

Using branch priorities.
Presolve removed 16 rows and 0 columns
Presolve time: 0.00s
Presolved: 4 rows, 70 columns, 120 nonzeros
Variable types: 10 continuous, 60 integer (60 binary)

Root relaxation: objective 5.044506e+04, 6 iterations, 0.00 seconds (0.00 work units)

    Nodes    |    Current Node    |     Objective Bounds      |     Work
 Expl Unexpl |  Obj  Depth IntInf | Incumbent    BestBd   Gap | It/Node Time

     0     0 50445.0595    0    4          - 50445.0595      -     -    0s
H    0     0                    339216.00000 50445.0595  85.1%     -    0s
H    0     0                    309205.00000 50445.0595  83.7%     -    0s
H    0     0                    253726.00000 50445.0595  80.1%     -    0s
H    0     0                    237821.00000 50445.0595  78.8%     -    0s
     0     0 50597.2226    0   13 237821.000 50597.2226  78.7%     -    0s
     0     0 50598.0895    0   13 237821.000 50598.0895  78.7%     -    0s
H    0     0                    198143.00000 50598.7638  74.5%     -    0s
     0     2 50615.5507    0   11 198143.000 50615.5507  74.5%     -    0s
H 3869  3091                    188937.00000 50748.9299  73.1%   3.0    4s
H 3874  2939                    180755.00000 50748.9299  71.9%   3.0    4s
  3880  2943 52127.0000   60   23 180755.000 50748.9299  71.9%   3.0    5s
H 3886  2799                    167083.00000 50754.5330  69.6%   3.0    5s
  4676  3365 52699.6439   31    7 167083.000 50788.7978  69.6%   4.6   10s
* 6088  3915              68    130957.00000 50788.7978  61.2%   4.9   14s
* 6091  3775              67    129451.00000 50788.7978  60.8%   4.9   14s
* 6093  3645              66    129337.00000 50788.7978  60.7%   4.9   14s
  6116  3794 51536.7806   32    7 129337.000 50788.7978  60.7%   4.9   15s
* 6285  3631              67    128394.00000 50788.7978  60.4%   4.9   15s
  9075  5216 51024.3648   21   18 128394.000 50865.8960  60.4%   5.1   20s
 10275  5710 72096.5402   54    4 128394.000 50895.2979  60.4%   5.2   25s
 11329  6483 53235.3616   43    5 128394.000 50906.5530  60.4%   5.1   31s
 12993  7898 53099.3201   43    1 128394.000 50928.6838  60.3%   5.1   35s
 15292  9971 56442.0000   53    - 128394.000 50928.6838  60.3%   5.2   40s
 16999 11345 51325.1287   29   15 128394.000 50928.6838  60.3%   5.2   45s
 19321 12984 51931.1288   34    9 128394.000 50928.6838  60.3%   5.2   50s
 19794 13821 52277.9166   37    5 128394.000 50946.6135  60.3%   5.2   56s
 22102 15930 52662.8158   40    1 128394.000 50946.6135  60.3%   5.2   60s
 24480 18072 51583.8070   26   12 128394.000 51023.9582  60.3%   5.3   65s
 27784 20576 53190.1714   58    5 128394.000 51036.0833  60.3%   5.2   71s
 29471 22235 52594.9402   51    7 128394.000 51036.0833  60.3%   5.3   76s
 32069 23642 51616.0514   32   12 128394.000 51038.5238  60.2%   5.3   82s
 32979 24478 51741.9452   34    9 128394.000 51072.1958  60.2%   5.3   87s
 33735 24778 51870.7777   35    7 128394.000 51084.3847  60.2%   5.3   91s
 34336 25675 52155.4888   37    6 128394.000 51084.9420  60.2%   5.3   98s
 34995 26313 52368.9588   38    5 128394.000 51084.9649  60.2%   5.4  102s
 35765 27078 52512.2099   39    4 128394.000 51084.9649  60.2%   5.4  106s
 36751 28019 52151.7261   34    8 128394.000 51095.7539  60.2%   5.4  110s
 37818 28956 52020.4371   34   15 128394.000 51103.8968  60.2%   5.4  115s
 40223 31169 52467.8237   43    5 128394.000 51114.4031  60.2%   5.5  123s
 41556 32442 51506.9420   38   18 128394.000 51120.1859  60.2%   5.5  128s
 43084 33447 51592.2518   28   16 128394.000 51126.1223  60.2%   5.5  133s
 44205 34934 53084.4401   44    1 128394.000 51126.6370  60.2%   5.5  138s
 46041 36415 51802.3181   32   20 128394.000 51139.7076  60.2%   5.5  143s
 47930 37749 54072.2786   52    4 128394.000 51139.7076  60.2%   5.6  148s
 49554 39296 51849.8680   35    8 128394.000 51150.7411  60.2%   5.6  154s
 51547 41055 52216.2065   29    9 128394.000 51150.7411  60.2%   5.6  159s
 51827 41106 52074.2731   37   10 128394.000 51150.7411  60.2%   5.6  160s
 53729 42829 51448.3179   26   19 128394.000 51161.3917  60.2%   5.6  165s
 55662 44592 52251.2171   36   10 128394.000 51163.2057  60.2%   5.6  171s
 57725 46529 51670.5112   29   15 128394.000 51174.8446  60.1%   5.7  177s
 59994 48061 52787.7671   47    5 128394.000 51180.2692  60.1%   5.7  184s
 61707 48439 51958.2906   32   16 128394.000 51180.7255  60.1%   5.7  190s
 61943 49218 52151.7682   33   14 128394.000 51180.7255  60.1%   5.7  196s
 62978 50373 52182.8357   33   14 128394.000 51180.7255  60.1%   5.7  203s
 64429 51417 52202.3777   34   13 128394.000 51187.9559  60.1%   5.7  210s
 65672 52600 52425.9087   35   11 128394.000 51192.8611  60.1%   5.7  217s
 67079 53940 52590.1400   36    9 128394.000 51196.9157  60.1%   5.8  226s
 68677 55676 52698.2520   37    9 128394.000 51200.1762  60.1%   5.8  234s
 70823 57412 51720.6397   22   15 128394.000 51207.8538  60.1%   5.8  243s
 73294 57942 52576.2266   42   13 128394.000 51211.4230  60.1%   5.8  269s
 73296 57943 51285.8673   21   31 128394.000 51211.4230  60.1%   5.8  270s
 73301 57947 51673.2054   29   30 128394.000 51211.4230  60.1%   5.8  277s
 73303 57948 51567.8614   24   30 128394.000 51211.4230  60.1%   5.8  280s
H73306 55052                    128392.00000 51211.4230  60.1%   5.8  284s
 73308 55053 53768.0000   47   30 128392.000 51211.4230  60.1%   5.8  285s
 73313 55060 51211.4230   21   30 128392.000 51211.4230  60.1%   5.8  291s
 73343 55110 51211.4230   25   27 128392.000 51211.4230  60.1%   5.8  296s
 73407 55233 51211.4230   27   22 128392.000 51211.4230  60.1%   5.8  301s
 73592 55370 51274.4834   29   21 128392.000 51211.4230  60.1%   5.9  306s
 73750 55381 51740.9117   31   15 128392.000 51211.4230  60.1%   5.9  314s
 73782 55481 51702.7540   32   14 128392.000 51211.4230  60.1%   6.0  317s
 74028 55647 51972.9806   34   13 128392.000 51211.4230  60.1%   6.0  320s
 74423 55879 52416.0911   38   10 128392.000 51211.4230  60.1%   6.0  325s
 74886 56135 52887.5254   42    8 128392.000 51211.4230  60.1%   6.0  330s
 75705 56518 53810.4934   54    2 128392.000 51211.4230  60.1%   6.0  336s
 76224 56713 51772.9194   30   15 128392.000 51211.4230  60.1%   6.0  340s
 76651 56950 60804.8548   69    2 128392.000 51211.4230  60.1%   6.0  346s
 76808 57122 88910.1878   74    3 128392.000 51211.4230  60.1%   6.1  350s
 77631 57745 51556.1123   30   19 128392.000 51254.7302  60.1%   6.1  356s
 78814 58521 53353.9456   54    3 128392.000 51282.7187  60.1%   6.1  362s
 79534 58738 51849.9924   32   17 128392.000 51321.1146  60.0%   6.1  366s
 80932 59596 52277.9900   38   13 128392.000 51336.7526  60.0%   6.1  373s
 81790 60147 52903.1968   41    5 128392.000 51360.0100  60.0%   6.1  377s
 82857 60744 53888.0857   55    1 128392.000 51374.6021  60.0%   6.1  381s
 83891 60864 51971.4613   31   21 128392.000 51402.7105  60.0%   6.2  385s
 85130 61477 53742.3558   46    3 128392.000 51450.1194  59.9%   6.2  390s
 86994 61894 54779.8072   74    2 128392.000 51475.4509  59.9%   6.2  399s
 87028 61949 54840.3213   75    3 128392.000 51475.4509  59.9%   6.2  404s
 87112 62444 54980.0000   76    - 128392.000 51475.4509  59.9%   6.2  410s
 87911 62661 51947.5089   39   16 128392.000 51475.4509  59.9%   6.2  416s
 88285 63053 51929.1307   41   16 128392.000 51475.4509  59.9%   6.3  423s
 88903 63473 52738.0000   48    - 128392.000 51475.4509  59.9%   6.3  428s
 89576 63977 53401.5490   55    1 128392.000 51475.4509  59.9%   6.4  434s
 90311 63887 52697.3274   49    6 128392.000 51508.2485  59.9%   6.4  435s
 90697 63866 54202.8033   65    3 128392.000 51508.2485  59.9%   6.4  442s
 90737 64604 54068.4486   64    3 128392.000 51508.2485  59.9%   6.4  448s
 91898 65401 75047.0000   77    - 128392.000 51522.1844  59.9%   6.3  455s
 93363 65215 52337.4236   38    8 128392.000 51541.5389  59.9%   6.3  464s
 93505 65823 52260.4253   38   13 128392.000 51541.5389  59.9%   6.3  472s
 94486 66559 52361.9365   39    8 128392.000 51543.4390  59.9%   6.3  480s
 96246 67461 52500.1126   39    5 128392.000 51549.9557  59.8%   6.3  487s
 97809 68268 52598.7142   40    6 128392.000 51571.6541  59.8%   6.4  495s
 99483 69152 52547.4787   40    6 128392.000 51573.2844  59.8%   6.4  503s
 101242 70388 52398.7165   43   12 128392.000 51590.3917  59.8%   6.4  511s
 103427 71670 57367.1159   76    1 128392.000 51598.8694  59.8%   6.4  519s
 104436 71471 52615.1813   46    7 128392.000 51599.8559  59.8%   6.4  520s
 105737 72849 52247.9681   38   13 128392.000 51612.1299  59.8%   6.4  528s
 107898 73898 52073.4972   40   18 128392.000 51612.1299  59.8%   6.4  537s
 109915 75066 51964.5490   42   14 128392.000 51635.5842  59.8%   6.4  546s
 112117 74760 53591.8370   47    3 128392.000 51645.9902  59.8%   6.5  557s
 112322 75759 55592.7696   63    5 128392.000 51646.2566  59.8%   6.5  568s
 114030 75577 53073.2784   53    3 128392.000 51646.2566  59.8%   6.4  579s
 114136 76834 53077.8542   54    3 128392.000 51646.2566  59.8%   6.4  591s
 115948 77908 52111.2937   38   14 128392.000 51646.2566  59.8%   6.5  600s

Cutting planes:
  MIR: 10
  Flow cover: 8

Explored 117825 nodes (760478 simplex iterations) in 601.78 seconds (358.09 work units)
Thread count was 32 (of 32 available processors)

Solution count 10: 128392 128394 129337 ... 237821

Time limit reached
Best objective 1.283920000000e+05, best bound 5.165661128813e+04, gap 59.7665%

User-callback calls 263625, time in user-callback 51.85 sec
