
Gurobi 13.0.2 (win64) logging started Fri Jul 17 03:45:59 2026

Set parameter LogFile to value "logs/kstar_nI40_nJ20_nK50_nL10_tI4_tJ4_s2_m1_exact_s0_20260717-034559.gurobi.log"
Set parameter Seed to value 0
Set parameter TimeLimit to value 599.9747145
Set parameter MIPGap to value 0
Set parameter MIPGapAbs to value 0.5
Set parameter Cutoff to value 1e+100
Gurobi Optimizer version 13.0.2 build v13.0.2rc1 (win64 - Windows 11+.0 (26200.2))

CPU model: Intel(R) Core(TM) i9-14900HX, instruction set [SSE2|AVX|AVX2]
Thread count: 24 physical cores, 32 logical processors, using up to 32 threads

Non-default parameters:
TimeLimit  599.9747145
MIPGap  0
MIPGapAbs  0.5
PreCrush  1
LazyConstraints  1

Optimize a model with 20 rows, 70 columns and 600 nonzeros (Min)
Model fingerprint: 0xb8a4d706
Model has 70 linear objective coefficients
Variable types: 10 continuous, 60 integer (60 binary)
Coefficient statistics:
  Matrix range     [3e+00, 6e+02]
  Objective range  [1e+00, 5e+02]
  Bounds range     [1e+00, 5e+03]
  RHS range        [6e+02, 7e+02]

Using branch priorities.
Presolve removed 17 rows and 0 columns
Presolve time: 0.00s
Presolved: 3 rows, 70 columns, 100 nonzeros
Variable types: 10 continuous, 60 integer (60 binary)

Root relaxation: objective 4.694208e+04, 3 iterations, 0.00 seconds (0.00 work units)

    Nodes    |    Current Node    |     Objective Bounds      |     Work
 Expl Unexpl |  Obj  Depth IntInf | Incumbent    BestBd   Gap | It/Node Time

     0     0 46942.0788    0    2          - 46942.0788      -     -    0s
H    0     0                    235140.00000 46942.0788  80.0%     -    0s
H    0     0                    214984.00000 46942.0788  78.2%     -    0s
H    0     0                    214281.00000 46942.0788  78.1%     -    0s
H    0     0                    195854.00000 46942.0788  76.0%     -    0s
H    0     0                    190157.00000 46942.0788  75.3%     -    0s
     0     0 47083.3431    0    5 190157.000 47083.3431  75.2%     -    0s
     0     0 47139.3936    0   11 190157.000 47139.3936  75.2%     -    0s
     0     0 47213.1945    0   13 190157.000 47213.1945  75.2%     -    0s
     0     0 47214.4014    0   13 190157.000 47214.4014  75.2%     -    0s
     0     2 47233.1455    0   14 190157.000 47233.1455  75.2%     -    0s
H 3605  3020                    114350.00000 47458.2241  58.5%   3.2    2s
H 3607  2869                    110882.00000 47463.6160  57.2%   3.2    2s
H 3610  2728                    108355.00000 47463.6160  56.2%   3.2    3s
H 3617  2596                    105809.00000 47463.6160  55.1%   3.2    4s
H 3618  2598                    104893.00000 47463.6160  54.8%   3.2    4s
  3888  2854 48208.1342   22   17 104893.000 47711.4115  54.5%   4.0    5s
  7518  4949 48301.7106   21   16 104893.000 47882.9935  54.4%   4.5   10s
 11747  7302 49210.7780   33    3 104893.000 47970.3267  54.3%   4.6   15s
 16117 10981 60258.1353   56    5 104893.000 48033.1839  54.2%   4.6   20s
 18256 12926 48753.7226   25   13 104893.000 48068.7661  54.2%   4.6   25s
 20825 14966 48552.5844   22   19 104893.000 48088.8540  54.2%   4.6   30s
 22894 16700 48600.1849   21   19 104893.000 48097.7020  54.1%   4.7   35s
 24520 18422 49493.3058   39    9 104893.000 48143.6185  54.1%   4.7   40s
 27727 21317 50181.7483   55    1 104893.000 48185.8391  54.1%   4.7   46s
 29623 23256 49425.6885   29   11 104893.000 48218.1667  54.0%   4.8   50s
 33024 25915 49199.3053   31   14 104893.000 48226.3026  54.0%   4.8   56s
 35304 27969 49536.8686   37    9 104893.000 48235.3770  54.0%   4.8   60s
 38005 30133 50402.8807   36    6 104893.000 48268.3703  54.0%   4.8   66s
 41232 32839 63278.0000   67    - 104893.000 48291.0923  54.0%   4.8   71s
 44159 35309 51242.9162   37   10 104893.000 48308.2296  53.9%   4.9   76s
 46831 37640 49846.0636   27   11 104893.000 48311.7290  53.9%   4.9   81s
 49245 39883 52019.8964   38    2 104893.000 48338.6847  53.9%   5.0   87s
 50911 41247 50811.2380   38   14 104893.000 48343.4443  53.9%   5.0   90s
 54099 44061 52132.7642   49    5 104893.000 48363.9664  53.9%   5.0   97s
 55688 45303 54152.0533   56    2 104893.000 48363.9664  53.9%   5.0  100s
 58701 46797 51548.0000   68   13 104893.000 48374.9113  53.9%   5.0  118s
H58702 44458                    98637.000000 48374.9113  51.0%   5.0  120s
H58704 42236                    89233.000000 48374.9113  45.8%   5.0  126s
 58707 42238 49408.3101   29   32 89233.0000 48374.9113  45.8%   5.0  130s
H58708 40127                    88974.000000 48374.9113  45.6%   5.0  133s
 58710 40128 52000.0000   64   34 88974.0000 48374.9113  45.6%   5.0  135s
H58710 38121                    86255.000000 48374.9113  43.9%   5.0  137s
H58710 36215                    84382.000000 48374.9113  42.7%   5.0  137s
H58711 36216                    83598.000000 48374.9113  42.1%   5.0  137s
 58713 36217 49097.5541   38   36 83598.0000 48374.9113  42.1%   5.0  141s
 58718 36225 48374.9113   29   31 83598.0000 48374.9113  42.1%   5.0  145s
 58778 36293 49737.6771   33   17 83598.0000 48468.3262  42.0%   5.1  150s
 59036 36582 50890.1036   38   13 83598.0000 48470.3691  42.0%   5.3  155s
 59424 36807 51552.0757   44   13 83598.0000 48470.3691  42.0%   5.3  160s
 60152 37231 51894.1070   50    8 83598.0000 48470.3691  42.0%   5.4  165s
 61154 37803 53507.9217   63    3 83598.0000 48596.7509  41.9%   5.4  170s
 62240 38358 56561.3807   78    2 83598.0000 48702.8849  41.7%   5.4  175s
 63601 39447 49730.2617   39   18 83598.0000 48702.8849  41.7%   5.5  180s
 65076 40191 49055.7559   36   23 83598.0000 48702.8849  41.7%   5.5  186s
 66132 40498 50237.1858   47   15 83598.0000 48702.8849  41.7%   5.5  190s
 68593 42004 49385.5124   34   24 83598.0000 48825.0166  41.6%   5.6  197s
 70517 43076 49515.3689   40   24 83598.0000 48913.4099  41.5%   5.6  201s
 72629 43525 49245.4386   36   23 83598.0000 49097.7229  41.3%   5.7  205s
 72698 43766 49382.5635   38   18 83598.0000 49097.7229  41.3%   5.7  210s
 73453 44412 49503.5341   39   17 83598.0000 49102.1827  41.3%   5.7  215s
 74225 44888 49684.6964   40   15 83598.0000 49139.0816  41.2%   5.8  220s
 75898 45970 49770.3768   41   16 83598.0000 49143.1268  41.2%   5.8  226s
 77966 46363 50786.0857   42   14 83598.0000 49187.5406  41.2%   5.8  230s
 79342 47956 49763.3556   40   21 83598.0000 49223.2871  41.1%   5.8  236s
 80733 48610 50674.0354   51    6 83598.0000 49232.3246  41.1%   5.9  240s
 83253 50158 49929.9475   41   21 83598.0000 49246.9792  41.1%   5.9  247s
 84826 51212 49915.3317   39   20 83598.0000 49272.9682  41.1%   6.0  251s
 86673 52033 49796.7337   39   21 83598.0000 49291.3321  41.0%   6.0  256s
 88336 52643 50277.4238   48   12 83598.0000 49308.3313  41.0%   6.0  261s
 89580 53620 50338.0092   46   10 83598.0000 49309.2536  41.0%   6.0  266s
 91246 54674 50573.8206   42   14 83598.0000 49327.7327  41.0%   6.0  270s
 93084 55721 49861.9521   41   19 83598.0000 49339.3827  41.0%   6.1  275s
 97006 57723 50633.5671   41    9 83598.0000 49360.4645  41.0%   6.1  284s
 98930 57435 49936.5032   39   21 83598.0000 49366.1901  40.9%   6.1  289s
 98979 57432 49709.6064   35   24 83598.0000 49366.1901  40.9%   6.1  290s
 100196 58474 50160.4518   41   20 83598.0000 49373.9290  40.9%   6.2  301s
 100728 59140 50330.2268   42   20 83598.0000 49373.9290  40.9%   6.2  307s
 102268 60217 50529.9113   43   16 83598.0000 49388.1364  40.9%   6.2  313s
 104359 61445 50624.1284   44   14 83598.0000 49409.0492  40.9%   6.2  319s
 106388 62704 50677.7136   45   16 83598.0000 49411.8348  40.9%   6.2  326s
 108661 63680 55164.0000   81    - 83598.0000 49432.5385  40.9%   6.2  333s
 110583 64631 50485.3627   48   13 83598.0000 49438.9211  40.9%   6.3  339s
 112533 65671 51116.2175   64    8 83598.0000 49459.2068  40.8%   6.3  348s
 114561 66879 50530.7383   43   17 83598.0000 49472.5291  40.8%   6.3  356s
 116937 68071 52697.4387   74    2 83598.0000 49488.4249  40.8%   6.3  364s
 119507 69588 56211.3117   73    2 83598.0000 49495.3526  40.8%   6.3  372s
 122061 71045 57410.4599   85    1 83598.0000 49495.3526  40.8%   6.3  381s
 124727 72576 50847.6477   56    7 83598.0000 49518.0319  40.8%   6.4  390s
 127493 73001 53469.5811   68    3 83598.0000 49535.5757  40.7%   6.4  401s
 128937 74512 50882.3311   46   14 83598.0000 49535.5757  40.7%   6.4  412s
 131789 75832 50569.3735   43   15 83598.0000 49555.5237  40.7%   6.4  423s
 134445 77448 50074.2933   36   25 83598.0000 49568.1341  40.7%   6.4  432s
 137427 78934 52276.8679   52    9 83598.0000 49578.4225  40.7%   6.5  443s
 140685 80284 50772.5159   42   18 83598.0000 49592.8696  40.7%   6.5  454s
 143330 81817 52432.1199   50   10 83598.0000 49605.1921  40.7%   6.5  465s
 146248 81673 50780.7944   50    9 83598.0000 49622.8372  40.6%   6.5  474s
 146718 82689 50787.0647   51   12 83598.0000 49622.8372  40.6%   6.5  483s
 148344 83701 51497.9469   50    8 83598.0000 49622.8372  40.6%   6.5  494s
 150114 84320 50383.3720   43   20 83598.0000 49625.2350  40.6%   6.6  506s
 151563 85696 50408.2224   37   22 83598.0000 49625.3841  40.6%   6.6  517s
 153929 87385 51704.2305   50   16 83598.0000 49644.3188  40.6%   6.6  529s
 156827 88201 50529.6544   39   21 83598.0000 49656.2127  40.6%   6.6  542s
 159277 89718 50700.4642   42   19 83598.0000 49670.4056  40.6%   6.6  555s
 161864 91165 50384.1706   41   23 83598.0000 49675.8405  40.6%   6.6  567s
 164527 92444 51483.7519   72    6 83598.0000 49680.1523  40.6%   6.7  580s
 167712 94014 51895.7030   62    6 83598.0000 49696.3405  40.6%   6.7  594s
 170506 95147 51576.7319   46   16 83598.0000 49706.0056  40.5%   6.7  600s

Cutting planes:
  Gomory: 1
  MIR: 10
  Flow cover: 9

Explored 171250 nodes (1145291 simplex iterations) in 601.30 seconds (265.86 work units)
Thread count was 32 (of 32 available processors)

Solution count 10: 83598 84382 86255 ... 114350

Time limit reached
Best objective 8.359800000000e+04, best bound 4.970600560326e+04, gap 40.5416%

User-callback calls 367652, time in user-callback 36.54 sec
