
Gurobi 13.0.2 (win64) logging started Sat Jul 11 05:44:17 2026

Set parameter LogFile to value "logs/kstar_nI20_nJ20_nK50_nL10_tI2_tJ2_s4_m0_exact_s0_20260711-054416.gurobi.log"
Set parameter Seed to value 0
Set parameter TimeLimit to value 599.982502
Set parameter NodefileStart to value 4
Set parameter MIPGap to value 0
Set parameter MIPGapAbs to value 0.9999
Set parameter Cutoff to value 1e+100
Gurobi Optimizer version 13.0.2 build v13.0.2rc1 (win64 - Windows 11+.0 (26200.2))

CPU model: Intel(R) Core(TM) i9-14900HX, instruction set [SSE2|AVX|AVX2]
Thread count: 24 physical cores, 32 logical processors, using up to 32 threads

Non-default parameters:
TimeLimit  599.982502
MIPGap  0
MIPGapAbs  0.9999
NodefileStart  4

Optimize a model with 1100 rows, 14040 columns and 38400 nonzeros (Min)
Model fingerprint: 0x0a662ab7
Model has 14040 linear objective coefficients
Variable types: 14000 continuous, 40 integer (40 binary)
Coefficient statistics:
  Matrix range     [1e+00, 7e+02]
  Objective range  [1e+00, 5e+02]
  Bounds range     [1e+00, 1e+00]
  RHS range        [5e+00, 2e+01]

Using branch priorities.
Found heuristic solution: objective 640011.00000
Presolve time: 0.02s
Presolved: 1100 rows, 14040 columns, 38400 nonzeros
Variable types: 14000 continuous, 40 integer (40 binary)

Root relaxation: objective 6.187406e+04, 917 iterations, 0.00 seconds (0.01 work units)

    Nodes    |    Current Node    |     Objective Bounds      |     Work
 Expl Unexpl |  Obj  Depth IntInf | Incumbent    BestBd   Gap | It/Node Time

     0     0 61874.0633    0   39 640011.000 61874.0633  90.3%     -    0s
H    0     0                    70338.224404 61874.0633  12.0%     -    0s
H    0     0                    70314.224404 61874.0633  12.0%     -    0s
H    0     0                    70305.847520 61874.0633  12.0%     -    0s
H    0     0                    70271.847520 61874.0633  12.0%     -    0s
     0     0 69346.9629    0    8 70271.8475 69346.9629  1.32%     -    0s
H    0     0                    70245.690581 69407.9567  1.19%     -    0s
     0     0 69407.9567    0    8 70245.6906 69407.9567  1.19%     -    0s
     0     0 69749.2598    0    5 70245.6906 69749.2598  0.71%     -    0s
H    0     0                    69942.000000 69749.2598  0.28%     -    0s
     0     0 69822.6361    0    2 69942.0000 69822.6361  0.17%     -    0s
*    0     0               0    69830.000000 69830.0000  0.00%     -    0s

Cutting planes:
  Implied bound: 434
  MIR: 24
  Flow cover: 159
  Relax-and-lift: 12

Explored 1 nodes (1280 simplex iterations) in 0.16 seconds (0.17 work units)
Thread count was 32 (of 32 available processors)

Solution count 3: 69830 69942 70245.7 

Optimal solution found (tolerance 0.00e+00)
Best objective 6.983000000000e+04, best bound 6.983000000000e+04, gap 0.0000%
