
Gurobi 13.0.2 (win64) logging started Wed Jul 15 20:49:08 2026

Set parameter LogFile to value "logs/kstar_nI40_nJ20_nK100_nL10_tI6_tJ6_s3_m0_exact_s0_20260715-204908.gurobi.log"
Set parameter Seed to value 0
Set parameter TimeLimit to value 599.9655295
Set parameter NodefileStart to value 4
Set parameter MIPGap to value 0
Set parameter MIPGapAbs to value 0.9999
Set parameter Cutoff to value 1e+100
Gurobi Optimizer version 13.0.2 build v13.0.2rc1 (win64 - Windows 11+.0 (26200.2))

CPU model: Intel(R) Core(TM) i9-14900HX, instruction set [SSE2|AVX|AVX2]
Thread count: 24 physical cores, 32 logical processors, using up to 32 threads

Non-default parameters:
TimeLimit  599.9655295
MIPGap  0
MIPGapAbs  0.9999
NodefileStart  4

Optimize a model with 1800 rows, 28060 columns and 76600 nonzeros (Min)
Model fingerprint: 0xf81420a8
Model has 28060 linear objective coefficients
Variable types: 28000 continuous, 60 integer (60 binary)
Coefficient statistics:
  Matrix range     [1e+00, 1e+03]
  Objective range  [1e+00, 5e+02]
  Bounds range     [1e+00, 1e+00]
  RHS range        [5e+00, 2e+01]

Using branch priorities.
Found heuristic solution: objective 1330618.0000
Presolve time: 0.05s
Presolved: 1800 rows, 28060 columns, 76600 nonzeros
Variable types: 28000 continuous, 60 integer (60 binary)

Root relaxation: objective 1.047192e+05, 1484 iterations, 0.01 seconds (0.01 work units)

    Nodes    |    Current Node    |     Objective Bounds      |     Work
 Expl Unexpl |  Obj  Depth IntInf | Incumbent    BestBd   Gap | It/Node Time

     0     0 104719.200    0   57 1330618.00 104719.200  92.1%     -    0s
H    0     0                    118721.88457 104719.200  11.8%     -    0s
H    0     0                    117648.00000 104719.200  11.0%     -    0s
     0     0 111203.169    0   41 117648.000 111203.169  5.48%     -    0s
     0     0 111378.406    0   39 117648.000 111378.406  5.33%     -    0s
     0     0 111380.764    0   39 117648.000 111380.764  5.33%     -    0s
H    0     0                    117005.00000 115492.981  1.29%     -    0s
     0     0 115529.759    0   33 117005.000 115529.759  1.26%     -    0s
     0     0 115555.549    0   33 117005.000 115555.549  1.24%     -    0s
     0     0 115555.731    0   33 117005.000 115555.731  1.24%     -    0s
H    0     0                    116653.00000 115984.509  0.57%     -    0s
     0     0 116013.833    0   20 116653.000 116013.833  0.55%     -    0s
H    0     0                    116589.00000 116013.833  0.49%     -    0s
H    0     0                    116219.00000 116013.833  0.18%     -    0s
     0     0 116057.147    0   13 116219.000 116057.147  0.14%     -    0s
     0     0 116061.891    0    6 116219.000 116061.891  0.14%     -    0s
H    0     0                    116211.91304 116061.891  0.13%     -    0s
H    0     0                    116197.00000 116061.891  0.12%     -    0s
     0     0 116137.500    0    4 116197.000 116137.500  0.05%     -    0s
H    0     0                    116194.00000 116137.500  0.05%     -    0s
     0     0 116141.530    0    4 116194.000 116141.530  0.05%     -    0s
     0     0 116141.530    0    4 116194.000 116141.530  0.05%     -    0s
     0     0 116141.530    0    4 116194.000 116141.530  0.05%     -    0s
     0     2 116141.530    0    4 116194.000 116141.530  0.05%     -    0s
*    7     0               3    116177.00000 116177.000  0.00%   6.3    0s

Cutting planes:
  Implied bound: 796
  MIR: 200
  Flow cover: 94
  Relax-and-lift: 7

Explored 9 nodes (2620 simplex iterations) in 0.68 seconds (0.65 work units)
Thread count was 32 (of 32 available processors)

Solution count 9: 116177 116197 116219 ... 1.33062e+06

Optimal solution found (tolerance 0.00e+00)
Best objective 1.161770000000e+05, best bound 1.161770000000e+05, gap 0.0000%
