
Gurobi 13.0.2 (win64) logging started Wed Jul 15 20:49:11 2026

Set parameter LogFile to value "logs/kstar_nI40_nJ20_nK100_nL5_tI2_tJ2_s3_m0_exact_s0_20260715-204911.gurobi.log"
Set parameter Seed to value 0
Set parameter TimeLimit to value 599.981607
Set parameter NodefileStart to value 4
Set parameter MIPGap to value 0
Set parameter MIPGapAbs to value 0.9999
Set parameter Cutoff to value 1e+100
Gurobi Optimizer version 13.0.2 build v13.0.2rc1 (win64 - Windows 11+.0 (26200.2))

CPU model: Intel(R) Core(TM) i9-14900HX, instruction set [SSE2|AVX|AVX2]
Thread count: 24 physical cores, 32 logical processors, using up to 32 threads

Non-default parameters:
TimeLimit  599.981607
MIPGap  0
MIPGapAbs  0.9999
NodefileStart  4

Optimize a model with 900 rows, 14060 columns and 38300 nonzeros (Min)
Model fingerprint: 0x8fd53812
Model has 14060 linear objective coefficients
Variable types: 14000 continuous, 60 integer (60 binary)
Coefficient statistics:
  Matrix range     [1e+00, 1e+03]
  Objective range  [1e+00, 5e+02]
  Bounds range     [1e+00, 1e+00]
  RHS range        [5e+00, 2e+01]

Using branch priorities.
Found heuristic solution: objective 647300.00000
Presolve time: 0.02s
Presolved: 900 rows, 14060 columns, 38300 nonzeros
Variable types: 14000 continuous, 60 integer (60 binary)

Root relaxation: objective 5.292527e+04, 735 iterations, 0.00 seconds (0.01 work units)

    Nodes    |    Current Node    |     Objective Bounds      |     Work
 Expl Unexpl |  Obj  Depth IntInf | Incumbent    BestBd   Gap | It/Node Time

     0     0 52925.2676    0   56 647300.000 52925.2676  91.8%     -    0s
H    0     0                    67004.514581 52925.2676  21.0%     -    0s
H    0     0                    66710.000000 52925.2676  20.7%     -    0s
H    0     0                    66087.000000 57657.7640  12.8%     -    0s
     0     0 57657.7640    0   38 66087.0000 57657.7640  12.8%     -    0s
     0     0 57708.8904    0   38 66087.0000 57708.8904  12.7%     -    0s
     0     0 62756.1233    0   36 66087.0000 62756.1233  5.04%     -    0s
     0     0 62958.2647    0   35 66087.0000 62958.2647  4.73%     -    0s
     0     0 62972.0267    0   35 66087.0000 62972.0267  4.71%     -    0s
     0     0 63936.7651    0   26 66087.0000 63936.7651  3.25%     -    0s
     0     0 64131.8236    0   29 66087.0000 64131.8236  2.96%     -    0s
     0     0 64235.6899    0   27 66087.0000 64235.6899  2.80%     -    0s
     0     0 64252.5980    0   28 66087.0000 64252.5980  2.78%     -    0s
H    0     0                    65703.634213 64285.1000  2.16%     -    0s
     0     0 64285.1000    0   28 65703.6342 64285.1000  2.16%     -    0s
     0     0 64286.5941    0   28 65703.6342 64286.5941  2.16%     -    0s
     0     0 64382.8811    0   22 65703.6342 64382.8811  2.01%     -    0s
H    0     0                    65637.258228 64440.6433  1.82%     -    0s
     0     0 64440.6433    0   20 65637.2582 64440.6433  1.82%     -    0s
H    0     0                    65352.674894 64446.0908  1.39%     -    0s
H    0     0                    65125.124239 64446.0908  1.04%     -    0s
H    0     0                    65072.000000 64446.0908  0.96%     -    0s
     0     0 64446.0908    0   21 65072.0000 64446.0908  0.96%     -    0s
     0     0 64461.2786    0   19 65072.0000 64461.2786  0.94%     -    0s
H    0     0                    64473.000000 64464.1178  0.01%     -    0s
     0     0          -    0      64473.0000 64472.9928  0.00%     -    0s

Cutting planes:
  Implied bound: 352
  MIR: 163
  Flow cover: 56
  Relax-and-lift: 4

Explored 1 nodes (1883 simplex iterations) in 0.35 seconds (0.36 work units)
Thread count was 32 (of 32 available processors)

Solution count 10: 64473 64473 65072 ... 647300

Optimal solution found (tolerance 0.00e+00)
Best objective 6.447300000000e+04, best bound 6.447299282302e+04, gap 0.0000%
