
Gurobi 13.0.2 (win64) logging started Thu Jul 16 05:09:42 2026

Set parameter LogFile to value "logs/kstar_nI20_nJ40_nK100_nL5_tI2_tJ2_s2_m1_exact_s0_20260716-050942.gurobi.log"
Set parameter Seed to value 0
Set parameter TimeLimit to value 599.9692864
Set parameter MIPGap to value 0
Set parameter MIPGapAbs to value 0.5
Set parameter Cutoff to value 1e+100
Gurobi Optimizer version 13.0.2 build v13.0.2rc1 (win64 - Windows 11+.0 (26200.2))

CPU model: Intel(R) Core(TM) i9-14900HX, instruction set [SSE2|AVX|AVX2]
Thread count: 24 physical cores, 32 logical processors, using up to 32 threads

Non-default parameters:
TimeLimit  599.9692864
MIPGap  0
MIPGapAbs  0.5
PreCrush  1
LazyConstraints  1

Optimize a model with 10 rows, 65 columns and 300 nonzeros (Min)
Model fingerprint: 0x9fd0e096
Model has 65 linear objective coefficients
Variable types: 5 continuous, 60 integer (60 binary)
Coefficient statistics:
  Matrix range     [6e+00, 1e+03]
  Objective range  [1e+00, 5e+02]
  Bounds range     [1e+00, 9e+03]
  RHS range        [1e+03, 1e+03]

Using branch priorities.
Presolve removed 6 rows and 0 columns
Presolve time: 0.00s
Presolved: 4 rows, 65 columns, 120 nonzeros
Variable types: 5 continuous, 60 integer (60 binary)

Root relaxation: objective 4.197300e+04, 7 iterations, 0.00 seconds (0.00 work units)

    Nodes    |    Current Node    |     Objective Bounds      |     Work
 Expl Unexpl |  Obj  Depth IntInf | Incumbent    BestBd   Gap | It/Node Time

     0     0 41973.0000    0    -          - 41973.0000      -     -    0s
     0     0 42011.9194    0    2          - 42011.9194      -     -    0s
H    0     0                    381470.00000 42011.9194  89.0%     -    0s
H    0     0                    331758.00000 42011.9194  87.3%     -    0s
H    0     0                    325599.00000 42011.9194  87.1%     -    0s
H    0     0                    259711.07090 42011.9194  83.8%     -    0s
H    0     0                    259675.00000 42011.9194  83.8%     -    0s
     0     0 42064.0276    0    8 259675.000 42064.0276  83.8%     -    0s
     0     0 42065.3303    0    8 259675.000 42065.3303  83.8%     -    0s
H    0     0                    215952.00000 42065.3303  80.5%     -    0s
     0     2 42091.6741    0   11 215952.000 42091.6741  80.5%     -    0s
  3816  3268 42418.3115   14    8 215952.000 42160.0204  80.5%   2.5    5s
H 3829  3112                    187871.00000 42160.0204  77.6%   2.5    6s
H 3848  2968                    157173.00000 42179.1650  73.2%   2.5    7s
H 3860  2826                    140183.00000 42193.1207  69.9%   2.5    7s
H 3866  2688                    126886.00000 42194.7587  66.7%   2.5    7s
  4106  2885 42297.3609   23   15 126886.000 42207.3999  66.7%   3.6   10s
  4912  3446 42405.5879   32   12 126886.000 42207.3999  66.7%   4.8   15s
  6057  4098 42506.7376   42   10 126886.000 42251.8783  66.7%   5.5   20s
  7993  5062 43813.1938   71    2 126886.000 42253.7037  66.7%   5.4   25s
 10049  6178 42517.4825   29   16 126886.000 42277.8027  66.7%   5.1   30s
 11939  7188 43094.7766   46    2 126886.000 42284.3217  66.7%   5.0   35s
 14277  9127 42676.5195   34    6 126886.000 42292.8836  66.7%   4.9   40s
 16728 10915 43752.0013   56    3 126886.000 42313.0034  66.7%   4.9   45s
 17700 11657 42462.2185   33   12 126886.000 42313.0034  66.7%   4.9   51s
 18576 12593 42481.0754   36   12 126886.000 42316.8209  66.6%   4.9   55s
 20188 13955 42501.5120   39   13 126886.000 42316.8209  66.6%   4.8   60s
 22528 16063 42583.4018   43   10 126886.000 42323.0548  66.6%   4.8   65s
 24890 18172 42601.4791   46   11 126886.000 42342.2529  66.6%   4.7   70s
 27343 20160 42386.5091   27   22 126886.000 42355.9499  66.6%   4.6   75s
 29374 21940 42601.5367   32   12 126886.000 42362.2033  66.6%   4.6   80s
 31642 23439 42649.9514   37   13 126886.000 42369.8393  66.6%   4.5   85s
 34474 25913 42642.5428   45   11 126886.000 42373.2274  66.6%   4.4   91s
 36644 26971 43650.6758   72    1 126886.000 42373.2274  66.6%   4.4   97s
 36750 27293 42427.3801   29   17 126886.000 42373.4090  66.6%   4.4  100s
 38184 28637 42610.3911   28   16 126886.000 42381.8954  66.6%   4.4  106s
 39082 29238 42606.3948   39   14 126886.000 42383.6444  66.6%   4.4  110s
 40870 30934 42650.3865   35   11 126886.000 42394.6434  66.6%   4.4  118s
 41833 31847 43647.5582   57    6 126886.000 42395.2838  66.6%   4.4  121s
 43000 32086 42426.3730   29   20 126886.000 42395.2838  66.6%   4.4  125s
 43689 32711 42597.0296   31   17 126886.000 42395.2838  66.6%   4.5  130s
 44720 33639 42601.9219   32   16 126886.000 42399.5093  66.6%   4.5  135s
 45953 34574 42857.2126   34    3 126886.000 42399.9799  66.6%   4.5  140s
 46828 35380 42614.2914   34   15 126886.000 42403.5220  66.6%   4.5  145s
 48297 36577 42630.7914   35   13 126886.000 42405.2542  66.6%   4.4  150s
 48528 36637 43573.0000   58    8 126886.000 42405.2542  66.6%   4.4  165s
H48540 34812                    119857.00000 42405.2542  64.6%   4.4  170s
 48551 34822 42405.2542   26   24 119857.000 42405.2542  64.6%   4.4  175s
 48613 34894 42405.2542   31   19 119857.000 42405.2542  64.6%   4.5  180s
 48830 35038 42405.2542   35   19 119857.000 42405.2542  64.6%   4.6  186s
 49069 35265 42405.2542   38   16 119857.000 42405.2542  64.6%   4.7  190s
 49533 35525 42436.8551   41   19 119857.000 42405.2542  64.6%   4.8  195s
 49946 35705 42667.6748   43   13 119857.000 42405.2542  64.6%   4.8  201s
 50177 35816 44785.0000   84    - 119857.000 42405.2542  64.6%   4.9  205s
 50922 36193 49279.0000   82    - 119857.000 42405.2542  64.6%   4.9  210s
 51705 36682 44133.0185   68    2 119857.000 42405.2542  64.6%   5.0  215s
 52429 37283 46865.0000   84    - 119857.000 42405.2542  64.6%   5.0  221s
 53496 37819 42931.6675   48    8 119857.000 42405.2542  64.6%   5.1  226s
 54657 38422 42694.0059   51   13 119857.000 42405.2542  64.6%   5.1  232s
 55385 38674 44021.0671   80    1 119857.000 42405.2542  64.6%   5.1  235s
 56134 38809 43223.5680   62    1 119857.000 42405.2542  64.6%   5.1  241s
 57136 39515 42459.6498   36   22 119857.000 42405.2542  64.6%   5.2  247s
 57901 39876 42566.4666   48   16 119857.000 42405.2542  64.6%   5.2  251s
 58759 40343 42954.7876   44    7 119857.000 42405.2542  64.6%   5.2  255s
 60331 41051 42465.8754   47   16 119857.000 42405.2542  64.6%   5.3  262s
 61217 41015 42947.3603   64    8 119857.000 42405.2542  64.6%   5.3  266s
 61301 41044 43075.0637   65    5 119857.000 42405.2542  64.6%   5.3  270s
 61340 41588 43123.1337   66    5 119857.000 42405.2542  64.6%   5.3  275s
 63176 42111 42740.9267   50   16 119857.000 42405.2542  64.6%   5.3  280s
 63558 42466 42599.0779   44   21 119857.000 42405.2542  64.6%   5.3  289s
 63644 42455 42691.7966   43   21 119857.000 42405.2542  64.6%   5.3  290s
 64232 42954 43771.7325   64    1 119857.000 42405.2542  64.6%   5.3  295s
 65330 43358 42745.7463   46   17 119857.000 42405.2542  64.6%   5.3  300s
 66537 43873 43476.4118   64    5 119857.000 42405.2542  64.6%   5.4  305s
 67895 44585 42629.5676   40   17 119857.000 42405.2542  64.6%   5.4  310s
 68820 45296 43161.6634   54    5 119857.000 42405.2542  64.6%   5.4  315s
 70371 45703 43671.8224   61    2 119857.000 42405.3154  64.6%   5.4  321s
 72008 46461 44414.5659   74    1 119857.000 42405.3154  64.6%   5.4  327s
 73745 46591 45005.0213   78    2 119857.000 42405.3154  64.6%   5.4  335s
 75731 47841 43117.2021   59    6 119857.000 42413.2138  64.6%   5.3  341s
 77334 48450 42643.5608   48   18 119857.000 42425.1960  64.6%   5.3  347s
 78669 49317 42473.4047   48   19 119857.000 42425.4419  64.6%   5.3  353s
 80284 49168 43038.0202   62    6 119857.000 42433.2681  64.6%   5.4  361s
 80554 49941 43203.7285   63    5 119857.000 42433.2681  64.6%   5.4  368s
 82297 50946 44261.3291   73    2 119857.000 42435.6284  64.6%   5.4  376s
 84139 51583 42958.3165   47    4 119857.000 42444.9679  64.6%   5.4  385s
 85381 52721 42590.1723   35   19 119857.000 42447.0890  64.6%   5.4  393s
 87236 53314 42504.8732   38   25 119857.000 42450.7396  64.6%   5.4  401s
 88977 53192 42534.1728   41   19 119857.000 42457.5843  64.6%   5.4  410s
 89166 54046 42604.6254   40   18 119857.000 42457.5843  64.6%   5.4  418s
 91147 55150 43191.2123   47    4 119857.000 42457.6609  64.6%   5.4  428s
 93050 56195 43052.8668   39    3 119857.000 42462.2091  64.6%   5.4  438s
 95416 56114 42948.9715   54    8 119857.000 42465.4078  64.6%   5.4  449s
 95580 56095 42542.6586   59   17 119857.000 42465.4078  64.6%   5.4  450s
 95712 57002 52050.0000   82    - 119857.000 42467.9280  64.6%   5.4  460s
 97068 57937 42715.3966   56   24 119857.000 42468.4751  64.6%   5.4  469s
 98968 58913 42897.4294   46   15 119857.000 42473.4475  64.6%   5.5  480s
 101517 60379 44134.3542   72    3 119857.000 42474.4320  64.6%   5.5  492s
 104100 61600 42670.0501   47   20 119857.000 42478.9495  64.6%   5.5  504s
 104633 61493 43919.3047   70    1 119857.000 42479.0897  64.6%   5.5  505s
 106423 61322 43657.5000   73    2 119857.000 42482.2963  64.6%   5.5  514s
 106833 61330 42502.5335   42   20 119857.000 42482.2963  64.6%   5.5  515s
 106949 62925 42533.7842   56   18 119857.000 42482.2963  64.6%   5.5  525s
 109392 64319 43711.0000   79    - 119857.000 42483.1481  64.6%   5.5  538s
 111642 63911 43089.8451   41    3 119857.000 42486.8800  64.6%   5.6  540s
 111951 65444 43078.1450   60   11 119857.000 42486.8800  64.6%   5.6  551s
 114394 66969 42979.3480   50   10 119857.000 42490.0602  64.5%   5.6  564s
 116281 66610 43189.0902   70    9 119857.000 42491.6619  64.5%   5.6  566s
 117046 68547 42695.0502   42   15 119857.000 42495.0897  64.5%   5.6  578s
 118665 68226 43853.5765   69    5 119857.000 42495.8320  64.5%   5.6  580s
 119970 69771 42668.5446   40   16 119857.000 42499.0788  64.5%   5.6  593s
 122325 69444 43277.0382   45    1 119857.000 42501.6266  64.5%   5.6  596s
 122823 69710 71275.0000   81    - 119857.000 42503.2141  64.5%   5.7  600s

Cutting planes:
  MIR: 11
  StrongCG: 1
  Flow cover: 9

Explored 123258 nodes (698894 simplex iterations) in 601.79 seconds (255.33 work units)
Thread count was 32 (of 32 available processors)

Solution count 10: 119857 126886 140183 ... 381470

Time limit reached
Best objective 1.198570000000e+05, best bound 4.250321408488e+04, gap 64.5384%

User-callback calls 275977, time in user-callback 150.62 sec
