
Gurobi 13.0.2 (win64) logging started Fri Jul 17 00:04:56 2026

Set parameter LogFile to value "logs/kstar_nI40_nJ20_nK100_nL5_tI4_tJ4_s5_m1_exact_s0_20260717-000456.gurobi.log"
Set parameter Seed to value 0
Set parameter TimeLimit to value 599.9804205
Set parameter MIPGap to value 0
Set parameter MIPGapAbs to value 0.5
Set parameter Cutoff to value 1e+100
Gurobi Optimizer version 13.0.2 build v13.0.2rc1 (win64 - Windows 11+.0 (26200.2))

CPU model: Intel(R) Core(TM) i9-14900HX, instruction set [SSE2|AVX|AVX2]
Thread count: 24 physical cores, 32 logical processors, using up to 32 threads

Non-default parameters:
TimeLimit  599.9804205
MIPGap  0
MIPGapAbs  0.5
PreCrush  1
LazyConstraints  1

Optimize a model with 10 rows, 65 columns and 300 nonzeros (Min)
Model fingerprint: 0x5abb5105
Model has 65 linear objective coefficients
Variable types: 5 continuous, 60 integer (60 binary)
Coefficient statistics:
  Matrix range     [2e+00, 1e+03]
  Objective range  [1e+00, 5e+02]
  Bounds range     [1e+00, 1e+04]
  RHS range        [1e+03, 1e+03]

Using branch priorities.
Presolve removed 7 rows and 0 columns
Presolve time: 0.00s
Presolved: 3 rows, 65 columns, 100 nonzeros
Variable types: 5 continuous, 60 integer (60 binary)

Root relaxation: objective 4.823901e+04, 7 iterations, 0.00 seconds (0.00 work units)

    Nodes    |    Current Node    |     Objective Bounds      |     Work
 Expl Unexpl |  Obj  Depth IntInf | Incumbent    BestBd   Gap | It/Node Time

     0     0 48239.0109    0    4          - 48239.0109      -     -    0s
H    0     0                    220228.00000 48239.0109  78.1%     -    0s
H    0     0                    202772.00000 48239.0109  76.2%     -    0s
H    0     0                    202693.00000 48239.0109  76.2%     -    0s
H    0     0                    197053.00000 48239.0109  75.5%     -    0s
H    0     0                    149797.00000 48239.0109  67.8%     -    0s
     0     0 48535.0902    0    8 149797.000 48535.0902  67.6%     -    0s
     0     0 48667.6856    0   12 149797.000 48667.6856  67.5%     -    0s
     0     0 48732.9111    0   11 149797.000 48732.9111  67.5%     -    0s
     0     0 48733.8604    0   11 149797.000 48733.8604  67.5%     -    0s
     0     2 48775.2973    0   16 149797.000 48775.2973  67.4%     -    0s
H 3733  3106                    142599.00000 48896.1356  65.7%   2.7    2s
H 3741  2955                    123835.00000 48920.1531  60.5%   2.7    3s
H 3748  2812                    111389.00000 48920.1531  56.1%   2.7    3s
H 3749  2814                    106223.00000 48920.1531  53.9%   2.7    3s
  4120  3211 49570.2171   23    8 106223.000 49046.1404  53.8%   3.9    5s
  9621  6228     cutoff   64      106223.000 49224.7714  53.7%   4.3   10s
 12603  7833 50154.7928   37    6 106223.000 49306.6532  53.6%   4.3   15s
 17581 12127 49819.3629   28   11 106223.000 49368.9109  53.5%   4.3   20s
 22008 16229 50951.5357   55    2 106223.000 49393.5091  53.5%   4.3   25s
 28314 20407 60435.5217   66    1 106223.000 49438.2728  53.5%   4.2   30s
 29469 21599 50105.7385   31   14 106223.000 49440.3318  53.5%   4.2   35s
 30415 22338 50310.2872   35   10 106223.000 49455.5867  53.4%   4.2   40s
 32634 24754 56417.6285   63    1 106223.000 49468.6942  53.4%   4.2   46s
 34919 26703 51441.0000   66    - 106223.000 49476.0698  53.4%   4.2   50s
 37700 29445 50244.3624   36    5 106223.000 49485.9762  53.4%   4.3   55s
 41373 32540 63605.0000   62    - 106223.000 49499.1994  53.4%   4.3   60s
 45186 35913 50038.7816   28   11 106223.000 49510.0677  53.4%   4.3   65s
 48960 38696 52028.2600   37    2 106223.000 49523.4430  53.4%   4.3   70s
 52392 41992 49836.8656   25   12 106223.000 49538.8276  53.4%   4.4   75s
 56332 45363 50258.7357   30   12 106223.000 49545.2300  53.4%   4.4   81s
 60994 49127 50179.0786   26   14 106223.000 49561.6948  53.3%   4.4   87s
 63071 51150 52761.3736   57    2 106223.000 49561.6948  53.3%   4.4   90s
 68033 53685 54298.0000   64   11 106223.000 49581.8806  53.3%   4.4  103s
H68034 51001                    103478.00000 49581.8806  52.1%   4.4  104s
H68034 48451                    103357.00000 49581.8806  52.0%   4.4  104s
 68036 48452 50355.3441   37   25 103357.000 49581.8806  52.0%   4.4  106s
H68039 46031                    97944.000000 49581.8806  49.4%   4.4  111s
 68044 46034 51137.9417   63   29 97944.0000 49581.8806  49.4%   4.4  116s
 68077 46089 49581.8806   31   23 97944.0000 49581.8806  49.4%   4.5  120s
 68392 46420 50112.9903   35   19 97944.0000 49581.8806  49.4%   4.6  125s
 69230 46884 51487.8169   42    8 97944.0000 49581.8806  49.4%   4.6  130s
 70525 47627 53347.1354   57    4 97944.0000 49581.8806  49.4%   4.7  135s
 72456 48808 49762.7554   33   20 97944.0000 49581.8806  49.4%   4.7  140s
 74217 49738 50158.4895   40   10 97944.0000 49591.5200  49.4%   4.7  146s
 76178 50413 50573.9128   52    9 97944.0000 49645.9538  49.3%   4.7  150s
 77026 51281 50007.7300   35   11 97944.0000 49677.9431  49.3%   4.7  155s
 78302 51540 55092.2129   77    1 97944.0000 49677.9431  49.3%   4.7  160s
 79100 52438 51989.4881   51    9 97944.0000 49677.9431  49.3%   4.7  165s
 80734 53354 50730.2009   53    6 97944.0000 49717.0819  49.2%   4.7  170s
 81748 53468 50103.0623   39   18 97944.0000 49748.2204  49.2%   4.8  175s
 83295 54752 50300.7286   40   14 97944.0000 49772.0080  49.2%   4.8  180s
 86469 56314 51516.6103   59    1 97944.0000 49804.1196  49.2%   4.8  187s
 87750 57057 51686.2902   59    2 97944.0000 49824.0963  49.1%   4.8  190s
 89120 57518 50755.7328   46   12 97944.0000 49827.8453  49.1%   4.8  196s
 91220 58736 50616.6379   41   10 97944.0000 49849.9827  49.1%   4.8  201s
 93796 60099 50240.8186   40   15 97944.0000 49871.7318  49.1%   4.8  207s
 95112 60825 50292.5105   43   16 97944.0000 49872.7935  49.1%   4.8  210s
 98172 62533 55784.0000   68    - 97944.0000 49896.3070  49.1%   4.9  217s
 99698 63449 61990.5941   74    1 97944.0000 49902.2887  49.1%   4.9  221s
 103157 65115 50165.2933   40   15 97944.0000 49918.4958  49.0%   4.9  228s
 104689 65903 50731.3026   45    6 97944.0000 49921.5375  49.0%   4.9  232s
 106351 66989 50284.8749   38   15 97944.0000 49938.0699  49.0%   4.9  236s
 108379 68008 50816.5249   59    1 97944.0000 49946.7693  49.0%   4.9  240s
 112388 69962 50248.8742   38   14 97944.0000 49962.1605  49.0%   4.9  248s
 114581 71121 50477.7187   42   14 97944.0000 49964.7894  49.0%   4.9  252s
 116653 72197 51211.4773   51    1 97944.0000 49970.6640  49.0%   4.9  257s
 118779 72866 50262.1160   40   17 97944.0000 49978.6326  49.0%   4.9  262s
 120249 72879 50633.6881   42    9 97944.0000 49983.3301  49.0%   4.9  267s
 120707 73967 50669.0788   43    8 97944.0000 49983.3301  49.0%   4.9  271s
 122286 74918 50618.0565   44   14 97944.0000 49983.3301  49.0%   4.9  276s
 124245 75896 63126.0000   77    - 97944.0000 49992.4993  49.0%   4.9  281s
 126256 77135 50496.9709   41   17 97944.0000 49999.1037  49.0%   5.0  286s
 128691 78452 50971.3274   54    7 97944.0000 49999.1037  49.0%   4.9  293s
 131201 79917 50271.9042   40   15 97944.0000 50011.0253  48.9%   4.9  299s
 134258 81329 50591.1478   41   13 97944.0000 50019.2443  48.9%   4.9  305s
 136989 82591 51508.6788   59    3 97944.0000 50027.0785  48.9%   4.9  310s
 139613 84117 51603.8824   62    3 97944.0000 50037.2437  48.9%   4.9  317s
 142443 84163 51394.2283   55    4 97944.0000 50045.2351  48.9%   4.9  323s
 143218 85756 51307.2668   55    6 97944.0000 50045.7378  48.9%   5.0  330s
 145728 87238 50890.3929   46   10 97944.0000 50052.0705  48.9%   4.9  337s
 148487 88776 50577.8593   47   14 97944.0000 50060.0398  48.9%   5.0  344s
 150150 88483 50478.3071   38   15 97944.0000 50062.1952  48.9%   5.0  345s
 151586 89772 50642.3246   42   17 97944.0000 50064.6848  48.9%   5.0  351s
 154080 91163 50702.9947   37   14 97944.0000 50072.9613  48.9%   4.9  360s
 157222 92863 51156.7233   47    9 97944.0000 50080.5513  48.9%   4.9  368s
 160034 94318 50628.0860   43   14 97944.0000 50086.9488  48.9%   4.9  376s
 162918 95813 50962.3426   45   12 97944.0000 50096.9804  48.9%   5.0  384s
 165865 97356 50983.9167   44   13 97944.0000 50105.7530  48.8%   5.0  392s
 168822 98852 66654.6097   70    1 97944.0000 50109.1009  48.8%   5.0  400s
 171703 100323 50769.1182   45   15 97944.0000 50114.4459  48.8%   5.0  408s
 174671 101474 50634.6095   43   13 97944.0000 50121.1654  48.8%   5.0  416s
 176877 101401 51415.7766   54    4 97944.0000 50126.7155  48.8%   5.0  424s
 176997 101383 51223.6344   70    2 97944.0000 50126.7155  48.8%   5.0  425s
 177456 102611 51315.0048   48    9 97944.0000 50126.8349  48.8%   5.0  432s
 179424 104007 50786.3304   43   13 97944.0000 50129.7357  48.8%   5.0  440s
 181894 105130 51221.8863   45   11 97944.0000 50134.6591  48.8%   5.0  448s
 184287 104931 50600.9948   38   18 97944.0000 50136.2752  48.8%   5.0  455s
 184587 106259 50707.7748   39   16 97944.0000 50138.0522  48.8%   5.0  464s
 186851 107379 53363.9149   69    5 97944.0000 50140.2792  48.8%   5.0  474s
 188894 108373 51377.0170   58    5 97944.0000 50143.9344  48.8%   5.0  481s
 190946 109674 50897.2761   52    6 97944.0000 50148.2255  48.8%   5.0  490s
 193387 111181 50919.8286   42   14 97944.0000 50150.1993  48.8%   5.0  499s
 195295 110789 56477.0000   65    - 97944.0000 50153.2115  48.8%   5.0  500s
 196015 112521 50662.7439   46   14 97944.0000 50154.2856  48.8%   5.0  508s
 198684 113261 51093.4701   47   12 97944.0000 50158.6316  48.8%   5.0  518s
 201368 114806 51367.8257   48    6 97944.0000 50162.6423  48.8%   5.0  528s
 203959 116318 50580.8976   42   16 97944.0000 50168.4766  48.8%   5.0  537s
 206683 117136 50622.2834   42   17 97944.0000 50173.9033  48.8%   5.0  548s
 208310 117601 50559.2476   44   12 97944.0000 50179.2680  48.8%   5.0  557s
 208621 118799 50766.3567   44   13 97944.0000 50179.2680  48.8%   5.0  566s
 210348 120507 50982.1859   47   13 97944.0000 50179.8141  48.8%   5.0  579s
 211049 120611 50921.3643   41   12 97944.0000 50180.0995  48.8%   5.0  580s
 212455 122590 50660.2220   43   14 97944.0000 50182.8786  48.8%   5.0  589s
 214926 124871 51155.0602   49    5 97944.0000 50186.6716  48.8%   5.0  600s

Cutting planes:
  Gomory: 1
  Cover: 1
  MIR: 9
  StrongCG: 2
  Flow cover: 4

Explored 218128 nodes (1097807 simplex iterations) in 602.02 seconds (199.25 work units)
Thread count was 32 (of 32 available processors)

Solution count 10: 97944 103357 103478 ... 202772

Time limit reached
Best objective 9.794400000000e+04, best bound 5.018885439010e+04, gap 48.7576%

User-callback calls 456105, time in user-callback 62.56 sec
