
Gurobi 13.0.2 (win64) logging started Thu Jul 16 14:22:16 2026

Set parameter LogFile to value "logs/kstar_nI20_nJ40_nK50_nL5_tI3_tJ3_s2_m1_exact_s0_20260716-142216.gurobi.log"
Set parameter Seed to value 0
Set parameter TimeLimit to value 599.9810948
Set parameter MIPGap to value 0
Set parameter MIPGapAbs to value 0.5
Set parameter Cutoff to value 1e+100
Gurobi Optimizer version 13.0.2 build v13.0.2rc1 (win64 - Windows 11+.0 (26200.2))

CPU model: Intel(R) Core(TM) i9-14900HX, instruction set [SSE2|AVX|AVX2]
Thread count: 24 physical cores, 32 logical processors, using up to 32 threads

Non-default parameters:
TimeLimit  599.9810948
MIPGap  0
MIPGapAbs  0.5
PreCrush  1
LazyConstraints  1

Optimize a model with 10 rows, 65 columns and 300 nonzeros (Min)
Model fingerprint: 0xd49c6b2a
Model has 65 linear objective coefficients
Variable types: 5 continuous, 60 integer (60 binary)
Coefficient statistics:
  Matrix range     [8e+00, 6e+02]
  Objective range  [1e+00, 5e+02]
  Bounds range     [1e+00, 5e+03]
  RHS range        [6e+02, 6e+02]

Using branch priorities.
Presolve removed 3 rows and 0 columns
Presolve time: 0.00s
Presolved: 7 rows, 65 columns, 220 nonzeros
Variable types: 5 continuous, 60 integer (60 binary)

Root relaxation: objective 2.050142e+04, 5 iterations, 0.00 seconds (0.00 work units)

    Nodes    |    Current Node    |     Objective Bounds      |     Work
 Expl Unexpl |  Obj  Depth IntInf | Incumbent    BestBd   Gap | It/Node Time

     0     0 20501.4190    0    3          - 20501.4190      -     -    0s
H    0     0                    134706.00000 20501.4190  84.8%     -    0s
H    0     0                    123754.00000 20501.4190  83.4%     -    0s
H    0     0                    108931.00000 20501.4190  81.2%     -    0s
H    0     0                    88824.000000 20501.4190  76.9%     -    0s
     0     0 20550.9264    0    6 88824.0000 20550.9264  76.9%     -    0s
     0     0 20616.9762    0    6 88824.0000 20616.9762  76.8%     -    0s
     0     0 20675.0095    0   13 88824.0000 20675.0095  76.7%     -    0s
     0     0 20676.9940    0   13 88824.0000 20676.9940  76.7%     -    0s
H    0     0                    85958.000000 20676.9940  75.9%     -    0s
H    0     2                    83046.000000 20684.8399  75.1%     -    0s
     0     2 20684.8399    0   14 83046.0000 20684.8399  75.1%     -    0s
H 3894  3205                    65477.000000 20810.5564  68.2%   3.1    3s
  3908  3217 20839.9114   13   19 65477.0000 20810.5564  68.2%   3.2    5s
  5725  4423 21232.9522   34   13 65477.0000 20903.2106  68.1%   5.1   10s
  9943  6815 21977.1853   53    4 65477.0000 21011.9678  67.9%   4.8   15s
 13770  8572 21829.5190   31    5 65477.0000 21032.0018  67.9%   4.7   20s
 16139 10633 21460.2294   24   11 65477.0000 21080.2457  67.8%   4.7   25s
 17378 11814 21522.2505   25   10 65477.0000 21091.4415  67.8%   4.8   30s
 19893 14065 22096.6848   55    2 65477.0000 21103.0622  67.8%   4.7   35s
 24334 18001 22651.0971   49    1 65477.0000 21107.5236  67.8%   4.8   40s
 28458 20960 21462.5735   26   13 65477.0000 21138.8961  67.7%   4.9   45s
 30126 22941 22409.5310   50    7 65477.0000 21151.7512  67.7%   4.8   52s
 32395 24943 22261.5573   47    3 65477.0000 21173.8470  67.7%   4.8   57s
 34988 27055 21952.2042   36    5 65477.0000 21175.6659  67.7%   4.8   62s
 36260 28159 21507.7636   27   15 65477.0000 21180.5169  67.7%   4.9   65s
 38709 30588 21802.0843   36   14 65477.0000 21189.5607  67.6%   5.0   70s
 43202 33814 24865.4397   64    1 65477.0000 21193.6586  67.6%   4.8   76s
 46393 36909 21847.4272   33    8 65477.0000 21198.1029  67.6%   4.8   82s
 48146 38266 21984.9770   38   11 65477.0000 21202.4009  67.6%   4.9   85s
 51644 41555 22556.3958   60    2 65477.0000 21214.6170  67.6%   4.9   92s
 53595 43095 21567.5921   29   15 65477.0000 21218.0626  67.6%   5.0   95s
 57613 46736 21659.3729   29   18 65477.0000 21231.5020  67.6%   5.0  102s
 59638 48694 22905.7888   64    2 65477.0000 21238.0320  67.6%   5.0  106s
 61946 50726 22880.9127   51    7 65477.0000 21242.7079  67.6%   5.0  110s
 66536 54304 22444.3367   52    4 65477.0000 21247.6409  67.5%   5.1  119s
 68868 56495 22152.9909   44    2 65477.0000 21257.2575  67.5%   5.1  123s
 71198 58575 22116.2595   39    3 65477.0000 21257.3862  67.5%   5.1  128s
 73624 60692 21973.4963   36   10 65477.0000 21267.6862  67.5%   5.1  133s
 76304 62655 21783.4165   34   11 65477.0000 21272.6222  67.5%   5.1  138s
 78898 63194 21492.1093   27   13 65477.0000 21277.6815  67.5%   5.1  152s
 78901 63196 22486.0000   51   27 65477.0000 21277.6815  67.5%   5.1  155s
 78904 63198 23767.0000   51   29 65477.0000 21277.6815  67.5%   5.1  160s
H78909 60040                    61298.000000 21277.6815  65.3%   5.1  166s
 78913 60043 22046.7434   37   31 61298.0000 21277.6815  65.3%   5.1  170s
 78919 60047 22359.6826   55   30 61298.0000 21277.6815  65.3%   5.1  175s
H78922 57046                    58384.000000 21277.6815  63.6%   5.1  180s
 78926 57049 21650.9506   32   29 58384.0000 21277.6815  63.6%   5.1  185s
 78990 57124 21277.6815   31   24 58384.0000 21277.6815  63.6%   5.2  190s
 79165 57265 21401.2728   33   21 58384.0000 21277.6815  63.6%   5.2  197s
 79373 57477 21400.1938   36   20 58384.0000 21277.6815  63.6%   5.3  201s
 79848 57695 21727.8257   40   15 58384.0000 21277.6815  63.6%   5.3  205s
 80115 57980 21762.3304   42   11 58384.0000 21277.6815  63.6%   5.4  210s
 80927 58470 22200.8128   52    8 58384.0000 21277.6815  63.6%   5.4  215s
 82362 59184 24819.7674   74    1 58384.0000 21277.6815  63.6%   5.4  220s
 83487 60013 22216.5878   58    5 58384.0000 21277.6815  63.6%   5.4  226s
 84734 60414 22864.1250   65    4 58384.0000 21277.6815  63.6%   5.5  230s
 85611 61242 22005.5258   38   12 58384.0000 21277.6815  63.6%   5.5  235s
 86985 62047 21508.4137   40   22 58384.0000 21277.6815  63.6%   5.5  241s
 88749 62880 24292.4587   70    2 58384.0000 21277.6815  63.6%   5.5  246s
 89720 63170 21652.8287   37   16 58384.0000 21295.8414  63.5%   5.5  253s
 90139 63848 21949.5714   48   10 58384.0000 21309.5388  63.5%   5.6  256s
 92184 64057 22816.8979   50    3 58384.0000 21310.2906  63.5%   5.6  263s
 92216 64376 22843.1701   51    3 58384.0000 21310.2906  63.5%   5.6  266s
 92801 65129 21545.3034   37   21 58384.0000 21310.2906  63.5%   5.6  270s
 95107 66185 22232.3206   44    9 58384.0000 21310.2906  63.5%   5.6  276s
 96488 66976 21641.5149   39   17 58384.0000 21405.3429  63.3%   5.6  280s
 98684 68024 22459.6703   57    2 58384.0000 21409.0447  63.3%   5.7  287s
 100271 68983 21789.4786   43   16 58384.0000 21411.4159  63.3%   5.7  291s
 101725 69802 21801.9071   41   14 58384.0000 21411.4159  63.3%   5.7  295s
 104677 71632 21743.7241   40   18 58384.0000 21438.1857  63.3%   5.7  303s
 106405 72629 21741.6976   43   18 58384.0000 21448.6944  63.3%   5.8  308s
 108277 73452 21770.9764   45   16 58384.0000 21458.2620  63.2%   5.8  312s
 109936 74224 22050.1649   44   14 58384.0000 21476.3652  63.2%   5.8  317s
 112143 75172 21943.1662   39    8 58384.0000 21479.2303  63.2%   5.8  322s
 113697 76156 22010.5556   43   14 58384.0000 21489.1827  63.2%   5.8  326s
 115255 77202 22613.9057   52    5 58384.0000 21489.1827  63.2%   5.9  331s
 117599 77333 24825.2214   74    1 58384.0000 21489.4266  63.2%   5.8  337s
 118390 78452 26624.7379   75    1 58384.0000 21489.6135  63.2%   5.8  342s
 120737 79828 22187.7061   41    9 58384.0000 21489.6135  63.2%   5.8  347s
 123015 81030 22184.3844   46   15 58384.0000 21489.6361  63.2%   5.8  353s
 125380 82004 22868.9369   72    2 58384.0000 21507.5549  63.2%   5.8  359s
 126406 81786 21898.2744   40   21 58384.0000 21507.5549  63.2%   5.8  360s
 127185 83123 22244.0498   49    5 58384.0000 21519.0183  63.1%   5.8  365s
 129438 83113 22497.1072   57    9 58384.0000 21519.0183  63.1%   5.8  370s
 129963 84654 24698.6487   58    2 58384.0000 21519.0183  63.1%   5.9  377s
 132378 85963 21857.0708   37   18 58384.0000 21523.3854  63.1%   5.9  385s
 134686 86991 22468.3928   61    6 58384.0000 21531.0818  63.1%   5.9  393s
 136690 88196 21749.3657   41   21 58384.0000 21539.3627  63.1%   5.9  400s
 138974 89563 26129.0000   78    - 58384.0000 21540.2589  63.1%   5.9  408s
 141528 91376 22322.9810   50    7 58384.0000 21551.5147  63.1%   5.9  416s
 144501 91875 22003.2078   45   18 58384.0000 21558.8769  63.1%   5.9  425s
 146174 93478 22763.7217   67    3 58384.0000 21558.8769  63.1%   5.9  433s
 148903 94956 22639.1084   61    2 58384.0000 21562.4305  63.1%   5.9  442s
 151517 96182 22710.9796   63    3 58384.0000 21571.9793  63.1%   6.0  452s
 153975 96020 22258.2341   45   12 58384.0000 21577.1632  63.0%   6.0  460s
 154444 97500 22199.2215   45   14 58384.0000 21577.1632  63.0%   6.0  470s
 156958 99163 22242.9195   41    9 58384.0000 21580.2120  63.0%   6.0  480s
 160100 100883 22094.8897   37   10 58384.0000 21586.5276  63.0%   6.0  492s
 163098 102302 22170.5415   46   11 58384.0000 21592.4656  63.0%   6.0  501s
 165718 103814 22967.7658   70    9 58384.0000 21597.1732  63.0%   6.0  512s
 168501 104954 22481.4017   53   11 58384.0000 21602.1433  63.0%   6.1  524s
 171286 106924 21954.1348   42   18 58384.0000 21604.7881  63.0%   6.1  535s
 174654 108663 21801.0039   36   22 58384.0000 21614.5866  63.0%   6.1  546s
 178109 110169 21853.3162   42   21 58384.0000 21623.2022  63.0%   6.1  558s
 181035 111904 21938.0010   41   17 58384.0000 21623.8870  63.0%   6.1  569s
 184064 113542 22420.8149   57   16 58384.0000 21633.0201  62.9%   6.1  580s
 187146 114111 21842.3640   40   19 58384.0000 21637.6197  62.9%   6.1  593s
 188780 114734 22933.6394   60    7 58384.0000 21638.2776  62.9%   6.1  600s

Cutting planes:
  Gomory: 3
  Cover: 1
  MIR: 18
  Flow cover: 2

Explored 190067 nodes (1161760 simplex iterations) in 601.68 seconds (242.14 work units)
Thread count was 32 (of 32 available processors)

Solution count 8: 58384 61298 65477 ... 134706

Time limit reached
Best objective 5.838400000000e+04, best bound 2.163827755310e+04, gap 62.9380%

User-callback calls 399631, time in user-callback 63.17 sec
