
Gurobi 13.0.2 (win64) logging started Fri Jul 17 09:07:31 2026

Set parameter LogFile to value "logs/kstar_nI40_nJ20_nK50_nL5_tI5_tJ5_s4_m1_exact_s0_20260717-090731.gurobi.log"
Set parameter Seed to value 0
Set parameter TimeLimit to value 599.9855108
Set parameter MIPGap to value 0
Set parameter MIPGapAbs to value 0.5
Set parameter Cutoff to value 1e+100
Gurobi Optimizer version 13.0.2 build v13.0.2rc1 (win64 - Windows 11+.0 (26200.2))

CPU model: Intel(R) Core(TM) i9-14900HX, instruction set [SSE2|AVX|AVX2]
Thread count: 24 physical cores, 32 logical processors, using up to 32 threads

Non-default parameters:
TimeLimit  599.9855108
MIPGap  0
MIPGapAbs  0.5
PreCrush  1
LazyConstraints  1

Optimize a model with 10 rows, 65 columns and 300 nonzeros (Min)
Model fingerprint: 0x4b8e34b2
Model has 65 linear objective coefficients
Variable types: 5 continuous, 60 integer (60 binary)
Coefficient statistics:
  Matrix range     [5e+00, 7e+02]
  Objective range  [1e+00, 5e+02]
  Bounds range     [1e+00, 6e+03]
  RHS range        [6e+02, 7e+02]

Using branch priorities.
Presolve removed 8 rows and 0 columns
Presolve time: 0.00s
Presolved: 2 rows, 65 columns, 60 nonzeros
Variable types: 5 continuous, 60 integer (60 binary)

Root relaxation: objective 2.694802e+04, 6 iterations, 0.00 seconds (0.00 work units)

    Nodes    |    Current Node    |     Objective Bounds      |     Work
 Expl Unexpl |  Obj  Depth IntInf | Incumbent    BestBd   Gap | It/Node Time

     0     0 26948.0178    0    2          - 26948.0178      -     -    0s
H    0     0                    105425.00000 26948.0178  74.4%     -    0s
H    0     0                    102154.00000 26948.0178  73.6%     -    0s
H    0     0                    98788.000000 26948.0178  72.7%     -    0s
H    0     0                    96003.000000 26948.0178  71.9%     -    0s
H    0     0                    94230.000000 26948.0178  71.4%     -    0s
H    0     0                    86908.000000 26948.0178  69.0%     -    0s
H    0     0                    83295.000000 26948.0178  67.6%     -    0s
H    0     0                    82917.000000 26948.0178  67.5%     -    0s
     0     0 27239.3321    0    7 82917.0000 27239.3321  67.1%     -    0s
     0     0 27291.2482    0    7 82917.0000 27291.2482  67.1%     -    0s
H    0     0                    79720.000000 27292.8097  65.8%     -    0s
     0     0 27490.5485    0   11 79720.0000 27490.5485  65.5%     -    0s
     0     0 27491.7525    0   11 79720.0000 27491.7525  65.5%     -    0s
     0     2 27519.2206    0   14 79720.0000 27519.2206  65.5%     -    0s
H 3527  3011                    72942.000000 27689.5899  62.0%   3.6    1s
H 3527  2860                    72588.000000 27689.5899  61.9%   3.6    1s
H 3527  2717                    72527.000000 27689.5899  61.8%   3.6    1s
H 3529  2582                    62932.000000 27711.7197  56.0%   3.6    1s
H 3532  2455                    58258.000000 27717.0445  52.4%   3.6    1s
  5381  3791 29917.1675   39    4 58258.0000 27961.2101  52.0%   5.1    5s
 14441  9363 29813.8684   33    7 58258.0000 28206.5039  51.6%   4.6   10s
 16622 11213 35558.2656   51    2 58258.0000 28242.2025  51.5%   4.6   15s
 21329 15622 29207.3517   27   11 58258.0000 28270.2791  51.5%   4.6   20s
 29611 23332 32120.0168   53    1 58258.0000 28333.8514  51.4%   4.9   25s
 36362 29145 30187.4232   30   12 58258.0000 28379.2950  51.3%   5.0   31s
 41354 33601 29282.8913   27   17 58258.0000 28415.8897  51.2%   5.0   35s
 46660 38069 29114.7204   25   13 58258.0000 28438.1544  51.2%   5.1   41s
 50130 41018 32268.8926   65    1 58258.0000 28466.1217  51.1%   5.1   47s
 53887 43960 31269.0145   37    9 58258.0000 28480.1400  51.1%   5.1   51s
 56788 45399 29958.3275   40   11 58258.0000 28493.2028  51.1%   5.2   62s
H56789 43130                    55752.000000 28493.2028  48.9%   5.2   63s
H56791 40974                    54285.000000 28493.2028  47.5%   5.2   65s
H56795 38928                    52666.000000 28493.2028  45.9%   5.2   67s
H56795 36981                    52529.000000 28493.2028  45.8%   5.2   67s
 56799 36983 28729.7421   30   29 52529.0000 28493.2028  45.8%   5.2   70s
H56799 35134                    52484.000000 28493.2028  45.7%   5.2   71s
 56804 35138 30406.4121   39   30 52484.0000 28493.2028  45.7%   5.2   75s
 56869 35214 28880.3579   32   21 52484.0000 28493.2028  45.7%   5.2   80s
 57456 35681 30830.4931   43    8 52484.0000 28493.2028  45.7%   5.4   85s
 58464 36286 33597.8491   58    2 52484.0000 28560.4057  45.6%   5.4   90s
 60689 37666 29226.6891   42   15 52484.0000 28679.9352  45.4%   5.5   95s
 62965 38778 29673.1900   44   13 52484.0000 28680.4367  45.4%   5.5  100s
 65949 39955 29830.0365   43   16 52484.0000 28810.6662  45.1%   5.6  105s
 66732 40913 29333.3529   37   14 52484.0000 28822.2541  45.1%   5.6  110s
 68901 42242 29467.6436   38   17 52484.0000 28822.2541  45.1%   5.6  116s
 70912 42588 30281.0537   50   10 52484.0000 28962.9341  44.8%   5.7  120s
 71536 43413 31194.9925   52    5 52484.0000 28974.7469  44.8%   5.7  125s
 74157 45175 31333.7907   55    4 52484.0000 28976.8836  44.8%   5.8  132s
 76726 46452 31366.3620   57    2 52484.0000 29023.1630  44.7%   5.8  138s
 77969 47029 31373.7692   58    2 52484.0000 29033.0470  44.7%   5.8  141s
 81134 48577 29397.3828   38   15 52484.0000 29058.4100  44.6%   5.8  146s
 83921 49216 29678.6245   43   12 52484.0000 29065.9615  44.6%   5.8  152s
 84001 50116 29791.2268   44   11 52484.0000 29065.9615  44.6%   5.8  156s
 86668 51766 30956.8927   48   10 52484.0000 29089.7822  44.6%   5.9  163s
 88169 52428 29486.5496   37   21 52484.0000 29089.7822  44.6%   5.8  168s
 89696 53418 29465.4129   40   20 52484.0000 29099.7473  44.6%   5.9  171s
 91560 54247 31229.0095   47   11 52484.0000 29120.8966  44.5%   5.9  175s
 93562 55418 29577.3164   38   19 52484.0000 29133.1616  44.5%   5.9  180s
 97108 57370 29829.0985   46   12 52484.0000 29154.5107  44.5%   5.9  187s
 99072 58320 29838.1515   39   15 52484.0000 29154.5107  44.5%   5.9  192s
 100951 59330 30119.3724   55    5 52484.0000 29169.2844  44.4%   5.9  196s
 102887 60154 29680.8978   39   22 52484.0000 29177.4659  44.4%   6.0  201s
 104511 61416 29774.5558   41   15 52484.0000 29187.2780  44.4%   6.0  206s
 106849 62798 29823.9811   39   17 52484.0000 29198.9533  44.4%   6.0  211s
 109481 63717 30891.7816   44   16 52484.0000 29217.8510  44.3%   6.0  219s
 111199 64888 31401.6146   52    4 52484.0000 29221.2985  44.3%   6.0  224s
 113527 66023 30169.0744   44   16 52484.0000 29229.3609  44.3%   6.0  231s
 115685 67304 33030.1983   57    3 52484.0000 29237.7639  44.3%   6.0  237s
 118058 68594 30309.8640   50   13 52484.0000 29247.0436  44.3%   6.0  242s
 120332 70078 29826.8805   36   18 52484.0000 29258.9722  44.3%   6.1  248s
 123186 71492 31322.1099   46   11 52484.0000 29260.4211  44.2%   6.1  254s
 123582 71412 31460.2613   59    6 52484.0000 29260.4211  44.2%   6.1  255s
 125841 73041 30953.1995   49    6 52484.0000 29272.0118  44.2%   6.1  261s
 128826 74425 31111.3651   50    9 52484.0000 29282.1530  44.2%   6.1  267s
 131475 75773 30693.7420   50    7 52484.0000 29297.2294  44.2%   6.1  275s
 134124 77378 30731.7314   44   13 52484.0000 29306.7044  44.2%   6.1  282s
 137101 77122 30423.3349   43   12 52484.0000 29320.0004  44.1%   6.1  287s
 137537 78311 30790.1179   46    7 52484.0000 29320.0004  44.1%   6.1  294s
 139327 79906 31885.4651   76    2 52484.0000 29325.2198  44.1%   6.1  301s
 142018 81261 34029.4767   79    3 52484.0000 29330.2153  44.1%   6.1  309s
 144729 82728 30184.1002   39   19 52484.0000 29344.7200  44.1%   6.1  316s
 147500 84063 30443.4417   43   18 52484.0000 29353.0882  44.1%   6.1  325s
 150146 85638 30612.0985   46   11 52484.0000 29358.2669  44.1%   6.1  335s
 153144 87025 31033.4762   49    5 52484.0000 29371.6427  44.0%   6.1  342s
 155905 88691 30790.7055   45    7 52484.0000 29380.4429  44.0%   6.1  350s
 159007 90606 30448.2722   48   11 52484.0000 29386.6200  44.0%   6.1  358s
 162401 92145 30599.2390   45    7 52484.0000 29392.7611  44.0%   6.2  366s
 165365 94383 32751.7035   46   12 52484.0000 29401.0304  44.0%   6.2  374s
 168444 96588 35161.0308   63    1 52484.0000 29409.9228  44.0%   6.2  382s
 171194 99156 32118.1186   48   14 52484.0000 29414.5609  44.0%   6.2  390s
 174074 101437 31382.3382   49    8 52484.0000 29423.4830  43.9%   6.2  398s
 176485 103697 30428.9672   44   13 52484.0000 29429.5231  43.9%   6.2  407s
 179348 105918 31262.5370   74    1 52484.0000 29435.3064  43.9%   6.2  417s
 181915 108595 30239.3205   42   14 52484.0000 29441.1137  43.9%   6.2  425s
 184968 110758 31613.9168   45   14 52484.0000 29447.7311  43.9%   6.2  435s
 187481 112629 31828.4573   53    6 52484.0000 29453.9413  43.9%   6.2  443s
 190386 115103 32211.7813   59    6 52484.0000 29460.8702  43.9%   6.2  452s
 193005 117482 32863.3839   67    2 52484.0000 29467.4785  43.9%   6.2  461s
 195733 119854 30734.1006   40   18 52484.0000 29474.1701  43.8%   6.2  470s
 198515 122160 30779.8967   42   13 52484.0000 29482.0524  43.8%   6.2  480s
 201191 124390 33505.6881   61    4 52484.0000 29489.1408  43.8%   6.2  488s
 203773 126645 31519.8619   55    3 52484.0000 29494.7189  43.8%   6.2  497s
 206392 128303 31356.7346   48   16 52484.0000 29501.5385  43.8%   6.2  508s
 208256 130472 31346.5869   46    9 52484.0000 29507.9251  43.8%   6.3  517s
 210863 132544 35697.0000   78    - 52484.0000 29512.4029  43.8%   6.3  526s
 213305 134363 32673.4193   48   10 52484.0000 29518.9141  43.8%   6.3  536s
 215258 136000 31725.3121   46   11 52484.0000 29525.1578  43.7%   6.3  544s
 217339 137991 31572.7171   53    3 52484.0000 29525.2627  43.7%   6.3  552s
 219694 140159 30125.2678   38   21 52484.0000 29532.2603  43.7%   6.3  563s
 222173 142103 30143.4362   43   17 52484.0000 29538.3176  43.7%   6.3  574s
 222554 142144 46964.0000   83    - 52484.0000 29538.3176  43.7%   6.3  575s
 224289 143854 31398.4818   55    3 52484.0000 29543.8176  43.7%   6.3  586s
 226760 145848 35187.9017   74    2 52484.0000 29545.2185  43.7%   6.3  595s
 229032 147020 33640.8555   65    1 52484.0000 29550.7502  43.7%   6.3  600s

Cutting planes:
  Gomory: 3
  MIR: 4
  Flow cover: 4

Explored 230024 nodes (1457130 simplex iterations) in 600.69 seconds (196.46 work units)
Thread count was 32 (of 32 available processors)

Solution count 10: 52484 52529 52666 ... 72942

Time limit reached
Best objective 5.248400000000e+04, best bound 2.955075018946e+04, gap 43.6957%

User-callback calls 485520, time in user-callback 28.45 sec
