
Gurobi 13.0.2 (win64) logging started Wed Jul 15 20:49:15 2026

Set parameter LogFile to value "logs/kstar_nI40_nJ20_nK100_nL5_tI4_tJ4_s2_m0_exact_s0_20260715-204915.gurobi.log"
Set parameter Seed to value 0
Set parameter TimeLimit to value 599.9815719
Set parameter NodefileStart to value 4
Set parameter MIPGap to value 0
Set parameter MIPGapAbs to value 0.9999
Set parameter Cutoff to value 1e+100
Gurobi Optimizer version 13.0.2 build v13.0.2rc1 (win64 - Windows 11+.0 (26200.2))

CPU model: Intel(R) Core(TM) i9-14900HX, instruction set [SSE2|AVX|AVX2]
Thread count: 24 physical cores, 32 logical processors, using up to 32 threads

Non-default parameters:
TimeLimit  599.9815719
MIPGap  0
MIPGapAbs  0.9999
NodefileStart  4

Optimize a model with 900 rows, 14060 columns and 38300 nonzeros (Min)
Model fingerprint: 0x5c4e30c1
Model has 14060 linear objective coefficients
Variable types: 14000 continuous, 60 integer (60 binary)
Coefficient statistics:
  Matrix range     [1e+00, 1e+03]
  Objective range  [1e+00, 5e+02]
  Bounds range     [1e+00, 1e+00]
  RHS range        [5e+00, 2e+01]

Using branch priorities.
Found heuristic solution: objective 640424.00000
Presolve time: 0.02s
Presolved: 900 rows, 14060 columns, 38300 nonzeros
Variable types: 14000 continuous, 60 integer (60 binary)

Root relaxation: objective 5.581946e+04, 763 iterations, 0.02 seconds (0.01 work units)

    Nodes    |    Current Node    |     Objective Bounds      |     Work
 Expl Unexpl |  Obj  Depth IntInf | Incumbent    BestBd   Gap | It/Node Time

     0     0 55819.4596    0   54 640424.000 55819.4596  91.3%     -    0s
H    0     0                    69042.648021 55819.4596  19.2%     -    0s
H    0     0                    68988.965236 55819.4596  19.1%     -    0s
H    0     0                    68960.965236 55819.4596  19.1%     -    0s
H    0     0                    68957.538407 55819.4596  19.1%     -    0s
H    0     0                    68927.796850 55819.4596  19.0%     -    0s
H    0     0                    68914.584060 55819.4596  19.0%     -    0s
H    0     0                    68753.099783 60420.0479  12.1%     -    0s
     0     0 60420.0479    0   34 68753.0998 60420.0479  12.1%     -    0s
H    0     0                    68454.193130 60736.4856  11.3%     -    0s
H    0     0                    66667.206908 60736.4856  8.90%     -    0s
H    0     0                    66334.000000 60736.4856  8.44%     -    0s
     0     0 60736.4856    0   34 66334.0000 60736.4856  8.44%     -    0s
H    0     0                    66327.000000 63759.9818  3.87%     -    0s
     0     0 63759.9818    0   27 66327.0000 63759.9818  3.87%     -    0s
     0     0 63894.9233    0   24 66327.0000 63894.9233  3.67%     -    0s
     0     0 63904.6269    0   25 66327.0000 63904.6269  3.65%     -    0s
     0     0 63904.6282    0   25 66327.0000 63904.6282  3.65%     -    0s
     0     0 64475.7534    0   12 66327.0000 64475.7534  2.79%     -    0s
H    0     0                    65310.763636 64485.5983  1.26%     -    0s
H    0     0                    64917.000000 64485.5983  0.66%     -    0s
     0     0 64536.9287    0    8 64917.0000 64536.9287  0.59%     -    0s
H    0     0                    64723.000000 64548.1359  0.27%     -    0s
     0     0 64548.1359    0    7 64723.0000 64548.1359  0.27%     -    0s
     0     0 64548.2801    0    7 64723.0000 64548.2801  0.27%     -    0s
     0     0 64577.0975    0   15 64723.0000 64577.0975  0.23%     -    0s
H    0     0                    64655.000000 64589.0000  0.10%     -    0s
*    0     0               0    64589.000000 64589.0000  0.00%     -    0s

Cutting planes:
  Implied bound: 375
  MIR: 118
  Flow cover: 25
  Relax-and-lift: 4

Explored 1 nodes (1574 simplex iterations) in 0.28 seconds (0.28 work units)
Thread count was 32 (of 32 available processors)

Solution count 10: 64589 64655 64723 ... 640424

Optimal solution found (tolerance 0.00e+00)
Best objective 6.458900000000e+04, best bound 6.458900000000e+04, gap 0.0000%
