
Gurobi 13.0.2 (win64) logging started Fri Jul 17 07:27:03 2026

Set parameter LogFile to value "logs/kstar_nI40_nJ20_nK50_nL5_tI3_tJ3_s4_m1_exact_s0_20260717-072703.gurobi.log"
Set parameter Seed to value 0
Set parameter TimeLimit to value 599.9864738
Set parameter MIPGap to value 0
Set parameter MIPGapAbs to value 0.5
Set parameter Cutoff to value 1e+100
Gurobi Optimizer version 13.0.2 build v13.0.2rc1 (win64 - Windows 11+.0 (26200.2))

CPU model: Intel(R) Core(TM) i9-14900HX, instruction set [SSE2|AVX|AVX2]
Thread count: 24 physical cores, 32 logical processors, using up to 32 threads

Non-default parameters:
TimeLimit  599.9864738
MIPGap  0
MIPGapAbs  0.5
PreCrush  1
LazyConstraints  1

Optimize a model with 10 rows, 65 columns and 300 nonzeros (Min)
Model fingerprint: 0x8ef9fdb9
Model has 65 linear objective coefficients
Variable types: 5 continuous, 60 integer (60 binary)
Coefficient statistics:
  Matrix range     [2e+00, 6e+02]
  Objective range  [1e+00, 5e+02]
  Bounds range     [1e+00, 5e+03]
  RHS range        [6e+02, 7e+02]

Using branch priorities.
Presolve removed 2 rows and 0 columns
Presolve time: 0.00s
Presolved: 8 rows, 65 columns, 240 nonzeros
Variable types: 5 continuous, 60 integer (60 binary)

Root relaxation: objective 2.491816e+04, 7 iterations, 0.00 seconds (0.00 work units)

    Nodes    |    Current Node    |     Objective Bounds      |     Work
 Expl Unexpl |  Obj  Depth IntInf | Incumbent    BestBd   Gap | It/Node Time

     0     0 24918.1616    0    5          - 24918.1616      -     -    0s
H    0     0                    172339.00000 24918.1616  85.5%     -    0s
H    0     0                    140150.00000 24918.1616  82.2%     -    0s
H    0     0                    137570.00000 24918.1616  81.9%     -    0s
H    0     0                    104949.00000 24918.1616  76.3%     -    0s
H    0     0                    93791.000000 24918.1616  73.4%     -    0s
     0     0 25071.6790    0    4 93791.0000 25071.6790  73.3%     -    0s
     0     0 25182.8794    0    7 93791.0000 25182.8794  73.2%     -    0s
     0     0 25226.8760    0   12 93791.0000 25226.8760  73.1%     -    0s
     0     0 25236.2438    0   12 93791.0000 25236.2438  73.1%     -    0s
     0     2 25261.4097    0   16 93791.0000 25261.4097  73.1%     -    0s
H 3717  3118                    91458.000000 25453.8679  72.2%   3.1    1s
H 3721  2965                    73847.000000 25479.0274  65.5%   3.1    2s
H 3730  2822                    65302.000000 25492.7931  61.0%   3.1    2s
H 3731  2822                    63912.000000 25492.7931  60.1%   3.1    2s
  5652  4072 26210.5101   21   12 63912.0000 25612.9909  59.9%   4.2    5s
 11587  7075 26610.8757   25    8 63912.0000 25789.3538  59.6%   4.0   10s
 17067 11155 26535.9814   27   12 63912.0000 25870.3561  59.5%   3.9   15s
 23388 17104 26987.2779   27   12 63912.0000 25981.1986  59.3%   4.0   20s
 31319 23496 26948.8070   26   10 63912.0000 26035.5242  59.3%   4.0   25s
 36698 28079 28065.2425   30    3 63912.0000 26074.5037  59.2%   4.0   30s
 41297 32000 27331.5171   32    5 63912.0000 26093.9322  59.2%   4.0   35s
 45635 35373 32561.4024   47    7 63912.0000 26109.7904  59.1%   4.1   40s
 47949 36602 27389.2045   32    9 63912.0000 26123.7492  59.1%   4.2   45s
 50169 38958 27541.3308   34    6 63912.0000 26134.9444  59.1%   4.2   51s
 52450 41037 27628.5610   35    7 63912.0000 26143.8139  59.1%   4.2   56s
 54945 43182 27002.0248   26   17 63912.0000 26160.4594  59.1%   4.2   61s
 56232 43362 27502.0000   51   12 63912.0000 26163.6037  59.1%   4.2   69s
H56233 41194                    61817.000000 26163.6037  57.7%   4.2   70s
H56233 39135                    61514.000000 26163.6037  57.5%   4.2   70s
H56238 37181                    57960.000000 26182.1662  54.8%   4.2   75s
H56238 35321                    55411.000000 26182.1662  52.7%   4.2   75s
H56242 33558                    48936.000000 26182.1662  46.5%   4.2   77s
H56242 31880                    48525.000000 26182.1662  46.0%   4.2   78s
H56244 30287                    48492.000000 26182.1662  46.0%   4.2   80s
 56280 30344 27206.2375   27   16 48492.0000 26380.2210  45.6%   4.3   85s
 56864 30794 28293.7942   33   14 48492.0000 26424.4680  45.5%   4.4   90s
 58603 31745 28518.9529   43   12 48492.0000 26586.2909  45.2%   4.4   95s
 60057 32703 29890.3223   58    2 48492.0000 26634.4226  45.1%   4.4  100s
 62030 33782 27495.0836   47    9 48492.0000 26658.4329  45.0%   4.5  105s
 64265 35060 27667.1563   58    8 48492.0000 26718.9842  44.9%   4.5  110s
 66268 36233 27147.7131   37   16 48492.0000 26718.9842  44.9%   4.5  115s
 68675 36981 27215.4287   32   21 48492.0000 26782.1924  44.8%   4.5  120s
 69012 37497 27523.1581   36   16 48492.0000 26785.9528  44.8%   4.5  125s
 71131 38626 30488.8587   60    3 48492.0000 26865.9306  44.6%   4.5  130s
 73214 39879 28065.9182   56    4 48492.0000 26865.9306  44.6%   4.5  135s
 75208 40378 28683.6221   53    2 48492.0000 26885.5444  44.6%   4.6  140s
 75856 40854 29418.7108   60    1 48492.0000 26916.8004  44.5%   4.6  145s
 77063 41666 28716.2117   61    3 48492.0000 26925.8110  44.5%   4.6  150s
 79052 42602 28006.9445   44    6 48492.0000 26943.4711  44.4%   4.6  155s
 81017 44065 27278.8827   33   19 48492.0000 26952.4468  44.4%   4.6  160s
 83595 45527 28049.1771   46   12 48492.0000 26970.3374  44.4%   4.6  165s
 87035 47420 30365.5658   63    4 48492.0000 26990.6246  44.3%   4.6  173s
 88996 48434 27724.7399   37   14 48492.0000 27004.8716  44.3%   4.6  176s
 90922 49445 27570.7821   36   16 48492.0000 27016.5820  44.3%   4.6  180s
 94684 51396 27534.6483   34   17 48492.0000 27036.5431  44.2%   4.7  187s
 96828 52267 28044.2368   41   11 48492.0000 27036.5431  44.2%   4.7  190s
 100322 54226 27821.8309   43    9 48492.0000 27058.3048  44.2%   4.7  198s
 102138 54559 28310.1294   46    6 48492.0000 27060.2846  44.2%   4.7  202s
 103145 55522 27752.0711   34   17 48492.0000 27070.1826  44.2%   4.7  206s
 104778 56682 28079.3827   40   14 48492.0000 27073.6625  44.2%   4.7  210s
 109268 59367 27755.5993   34   17 48492.0000 27091.5258  44.1%   4.7  219s
 111846 60489 28661.6658   52    6 48492.0000 27106.5729  44.1%   4.8  225s
 114189 62087 30434.5442   61    1 48492.0000 27120.9051  44.1%   4.8  230s
 117114 63326 28066.4656   39   15 48492.0000 27132.2954  44.0%   4.8  236s
 119647 64788 29055.7177   42   14 48492.0000 27146.1031  44.0%   4.8  241s
 122465 66246 28001.3325   42   19 48492.0000 27161.9107  44.0%   4.8  246s
 125300 67783 28026.0924   41   14 48492.0000 27162.0945  44.0%   4.8  251s
 128093 69205 28687.8585   48    3 48492.0000 27178.8424  44.0%   4.8  257s
 131119 70311 28929.5185   48    5 48492.0000 27184.5087  43.9%   4.8  262s
 133418 71506 30589.1868   54    8 48492.0000 27190.4112  43.9%   4.8  267s
 135958 72909 28104.6310   42   10 48492.0000 27202.1152  43.9%   4.9  273s
 138835 74542 27982.4313   40   12 48492.0000 27205.6690  43.9%   4.9  280s
 142077 75979 27797.3834   30   18 48492.0000 27217.1351  43.9%   4.9  286s
 144745 77207 28413.6900   42   12 48492.0000 27221.2838  43.9%   4.9  292s
 147196 78745 28150.2237   44   13 48492.0000 27231.4917  43.8%   4.9  298s
 150004 81055 28315.8731   45   10 48492.0000 27237.8024  43.8%   4.9  304s
 152670 83320 28071.0789   38   19 48492.0000 27247.1285  43.8%   4.9  310s
 155381 85529 28187.6772   40   16 48492.0000 27254.6757  43.8%   4.9  317s
 157948 87906 28031.6565   38   18 48492.0000 27263.9202  43.8%   4.9  324s
 160820 90324 28012.1902   38   19 48492.0000 27272.0442  43.8%   4.9  330s
 163553 92545 27695.9340   35   20 48492.0000 27279.0931  43.7%   4.9  336s
 166140 94421 28829.9792   45    9 48492.0000 27279.6770  43.7%   4.9  344s
 168444 96722 28544.9241   41   18 48492.0000 27292.1885  43.7%   4.9  350s
 171033 98835 29205.4754   51    8 48492.0000 27297.2575  43.7%   4.9  357s
 173548 101085 28873.1102   44    8 48492.0000 27300.5497  43.7%   5.0  363s
 176261 102833 28315.1852   41   11 48492.0000 27310.1668  43.7%   5.0  369s
 177963 104561 28967.3718   49    3 48492.0000 27318.1258  43.7%   5.0  375s
 180273 106624 28462.9700   41   17 48492.0000 27318.1258  43.7%   5.0  382s
 182816 108522 28136.0575   38   14 48492.0000 27327.1218  43.6%   5.0  390s
 185164 110612 29411.0077   69    2 48492.0000 27333.5895  43.6%   5.0  396s
 187641 112718 28451.5681   45   13 48492.0000 27339.2040  43.6%   5.0  403s
 190065 114710 28207.8702   38   22 48492.0000 27339.2040  43.6%   5.0  411s
 192499 116799 28378.9785   45   12 48492.0000 27350.4923  43.6%   5.0  418s
 194908 118690 38595.1434   79    1 48492.0000 27356.6442  43.6%   5.0  426s
 197147 120631 28589.9176   37   17 48492.0000 27362.3036  43.6%   5.0  433s
 199417 122584 28074.3669   39   15 48492.0000 27366.8466  43.6%   5.0  440s
 201738 123134 28479.1635   43   19 48492.0000 27373.1292  43.6%   5.1  446s
 201971 123774 28108.0890   34   16 48492.0000 27373.1292  43.6%   5.1  452s
 202923 124737 28104.9897   40   16 48492.0000 27373.1292  43.6%   5.1  460s
 204089 126024 30352.2166   62    2 48492.0000 27373.1292  43.6%   5.1  467s
 205754 127642 29088.0918   52    4 48492.0000 27377.5962  43.5%   5.1  475s
 207801 129214 30704.5042   68    3 48492.0000 27383.7278  43.5%   5.1  483s
 209512 130702 28554.9490   43   10 48492.0000 27392.3036  43.5%   5.1  492s
 211267 132438 28759.4209   43   14 48492.0000 27392.3154  43.5%   5.1  500s
 213544 134368 29245.7449   50    9 48492.0000 27397.1463  43.5%   5.1  509s
 215965 136300 28514.6037   37   19 48492.0000 27403.4898  43.5%   5.1  516s
 218452 138032 28950.6647   39   18 48492.0000 27407.1682  43.5%   5.1  524s
 220288 139628 30386.4047   60    5 48492.0000 27408.2239  43.5%   5.1  533s
 222244 141498 28015.3874   33   22 48492.0000 27410.3764  43.5%   5.1  542s
 224507 143386 28573.0666   37   17 48492.0000 27418.1484  43.5%   5.1  551s
 226625 145360 28266.9000   37   14 48492.0000 27422.5492  43.4%   5.1  559s
 227176 145446 27942.4176   34   18 48492.0000 27422.7211  43.4%   5.1  560s
 229009 147300 27842.2674   34   16 48492.0000 27426.4515  43.4%   5.1  567s
 231112 147721 28486.0976   46   11 48492.0000 27428.6144  43.4%   5.1  576s
 231363 148355 28514.5832   47   12 48492.0000 27428.6144  43.4%   5.1  583s
 232245 149335 28515.6978   47    8 48492.0000 27429.6238  43.4%   5.1  592s
 233347 150251 28544.4747   48   11 48492.0000 27432.3629  43.4%   5.2  600s

Cutting planes:
  Gomory: 1
  Cover: 1
  MIR: 19
  Flow cover: 3

Explored 234563 nodes (1208845 simplex iterations) in 601.32 seconds (225.82 work units)
Thread count was 32 (of 32 available processors)

Solution count 10: 48492 48525 48936 ... 91458

Time limit reached
Best objective 4.849200000000e+04, best bound 2.743236286172e+04, gap 43.4291%

User-callback calls 486099, time in user-callback 30.20 sec
