
Gurobi 13.0.2 (win64) logging started Wed Jul 15 20:48:40 2026

Set parameter LogFile to value "logs/kstar_nI20_nJ40_nK50_nL5_tI4_tJ4_s2_m0_exact_s0_20260715-204840.gurobi.log"
Set parameter Seed to value 0
Set parameter TimeLimit to value 599.9809442
Set parameter NodefileStart to value 4
Set parameter MIPGap to value 0
Set parameter MIPGapAbs to value 0.9999
Set parameter Cutoff to value 1e+100
Gurobi Optimizer version 13.0.2 build v13.0.2rc1 (win64 - Windows 11+.0 (26200.2))

CPU model: Intel(R) Core(TM) i9-14900HX, instruction set [SSE2|AVX|AVX2]
Thread count: 24 physical cores, 32 logical processors, using up to 32 threads

Non-default parameters:
TimeLimit  599.9809442
MIPGap  0
MIPGapAbs  0.9999
NodefileStart  4

Optimize a model with 750 rows, 14060 columns and 38300 nonzeros (Min)
Model fingerprint: 0x8a7e7f20
Model has 14060 linear objective coefficients
Variable types: 14000 continuous, 60 integer (60 binary)
Coefficient statistics:
  Matrix range     [1e+00, 7e+02]
  Objective range  [1e+00, 5e+02]
  Bounds range     [1e+00, 1e+00]
  RHS range        [5e+00, 2e+01]

Using branch priorities.
Found heuristic solution: objective 346570.00000
Presolve time: 0.02s
Presolved: 750 rows, 14060 columns, 38300 nonzeros
Variable types: 14000 continuous, 60 integer (60 binary)

Root relaxation: objective 2.299911e+04, 795 iterations, 0.01 seconds (0.01 work units)

    Nodes    |    Current Node    |     Objective Bounds      |     Work
 Expl Unexpl |  Obj  Depth IntInf | Incumbent    BestBd   Gap | It/Node Time

     0     0 22999.1132    0   59 346570.000 22999.1132  93.4%     -    0s
H    0     0                    37135.378662 22999.1132  38.1%     -    0s
H    0     0                    37069.144430 22999.1132  38.0%     -    0s
H    0     0                    36904.044130 22999.1132  37.7%     -    0s
H    0     0                    36889.155241 22999.1132  37.7%     -    0s
H    0     0                    36581.611013 30103.6427  17.7%     -    0s
H    0     0                    35887.595522 30103.6427  16.1%     -    0s
     0     0 30103.6427    0   54 35887.5955 30103.6427  16.1%     -    0s
     0     0 30210.8702    0   50 35887.5955 30210.8702  15.8%     -    0s
     0     0 30212.1491    0   50 35887.5955 30212.1491  15.8%     -    0s
     0     0 31761.8889    0   52 35887.5955 31761.8889  11.5%     -    0s
     0     0 32238.7844    0   53 35887.5955 32238.7844  10.2%     -    0s
     0     0 32379.0505    0   53 35887.5955 32379.0505  9.78%     -    0s
     0     0 32401.4300    0   53 35887.5955 32401.4300  9.71%     -    0s
     0     0 32435.3784    0   53 35887.5955 32435.3784  9.62%     -    0s
     0     0 32440.2660    0   53 35887.5955 32440.2660  9.61%     -    0s
     0     0 32636.1015    0   53 35887.5955 32636.1015  9.06%     -    0s
     0     0 32659.8488    0   52 35887.5955 32659.8488  8.99%     -    0s
     0     0 32666.2682    0   53 35887.5955 32666.2682  8.98%     -    0s
     0     0 32704.7727    0   52 35887.5955 32704.7727  8.87%     -    0s
     0     0 32706.7858    0   52 35887.5955 32706.7858  8.86%     -    0s
     0     0 32706.7858    0   52 35887.5955 32706.7858  8.86%     -    0s
H    0     0                    35070.000000 32706.7858  6.74%     -    0s
     0     2 32706.7858    0   52 35070.0000 32706.7858  6.74%     -    0s
H  166   225                    34853.847597 33031.8295  5.23%  81.3    0s
H  203   225                    33987.711817 33031.8295  2.81%  74.9    0s
H  227   270                    33655.000000 33091.7878  1.67%  70.2    0s
H  236   270                    33619.000000 33091.7878  1.57%  69.0    0s
H  260   270                    33484.000000 33091.7878  1.17%  66.9    0s
H  448   277                    33454.000000 33116.5726  1.01%  53.0    0s
*  860   301              17    33338.000000 33255.6854  0.25%  43.0    1s
*  914   301              13    33329.000000 33255.6854  0.22%  42.2    1s

Cutting planes:
  Implied bound: 378
  MIR: 104
  Flow cover: 355
  Relax-and-lift: 25

Explored 1219 nodes (42208 simplex iterations) in 1.21 seconds (1.27 work units)
Thread count was 32 (of 32 available processors)

Solution count 10: 33329 33338 33454 ... 35887.6

Optimal solution found (tolerance 0.00e+00)
Best objective 3.332900000000e+04, best bound 3.332900000000e+04, gap 0.0000%
