
Gurobi 13.0.2 (win64) logging started Thu Jul 16 07:40:27 2026

Set parameter LogFile to value "logs/kstar_nI20_nJ40_nK100_nL5_tI5_tJ5_s2_m1_exact_s0_20260716-074027.gurobi.log"
Set parameter Seed to value 0
Set parameter TimeLimit to value 599.96782
Set parameter MIPGap to value 0
Set parameter MIPGapAbs to value 0.5
Set parameter Cutoff to value 1e+100
Gurobi Optimizer version 13.0.2 build v13.0.2rc1 (win64 - Windows 11+.0 (26200.2))

CPU model: Intel(R) Core(TM) i9-14900HX, instruction set [SSE2|AVX|AVX2]
Thread count: 24 physical cores, 32 logical processors, using up to 32 threads

Non-default parameters:
TimeLimit  599.96782
MIPGap  0
MIPGapAbs  0.5
PreCrush  1
LazyConstraints  1

Optimize a model with 10 rows, 65 columns and 300 nonzeros (Min)
Model fingerprint: 0x9d93762f
Model has 65 linear objective coefficients
Variable types: 5 continuous, 60 integer (60 binary)
Coefficient statistics:
  Matrix range     [1e+01, 1e+03]
  Objective range  [1e+00, 5e+02]
  Bounds range     [1e+00, 8e+03]
  RHS range        [1e+03, 1e+03]

Using branch priorities.
Presolve removed 8 rows and 0 columns
Presolve time: 0.00s
Presolved: 2 rows, 65 columns, 60 nonzeros
Variable types: 5 continuous, 60 integer (60 binary)

Root relaxation: objective 4.095266e+04, 5 iterations, 0.00 seconds (0.00 work units)

    Nodes    |    Current Node    |     Objective Bounds      |     Work
 Expl Unexpl |  Obj  Depth IntInf | Incumbent    BestBd   Gap | It/Node Time

     0     0 40952.6559    0    2          - 40952.6559      -     -    0s
H    0     0                    217785.00000 40952.6559  81.2%     -    0s
H    0     0                    201955.00000 40952.6559  79.7%     -    0s
H    0     0                    189924.00000 40952.6559  78.4%     -    0s
H    0     0                    187876.00000 40952.6559  78.2%     -    0s
H    0     0                    179542.00000 40952.6559  77.2%     -    0s
H    0     0                    166394.00000 40952.6559  75.4%     -    0s
H    0     0                    155152.00000 40952.6559  73.6%     -    0s
     0     0 41078.3294    0    5 155152.000 41078.3294  73.5%     -    0s
     0     0 41134.3801    0    8 155152.000 41134.3801  73.5%     -    0s
     0     0 41189.9438    0   12 155152.000 41189.9438  73.5%     -    0s
     0     0 41191.6202    0   12 155152.000 41191.6202  73.5%     -    0s
H    0     0                    141557.00000 41191.6202  70.9%     -    0s
     0     2 41231.9812    0   13 141557.000 41231.9812  70.9%     -    0s
H 3762  3192                    130610.00000 41349.4736  68.3%   2.8    4s
H 3764  3034                    107128.00000 41411.5466  61.3%   2.8    4s
H 3767  2884                    97202.000000 41447.7120  57.4%   2.8    5s
  4927  3789 42387.8783   32    2 97202.0000 41581.7298  57.2%   4.3   10s
  7521  5008 42248.4617   30    5 97202.0000 41641.8900  57.2%   4.0   15s
 11241  6817 43251.6662   50    2 97202.0000 41726.0583  57.1%   4.0   20s
 14857  9772 43450.3038   52    4 97202.0000 41759.4598  57.0%   4.0   25s
 18396 12816 41876.2985   23   16 97202.0000 41763.4019  57.0%   4.1   30s
 21064 15217 42213.2888   30   12 97202.0000 41811.2849  57.0%   4.1   35s
 24068 18049 42497.6580   34    9 97202.0000 41814.3683  57.0%   4.2   40s
 27587 20811 43118.9180   59    1 97202.0000 41835.0588  57.0%   4.2   45s
 29649 22770 44510.1278   48    1 97202.0000 41835.5039  57.0%   4.2   50s
 31859 24797 42262.5208   23   16 97202.0000 41851.3380  56.9%   4.2   55s
 34430 27437 42266.9574   29   15 97202.0000 41865.2313  56.9%   4.2   60s
 37654 29928 43504.2891   55    1 97202.0000 41879.2779  56.9%   4.2   66s
 40392 32598 43462.9819   54    1 97202.0000 41886.1306  56.9%   4.3   71s
 42450 33977 43368.3562   52    2 97202.0000 41891.8492  56.9%   4.2   75s
 46007 36201 44492.1667   50    1 97202.0000 41895.1406  56.9%   4.3   81s
 47374 37313 42083.1722   26   15 97202.0000 41904.1607  56.9%   4.3   85s
 49154 39505 43289.8660   57    1 97202.0000 41907.0414  56.9%   4.3   91s
 50474 40998 42337.2526   22   16 97202.0000 41915.5979  56.9%   4.3   95s
 54360 44173 42578.6826   35    2 97202.0000 41928.6784  56.9%   4.2  103s
 56287 45982 42319.9797   29    8 97202.0000 41929.0909  56.9%   4.2  106s
 58279 46606 45574.6250   60    1 97202.0000 41929.0909  56.9%   4.2  110s
 58774 47685 45581.9599   61    1 97202.0000 41929.0909  56.9%   4.2  115s
 61965 50984 42914.8230   36    9 97202.0000 41936.3292  56.9%   4.3  123s
 64330 52809 42762.2847   37    2 97202.0000 41938.6598  56.9%   4.2  128s
 66363 54778 45095.6160   58    2 97202.0000 41945.6200  56.8%   4.2  133s
 68714 56788 42122.5733   20   14 97202.0000 41949.7948  56.8%   4.2  139s
 71051 57123 44590.3028   61   12 97202.0000 41956.4611  56.8%   4.3  148s
 71054 57125 42946.0000   50   30 97202.0000 41956.4611  56.8%   4.3  151s
 71058 57128 43466.3797   47   31 97202.0000 41956.4611  56.8%   4.3  155s
 71063 57131 44064.7289   65   31 97202.0000 41956.4611  56.8%   4.3  160s
 71068 57134 42743.3326   36   27 97202.0000 41956.4611  56.8%   4.3  165s
H71069 54277                    96297.000000 41956.4611  56.4%   4.3  167s
 71072 54279 43868.0000   56   31 96297.0000 41956.4611  56.4%   4.3  170s
 71105 54334 41956.4611   29   25 96297.0000 41956.4611  56.4%   4.3  175s
 71316 54475 42051.7775   32   27 96297.0000 41956.4611  56.4%   4.4  181s
 71647 54793 42210.1911   36   19 96297.0000 41956.4611  56.4%   4.4  185s
 72254 55194 42415.8637   41   18 96297.0000 41956.4611  56.4%   4.5  190s
 72790 55479 42725.0027   44   16 96297.0000 41956.4611  56.4%   4.5  195s
 73441 55819 43004.6760   50    8 96297.0000 41956.4611  56.4%   4.5  200s
 74418 56468 43528.2044   63    2 96297.0000 41956.4611  56.4%   4.5  205s
 75684 57291 42004.1138   35   20 96297.0000 41956.4611  56.4%   4.6  210s
 76816 58055 43364.8758   68    4 96297.0000 41956.4611  56.4%   4.6  215s
 78262 58861 42417.5385   46   15 96297.0000 41990.8847  56.4%   4.6  221s
 79828 59797 43270.3581   62    3 96297.0000 42010.7812  56.4%   4.6  226s
 80755 60300 42362.2625   39   16 96297.0000 42022.3179  56.4%   4.7  230s
 82925 61508 42523.0607   41   19 96297.0000 42035.4756  56.3%   4.7  236s
 84040 61355 43300.8812   59    1 96297.0000 42045.5616  56.3%   4.7  241s
 84125 61768 43338.7172   61    2 96297.0000 42045.5616  56.3%   4.7  247s
 84666 62192 42183.6187   38   20 96297.0000 42052.1107  56.3%   4.7  250s
 86446 63378 44982.0000   73    - 96297.0000 42055.3296  56.3%   4.7  257s
 87501 64142 43544.0000   75    - 96297.0000 42059.7242  56.3%   4.7  261s
 88789 64972 43308.0914   65    1 96297.0000 42069.2011  56.3%   4.8  265s
 91706 66390 42458.5556   45   16 96297.0000 42087.4466  56.3%   4.8  272s
 92988 67131 42272.1996   37   19 96297.0000 42087.4466  56.3%   4.8  276s
 94588 67948 42468.8839   42   14 96297.0000 42091.3742  56.3%   4.8  280s
 96070 68754 42528.0393   42   14 96297.0000 42102.0463  56.3%   4.8  285s
 97778 69347 42397.2078   40   19 96297.0000 42102.6128  56.3%   4.9  293s
 98846 70127 42509.7586   42   13 96297.0000 42103.8077  56.3%   4.9  297s
 100194 71153 44133.4918   63    2 96297.0000 42106.5452  56.3%   4.9  302s
 102010 72379 42360.3144   37   16 96297.0000 42113.6336  56.3%   4.9  308s
 104121 73260 43661.9039   74    3 96297.0000 42118.9108  56.3%   4.9  313s
 105876 74289 42363.9913   37   22 96297.0000 42125.1407  56.3%   5.0  319s
 107772 75346 42596.7332   40   14 96297.0000 42127.3949  56.3%   5.0  324s
 109667 75044 43459.6573   52    6 96297.0000 42129.9111  56.3%   5.0  325s
 109996 76537 43323.4871   62    4 96297.0000 42131.4533  56.2%   5.0  330s
 112210 77762 45282.1188   64    1 96297.0000 42136.4608  56.2%   5.0  337s
 114357 78377 42812.0168   44   10 96297.0000 42141.5733  56.2%   5.0  343s
 116303 79842 42510.3973   42   19 96297.0000 42145.5470  56.2%   5.0  349s
 116879 79740 43119.8442   53   10 96297.0000 42146.2555  56.2%   5.0  350s
 118563 81138 42913.2529   53    8 96297.0000 42148.7944  56.2%   5.0  356s
 120964 82427 42464.5630   37   18 96297.0000 42152.9543  56.2%   5.1  362s
 123326 83610 43234.4483   55    6 96297.0000 42157.2646  56.2%   5.1  370s
 125563 83316 42434.0866   40   16 96297.0000 42162.3219  56.2%   5.1  375s
 125817 84684 42515.6333   41   12 96297.0000 42162.3219  56.2%   5.1  381s
 127795 86039 42592.9893   41   11 96297.0000 42162.6418  56.2%   5.2  388s
 130190 85605 42551.0486   37   13 96297.0000 42166.3860  56.2%   5.2  393s
 130222 86871 42501.7134   35   15 96297.0000 42166.3860  56.2%   5.2  401s
 132129 88337 42601.2408   37   16 96297.0000 42167.6812  56.2%   5.2  409s
 134603 89723 42646.8471   38   15 96297.0000 42172.7120  56.2%   5.2  417s
 137096 91333 43017.5705   51   10 96297.0000 42177.5059  56.2%   5.3  426s
 139914 92885 44328.5619   60    2 96297.0000 42180.9276  56.2%   5.3  435s
 142776 93986 43435.8577   72    3 96297.0000 42184.8122  56.2%   5.3  444s
 145067 95689 42402.2279   35   18 96297.0000 42188.1090  56.2%   5.3  453s
 148085 97431 42691.7502   39   21 96297.0000 42195.3528  56.2%   5.4  463s
 151235 99349 42517.1180   38   19 96297.0000 42198.8072  56.2%   5.4  473s
 154604 101202 42874.9948   44   16 96297.0000 42205.1245  56.2%   5.4  483s
 157945 100624 42629.1058   42   17 96297.0000 42207.7988  56.2%   5.5  491s
 158153 100616 42694.7120   43   15 96297.0000 42207.7988  56.2%   5.5  498s
 158185 101573 42726.6184   44   14 96297.0000 42207.7988  56.2%   5.5  508s
 159631 102973 42804.2366   45    6 96297.0000 42207.9522  56.2%   5.5  519s
 161944 104094 42626.3955   42   19 96297.0000 42210.4431  56.2%   5.5  532s
 164207 105876 42832.2418   42   17 96297.0000 42210.4431  56.2%   5.5  545s
 167082 107607 43181.5596   60    5 96297.0000 42214.5545  56.2%   5.5  557s
 170481 108839 42966.5454   48    5 96297.0000 42216.4489  56.2%   5.5  568s
 173312 110292 42999.1337   47   12 96297.0000 42222.5949  56.2%   5.5  581s
 175974 112024 42567.7040   44   12 96297.0000 42226.0013  56.2%   5.6  593s
 179130 112654 42497.0291   40   16 96297.0000 42228.4845  56.1%   5.6  600s

Cutting planes:
  Gomory: 8
  Cover: 1
  MIR: 4

Explored 180769 nodes (1012868 simplex iterations) in 601.86 seconds (219.32 work units)
Thread count was 32 (of 32 available processors)

Solution count 10: 96297 97202 107128 ... 189924

Time limit reached
Best objective 9.629700000000e+04, best bound 4.223152359311e+04, gap 56.1445%

User-callback calls 378755, time in user-callback 96.57 sec
