
Gurobi 13.0.2 (win64) logging started Thu Jul 16 15:52:38 2026

Set parameter LogFile to value "logs/kstar_nI20_nJ40_nK50_nL5_tI5_tJ5_s1_m1_exact_s0_20260716-155238.gurobi.log"
Set parameter Seed to value 0
Set parameter TimeLimit to value 599.9793579
Set parameter MIPGap to value 0
Set parameter MIPGapAbs to value 0.5
Set parameter Cutoff to value 1e+100
Gurobi Optimizer version 13.0.2 build v13.0.2rc1 (win64 - Windows 11+.0 (26200.2))

CPU model: Intel(R) Core(TM) i9-14900HX, instruction set [SSE2|AVX|AVX2]
Thread count: 24 physical cores, 32 logical processors, using up to 32 threads

Non-default parameters:
TimeLimit  599.9793579
MIPGap  0
MIPGapAbs  0.5
PreCrush  1
LazyConstraints  1

Optimize a model with 10 rows, 65 columns and 300 nonzeros (Min)
Model fingerprint: 0x909608f5
Model has 65 linear objective coefficients
Variable types: 5 continuous, 60 integer (60 binary)
Coefficient statistics:
  Matrix range     [2e+00, 7e+02]
  Objective range  [1e+00, 5e+02]
  Bounds range     [1e+00, 5e+03]
  RHS range        [6e+02, 7e+02]

Using branch priorities.
Presolve removed 8 rows and 0 columns
Presolve time: 0.00s
Presolved: 2 rows, 65 columns, 60 nonzeros
Variable types: 5 continuous, 60 integer (60 binary)

Root relaxation: objective 2.318819e+04, 4 iterations, 0.00 seconds (0.00 work units)

    Nodes    |    Current Node    |     Objective Bounds      |     Work
 Expl Unexpl |  Obj  Depth IntInf | Incumbent    BestBd   Gap | It/Node Time

     0     0 23188.1896    0    2          - 23188.1896      -     -    0s
H    0     0                    102222.00000 23188.1896  77.3%     -    0s
H    0     0                    99633.000000 23188.1896  76.7%     -    0s
H    0     0                    94676.000000 23188.1896  75.5%     -    0s
H    0     0                    83530.000000 23188.1896  72.2%     -    0s
     0     0 23481.4954    0    5 83530.0000 23481.4954  71.9%     -    0s
     0     0 23583.6830    0    7 83530.0000 23583.6830  71.8%     -    0s
     0     0 23747.4557    0    9 83530.0000 23747.4557  71.6%     -    0s
     0     0 23754.3234    0    9 83530.0000 23754.3234  71.6%     -    0s
     0     2 23887.7984    0   11 83530.0000 23887.7984  71.4%     -    0s
H 3253  2782                    71586.000000 24030.9628  66.4%   3.6    2s
H 3257  2645                    71264.000000 24030.9628  66.3%   3.5    2s
H 3257  2512                    67814.000000 24030.9628  64.6%   3.5    2s
H 3257  2387                    61321.000000 24030.9628  60.8%   3.5    2s
H 3271  2276                    60439.000000 24061.2461  60.2%   3.5    4s
  3496  2459 24449.1504   24   16 60439.0000 24198.5502  60.0%   4.5    5s
  9496  5901 25776.9785   44   10 60439.0000 24381.2145  59.7%   5.3   10s
 15318 10907 25572.6361   42   11 60439.0000 24506.5456  59.5%   5.4   15s
 20892 15840 26005.4756   41    8 60439.0000 24586.8165  59.3%   5.5   20s
 28484 21918 25251.2365   28   13 60439.0000 24649.4348  59.2%   5.5   25s
 30163 23797 25237.1465   28   17 60439.0000 24659.5477  59.2%   5.6   30s
 32450 26131 25362.8060   26   15 60439.0000 24712.1401  59.1%   5.5   35s
 35867 28950 26534.8366   51    6 60439.0000 24725.9583  59.1%   5.5   40s
 37498 29901 25681.3645   32   16 60439.0000 24763.0510  59.0%   5.5   45s
 39590 31870 25477.5944   28   19 60439.0000 24771.2180  59.0%   5.5   50s
 42854 35023 26459.6979   51    6 60439.0000 24786.4845  59.0%   5.5   57s
 45535 37436 25798.7749   32   12 60439.0000 24806.4371  59.0%   5.5   61s
 48184 39612 25762.8987   29   13 60439.0000 24809.3378  59.0%   5.6   66s
 51448 42534 26225.5025   31   10 60439.0000 24822.2561  58.9%   5.6   71s
 53424 43769 27329.9119   47    2 60439.0000 24834.8307  58.9%   5.6   75s
 57396 45917 28583.0000   61    9 60439.0000 24850.4946  58.9%   5.5   86s
H57397 43622                    57128.000000 24850.4946  56.5%   5.5   88s
 57399 43623 25635.5587   37   29 57128.0000 24850.4946  56.5%   5.5   90s
H57403 41444                    52815.000000 24850.4946  52.9%   5.5   93s
 57407 41446 26302.0000   50   30 52815.0000 24850.4946  52.9%   5.5   96s
H57411 39376                    51107.000000 24850.4946  51.4%   5.5   98s
H57412 39377                    50714.000000 24850.4946  51.0%   5.5   98s
 57414 39378 26541.9805   52   33 50714.0000 24850.4946  51.0%   5.5  100s
H57415 37410                    48450.000000 24850.4946  48.7%   5.5  103s
 57418 37412 26476.1267   63   35 48450.0000 24850.4946  48.7%   5.5  105s
 57515 37565 25495.1364   36   19 48450.0000 24989.4945  48.4%   5.6  110s
 58140 37998 25969.1546   40   11 48450.0000 24989.4945  48.4%   5.7  115s
 59155 38497 26118.1415   46   12 48450.0000 24989.4945  48.4%   5.8  120s
 60397 39289 36749.2777   87    1 48450.0000 25081.7266  48.2%   5.8  125s
 61908 40233 25773.8018   38   19 48450.0000 25137.0096  48.1%   5.8  131s
 62954 40843 27910.9557   61    4 48450.0000 25167.6564  48.1%   5.9  135s
 64821 41946 26065.6411   40   19 48450.0000 25252.8476  47.9%   5.9  140s
 67199 43294 31632.1435   77    1 48450.0000 25327.2308  47.7%   5.9  146s
 69153 44107 31944.8865   76    1 48450.0000 25350.7225  47.7%   5.9  150s
 70835 44544 30086.1030   76    2 48450.0000 25350.7225  47.7%   6.0  155s
 71949 45637 25855.2495   40   16 48450.0000 25423.4516  47.5%   6.0  161s
 73347 46470 26322.2519   45   14 48450.0000 25432.7616  47.5%   6.1  167s
 74119 46487 25943.5765   43   14 48450.0000 25432.7616  47.5%   6.1  170s
 74972 47410 26483.7821   51   14 48450.0000 25432.7616  47.5%   6.1  175s
 77315 48914 28478.7280   65    4 48450.0000 25515.2795  47.3%   6.1  180s
 80134 50395 35950.3005   84    1 48450.0000 25542.8117  47.3%   6.0  186s
 81652 50933 27490.6673   71    3 48450.0000 25553.2662  47.3%   6.0  190s
 84383 52737 26050.2318   44   15 48450.0000 25572.2449  47.2%   6.1  196s
 87512 54109 25997.8345   37   22 48450.0000 25572.2449  47.2%   6.1  202s
 88822 54844 26489.0949   50    8 48450.0000 25572.2449  47.2%   6.1  206s
 92220 56587 27847.3398   65    3 48450.0000 25598.5617  47.2%   6.1  213s
 94041 56635 26038.4420   42   20 48450.0000 25612.9161  47.1%   6.1  218s
 94574 57625 26101.8670   43   16 48450.0000 25613.7316  47.1%   6.1  223s
 96013 58667 26446.7450   44   12 48450.0000 25619.2168  47.1%   6.1  227s
 97854 59714 26944.7858   45    8 48450.0000 25619.2168  47.1%   6.1  231s
 100000 61035 26571.5163   45   15 48450.0000 25644.7391  47.1%   6.1  236s
 102280 62215 26767.0099   63    3 48450.0000 25659.9124  47.0%   6.1  241s
 104509 63393 26217.4674   41   20 48450.0000 25671.7716  47.0%   6.1  246s
 106840 63149 26870.6546   53    9 48450.0000 25680.8928  47.0%   6.1  250s
 107119 63920 26912.6446   54    7 48450.0000 25681.0887  47.0%   6.1  255s
 108265 64731 30284.7911   78    1 48450.0000 25684.0522  47.0%   6.1  260s
 109820 65635 25994.3621   38   21 48450.0000 25690.6205  47.0%   6.1  265s
 111333 66597 26938.4424   64    4 48450.0000 25691.0667  47.0%   6.1  270s
 113366 67515 26813.5059   43   17 48450.0000 25702.3116  47.0%   6.1  276s
 115228 68710 26473.0677   42   16 48450.0000 25713.4888  46.9%   6.1  283s
 117264 70047 27277.8457   62    5 48450.0000 25725.1907  46.9%   6.1  289s
 119748 71505 27941.7290   50   10 48450.0000 25736.3316  46.9%   6.1  295s
 122313 73008 25973.9501   39   27 48450.0000 25751.1992  46.8%   6.1  302s
 125669 74340 25911.4216   39   20 48450.0000 25758.1453  46.8%   6.1  309s
 128745 74452 29594.7147   75    4 48450.0000 25771.5172  46.8%   6.1  316s
 129513 76109 26884.8580   44   16 48450.0000 25771.5172  46.8%   6.1  324s
 132103 77285 26226.7735   46   15 48450.0000 25775.8366  46.8%   6.1  331s
 134373 79045 26880.4641   45   16 48450.0000 25789.1538  46.8%   6.1  338s
 137343 80268 26858.1577   53    7 48450.0000 25801.3191  46.7%   6.1  347s
 140234 82020 26710.7483   55   13 48450.0000 25810.2854  46.7%   6.1  356s
 143306 84078 26417.4927   41   20 48450.0000 25829.5517  46.7%   6.1  365s
 146950 85566 26698.0443   45   14 48450.0000 25836.1551  46.7%   6.1  373s
 150019 87254 26944.9733   51   17 48450.0000 25845.9809  46.7%   6.1  381s
 153207 88620 26788.8719   44   18 48450.0000 25854.2192  46.6%   6.1  389s
 155850 90068 27130.0136   53   11 48450.0000 25856.1006  46.6%   6.1  396s
 158528 91647 30641.0000   64    - 48450.0000 25863.1563  46.6%   6.2  404s
 161764 93196 26819.2231   54   14 48450.0000 25872.5493  46.6%   6.2  413s
 165052 94902 26317.1444   42   16 48450.0000 25879.9629  46.6%   6.2  421s
 168115 95954 26435.8322   42   18 48450.0000 25889.3989  46.6%   6.2  429s
 170544 97768 28030.3537   55    9 48450.0000 25889.3989  46.6%   6.2  439s
 173202 100444 26631.9116   43   17 48450.0000 25900.3594  46.5%   6.2  446s
 175942 102626 28213.1023   60    2 48450.0000 25901.4584  46.5%   6.2  456s
 179219 105282 33914.4243   87    1 48450.0000 25905.5266  46.5%   6.2  464s
 180142 105421 27160.2520   44   20 48450.0000 25908.5696  46.5%   6.2  465s
 182219 108000 27027.0910   52   12 48450.0000 25912.5062  46.5%   6.2  473s
 185369 110570 27364.1181   54    9 48450.0000 25919.6491  46.5%   6.1  482s
 188370 112821 28094.0000   87    - 48450.0000 25927.1806  46.5%   6.1  493s
 190995 115045 27047.2078   46   12 48450.0000 25936.6505  46.5%   6.1  501s
 193006 117124 27291.2596   51    8 48450.0000 25937.8713  46.5%   6.2  509s
 196086 119380 31452.0000   72    - 48450.0000 25939.4926  46.5%   6.2  518s
 199200 121455 27161.6985   42   17 48450.0000 25945.6569  46.4%   6.1  528s
 201907 124010 26542.7753   44   21 48450.0000 25951.6851  46.4%   6.1  537s
 204572 126306 27322.1062   45   17 48450.0000 25957.6018  46.4%   6.1  548s
 207183 128616 27718.8161   68    3 48450.0000 25958.0702  46.4%   6.1  557s
 209963 130777 29000.6667   80    1 48450.0000 25962.3416  46.4%   6.1  567s
 212517 132854 27040.7218   45   13 48450.0000 25972.4476  46.4%   6.2  575s
 214800 134806 29607.0000   78    - 48450.0000 25977.1972  46.4%   6.2  586s
 217138 136705 26483.7816   43   18 48450.0000 25980.4727  46.4%   6.2  594s
 218060 136840 27118.0932   46   14 48450.0000 25980.8096  46.4%   6.2  595s
 219260 137883 27108.3341   66    1 48450.0000 25980.8096  46.4%   6.2  600s

Cutting planes:
  Gomory: 6
  MIR: 6
  StrongCG: 1

Explored 220396 nodes (1363268 simplex iterations) in 601.33 seconds (205.74 work units)
Thread count was 32 (of 32 available processors)

Solution count 10: 48450 50714 51107 ... 71586

Time limit reached
Best objective 4.845000000000e+04, best bound 2.598080958127e+04, gap 46.3760%

User-callback calls 460010, time in user-callback 49.49 sec
