
Gurobi 13.0.2 (win64) logging started Sat Jul 11 02:58:05 2026

Set parameter LogFile to value "logs/kstar_nI20_nJ20_nK100_nL5_tI4_tJ4_s2_m1_exact_s0_20260711-025805.gurobi.log"
Set parameter Seed to value 0
Set parameter TimeLimit to value 599.9836282
Set parameter MIPGap to value 0
Set parameter MIPGapAbs to value 0.5
Set parameter Cutoff to value 1e+100
Gurobi Optimizer version 13.0.2 build v13.0.2rc1 (win64 - Windows 11+.0 (26200.2))

CPU model: Intel(R) Core(TM) i9-14900HX, instruction set [SSE2|AVX|AVX2]
Thread count: 24 physical cores, 32 logical processors, using up to 32 threads

Non-default parameters:
TimeLimit  599.9836282
MIPGap  0
MIPGapAbs  0.5
PreCrush  1
LazyConstraints  1

Optimize a model with 10 rows, 45 columns and 200 nonzeros (Min)
Model fingerprint: 0x6884147a
Model has 45 linear objective coefficients
Variable types: 5 continuous, 40 integer (40 binary)
Coefficient statistics:
  Matrix range     [2e+00, 1e+03]
  Objective range  [1e+00, 5e+02]
  Bounds range     [1e+00, 1e+04]
  RHS range        [1e+03, 1e+03]

Using branch priorities.
Presolve removed 6 rows and 0 columns
Presolve time: 0.00s
Presolved: 4 rows, 45 columns, 80 nonzeros
Variable types: 5 continuous, 40 integer (40 binary)

Root relaxation: objective 6.342246e+04, 6 iterations, 0.00 seconds (0.00 work units)

    Nodes    |    Current Node    |     Objective Bounds      |     Work
 Expl Unexpl |  Obj  Depth IntInf | Incumbent    BestBd   Gap | It/Node Time

     0     0 63422.4554    0    3          - 63422.4554      -     -    0s
H    0     0                    242888.00000 63422.4554  73.9%     -    0s
H    0     0                    221306.00000 63422.4554  71.3%     -    0s
H    0     0                    208134.00000 63422.4554  69.5%     -    0s
H    0     0                    197001.00000 63422.4554  67.8%     -    0s
H    0     0                    193852.00000 63422.4554  67.3%     -    0s
     0     0 63546.5083    0    6 193852.000 63546.5083  67.2%     -    0s
     0     0 63590.7020    0    9 193852.000 63590.7020  67.2%     -    0s
H    0     0                    183348.00000 63592.2243  65.3%     -    0s
H    0     0                    172759.00000 63592.2243  63.2%     -    0s
     0     0 63638.8274    0    9 172759.000 63638.8274  63.2%     -    0s
     0     0 63760.6351    0   10 172759.000 63760.6351  63.1%     -    0s
H    0     0                    134356.00000 63768.4049  52.5%     -    0s
     0     0 63872.7409    0    9 134356.000 63872.7409  52.5%     -    0s
     0     0 63938.0720    0   12 134356.000 63938.0720  52.4%     -    0s
     0     0 63995.9818    0   11 134356.000 63995.9818  52.4%     -    0s
     0     0 64047.2526    0   12 134356.000 64047.2526  52.3%     -    0s
     0     0 64055.7720    0   11 134356.000 64055.7720  52.3%     -    0s
     0     0 64056.4939    0   11 134356.000 64056.4939  52.3%     -    0s
     0     0 64056.4939    0   11 134356.000 64056.4939  52.3%     -    0s
     0     2 64067.0601    0   15 134356.000 64067.0601  52.3%     -    0s
H 3358  2796                    132675.00000 64259.5593  51.6%   3.4    2s
H 3362  2659                    128872.00000 64259.5593  50.1%   3.4    2s
  3930  3180 65270.9517   26    5 128872.000 64459.0319  50.0%   4.9    5s
  6909  4534 64925.8874   22   12 128872.000 64564.4706  49.9%   5.4   10s
 10698  6420 66874.1105   28    7 128872.000 64616.0184  49.9%   5.3   15s
 15484 10129 65289.6339   22   16 128872.000 64751.1669  49.8%   5.4   20s
 17540 11649 66030.3359   28    9 128872.000 64761.3261  49.7%   5.5   25s
 18823 12746 65162.9032   22   16 128872.000 64783.1838  49.7%   5.5   30s
 21921 15093 66855.1438   35    8 128872.000 64834.0450  49.7%   5.5   35s
 25233 17753 82400.0000   46    - 128872.000 64875.0744  49.7%   5.5   41s
 26360 18839 65569.2903   23   13 128872.000 64888.1203  49.6%   5.5   46s
 28261 20422 66391.1785   30    4 128872.000 64908.5120  49.6%   5.5   51s
 29679 21716 66535.1974   31    6 128872.000 64923.1559  49.6%   5.5   55s
 31746 23332 66189.0058   23   15 128872.000 64941.1553  49.6%   5.5   60s
 34306 25345 66061.2829   29    8 128872.000 64963.6138  49.6%   5.5   65s
 36841 27539 67587.8346   37    4 128872.000 64982.8363  49.6%   5.6   70s
 39757 29841 69545.0594   43    1 128872.000 65005.0489  49.6%   5.6   76s
 41349 31016 86610.0000   46    - 128872.000 65021.1917  49.5%   5.6   80s
 44131 33319 66157.4399   26   18 128872.000 65033.8651  49.5%   5.6   87s
 45839 34625 73093.8522   46    1 128872.000 65041.3807  49.5%   5.6   92s
 47241 34894 66822.1119   30   11 128872.000 65057.4529  49.5%   5.6  105s
H47242 33150                    114996.00000 65057.4529  43.4%   5.6  106s
 47245 33152 72323.0000   50   25 114996.000 65057.4529  43.4%   5.6  110s
H47247 31495                    104095.00000 65057.4529  37.5%   5.6  112s
H47247 29920                    103500.00000 65057.4529  37.1%   5.6  112s
H47247 28424                    100668.00000 65057.4529  35.4%   5.6  112s
 47251 28427 65808.0136   34   27 100668.000 65057.4529  35.4%   5.6  115s
 47256 28430 68408.0000   45   30 100668.000 65057.4529  35.4%   5.6  121s
H47257 27009                    95753.000000 65057.4529  32.1%   5.6  123s
 47260 27011 66035.5093   33   29 95753.0000 65057.4529  32.1%   5.6  126s
 47263 27013 73066.3240   41   29 95753.0000 65057.4529  32.1%   5.6  130s
H47263 25662                    94593.000000 65057.4529  31.2%   5.6  130s
 47359 25838 65439.8025   33   22 94593.0000 65057.4529  31.2%   5.7  136s
 47714 26001 66214.9713   37   14 94593.0000 65057.4529  31.2%   5.8  140s
 48390 26361 67205.7021   42   10 94593.0000 65057.4529  31.2%   5.8  145s
 49277 26826 75690.6999   51    8 94593.0000 65057.4529  31.2%   5.8  150s
 50059 27213 76430.0000   58    - 94593.0000 65134.0197  31.1%   5.8  155s
 50563 27512 66664.0693   41   10 94593.0000 65248.8576  31.0%   5.9  160s
 51077 27860 65690.2800   33   21 94593.0000 65248.8576  31.0%   5.9  166s
 51961 28331 67436.6005   48    7 94593.0000 65268.8903  31.0%   5.9  170s
 53661 29188 66385.9074   47   12 94593.0000 65313.2735  31.0%   5.9  176s
 54909 29836 70381.9662   46    4 94593.0000 65342.9274  30.9%   6.0  181s
 56352 30272 65891.8668   38   19 94593.0000 65400.4864  30.9%   6.0  186s
 57399 31119 65975.5614   38   18 94593.0000 65472.0008  30.8%   6.0  191s
 58548 31339 65704.3213   36   21 94593.0000 65505.6412  30.8%   6.0  195s
 60656 32168 67387.3500   42    7 94593.0000 65560.3555  30.7%   6.1  202s
 60825 32315 66136.5686   38   18 94593.0000 65564.6193  30.7%   6.1  205s
 61462 33047 66021.4339   37   18 94593.0000 65581.8898  30.7%   6.1  210s
 62912 33924 75530.0000   63    - 94593.0000 65606.7962  30.6%   6.1  217s
 63965 34460 67481.7492   54    2 94593.0000 65619.5115  30.6%   6.1  220s
 65173 34498 67908.4605   56    1 94593.0000 65627.9805  30.6%   6.1  225s
 66656 35587 66190.6317   40   16 94593.0000 65641.7275  30.6%   6.1  234s
 67781 36216 66926.3881   41   14 94593.0000 65663.1674  30.6%   6.1  237s
 68957 36899 66430.2424   43   14 94593.0000 65680.0956  30.6%   6.2  240s
 71659 38153 66110.8784   37   22 94593.0000 65702.3199  30.5%   6.2  248s
 72983 38626 69808.0000   57    - 94593.0000 65702.3640  30.5%   6.2  251s
 74119 39358 68210.6309   50    2 94593.0000 65726.8825  30.5%   6.2  255s
 75681 40005 66145.8613   37   22 94593.0000 65736.9453  30.5%   6.2  261s
 77133 40668 66420.8435   40   16 94593.0000 65754.3483  30.5%   6.2  265s
 79134 41277 66403.4600   38   21 94593.0000 65769.2428  30.5%   6.2  273s
 80244 41441 66909.5009   40   20 94593.0000 65769.4641  30.5%   6.2  279s
 81219 42258 67372.6564   44    9 94593.0000 65769.7815  30.5%   6.2  285s
 82606 43063 67391.2616   43   13 94593.0000 65769.7815  30.5%   6.2  291s
 84132 43735 66658.8170   40   14 94593.0000 65773.9133  30.5%   6.2  297s
 85930 44416 72529.0000   62    - 94593.0000 65812.4243  30.4%   6.2  303s
 87694 45475 67045.0422   42   11 94593.0000 65823.3584  30.4%   6.2  309s
 89649 46321 66627.3335   41   16 94593.0000 65836.6816  30.4%   6.2  315s
 91519 46731 66934.6117   42   15 94593.0000 65848.0063  30.4%   6.2  324s
 92709 47602 76786.0000   62    - 94593.0000 65850.9676  30.4%   6.2  334s
 94437 48711 78107.0000   59    - 94593.0000 65870.5277  30.4%   6.2  340s
 96244 49400 68490.3204   55    4 94593.0000 65881.7478  30.4%   6.3  346s
 97969 50304 67122.3438   40   14 94593.0000 65889.7242  30.3%   6.3  353s
 100504 51267 70825.0000   60    - 94593.0000 65899.9446  30.3%   6.2  362s
 102417 52277 66952.7420   37   18 94593.0000 65915.2975  30.3%   6.2  370s
 104578 53267 68181.8910   45   14 94593.0000 65928.9340  30.3%   6.2  378s
 106772 53473 71005.1816   55    3 94593.0000 65939.5545  30.3%   6.3  384s
 107560 53952 67567.4007   46   11 94593.0000 65939.5545  30.3%   6.3  392s
 108475 54988 67617.7644   46    9 94593.0000 65944.8161  30.3%   6.3  399s
 110489 56012 69029.0988   57    3 94593.0000 65946.9996  30.3%   6.3  407s
 112491 57059 67349.7767   45   13 94593.0000 65964.6732  30.3%   6.3  419s
 113613 56895 67796.2293   44   10 94593.0000 65964.6732  30.3%   6.3  420s
 114650 58163 68596.7392   44   14 94593.0000 65975.6386  30.3%   6.3  428s
 117138 59099 67009.5139   41   18 94593.0000 65990.3216  30.2%   6.3  438s
 119213 59810 68761.9833   55    1 94593.0000 66007.0105  30.2%   6.3  451s
 120997 61092 70688.4696   44   11 94593.0000 66007.6799  30.2%   6.3  462s
 123661 62415 66846.2313   40   19 94593.0000 66030.5459  30.2%   6.3  473s
 126452 64270 67372.5548   40   18 94593.0000 66048.2688  30.2%   6.4  485s
 129053 66435 68848.7164   50    4 94593.0000 66064.3699  30.2%   6.4  496s
 131928 68494 66919.5650   38   21 94593.0000 66078.5079  30.1%   6.4  509s
 134428 70487 71589.7214   57    4 94593.0000 66090.0838  30.1%   6.4  522s
 137075 72588 72725.6758   61    1 94593.0000 66102.5010  30.1%   6.4  534s
 139717 73583 69286.9138   50    4 94593.0000 66116.1693  30.1%   6.4  547s
 140560 74622 67392.8299   43   11 94593.0000 66116.5029  30.1%   6.4  566s
 141844 76267 72323.1014   53    3 94593.0000 66121.8235  30.1%   6.4  579s
 141915 76281 68235.7354   41   13 94593.0000 66121.8235  30.1%   6.4  580s
 144321 78174 67866.8307   42   13 94593.0000 66128.0101  30.1%   6.4  592s
 146854 79145 67731.5227   45   13 94593.0000 66142.9853  30.1%   6.4  600s

Cutting planes:
  Gomory: 4
  MIR: 10
  Flow cover: 3

Explored 147530 nodes (947083 simplex iterations) in 601.29 seconds (148.09 work units)
Thread count was 32 (of 32 available processors)

Solution count 10: 94593 95753 100668 ... 172759

Time limit reached
Best objective 9.459300000000e+04, best bound 6.614748845508e+04, gap 30.0715%

User-callback calls 314770, time in user-callback 59.14 sec
