
Gurobi 13.0.2 (win64) logging started Thu Jul 16 01:18:35 2026

Set parameter LogFile to value "logs/kstar_nI20_nJ40_nK100_nL10_tI2_tJ2_s4_m1_exact_s0_20260716-011835.gurobi.log"
Set parameter Seed to value 0
Set parameter TimeLimit to value 599.9426075
Set parameter MIPGap to value 0
Set parameter MIPGapAbs to value 0.5
Set parameter Cutoff to value 1e+100
Gurobi Optimizer version 13.0.2 build v13.0.2rc1 (win64 - Windows 11+.0 (26200.2))

CPU model: Intel(R) Core(TM) i9-14900HX, instruction set [SSE2|AVX|AVX2]
Thread count: 24 physical cores, 32 logical processors, using up to 32 threads

Non-default parameters:
TimeLimit  599.9426075
MIPGap  0
MIPGapAbs  0.5
PreCrush  1
LazyConstraints  1

Optimize a model with 20 rows, 70 columns and 600 nonzeros (Min)
Model fingerprint: 0xdf2b4e34
Model has 70 linear objective coefficients
Variable types: 10 continuous, 60 integer (60 binary)
Coefficient statistics:
  Matrix range     [3e+01, 1e+03]
  Objective range  [1e+00, 5e+02]
  Bounds range     [1e+00, 1e+04]
  RHS range        [1e+03, 1e+03]

Using branch priorities.
Presolve removed 16 rows and 0 columns
Presolve time: 0.00s
Presolved: 4 rows, 70 columns, 120 nonzeros
Variable types: 10 continuous, 60 integer (60 binary)

Root relaxation: objective 8.295341e+04, 7 iterations, 0.00 seconds (0.00 work units)

    Nodes    |    Current Node    |     Objective Bounds      |     Work
 Expl Unexpl |  Obj  Depth IntInf | Incumbent    BestBd   Gap | It/Node Time

     0     0 82953.4054    0    2          - 82953.4054      -     -    0s
H    0     0                    871730.00000 82953.4054  90.5%     -    0s
H    0     0                    677453.00000 82953.4054  87.8%     -    0s
H    0     0                    641862.00000 82953.4054  87.1%     -    0s
H    0     0                    615456.00000 82953.4054  86.5%     -    0s
H    0     0                    595300.00000 82953.4054  86.1%     -    0s
     0     0 82993.2725    0    5 595300.000 82993.2725  86.1%     -    0s
     0     0 83009.7225    0    6 595300.000 83009.7225  86.1%     -    0s
H    0     0                    583753.00000 83009.7225  85.8%     -    0s
     0     0 83101.6152    0    8 583753.000 83101.6152  85.8%     -    0s
     0     0 83105.8665    0    8 583753.000 83105.8665  85.8%     -    0s
H    0     0                    520942.00000 83105.8665  84.0%     -    0s
H    0     0                    519026.00000 83105.8665  84.0%     -    0s
     0     2 83127.3091    0   14 519026.000 83127.3091  84.0%     -    0s
  2517  2556 84447.8048   49    1 519026.000 83244.8048  84.0%   2.7    5s
H 3455  2924                    445815.00000 83244.8048  81.3%   2.6    7s
H 3457  2778                    410481.00000 83244.8048  79.7%   2.6    8s
H 3473  2650                    357041.00000 83245.1786  76.7%   2.6   11s
H 3474  2652                    356554.00000 83245.1786  76.7%   2.7   11s
  3705  2837 83339.0709   20   14 356554.000 83245.1786  76.7%   3.8   15s
  4101  3096 83389.5806   24   11 356554.000 83245.1786  76.7%   4.6   20s
  4740  3591 83452.4360   30   14 356554.000 83245.1786  76.7%   4.9   25s
  5457  3909 83606.1880   34   10 356554.000 83277.4040  76.6%   5.1   30s
  6237  4209 100168.000   67    - 356554.000 83277.4040  76.6%   5.2   35s
  7105  4731 85059.4939   50    1 356554.000 83312.3136  76.6%   5.2   40s
  7979  5108 108823.000   68    - 356554.000 83328.4321  76.6%   5.2   45s
  9070  5734 85265.4353   56    1 356554.000 83339.7278  76.6%   5.1   50s
  9661  5942 83565.0388   18   19 356554.000 83346.3870  76.6%   5.2   56s
 10192  6253 84078.8396   24    6 356554.000 83346.3870  76.6%   5.1   61s
 10718  6541 86073.6002   63    2 356554.000 83346.3870  76.6%   5.1   65s
 11608  7125 83414.7165   21   17 356554.000 83346.3870  76.6%   5.0   70s
 13092  8378 85736.9158   56    2 356554.000 83368.0346  76.6%   5.0   76s
 14200  9370 84152.2586   40    5 356554.000 83381.4871  76.6%   5.0   80s
 15730 10719 83630.2188   27   17 356554.000 83381.4871  76.6%   4.9   85s
 16801 11440 88899.7173   64    1 356554.000 83393.3636  76.6%   5.0   90s
 17536 12140 84103.6790   25    6 356554.000 83393.3636  76.6%   5.0   95s
 18965 13110 84568.3512   39    1 356554.000 83393.3636  76.6%   4.9  100s
 20182 14455 83534.5922   21   23 356554.000 83395.4617  76.6%   4.9  105s
 21567 15718 84187.4173   37    5 356554.000 83416.8148  76.6%   5.0  110s
 23241 16614 83832.1435   27   14 356554.000 83431.9661  76.6%   5.0  115s
 23377 16929 83965.2022   29   13 356554.000 83431.9661  76.6%   5.0  124s
 23706 17304 83998.5621   30   11 356554.000 83431.9661  76.6%   5.0  128s
 24122 17736 84015.7254   31   13 356554.000 83431.9661  76.6%   5.0  132s
 24763 18259 84247.5660   32    8 356554.000 83431.9661  76.6%   5.0  136s
 25453 18848 84252.8602   33    7 356554.000 83447.8619  76.6%   5.0  141s
 26271 19573 84253.6040   34    7 356554.000 83447.8619  76.6%   5.0  146s
 27108 19755 84343.5644   35    5 356554.000 83447.8619  76.6%   5.0  151s
 27140 20012 84381.5436   36    5 356554.000 83447.8619  76.6%   5.0  156s
 27513 20394 84398.2573   37    4 356554.000 83447.8619  76.6%   5.0  160s
 28067 20883 84551.8999   38    1 356554.000 83447.8619  76.6%   5.0  166s
 28573 21569 84653.0000   39    - 356554.000 83447.8619  76.6%   5.0  171s
 29459 22418 83797.8190   32   15 356554.000 83465.3466  76.6%   5.1  177s
 30413 23554 83570.5237   36   12 356554.000 83480.3955  76.6%   5.1  183s
 31926 24890 83640.2987   23   19 356554.000 83489.5092  76.6%   5.1  190s
 33512 26161 83884.9895   24   18 356554.000 83495.7214  76.6%   5.1  197s
 34909 26349 84226.2407   43    8 356554.000 83500.7987  76.6%   5.1  219s
H34910 25032                    354016.00000 83500.7987  76.4%   5.1  222s
 34912 25033 85773.1811   65   29 354016.000 83500.7987  76.4%   5.1  226s
 34917 25036 83686.2279   24   26 354016.000 83500.7987  76.4%   5.1  231s
H34917 23784                    323393.00000 83500.7987  74.2%   5.1  234s
 34920 23786 84095.0728   30   29 323393.000 83500.7987  74.2%   5.1  237s
 34922 23788 85135.0000   66   29 323393.000 83500.7987  74.2%   5.1  240s
 34926 23790 84956.0000   59   26 323393.000 83500.7987  74.2%   5.1  245s
 34929 23792 84441.0000   28   27 323393.000 83500.7987  74.2%   5.1  250s
H34931 22604                    276296.00000 83500.7987  69.8%   5.1  255s
 34934 22606 84400.7279   34   28 276296.000 83500.7987  69.8%   5.1  260s
 34943 22621 83500.7987   25   26 276296.000 83500.7987  69.8%   5.1  265s
 34999 22682 83500.7987   28   25 276296.000 83500.7987  69.8%   5.2  271s
 35189 22809 83500.7987   32   28 276296.000 83500.7987  69.8%   5.4  275s
 35270 22947 83500.7987   33   25 276296.000 83500.7987  69.8%   5.4  280s
 35585 23143 83650.5558   35   18 276296.000 83500.7987  69.8%   5.6  286s
 35890 23288 83500.7987   37   26 276296.000 83500.7987  69.8%   5.6  291s
 36055 23374 83500.7987   38   25 276296.000 83500.7987  69.8%   5.7  295s
 36256 23464 83618.6946   39   22 276296.000 83500.7987  69.8%   5.7  302s
 36470 23647 83557.4354   41   21 276296.000 83500.7987  69.8%   5.8  306s
 36918 23846 86933.3775   77    1 276296.000 83500.7987  69.8%   5.8  310s
 37505 24097 83705.3014   44   19 276296.000 83500.7987  69.8%   5.9  316s
 37542 24199 83812.1076   44   15 276296.000 83500.7987  69.8%   5.9  320s
 37965 24520 83827.2790   46   14 276296.000 83500.7987  69.8%   5.9  325s
 38507 24948 83987.0677   48   17 276296.000 83500.7987  69.8%   6.0  331s
 39014 25129 84171.3501   50    6 276296.000 83500.7987  69.8%   6.0  335s
 39837 25306 84573.2876   59    9 276296.000 83500.7987  69.8%   6.0  340s
 40472 25938 85413.5238   68    2 276296.000 83500.7987  69.8%   6.1  346s
 41041 26155 97805.0000   78    - 276296.000 83500.7987  69.8%   6.1  350s
 41465 26442 83739.8362   37   14 276296.000 83500.7987  69.8%   6.1  355s
 42515 27010 83646.3912   39   19 276296.000 83500.7987  69.8%   6.2  363s
 43126 27307 84789.0000   68    - 276296.000 83500.7987  69.8%   6.2  367s
 43806 27517 83725.9681   40   20 276296.000 83500.7987  69.8%   6.2  372s
 44310 27871 84154.2631   47   10 276296.000 83500.7987  69.8%   6.2  376s
 44943 28160 85112.0000   67    - 276296.000 83500.7987  69.8%   6.2  380s
 45614 28105 83534.9076   35   25 276296.000 83500.7987  69.8%   6.2  386s
 45650 28394 83630.8087   36   23 276296.000 83500.7987  69.8%   6.2  392s
 46117 28781 83635.0366   37   23 276296.000 83500.7987  69.8%   6.3  397s
 46767 28693 83999.2472   41   19 276296.000 83500.7987  69.8%   6.3  404s
 46806 29114 84001.1457   42   19 276296.000 83500.7987  69.8%   6.3  411s
 47415 29398 84178.5839   51   15 276296.000 83500.7987  69.8%   6.3  416s
 47931 29328 85164.1163   70    3 276296.000 83500.7987  69.8%   6.4  422s
 47980 29726 85701.9785   71    2 276296.000 83500.7987  69.8%   6.4  428s
 48578 29620 84509.5304   46    4 276296.000 83500.7987  69.8%   6.4  430s
 48730 30157 84303.7313   53    6 276296.000 83500.7987  69.8%   6.4  435s
 49356 30559 85478.0459   60    2 276296.000 83500.7987  69.8%   6.4  441s
 50125 30910 83647.9473   41   19 276296.000 83500.7987  69.8%   6.5  447s
 50781 30849 84545.0831   66    5 276296.000 83500.7987  69.8%   6.5  455s
 50893 31246 85130.8377   67    4 276296.000 83500.7987  69.8%   6.5  463s
 52081 31713 83857.5916   42   22 276296.000 83500.7987  69.8%   6.5  471s
 52956 32192 83936.2084   42   21 276296.000 83511.9850  69.8%   6.5  479s
 53289 32108 84830.9626   39    4 276296.000 83511.9850  69.8%   6.5  480s
 53704 32704 84399.7749   51   16 276296.000 83511.9850  69.8%   6.6  486s
 54587 33058 83776.6222   32   23 276296.000 83517.2349  69.8%   6.6  493s
 55400 33664 84275.2508   45   11 276296.000 83517.2349  69.8%   6.6  501s
 56434 34249 83784.2102   33   22 276296.000 83517.2349  69.8%   6.7  510s
 57594 34647 84147.0101   49   14 276296.000 83536.8140  69.8%   6.7  519s
 58345 34479 84747.8677   67    4 276296.000 83538.8036  69.8%   6.8  520s
 58365 35315 83982.6902   45   19 276296.000 83538.8036  69.8%   6.8  527s
 59585 35132 83829.8250   35   23 276296.000 83560.4045  69.8%   6.8  540s
 59617 35983 83847.1597   36   24 276296.000 83560.4045  69.8%   6.8  551s
 60897 35812 85205.2618   64    3 276296.000 83562.6466  69.8%   6.8  562s
 60956 36670 85225.1671   65    2 276296.000 83562.7146  69.8%   6.8  572s
 62188 37363 84190.9653   53   11 276296.000 83562.7146  69.8%   6.8  584s
 63422 38088 84265.0841   49    9 276296.000 83576.5550  69.8%   6.9  596s

Cutting planes:
  MIR: 10
  StrongCG: 2
  Flow cover: 4

Explored 64796 nodes (448841 simplex iterations) in 600.97 seconds (310.44 work units)
Thread count was 32 (of 32 available processors)

Solution count 10: 276296 323393 354016 ... 615456

Time limit reached
Best objective 2.762960000000e+05, best bound 8.357891249571e+04, gap 69.7502%

User-callback calls 160583, time in user-callback 172.60 sec
