
Gurobi 13.0.2 (win64) logging started Wed Jul 15 20:49:28 2026

Set parameter LogFile to value "logs/kstar_nI40_nJ20_nK50_nL10_tI4_tJ4_s3_m0_exact_s0_20260715-204928.gurobi.log"
Set parameter Seed to value 0
Set parameter TimeLimit to value 599.9762451
Set parameter NodefileStart to value 4
Set parameter MIPGap to value 0
Set parameter MIPGapAbs to value 0.9999
Set parameter Cutoff to value 1e+100
Gurobi Optimizer version 13.0.2 build v13.0.2rc1 (win64 - Windows 11+.0 (26200.2))

CPU model: Intel(R) Core(TM) i9-14900HX, instruction set [SSE2|AVX|AVX2]
Thread count: 24 physical cores, 32 logical processors, using up to 32 threads

Non-default parameters:
TimeLimit  599.9762451
MIPGap  0
MIPGapAbs  0.9999
NodefileStart  4

Optimize a model with 1300 rows, 18060 columns and 46600 nonzeros (Min)
Model fingerprint: 0x32c6bf49
Model has 18060 linear objective coefficients
Variable types: 18000 continuous, 60 integer (60 binary)
Coefficient statistics:
  Matrix range     [1e+00, 7e+02]
  Objective range  [1e+00, 5e+02]
  Bounds range     [1e+00, 1e+00]
  RHS range        [5e+00, 2e+01]

Using branch priorities.
Found heuristic solution: objective 628221.00000
Presolve time: 0.03s
Presolved: 1300 rows, 18060 columns, 46600 nonzeros
Variable types: 18000 continuous, 60 integer (60 binary)

Root relaxation: objective 5.141747e+04, 931 iterations, 0.01 seconds (0.01 work units)

    Nodes    |    Current Node    |     Objective Bounds      |     Work
 Expl Unexpl |  Obj  Depth IntInf | Incumbent    BestBd   Gap | It/Node Time

     0     0 51417.4674    0   58 628221.000 51417.4674  91.8%     -    0s
H    0     0                    64315.976964 51417.4674  20.1%     -    0s
H    0     0                    64289.785558 51417.4674  20.0%     -    0s
H    0     0                    64278.171732 51417.4674  20.0%     -    0s
H    0     0                    64277.988923 55877.8299  13.1%     -    0s
     0     0 55877.8299    0   41 64277.9889 55877.8299  13.1%     -    0s
H    0     0                    63473.000000 56008.9429  11.8%     -    0s
     0     0 56008.9429    0   41 63473.0000 56008.9429  11.8%     -    0s
     0     0 56008.9429    0   41 63473.0000 56008.9429  11.8%     -    0s
H    0     0                    63459.000000 56008.9429  11.7%     -    0s
H    0     0                    63402.000000 59808.3438  5.67%     -    0s
H    0     0                    63288.000000 59808.3438  5.50%     -    0s
H    0     0                    63192.000000 59808.3438  5.35%     -    0s
H    0     0                    62980.000000 59808.3438  5.04%     -    0s
     0     0 59808.3438    0   32 62980.0000 59808.3438  5.04%     -    0s
     0     0 60048.8460    0   33 62980.0000 60048.8460  4.65%     -    0s
     0     0 60156.0948    0   34 62980.0000 60156.0948  4.48%     -    0s
     0     0 60159.9914    0   33 62980.0000 60159.9914  4.48%     -    0s
     0     0 60793.1950    0   28 62980.0000 60793.1950  3.47%     -    0s
H    0     0                    61082.000000 60802.9673  0.46%     -    0s
     0     0 60925.2581    0   19 61082.0000 60925.2581  0.26%     -    0s
     0     0 60931.8159    0   20 61082.0000 60931.8159  0.25%     -    0s
     0     0 61017.3771    0   12 61082.0000 61017.3771  0.11%     -    0s
     0     0 61020.3041    0   10 61082.0000 61020.3041  0.10%     -    0s
     0     0 61038.0005    0    9 61082.0000 61038.0005  0.07%     -    0s
H    0     0                    61060.000000 61040.2938  0.03%     -    0s
     0     0 61040.2938    0    8 61060.0000 61040.2938  0.03%     -    0s
     0     0 61053.0000    0    1 61060.0000 61053.0000  0.01%     -    0s
H    0     0                    61055.000000 61053.0000  0.00%     -    0s
     0     0 61053.0000    0    1 61055.0000 61053.0000  0.00%     -    0s
     0     0     cutoff    0      61055.0000 61055.0000  0.00%     -    0s

Cutting planes:
  Implied bound: 369
  MIR: 94
  Flow cover: 223
  Relax-and-lift: 7

Explored 1 nodes (2169 simplex iterations) in 0.45 seconds (0.44 work units)
Thread count was 32 (of 32 available processors)

Solution count 9: 61055 61060 61082 ... 628221

Optimal solution found (tolerance 0.00e+00)
Best objective 6.105500000000e+04, best bound 6.105500000000e+04, gap 0.0000%
