
Gurobi 13.0.2 (win64) logging started Thu Jul 16 17:33:05 2026

Set parameter LogFile to value "logs/kstar_nI40_nJ20_nK100_nL10_tI2_tJ2_s1_m1_exact_s0_20260716-173305.gurobi.log"
Set parameter Seed to value 0
Set parameter TimeLimit to value 599.9626304
Set parameter MIPGap to value 0
Set parameter MIPGapAbs to value 0.5
Set parameter Cutoff to value 1e+100
Gurobi Optimizer version 13.0.2 build v13.0.2rc1 (win64 - Windows 11+.0 (26200.2))

CPU model: Intel(R) Core(TM) i9-14900HX, instruction set [SSE2|AVX|AVX2]
Thread count: 24 physical cores, 32 logical processors, using up to 32 threads

Non-default parameters:
TimeLimit  599.9626304
MIPGap  0
MIPGapAbs  0.5
PreCrush  1
LazyConstraints  1

Optimize a model with 20 rows, 70 columns and 600 nonzeros (Min)
Model fingerprint: 0x62d02866
Model has 70 linear objective coefficients
Variable types: 10 continuous, 60 integer (60 binary)
Coefficient statistics:
  Matrix range     [4e+01, 1e+03]
  Objective range  [1e+00, 5e+02]
  Bounds range     [1e+00, 1e+04]
  RHS range        [1e+03, 1e+03]

Using branch priorities.
Presolve removed 16 rows and 0 columns
Presolve time: 0.00s
Presolved: 4 rows, 70 columns, 120 nonzeros
Variable types: 10 continuous, 60 integer (60 binary)

Root relaxation: objective 1.001792e+05, 5 iterations, 0.00 seconds (0.00 work units)

    Nodes    |    Current Node    |     Objective Bounds      |     Work
 Expl Unexpl |  Obj  Depth IntInf | Incumbent    BestBd   Gap | It/Node Time

     0     0 100179.226    0    2          - 100179.226      -     -    0s
H    0     0                    598374.00000 100179.226  83.3%     -    0s
H    0     0                    557166.00000 100179.226  82.0%     -    0s
H    0     0                    547079.00000 100179.226  81.7%     -    0s
H    0     0                    534500.00000 100179.226  81.3%     -    0s
H    0     0                    512767.00000 100179.226  80.5%     -    0s
     0     0 100217.178    0    4 512767.000 100217.178  80.5%     -    0s
     0     0 100218.344    0    4 512767.000 100218.344  80.5%     -    0s
     0     0 100218.344    0    4 512767.000 100218.344  80.5%     -    0s
     0     2 100218.344    0    4 512767.000 100218.344  80.5%     -    0s
  3148  2845 464871.000   50    - 512767.000 100356.000  80.4%   3.0    5s
H 3751  3049                    426140.00000 100359.805  76.4%   3.1    7s
H 3758  2900                    407992.00000 100365.276  75.4%   3.1    7s
  4008  3100 100460.097   18   14 407992.000 100433.586  75.4%   4.2   10s
  4606  3527 100609.445   25   18 407992.000 100440.206  75.4%   5.2   15s
  5293  3879 101263.482   31    6 407992.000 100454.904  75.4%   5.5   20s
* 5376  3720              68    369925.00000 100454.904  72.8%   5.5   20s
* 5379  3581              67    369752.00000 100454.904  72.8%   5.5   20s
  6485  4148 102431.698   44    5 369752.000 100464.724  72.8%   5.4   25s
* 6853  4036              69    318455.00000 100464.724  68.5%   5.5   26s
* 6854  3910              69    318354.00000 100464.724  68.4%   5.5   26s
  8082  4455 107307.000   65    - 318354.000 100491.627  68.4%   5.3   31s
  8845  4857 100684.250   22   19 318354.000 100494.383  68.4%   5.3   35s
 10077  5515 104553.462   49    5 318354.000 100519.616  68.4%   5.4   40s
 11825  6621 100614.124   23   13 318354.000 100519.616  68.4%   5.2   45s
 13610  7987 100585.451   20   26 318354.000 100541.314  68.4%   5.3   50s
 14478  8788 101218.272   35    8 318354.000 100547.985  68.4%   5.4   56s
 15358  9384 100754.792   25   16 318354.000 100547.985  68.4%   5.3   61s
 16038 10041 101500.056   32    3 318354.000 100548.159  68.4%   5.3   66s
 16951 10789 100999.475   23   13 318354.000 100553.513  68.4%   5.3   70s
 17963 11532 113110.334   52    2 318354.000 100558.149  68.4%   5.3   75s
 18945 12415 102088.821   39    1 318354.000 100558.149  68.4%   5.3   80s
 20151 13123 101050.187   21   13 318354.000 100558.149  68.4%   5.3   86s
 21046 13994 101371.165   23    5 318354.000 100558.149  68.4%   5.2   91s
 22490 15287 100679.036   22   22 318354.000 100558.149  68.4%   5.2   96s
 24129 16823 100825.004   26   18 318354.000 100579.485  68.4%   5.3  101s
 26064 18236 100816.106   24   21 318354.000 100608.581  68.4%   5.2  107s
 27289 18889 101350.853   35   12 318354.000 100608.581  68.4%   5.2  110s
 28940 20011 100876.835   20   18 318354.000 100615.259  68.4%   5.2  116s
 29048 20274 100912.695   21   16 318354.000 100615.259  68.4%   5.2  120s
 29432 20688 101094.389   22   14 318354.000 100632.550  68.4%   5.2  125s
 29964 21062 101352.829   23    9 318354.000 100632.550  68.4%   5.2  130s
 30422 21435 101357.525   24    8 318354.000 100632.550  68.4%   5.2  135s
 30936 21581 101357.985   25   10 318354.000 100638.622  68.4%   5.2  140s
 30969 21665 101358.254   26   10 318354.000 100638.622  68.4%   5.2  145s
 31164 21910 101505.784   27    8 318354.000 100638.622  68.4%   5.2  150s
 31563 22357 101509.409   28    8 318354.000 100638.622  68.4%   5.2  157s
 32025 22783 101684.092   29    5 318354.000 100648.076  68.4%   5.3  163s
 32639 23361 101684.504   30    5 318354.000 100648.076  68.4%   5.2  170s
 33315 24104 101693.013   31    5 318354.000 100652.968  68.4%   5.2  177s
 34209 24938 101819.703   32    3 318354.000 100653.435  68.4%   5.2  185s
 35290 25782 101860.195   33    3 318354.000 100658.919  68.4%   5.2  193s
 36269 26746 101861.536   34    3 318354.000 100663.257  68.4%   5.3  200s
 37947 28248 101870.922   35    3 318354.000 100669.640  68.4%   5.3  209s
 39466 28616 101738.197   32    7 318354.000 100676.804  68.4%   5.2  210s
 39993 30033 101925.510   36    4 318354.000 100678.595  68.4%   5.2  218s
 41448 30315 101772.981   27    5 318354.000 100679.971  68.4%   5.2  220s
 42075 31403 102134.145   37    3 318354.000 100684.660  68.4%   5.2  228s
 43779 32949 101596.502   31    6 318354.000 100697.749  68.4%   5.3  238s
 46136 33599 102057.005   40    2 318354.000 100698.674  68.4%   5.2  241s
 46409 35077 101113.035   23   18 318354.000 100698.674  68.4%   5.2  249s
 48259 35454 102304.486   34    5 318354.000 100703.508  68.4%   5.2  250s
 48747 36694 102596.820   60    1 318354.000 100710.199  68.4%   5.2  258s
 50499 38041 101122.175   22   12 318354.000 100710.535  68.4%   5.2  268s
 52288 38476 102151.961   43    2 318354.000 100717.861  68.4%   5.3  270s
 52497 39838 101639.035   36    7 318354.000 100720.266  68.4%   5.3  279s
 52676 39866 101656.532   34    6 318354.000 100720.266  68.4%   5.3  280s
 54963 40411 102046.000   38    4 318354.000 100723.305  68.4%   5.3  327s
 54966 40413 102434.145   42   29 318354.000 100723.305  68.4%   5.3  331s
 54970 40416 102720.000   58   31 318354.000 100723.305  68.4%   5.3  335s
 54976 40420 100903.870   30   32 318354.000 100723.305  68.4%   5.3  340s
H54978 38399                    318216.00000 100723.305  68.3%   5.3  344s
 54980 38400 102049.933   47   34 318216.000 100723.305  68.3%   5.3  347s
 54984 38406 100723.305   22   32 318216.000 100723.305  68.3%   5.3  351s
 54998 38429 100723.305   25   25 318216.000 100723.305  68.3%   5.3  355s
 55078 38599 100723.305   28   24 318216.000 100723.305  68.3%   5.3  361s
 55210 38589 100723.305   29   21 318216.000 100723.305  68.3%   5.4  365s
 55244 38623 100723.305   29   23 318216.000 100723.305  68.3%   5.4  370s
 55416 38809 100723.305   31   19 318216.000 100723.305  68.3%   5.5  375s
 55782 38985 100723.305   33   22 318216.000 100723.305  68.3%   5.6  380s
 56023 39166 100922.584   34   19 318216.000 100723.305  68.3%   5.6  385s
 56464 39325 100775.445   36   18 318216.000 100723.305  68.3%   5.6  390s
 56590 39470 100935.131   37   17 318216.000 100723.305  68.3%   5.6  395s
 57062 39719 101220.808   39   15 318216.000 100723.305  68.3%   5.7  401s
 57482 39860 103416.846   60    2 318216.000 100723.305  68.3%   5.7  405s
 57935 40182 101139.509   44   14 318216.000 100723.305  68.3%   5.7  410s
 58647 40471 101547.603   48    8 318216.000 100723.305  68.3%   5.7  416s
 59088 40787 101795.477   52    9 318216.000 100723.305  68.3%   5.8  421s
 59408 40758 102395.605   57    4 318216.000 100723.305  68.3%   5.8  425s
 59466 40870 102594.441   58    1 318216.000 100723.305  68.3%   5.8  431s
 59651 41054 100973.238   35   13 318216.000 100723.305  68.3%   5.8  436s
 59961 41372 101507.118   40   13 318216.000 100723.305  68.3%   5.8  440s
 61026 41739 100738.616   38   18 318216.000 100723.305  68.3%   5.8  447s
 61385 41941 100955.420   45   14 318216.000 100723.305  68.3%   5.8  451s
 62229 42172 102193.519   66    1 318216.000 100723.305  68.3%   5.9  459s
 62230 42172 102984.933   66    5 318216.000 100723.305  68.3%   5.9  460s
 62261 42288 102209.638   67    1 318216.000 100723.305  68.3%   5.9  467s
 62526 42686 100912.232   37   20 318216.000 100723.305  68.3%   5.9  471s
 63191 43068 101488.765   43   15 318216.000 100723.305  68.3%   5.9  476s
 63931 43339 102704.238   60    1 318216.000 100723.305  68.3%   5.9  481s
 64604 43718 101208.138   39   19 318216.000 100723.305  68.3%   6.0  485s
 65209 43622 101628.721   46   11 318216.000 100723.305  68.3%   6.0  492s
 65278 43863 101666.541   47   14 318216.000 100723.305  68.3%   6.0  502s
 65688 44263 103318.166   73    2 318216.000 100723.305  68.3%   6.0  506s
 66351 44723 101227.331   48   13 318216.000 100723.305  68.3%   6.0  512s
 67378 45208 100997.948   38   18 318216.000 100723.305  68.3%   6.0  518s
 68202 45079 103238.587   76    2 318216.000 100723.305  68.3%   6.0  525s
 68237 45543 103326.477   78    1 318216.000 100723.305  68.3%   6.0  532s
 69071 46031 101230.820   42   12 318216.000 100723.305  68.3%   6.0  539s
 69894 46311 100848.870   41   19 318216.000 100723.305  68.3%   6.1  545s
 70570 46901 101109.923   47   15 318216.000 100723.305  68.3%   6.1  552s
 71577 47237 102525.278   63    3 318216.000 100752.866  68.3%   6.1  561s
 72361 47485 101423.604   37   15 318216.000 100752.866  68.3%   6.2  569s
 72945 47485 101721.367   48   11 318216.000 100752.866  68.3%   6.2  570s
 73742 48213 100820.454   34   19 318216.000 100752.866  68.3%   6.1  577s
 74844 48804 103000.657   68    6 318216.000 100761.097  68.3%   6.2  585s
 75938 48693 100846.961   34   23 318216.000 100761.097  68.3%   6.2  598s

Cutting planes:
  MIR: 18
  Flow cover: 9

Explored 76092 nodes (472776 simplex iterations) in 600.64 seconds (309.94 work units)
Thread count was 32 (of 32 available processors)

Solution count 10: 318216 318354 318455 ... 547079

Time limit reached
Best objective 3.182160000000e+05, best bound 1.007789756885e+05, gap 68.3300%

User-callback calls 189413, time in user-callback 102.10 sec
