
Gurobi 13.0.2 (win64) logging started Wed Jul 15 20:48:30 2026

Set parameter LogFile to value "logs/kstar_nI20_nJ40_nK50_nL5_tI2_tJ2_s1_m0_exact_s0_20260715-204830.gurobi.log"
Set parameter Seed to value 0
Set parameter TimeLimit to value 599.9821828
Set parameter NodefileStart to value 4
Set parameter MIPGap to value 0
Set parameter MIPGapAbs to value 0.9999
Set parameter Cutoff to value 1e+100
Gurobi Optimizer version 13.0.2 build v13.0.2rc1 (win64 - Windows 11+.0 (26200.2))

CPU model: Intel(R) Core(TM) i9-14900HX, instruction set [SSE2|AVX|AVX2]
Thread count: 24 physical cores, 32 logical processors, using up to 32 threads

Non-default parameters:
TimeLimit  599.9821828
MIPGap  0
MIPGapAbs  0.9999
NodefileStart  4

Optimize a model with 750 rows, 14060 columns and 38300 nonzeros (Min)
Model fingerprint: 0xa69f545b
Model has 14060 linear objective coefficients
Variable types: 14000 continuous, 60 integer (60 binary)
Coefficient statistics:
  Matrix range     [1e+00, 7e+02]
  Objective range  [1e+00, 5e+02]
  Bounds range     [1e+00, 1e+00]
  RHS range        [5e+00, 2e+01]

Using branch priorities.
Found heuristic solution: objective 343587.00000
Presolve time: 0.02s
Presolved: 750 rows, 14060 columns, 38300 nonzeros
Variable types: 14000 continuous, 60 integer (60 binary)

Root relaxation: objective 2.205255e+04, 714 iterations, 0.00 seconds (0.01 work units)

    Nodes    |    Current Node    |     Objective Bounds      |     Work
 Expl Unexpl |  Obj  Depth IntInf | Incumbent    BestBd   Gap | It/Node Time

     0     0 22052.5465    0   59 343587.000 22052.5465  93.6%     -    0s
H    0     0                    37450.096968 22052.5465  41.1%     -    0s
H    0     0                    37390.689394 22052.5465  41.0%     -    0s
H    0     0                    37297.652166 22052.5465  40.9%     -    0s
H    0     0                    37248.846849 22052.5465  40.8%     -    0s
H    0     0                    36911.897719 22052.5465  40.3%     -    0s
H    0     0                    36902.298747 22052.5465  40.2%     -    0s
H    0     0                    36605.477375 29873.4448  18.4%     -    0s
     0     0 29873.4448    0   48 36605.4774 29873.4448  18.4%     -    0s
H    0     0                    35683.000000 29928.8270  16.1%     -    0s
H    0     0                    35611.000000 29928.8270  16.0%     -    0s
H    0     0                    34560.000000 29928.8270  13.4%     -    0s
H    0     0                    34550.000000 29928.8270  13.4%     -    0s
     0     0 29967.4268    0   48 34550.0000 29967.4268  13.3%     -    0s
     0     0 29969.8481    0   48 34550.0000 29969.8481  13.3%     -    0s
     0     0 31485.4181    0   51 34550.0000 31485.4181  8.87%     -    0s
     0     0 31726.9800    0   42 34550.0000 31726.9800  8.17%     -    0s
     0     0 31934.1067    0   45 34550.0000 31934.1067  7.57%     -    0s
     0     0 31939.6042    0   45 34550.0000 31939.6042  7.56%     -    0s
     0     0 32179.5768    0   50 34550.0000 32179.5768  6.86%     -    0s
H    0     0                    33282.000000 32180.6889  3.31%     -    0s
     0     0 32301.6761    0   50 33282.0000 32301.6761  2.95%     -    0s
     0     0 32359.6088    0   49 33282.0000 32359.6088  2.77%     -    0s
     0     0 32375.7791    0   42 33282.0000 32375.7791  2.72%     -    0s
     0     0 32377.5840    0   49 33282.0000 32377.5840  2.72%     -    0s
     0     0 32427.5186    0   41 33282.0000 32427.5186  2.57%     -    0s
H    0     0                    33216.000000 32430.5999  2.36%     -    0s
H    0     0                    33130.000000 32430.5999  2.11%     -    0s
H    0     0                    33088.000000 32430.5999  1.99%     -    0s
     0     0 32431.4787    0   37 33088.0000 32431.4787  1.98%     -    0s
     0     0 32504.5148    0   52 33088.0000 32504.5148  1.76%     -    0s
     0     0 32505.3187    0   52 33088.0000 32505.3187  1.76%     -    0s
     0     0 32505.3187    0   52 33088.0000 32505.3187  1.76%     -    0s
     0     0 32505.3187    0   51 33088.0000 32505.3187  1.76%     -    0s
     0     2 32505.3187    0   51 33088.0000 32505.3187  1.76%     -    0s
*  179   161              15    32977.000000 32674.1280  0.92%  54.7    0s
*  269   117              13    32875.000000 32690.1570  0.56%  47.2    0s
*  368    42              11    32814.000000 32694.7685  0.36%  41.1    0s
*  431     0              13    32798.000000 32748.4982  0.15%  36.1    0s

Cutting planes:
  Implied bound: 351
  MIR: 97
  Flow cover: 269
  Relax-and-lift: 24

Explored 469 nodes (18005 simplex iterations) in 0.97 seconds (0.92 work units)
Thread count was 32 (of 32 available processors)

Solution count 10: 32798 32814 32875 ... 35611

Optimal solution found (tolerance 0.00e+00)
Best objective 3.279800000000e+04, best bound 3.279800000000e+04, gap 0.0000%
