
Gurobi 13.0.2 (win64) logging started Wed Jul 15 20:57:25 2026

Set parameter LogFile to value "logs/kstar_nI40_nJ40_nK50_nL5_tI6_tJ6_s5_m0_exact_s0_20260715-205725.gurobi.log"
Set parameter Seed to value 0
Set parameter TimeLimit to value 599.9752568
Set parameter NodefileStart to value 4
Set parameter MIPGap to value 0
Set parameter MIPGapAbs to value 0.9999
Set parameter Cutoff to value 1e+100
Gurobi Optimizer version 13.0.2 build v13.0.2rc1 (win64 - Windows 11+.0 (26200.2))

CPU model: Intel(R) Core(TM) i9-14900HX, instruction set [SSE2|AVX|AVX2]
Thread count: 24 physical cores, 32 logical processors, using up to 32 threads

Non-default parameters:
TimeLimit  599.9752568
MIPGap  0
MIPGapAbs  0.9999
NodefileStart  4

Optimize a model with 850 rows, 18080 columns and 46400 nonzeros (Min)
Model fingerprint: 0xfd09743c
Model has 18080 linear objective coefficients
Variable types: 18000 continuous, 80 integer (80 binary)
Coefficient statistics:
  Matrix range     [1e+00, 6e+02]
  Objective range  [1e+00, 5e+02]
  Bounds range     [1e+00, 1e+00]
  RHS range        [5e+00, 2e+01]

Using branch priorities.
Found heuristic solution: objective 350967.00000
Presolve time: 0.02s
Presolved: 850 rows, 18080 columns, 46400 nonzeros
Variable types: 18000 continuous, 80 integer (80 binary)

Root relaxation: objective 2.163580e+04, 834 iterations, 0.02 seconds (0.01 work units)

    Nodes    |    Current Node    |     Objective Bounds      |     Work
 Expl Unexpl |  Obj  Depth IntInf | Incumbent    BestBd   Gap | It/Node Time

     0     0 21635.8042    0   77 350967.000 21635.8042  93.8%     -    0s
H    0     0                    39903.692394 21635.8042  45.8%     -    0s
H    0     0                    39196.000000 21635.8042  44.8%     -    0s
H    0     0                    37774.000000 26934.2345  28.7%     -    0s
H    0     0                    37773.000000 26934.2345  28.7%     -    0s
H    0     0                    37760.000000 26934.2345  28.7%     -    0s
     0     0 26934.2345    0   63 37760.0000 26934.2345  28.7%     -    0s
H    0     0                    36096.161290 26958.2658  25.3%     -    0s
H    0     0                    36081.161290 26958.2658  25.3%     -    0s
H    0     0                    35991.000000 26958.2658  25.1%     -    0s
H    0     0                    35804.000000 26958.2658  24.7%     -    0s
     0     0 26958.2658    0   62 35804.0000 26958.2658  24.7%     -    0s
     0     0 26959.2026    0   62 35804.0000 26959.2026  24.7%     -    0s
     0     0 26959.2606    0   62 35804.0000 26959.2606  24.7%     -    0s
H    0     0                    35670.000000 28453.1683  20.2%     -    0s
H    0     0                    35451.000000 28453.1683  19.7%     -    0s
H    0     0                    35093.000000 28453.1683  18.9%     -    0s
     0     0 28453.1683    0   74 35093.0000 28453.1683  18.9%     -    0s
H    0     0                    33482.000000 28457.0440  15.0%     -    0s
H    0     0                    33399.437964 28756.0930  13.9%     -    0s
     0     0 28756.0930    0   73 33399.4380 28756.0930  13.9%     -    0s
     0     0 28905.9499    0   73 33399.4380 28905.9499  13.5%     -    0s
     0     0 28951.3372    0   76 33399.4380 28951.3372  13.3%     -    0s
     0     0 28966.3881    0   75 33399.4380 28966.3881  13.3%     -    0s
     0     0 28966.9470    0   75 33399.4380 28966.9470  13.3%     -    0s
H    0     0                    33332.000000 29625.1283  11.1%     -    0s
H    0     0                    33196.000000 29625.1283  10.8%     -    0s
H    0     0                    32990.000000 29625.1283  10.2%     -    0s
H    0     0                    32874.000000 29625.1283  9.88%     -    0s
H    0     0                    32602.000000 29625.1283  9.13%     -    0s
     0     0 29625.1283    0   76 32602.0000 29625.1283  9.13%     -    0s
     0     0 29851.5443    0   76 32602.0000 29851.5443  8.44%     -    0s
     0     0 29932.1993    0   77 32602.0000 29932.1993  8.19%     -    0s
     0     0 29983.5113    0   78 32602.0000 29983.5113  8.03%     -    0s
     0     0 29996.1237    0   77 32602.0000 29996.1237  7.99%     -    0s
     0     0 29998.5275    0   77 32602.0000 29998.5275  7.99%     -    0s
     0     0 30167.3304    0   78 32602.0000 30167.3304  7.47%     -    1s
     0     0 30223.5279    0   78 32602.0000 30223.5279  7.30%     -    1s
     0     0 30242.9903    0   79 32602.0000 30242.9903  7.24%     -    1s
H    0     0                    32595.232197 30248.8447  7.20%     -    1s
     0     0 30248.8447    0   79 32595.2322 30248.8447  7.20%     -    1s
H    0     0                    32571.193864 30248.8447  7.13%     -    1s
H    0     0                    32481.929795 30248.8447  6.87%     -    1s
H    0     0                    32411.000000 30248.8447  6.67%     -    1s
     0     0 30288.4898    0   76 32411.0000 30288.4898  6.55%     -    1s
     0     0 30307.8444    0   78 32411.0000 30307.8444  6.49%     -    1s
     0     0 30311.6913    0   77 32411.0000 30311.6913  6.48%     -    1s
     0     0 30337.0134    0   77 32411.0000 30337.0134  6.40%     -    1s
     0     0 30338.1596    0   77 32411.0000 30338.1596  6.40%     -    1s
     0     0 30338.1596    0   77 32411.0000 30338.1596  6.40%     -    1s
H    0     0                    32047.000000 30338.1596  5.33%     -    1s
     0     2 30338.1596    0   77 32047.0000 30338.1596  5.33%     -    1s
H  124   142                    31979.000000 30635.8948  4.20%   327    2s
*  791   769              42    31977.000000 30707.7125  3.97%   147    3s
H  797   769                    31957.618179 30707.7125  3.91%   147    3s
H  799   769                    31921.755964 30707.7125  3.80%   147    3s
*  859   811              33    31912.000000 30707.7125  3.77%   143    3s
H  864   811                    31780.611765 30707.7125  3.38%   143    3s
*  865   811              36    31678.000000 30707.7125  3.06%   143    3s
H 1266  1096                    31421.000000 30750.1621  2.13%   128    3s
* 1397  1141              33    31388.000000 30765.7781  1.98%   122    4s
* 1829  1339              40    31363.000000 30816.6837  1.74%   114    4s
H 1931  1331                    31277.303226 30819.4637  1.46%   111    4s
* 2026  1336              33    31127.000000 30824.8088  0.97%   111    4s
  2119  1259     cutoff   13      31127.0000 30824.8088  0.97%   111    5s
H 2748  1227                    31065.000000 30930.2978  0.43%   109    5s
* 2788  1227              19    31046.000000 30930.2978  0.37%   109    5s

Cutting planes:
  Implied bound: 412
  MIR: 374
  Flow cover: 661
  Relax-and-lift: 15

Explored 3827 nodes (329361 simplex iterations) in 6.43 seconds (11.43 work units)
Thread count was 32 (of 32 available processors)

Solution count 10: 31046 31046 31065 ... 31780.6

Optimal solution found (tolerance 0.00e+00)
Best objective 3.104600000000e+04, best bound 3.104600000000e+04, gap 0.0000%
