
Gurobi 13.0.2 (win64) logging started Fri Jul 17 22:45:29 2026

Set parameter LogFile to value "logs/kstar_nI40_nJ40_nK50_nL10_tI6_tJ6_s5_m1_exact_s0_20260717-224529.gurobi.log"
Set parameter Seed to value 0
Set parameter TimeLimit to value 599.9551445
Set parameter MIPGap to value 0
Set parameter MIPGapAbs to value 0.5
Set parameter Cutoff to value 1e+100
Gurobi Optimizer version 13.0.2 build v13.0.2rc1 (win64 - Windows 11+.0 (26200.2))

CPU model: Intel(R) Core(TM) i9-14900HX, instruction set [SSE2|AVX|AVX2]
Thread count: 24 physical cores, 32 logical processors, using up to 32 threads

Non-default parameters:
TimeLimit  599.9551445
MIPGap  0
MIPGapAbs  0.5
PreCrush  1
LazyConstraints  1

Optimize a model with 20 rows, 90 columns and 800 nonzeros (Min)
Model fingerprint: 0x5075079f
Model has 90 linear objective coefficients
Variable types: 10 continuous, 80 integer (80 binary)
Coefficient statistics:
  Matrix range     [1e+00, 7e+02]
  Objective range  [1e+00, 5e+02]
  Bounds range     [1e+00, 4e+03]
  RHS range        [6e+02, 7e+02]

Using branch priorities.
Presolve removed 18 rows and 0 columns
Presolve time: 0.00s
Presolved: 2 rows, 90 columns, 80 nonzeros
Variable types: 10 continuous, 80 integer (80 binary)

Root relaxation: objective 3.370991e+04, 7 iterations, 0.00 seconds (0.00 work units)

    Nodes    |    Current Node    |     Objective Bounds      |     Work
 Expl Unexpl |  Obj  Depth IntInf | Incumbent    BestBd   Gap | It/Node Time

     0     0 33709.9101    0    3          - 33709.9101      -     -    0s
H    0     0                    161519.00000 33709.9101  79.1%     -    0s
H    0     0                    154482.00000 33709.9101  78.2%     -    0s
H    0     0                    148527.00000 33709.9101  77.3%     -    0s
H    0     0                    147465.00000 33709.9101  77.1%     -    0s
H    0     0                    141334.00000 33709.9101  76.1%     -    0s
     0     0 33896.6720    0    6 141334.000 33896.6720  76.0%     -    0s
     0     0 33921.8377    0    6 141334.000 33921.8377  76.0%     -    0s
H    0     0                    139798.00000 33921.8377  75.7%     -    0s
     0     0 34057.6393    0    7 139798.000 34057.6393  75.6%     -    0s
     0     0 34058.0644    0    7 139798.000 34058.0644  75.6%     -    0s
     0     2 34105.6958    0    9 139798.000 34105.6958  75.6%     -    0s
H 3306  2910                    111615.00000 34208.7334  69.4%   3.4    3s
H 3308  2766                    103146.00000 34272.7443  66.8%   3.4    4s
H 3312  2630                    92257.000000 34272.7443  62.9%   3.3    4s
H 3312  2498                    85314.000000 34272.7443  59.8%   3.3    4s
  3315  2500 34478.3132   14   24 85314.0000 34272.7443  59.8%   3.3    5s
H 3319  2377                    82071.000000 34276.0239  58.2%   3.3    6s
H 3320  2380                    81712.000000 34276.0239  58.1%   3.4    6s
  4321  3173 35119.3843   34    9 81712.0000 34419.3843  57.9%   5.8   10s
  6050  4300 35780.9206   51    1 81712.0000 34450.0352  57.8%   5.9   15s
 10055  6539 36124.4666   60    2 81712.0000 34476.4979  57.8%   5.5   20s
 12585  8635 35190.8213   31    9 81712.0000 34545.7035  57.7%   5.5   25s
 14946 10790 35159.7326   32   11 81712.0000 34545.7035  57.7%   5.4   30s
 16867 12244 35127.5687   33   12 81712.0000 34555.6373  57.7%   5.3   35s
 18514 13888 35194.1371   33   12 81712.0000 34623.8606  57.6%   5.3   40s
 20323 15315 35404.5175   43    9 81712.0000 34623.8606  57.6%   5.3   45s
 22439 17665 35523.0120   39    6 81712.0000 34631.1421  57.6%   5.3   50s
 25067 19989 35233.1820   36   11 81712.0000 34631.1421  57.6%   5.3   56s
 26838 21398 35601.5527   38    6 81712.0000 34651.4642  57.6%   5.3   60s
 28848 22623 35735.7924   62    2 81712.0000 34723.7292  57.5%   5.3   66s
 30003 23917 36385.6563   63    3 81712.0000 34724.3714  57.5%   5.3   71s
 31857 25707 35570.6075   34   14 81712.0000 34731.9406  57.5%   5.3   77s
 32928 26481 52020.0000   91    - 81712.0000 34737.8486  57.5%   5.3   80s
 35330 28971 35349.9192   32   18 81712.0000 34745.7415  57.5%   5.3   86s
 38044 31302 35477.6347   32   13 81712.0000 34768.5369  57.4%   5.4   93s
 39233 32469 35968.0926   49    8 81712.0000 34770.4756  57.4%   5.5   96s
 41013 33489 35488.3141   33   16 81712.0000 34779.1821  57.4%   5.5  100s
 44016 36574 35390.7000   29   18 81712.0000 34784.1845  57.4%   5.5  108s
 45905 38684 35180.9782   29   24 81712.0000 34792.7116  57.4%   5.5  112s
 48170 40546 35235.2174   29   21 81712.0000 34797.7481  57.4%   5.5  116s
 50248 42570 35372.5685   32   16 81712.0000 34802.3469  57.4%   5.5  121s
 52572 44246 35334.8777   29   20 81712.0000 34806.4018  57.4%   5.5  125s
 54429 46204 35492.6116   30   18 81712.0000 34816.1972  57.4%   5.6  130s
 56695 48194 35385.8596   32   17 81712.0000 34820.8916  57.4%   5.6  135s
 58944 50203 35411.2776   33   14 81712.0000 34829.2700  57.4%   5.6  140s
 61117 52364 36049.8327   42   12 81712.0000 34835.5732  57.4%   5.6  145s
 63604 52634 35834.4415   51    7 81712.0000 34845.0818  57.4%   5.6  158s
 63606 52635 35612.4185   36   32 81712.0000 34845.0818  57.4%   5.6  161s
 63608 52637 36654.0000   63   31 81712.0000 34845.0818  57.4%   5.6  167s
 63611 52639 36330.0040   47   30 81712.0000 34845.0818  57.4%   5.6  170s
H63613 50007                    79574.000000 34845.0818  56.2%   5.6  174s
H63613 47507                    77401.000000 34845.0818  55.0%   5.6  174s
 63615 47508 36977.5132   57   30 77401.0000 34845.0818  55.0%   5.6  176s
 63617 47510 41769.0000   73   31 77401.0000 34845.0818  55.0%   5.6  180s
 63619 47511 35187.9686   32   31 77401.0000 34845.0818  55.0%   5.6  185s
 63621 47512 35773.0000   45   32 77401.0000 34845.0818  55.0%   5.6  190s
 63653 47567 34905.8700   33   27 77401.0000 34845.0818  55.0%   5.7  195s
 63796 47662 35132.1734   36   26 77401.0000 34845.0818  55.0%   5.8  202s
 63968 47896 35298.7376   37   25 77401.0000 34845.0818  55.0%   5.8  206s
 64366 48110 35420.0680   41   20 77401.0000 34845.0818  55.0%   5.9  211s
 64691 48338 35699.2971   43   18 77401.0000 34845.0818  55.0%   6.0  215s
 65166 48633 35907.1623   46   16 77401.0000 34862.8655  55.0%   6.0  220s
 65616 48961 35970.2451   49   13 77401.0000 34862.8655  55.0%   6.0  225s
 66112 49178 36039.7440   52   14 77401.0000 34862.8655  55.0%   6.0  230s
 66824 49633 36735.7234   60    5 77401.0000 34886.9233  54.9%   6.0  235s
 67804 49949 35325.0168   35   24 77401.0000 34886.9233  54.9%   6.0  240s
 68343 50622 38406.4815   87    5 77401.0000 34886.9233  54.9%   6.0  246s
 69521 51273 35249.2222   37   25 77401.0000 35008.4808  54.8%   6.1  252s
 70155 51674 35364.0758   39   21 77401.0000 35035.4048  54.7%   6.1  255s
 71472 52462 36209.2904   49    8 77401.0000 35036.5402  54.7%   6.1  260s
 73006 53321 36323.4253   69    4 77401.0000 35036.5402  54.7%   6.2  266s
 75055 54260 40694.6845  100    2 77401.0000 35102.1804  54.6%   6.2  272s
 75820 54955 35247.7633   36   23 77401.0000 35102.1804  54.6%   6.2  275s
 77912 55304 35364.3660   39   27 77401.0000 35102.1804  54.6%   6.3  282s
 77957 55640 35405.9739   40   23 77401.0000 35102.1804  54.6%   6.3  286s
 79067 56654 35527.4099   42   20 77401.0000 35139.9006  54.6%   6.3  292s
 80040 57254 35615.4872   43   21 77401.0000 35144.3405  54.6%   6.3  296s
 80993 57653 35686.2332   44   20 77401.0000 35144.3405  54.6%   6.4  300s
 83007 59212 36342.8742   64    6 77401.0000 35144.3405  54.6%   6.4  308s
 84454 60056 35556.2884   41   26 77401.0000 35173.8203  54.6%   6.4  312s
 85818 60740 36859.9777   73    3 77401.0000 35173.8203  54.6%   6.5  316s
 87262 61491 35864.7036   46   15 77401.0000 35173.8203  54.6%   6.5  321s
 88650 62257 35483.0102   40   26 77401.0000 35173.8203  54.6%   6.5  325s
 89998 62020 36736.6405   67    4 77401.0000 35209.8732  54.5%   6.5  335s
 90044 62514 36769.2055   68    3 77401.0000 35209.8732  54.5%   6.5  340s
 90755 63343 35686.3977   45   22 77401.0000 35227.2747  54.5%   6.6  345s
 91898 64057 35462.1701   40   23 77401.0000 35227.2747  54.5%   6.6  350s
 93279 64653 35469.9687   38   28 77401.0000 35248.5977  54.5%   6.6  355s
 94258 65508 35983.5448   50   16 77401.0000 35248.5977  54.5%   6.7  361s
 95806 66454 35383.8032   39   28 77401.0000 35257.4684  54.4%   6.7  367s
 97508 67511 35588.3371   43   24 77401.0000 35266.0337  54.4%   6.7  373s
 99265 68713 35642.9842   39   23 77401.0000 35276.6294  54.4%   6.7  380s
 101320 69768 36770.6044   71    4 77401.0000 35276.6294  54.4%   6.8  387s
 103105 70792 36075.3384   49   18 77401.0000 35276.6294  54.4%   6.8  394s
 103254 70764 36132.5344   56   15 77401.0000 35276.6294  54.4%   6.8  395s
 105076 71658 35742.1050   43   25 77401.0000 35291.7119  54.4%   6.8  402s
 106903 73006 35756.6017   40   16 77401.0000 35297.4533  54.4%   6.8  410s
 109049 74370 36427.2999   68    7 77401.0000 35309.5138  54.4%   6.9  418s
 111403 75674 37008.2204   85    3 77401.0000 35318.5815  54.4%   6.9  426s
 113687 76881 36678.3897   61    9 77401.0000 35330.5068  54.4%   6.9  434s
 115869 77952 35871.5362   47   20 77401.0000 35330.5068  54.4%   7.0  444s
 118311 77642 35560.1253   43   26 77401.0000 35337.0353  54.3%   7.0  452s
 118424 78743 35618.3277   44   24 77401.0000 35337.0353  54.3%   7.0  461s
 119992 79607 36074.5453   48   18 77401.0000 35337.0353  54.3%   7.0  470s
 121680 80933 35837.1035   43   14 77401.0000 35343.6642  54.3%   7.0  481s
 123666 82009 36755.6928   71    4 77401.0000 35346.6803  54.3%   7.1  492s
 125688 83343 44415.0000  106    - 77401.0000 35346.6803  54.3%   7.1  506s
 128228 84743 35744.2229   40   24 77401.0000 35346.6803  54.3%   7.1  523s
 130628 86354 36261.4258   58   13 77401.0000 35365.1843  54.3%   7.1  536s
 133361 88130 36799.2319   82    1 77401.0000 35370.4412  54.3%   7.1  552s
 136255 90089 36434.8915   59    9 77401.0000 35375.1962  54.3%   7.2  567s
 139656 91979 35679.8947   44   26 77401.0000 35382.7554  54.3%   7.2  583s
 143040 93738 35877.3552   44   19 77401.0000 35389.8664  54.3%   7.2  599s
 143418 93647 36101.8446   53   22 77401.0000 35389.9179  54.3%   7.2  600s

Cutting planes:
  Gomory: 2
  Cover: 1
  MIR: 7
  Flow cover: 3

Explored 146331 nodes (1052262 simplex iterations) in 602.28 seconds (265.04 work units)
Thread count was 32 (of 32 available processors)

Solution count 10: 77401 79574 81712 ... 148527

Time limit reached
Best objective 7.740100000000e+04, best bound 3.539571851074e+04, gap 54.2697%

User-callback calls 315374, time in user-callback 69.57 sec
