
Gurobi 13.0.2 (win64) logging started Sat Jul 11 09:21:00 2026

Set parameter LogFile to value "logs/kstar_nI20_nJ20_nK50_nL5_tI2_tJ2_s1_m1_exact_s0_20260711-092100.gurobi.log"
Set parameter Seed to value 0
Set parameter TimeLimit to value 599.9886589
Set parameter MIPGap to value 0
Set parameter MIPGapAbs to value 0.5
Set parameter Cutoff to value 1e+100
Gurobi Optimizer version 13.0.2 build v13.0.2rc1 (win64 - Windows 11+.0 (26200.2))

CPU model: Intel(R) Core(TM) i9-14900HX, instruction set [SSE2|AVX|AVX2]
Thread count: 24 physical cores, 32 logical processors, using up to 32 threads

Non-default parameters:
TimeLimit  599.9886589
MIPGap  0
MIPGapAbs  0.5
PreCrush  1
LazyConstraints  1

Optimize a model with 10 rows, 45 columns and 200 nonzeros (Min)
Model fingerprint: 0x20e60d3e
Model has 45 linear objective coefficients
Variable types: 5 continuous, 40 integer (40 binary)
Coefficient statistics:
  Matrix range     [1e+01, 6e+02]
  Objective range  [1e+00, 5e+02]
  Bounds range     [1e+00, 6e+03]
  RHS range        [6e+02, 7e+02]

Using branch priorities.
Presolve removed 6 rows and 0 columns
Presolve time: 0.00s
Presolved: 4 rows, 45 columns, 80 nonzeros
Variable types: 5 continuous, 40 integer (40 binary)

Root relaxation: objective 2.788538e+04, 7 iterations, 0.00 seconds (0.00 work units)

    Nodes    |    Current Node    |     Objective Bounds      |     Work
 Expl Unexpl |  Obj  Depth IntInf | Incumbent    BestBd   Gap | It/Node Time

     0     0 27885.3803    0    3          - 27885.3803      -     -    0s
H    0     0                    231012.00000 27885.3803  87.9%     -    0s
H    0     0                    209605.00000 27885.3803  86.7%     -    0s
H    0     0                    200284.00000 27885.3803  86.1%     -    0s
H    0     0                    190320.00000 27885.3803  85.3%     -    0s
H    0     0                    155395.00000 27885.3803  82.1%     -    0s
H    0     0                    132640.00000 27885.3803  79.0%     -    0s
     0     0 27941.5438    0    8 132640.000 27941.5438  78.9%     -    0s
     0     0 27962.6150    0   11 132640.000 27962.6150  78.9%     -    0s
     0     0 27998.8944    0   11 132640.000 27998.8944  78.9%     -    0s
     0     0 28021.6210    0   13 132640.000 28021.6210  78.9%     -    0s
     0     0 28039.9358    0   11 132640.000 28039.9358  78.9%     -    0s
     0     0 28040.7274    0   12 132640.000 28040.7274  78.9%     -    0s
     0     0 28049.4603    0   11 132640.000 28049.4603  78.9%     -    0s
     0     0 28057.1848    0   13 132640.000 28057.1848  78.8%     -    0s
     0     0 28058.6364    0   13 132640.000 28058.6364  78.8%     -    0s
     0     0 28063.0717    0   11 132640.000 28063.0717  78.8%     -    0s
     0     0 28067.1023    0   12 132640.000 28067.1023  78.8%     -    0s
     0     0 28069.6102    0   13 132640.000 28069.6102  78.8%     -    0s
     0     0 28078.8342    0   13 132640.000 28078.8342  78.8%     -    0s
     0     0 28080.6205    0   14 132640.000 28080.6205  78.8%     -    0s
     0     0 28083.1133    0   16 132640.000 28083.1133  78.8%     -    0s
     0     0 28087.0405    0   16 132640.000 28087.0405  78.8%     -    0s
     0     0 28094.1029    0   16 132640.000 28094.1029  78.8%     -    0s
     0     0 28108.4094    0   16 132640.000 28108.4094  78.8%     -    0s
     0     0 28113.4381    0   16 132640.000 28113.4381  78.8%     -    0s
     0     0 28124.3368    0   16 132640.000 28124.3368  78.8%     -    0s
     0     0 28143.6804    0   15 132640.000 28143.6804  78.8%     -    0s
     0     0 28147.5159    0   15 132640.000 28147.5159  78.8%     -    0s
     0     0 28151.2502    0   19 132640.000 28151.2502  78.8%     -    0s
     0     0 28163.1163    0   18 132640.000 28163.1163  78.8%     -    0s
     0     0 28169.6702    0   17 132640.000 28169.6702  78.8%     -    0s
     0     0 28178.3696    0   19 132640.000 28178.3696  78.8%     -    0s
     0     0 28196.1506    0   18 132640.000 28196.1506  78.7%     -    0s
     0     0 28201.8401    0   19 132640.000 28201.8401  78.7%     -    0s
     0     0 28206.6043    0   20 132640.000 28206.6043  78.7%     -    0s
     0     0 28210.6790    0   20 132640.000 28210.6790  78.7%     -    0s
     0     0 28216.1062    0   20 132640.000 28216.1062  78.7%     -    0s
     0     0 28223.5425    0   18 132640.000 28223.5425  78.7%     -    0s
     0     0 28229.0546    0   19 132640.000 28229.0546  78.7%     -    0s
     0     0 28236.2241    0   19 132640.000 28236.2241  78.7%     -    0s
     0     0 28243.4715    0   21 132640.000 28243.4715  78.7%     -    0s
     0     0 28256.7200    0   20 132640.000 28256.7200  78.7%     -    0s
     0     0 28265.4150    0   19 132640.000 28265.4150  78.7%     -    0s
     0     0 28276.9942    0   22 132640.000 28276.9942  78.7%     -    0s
     0     0 28278.9318    0   23 132640.000 28278.9318  78.7%     -    0s
     0     0 28282.7637    0   22 132640.000 28282.7637  78.7%     -    0s
     0     0 28284.7704    0   21 132640.000 28284.7704  78.7%     -    0s
     0     0 28290.1858    0   21 132640.000 28290.1858  78.7%     -    0s
     0     0 28295.7901    0   24 132640.000 28295.7901  78.7%     -    0s
     0     0 28298.6408    0   24 132640.000 28298.6408  78.7%     -    0s
     0     0 28300.8191    0   23 132640.000 28300.8191  78.7%     -    0s
     0     0 28302.2055    0   23 132640.000 28302.2055  78.7%     -    0s
     0     0 28303.8568    0   23 132640.000 28303.8568  78.7%     -    0s
     0     0 28305.5080    0   26 132640.000 28305.5080  78.7%     -    0s
     0     0 28316.0182    0   22 132640.000 28316.0182  78.7%     -    0s
     0     0 28326.0417    0   23 132640.000 28326.0417  78.6%     -    0s
     0     0 28327.2397    0   23 132640.000 28327.2397  78.6%     -    0s
     0     0 28332.3716    0   25 132640.000 28332.3716  78.6%     -    0s
     0     0 28337.4115    0   28 132640.000 28337.4115  78.6%     -    0s
     0     0 28350.2790    0   25 132640.000 28350.2790  78.6%     -    0s
     0     0 28354.9011    0   26 132640.000 28354.9011  78.6%     -    0s
     0     0 28359.0054    0   25 132640.000 28359.0054  78.6%     -    0s
     0     0 28361.5684    0   25 132640.000 28361.5684  78.6%     -    0s
     0     0 28371.6408    0   24 132640.000 28371.6408  78.6%     -    0s
     0     0 28376.4440    0   27 132640.000 28376.4440  78.6%     -    0s
     0     0 28381.8325    0   28 132640.000 28381.8325  78.6%     -    0s
     0     0 28387.9620    0   27 132640.000 28387.9620  78.6%     -    0s
     0     0 28406.0229    0   23 132640.000 28406.0229  78.6%     -    0s
     0     0 28412.1638    0   25 132640.000 28412.1638  78.6%     -    0s
     0     0 28421.4602    0   25 132640.000 28421.4602  78.6%     -    0s
     0     0 28425.7888    0   26 132640.000 28425.7888  78.6%     -    0s
     0     0 28427.5900    0   28 132640.000 28427.5900  78.6%     -    0s
     0     0 28431.2322    0   29 132640.000 28431.2322  78.6%     -    0s
     0     0 28448.5503    0   27 132640.000 28448.5503  78.6%     -    0s
     0     0 28451.3301    0   28 132640.000 28451.3301  78.5%     -    0s
     0     0 28452.7443    0   29 132640.000 28452.7443  78.5%     -    0s
     0     0 28462.3469    0   26 132640.000 28462.3469  78.5%     -    0s
     0     0 28464.3337    0   25 132640.000 28464.3337  78.5%     -    0s
     0     0 28465.6678    0   27 132640.000 28465.6678  78.5%     -    0s
     0     0 28466.6041    0   29 132640.000 28466.6041  78.5%     -    0s
     0     0 28467.4316    0   29 132640.000 28467.4316  78.5%     -    0s
     0     0 28468.9040    0   28 132640.000 28468.9040  78.5%     -    0s
     0     0 28473.1548    0   29 132640.000 28473.1548  78.5%     -    0s
     0     0 28475.6945    0   29 132640.000 28475.6945  78.5%     -    0s
     0     0 28477.7246    0   28 132640.000 28477.7246  78.5%     -    0s
     0     0 28485.1360    0   26 132640.000 28485.1360  78.5%     -    0s
     0     0 28489.2473    0   31 132640.000 28489.2473  78.5%     -    0s
     0     0 28495.8450    0   26 132640.000 28495.8450  78.5%     -    0s
     0     0 28500.1369    0   29 132640.000 28500.1369  78.5%     -    0s
     0     0 28507.2449    0   29 132640.000 28507.2449  78.5%     -    0s
     0     0 28510.2255    0   28 132640.000 28510.2255  78.5%     -    0s
     0     0 28514.1662    0   26 132640.000 28514.1662  78.5%     -    0s
     0     0 28517.5168    0   29 132640.000 28517.5168  78.5%     -    0s
     0     0 28525.2785    0   30 132640.000 28525.2785  78.5%     -    0s
     0     0 28528.6587    0   30 132640.000 28528.6587  78.5%     -    0s
     0     0 28531.3834    0   30 132640.000 28531.3834  78.5%     -    0s
     0     0 28534.5192    0   30 132640.000 28534.5192  78.5%     -    0s
     0     0 28540.0346    0   28 132640.000 28540.0346  78.5%     -    0s
     0     0 28540.5384    0   29 132640.000 28540.5384  78.5%     -    0s
     0     0 28543.2679    0   32 132640.000 28543.2679  78.5%     -    0s
     0     0 28545.4310    0   31 132640.000 28545.4310  78.5%     -    0s
     0     0 28554.4082    0   29 132640.000 28554.4082  78.5%     -    0s
     0     0 28559.7211    0   30 132640.000 28559.7211  78.5%     -    0s
     0     0 28570.0171    0   30 132640.000 28570.0171  78.5%     -    0s
     0     0 28581.6290    0   27 132640.000 28581.6290  78.5%     -    0s
     0     0 28584.2963    0   30 132640.000 28584.2963  78.4%     -    0s
     0     0 28598.5155    0   24 132640.000 28598.5155  78.4%     -    0s
     0     0 28613.0243    0   29 132640.000 28613.0243  78.4%     -    0s
     0     0 28617.2967    0   26 132640.000 28617.2967  78.4%     -    0s
     0     0 28621.8360    0   30 132640.000 28621.8360  78.4%     -    0s
     0     0 28624.3449    0   30 132640.000 28624.3449  78.4%     -    0s
     0     0 28624.7816    0   31 132640.000 28624.7816  78.4%     -    0s
     0     0 28642.0862    0   25 132640.000 28642.0862  78.4%     -    0s
     0     0 28650.2115    0   29 132640.000 28650.2115  78.4%     -    0s
     0     0 28654.1852    0   32 132640.000 28654.1852  78.4%     -    0s
     0     0 28657.7925    0   30 132640.000 28657.7925  78.4%     -    0s
     0     0 28659.9976    0   33 132640.000 28659.9976  78.4%     -    0s
     0     0 28664.1853    0   29 132640.000 28664.1853  78.4%     -    0s
     0     0 28667.9095    0   31 132640.000 28667.9095  78.4%     -    0s
     0     0 28669.9117    0   31 132640.000 28669.9117  78.4%     -    0s
     0     0 28675.4110    0   29 132640.000 28675.4110  78.4%     -    0s
     0     0 28682.6055    0   31 132640.000 28682.6055  78.4%     -    0s
     0     0 28683.6115    0   32 132640.000 28683.6115  78.4%     -    0s
     0     0 28686.5468    0   32 132640.000 28686.5468  78.4%     -    0s
     0     0 28687.7642    0   32 132640.000 28687.7642  78.4%     -    0s
     0     0 28691.6546    0   31 132640.000 28691.6546  78.4%     -    0s
     0     0 28692.5985    0   32 132640.000 28692.5985  78.4%     -    0s
     0     0 28694.3080    0   29 132640.000 28694.3080  78.4%     -    0s
     0     0 28705.0250    0   30 132640.000 28705.0250  78.4%     -    0s
     0     0 28712.1175    0   35 132640.000 28712.1175  78.4%     -    0s
     0     0 28714.8696    0   33 132640.000 28714.8696  78.4%     -    0s
     0     0 28717.9890    0   34 132640.000 28717.9890  78.3%     -    0s
     0     0 28722.1532    0   33 132640.000 28722.1532  78.3%     -    0s
     0     0 28731.6796    0   30 132640.000 28731.6796  78.3%     -    0s
     0     0 28735.6961    0   33 132640.000 28735.6961  78.3%     -    0s
     0     0 28739.5938    0   32 132640.000 28739.5938  78.3%     -    0s
     0     0 28744.7252    0   32 132640.000 28744.7252  78.3%     -    0s
     0     0 28751.1912    0   31 132640.000 28751.1912  78.3%     -    0s
     0     0 28754.8398    0   32 132640.000 28754.8398  78.3%     -    0s
     0     0 28760.1437    0   33 132640.000 28760.1437  78.3%     -    0s
     0     0 28762.7536    0   34 132640.000 28762.7536  78.3%     -    0s
     0     0 28769.4957    0   28 132640.000 28769.4957  78.3%     -    0s
     0     0 28778.9315    0   31 132640.000 28778.9315  78.3%     -    0s
     0     0 28784.3395    0   35 132640.000 28784.3395  78.3%     -    0s
     0     0 28790.1396    0   35 132640.000 28790.1396  78.3%     -    0s
     0     0 28791.7117    0   35 132640.000 28791.7117  78.3%     -    0s
     0     0 28802.4804    0   32 132640.000 28802.4804  78.3%     -    0s
     0     0 28806.7441    0   29 132640.000 28806.7441  78.3%     -    0s
     0     0 28816.7449    0   28 132640.000 28816.7449  78.3%     -    0s
     0     0 28828.2451    0   29 132640.000 28828.2451  78.3%     -    0s
     0     0 28833.3803    0   29 132640.000 28833.3803  78.3%     -    0s
     0     0 28835.1422    0   30 132640.000 28835.1422  78.3%     -    0s
     0     0 28837.8674    0   29 132640.000 28837.8674  78.3%     -    0s
     0     0 28838.9696    0   31 132640.000 28838.9696  78.3%     -    0s
     0     0 28839.4718    0   30 132640.000 28839.4718  78.3%     -    0s
     0     0 28851.6359    0   27 132640.000 28851.6359  78.2%     -    0s
     0     0 28857.9097    0   29 132640.000 28857.9097  78.2%     -    0s
     0     0 28868.1634    0   32 132640.000 28868.1634  78.2%     -    0s
     0     0 28876.4424    0   30 132640.000 28876.4424  78.2%     -    0s
     0     0 28880.1592    0   31 132640.000 28880.1592  78.2%     -    0s
     0     0 28880.9355    0   32 132640.000 28880.9355  78.2%     -    0s
     0     0 28884.5776    0   30 132640.000 28884.5776  78.2%     -    0s
     0     0 28890.4854    0   31 132640.000 28890.4854  78.2%     -    0s
     0     0 28892.1228    0   33 132640.000 28892.1228  78.2%     -    0s
     0     0 28892.7848    0   35 132640.000 28892.7848  78.2%     -    0s
     0     0 28893.4896    0   35 132640.000 28893.4896  78.2%     -    0s
     0     0 28894.6532    0   34 132640.000 28894.6532  78.2%     -    0s
     0     0 28895.8119    0   34 132640.000 28895.8119  78.2%     -    0s
     0     0 28896.5710    0   32 132640.000 28896.5710  78.2%     -    0s
     0     0 28897.7094    0   34 132640.000 28897.7094  78.2%     -    0s
     0     0 28906.3110    0   34 132640.000 28906.3110  78.2%     -    0s
     0     0 28908.7034    0   36 132640.000 28908.7034  78.2%     -    0s
     0     0 28912.5693    0   36 132640.000 28912.5693  78.2%     -    0s
     0     0 28922.7386    0   34 132640.000 28922.7386  78.2%     -    0s
     0     0 28935.0627    0   32 132640.000 28935.0627  78.2%     -    0s
     0     0 28940.9656    0   33 132640.000 28940.9656  78.2%     -    0s
     0     0 28941.4407    0   35 132640.000 28941.4407  78.2%     -    0s
     0     0 28948.8996    0   33 132640.000 28948.8996  78.2%     -    0s
     0     0 28966.8400    0   31 132640.000 28966.8400  78.2%     -    0s
     0     0 28974.3331    0   33 132640.000 28974.3331  78.2%     -    0s
     0     0 28978.7016    0   30 132640.000 28978.7016  78.2%     -    0s
     0     0 28985.4808    0   32 132640.000 28985.4808  78.1%     -    0s
     0     0 28988.7223    0   35 132640.000 28988.7223  78.1%     -    0s
     0     0 29030.2573    0   28 132640.000 29030.2573  78.1%     -    0s
     0     0 29055.6768    0   29 132640.000 29055.6768  78.1%     -    0s
     0     0 29061.5211    0   31 132640.000 29061.5211  78.1%     -    0s
     0     0 29072.5199    0   29 132640.000 29072.5199  78.1%     -    0s
     0     0 29079.3138    0   31 132640.000 29079.3138  78.1%     -    0s
     0     0 29082.0146    0   33 132640.000 29082.0146  78.1%     -    0s
     0     0 29093.1854    0   29 132640.000 29093.1854  78.1%     -    0s
     0     0 29098.5678    0   27 132640.000 29098.5678  78.1%     -    0s
     0     0 29103.4713    0   29 132640.000 29103.4713  78.1%     -    0s
     0     0 29107.5820    0   31 132640.000 29107.5820  78.1%     -    0s
     0     0 29117.0686    0   28 132640.000 29117.0686  78.0%     -    0s
     0     0 29120.2173    0   30 132640.000 29120.2173  78.0%     -    0s
     0     0 29124.2404    0   32 132640.000 29124.2404  78.0%     -    0s
     0     0 29136.7439    0   30 132640.000 29136.7439  78.0%     -    0s
     0     0 29145.4427    0   34 132640.000 29145.4427  78.0%     -    0s
     0     0 29149.1103    0   32 132640.000 29149.1103  78.0%     -    0s
     0     0 29154.6712    0   33 132640.000 29154.6712  78.0%     -    0s
     0     0 29160.1782    0   30 132640.000 29160.1782  78.0%     -    0s
     0     0 29162.4677    0   31 132640.000 29162.4677  78.0%     -    0s
     0     0 29165.9066    0   31 132640.000 29165.9066  78.0%     -    0s
     0     0 29172.4865    0   33 132640.000 29172.4865  78.0%     -    0s
     0     0 29177.3464    0   35 132640.000 29177.3464  78.0%     -    0s
     0     0 29186.0465    0   33 132640.000 29186.0465  78.0%     -    0s
     0     0 29189.0916    0   33 132640.000 29189.0916  78.0%     -    0s
     0     0 29206.4453    0   31 132640.000 29206.4453  78.0%     -    0s
     0     0 29229.2827    0   34 132640.000 29229.2827  78.0%     -    0s
     0     0 29240.3331    0   31 132640.000 29240.3331  78.0%     -    0s
     0     0 29254.5281    0   34 132640.000 29254.5281  77.9%     -    0s
     0     0 29263.7553    0   35 132640.000 29263.7553  77.9%     -    0s
     0     0 29275.2087    0   34 132640.000 29275.2087  77.9%     -    0s
     0     0 29304.4799    0   33 132640.000 29304.4799  77.9%     -    0s
     0     0 29321.9673    0   32 132640.000 29321.9673  77.9%     -    0s
     0     0 29330.1626    0   34 132640.000 29330.1626  77.9%     -    0s
     0     0 29346.6269    0   33 132640.000 29346.6269  77.9%     -    0s
     0     0 29377.9578    0   32 132640.000 29377.9578  77.9%     -    0s
     0     0 29390.4540    0   31 132640.000 29390.4540  77.8%     -    0s
     0     0 29398.5838    0   33 132640.000 29398.5838  77.8%     -    0s
     0     0 29410.7384    0   31 132640.000 29410.7384  77.8%     -    0s
     0     0 29414.1932    0   35 132640.000 29414.1932  77.8%     -    0s
     0     0 29417.5641    0   35 132640.000 29417.5641  77.8%     -    0s
     0     0 29418.8976    0   37 132640.000 29418.8976  77.8%     -    0s
     0     0 29426.2786    0   34 132640.000 29426.2786  77.8%     -    0s
     0     0 29428.3502    0   36 132640.000 29428.3502  77.8%     -    0s
     0     0 29440.8237    0   31 132640.000 29440.8237  77.8%     -    0s
     0     0 29443.9830    0   31 132640.000 29443.9830  77.8%     -    0s
     0     0 29448.3714    0   31 132640.000 29448.3714  77.8%     -    0s
     0     0 29454.3963    0   35 132640.000 29454.3963  77.8%     -    0s
     0     0 29477.3871    0   31 132640.000 29477.3871  77.8%     -    0s
     0     0 29488.8617    0   35 132640.000 29488.8617  77.8%     -    0s
     0     0 29498.6906    0   32 132640.000 29498.6906  77.8%     -    0s
     0     0 29514.7291    0   32 132640.000 29514.7291  77.7%     -    0s
     0     0 29531.4522    0   35 132640.000 29531.4522  77.7%     -    0s
     0     0 29541.9146    0   33 132640.000 29541.9146  77.7%     -    0s
     0     0 29546.7334    0   33 132640.000 29546.7334  77.7%     -    0s
     0     0 29559.4836    0   33 132640.000 29559.4836  77.7%     -    0s
     0     0 29609.9054    0   28 132640.000 29609.9054  77.7%     -    0s
     0     0 29630.7349    0   31 132640.000 29630.7349  77.7%     -    0s
     0     0 29641.0617    0   35 132640.000 29641.0617  77.7%     -    0s
     0     0 29662.3584    0   31 132640.000 29662.3584  77.6%     -    0s
     0     0 29676.8270    0   34 132640.000 29676.8270  77.6%     -    0s
     0     0 29704.2108    0   32 132640.000 29704.2108  77.6%     -    0s
     0     0 29714.3123    0   31 132640.000 29714.3123  77.6%     -    0s
     0     0 29716.1096    0   33 132640.000 29716.1096  77.6%     -    0s
     0     0 29723.2588    0   33 132640.000 29723.2588  77.6%     -    0s
     0     0 29729.7222    0   34 132640.000 29729.7222  77.6%     -    0s
     0     0 29731.2779    0   34 132640.000 29731.2779  77.6%     -    0s
     0     0 29756.8068    0   32 132640.000 29756.8068  77.6%     -    0s
     0     0 29776.9538    0   34 132640.000 29776.9538  77.6%     -    0s
     0     0 29786.9899    0   34 132640.000 29786.9899  77.5%     -    0s
     0     0 29806.8203    0   33 132640.000 29806.8203  77.5%     -    0s
     0     0 29812.6255    0   34 132640.000 29812.6255  77.5%     -    0s
     0     0 29828.2628    0   33 132640.000 29828.2628  77.5%     -    0s
     0     0 29831.5672    0   35 132640.000 29831.5672  77.5%     -    0s
     0     0 29834.5156    0   35 132640.000 29834.5156  77.5%     -    0s
     0     0 29843.6858    0   34 132640.000 29843.6858  77.5%     -    0s
     0     0 29852.1241    0   32 132640.000 29852.1241  77.5%     -    0s
     0     0 29862.0594    0   34 132640.000 29862.0594  77.5%     -    0s
     0     0 29867.8799    0   35 132640.000 29867.8799  77.5%     -    0s
     0     0 29945.2148    0   28 132640.000 29945.2148  77.4%     -    0s
     0     0 29984.0378    0   32 132640.000 29984.0378  77.4%     -    0s
     0     0 30008.8237    0   31 132640.000 30008.8237  77.4%     -    0s
     0     0 30014.4733    0   35 132640.000 30014.4733  77.4%     -    0s
     0     0 30029.2319    0   35 132640.000 30029.2319  77.4%     -    0s
     0     0 30071.2117    0   31 132640.000 30071.2117  77.3%     -    0s
     0     0 30096.6333    0   37 132640.000 30096.6333  77.3%     -    0s
     0     0 30104.9024    0   36 132640.000 30104.9024  77.3%     -    0s
     0     0 30137.8780    0   35 132640.000 30137.8780  77.3%     -    0s
     0     0 30196.3807    0   35 132640.000 30196.3807  77.2%     -    0s
     0     0 30215.2462    0   35 132640.000 30215.2462  77.2%     -    0s
     0     0 30230.9603    0   36 132640.000 30230.9603  77.2%     -    0s
     0     0 30239.4570    0   35 132640.000 30239.4570  77.2%     -    0s
     0     0 30250.2305    0   36 132640.000 30250.2305  77.2%     -    0s
     0     0 30273.5844    0   38 132640.000 30273.5844  77.2%     -    0s
     0     0 30285.9889    0   33 132640.000 30285.9889  77.2%     -    0s
     0     0 30318.7127    0   34 132640.000 30318.7127  77.1%     -    0s
     0     0 30330.5441    0   35 132640.000 30330.5441  77.1%     -    0s
     0     0 30339.0490    0   34 132640.000 30339.0490  77.1%     -    0s
     0     0 30345.8319    0   34 132640.000 30345.8319  77.1%     -    0s
     0     0 30360.0428    0   37 132640.000 30360.0428  77.1%     -    0s
     0     0 30374.7335    0   37 132640.000 30374.7335  77.1%     -    0s
     0     0 30422.3284    0   36 132640.000 30422.3284  77.1%     -    0s
     0     0 30464.8269    0   37 132640.000 30464.8269  77.0%     -    0s
     0     0 30507.1906    0   35 132640.000 30507.1906  77.0%     -    0s
     0     0 30532.8991    0   35 132640.000 30532.8991  77.0%     -    0s
     0     0 30546.0616    0   37 132640.000 30546.0616  77.0%     -    0s
     0     0 30558.3436    0   35 132640.000 30558.3436  77.0%     -    0s
     0     0 30558.6221    0   36 132640.000 30558.6221  77.0%     -    0s
     0     0 30559.1577    0   38 132640.000 30559.1577  77.0%     -    0s
     0     0 30564.9612    0   36 132640.000 30564.9612  77.0%     -    0s
     0     0 30584.4174    0   36 132640.000 30584.4174  76.9%     -    0s
     0     0 30595.2555    0   36 132640.000 30595.2555  76.9%     -    0s
     0     0 30619.4279    0   36 132640.000 30619.4279  76.9%     -    0s
     0     0 30647.9855    0   39 132640.000 30647.9855  76.9%     -    0s
     0     0 30650.7551    0   38 132640.000 30650.7551  76.9%     -    0s
     0     0 30676.7276    0   35 132640.000 30676.7276  76.9%     -    0s
     0     0 30690.2111    0   36 132640.000 30690.2111  76.9%     -    0s
     0     0 30706.4923    0   40 132640.000 30706.4923  76.8%     -    0s
     0     0 30706.6152    0   40 132640.000 30706.6152  76.8%     -    0s
     0     0 30725.6141    0   34 132640.000 30725.6141  76.8%     -    0s
     0     0 30742.3318    0   39 132640.000 30742.3318  76.8%     -    0s
     0     0 30744.9963    0   39 132640.000 30744.9963  76.8%     -    0s
     0     0 30805.1178    0   33 132640.000 30805.1178  76.8%     -    0s
     0     0 30838.9436    0   36 132640.000 30838.9436  76.7%     -    0s
     0     0 30856.5727    0   38 132640.000 30856.5727  76.7%     -    0s
     0     0 30864.5586    0   38 132640.000 30864.5586  76.7%     -    0s
     0     0 30881.7216    0   36 132640.000 30881.7216  76.7%     -    0s
     0     0 30903.0758    0   37 132640.000 30903.0758  76.7%     -    0s
     0     0 30915.8143    0   37 132640.000 30915.8143  76.7%     -    0s
     0     0 30923.8004    0   36 132640.000 30923.8004  76.7%     -    0s
     0     0 30932.6798    0   37 132640.000 30932.6798  76.7%     -    0s
     0     0 30940.8140    0   37 132640.000 30940.8140  76.7%     -    0s
     0     0 30971.7820    0   38 132640.000 30971.7820  76.6%     -    0s
     0     0 30976.9353    0   37 132640.000 30976.9353  76.6%     -    0s
     0     0 30996.8994    0   38 132640.000 30996.8994  76.6%     -    0s
     0     0 31015.4629    0   38 132640.000 31015.4629  76.6%     -    0s
     0     0 31034.0136    0   35 132640.000 31034.0136  76.6%     -    0s
     0     0 31034.5302    0   37 132640.000 31034.5302  76.6%     -    0s
     0     0 31055.4081    0   37 132640.000 31055.4081  76.6%     -    0s
     0     0 31077.8989    0   38 132640.000 31077.8989  76.6%     -    0s
     0     0 31081.7079    0   38 132640.000 31081.7079  76.6%     -    0s
     0     0 31118.4161    0   35 132640.000 31118.4161  76.5%     -    0s
     0     0 31131.4826    0   39 132640.000 31131.4826  76.5%     -    0s
     0     0 31148.5910    0   38 132640.000 31148.5910  76.5%     -    0s
     0     0 31175.1459    0   39 132640.000 31175.1459  76.5%     -    0s
     0     0 31189.6353    0   40 132640.000 31189.6353  76.5%     -    0s
     0     0 31191.6184    0   38 132640.000 31191.6184  76.5%     -    0s
     0     0 31194.0304    0   39 132640.000 31194.0304  76.5%     -    0s
     0     0 31197.8800    0   39 132640.000 31197.8800  76.5%     -    0s
     0     0 31214.1904    0   36 132640.000 31214.1904  76.5%     -    0s
     0     0 31232.8584    0   38 132640.000 31232.8584  76.5%     -    0s
     0     0 31240.0602    0   37 132640.000 31240.0602  76.4%     -    0s
     0     0 31258.3227    0   38 132640.000 31258.3227  76.4%     -    0s
     0     0 31261.9629    0   36 132640.000 31261.9629  76.4%     -    0s
     0     0 31264.3471    0   37 132640.000 31264.3471  76.4%     -    0s
     0     0 31269.6284    0   38 132640.000 31269.6284  76.4%     -    0s
     0     0 31271.8880    0   37 132640.000 31271.8880  76.4%     -    0s
     0     0 31274.8931    0   38 132640.000 31274.8931  76.4%     -    0s
     0     0 31275.2467    0   39 132640.000 31275.2467  76.4%     -    0s
     0     0 31276.4997    0   39 132640.000 31276.4997  76.4%     -    0s
     0     0 31285.2663    0   36 132640.000 31285.2663  76.4%     -    0s
     0     0 31292.1725    0   36 132640.000 31292.1725  76.4%     -    0s
     0     0 31301.9536    0   38 132640.000 31301.9536  76.4%     -    0s
     0     0 31332.3462    0   35 132640.000 31332.3462  76.4%     -    0s
     0     0 31346.3078    0   37 132640.000 31346.3078  76.4%     -    0s
     0     0 31353.5478    0   36 132640.000 31353.5478  76.4%     -    0s
     0     0 31375.3058    0   35 132640.000 31375.3058  76.3%     -    0s
     0     0 31382.3381    0   36 132640.000 31382.3381  76.3%     -    0s
     0     0 31383.5225    0   38 132640.000 31383.5225  76.3%     -    0s
     0     0 31394.8565    0   39 132640.000 31394.8565  76.3%     -    0s
     0     0 31398.4612    0   35 132640.000 31398.4612  76.3%     -    0s
     0     0 31410.2760    0   35 132640.000 31410.2760  76.3%     -    0s
     0     0 31412.5065    0   35 132640.000 31412.5065  76.3%     -    0s
     0     0 31421.8199    0   35 132640.000 31421.8199  76.3%     -    0s
     0     0 31434.6035    0   38 132640.000 31434.6035  76.3%     -    0s
     0     0 31455.4958    0   34 132640.000 31455.4958  76.3%     -    0s
     0     0 31462.7157    0   36 132640.000 31462.7157  76.3%     -    0s
     0     0 31463.4552    0   37 132640.000 31463.4552  76.3%     -    0s
     0     0 31467.1175    0   35 132640.000 31467.1175  76.3%     -    0s
     0     0 31487.3851    0   36 132640.000 31487.3851  76.3%     -    0s
     0     0 31492.1348    0   37 132640.000 31492.1348  76.3%     -    0s
     0     0 31508.6641    0   38 132640.000 31508.6641  76.2%     -    0s
     0     0 31531.7223    0   37 132640.000 31531.7223  76.2%     -    0s
     0     0 31536.1308    0   36 132640.000 31536.1308  76.2%     -    0s
     0     0 31547.3014    0   38 132640.000 31547.3014  76.2%     -    0s
     0     0 31552.6043    0   38 132640.000 31552.6043  76.2%     -    0s
     0     0 31559.2593    0   36 132640.000 31559.2593  76.2%     -    0s
     0     0 31560.3872    0   37 132640.000 31560.3872  76.2%     -    0s
     0     0 31562.8424    0   39 132640.000 31562.8424  76.2%     -    0s
     0     0 31564.1401    0   39 132640.000 31564.1401  76.2%     -    0s
     0     0 31804.9980    0   35 132640.000 31804.9980  76.0%     -    0s
H    0     0                    124191.00000 31826.1286  74.4%     -    0s
     0     0 31826.1286    0   35 124191.000 31826.1286  74.4%     -    0s
     0     0 31881.9091    0   33 124191.000 31881.9091  74.3%     -    0s
     0     0 31896.3861    0   35 124191.000 31896.3861  74.3%     -    0s
H    0     0                    117062.00000 31897.3917  72.8%     -    1s
     0     2 31909.4732    0   36 117062.000 31909.4732  72.7%     -    1s
H 3737  2847                    102640.00000 32221.5009  68.6%   3.2    3s
H 3742  2707                    59983.000000 32221.5009  46.3%   3.2    4s
H 3746  2574                    58427.000000 32221.5009  44.9%   3.2    4s
  3750  2576 32449.9285   11   31 58427.0000 32221.5009  44.9%   3.2    5s
H 3760  2454                    54617.000000 32221.5009  41.0%   3.2    6s
  4318  2919 33085.9949   25   14 54617.0000 32221.5009  41.0%   5.2   10s
  6711  4052 33553.5316   36    4 54617.0000 32246.4059  41.0%   5.6   15s
  8014  4534 33417.9419   42    1 54617.0000 32286.5420  40.9%   5.6   20s
  9159  5244 32988.7606   32   16 54617.0000 32290.5349  40.9%   5.6   25s
 11892  6844 32451.3792   22   19 54617.0000 32299.5882  40.9%   5.6   30s
 15325  9497 33868.2632   40    2 54617.0000 32334.2676  40.8%   5.6   36s
 17222 10776 32504.8947   24   21 54617.0000 32353.8389  40.8%   5.6   41s
 17941 11383 32544.9375   26   19 54617.0000 32353.8389  40.8%   5.5   46s
 18953 12341 37146.7550   46    1 54617.0000 32372.1121  40.7%   5.5   51s
 21231 13740 52173.7792   50    1 54617.0000 32381.9274  40.7%   5.5   55s
 23719 15995 32634.8334   25   16 54617.0000 32396.4604  40.7%   5.5   62s
 25512 17436 34016.6479   42    1 54617.0000 32401.5705  40.7%   5.5   65s
 27829 18756 32597.6323   28   17 54617.0000 32415.7515  40.6%   5.6   71s
 27920 19120 32682.8883   29   14 54617.0000 32415.7515  40.6%   5.6   75s
 29770 20854 33526.5704   36    5 54617.0000 32424.3576  40.6%   5.6   81s
 32220 22430 32797.8801   28   17 54617.0000 32431.2263  40.6%   5.6   88s
 32873 22981 32550.3941   23   13 54617.0000 32431.6702  40.6%   5.6   92s
 33534 23893 32579.4644   25   19 54617.0000 32434.7918  40.6%   5.6   96s
 34947 24996 32809.9369   27   14 54617.0000 32440.2771  40.6%   5.6  100s
 36412 26014 32537.6617   26   18 54617.0000 32444.5518  40.6%   5.7  105s
 39224 28314 33239.9786   31   11 54617.0000 32450.8932  40.6%   5.7  112s
 40575 29361 33099.8893   34    8 54617.0000 32454.8716  40.6%   5.7  116s
 42148 30042 33085.6480   28   12 54617.0000 32457.7945  40.6%   5.7  121s
 42710 30525 33196.2259   30    8 54617.0000 32457.7945  40.6%   5.7  125s
 43346 31090 33321.9731   31    8 54617.0000 32458.2526  40.6%   5.7  131s
 44076 31628 32659.6247   28   16 54617.0000 32458.2526  40.6%   5.7  136s
 44793 32701 51232.0000   51    - 54617.0000 32458.5988  40.6%   5.7  141s
 46361 33871 32806.3866   26   21 54617.0000 32460.9836  40.6%   5.7  147s
 47722 35056 32757.9051   30   13 54617.0000 32470.4254  40.5%   5.8  153s
 49387 36307 34016.6692   34   11 54617.0000 32471.4276  40.5%   5.8  158s
 51036 37795 43711.0000   51    - 54617.0000 32476.2273  40.5%   5.8  163s
 53024 39219 32673.0819   27   16 54617.0000 32480.1187  40.5%   5.8  169s
 53944 39434 32770.1182   26   20 54617.0000 32480.5507  40.5%   5.8  170s
 54834 40067 33205.0668   36    3 54617.0000 32483.8303  40.5%   5.8  176s
 55676 40693 32651.0571   23   19 54617.0000 32483.8303  40.5%   5.8  182s
 56437 40863 34450.3333   50   35 54617.0000 32484.7139  40.5%   5.8  213s
 56439 40864 33055.0000   35   35 54617.0000 32484.7139  40.5%   5.8  216s
 56442 40866 33280.0843   45   34 54617.0000 32484.7139  40.5%   5.8  221s
 56444 40868 34768.9641   38   33 54617.0000 32484.7139  40.5%   5.8  225s
 56446 40869 33723.0248   45   38 54617.0000 32484.7139  40.5%   5.8  230s
H56446 38825                    49926.000000 32484.7139  34.9%   5.8  232s
 56450 38828 33633.3711   40   34 49926.0000 32484.7139  34.9%   5.8  237s
H56451 36886                    49704.000000 32484.7139  34.6%   5.8  241s
 56454 36888 33498.5033   37   35 49704.0000 32484.7139  34.6%   5.8  246s
 56456 36890 33631.0000   41   34 49704.0000 32484.7139  34.6%   5.8  250s
H56458 35046                    48983.000000 32484.7139  33.7%   5.8  254s
 56460 35047 33376.0450   36   36 48983.0000 32484.7139  33.7%   5.8  256s
H56460 33295                    46056.000000 32484.7139  29.5%   5.8  258s
 56462 33297 33967.0000   43   34 46056.0000 32484.7139  29.5%   5.8  260s
H56462 31631                    45515.000000 32484.7139  28.6%   5.8  263s
H56463 31631                    45463.000000 32484.7139  28.5%   5.8  263s
 56466 31633 33166.3985   41   34 45463.0000 32484.7139  28.5%   5.8  266s
H56467 30052                    45304.000000 32484.7139  28.3%   5.8  269s
 56469 30056 32484.7139   29   29 45304.0000 32484.7139  28.3%   5.8  270s
 56531 30128 32484.7139   34   22 45304.0000 32484.7139  28.3%   5.9  275s
 56633 30296 32484.7139   36   20 45304.0000 32484.7139  28.3%   5.9  280s
 56935 30466 32501.9290   38   21 45304.0000 32484.7139  28.3%   5.9  286s
 57072 30503 32535.9362   39   20 45304.0000 32484.7139  28.3%   5.9  290s
 57448 30737 32595.9928   43   15 45304.0000 32484.7139  28.3%   6.0  295s
 57651 30765 32611.0471   45   14 45304.0000 32484.7139  28.3%   6.0  301s
 57855 30935 32649.8298   47   12 45304.0000 32484.7139  28.3%   6.0  306s
 58113 31072 32691.1163   49   12 45304.0000 32484.7139  28.3%   6.0  310s
 58544 31279 32888.1055   54    8 45304.0000 32484.7139  28.3%   6.0  315s
 58882 31393 32992.9258   57    5 45304.0000 32484.7139  28.3%   6.0  322s
 59182 31534 33283.3982   61    2 45304.0000 32484.7139  28.3%   6.0  326s
 59524 31775 32484.7139   39   19 45304.0000 32484.7139  28.3%   6.0  331s
 60310 32309 32484.7139   47   12 45304.0000 32484.7139  28.3%   6.0  337s
 61262 32738 33454.4300   62    2 45304.0000 32484.7139  28.3%   6.0  342s
 61760 33014 32484.7139   38   23 45304.0000 32484.7139  28.3%   6.0  345s
 63067 33498 34850.0000   63    - 45304.0000 32484.7139  28.3%   6.0  352s
 63667 33810 32495.4028   43   15 45304.0000 32484.7139  28.3%   6.0  355s
 64479 34146 32484.7139   37   26 45304.0000 32484.7139  28.3%   6.0  363s
 65080 34448 32484.7139   40   20 45304.0000 32484.7139  28.3%   6.0  366s
 65551 34759 32484.7139   43   20 45304.0000 32484.7139  28.3%   6.1  370s
 66999 35083 33108.4599   54    6 45304.0000 32484.7139  28.3%   6.0  377s
 67173 35470 33342.5993   55    5 45304.0000 32484.7139  28.3%   6.0  381s
 67846 35773 32484.7139   42   16 45304.0000 32484.7139  28.3%   6.0  385s
 69135 36222 32828.0310   49    7 45304.0000 32484.7139  28.3%   6.1  393s
 69529 36198 32631.0079   45   13 45304.0000 32484.7139  28.3%   6.1  398s
 69561 36623 32764.2023   46   15 45304.0000 32484.7139  28.3%   6.1  403s
 70347 36894 32682.8780   44   14 45304.0000 32484.7139  28.3%   6.1  408s
 70869 37329 33433.6987   57    3 45304.0000 32484.7139  28.3%   6.1  413s
 71778 37826 32804.2925   48   12 45304.0000 32484.7139  28.3%   6.1  417s
 72751 38264 32484.7139   39   23 45304.0000 32484.7139  28.3%   6.1  420s
 74588 39166 33032.0307   48   13 45304.0000 32484.7139  28.3%   6.1  429s
 75517 39459 36045.5177   57    1 45304.0000 32484.7139  28.3%   6.1  435s
 76285 40070 32739.9156   47   13 45304.0000 32484.7139  28.3%   6.1  440s
 77471 40601 32484.7139   41   18 45304.0000 32484.7139  28.3%   6.1  445s
 78675 41193 39316.8379   62    3 45304.0000 32484.7139  28.3%   6.1  450s
 79911 41229 33145.3458   52   14 45304.0000 32484.7139  28.3%   6.1  455s
 80288 41718 33257.3742   53   11 45304.0000 32484.7139  28.3%   6.1  460s
 81131 42414 33535.4966   52    3 45304.0000 32484.7139  28.3%   6.2  465s
 82242 42925 33006.1836   48    6 45304.0000 32484.7139  28.3%   6.2  470s
 83376 43491 33297.5383   47   13 45304.0000 32484.7139  28.3%   6.2  476s
 84707 44074 33573.5225   45   18 45304.0000 32484.7139  28.3%   6.2  482s
 86000 44370 32863.5613   46   18 45304.0000 32484.7139  28.3%   6.2  491s
 86760 45158 32762.6149   49   12 45304.0000 32484.7139  28.3%   6.2  497s
 88261 45781 37251.8755   64    1 45304.0000 32484.7139  28.3%   6.2  505s
 89927 46221 infeasible   65      45304.0000 32484.7139  28.3%   6.2  514s
 90732 46217 32939.1339   43   19 45304.0000 32484.7139  28.3%   6.2  515s
 91923 47135 32873.5169   44   15 45304.0000 32484.7139  28.3%   6.2  521s
 93485 47734 32484.7139   37   17 45304.0000 32484.7139  28.3%   6.2  529s
 94698 48550 32682.9787   44   21 45304.0000 32484.7139  28.3%   6.2  538s
 96088 49356 32944.7121   50   12 45304.0000 32484.7139  28.3%   6.2  546s
 97936 50090 32484.7139   42   16 45304.0000 32484.7139  28.3%   6.2  554s
 99391 49931 32546.5750   48   18 45304.0000 32484.7139  28.3%   6.2  555s
 99755 50665 38054.1672   61    2 45304.0000 32484.7139  28.3%   6.2  567s
 101119 51525 33138.0068   50   10 45304.0000 32484.7139  28.3%   6.2  575s
 102869 52381 32484.7139   42   19 45304.0000 32484.7139  28.3%   6.2  584s
 104531 52409 32484.7139   42   19 45304.0000 32484.7139  28.3%   6.3  592s
 104982 53218 32484.7139   43   21 45304.0000 32484.7139  28.3%   6.3  600s

Cutting planes:
  MIR: 26
  Flow cover: 12

Explored 106390 nodes (671097 simplex iterations) in 601.43 seconds (176.09 work units)
Thread count was 32 (of 32 available processors)

Solution count 10: 45304 45463 45515 ... 59983

Time limit reached
Best objective 4.530400000000e+04, best bound 3.248471388584e+04, gap 28.2961%

User-callback calls 234574, time in user-callback 29.88 sec
