
Gurobi 13.0.2 (win64) logging started Fri Jul 17 01:05:14 2026

Set parameter LogFile to value "logs/kstar_nI40_nJ20_nK100_nL5_tI6_tJ6_s1_m1_exact_s0_20260717-010514.gurobi.log"
Set parameter Seed to value 0
Set parameter TimeLimit to value 599.9791447
Set parameter MIPGap to value 0
Set parameter MIPGapAbs to value 0.5
Set parameter Cutoff to value 1e+100
Gurobi Optimizer version 13.0.2 build v13.0.2rc1 (win64 - Windows 11+.0 (26200.2))

CPU model: Intel(R) Core(TM) i9-14900HX, instruction set [SSE2|AVX|AVX2]
Thread count: 24 physical cores, 32 logical processors, using up to 32 threads

Non-default parameters:
TimeLimit  599.9791447
MIPGap  0
MIPGapAbs  0.5
PreCrush  1
LazyConstraints  1

Optimize a model with 10 rows, 65 columns and 300 nonzeros (Min)
Model fingerprint: 0xabdd1d68
Model has 65 linear objective coefficients
Variable types: 5 continuous, 60 integer (60 binary)
Coefficient statistics:
  Matrix range     [1e+01, 1e+03]
  Objective range  [1e+00, 5e+02]
  Bounds range     [1e+00, 1e+04]
  RHS range        [1e+03, 1e+03]

Using branch priorities.
Presolve removed 8 rows and 0 columns
Presolve time: 0.00s
Presolved: 2 rows, 65 columns, 60 nonzeros
Variable types: 5 continuous, 60 integer (60 binary)

Root relaxation: objective 5.079824e+04, 3 iterations, 0.00 seconds (0.00 work units)

    Nodes    |    Current Node    |     Objective Bounds      |     Work
 Expl Unexpl |  Obj  Depth IntInf | Incumbent    BestBd   Gap | It/Node Time

     0     0 50798.2386    0    2          - 50798.2386      -     -    0s
H    0     0                    193798.00000 50798.2386  73.8%     -    0s
H    0     0                    180554.00000 50798.2386  71.9%     -    0s
H    0     0                    178106.00000 50798.2386  71.5%     -    0s
H    0     0                    162320.00000 50798.2386  68.7%     -    0s
     0     0 51284.3037    0    6 162320.000 51284.3037  68.4%     -    0s
     0     0 51456.9222    0    6 162320.000 51456.9222  68.3%     -    0s
H    0     0                    150431.00000 51459.7489  65.8%     -    0s
     0     0 51608.5207    0   10 150431.000 51608.5207  65.7%     -    0s
     0     0 51612.5218    0   10 150431.000 51612.5218  65.7%     -    0s
H    0     0                    138642.00000 51613.4642  62.8%     -    0s
     0     2 51857.7617    0   10 138642.000 51857.7617  62.6%     -    0s
H 3664  3084                    115474.00000 52088.0738  54.9%   3.1    1s
H 3666  2931                    111175.00000 52176.2559  53.1%   3.1    2s
H 3669  2786                    109028.00000 52176.2559  52.1%   3.1    2s
H 3669  2647                    105866.00000 52176.2559  50.7%   3.1    2s
  4587  3297 53819.6146   26    6 105866.000 52365.5951  50.5%   4.4    5s
 10361  6469 54485.1370   33    5 105866.000 52604.3061  50.3%   4.2   10s
 18112 12738 62531.2871   51    3 105866.000 52703.6754  50.2%   4.2   15s
 25499 19123 54677.5446   31    5 105866.000 52823.9526  50.1%   4.1   20s
 31690 24411 66136.0000   55    - 105866.000 52881.2400  50.0%   4.1   25s
 36059 27575 54477.0973   33    6 105866.000 52910.9546  50.0%   4.1   30s
 37497 28881 53858.7706   28    9 105866.000 52937.3595  50.0%   4.1   35s
 38975 30264 55730.5534   49    3 105866.000 52941.3829  50.0%   4.1   40s
 41362 32798 59696.0385   67    1 105866.000 52955.8957  50.0%   4.1   45s
 43638 35276 55254.9179   36    1 105866.000 52971.0794  50.0%   4.1   50s
 47543 38729 53578.9269   22   17 105866.000 52996.2454  49.9%   4.1   55s
 52880 42076 54611.1037   23   12 105866.000 53020.3060  49.9%   4.1   60s
 57233 45547 53794.6064   25   12 105866.000 53038.4685  49.9%   4.1   65s
 60012 48636 54148.7666   26   10 105866.000 53054.8765  49.9%   4.1   70s
 63818 50923 54913.5635   42   10 105866.000 53071.1551  49.9%   4.1   81s
H63819 48377                    91142.000000 53071.1551  41.8%   4.1   82s
H63821 45959                    88808.000000 53071.1551  40.2%   4.1   85s
H63824 43663                    83853.000000 53071.1551  36.7%   4.1   87s
H63827 41482                    80510.000000 53071.1551  34.1%   4.1   89s
 63829 41483 54932.7534   40   32 80510.0000 53071.1551  34.1%   4.1   90s
 63836 41488 55182.0390   43   30 80510.0000 53071.1551  34.1%   4.1   95s
 63870 41544 53624.8391   27   19 80510.0000 53071.1551  34.1%   4.1  100s
 64290 41799 55836.2089   38    9 80510.0000 53071.1551  34.1%   4.3  105s
 65377 42478 59057.0797   41    6 80510.0000 53071.1551  34.1%   4.3  110s
 67284 43493     cutoff   64      80510.0000 53240.9119  33.9%   4.3  115s
 68780 44409 58065.5783   40    3 80510.0000 53282.2552  33.8%   4.3  121s
 70849 45496 54214.9011   34   20 80510.0000 53355.5426  33.7%   4.3  125s
 72864 46617 54258.2447   35   13 80510.0000 53459.2884  33.6%   4.4  130s
 74451 47378 55261.6101   46    6 80510.0000 53459.2884  33.6%   4.4  135s
 75927 48072 54170.7386   31   21 80510.0000 53577.7274  33.5%   4.4  141s
 77295 48398 61275.0000   61    - 80510.0000 53577.7274  33.5%   4.5  145s
 77776 49042 53896.5638   32   21 80510.0000 53602.2117  33.4%   4.5  150s
 80311 50519 54834.1240   50    4 80510.0000 53625.0510  33.4%   4.5  157s
 81587 51053 54975.1201   44    6 80510.0000 53648.9942  33.4%   4.5  160s
 83472 52332 54077.6283   34   18 80510.0000 53661.6527  33.3%   4.5  165s
 85863 53545 57666.4947   40   13 80510.0000 53710.1768  33.3%   4.6  170s
 88605 55132 61979.3553   61    3 80510.0000 53728.1320  33.3%   4.6  177s
 90312 55948 54658.6417   38   13 80510.0000 53765.9118  33.2%   4.6  180s
 93709 57493 56140.8015   34   14 80510.0000 53799.6079  33.2%   4.6  187s
 95173 58768 54512.6059   37   14 80510.0000 53826.7229  33.1%   4.6  191s
 97375 59738 55515.6466   40    5 80510.0000 53848.6161  33.1%   4.6  196s
 101171 61624 58103.5455   45    3 80510.0000 53873.8946  33.1%   4.6  203s
 103167 62954 57676.9944   46    2 80510.0000 53873.8946  33.1%   4.6  207s
 105602 62791 55231.9556   47    5 80510.0000 53914.8694  33.0%   4.6  212s
 105929 63932 55287.5135   48    5 80510.0000 53916.3106  33.0%   4.6  216s
 107645 65091 54537.6303   36   13 80510.0000 53916.3106  33.0%   4.6  221s
 109795 66265 54287.1659   35   20 80510.0000 53946.6055  33.0%   4.6  227s
 111981 67402 55303.9362   43   10 80510.0000 53973.1370  33.0%   4.6  232s
 114718 68977 56805.1965   68    2 80510.0000 53983.6548  32.9%   4.6  237s
 117523 70409 55252.9246   35   13 80510.0000 54005.5932  32.9%   4.6  243s
 120411 71839 54652.7662   38   16 80510.0000 54022.6406  32.9%   4.6  249s
 123051 73077 55208.5584   32   18 80510.0000 54038.2389  32.9%   4.6  254s
 123128 73060 55954.8960   39   11 80510.0000 54038.2389  32.9%   4.6  255s
 125621 74700 56211.9067   61    2 80510.0000 54063.9714  32.8%   4.6  260s
 128649 75800 55024.6001   42   12 80510.0000 54088.2835  32.8%   4.6  266s
 131031 76824 58933.5448   57    1 80510.0000 54096.0681  32.8%   4.6  272s
 133989 77962 56317.3219   40    8 80510.0000 54100.8569  32.8%   4.6  277s
 136223 79916 55572.0238   47   10 80510.0000 54111.7606  32.8%   4.6  284s
 139556 81229 54854.5851   36   12 80510.0000 54125.6658  32.8%   4.6  292s
 142230 82808 56202.3549   42    5 80510.0000 54139.0344  32.8%   4.6  298s
 145326 84372 56185.7992   39   12 80510.0000 54149.9828  32.7%   4.6  304s
 146337 84217 56027.6018   50    4 80510.0000 54154.3258  32.7%   4.6  305s
 148635 85862 57131.4789   36   12 80510.0000 54162.9314  32.7%   4.6  312s
 151763 87322 57968.1084   38   10 80510.0000 54179.1831  32.7%   4.6  319s
 152392 87222 67627.9326   71    2 80510.0000 54179.1831  32.7%   4.6  320s
 154935 89011 61676.1088   67    3 80510.0000 54191.3398  32.7%   4.6  327s
 158272 90515 58076.7329   40    8 80510.0000 54200.4672  32.7%   4.6  335s
 161463 91702 55792.5993   39    9 80510.0000 54213.3064  32.7%   4.6  344s
 163943 93410 57875.3174   53    5 80510.0000 54227.7406  32.6%   4.6  351s
 167062 94685 61640.3930   74    1 80510.0000 54242.0028  32.6%   4.6  358s
 169804 96048 56475.6055   32   11 80510.0000 54249.0464  32.6%   4.6  366s
 172479 97271 57352.2471   41    8 80510.0000 54262.3747  32.6%   4.6  373s
 175231 98697 58370.6290   60    2 80510.0000 54274.2808  32.6%   4.6  380s
 177995 100116 56575.8825   73    1 80510.0000 54282.6741  32.6%   4.6  388s
 180638 101101 55597.8446   37   12 80510.0000 54294.3150  32.6%   4.6  395s
 183400 102669 61512.8305   67    1 80510.0000 54304.9054  32.5%   4.6  403s
 186300 103878 55904.9293   37   13 80510.0000 54311.7790  32.5%   4.6  410s
 188926 105231 60282.7110   61    2 80510.0000 54322.1062  32.5%   4.6  419s
 191280 107408 56814.8880   38   13 80510.0000 54331.5040  32.5%   4.6  426s
 193935 108008 55972.6406   33   21 80510.0000 54338.2532  32.5%   4.6  435s
 194225 109337 56061.1116   34   20 80510.0000 54338.2532  32.5%   4.6  442s
 196051 111088 56615.3361   39   16 80510.0000 54344.7707  32.5%   4.6  449s
 198134 112400 57093.5156   43    9 80510.0000 54347.4706  32.5%   4.6  456s
 199661 114138 57497.7286   34   17 80510.0000 54359.4125  32.5%   4.6  463s
 201846 115904 57097.8803   38   12 80510.0000 54365.4331  32.5%   4.7  470s
 204152 117598 58029.5492   47    9 80510.0000 54370.1852  32.5%   4.7  479s
 206065 119626 55131.7604   39   16 80510.0000 54370.6413  32.5%   4.7  486s
 208692 121671 55612.0402   38   13 80510.0000 54383.7255  32.5%   4.7  494s
 211133 123776 55971.4386   38   12 80510.0000 54392.4266  32.4%   4.7  501s
 213575 125642 57238.5710   39   12 80510.0000 54395.0488  32.4%   4.7  511s
 216089 127549 55789.5653   36   12 80510.0000 54406.2119  32.4%   4.7  519s
 217990 129256 58541.4423   48    6 80510.0000 54406.2119  32.4%   4.7  526s
 220122 131007 57673.1115   55    3 80510.0000 54412.6312  32.4%   4.7  533s
 222367 132827 56516.5541   38   17 80510.0000 54414.4540  32.4%   4.7  541s
 224496 134755 59036.0411   49    6 80510.0000 54415.4698  32.4%   4.7  549s
 226877 135318 56528.5630   36   18 80510.0000 54424.2100  32.4%   4.7  559s
 227068 136289 56220.1982   44    9 80510.0000 54431.1198  32.4%   4.7  567s
 228687 137900 56480.8895   36   22 80510.0000 54431.1198  32.4%   4.7  576s
 230659 139276 57338.0666   46    6 80510.0000 54431.7927  32.4%   4.7  585s
 232630 141159 57344.0721   41   17 80510.0000 54445.9109  32.4%   4.7  594s
 234976 142479 56757.7937   37   16 80510.0000 54453.3304  32.4%   4.7  600s

Cutting planes:
  Gomory: 8
  MIR: 3
  Flow cover: 3

Explored 236311 nodes (1117603 simplex iterations) in 601.51 seconds (173.41 work units)
Thread count was 32 (of 32 available processors)

Solution count 10: 80510 83853 88808 ... 162320

Time limit reached
Best objective 8.051000000000e+04, best bound 5.445414798584e+04, gap 32.3635%

User-callback calls 488706, time in user-callback 49.07 sec
