
Gurobi 13.0.2 (win64) logging started Thu Jul 16 21:54:17 2026

Set parameter LogFile to value "logs/kstar_nI40_nJ20_nK100_nL5_tI2_tJ2_s2_m1_exact_s0_20260716-215417.gurobi.log"
Set parameter Seed to value 0
Set parameter TimeLimit to value 599.9799919
Set parameter MIPGap to value 0
Set parameter MIPGapAbs to value 0.5
Set parameter Cutoff to value 1e+100
Gurobi Optimizer version 13.0.2 build v13.0.2rc1 (win64 - Windows 11+.0 (26200.2))

CPU model: Intel(R) Core(TM) i9-14900HX, instruction set [SSE2|AVX|AVX2]
Thread count: 24 physical cores, 32 logical processors, using up to 32 threads

Non-default parameters:
TimeLimit  599.9799919
MIPGap  0
MIPGapAbs  0.5
PreCrush  1
LazyConstraints  1

Optimize a model with 10 rows, 65 columns and 300 nonzeros (Min)
Model fingerprint: 0x9ad01b1e
Model has 65 linear objective coefficients
Variable types: 5 continuous, 60 integer (60 binary)
Coefficient statistics:
  Matrix range     [3e+01, 1e+03]
  Objective range  [1e+00, 5e+02]
  Bounds range     [1e+00, 1e+04]
  RHS range        [1e+03, 1e+03]

Using branch priorities.
Presolve removed 6 rows and 0 columns
Presolve time: 0.00s
Presolved: 4 rows, 65 columns, 120 nonzeros
Variable types: 5 continuous, 60 integer (60 binary)

Root relaxation: objective 4.836600e+04, 8 iterations, 0.00 seconds (0.00 work units)

    Nodes    |    Current Node    |     Objective Bounds      |     Work
 Expl Unexpl |  Obj  Depth IntInf | Incumbent    BestBd   Gap | It/Node Time

     0     0 48366.0000    0    2          - 48366.0000      -     -    0s
H    0     0                    326836.00000 48366.0000  85.2%     -    0s
     0     0 48430.7993    0    7 326836.000 48430.7993  85.2%     -    0s
     0     0 48456.8421    0   10 326836.000 48456.8421  85.2%     -    0s
H    0     0                    269201.00000 48457.5152  82.0%     -    0s
     0     0 48481.1768    0   10 269201.000 48481.1768  82.0%     -    0s
     0     0 48481.8745    0   10 269201.000 48481.8745  82.0%     -    0s
H    0     0                    251117.00000 48481.8745  80.7%     -    0s
     0     2 48505.3252    0   11 251117.000 48505.3252  80.7%     -    0s
H 3686  2991                    183740.00000 48643.8816  73.5%   2.5    3s
H 3693  2845                    142440.00000 48643.8816  65.8%   2.5    4s
  3703  2852 49053.2812   14   18 142440.000 48643.8816  65.8%   2.5    5s
H 3708  2712                    127241.00000 48643.8816  61.8%   2.5    5s
  4531  3359 49353.1798   26    4 127241.000 48675.2181  61.7%   4.0   10s
  7669  4793 49314.8111   31    7 127241.000 48755.5708  61.7%   4.0   15s
  9579  5673 49177.8871   29   14 127241.000 48807.6599  61.6%   4.0   20s
 12349  7288 49460.2514   31    7 127241.000 48819.0379  61.6%   3.9   25s
 16276 10602 49114.2738   25   12 127241.000 48822.3042  61.6%   3.9   30s
 18062 12074 49420.5681   25    9 127241.000 48879.2800  61.6%   3.9   35s
 19128 12701 49569.5458   34    7 127241.000 48879.2800  61.6%   3.9   40s
 20928 14393 50939.3415   63    3 127241.000 48903.9554  61.6%   3.9   45s
 23565 16658 49021.4951   26   16 127241.000 48920.2155  61.6%   3.8   51s
 25438 17697 49290.9993   28   10 127241.000 48935.9922  61.5%   3.8   55s
 26997 19504 49597.9317   26    6 127241.000 48960.2587  61.5%   3.8   60s
 29017 21365 49752.2881   27    4 127241.000 48965.5384  61.5%   3.8   65s
 30548 22150 49921.7937   28    5 127241.000 48975.4706  61.5%   3.8   70s
 32114 23746 49963.0000   29    - 127241.000 48977.0739  61.5%   3.8   75s
 34492 25791 50098.5660   31    3 127241.000 48988.7705  61.5%   3.8   80s
 37061 27431 50143.3961   32    3 127241.000 48991.7098  61.5%   3.8   86s
 40275 30658 50732.0417   64    2 127241.000 49009.1986  61.5%   3.8   92s
 42209 32135 77761.6101   69    1 127241.000 49014.5365  61.5%   3.8   96s
 45377 34881 49659.5977   29   12 127241.000 49024.7855  61.5%   3.8  103s
 47102 36492 49325.0521   28   15 127241.000 49028.6303  61.5%   3.8  107s
 49185 37970 49586.9964   33    3 127241.000 49032.3943  61.5%   3.8  111s
 52133 39848 49425.4020   28   11 127241.000 49036.4965  61.5%   3.8  115s
 55449 43296 49477.4398   27   15 127241.000 49047.9453  61.5%   3.8  122s
 57888 43790 50610.0000   50   10 127241.000 49053.3494  61.4%   3.9  139s
 57890 43791 71042.0000   70   24 127241.000 49053.3494  61.4%   3.9  142s
 57892 43793 50761.0000   55   25 127241.000 49053.3494  61.4%   3.9  145s
H57895 41605                    121032.00000 49053.3494  59.5%   3.9  149s
 57899 41607 49648.3922   34   29 121032.000 49053.3494  59.5%   3.9  150s
 57904 41611 50316.0000   45   28 121032.000 49053.3494  59.5%   3.8  156s
 57910 41615 50100.0000   49   25 121032.000 49053.3494  59.5%   3.8  161s
 57974 41690 49053.3494   34   24 121032.000 49053.3494  59.5%   3.9  165s
 58038 41733 49053.3494   36   20 121032.000 49053.3494  59.5%   3.9  174s
 58070 41754 49053.3494   36   20 121032.000 49053.3494  59.5%   3.9  176s
 58234 41983 49053.3494   37   19 121032.000 49053.3494  59.5%   4.0  180s
 58755 42230 49091.3719   41   18 121032.000 49053.3494  59.5%   4.1  186s
 58943 42375 49224.1041   43   18 121032.000 49053.3494  59.5%   4.1  190s
 59690 42841 49390.2432   46   13 121032.000 49053.3494  59.5%   4.1  195s
 60730 43346 50337.3395   54    3 121032.000 49053.3494  59.5%   4.1  200s
 61703 44006 51043.9880   68    3 121032.000 49053.3494  59.5%   4.2  205s
 62970 44309 49492.1769   40   14 121032.000 49053.3494  59.5%   4.2  210s
 63597 45046 49583.7165   42   10 121032.000 49053.3494  59.5%   4.2  216s
 65206 45872 49198.5390   39   21 121032.000 49053.3494  59.5%   4.2  221s
 67120 46986 49212.0404   41   18 121032.000 49095.2654  59.4%   4.3  227s
 68332 47672 49290.3559   42   16 121032.000 49096.4024  59.4%   4.3  230s
 70574 48727 49488.5051   42   15 121032.000 49136.3299  59.4%   4.3  237s
 71821 48553 49545.2932   44   13 121032.000 49139.8050  59.4%   4.3  240s
 71944 48637 49699.5482   46   10 121032.000 49143.4471  59.4%   4.3  246s
 72011 49268 49803.0611   47    9 121032.000 49143.4471  59.4%   4.3  250s
 72850 49717 49658.9130   37   15 121032.000 49150.4200  59.4%   4.3  255s
 75088 51221 54376.7787   80    2 121032.000 49175.6990  59.4%   4.4  263s
 76538 51947 49705.6349   52   14 121032.000 49184.6577  59.4%   4.4  268s
 77982 52833 49525.4961   44   17 121032.000 49197.1233  59.4%   4.4  272s
 79572 53615 49437.4110   45   15 121032.000 49204.5940  59.3%   4.4  277s
 81036 54235 49772.0230   48    9 121032.000 49205.1934  59.3%   4.5  281s
 82404 54069 50038.0820   45    6 121032.000 49215.5899  59.3%   4.5  285s
 82479 54719 50212.5881   45    3 121032.000 49215.5899  59.3%   4.5  290s
 84292 55495 49812.8681   45   16 121032.000 49215.5899  59.3%   4.5  295s
 85452 56377 49856.7477   50   14 121032.000 49226.1931  59.3%   4.6  300s
 87554 57288 49497.6335   42   18 121032.000 49227.8593  59.3%   4.5  305s
 89156 57896 49519.1658   49   17 121032.000 49235.9730  59.3%   4.6  310s
 90813 58983 51342.3356   76    3 121032.000 49236.5536  59.3%   4.6  316s
 93022 60562 49474.9512   42   16 121032.000 49244.2426  59.3%   4.6  322s
 95572 61566 49549.4488   41   10 121032.000 49251.7095  59.3%   4.6  328s
 97763 62232 49718.2825   47   18 121032.000 49261.5555  59.3%   4.6  334s
 98032 62202 49547.7082   44   13 121032.000 49261.5555  59.3%   4.6  335s
 99460 62194 49560.8534   42   14 121032.000 49261.7783  59.3%   4.7  340s
 99914 63311 49452.6538   42   16 121032.000 49261.7783  59.3%   4.7  347s
 102090 64598 49564.5592   43   13 121032.000 49262.6570  59.3%   4.7  354s
 104142 65881 49624.1872   43   10 121032.000 49275.1129  59.3%   4.7  361s
 106618 67305 49634.7757   44   12 121032.000 49278.8501  59.3%   4.7  368s
 109240 68451 49732.2903   44    8 121032.000 49286.8080  59.3%   4.7  377s
 111749 68082 49741.9535   45    9 121032.000 49294.1381  59.3%   4.7  385s
 111781 69826 49934.0261   45    5 121032.000 49294.1381  59.3%   4.7  393s
 114265 71240 50014.6558   46    3 121032.000 49297.7711  59.3%   4.7  402s
 116920 72434 49963.6682   46    4 121032.000 49302.7381  59.3%   4.7  412s
 119282 73401 50160.3645   47    3 121032.000 49308.9222  59.3%   4.8  422s
 121273 74642 50218.2020   47    6 121032.000 49315.7878  59.3%   4.8  431s
 123585 76343 50176.8242   48    4 121032.000 49319.2300  59.3%   4.8  442s
 126640 76151 49674.5226   45   17 121032.000 49329.1980  59.2%   4.8  451s
 127309 78061 49680.0346   46   14 121032.000 49329.1980  59.2%   4.8  462s
 130466 79441 50010.6841   48   12 121032.000 49330.8187  59.2%   4.8  476s
 133318 81095 50031.3504   50    5 121032.000 49331.9307  59.2%   4.8  488s
 136440 82530 50932.7791   56    5 121032.000 49340.2536  59.2%   4.9  501s
 140130 84105 49902.4575   57    9 121032.000 49344.0347  59.2%   4.8  514s
 141993 83816 49995.3010   47    6 121032.000 49347.4159  59.2%   4.9  515s
 143304 85763 49918.2882   58   19 121032.000 49351.2666  59.2%   4.9  526s
 146665 87733 49524.1671   44   19 121032.000 49356.2796  59.2%   4.9  540s
 150175 89355 50886.7980   70    2 121032.000 49362.1937  59.2%   4.9  554s
 152066 89028 50217.3740   56    7 121032.000 49364.7017  59.2%   4.9  555s
 153542 89334 49794.1689   45   11 121032.000 49366.9480  59.2%   4.9  566s
 154304 91646 49798.5998   46   11 121032.000 49366.9480  59.2%   4.9  579s
 156501 91251 50061.1732   49    5 121032.000 49369.5633  59.2%   4.9  580s
 157877 93140 49909.8091   47    8 121032.000 49371.8483  59.2%   4.9  593s
 160866 93303 49976.2151   48    6 121032.000 49377.1806  59.2%   4.9  600s

Cutting planes:
  MIR: 13
  Flow cover: 4

Explored 161861 nodes (797861 simplex iterations) in 601.65 seconds (236.98 work units)
Thread count was 32 (of 32 available processors)

Solution count 7: 121032 127241 142440 ... 326836

Time limit reached
Best objective 1.210320000000e+05, best bound 4.937718063970e+04, gap 59.2032%

User-callback calls 348675, time in user-callback 75.91 sec
