
Gurobi 13.0.2 (win64) logging started Sat Jul 11 01:57:49 2026

Set parameter LogFile to value "logs/kstar_nI20_nJ20_nK100_nL5_tI3_tJ3_s1_m1_exact_s0_20260711-015749.gurobi.log"
Set parameter Seed to value 0
Set parameter TimeLimit to value 599.9831645
Set parameter MIPGap to value 0
Set parameter MIPGapAbs to value 0.5
Set parameter Cutoff to value 1e+100
Gurobi Optimizer version 13.0.2 build v13.0.2rc1 (win64 - Windows 11+.0 (26200.2))

CPU model: Intel(R) Core(TM) i9-14900HX, instruction set [SSE2|AVX|AVX2]
Thread count: 24 physical cores, 32 logical processors, using up to 32 threads

Non-default parameters:
TimeLimit  599.9831645
MIPGap  0
MIPGapAbs  0.5
PreCrush  1
LazyConstraints  1

Optimize a model with 10 rows, 45 columns and 200 nonzeros (Min)
Model fingerprint: 0xdfcebe88
Model has 45 linear objective coefficients
Variable types: 5 continuous, 40 integer (40 binary)
Coefficient statistics:
  Matrix range     [3e+01, 1e+03]
  Objective range  [1e+00, 5e+02]
  Bounds range     [1e+00, 1e+04]
  RHS range        [1e+03, 1e+03]

Using branch priorities.
Presolve removed 4 rows and 0 columns
Presolve time: 0.00s
Presolved: 6 rows, 45 columns, 120 nonzeros
Variable types: 5 continuous, 40 integer (40 binary)

Root relaxation: objective 6.216479e+04, 9 iterations, 0.00 seconds (0.00 work units)

    Nodes    |    Current Node    |     Objective Bounds      |     Work
 Expl Unexpl |  Obj  Depth IntInf | Incumbent    BestBd   Gap | It/Node Time

     0     0 62164.7862    0    3          - 62164.7862      -     -    0s
H    0     0                    349422.00000 62164.7862  82.2%     -    0s
H    0     0                    315196.00000 62164.7862  80.3%     -    0s
H    0     0                    279713.00000 62164.7862  77.8%     -    0s
H    0     0                    273331.00000 62164.7862  77.3%     -    0s
H    0     0                    213687.00000 62164.7862  70.9%     -    0s
     0     0 62250.8677    0    5 213687.000 62250.8677  70.9%     -    0s
     0     0 62361.8591    0    9 213687.000 62361.8591  70.8%     -    0s
H    0     0                    208473.00000 62362.7374  70.1%     -    0s
     0     0 62396.7906    0    9 208473.000 62396.7906  70.1%     -    0s
     0     0 62441.5801    0   10 208473.000 62441.5801  70.0%     -    0s
H    0     0                    181236.00000 62445.9149  65.5%     -    0s
     0     0 62445.9149    0   11 181236.000 62445.9149  65.5%     -    0s
     0     0 62450.3576    0   11 181236.000 62450.3576  65.5%     -    0s
H    0     0                    168995.00000 62450.3576  63.0%     -    0s
     0     2 62450.3576    0   10 168995.000 62450.3576  63.0%     -    0s
H 3588  2804                    168677.00000 62614.4667  62.9%   2.7    2s
  3619  2841 62720.1499   19   14 168677.000 62678.5360  62.8%   2.9    5s
  5833  4090 63527.2244   34    6 168677.000 62770.4721  62.8%   4.2   10s
  8628  5443 64832.3230   44    2 168677.000 62878.6114  62.7%   4.4   15s
 12097  7044 64192.8918   31    3 168677.000 62962.5430  62.7%   4.6   20s
 14923  9404 63503.0062   28   15 168677.000 63009.4886  62.6%   4.7   25s
 16895 10579 63666.5351   28    9 168677.000 63024.1668  62.6%   4.7   30s
 18234 11759 64502.7524   42    8 168677.000 63024.1668  62.6%   4.7   36s
 19557 12983 63961.8051   34    9 168677.000 63082.1424  62.6%   4.7   40s
 21829 14768 65476.4304   52    1 168677.000 63134.3440  62.6%   4.7   45s
 24286 16896 63607.5646   27   13 168677.000 63152.1863  62.6%   4.7   50s
 26545 18850 64146.8311   31    7 168677.000 63165.6741  62.6%   4.8   55s
 30069 21689 64293.0803   31   10 168677.000 63180.7118  62.5%   4.7   62s
 31746 22998 64146.3293   30   12 168677.000 63185.4791  62.5%   4.7   65s
 34171 24240 96755.0000   54    - 168677.000 63204.9926  62.5%   4.7   70s
 35905 26211 63791.9236   26    8 168677.000 63224.9651  62.5%   4.7   75s
 38364 27498 64613.0332   33    4 168677.000 63237.6566  62.5%   4.8   80s
 39064 28269 64742.7639   35    2 168677.000 63237.6566  62.5%   4.8   85s
 40179 29143 64860.7336   37    1 168677.000 63252.8007  62.5%   4.8   91s
 41507 30345 64563.8952   34    1 168677.000 63261.9150  62.5%   4.8   98s
 42334 30915 142433.000   51    - 168677.000 63267.0364  62.5%   4.8  101s
 43055 31801 84416.0000   52    - 168677.000 63275.2384  62.5%   4.8  106s
 44313 32204 64021.4729   31   14 168677.000 63278.0590  62.5%   4.8  110s
 45004 32835 63950.3699   30   13 168677.000 63280.5144  62.5%   4.8  115s
 45324 33540 64888.8486   38    3 168677.000 63280.5144  62.5%   4.8  120s
 46534 34407 64870.2915   38    5 168677.000 63286.5630  62.5%   4.8  126s
 47612 35533 63870.9618   27   14 168677.000 63295.8061  62.5%   4.8  132s
 49050 36626 64394.5370   34   11 168677.000 63304.3458  62.5%   4.8  138s
 50476 38010 64429.4565   36    7 168677.000 63317.2058  62.5%   4.8  145s
 52334 39445 75416.5467   47    3 168677.000 63329.0626  62.5%   4.8  152s
 54293 41293 63874.2978   29   14 168677.000 63342.7693  62.4%   4.8  159s
 56752 42974 64562.8594   33    9 168677.000 63362.1843  62.4%   4.8  165s
 58621 44667 65843.5641   44    2 168677.000 63366.5052  62.4%   4.9  172s
 61074 45228 63677.1580   28   11 168677.000 63386.8583  62.4%   4.9  196s
H61075 42967                    127357.00000 63386.8583  50.2%   4.9  198s
 61077 42968 64689.0000   44   27 127357.000 63386.8583  50.2%   4.9  200s
 61079 42969 64693.7291   36   27 127357.000 63386.8583  50.2%   4.9  205s
H61084 40824                    111742.00000 63386.8583  43.3%   4.9  211s
H61084 38783                    111423.00000 63386.8583  43.1%   4.9  211s
 61089 38786 63734.4161   29   28 111423.000 63386.8583  43.1%   4.9  215s
 61093 38789 68533.0000   45   29 111423.000 63386.8583  43.1%   4.9  221s
 61095 38790 71586.0000   52   30 111423.000 63386.8583  43.1%   4.9  226s
 61097 38791 65455.0000   51   30 111423.000 63386.8583  43.1%   4.9  230s
H61097 36851                    102743.00000 63386.8583  38.3%   4.9  231s
 61129 36906 63670.6230   35   20 102743.000 63386.8583  38.3%   4.9  235s
 61343 37090 64275.7312   39   14 102743.000 63386.8583  38.3%   5.0  240s
 61702 37358 64930.9227   42   12 102743.000 63386.8583  38.3%   5.0  245s
 62207 37612 64930.0175   45    7 102743.000 63386.8583  38.3%   5.0  250s
 62905 37917 65696.8090   51    4 102743.000 63418.6626  38.3%   5.0  255s
 63649 38301 66289.7714   58    1 102743.000 63539.2947  38.2%   5.0  260s
 64549 38819 67007.9572   63    1 102743.000 63561.6793  38.1%   5.0  266s
 65734 39482 65820.2870   59    2 102743.000 63647.2897  38.1%   5.1  271s
 66779 39791 65345.9957   56    1 102743.000 63647.5317  38.1%   5.1  275s
 67594 40460 64073.4775   41   18 102743.000 63653.9472  38.0%   5.1  280s
 68405 40738 64251.5342   41   12 102743.000 63673.1588  38.0%   5.1  285s
 69746 41361 64106.5776   37   19 102743.000 63714.6793  38.0%   5.1  290s
 71017 41975 64127.1068   40   16 102743.000 63768.5436  37.9%   5.1  295s
 72057 42797 64596.4327   46    9 102743.000 63771.6034  37.9%   5.2  300s
 73487 43668 65507.3074   54    4 102743.000 63798.1873  37.9%   5.2  305s
 74481 43841 70911.9829   56    3 102743.000 63798.7394  37.9%   5.2  311s
 75063 43956 71779.8391   55    5 102743.000 63798.7394  37.9%   5.1  315s
 76337 44361 70241.0000   61    - 102743.000 63816.3960  37.9%   5.1  321s
 76571 44633 64733.6319   46    9 102743.000 63816.3960  37.9%   5.1  325s
 77930 44952 64837.6632   46    9 102743.000 63839.9520  37.9%   5.1  330s
 78678 45302 65217.5142   47    7 102743.000 63841.7538  37.9%   5.1  335s
 79639 46294 64873.4534   48    4 102743.000 63866.6562  37.8%   5.1  342s
 80647 46877 64056.8207   43   20 102743.000 63869.1194  37.8%   5.2  346s
 81543 47196 64597.6850   50   14 102743.000 63869.1194  37.8%   5.2  350s
 82592 47771 64553.5640   46   12 102743.000 63883.9726  37.8%   5.2  355s
 84545 48072 65773.0214   53    2 102743.000 63910.6412  37.8%   5.2  360s
 84951 48805 65349.8607   56    6 102743.000 63910.7912  37.8%   5.2  369s
 85919 49500 66643.3605   65    1 102743.000 63918.8056  37.8%   5.2  374s
 87229 49318 66082.2457   56    3 102743.000 63925.8793  37.8%   5.2  375s
 88493 50549 65551.1075   50    1 102743.000 63928.2867  37.8%   5.2  383s
 89762 51171 65263.2328   49    8 102743.000 63951.1896  37.8%   5.2  389s
 91294 51083 66184.7430   59    2 102743.000 63953.0841  37.8%   5.2  390s
 92821 52693 64294.1516   45   12 102743.000 63958.9555  37.7%   5.2  400s
 94349 53494 67078.6653   61    1 102743.000 63978.1837  37.7%   5.2  406s
 96031 54233 64610.2671   43   12 102743.000 63988.8539  37.7%   5.2  412s
 98004 54958 64497.6811   41   16 102743.000 63997.3843  37.7%   5.2  420s
 99658 55643 65244.1862   54    7 102743.000 64004.3878  37.7%   5.2  426s
 101156 56597 64826.2770   45    8 102743.000 64008.7489  37.7%   5.2  433s
 103038 57470 64434.1409   45   14 102743.000 64023.1401  37.7%   5.2  440s
 104946 58350 64231.2589   47   15 102743.000 64034.7304  37.7%   5.2  449s
 106808 59349 65227.4244   48    9 102743.000 64044.4203  37.7%   5.2  456s
 108886 60172 64815.9828   51   10 102743.000 64052.6876  37.7%   5.2  464s
 109373 60108 64711.8078   45   10 102743.000 64052.6876  37.7%   5.2  465s
 110772 60367 64854.5101   46   11 102743.000 64054.3585  37.7%   5.2  474s
 111530 61090 64918.8040   47   14 102743.000 64054.3585  37.7%   5.2  482s
 113039 62043 65202.8529   48   10 102743.000 64063.7295  37.6%   5.2  490s
 115123 62958 65009.2480   43   10 102743.000 64071.2830  37.6%   5.2  500s
 117376 63995 64723.2836   43   13 102743.000 64083.5342  37.6%   5.2  509s
 119528 65078 64657.6465   46   11 102743.000 64093.3966  37.6%   5.3  519s
 119970 65013 64732.0431   44    9 102743.000 64093.8037  37.6%   5.3  520s
 121616 65951 64907.8991   50    7 102743.000 64101.3936  37.6%   5.3  531s
 123723 66928 65530.9792   52    3 102743.000 64107.8722  37.6%   5.3  540s
 125695 67802 64527.1858   43   14 102743.000 64113.6161  37.6%   5.3  548s
 127845 69089 64890.9458   46   10 102743.000 64119.7150  37.6%   5.3  558s
 130328 70359 64849.3669   42   11 102743.000 64132.4338  37.6%   5.3  568s
 132822 71367 64535.1483   44   12 102743.000 64136.2361  37.6%   5.3  582s
 135173 72590 65346.5733   49    8 102743.000 64142.6610  37.6%   5.3  594s
 137830 72477 64796.8447   45   17 102743.000 64153.4442  37.6%   5.3  600s

Cutting planes:
  Gomory: 1
  Cover: 1
  MIR: 16
  StrongCG: 1
  Flow cover: 5

Explored 138211 nodes (736309 simplex iterations) in 601.12 seconds (165.94 work units)
Thread count was 32 (of 32 available processors)

Solution count 10: 102743 111423 127357 ... 279713

Time limit reached
Best objective 1.027430000000e+05, best bound 6.415344415575e+04, gap 37.5593%

User-callback calls 293911, time in user-callback 75.35 sec
