
Gurobi 13.0.2 (win64) logging started Fri Jul 17 16:29:52 2026

Set parameter LogFile to value "logs/kstar_nI40_nJ40_nK100_nL5_tI4_tJ4_s3_m1_exact_s0_20260717-162952.gurobi.log"
Set parameter Seed to value 0
Set parameter TimeLimit to value 599.9587932
Set parameter MIPGap to value 0
Set parameter MIPGapAbs to value 0.5
Set parameter Cutoff to value 1e+100
Gurobi Optimizer version 13.0.2 build v13.0.2rc1 (win64 - Windows 11+.0 (26200.2))

CPU model: Intel(R) Core(TM) i9-14900HX, instruction set [SSE2|AVX|AVX2]
Thread count: 24 physical cores, 32 logical processors, using up to 32 threads

Non-default parameters:
TimeLimit  599.9587932
MIPGap  0
MIPGapAbs  0.5
PreCrush  1
LazyConstraints  1

Optimize a model with 10 rows, 85 columns and 400 nonzeros (Min)
Model fingerprint: 0x67e7c28d
Model has 85 linear objective coefficients
Variable types: 5 continuous, 80 integer (80 binary)
Coefficient statistics:
  Matrix range     [3e+00, 1e+03]
  Objective range  [1e+00, 5e+02]
  Bounds range     [1e+00, 8e+03]
  RHS range        [1e+03, 1e+03]

Using branch priorities.
Presolve removed 7 rows and 0 columns
Presolve time: 0.00s
Presolved: 3 rows, 85 columns, 120 nonzeros
Variable types: 5 continuous, 80 integer (80 binary)

Root relaxation: objective 3.720851e+04, 4 iterations, 0.00 seconds (0.00 work units)

    Nodes    |    Current Node    |     Objective Bounds      |     Work
 Expl Unexpl |  Obj  Depth IntInf | Incumbent    BestBd   Gap | It/Node Time

     0     0 37208.5053    0    2          - 37208.5053      -     -    0s
H    0     0                    257079.00000 37208.5053  85.5%     -    0s
H    0     0                    241037.00000 37208.5053  84.6%     -    0s
H    0     0                    211982.00000 37208.5053  82.4%     -    0s
H    0     0                    178294.00000 37208.5053  79.1%     -    0s
H    0     0                    161161.00000 37208.5053  76.9%     -    0s
     0     0 37380.7001    0    5 161161.000 37380.7001  76.8%     -    0s
     0     0 37475.6669    0   10 161161.000 37475.6669  76.7%     -    0s
     0     0 37482.0453    0   10 161161.000 37482.0453  76.7%     -    0s
     0     0 37483.9573    0   10 161161.000 37483.9573  76.7%     -    0s
     0     2 37488.5068    0   13 161161.000 37488.5068  76.7%     -    0s
H 3409  3052                    157196.00000 37511.2377  76.1%   2.5    4s
  3410  3052 39578.3422   67   12 157196.000 37511.2377  76.1%   2.5    5s
H 3415  2903                    146165.00000 37559.3728  74.3%   2.5    5s
H 3416  2903                    144835.00000 37559.3728  74.1%   2.5    5s
H 3425  2763                    128221.00000 37563.0454  70.7%   2.5    6s
H 3426  2764                    124929.00000 37563.0454  69.9%   2.5    6s
H 3440  2634                    122365.00000 37565.9870  69.3%   2.5    7s
H 3452  2509                    113133.00000 37569.9976  66.8%   2.5    7s
  3876  2916 37907.8759   21    8 113133.000 37641.6128  66.7%   3.7   10s
  5029  3699 38280.0795   40    5 113133.000 37641.6128  66.7%   4.2   15s
  7194  4861 54154.6503   77    1 113133.000 37649.6182  66.7%   4.0   20s
  9727  6240 39159.4308   74    1 113133.000 37672.6764  66.7%   3.7   25s
 13014  8748 46618.0000   72    - 113133.000 37697.4207  66.7%   3.5   30s
 15547 10684 37792.9440   21   19 113133.000 37702.6768  66.7%   3.5   35s
 17341 12406 37921.5015   22   12 113133.000 37719.0740  66.7%   3.5   40s
 19723 14499 52733.1800   82    1 113133.000 37723.7011  66.7%   3.5   45s
 23261 17717 38547.5752   42    1 113133.000 37723.7011  66.7%   3.5   50s
 26416 20212 39667.7358   69    1 113133.000 37730.2053  66.6%   3.4   55s
 30246 23000 37978.0467   25   15 113133.000 37730.2053  66.6%   3.5   61s
 30696 23778 37971.8968   25   18 113133.000 37742.3951  66.6%   3.5   67s
 31440 24240 38094.8713   27   13 113133.000 37742.3951  66.6%   3.5   71s
 32756 25401 38126.9846   28   13 113133.000 37759.2331  66.6%   3.5   76s
 34045 26530 38163.9583   29   14 113133.000 37760.5770  66.6%   3.5   81s
 36056 28358 38185.1150   30   12 113133.000 37762.3760  66.6%   3.5   88s
 37067 29396 38208.8922   29   10 113133.000 37762.3760  66.6%   3.5   91s
 39934 30923 41129.2925   83   10 113133.000 37771.5445  66.6%   3.6  103s
 39937 30925 39237.8677   60   21 113133.000 37771.5445  66.6%   3.6  105s
 39944 30930 39103.8170   66   27 113133.000 37771.5445  66.6%   3.5  110s
 39947 30932 37872.9351   21   22 113133.000 37771.5445  66.6%   3.5  115s
H39949 29386                    107619.00000 37771.5445  64.9%   3.5  118s
H39950 29387                    106535.00000 37771.5445  64.5%   3.5  118s
 39956 29391 50482.0000   85   25 106535.000 37771.5445  64.5%   3.5  120s
 39964 29396 38859.9510   52   25 106535.000 37771.5445  64.5%   3.5  125s
H39965 27926                    101757.00000 37771.5445  62.9%   3.5  128s
H39966 27926                    99963.000000 37771.5445  62.2%   3.5  128s
 39968 27928 42695.0000   74   26 99963.0000 37771.5445  62.2%   3.5  130s
 40049 27999 37771.5445   26   20 99963.0000 37771.5445  62.2%   3.6  135s
 40277 28234 37925.2260   29   17 99963.0000 37771.5445  62.2%   3.7  140s
 40734 28508 38175.5819   33   16 99963.0000 37771.5445  62.2%   3.8  145s
 41274 28823 38314.6429   37   12 99963.0000 37771.5445  62.2%   3.9  150s
 41644 29187 38441.8627   42    7 99963.0000 37771.5445  62.2%   3.9  155s
 42480 29665 39286.1294   53    2 99963.0000 37771.5445  62.2%   3.9  160s
 43580 30294 39493.8737   66    4 99963.0000 37771.5445  62.2%   4.0  165s
 44760 31039 43318.1745   86    2 99963.0000 37771.5445  62.2%   4.0  171s
 45648 31765 38133.0716   29   12 99963.0000 37771.5445  62.2%   4.0  175s
 47240 32459 38079.2364   27   18 99963.0000 37771.5445  62.2%   4.0  181s
 48864 33393 59871.0000   95    - 99963.0000 37790.1576  62.2%   4.0  187s
 49648 33798 38256.8002   31   13 99963.0000 37790.1576  62.2%   4.0  190s
 50609 34289 38060.6371   30   15 99963.0000 37806.2025  62.2%   4.0  197s
 51310 34771 39406.9925   58    2 99963.0000 37806.2025  62.2%   4.0  200s
 52261 35305 39312.3322   58    3 99963.0000 37806.2025  62.2%   4.0  205s
 53947 35521 38394.5715   50    5 99963.0000 37822.8408  62.2%   4.0  211s
 53985 35735 38498.9766   51    3 99963.0000 37822.8408  62.2%   4.0  215s
 55378 36993 38089.8164   32   18 99963.0000 37822.8408  62.2%   4.0  222s
 56353 36862 38982.6837   60    5 99963.0000 37836.2294  62.1%   4.0  226s
 56481 37544 39016.2181   61    4 99963.0000 37836.2294  62.1%   4.0  231s
 57513 38102 37983.3498   32   21 99963.0000 37836.2294  62.1%   4.0  235s
 58483 38638 38766.2302   57    1 99963.0000 37836.2294  62.1%   4.0  244s
 59604 39473 38046.3535   38   17 99963.0000 37836.2294  62.1%   4.1  249s
 60710 39299 38850.3727   51    5 99963.0000 37836.2294  62.1%   4.1  250s
 62408 41085 38277.2244   40   11 99963.0000 37867.8385  62.1%   4.1  258s
 64428 42304 38778.4202   47    2 99963.0000 37899.0358  62.1%   4.0  264s
 66412 43432 38823.5268   60    6 99963.0000 37908.9077  62.1%   4.1  269s
 67407 43208 38099.5101   32   16 99963.0000 37916.4185  62.1%   4.1  270s
 68479 43778 38636.0997   47    8 99963.0000 37916.4185  62.1%   4.1  279s
 69776 44389 38370.3382   34    8 99963.0000 37916.4185  62.1%   4.1  285s
 71634 45495 38151.3559   42   14 99963.0000 37916.4185  62.1%   4.1  290s
 73428 46610 38413.2526   40   10 99963.0000 37926.7778  62.1%   4.1  296s
 75369 47781 38603.1409   51    7 99963.0000 37926.7778  62.1%   4.1  302s
 77463 49127 38281.7452   44   16 99963.0000 37937.0255  62.0%   4.1  308s
 79851 49877 38269.4143   39   14 99963.0000 37944.9706  62.0%   4.1  314s
 80775 49716 38372.7031   40   11 99963.0000 37945.0970  62.0%   4.1  315s
 81719 51091 38098.2880   35   18 99963.0000 37945.4478  62.0%   4.1  321s
 83706 52435 38082.6622   33   12 99963.0000 37949.7327  62.0%   4.1  327s
 85976 53315 38432.8484   33    8 99963.0000 37957.7353  62.0%   4.2  334s
 88324 54595 39456.1323   74    3 99963.0000 37957.7353  62.0%   4.2  340s
 90617 54363 38354.2035   44   17 99963.0000 37960.9010  62.0%   4.2  347s
 90860 55746 38356.9275   45   17 99963.0000 37960.9010  62.0%   4.2  354s
 92757 55378 38567.0040   43    8 99963.0000 37961.1073  62.0%   4.2  359s
 92762 55377 38267.2347   40   12 99963.0000 37961.1073  62.0%   4.2  360s
 92789 56772 38460.5132   44   10 99963.0000 37961.1073  62.0%   4.2  367s
 95149 58287 38213.9317   34   18 99963.0000 37961.1073  62.0%   4.2  374s
 95723 58152 39717.2394   83    3 99963.0000 37964.3199  62.0%   4.2  375s
 97705 59923 41907.9774   80    1 99963.0000 37966.1675  62.0%   4.2  383s
 100441 61162 38149.5852   37   15 99963.0000 37969.0210  62.0%   4.2  391s
 103091 62814 39550.5271   74    1 99963.0000 37970.9973  62.0%   4.2  400s
 105909 64442 38989.3461   60    5 99963.0000 37975.8061  62.0%   4.2  410s
 108984 64031 38169.6775   34   12 99963.0000 37980.4725  62.0%   4.2  417s
 109235 65981 38156.5760   35   17 99963.0000 37980.5903  62.0%   4.2  427s
 112799 68260 40607.8573   70    1 99963.0000 37981.3078  62.0%   4.2  438s
 116643 69837 38475.8842   50   13 99963.0000 37987.4958  62.0%   4.2  449s
 118015 69590 39168.5182   77    3 99963.0000 37987.4958  62.0%   4.2  450s
 120189 71262 38785.6216   44    6 99963.0000 37992.7550  62.0%   4.3  461s
 123881 72719 38225.2306   36   17 99963.0000 37995.5067  62.0%   4.2  472s
 126382 74575 38332.4164   39   15 99963.0000 37998.3127  62.0%   4.3  483s
 129417 75505 38623.8878   44    5 99963.0000 37998.3458  62.0%   4.2  485s
 130313 76470 38526.4645   38   11 99963.0000 37999.0400  62.0%   4.2  492s
 131178 79116 40363.8074   69    1 99963.0000 37999.0400  62.0%   4.2  503s
 134797 81923 38654.2211   52    6 99963.0000 38001.2099  62.0%   4.2  516s
 137621 84888 38435.2681   45   13 99963.0000 38005.8412  62.0%   4.2  527s
 141281 85405 38225.8218   40   15 99963.0000 38007.8365  62.0%   4.2  538s
 141313 87598 38261.3854   41   18 99963.0000 38007.8365  62.0%   4.2  550s
 144040 90010 38272.2226   42   15 99963.0000 38010.7089  62.0%   4.3  563s
 146983 92716 38287.6691   43   14 99963.0000 38012.9130  62.0%   4.3  575s
 149976 93656 38295.6923   44   12 99963.0000 38016.1703  62.0%   4.3  585s
 150923 95564 38319.5196   45   14 99963.0000 38016.7135  62.0%   4.3  597s
 153304 95901 38375.2139   46   13 99963.0000 38018.8982  62.0%   4.3  600s

Cutting planes:
  Gomory: 5
  Cover: 2
  MIR: 11
  StrongCG: 2

Explored 153317 nodes (655220 simplex iterations) in 600.65 seconds (201.94 work units)
Thread count was 32 (of 32 available processors)

Solution count 10: 99963 101757 106535 ... 157196

Time limit reached
Best objective 9.996300000000e+04, best bound 3.801889816276e+04, gap 61.9670%

User-callback calls 345703, time in user-callback 137.61 sec
