
Gurobi 13.0.2 (win64) logging started Wed Jul 15 20:47:45 2026

Set parameter LogFile to value "logs/kstar_nI20_nJ40_nK100_nL10_tI5_tJ5_s3_m0_exact_s0_20260715-204745.gurobi.log"
Set parameter Seed to value 0
Set parameter TimeLimit to value 599.9346067
Set parameter NodefileStart to value 4
Set parameter MIPGap to value 0
Set parameter MIPGapAbs to value 0.9999
Set parameter Cutoff to value 1e+100
Gurobi Optimizer version 13.0.2 build v13.0.2rc1 (win64 - Windows 11+.0 (26200.2))

CPU model: Intel(R) Core(TM) i9-14900HX, instruction set [SSE2|AVX|AVX2]
Thread count: 24 physical cores, 32 logical processors, using up to 32 threads

Non-default parameters:
TimeLimit  599.9346067
MIPGap  0
MIPGapAbs  0.9999
NodefileStart  4

Optimize a model with 2000 rows, 48060 columns and 136600 nonzeros (Min)
Model fingerprint: 0x120522c1
Model has 48060 linear objective coefficients
Variable types: 48000 continuous, 60 integer (60 binary)
Coefficient statistics:
  Matrix range     [1e+00, 1e+03]
  Objective range  [1e+00, 5e+02]
  Bounds range     [1e+00, 1e+00]
  RHS range        [5e+00, 2e+01]

Using branch priorities.
Found heuristic solution: objective 1289450.0000
Presolve time: 0.11s
Presolved: 2000 rows, 48060 columns, 136600 nonzeros
Variable types: 48000 continuous, 60 integer (60 binary)
Deterministic concurrent LP optimizer: primal and dual simplex
Showing primal log only...

Concurrent spin time: 0.00s

Solved with dual simplex

Root relaxation: objective 8.683736e+04, 2081 iterations, 0.05 seconds (0.07 work units)

    Nodes    |    Current Node    |     Objective Bounds      |     Work
 Expl Unexpl |  Obj  Depth IntInf | Incumbent    BestBd   Gap | It/Node Time

     0     0 86837.3589    0   59 1289450.00 86837.3589  93.3%     -    0s
H    0     0                    100825.54601 86837.3589  13.9%     -    0s
H    0     0                    100805.54601 86837.3589  13.9%     -    0s
H    0     0                    100802.47491 86837.3589  13.9%     -    0s
H    0     0                    100800.63961 86837.3589  13.9%     -    0s
H    0     0                    100753.16159 86837.3589  13.8%     -    0s
H    0     0                    100718.02926 98311.2930  2.39%     -    0s
     0     0 98311.2930    0   16 100718.029 98311.2930  2.39%     -    0s
H    0     0                    99710.000000 98438.5269  1.28%     -    0s
     0     0 99092.4716    0    6 99710.0000 99092.4716  0.62%     -    0s
*    0     0               0    99498.000000 99498.0000  0.00%     -    0s

Cutting planes:
  Implied bound: 888
  MIR: 40
  Flow cover: 279
  Relax-and-lift: 16

Explored 1 nodes (3047 simplex iterations) in 0.77 seconds (0.68 work units)
Thread count was 32 (of 32 available processors)

Solution count 2: 99498 99710 

Optimal solution found (tolerance 0.00e+00)
Best objective 9.949800000000e+04, best bound 9.949800000000e+04, gap 0.0000%
