
Gurobi 13.0.2 (win64) logging started Wed Jul 15 20:49:43 2026

Set parameter LogFile to value "logs/kstar_nI40_nJ20_nK50_nL5_tI5_tJ5_s1_m0_exact_s0_20260715-204942.gurobi.log"
Set parameter Seed to value 0
Set parameter TimeLimit to value 599.9875032
Set parameter NodefileStart to value 4
Set parameter MIPGap to value 0
Set parameter MIPGapAbs to value 0.9999
Set parameter Cutoff to value 1e+100
Gurobi Optimizer version 13.0.2 build v13.0.2rc1 (win64 - Windows 11+.0 (26200.2))

CPU model: Intel(R) Core(TM) i9-14900HX, instruction set [SSE2|AVX|AVX2]
Thread count: 24 physical cores, 32 logical processors, using up to 32 threads

Non-default parameters:
TimeLimit  599.9875032
MIPGap  0
MIPGapAbs  0.9999
NodefileStart  4

Optimize a model with 650 rows, 9060 columns and 23300 nonzeros (Min)
Model fingerprint: 0x2782fbad
Model has 9060 linear objective coefficients
Variable types: 9000 continuous, 60 integer (60 binary)
Coefficient statistics:
  Matrix range     [1e+00, 7e+02]
  Objective range  [1e+00, 5e+02]
  Bounds range     [1e+00, 1e+00]
  RHS range        [5e+00, 2e+01]

Using branch priorities.
Found heuristic solution: objective 342514.00000
Presolve time: 0.01s
Presolved: 650 rows, 9060 columns, 23300 nonzeros
Variable types: 9000 continuous, 60 integer (60 binary)

Root relaxation: objective 3.159400e+04, 576 iterations, 0.00 seconds (0.01 work units)

    Nodes    |    Current Node    |     Objective Bounds      |     Work
 Expl Unexpl |  Obj  Depth IntInf | Incumbent    BestBd   Gap | It/Node Time

     0     0 31594.0035    0   55 342514.000 31594.0035  90.8%     -    0s
H    0     0                    44599.533214 31594.0035  29.2%     -    0s
H    0     0                    43631.319157 31594.0035  27.6%     -    0s
H    0     0                    43303.000000 31594.0035  27.0%     -    0s
H    0     0                    41569.700811 31594.0035  24.0%     -    0s
     0     0 35462.4743    0   36 41569.7008 35462.4743  14.7%     -    0s
     0     0 35561.6968    0   37 41569.7008 35561.6968  14.5%     -    0s
     0     0 37482.4028    0   37 41569.7008 37482.4028  9.83%     -    0s
     0     0 37661.4184    0   37 41569.7008 37661.4184  9.40%     -    0s
     0     0 37685.2978    0   37 41569.7008 37685.2978  9.34%     -    0s
     0     0 37697.1520    0   37 41569.7008 37697.1520  9.32%     -    0s
     0     0 37699.5790    0   37 41569.7008 37699.5790  9.31%     -    0s
     0     0 38457.3424    0   39 41569.7008 38457.3424  7.49%     -    0s
H    0     0                    39523.000000 38462.2988  2.68%     -    0s
     0     0 38632.1562    0   38 39523.0000 38632.1562  2.25%     -    0s
     0     0 38692.6230    0   34 39523.0000 38692.6230  2.10%     -    0s
     0     0 38709.2506    0   32 39523.0000 38709.2506  2.06%     -    0s
     0     0 38710.6957    0   35 39523.0000 38710.6957  2.06%     -    0s
     0     0 38778.6295    0   36 39523.0000 38778.6295  1.88%     -    0s
H    0     0                    38836.000000 38780.7816  0.14%     -    0s
     0     0 38788.5290    0    6 38836.0000 38788.5290  0.12%     -    0s
     0     0 38788.7724    0    7 38836.0000 38788.7724  0.12%     -    0s
     0     0 38805.8130    0   11 38836.0000 38805.8130  0.08%     -    0s
     0     0 38806.8844    0   11 38836.0000 38806.8844  0.07%     -    0s
     0     0 38811.1753    0   19 38836.0000 38811.1753  0.06%     -    0s
     0     0 38812.7487    0    5 38836.0000 38812.7487  0.06%     -    0s
     0     0 38814.6766    0    2 38836.0000 38814.6766  0.05%     -    0s
H    0     0                    38835.999988 38814.6766  0.05%     -    0s
     0     0 38815.4759    0    2 38836.0000 38815.4759  0.05%     -    0s
     0     0 38815.4759    0    9 38836.0000 38815.4759  0.05%     -    0s
     0     0 38815.4759    0   10 38836.0000 38815.4759  0.05%     -    0s
     0     0 38815.4759    0    8 38836.0000 38815.4759  0.05%     -    0s
     0     0 38830.7873    0    6 38836.0000 38830.7873  0.01%     -    0s
     0     0     cutoff    0      38836.0000 38836.0000  0.00%     -    0s

Cutting planes:
  Gomory: 2
  Cover: 1
  Implied bound: 7
  MIR: 28
  Flow cover: 13
  Relax-and-lift: 1

Explored 1 nodes (2353 simplex iterations) in 0.41 seconds (0.43 work units)
Thread count was 32 (of 32 available processors)

Solution count 8: 38836 39523 41569.7 ... 342514

Optimal solution found (tolerance 0.00e+00)
Best objective 3.883599998755e+04, best bound 3.883599998755e+04, gap 0.0000%
