
Gurobi 13.0.2 (win64) logging started Wed Jul 15 20:48:04 2026

Set parameter LogFile to value "logs/kstar_nI20_nJ40_nK100_nL5_tI4_tJ4_s5_m0_exact_s0_20260715-204804.gurobi.log"
Set parameter Seed to value 0
Set parameter TimeLimit to value 599.9691832
Set parameter NodefileStart to value 4
Set parameter MIPGap to value 0
Set parameter MIPGapAbs to value 0.9999
Set parameter Cutoff to value 1e+100
Gurobi Optimizer version 13.0.2 build v13.0.2rc1 (win64 - Windows 11+.0 (26200.2))

CPU model: Intel(R) Core(TM) i9-14900HX, instruction set [SSE2|AVX|AVX2]
Thread count: 24 physical cores, 32 logical processors, using up to 32 threads

Non-default parameters:
TimeLimit  599.9691832
MIPGap  0
MIPGapAbs  0.9999
NodefileStart  4

Optimize a model with 1000 rows, 24060 columns and 68300 nonzeros (Min)
Model fingerprint: 0x42b8ecb9
Model has 24060 linear objective coefficients
Variable types: 24000 continuous, 60 integer (60 binary)
Coefficient statistics:
  Matrix range     [1e+00, 1e+03]
  Objective range  [1e+00, 5e+02]
  Bounds range     [1e+00, 1e+00]
  RHS range        [5e+00, 2e+01]

Using branch priorities.
Found heuristic solution: objective 615798.00000
Presolve time: 0.05s
Presolved: 1000 rows, 24060 columns, 68300 nonzeros
Variable types: 24000 continuous, 60 integer (60 binary)

Root relaxation: objective 4.233124e+04, 1051 iterations, 0.01 seconds (0.01 work units)

    Nodes    |    Current Node    |     Objective Bounds      |     Work
 Expl Unexpl |  Obj  Depth IntInf | Incumbent    BestBd   Gap | It/Node Time

     0     0 42331.2360    0   60 615798.000 42331.2360  93.1%     -    0s
H    0     0                    55696.890900 42331.2360  24.0%     -    0s
H    0     0                    55661.856763 42331.2360  23.9%     -    0s
H    0     0                    55655.747230 42331.2360  23.9%     -    0s
H    0     0                    55591.272230 42331.2360  23.9%     -    0s
H    0     0                    55545.421699 42331.2360  23.8%     -    0s
     0     0 52072.8445    0   29 55545.4217 52072.8445  6.25%     -    0s
H    0     0                    54460.000000 52118.9081  4.30%     -    0s
     0     0 52143.6766    0   28 54460.0000 52143.6766  4.25%     -    0s
     0     0 52156.2210    0   29 54460.0000 52156.2210  4.23%     -    0s
     0     0 52156.2300    0   29 54460.0000 52156.2300  4.23%     -    0s
     0     0 53221.3581    0   23 54460.0000 53221.3581  2.27%     -    0s
H    0     0                    54439.000000 53225.4852  2.23%     -    0s
     0     0 53322.6973    0   22 54439.0000 53322.6973  2.05%     -    0s
     0     0 53347.2476    0   25 54439.0000 53347.2476  2.01%     -    0s
     0     0 53348.1234    0   23 54439.0000 53348.1234  2.00%     -    0s
     0     0 53561.8131    0   28 54439.0000 53561.8131  1.61%     -    0s
H    0     0                    53872.000000 53572.5172  0.56%     -    0s
H    0     0                    53857.000000 53572.5172  0.53%     -    0s
H    0     0                    53832.000000 53572.5172  0.48%     -    0s
H    0     0                    53817.000000 53572.5172  0.45%     -    0s
     0     0 53665.3660    0   23 53817.0000 53665.3660  0.28%     -    0s
     0     0 53686.9271    0   14 53817.0000 53686.9271  0.24%     -    0s
     0     0 53686.9551    0   15 53817.0000 53686.9551  0.24%     -    0s
     0     0 53722.4127    0   27 53817.0000 53722.4127  0.18%     -    0s
H    0     0                    53794.000000 53722.4945  0.13%     -    0s
H    0     0                    53792.000000 53722.4945  0.13%     -    0s
     0     0 53726.1940    0   25 53792.0000 53726.1940  0.12%     -    0s
     0     0 53728.8455    0   13 53792.0000 53728.8455  0.12%     -    0s
     0     0 53736.4250    0    3 53792.0000 53736.4250  0.10%     -    0s
H    0     0                    53745.000000 53736.4250  0.02%     -    0s
     0     0 53737.5000    0    1 53745.0000 53737.5000  0.01%     -    0s
     0     0 53737.5000    0    1 53745.0000 53737.5000  0.01%     -    0s
     0     0 53737.5000    0    1 53745.0000 53737.5000  0.01%     -    0s
     0     0 53737.5000    0    1 53745.0000 53737.5000  0.01%     -    0s

Explored 1 nodes (2590 simplex iterations) in 0.79 seconds (0.77 work units)
Thread count was 32 (of 32 available processors)

Solution count 7: 53745 53792 53857 ... 55655.7

Optimal solution found (tolerance 0.00e+00)
Best objective 5.374500000000e+04, best bound 5.374500000000e+04, gap 0.0000%
