
Gurobi 13.0.2 (win64) logging started Wed Jul 15 20:48:44 2026

Set parameter LogFile to value "logs/kstar_nI20_nJ40_nK50_nL5_tI4_tJ4_s5_m0_exact_s0_20260715-204844.gurobi.log"
Set parameter Seed to value 0
Set parameter TimeLimit to value 599.979823
Set parameter NodefileStart to value 4
Set parameter MIPGap to value 0
Set parameter MIPGapAbs to value 0.9999
Set parameter Cutoff to value 1e+100
Gurobi Optimizer version 13.0.2 build v13.0.2rc1 (win64 - Windows 11+.0 (26200.2))

CPU model: Intel(R) Core(TM) i9-14900HX, instruction set [SSE2|AVX|AVX2]
Thread count: 24 physical cores, 32 logical processors, using up to 32 threads

Non-default parameters:
TimeLimit  599.979823
MIPGap  0
MIPGapAbs  0.9999
NodefileStart  4

Optimize a model with 750 rows, 14060 columns and 38300 nonzeros (Min)
Model fingerprint: 0x11533c4f
Model has 14060 linear objective coefficients
Variable types: 14000 continuous, 60 integer (60 binary)
Coefficient statistics:
  Matrix range     [1e+00, 6e+02]
  Objective range  [1e+00, 5e+02]
  Bounds range     [1e+00, 1e+00]
  RHS range        [5e+00, 2e+01]

Using branch priorities.
Found heuristic solution: objective 321730.00000
Presolve time: 0.02s
Presolved: 750 rows, 14060 columns, 38300 nonzeros
Variable types: 14000 continuous, 60 integer (60 binary)

Root relaxation: objective 2.487720e+04, 739 iterations, 0.01 seconds (0.01 work units)

    Nodes    |    Current Node    |     Objective Bounds      |     Work
 Expl Unexpl |  Obj  Depth IntInf | Incumbent    BestBd   Gap | It/Node Time

     0     0 24877.1976    0   58 321730.000 24877.1976  92.3%     -    0s
H    0     0                    37841.598736 24877.1976  34.3%     -    0s
H    0     0                    37607.881537 31411.9116  16.5%     -    0s
H    0     0                    37397.368589 31411.9116  16.0%     -    0s
     0     0 31411.9116    0   46 37397.3686 31411.9116  16.0%     -    0s
H    0     0                    36344.000000 31449.7393  13.5%     -    0s
H    0     0                    36226.000000 31449.7393  13.2%     -    0s
H    0     0                    35615.000000 31449.7393  11.7%     -    0s
     0     0 31486.7122    0   45 35615.0000 31486.7122  11.6%     -    0s
     0     0 31522.2732    0   45 35615.0000 31522.2732  11.5%     -    0s
H    0     0                    35485.000000 32891.9898  7.31%     -    0s
     0     0 32891.9898    0   39 35485.0000 32891.9898  7.31%     -    0s
     0     0 33201.6743    0   40 35485.0000 33201.6743  6.43%     -    0s
     0     0 33236.1661    0   41 35485.0000 33236.1661  6.34%     -    0s
H    0     0                    34837.000000 33266.0884  4.51%     -    0s
H    0     0                    34820.000000 33266.0884  4.46%     -    0s
     0     0 33266.0884    0   41 34820.0000 33266.0884  4.46%     -    0s
     0     0 33269.3608    0   40 34820.0000 33269.3608  4.45%     -    0s
     0     0 33526.1741    0   41 34820.0000 33526.1741  3.72%     -    0s
     0     0 33721.7970    0   39 34820.0000 33721.7970  3.15%     -    0s
     0     0 33747.8500    0   39 34820.0000 33747.8500  3.08%     -    0s
     0     0 33749.6288    0   41 34820.0000 33749.6288  3.07%     -    0s
     0     0 33801.2570    0   31 34820.0000 33801.2570  2.93%     -    0s
H    0     0                    34573.000000 33802.0781  2.23%     -    0s
H    0     0                    34338.000000 33802.0781  1.56%     -    0s
H    0     0                    34254.000000 33802.0781  1.32%     -    0s
     0     0 33808.0700    0   31 34254.0000 33808.0700  1.30%     -    0s
     0     0 33809.8832    0   35 34254.0000 33809.8832  1.30%     -    0s
     0     0 33821.1288    0   30 34254.0000 33821.1288  1.26%     -    0s
     0     0 33821.6341    0   30 34254.0000 33821.6341  1.26%     -    0s
     0     0 33821.6341    0   30 34254.0000 33821.6341  1.26%     -    0s
H    0     0                    34026.000000 33822.3589  0.60%     -    0s
     0     2 33822.3589    0   30 34026.0000 33822.3589  0.60%     -    0s
*   58     5               8    33969.000000 33956.2004  0.04%  33.7    0s

Cutting planes:
  Implied bound: 243
  MIR: 49
  Flow cover: 141
  Relax-and-lift: 10

Explored 78 nodes (4451 simplex iterations) in 0.68 seconds (0.69 work units)
Thread count was 32 (of 32 available processors)

Solution count 10: 33969 34026 34254 ... 36226

Optimal solution found (tolerance 0.00e+00)
Best objective 3.396900000000e+04, best bound 3.396900000000e+04, gap 0.0000%
