
Gurobi 13.0.2 (win64) logging started Thu Jul 16 09:30:59 2026

Set parameter LogFile to value "logs/kstar_nI20_nJ40_nK50_nL10_tI2_tJ2_s3_m1_exact_s0_20260716-093059.gurobi.log"
Set parameter Seed to value 0
Set parameter TimeLimit to value 599.9634044
Set parameter MIPGap to value 0
Set parameter MIPGapAbs to value 0.5
Set parameter Cutoff to value 1e+100
Gurobi Optimizer version 13.0.2 build v13.0.2rc1 (win64 - Windows 11+.0 (26200.2))

CPU model: Intel(R) Core(TM) i9-14900HX, instruction set [SSE2|AVX|AVX2]
Thread count: 24 physical cores, 32 logical processors, using up to 32 threads

Non-default parameters:
TimeLimit  599.9634044
MIPGap  0
MIPGapAbs  0.5
PreCrush  1
LazyConstraints  1

Optimize a model with 20 rows, 70 columns and 600 nonzeros (Min)
Model fingerprint: 0x1f8293e6
Model has 70 linear objective coefficients
Variable types: 10 continuous, 60 integer (60 binary)
Coefficient statistics:
  Matrix range     [1e+01, 7e+02]
  Objective range  [1e+00, 5e+02]
  Bounds range     [1e+00, 5e+03]
  RHS range        [6e+02, 7e+02]

Using branch priorities.
Presolve removed 16 rows and 0 columns
Presolve time: 0.00s
Presolved: 4 rows, 70 columns, 120 nonzeros
Variable types: 10 continuous, 60 integer (60 binary)

Root relaxation: objective 4.105718e+04, 5 iterations, 0.00 seconds (0.00 work units)

    Nodes    |    Current Node    |     Objective Bounds      |     Work
 Expl Unexpl |  Obj  Depth IntInf | Incumbent    BestBd   Gap | It/Node Time

     0     0 41057.1786    0    2          - 41057.1786      -     -    0s
H    0     0                    378385.00000 41057.1786  89.1%     -    0s
H    0     0                    317027.00000 41057.1786  87.0%     -    0s
H    0     0                    299548.00000 41057.1786  86.3%     -    0s
H    0     0                    282710.00000 41057.1786  85.5%     -    0s
     0     0 41115.2946    0    6 282710.000 41115.2946  85.5%     -    0s
     0     0 41118.4344    0    6 282710.000 41118.4344  85.5%     -    0s
     0     2 41118.4344    0    6 282710.000 41118.4344  85.5%     -    0s
H 3472  2968                    244694.00000 41263.1786  83.1%   3.1    4s
  3474  2969 41373.3058   17   18 244694.000 41263.1786  83.1%   3.1    5s
H 3480  2824                    232308.00000 41281.9097  82.2%   3.1    5s
H 3480  2683                    218543.00000 41281.9097  81.1%   3.1    5s
  3976  3037 42280.0594   25    5 218543.000 41343.7720  81.1%   4.9   10s
  4705  3565 41463.7459   27   16 218543.000 41344.2804  81.1%   5.5   15s
  6176  4444 41627.2296   36   15 218543.000 41384.4915  81.1%   6.1   20s
  7956  5364 43109.1397   59    1 218543.000 41403.8178  81.1%   6.2   25s
  8629  5673 41595.8989   21   20 218543.000 41405.3792  81.1%   6.2   30s
  9688  6292 41988.4869   37   10 218543.000 41412.8933  81.1%   6.1   35s
 11250  7073 41842.4146   33   15 218543.000 41412.8933  81.1%   6.2   41s
 12817  8406 41591.0769   25   22 218543.000 41447.1604  81.0%   6.3   45s
 14457  9896 41544.0940   23   21 218543.000 41448.5520  81.0%   6.3   50s
 16546 11370 41779.3138   23   22 218543.000 41448.5520  81.0%   6.4   55s
 16836 11727 42094.3133   24   12 218543.000 41448.5520  81.0%   6.4   60s
 17354 12271 41937.3849   22   15 218543.000 41473.3410  81.0%   6.5   65s
 18853 13181 41752.4537   21   14 218543.000 41487.8384  81.0%   6.4   70s
 20085 14516 42384.5908   31    2 218543.000 41503.9257  81.0%   6.4   76s
 21376 15763 43512.4796   54    2 218543.000 41503.9257  81.0%   6.4   80s
 23125 17105 57139.0000   69    - 218543.000 41503.9257  81.0%   6.3   85s
 23963 17468 42071.4730   26   10 218543.000 41506.5814  81.0%   6.3   92s
 24381 17830 42102.1609   27    9 218543.000 41506.5814  81.0%   6.3   95s
 25017 18406 42122.0080   29   13 218543.000 41506.5814  81.0%   6.3  104s
 25400 18750 42125.4132   30   14 218543.000 41506.5814  81.0%   6.4  108s
 25789 19137 42133.7525   31   13 218543.000 41521.7588  81.0%   6.4  112s
 26259 19609 42136.5070   32   11 218543.000 41521.7588  81.0%   6.4  116s
 26775 20179 42137.9465   33   10 218543.000 41521.7588  81.0%   6.4  120s
 27648 20796 41889.8227   29   14 218543.000 41529.1196  81.0%   6.4  125s
 28921 21970 42166.8213   36   10 218543.000 41545.9037  81.0%   6.4  134s
 30036 22810 42176.2900   37    7 218543.000 41546.7628  81.0%   6.4  140s
 30862 23634 43646.3593   59    4 218543.000 41546.7628  81.0%   6.4  145s
 31880 24334 42032.9930   31   16 218543.000 41549.6202  81.0%   6.5  151s
 32848 25246 42445.0645   37   11 218543.000 41549.6202  81.0%   6.5  158s
 34180 26355 41814.8787   45   16 218543.000 41558.6041  81.0%   6.5  164s
 35252 27482 41975.5764   33   18 218543.000 41558.6041  81.0%   6.5  170s
 36605 28691 42120.2824   44   11 218543.000 41565.9283  81.0%   6.6  176s
 37913 29833 42642.1754   47    5 218543.000 41565.9283  81.0%   6.6  183s
 39181 29967 43456.0000   68    6 218543.000 41572.6613  81.0%   6.7  201s
H39182 28469                    164801.00000 41572.6613  74.8%   6.7  202s
 39187 28472 43218.0000   62   28 164801.000 41572.6613  74.8%   6.7  205s
H39189 27049                    153420.00000 41572.6613  72.9%   6.7  208s
 39192 27051 42490.1410   33   28 153420.000 41572.6613  72.9%   6.7  210s
 39198 27058 41572.6613   21   30 153420.000 41572.6613  72.9%   6.7  215s
 39228 27108 41572.6613   25   27 153420.000 41572.6613  72.9%   6.8  220s
 39404 27226 41586.6513   28   25 153420.000 41572.6613  72.9%   6.9  226s
 39538 27413 41572.6613   30   27 153420.000 41572.6613  72.9%   7.0  231s
 39783 27564 41572.6613   32   30 153420.000 41572.6613  72.9%   7.1  236s
 40013 27719 41576.4420   33   30 153420.000 41572.6613  72.9%   7.2  240s
 40259 27869 41825.6998   34   25 153420.000 41572.6613  72.9%   7.3  246s
 40550 28002 41600.6160   36   25 153420.000 41572.6613  72.9%   7.3  250s
 40837 28136 41647.6660   38   27 153420.000 41572.6613  72.9%   7.4  255s
 41180 28358 41662.6334   40   24 153420.000 41572.6613  72.9%   7.4  260s
 41629 28606 41945.0982   43   20 153420.000 41572.6613  72.9%   7.5  266s
 41977 28911 42129.0124   43   12 153420.000 41572.6613  72.9%   7.6  270s
 42676 29165 42069.6059   48   15 153420.000 41572.6613  72.9%   7.6  277s
 42766 29301 42540.6888   50   10 153420.000 41572.6613  72.9%   7.6  280s
 43326 29644 42605.3926   58    5 153420.000 41572.6613  72.9%   7.7  286s
 44027 30070 43828.2504   76    1 153420.000 41572.6613  72.9%   7.8  292s
 44441 30250 41578.8531   34   27 153420.000 41572.6613  72.9%   7.8  296s
 44809 30216 41610.6426   40   22 153420.000 41572.6613  72.9%   7.8  300s
 44853 30376 41667.8841   41   22 153420.000 41572.6613  72.9%   7.8  305s
 45106 30432 41669.6395   42   24 153420.000 41572.6613  72.9%   7.8  310s
 45421 30662 42978.7402   71    5 153420.000 41572.6613  72.9%   7.9  315s
 45930 30936 43454.3875   67    2 153420.000 41572.6613  72.9%   7.9  320s
 46643 31417 109038.000   78    - 153420.000 41572.6613  72.9%   7.9  327s
 47019 31729 41748.3202   40   21 153420.000 41572.6613  72.9%   8.0  331s
 47481 31748 42520.7326   42   10 153420.000 41572.6613  72.9%   8.0  336s
 47751 32028 42562.6556   43   13 153420.000 41572.6613  72.9%   8.0  341s
 48412 32412 42617.4200   46   10 153420.000 41572.6613  72.9%   8.0  346s
 49181 32683 43489.3428   57    1 153420.000 41572.6613  72.9%   8.0  350s
 49814 33032 41914.6515   30   23 153420.000 41572.6613  72.9%   8.0  355s
 50407 33263 42257.1449   34    6 153420.000 41572.6613  72.9%   8.1  361s
 51156 33515 42988.4479   63    4 153420.000 41572.6613  72.9%   8.1  367s
 52157 33640 41787.8728   33   25 153420.000 41572.6613  72.9%   8.1  374s
 52325 33615 41777.6022   44   24 153420.000 41572.6613  72.9%   8.1  375s
 52326 33660 41800.7621   34   26 153420.000 41572.6613  72.9%   8.1  380s
 52372 33676 41820.3167   36   24 153420.000 41572.6613  72.9%   8.1  389s
 52405 34065 41823.8216   37   23 153420.000 41572.6613  72.9%   8.1  396s
 53072 34448 42226.6377   50   14 153420.000 41572.6613  72.9%   8.2  402s
 53809 34882 41994.5852   48   16 153420.000 41572.6613  72.9%   8.2  409s
 54492 34740 42403.5108   55   12 153420.000 41572.6613  72.9%   8.3  410s
 54540 35303 41861.4367   30   20 153420.000 41572.6613  72.9%   8.3  416s
 55537 35723 41764.5604   41   22 153420.000 41572.6613  72.9%   8.3  423s
 56433 36237 41870.3814   53   18 153420.000 41572.6613  72.9%   8.3  430s
 57320 36333 42336.1270   62   13 153420.000 41572.6613  72.9%   8.3  439s
 57681 36815 42263.1765   62   15 153420.000 41615.8639  72.9%   8.3  446s
 58592 37289 52772.0000   77    - 153420.000 41615.8639  72.9%   8.3  454s
 59657 37861 42606.6549   46   11 153420.000 41615.8639  72.9%   8.4  462s
 60699 38253 41765.6153   34   28 153420.000 41621.7644  72.9%   8.4  471s
 61585 38735 42420.9380   39   10 153420.000 41636.3330  72.9%   8.5  481s
 63014 38702 41744.0390   36   24 153420.000 41638.4048  72.9%   8.4  495s
 63063 39152 41757.3396   37   22 153420.000 41638.4048  72.9%   8.4  505s
 63744 39833 43014.5311   67    3 153420.000 41638.4048  72.9%   8.4  517s
 64846 40395 42061.2587   47   21 153420.000 41638.4048  72.9%   8.5  529s
 65799 40745 42347.8879   62   11 153420.000 41656.5358  72.8%   8.5  540s
 66615 41323 41944.8385   33   21 153420.000 41656.5358  72.8%   8.6  552s
 67845 41592 41697.6783   40   22 153420.000 41656.5358  72.8%   8.6  562s
 68683 42372 41735.7333   44   21 153420.000 41656.5358  72.8%   8.7  577s
 70206 42798 42157.7900   52   16 153420.000 41661.0900  72.8%   8.7  592s
 71886 43394 41789.8690   32   24 153420.000 41688.4869  72.8%   8.6  600s

Cutting planes:
  MIR: 11
  StrongCG: 1
  Flow cover: 6

Explored 72722 nodes (625405 simplex iterations) in 602.07 seconds (300.61 work units)
Thread count was 32 (of 32 available processors)

Solution count 9: 153420 164801 218543 ... 378385

Time limit reached
Best objective 1.534200000000e+05, best bound 4.168848692877e+04, gap 72.8272%

User-callback calls 167803, time in user-callback 95.03 sec
