
Gurobi 13.0.2 (win64) logging started Fri Jul 17 22:05:17 2026

Set parameter LogFile to value "logs/kstar_nI40_nJ40_nK50_nL10_tI6_tJ6_s1_m1_exact_s0_20260717-220517.gurobi.log"
Set parameter Seed to value 0
Set parameter TimeLimit to value 599.9558251
Set parameter MIPGap to value 0
Set parameter MIPGapAbs to value 0.5
Set parameter Cutoff to value 1e+100
Gurobi Optimizer version 13.0.2 build v13.0.2rc1 (win64 - Windows 11+.0 (26200.2))

CPU model: Intel(R) Core(TM) i9-14900HX, instruction set [SSE2|AVX|AVX2]
Thread count: 24 physical cores, 32 logical processors, using up to 32 threads

Non-default parameters:
TimeLimit  599.9558251
MIPGap  0
MIPGapAbs  0.5
PreCrush  1
LazyConstraints  1

Optimize a model with 20 rows, 90 columns and 800 nonzeros (Min)
Model fingerprint: 0xf68bf30d
Model has 90 linear objective coefficients
Variable types: 10 continuous, 80 integer (80 binary)
Coefficient statistics:
  Matrix range     [5e+00, 7e+02]
  Objective range  [1e+00, 5e+02]
  Bounds range     [1e+00, 4e+03]
  RHS range        [5e+02, 7e+02]

Using branch priorities.
Presolve removed 18 rows and 0 columns
Presolve time: 0.00s
Presolved: 2 rows, 90 columns, 80 nonzeros
Variable types: 10 continuous, 80 integer (80 binary)

Root relaxation: objective 3.537747e+04, 3 iterations, 0.00 seconds (0.00 work units)

    Nodes    |    Current Node    |     Objective Bounds      |     Work
 Expl Unexpl |  Obj  Depth IntInf | Incumbent    BestBd   Gap | It/Node Time

     0     0 35377.4701    0    3          - 35377.4701      -     -    0s
H    0     0                    170469.00000 35377.4701  79.2%     -    0s
H    0     0                    159010.00000 35377.4701  77.8%     -    0s
H    0     0                    152736.00000 35377.4701  76.8%     -    0s
H    0     0                    151779.00000 35377.4701  76.7%     -    0s
H    0     0                    146824.00000 35377.4701  75.9%     -    0s
     0     0 35646.8744    0    5 146824.000 35646.8744  75.7%     -    0s
     0     0 35650.1444    0    5 146824.000 35650.1444  75.7%     -    0s
H    0     0                    146300.00000 35650.1444  75.6%     -    0s
H    0     0                    143183.00000 35650.1444  75.1%     -    0s
H    0     0                    119470.00000 35656.0068  70.2%     -    0s
H    0     0                    112629.00000 35656.0068  68.3%     -    0s
     0     2 35865.2960    0    9 112629.000 35865.2960  68.2%     -    0s
  3396  3191 43867.0000   74   24 112629.000 36274.2908  67.8%   3.5    6s
  4179  3788 37105.3709   28    9 112629.000 36464.7230  67.6%   5.8   10s
  7110  5555 40518.7770   70    1 112629.000 36509.7735  67.6%   5.5   15s
 11029  7702 37130.6444   25   16 112629.000 36607.1481  67.5%   5.3   20s
 12213  8248 37237.8751   29   11 112629.000 36650.5118  67.5%   5.5   25s
 13108  8693 38076.1906   54    5 112629.000 36665.2000  67.4%   5.5   30s
 14381  9875 38411.2304   36    4 112629.000 36682.0935  67.4%   5.5   35s
 15729 11121 37596.6804   31   15 112629.000 36682.0935  67.4%   5.4   40s
 16894 12214 37180.4170   28   20 112629.000 36699.1121  67.4%   5.4   45s
 18785 14051 38434.3460   51    5 112629.000 36728.4256  67.4%   5.4   50s
 20818 15934 37175.1959   22   17 112629.000 36773.1647  67.4%   5.4   55s
 23332 18086 37286.6761   21   17 112629.000 36783.5697  67.3%   5.4   60s
 25959 20745 37435.1733   28   17 112629.000 36786.5580  67.3%   5.5   65s
 29183 23937 37747.8891   32   12 112629.000 36786.5580  67.3%   5.5   71s
 32637 25769 37286.7764   22   16 112629.000 36786.5580  67.3%   5.5   75s
 33205 26756 37890.9788   34   12 112629.000 36840.4254  67.3%   5.5   80s
 34862 28445 38008.3372   33   12 112629.000 36844.2309  67.3%   5.5   86s
 36990 30595 37879.2367   50   10 112629.000 36860.7997  67.3%   5.5   92s
 38368 31673 38055.9325   36    9 112629.000 36872.9919  67.3%   5.5   95s
 39821 33070 37757.0935   34   13 112629.000 36879.0490  67.3%   5.5  100s
 42878 36191 37546.0562   34   10 112629.000 36879.2971  67.3%   5.5  107s
 44760 38029 37854.3272   32   13 112629.000 36879.2971  67.3%   5.5  111s
 46869 39787 42824.0000   87    - 112629.000 36901.6907  67.2%   5.5  115s
 48832 41797 37186.8245   22   17 112629.000 36901.6907  67.2%   5.5  121s
 51111 43530 37396.7764   22   24 112629.000 36901.6907  67.2%   5.5  125s
 52978 45073 38342.7614   46    8 112629.000 36901.6907  67.2%   5.5  130s
 54741 47221 38221.5230   45    3 112629.000 36933.0183  67.2%   5.6  135s
 57214 47487 38497.0630   63    5 112629.000 36933.0183  67.2%   5.6  146s
H57215 45113                    88522.000000 36933.0183  58.3%   5.6  148s
 57217 45114 39723.7059   67   30 88522.0000 36933.0183  58.3%   5.6  152s
H57217 42858                    82678.000000 36933.0183  55.3%   5.6  154s
 57218 42859 37317.0135   27   28 82678.0000 36933.0183  55.3%   5.6  155s
H57220 40717                    78508.000000 36933.0183  53.0%   5.6  159s
 57222 40718 38417.3319   47   32 78508.0000 36933.0183  53.0%   5.6  161s
 57224 40720 39161.0000   54   32 78508.0000 36933.0183  53.0%   5.6  166s
 57226 40721 39297.8425   55   33 78508.0000 36933.0183  53.0%   5.6  170s
 57258 40775 37115.0983   29   27 78508.0000 36973.8770  52.9%   5.6  175s
 57400 40877 37466.2779   32   29 78508.0000 37070.5304  52.8%   5.7  180s
 57595 41059 37608.2993   34   28 78508.0000 37070.5304  52.8%   5.7  185s
 57969 41325 37838.0780   37   20 78508.0000 37070.5304  52.8%   5.8  190s
 58239 41480 38348.1702   39   19 78508.0000 37070.5304  52.8%   5.8  195s
 59039 41944 42087.0000   83    - 78508.0000 37109.1637  52.7%   5.9  200s
 60051 42677 39363.2800   53   12 78508.0000 37194.2267  52.6%   5.9  205s
 61409 43341 39626.9364   62    7 78508.0000 37203.2530  52.6%   5.9  210s
 62679 44214 41275.3333   80    1 78508.0000 37203.2530  52.6%   5.9  216s
 63900 44794 37622.2435   31   22 78508.0000 37257.5341  52.5%   5.9  220s
 65152 45631 42180.0000   81    - 78508.0000 37257.5341  52.5%   6.0  225s
 66722 46763 38368.7310   63    7 78508.0000 37257.5341  52.5%   6.0  230s
 68900 47726 39394.9007   83    2 78508.0000 37257.5341  52.5%   5.9  236s
 70839 48075 39094.2615   65    2 78508.0000 37406.5247  52.4%   6.0  242s
 70881 48365 39460.5903   66    4 78508.0000 37406.5247  52.4%   6.0  245s
 72071 49216 38001.7265   41   21 78508.0000 37406.5247  52.4%   6.0  252s
 72825 49975 37671.9841   33   27 78508.0000 37406.5247  52.4%   6.0  255s
 75327 51264 38378.8602   42   14 78508.0000 37469.3411  52.3%   6.0  262s
 76577 51881 37723.9413   32   24 78508.0000 37469.3411  52.3%   6.0  265s
 77686 51681 38296.9079   46   16 78508.0000 37502.7386  52.2%   6.0  270s
 78238 52412 38391.9013   48   13 78508.0000 37502.7386  52.2%   6.0  278s
 78866 52946 37871.9058   35   26 78508.0000 37540.3966  52.2%   6.0  283s
 79706 53401 37731.8313   35   24 78508.0000 37540.3966  52.2%   6.0  287s
 80567 53972 39109.1999   81    2 78508.0000 37540.3966  52.2%   6.1  291s
 81457 54915 38289.8631   42   21 78508.0000 37568.6125  52.1%   6.1  295s
 83061 55613 37999.4529   40   21 78508.0000 37568.6125  52.1%   6.1  300s
 84964 56420 39297.6656   58    9 78508.0000 37583.0565  52.1%   6.1  305s
 86418 56721 38590.8835   43   14 78508.0000 37598.3270  52.1%   6.1  313s
 87058 57190 38617.8095   44   15 78508.0000 37598.3270  52.1%   6.1  317s
 87818 57797 38627.4932   45   14 78508.0000 37598.3270  52.1%   6.1  322s
 88799 58461 38752.7780   46   15 78508.0000 37603.3279  52.1%   6.1  327s
 90053 59216 38425.9065   43   15 78508.0000 37611.0691  52.1%   6.1  333s
 91591 59759 39589.3634   59    2 78508.0000 37631.6457  52.1%   6.1  340s
 93220 60950 38574.5632   43   17 78508.0000 37633.6342  52.1%   6.1  346s
 94957 62032 38961.8057   53    4 78508.0000 37644.9721  52.0%   6.2  352s
 96845 63468 38518.1868   55    9 78508.0000 37659.2071  52.0%   6.2  360s
 99274 64540 39115.6323   65    5 78508.0000 37663.4815  52.0%   6.2  367s
 101312 65841 38644.4039   44   13 78508.0000 37682.3216  52.0%   6.2  375s
 103652 66980 38949.7543   50   14 78508.0000 37691.2602  52.0%   6.2  382s
 105677 68416 38568.4054   43   14 78508.0000 37691.2602  52.0%   6.3  391s
 108155 69366 40109.2239   86    4 78508.0000 37691.2602  52.0%   6.3  400s
 110488 70968 38727.8286   54   13 78508.0000 37700.9887  52.0%   6.3  409s
 113104 72785 38256.2791   40   24 78508.0000 37718.6045  52.0%   6.3  418s
 116093 74409 38605.1219   42   18 78508.0000 37725.7632  51.9%   6.3  427s
 118979 75560 39608.2940   94    5 78508.0000 37725.7632  51.9%   6.3  437s
 121214 77049 39022.6246   57    6 78508.0000 37742.7263  51.9%   6.4  448s
 124054 78877 38957.9535   54   13 78508.0000 37742.9603  51.9%   6.4  459s
 126615 78347 38459.4869   39   26 78508.0000 37749.3739  51.9%   6.4  460s
 127161 80169 38573.0854   48   14 78508.0000 37752.8212  51.9%   6.4  471s
 130574 81913 38647.9754   41   17 78508.0000 37759.8369  51.9%   6.4  484s
 132345 81576 38456.5908   39   21 78508.0000 37761.0520  51.9%   6.4  485s
 133728 83445 38411.0215   35   20 78508.0000 37769.9144  51.9%   6.4  496s
 136392 85144 38817.6963   53   12 78508.0000 37775.7535  51.9%   6.4  509s
 139215 86629 38834.4990   40   17 78508.0000 37775.7535  51.9%   6.5  523s
 142000 87913 39025.6824   53    7 78508.0000 37788.5639  51.9%   6.5  539s
 144659 87581 38567.2287   35   24 78508.0000 37789.3276  51.9%   6.5  549s
 144890 88404 38608.7964   36   20 78508.0000 37789.3276  51.9%   6.5  560s
 146024 89674 38679.3574   37   25 78508.0000 37791.0451  51.9%   6.5  573s
 148025 91158 38649.3755   37   22 78508.0000 37792.3154  51.9%   6.5  587s
 150496 92577 38677.2732   38   19 78508.0000 37793.9803  51.9%   6.5  600s

Cutting planes:
  Gomory: 3
  Cover: 1
  MIR: 2
  Flow cover: 4

Explored 153090 nodes (999948 simplex iterations) in 602.28 seconds (252.69 work units)
Thread count was 32 (of 32 available processors)

Solution count 10: 78508 82678 88522 ... 159010

Time limit reached
Best objective 7.850800000000e+04, best bound 3.780605403362e+04, gap 51.8443%

User-callback calls 328817, time in user-callback 64.24 sec
