
Gurobi 13.0.2 (win64) logging started Wed Jul 15 20:49:22 2026

Set parameter LogFile to value "logs/kstar_nI40_nJ20_nK50_nL10_tI2_tJ2_s1_m0_exact_s0_20260715-204922.gurobi.log"
Set parameter Seed to value 0
Set parameter TimeLimit to value 599.9755471
Set parameter NodefileStart to value 4
Set parameter MIPGap to value 0
Set parameter MIPGapAbs to value 0.9999
Set parameter Cutoff to value 1e+100
Gurobi Optimizer version 13.0.2 build v13.0.2rc1 (win64 - Windows 11+.0 (26200.2))

CPU model: Intel(R) Core(TM) i9-14900HX, instruction set [SSE2|AVX|AVX2]
Thread count: 24 physical cores, 32 logical processors, using up to 32 threads

Non-default parameters:
TimeLimit  599.9755471
MIPGap  0
MIPGapAbs  0.9999
NodefileStart  4

Optimize a model with 1300 rows, 18060 columns and 46600 nonzeros (Min)
Model fingerprint: 0xc928e0da
Model has 18060 linear objective coefficients
Variable types: 18000 continuous, 60 integer (60 binary)
Coefficient statistics:
  Matrix range     [1e+00, 7e+02]
  Objective range  [1e+00, 5e+02]
  Bounds range     [1e+00, 1e+00]
  RHS range        [5e+00, 2e+01]

Using branch priorities.
Found heuristic solution: objective 666739.00000
Presolve time: 0.02s
Presolved: 1300 rows, 18060 columns, 46600 nonzeros
Variable types: 18000 continuous, 60 integer (60 binary)

Root relaxation: objective 5.476781e+04, 880 iterations, 0.01 seconds (0.01 work units)

    Nodes    |    Current Node    |     Objective Bounds      |     Work
 Expl Unexpl |  Obj  Depth IntInf | Incumbent    BestBd   Gap | It/Node Time

     0     0 54767.8107    0   59 666739.000 54767.8107  91.8%     -    0s
H    0     0                    70298.124892 54767.8107  22.1%     -    0s
H    0     0                    69707.000000 54767.8107  21.4%     -    0s
     0     0 62730.7543    0   38 69707.0000 62730.7543  10.0%     -    0s
     0     0 62873.9512    0   38 69707.0000 62873.9512  9.80%     -    0s
     0     0 62905.2997    0   38 69707.0000 62905.2997  9.76%     -    0s
     0     0 65645.9115    0   34 69707.0000 65645.9115  5.83%     -    0s
H    0     0                    69327.000000 65670.5248  5.27%     -    0s
     0     0 66116.6278    0   31 69327.0000 66116.6278  4.63%     -    0s
     0     0 66153.6185    0   32 69327.0000 66153.6185  4.58%     -    0s
     0     0 66163.8730    0   32 69327.0000 66163.8730  4.56%     -    0s
     0     0 66164.3156    0   32 69327.0000 66164.3156  4.56%     -    0s
H    0     0                    66925.000000 66408.8473  0.77%     -    0s
     0     0 66408.8473    0   32 66925.0000 66408.8473  0.77%     -    0s
     0     0 66532.8649    0   30 66925.0000 66532.8649  0.59%     -    0s
H    0     0                    66861.000000 66565.2907  0.44%     -    0s
     0     0 66565.2907    0   30 66861.0000 66565.2907  0.44%     -    0s
     0     0 66578.8366    0   29 66861.0000 66578.8366  0.42%     -    0s
     0     0 66581.3353    0   29 66861.0000 66581.3353  0.42%     -    0s
H    0     0                    66848.000000 66581.3353  0.40%     -    0s
     0     0 66619.9630    0   14 66848.0000 66619.9630  0.34%     -    0s
H    0     0                    66728.000000 66622.7262  0.16%     -    0s
H    0     0                    66711.000000 66622.7262  0.13%     -    0s
     0     0 66626.9652    0   14 66711.0000 66626.9652  0.13%     -    0s
*    0     0               0    66636.000000 66636.0000  0.00%     -    0s

Cutting planes:
  Implied bound: 352
  MIR: 92
  Flow cover: 247
  Relax-and-lift: 6

Explored 1 nodes (2244 simplex iterations) in 0.44 seconds (0.44 work units)
Thread count was 32 (of 32 available processors)

Solution count 8: 66636 66728 66848 ... 70298.1

Optimal solution found (tolerance 0.00e+00)
Best objective 6.663600000000e+04, best bound 6.663600000000e+04, gap 0.0000%
