
Gurobi 13.0.2 (win64) logging started Fri Jul 17 11:08:10 2026

Set parameter LogFile to value "logs/kstar_nI40_nJ40_nK100_nL10_tI3_tJ3_s1_m1_exact_s0_20260717-110810.gurobi.log"
Set parameter Seed to value 0
Set parameter TimeLimit to value 599.9333024
Set parameter MIPGap to value 0
Set parameter MIPGapAbs to value 0.5
Set parameter Cutoff to value 1e+100
Gurobi Optimizer version 13.0.2 build v13.0.2rc1 (win64 - Windows 11+.0 (26200.2))

CPU model: Intel(R) Core(TM) i9-14900HX, instruction set [SSE2|AVX|AVX2]
Thread count: 24 physical cores, 32 logical processors, using up to 32 threads

Non-default parameters:
TimeLimit  599.9333024
MIPGap  0
MIPGapAbs  0.5
PreCrush  1
LazyConstraints  1

Optimize a model with 20 rows, 90 columns and 800 nonzeros (Min)
Model fingerprint: 0xc4484822
Model has 90 linear objective coefficients
Variable types: 10 continuous, 80 integer (80 binary)
Coefficient statistics:
  Matrix range     [1e+00, 1e+03]
  Objective range  [1e+00, 5e+02]
  Bounds range     [1e+00, 7e+03]
  RHS range        [1e+03, 1e+03]

Using branch priorities.
Presolve removed 1 rows and 0 columns
Presolve time: 0.00s
Presolved: 19 rows, 90 columns, 760 nonzeros
Variable types: 10 continuous, 80 integer (80 binary)

Root relaxation: objective 6.676767e+04, 6 iterations, 0.00 seconds (0.00 work units)

    Nodes    |    Current Node    |     Objective Bounds      |     Work
 Expl Unexpl |  Obj  Depth IntInf | Incumbent    BestBd   Gap | It/Node Time

     0     0 66767.6739    0    2          - 66767.6739      -     -    0s
H    0     0                    629783.00000 66767.6739  89.4%     -    0s
H    0     0                    604045.00000 66767.6739  88.9%     -    0s
H    0     0                    555738.00000 66767.6739  88.0%     -    0s
H    0     0                    546428.00000 66767.6739  87.8%     -    0s
H    0     0                    505060.00000 66767.6739  86.8%     -    0s
     0     0 66865.4016    0    5 505060.000 66865.4016  86.8%     -    0s
     0     0 66908.1821    0    5 505060.000 66908.1821  86.8%     -    0s
H    0     0                    495797.00000 66908.1821  86.5%     -    0s
     0     0 66963.6142    0   10 495797.000 66963.6142  86.5%     -    0s
     0     0 66964.1674    0   10 495797.000 66964.1674  86.5%     -    0s
H    0     0                    477711.00000 66964.1674  86.0%     -    1s
     0     2 66988.7409    0   12 477711.000 66988.7409  86.0%     -    1s
  1713  1888 67503.0472   58    2 477711.000 67029.4636  86.0%   2.7    5s
  3192  2926 68416.0000   73   10 477711.000 67071.4019  86.0%   2.9   10s
H 3193  2780                    364835.00000 67071.4019  81.6%   2.9   10s
H 3202  2647                    335117.00000 67071.4019  80.0%   2.9   12s
  3249  2711 67119.4688   15   16 335117.000 67109.3087  80.0%   3.1   15s
  3605  2924 67857.3303   24    2 335117.000 67114.7956  80.0%   4.3   20s
  3833  3139 67366.7112   24    9 335117.000 67114.7956  80.0%   4.7   25s
  4430  3591 67643.2981   32    9 335117.000 67114.7956  80.0%   4.9   30s
  5461  4063 179196.000   88    - 335117.000 67114.7956  80.0%   4.6   35s
  6155  4671 68699.0185   57    1 335117.000 67114.7956  80.0%   4.7   40s
  7473  5116 83019.6179   72    1 335117.000 67163.9047  80.0%   4.5   45s
  8722  5997 67551.9229   28    9 335117.000 67178.1775  80.0%   4.3   50s
 10285  6792 67409.5450   24   15 335117.000 67178.1775  80.0%   4.2   56s
 11549  7515 68618.5241   70    1 335117.000 67190.1370  80.0%   4.1   60s
 11884  7829 67360.5249   23   16 335117.000 67191.6609  79.9%   4.2   65s
 12475  8253 67523.7472   25   11 335117.000 67194.7608  79.9%   4.2   70s
 13285  9004 67600.7266   28    9 335117.000 67194.7608  79.9%   4.2   77s
 14123  9730 67638.4777   30    6 335117.000 67200.1053  79.9%   4.2   82s
 14612 10186 67833.6855   29    3 335117.000 67200.1053  79.9%   4.1   85s
 15609 10854 67609.4206   28   15 335117.000 67200.1053  79.9%   4.1   90s
 16214 11138 67658.2711   31   10 335117.000 67200.1053  79.9%   4.1   95s
 16907 11980 67862.3093   30    4 335117.000 67219.2681  79.9%   4.0  101s
 18130 12795 67689.1828   33    9 335117.000 67220.5682  79.9%   4.0  107s
 18900 13706 68094.3744   52    1 335117.000 67220.5682  79.9%   4.1  111s
 19961 14327 92485.0000   80    - 335117.000 67233.0766  79.9%   4.2  115s
 21165 15549 70122.7369   75    2 335117.000 67241.0999  79.9%   4.1  121s
 22495 16457 68978.9287   64    1 335117.000 67241.0999  79.9%   4.1  125s
 23854 17576 67426.5063   23   18 335117.000 67241.0999  79.9%   4.2  130s
 24349 17908 67651.2497   34    8 335117.000 67264.4074  79.9%   4.3  135s
 24707 18271 67655.8434   35    9 335117.000 67264.4074  79.9%   4.3  140s
 25169 18747 67672.5234   36    9 335117.000 67264.4074  79.9%   4.3  145s
 25944 19234 67685.0747   37   10 335117.000 67266.3486  79.9%   4.3  150s
 26665 19795 67968.0706   33    8 335117.000 67266.3486  79.9%   4.3  155s
 27208 20273 68041.4238   34    7 335117.000 67266.3486  79.9%   4.3  160s
 28284 21045 67622.9545   26   13 335117.000 67266.3486  79.9%   4.3  165s
 29525 22667 68069.1688   42    7 335117.000 67281.7198  79.9%   4.3  175s
 31011 23288 67411.6733   23   18 335117.000 67283.7054  79.9%   4.3  183s
 32343 23889 67729.8264   28   11 335117.000 67287.7699  79.9%   4.2  185s
 32815 24912 69217.6379   58    2 335117.000 67294.7315  79.9%   4.2  190s
 34260 25781 68603.8895   39    3 335117.000 67298.8497  79.9%   4.2  195s
 35355 26691 69610.1531   72    1 335117.000 67299.5641  79.9%   4.2  203s
 36982 27236 68212.5649   47    6 335117.000 67300.7516  79.9%   4.2  211s
 37054 27734 68354.7403   48    4 335117.000 67301.8223  79.9%   4.2  219s
 37708 27911 68756.9025   40    2 335117.000 67302.8273  79.9%   4.2  220s
 37997 28815 68474.5487   49    2 335117.000 67302.8273  79.9%   4.2  227s
 39171 29709 68482.7338   50    2 335117.000 67309.9772  79.9%   4.2  234s
 39224 29717 67485.3946   28   14 335117.000 67309.9772  79.9%   4.2  235s
 40285 30984 68483.7089   51    2 335117.000 67310.2364  79.9%   4.2  242s
 41858 32193 68484.9037   52    2 335117.000 67313.5972  79.9%   4.2  251s
 43329 33630 68491.1968   53    2 335117.000 67315.2857  79.9%   4.2  260s
 44969 34942 68505.1537   54    2 335117.000 67316.7335  79.9%   4.3  267s
 46459 36409 68505.2024   55    2 335117.000 67320.8129  79.9%   4.3  277s
 48335 38192 68560.9528   56    2 335117.000 67321.6838  79.9%   4.3  285s
 50321 38447 67469.1765   30   10 335117.000 67323.8782  79.9%   4.3  305s
 50324 38449 68081.9133   58   25 335117.000 67323.8782  79.9%   4.3  312s
 50325 38450 67372.4696   16   27 335117.000 67323.8782  79.9%   4.3  315s
 50328 38452 70173.7473   68   29 335117.000 67323.8782  79.9%   4.3  324s
 50329 38452 69086.0000   66   32 335117.000 67323.8782  79.9%   4.3  328s
 50334 38456 67938.9452   44   33 335117.000 67323.8782  79.9%   4.3  332s
H50334 36533                    299072.00000 67323.8782  77.5%   4.3  338s
 50336 36534 67489.7753   25   34 299072.000 67323.8782  77.5%   4.3  342s
H50336 34707                    282073.00000 67323.8782  76.1%   4.3  346s
 50337 34708 69021.6105   52   34 282073.000 67323.8782  76.1%   4.3  353s
 50338 34708 68686.7878   49   34 282073.000 67323.8782  76.1%   4.3  357s
 50339 34709 68717.0000   71   33 282073.000 67323.8782  76.1%   4.3  362s
 50340 34710 68037.0000   42   34 282073.000 67323.8782  76.1%   4.3  366s
 50341 34710 67604.5050   30   34 282073.000 67323.8782  76.1%   4.3  370s
 50343 34712 68002.5680   40   34 282073.000 67323.8782  76.1%   4.3  375s
 50351 34725 67323.8782   23   28 282073.000 67323.8782  76.1%   4.3  380s
 50391 34760 67323.8782   25   24 282073.000 67323.8782  76.1%   4.4  385s
 50438 34928 67323.8782   27   23 282073.000 67323.8782  76.1%   4.4  390s
 50622 34931 67445.6642   30   24 282073.000 67323.8782  76.1%   4.5  400s
 50744 35016 67958.2668   34   14 282073.000 67323.8782  76.1%   4.6  405s
 50896 35187 67323.8782   33   20 282073.000 67323.8782  76.1%   4.6  411s
 51077 35231 67972.2319   37   11 282073.000 67323.8782  76.1%   4.7  415s
 51324 35394 67411.0664   35   19 282073.000 67323.8782  76.1%   4.7  420s
 51560 35667 67477.8605   36   22 282073.000 67323.8782  76.1%   4.8  426s
 51727 35656 67477.4598   37   15 282073.000 67323.8782  76.1%   4.8  430s
 51777 35699 67661.4581   39   19 282073.000 67323.8782  76.1%   4.8  435s
 51972 35889 67498.9045   39   15 282073.000 67323.8782  76.1%   4.8  440s
 52386 36126 67525.0792   41   19 282073.000 67323.8782  76.1%   4.8  446s
 52807 36341 67643.6346   43   17 282073.000 67323.8782  76.1%   4.8  452s
 53126 36449 68618.1742   59    5 282073.000 67323.8782  76.1%   4.9  455s
 53455 36722 67820.8145   48   11 282073.000 67323.8782  76.1%   4.9  460s
 53924 36996 68158.9831   51    8 282073.000 67323.8782  76.1%   4.9  466s
 54452 37342 68229.7227   55   10 282073.000 67323.8782  76.1%   4.9  472s
 54774 37531 68440.5293   57   10 282073.000 67323.8782  76.1%   4.9  475s
 55380 37871 68690.7560   64    5 282073.000 67323.8782  76.1%   4.9  483s
 55814 38076 69218.6846   72    6 282073.000 67323.8782  76.1%   4.9  488s
 56211 38409 70106.6935   83    3 282073.000 67323.8782  76.1%   5.0  493s
 56607 38324 68349.7542   63    4 282073.000 67323.8782  76.1%   5.0  495s
 57150 38636 68514.1240   64    8 282073.000 67323.8782  76.1%   5.0  500s
 57999 39323 67643.5913   42   13 282073.000 67323.8782  76.1%   5.0  510s
 58579 39772 68119.5181   52    8 282073.000 67323.8782  76.1%   5.0  516s
 59329 40110 69951.6793   82    3 282073.000 67323.8782  76.1%   5.0  523s
 60223 40394 67336.9402   32   23 282073.000 67323.8782  76.1%   5.0  529s
 60266 40388 69404.5394   79    2 282073.000 67323.8782  76.1%   5.0  530s
 60826 40471 67478.1625   37   19 282073.000 67323.8782  76.1%   5.0  537s
 61039 40789 67603.1615   38   18 282073.000 67323.8782  76.1%   5.0  545s
 61570 41190 68092.2459   51    9 282073.000 67323.8782  76.1%   5.1  552s
 62177 41474 71290.4060   94    2 282073.000 67323.8782  76.1%   5.1  559s
 62662 41364 68073.9963   51    4 282073.000 67323.8782  76.1%   5.1  562s
 62723 42052 67445.4316   35   18 282073.000 67323.8782  76.1%   5.1  567s
 63546 41894 68561.4592   59    3 282073.000 67323.8782  76.1%   5.1  570s
 63731 41901 68216.8960   46    4 282073.000 67323.8782  76.1%   5.1  577s
 63763 42025 68218.7882   46    7 282073.000 67323.8782  76.1%   5.1  586s
 63902 42032 68048.5489   45    6 282073.000 67323.8782  76.1%   5.2  594s
 63905 42031 69322.6746   66    3 282073.000 67323.8782  76.1%   5.2  595s
 63973 42050 68336.3035   46    3 282073.000 67323.8782  76.1%   5.2  600s

Cutting planes:
  Cover: 3
  MIR: 13
  StrongCG: 2
  Flow cover: 3

Explored 64005 nodes (330422 simplex iterations) in 602.66 seconds (235.05 work units)
Thread count was 32 (of 32 available processors)

Solution count 10: 282073 299072 335117 ... 629783

Time limit reached
Best objective 2.820730000000e+05, best bound 6.732387818160e+04, gap 76.1325%

User-callback calls 184373, time in user-callback 190.67 sec
