
Gurobi 13.0.2 (win64) logging started Wed Jul 15 20:49:01 2026

Set parameter LogFile to value "logs/kstar_nI40_nJ20_nK100_nL10_tI4_tJ4_s2_m0_exact_s0_20260715-204901.gurobi.log"
Set parameter Seed to value 0
Set parameter TimeLimit to value 599.9641137
Set parameter NodefileStart to value 4
Set parameter MIPGap to value 0
Set parameter MIPGapAbs to value 0.9999
Set parameter Cutoff to value 1e+100
Gurobi Optimizer version 13.0.2 build v13.0.2rc1 (win64 - Windows 11+.0 (26200.2))

CPU model: Intel(R) Core(TM) i9-14900HX, instruction set [SSE2|AVX|AVX2]
Thread count: 24 physical cores, 32 logical processors, using up to 32 threads

Non-default parameters:
TimeLimit  599.9641137
MIPGap  0
MIPGapAbs  0.9999
NodefileStart  4

Optimize a model with 1800 rows, 28060 columns and 76600 nonzeros (Min)
Model fingerprint: 0xc6fb9078
Model has 28060 linear objective coefficients
Variable types: 28000 continuous, 60 integer (60 binary)
Coefficient statistics:
  Matrix range     [1e+00, 1e+03]
  Objective range  [1e+00, 5e+02]
  Bounds range     [1e+00, 1e+00]
  RHS range        [5e+00, 2e+01]

Using branch priorities.
Found heuristic solution: objective 1307507.0000
Presolve time: 0.06s
Presolved: 1800 rows, 28060 columns, 76600 nonzeros
Variable types: 28000 continuous, 60 integer (60 binary)

Root relaxation: objective 1.054094e+05, 1427 iterations, 0.00 seconds (0.01 work units)

    Nodes    |    Current Node    |     Objective Bounds      |     Work
 Expl Unexpl |  Obj  Depth IntInf | Incumbent    BestBd   Gap | It/Node Time

     0     0 105409.409    0   58 1307507.00 105409.409  91.9%     -    0s
H    0     0                    118299.74755 105409.409  10.9%     -    0s
H    0     0                    117928.00000 105409.409  10.6%     -    0s
     0     0 109267.693    0   39 117928.000 109267.693  7.34%     -    0s
H    0     0                    116959.00000 109411.446  6.45%     -    0s
     0     0 109411.446    0   39 116959.000 109411.446  6.45%     -    0s
     0     0 115592.221    0   29 116959.000 115592.221  1.17%     -    0s
     0     0 115609.058    0   29 116959.000 115609.058  1.15%     -    0s
     0     0 115609.058    0   29 116959.000 115609.058  1.15%     -    0s
H    0     0                    116510.00000 116181.861  0.28%     -    0s
     0     0 116187.984    0   11 116510.000 116187.984  0.28%     -    0s
H    0     0                    116496.00000 116194.289  0.26%     -    0s
H    0     0                    116248.00000 116225.612  0.02%     -    0s
     0     0 116241.434    0    3 116248.000 116241.434  0.01%     -    0s
     0     0 116241.818    0    2 116248.000 116241.818  0.01%     -    0s
     0     0 116243.838    0    2 116248.000 116243.838  0.00%     -    0s
     0     0     cutoff    0      116248.000 116248.000  0.00%     -    0s

Cutting planes:
  Implied bound: 853
  MIR: 102
  Flow cover: 168
  Relax-and-lift: 9

Explored 1 nodes (2158 simplex iterations) in 0.47 seconds (0.46 work units)
Thread count was 32 (of 32 available processors)

Solution count 6: 116248 116496 116959 ... 1.30751e+06

Optimal solution found (tolerance 0.00e+00)
Best objective 1.162480000000e+05, best bound 1.162480000000e+05, gap 0.0000%
