
Gurobi 13.0.2 (win64) logging started Fri Jul 17 11:28:14 2026

Set parameter LogFile to value "logs/kstar_nI40_nJ40_nK100_nL10_tI3_tJ3_s3_m1_exact_s0_20260717-112814.gurobi.log"
Set parameter Seed to value 0
Set parameter TimeLimit to value 599.9331291
Set parameter MIPGap to value 0
Set parameter MIPGapAbs to value 0.5
Set parameter Cutoff to value 1e+100
Gurobi Optimizer version 13.0.2 build v13.0.2rc1 (win64 - Windows 11+.0 (26200.2))

CPU model: Intel(R) Core(TM) i9-14900HX, instruction set [SSE2|AVX|AVX2]
Thread count: 24 physical cores, 32 logical processors, using up to 32 threads

Non-default parameters:
TimeLimit  599.9331291
MIPGap  0
MIPGapAbs  0.5
PreCrush  1
LazyConstraints  1

Optimize a model with 20 rows, 90 columns and 800 nonzeros (Min)
Model fingerprint: 0x6beffada
Model has 90 linear objective coefficients
Variable types: 10 continuous, 80 integer (80 binary)
Coefficient statistics:
  Matrix range     [1e+01, 1e+03]
  Objective range  [1e+00, 5e+02]
  Bounds range     [1e+00, 8e+03]
  RHS range        [1e+03, 1e+03]

Using branch priorities.
Presolve removed 4 rows and 0 columns
Presolve time: 0.00s
Presolved: 16 rows, 90 columns, 640 nonzeros
Variable types: 10 continuous, 80 integer (80 binary)

Root relaxation: objective 6.573469e+04, 7 iterations, 0.00 seconds (0.00 work units)

    Nodes    |    Current Node    |     Objective Bounds      |     Work
 Expl Unexpl |  Obj  Depth IntInf | Incumbent    BestBd   Gap | It/Node Time

     0     0 65734.6938    0    2          - 65734.6938      -     -    0s
H    0     0                    769793.00000 65734.6938  91.5%     -    0s
H    0     0                    647649.00000 65734.6938  89.9%     -    0s
H    0     0                    581342.00000 65734.6938  88.7%     -    0s
     0     0 65875.5582    0    9 581342.000 65875.5582  88.7%     -    0s
     0     0 65919.9986    0    8 581342.000 65919.9986  88.7%     -    0s
H    0     0                    474892.00000 65934.8186  86.1%     -    0s
     0     0 65965.1176    0   12 474892.000 65965.1176  86.1%     -    1s
     0     0 65971.9775    0   12 474892.000 65971.9775  86.1%     -    1s
H    0     0                    405634.00000 65971.9775  83.7%     -    1s
     0     2 65977.8272    0   14 405634.000 65977.8272  83.7%     -    1s
  1373  1388 66549.0447   35    4 405634.000 66052.2498  83.7%   3.1    5s
  2984  2986 66475.6821   19    6 405634.000 66060.5922  83.7%   2.9   10s
H 3320  2882                    348049.00000 66060.5922  81.0%   2.8   12s
H 3322  2739                    311043.00000 66060.5922  78.8%   2.8   14s
H 3326  2604                    298659.00000 66060.5922  77.9%   2.8   15s
  3577  2804 66209.9686   18   17 298659.000 66117.1111  77.9%   3.7   20s
  3845  3008 66440.6406   20   16 298659.000 66117.1111  77.9%   4.4   25s
  4187  3251 66443.4757   23   13 298659.000 66117.1111  77.9%   4.7   31s
  4701  3584 66823.7381   30   11 298659.000 66117.1111  77.9%   4.9   35s
  5409  4061 66787.4763   33    5 298659.000 66146.5995  77.9%   4.9   40s
  6398  4628 66739.0984   39    6 298659.000 66151.6393  77.9%   4.8   45s
  7494  5240 66824.9368   53    6 298659.000 66151.6393  77.9%   4.6   50s
  8851  6141 68021.3322   68    3 298659.000 66183.6426  77.8%   4.4   55s
  9947  6540 86692.0000   83    - 298659.000 66252.0402  77.8%   4.3   60s
 11251  7376 67689.3258   37    1 298659.000 66252.0402  77.8%   4.4   65s
 12439  8372 69993.5432   61    4 298659.000 66252.4883  77.8%   4.4   70s
 12948  8541 66500.9202   28   13 298659.000 66304.4315  77.8%   4.4   75s
 13577  9319 66704.9688   32   10 298659.000 66304.4315  77.8%   4.3   81s
 14392  9935 66399.7585   22   18 298659.000 66313.2173  77.8%   4.3   86s
 14956 10487 67274.6434   38    3 298659.000 66313.2173  77.8%   4.4   91s
 15940 11395 66367.5516   27   13 298659.000 66314.3249  77.8%   4.4   96s
 16478 11544 66774.6990   34   12 298659.000 66314.3249  77.8%   4.4  100s
 16984 11939 66869.6732   30    8 298659.000 66314.3249  77.8%   4.4  105s
 17251 12452 66793.9265   37   10 298659.000 66314.3249  77.8%   4.4  110s
 18305 13609 66738.8947   25   15 298659.000 66314.3249  77.8%   4.4  116s
 19064 14266 67262.2336   47    3 298659.000 66314.3249  77.8%   4.3  120s
 20627 15066 67189.1556   47    5 298659.000 66344.8146  77.8%   4.3  126s
 20691 15172 67189.8952   48    4 298659.000 66344.8146  77.8%   4.3  130s
 20822 15530 67337.2153   49    5 298659.000 66344.8146  77.8%   4.3  135s
 21766 16734 67376.5843   51    4 298659.000 66348.4620  77.8%   4.4  143s
 22978 17462 67406.2760   52    4 298659.000 66348.4620  77.8%   4.3  149s
 23760 18386 66816.0607   23   14 298659.000 66348.4620  77.8%   4.2  153s
 24884 19463 68874.0199   79    1 298659.000 66372.3915  77.8%   4.2  157s
 26203 20514 67067.3062   39    9 298659.000 66372.3915  77.8%   4.2  162s
 27313 21503 80259.0000   88    - 298659.000 66372.3915  77.8%   4.2  169s
 28442 22612 66794.6119   32   12 298659.000 66375.9999  77.8%   4.2  173s
 29752 23756 66684.0274   33    9 298659.000 66375.9999  77.8%   4.2  179s
 30811 23911 67395.2960   53    3 298659.000 66375.9999  77.8%   4.2  180s
 31687 25066 66966.7501   25    9 298659.000 66397.0889  77.8%   4.2  185s
 32538 25366 66708.9372   32   16 298659.000 66397.0889  77.8%   4.1  191s
 32805 26224 66739.4759   33   14 298659.000 66397.0889  77.8%   4.1  198s
 33854 26392 67770.9135   49    1 298659.000 66397.0889  77.8%   4.1  200s
 34070 27664 66950.0332   34   13 298659.000 66397.0889  77.8%   4.1  205s
 35759 29002 66958.2290   35   13 298659.000 66410.2960  77.8%   4.1  213s
 37554 30586 66982.4598   36   13 298659.000 66417.1406  77.8%   4.1  220s
 39547 32304 66982.6372   37   13 298659.000 66431.6514  77.8%   4.1  227s
 41427 34040 66983.8518   38   11 298659.000 66434.9414  77.8%   4.1  235s
 43439 35454 67027.9012   39   13 298659.000 66434.9414  77.8%   4.1  243s
 45022 36737 67060.5592   40   10 298659.000 66435.0320  77.8%   4.1  251s
 47070 38564 66784.4907   33   10 298659.000 66440.1617  77.8%   4.1  259s
 47222 38576 67066.3170   29    4 298659.000 66440.1617  77.8%   4.1  260s
 49300 40573 67733.8327   58    2 298659.000 66440.1617  77.8%   4.1  268s
 51427 42092 67286.6344   47   10 298659.000 66440.1617  77.8%   4.1  276s
 53319 43306 67126.4763   31    9 298659.000 66455.5140  77.7%   4.2  286s
 55917 45999 66514.2647   28   19 298659.000 66459.8510  77.7%   4.1  296s
 58532 48001 66852.0444   23   15 298659.000 66465.9342  77.7%   4.1  306s
 60695 50582 67080.7657   22    8 298659.000 66470.7279  77.7%   4.1  315s
 63643 52979 90309.0000   79    - 298659.000 66474.6832  77.7%   4.1  326s
 66525 55286 104997.726   79    1 298659.000 66478.6534  77.7%   4.1  337s
 68515 55531 68344.2362   69    4 298659.000 66480.4870  77.7%   4.1  340s
 69068 55606 66636.3210   23   12 298659.000 66482.3404  77.7%   4.1  366s
 69071 55608 66606.2155   20   24 298659.000 66482.3404  77.7%   4.1  372s
 69072 55609 67658.8453   44   25 298659.000 66482.3404  77.7%   4.1  375s
 69074 55610 66612.0262   22   24 298659.000 66482.3404  77.7%   4.1  384s
 69075 55611 67671.1007   51   28 298659.000 66482.3404  77.7%   4.1  390s
H69078 52832                    245819.00000 66482.3404  73.0%   4.1  399s
 69080 52833 66782.5717   35   30 245819.000 66482.3404  73.0%   4.1  400s
 69084 52836 68636.0000   74   27 245819.000 66482.3404  73.0%   4.1  410s
 69086 52837 67165.3335   61   29 245819.000 66482.3404  73.0%   4.1  419s
 69089 52839 69493.0000   86   29 245819.000 66482.3404  73.0%   4.1  420s
 69092 52841 67014.9318   27   24 245819.000 66482.3404  73.0%   4.1  428s
 69093 52842 68600.0000   50   26 245819.000 66482.3404  73.0%   4.1  431s
 69094 52842 69783.9373   71   24 245819.000 66482.3404  73.0%   4.1  435s
 69096 52844 67563.5035   47   26 245819.000 66482.3404  73.0%   4.1  442s
 69097 52844 71762.8192   69   26 245819.000 66482.3404  73.0%   4.1  445s
 69105 52859 66482.3404   23   22 245819.000 66482.3404  73.0%   4.2  450s
 69129 52899 66482.3404   25   21 245819.000 66482.3404  73.0%   4.2  456s
 69161 52920 66482.3404   26   22 245819.000 66482.3404  73.0%   4.2  460s
 69193 53030 66482.3404   27   23 245819.000 66482.3404  73.0%   4.2  465s
 69314 53022 66482.3404   28   23 245819.000 66482.3404  73.0%   4.2  471s
 69346 53052 66482.3404   29   24 245819.000 66482.3404  73.0%   4.3  479s
 69387 53176 66482.3404   30   25 245819.000 66482.3404  73.0%   4.3  483s
 69524 53245 66482.3404   31   26 245819.000 66482.3404  73.0%   4.3  486s
 69750 53331 66545.5798   33   22 245819.000 66482.3404  73.0%   4.4  492s
 69800 53395 66690.5559   33   17 245819.000 66482.3404  73.0%   4.4  495s
 69921 53435 66730.7151   34   17 245819.000 66482.3404  73.0%   4.4  503s
 69968 53538 66597.1275   35   19 245819.000 66482.3404  73.0%   4.4  506s
 70092 53589 66547.7747   35   22 245819.000 66482.3404  73.0%   4.4  510s
 70328 53792 66704.3383   37   21 245819.000 66482.3404  73.0%   4.4  515s
 70665 53976 66756.1448   38   20 245819.000 66482.3404  73.0%   4.4  520s
 70962 54017 124800.000   94    - 245819.000 66482.3404  73.0%   4.4  525s
 71101 54156 66868.8482   40   18 245819.000 66482.3404  73.0%   4.4  531s
 71359 54239 66482.3404   28   19 245819.000 66482.3404  73.0%   4.5  535s
 71560 54472 67104.1792   42   13 245819.000 66482.3404  73.0%   4.5  541s
 71926 54573 66495.2987   31   15 245819.000 66482.3404  73.0%   4.5  545s
 72193 54912 67379.7479   48    9 245819.000 66482.3404  73.0%   4.5  550s
 72703 55236 67674.0308   52    8 245819.000 66482.3404  73.0%   4.5  556s
 73008 55375 67926.4448   54    5 245819.000 66482.3404  73.0%   4.5  560s
 73583 55717 68081.2528   59    2 245819.000 66482.3404  73.0%   4.5  567s
 73878 56102 68675.6492   66    3 245819.000 66482.3404  73.0%   4.6  572s
 74498 56477 69640.6027   76    1 245819.000 66482.3404  73.0%   4.6  578s
 75218 56647 69977.9063   87    1 245819.000 66482.3404  73.0%   4.5  584s
 75301 56639 68940.4972   75    2 245819.000 66482.3404  73.0%   4.5  585s
 75826 57040 66753.7114   30   12 245819.000 66482.3404  73.0%   4.5  591s
 76411 57349 67346.1207   37    1 245819.000 66482.3404  73.0%   4.6  597s

Cutting planes:
  Gomory: 3
  Cover: 1
  MIR: 12
  RLT: 1

Explored 77130 nodes (352086 simplex iterations) in 600.83 seconds (236.17 work units)
Thread count was 32 (of 32 available processors)

Solution count 9: 245819 298659 311043 ... 769793

Time limit reached
Best objective 2.458190000000e+05, best bound 6.648234042657e+04, gap 72.9548%

User-callback calls 208724, time in user-callback 195.60 sec
