
Gurobi 13.0.2 (win64) logging started Wed Jul 15 20:47:59 2026

Set parameter LogFile to value "logs/kstar_nI20_nJ40_nK100_nL5_tI3_tJ3_s4_m0_exact_s0_20260715-204759.gurobi.log"
Set parameter Seed to value 0
Set parameter TimeLimit to value 599.9703383
Set parameter NodefileStart to value 4
Set parameter MIPGap to value 0
Set parameter MIPGapAbs to value 0.9999
Set parameter Cutoff to value 1e+100
Gurobi Optimizer version 13.0.2 build v13.0.2rc1 (win64 - Windows 11+.0 (26200.2))

CPU model: Intel(R) Core(TM) i9-14900HX, instruction set [SSE2|AVX|AVX2]
Thread count: 24 physical cores, 32 logical processors, using up to 32 threads

Non-default parameters:
TimeLimit  599.9703383
MIPGap  0
MIPGapAbs  0.9999
NodefileStart  4

Optimize a model with 1000 rows, 24060 columns and 68300 nonzeros (Min)
Model fingerprint: 0x26536a37
Model has 24060 linear objective coefficients
Variable types: 24000 continuous, 60 integer (60 binary)
Coefficient statistics:
  Matrix range     [1e+00, 1e+03]
  Objective range  [1e+00, 5e+02]
  Bounds range     [1e+00, 1e+00]
  RHS range        [5e+00, 2e+01]

Using branch priorities.
Found heuristic solution: objective 666164.00000
Presolve time: 0.05s
Presolved: 1000 rows, 24060 columns, 68300 nonzeros
Variable types: 24000 continuous, 60 integer (60 binary)

Root relaxation: objective 4.599721e+04, 1070 iterations, 0.01 seconds (0.01 work units)

    Nodes    |    Current Node    |     Objective Bounds      |     Work
 Expl Unexpl |  Obj  Depth IntInf | Incumbent    BestBd   Gap | It/Node Time

     0     0 45997.2124    0   58 666164.000 45997.2124  93.1%     -    0s
H    0     0                    60247.264738 45997.2124  23.7%     -    0s
H    0     0                    60246.117009 45997.2124  23.7%     -    0s
H    0     0                    60218.008006 45997.2124  23.6%     -    0s
H    0     0                    60199.026726 56418.3605  6.28%     -    0s
     0     0 56418.3605    0   31 60199.0267 56418.3605  6.28%     -    0s
H    0     0                    59355.000000 56449.8045  4.89%     -    0s
     0     0 56461.4268    0   30 59355.0000 56461.4268  4.88%     -    0s
     0     0 56481.5191    0   30 59355.0000 56481.5191  4.84%     -    0s
     0     0 56481.5191    0   30 59355.0000 56481.5191  4.84%     -    0s
     0     0 57857.2179    0   21 59355.0000 57857.2179  2.52%     -    0s
H    0     0                    59129.000000 57863.4260  2.14%     -    0s
H    0     0                    59122.000000 57863.4260  2.13%     -    0s
H    0     0                    59010.000000 57863.4260  1.94%     -    0s
     0     0 58133.9220    0   22 59010.0000 58133.9220  1.48%     -    0s
     0     0 58177.5778    0   21 59010.0000 58177.5778  1.41%     -    0s
     0     0 58179.8890    0   21 59010.0000 58179.8890  1.41%     -    0s
     0     0 58384.3266    0   18 59010.0000 58384.3266  1.06%     -    0s
H    0     0                    58781.000000 58390.6424  0.66%     -    0s
H    0     0                    58770.000000 58390.6424  0.65%     -    0s
H    0     0                    58737.000000 58390.6424  0.59%     -    0s
     0     0 58435.1816    0   18 58737.0000 58435.1816  0.51%     -    0s
     0     0 58448.0443    0   14 58737.0000 58448.0443  0.49%     -    0s
     0     0 58448.4105    0   18 58737.0000 58448.4105  0.49%     -    0s
     0     0 58493.8933    0   14 58737.0000 58493.8933  0.41%     -    0s
     0     0 58514.5693    0   19 58737.0000 58514.5693  0.38%     -    0s
     0     0 58515.5000    0   10 58737.0000 58515.5000  0.38%     -    0s
     0     0 58518.0000    0   10 58737.0000 58518.0000  0.37%     -    0s
H    0     0                    58706.000000 58518.0000  0.32%     -    0s
H    0     0                    58636.000000 58518.0000  0.20%     -    0s
     0     0 58518.0000    0   10 58636.0000 58518.0000  0.20%     -    0s
     0     0 58518.0000    0   10 58636.0000 58518.0000  0.20%     -    0s
     0     2 58518.0000    0   10 58636.0000 58518.0000  0.20%     -    0s
*   15     3               4    58569.000000 58569.0000  0.00%  17.1    0s

Cutting planes:
  Implied bound: 427
  MIR: 62
  Flow cover: 142
  Relax-and-lift: 16

Explored 22 nodes (2769 simplex iterations) in 0.91 seconds (0.81 work units)
Thread count was 32 (of 32 available processors)

Solution count 10: 58569 58636 58706 ... 60199

Optimal solution found (tolerance 0.00e+00)
Best objective 5.856900000000e+04, best bound 5.856900000000e+04, gap 0.0000%
