
Gurobi 13.0.2 (win64) logging started Wed Jul 15 20:48:34 2026

Set parameter LogFile to value "logs/kstar_nI20_nJ40_nK50_nL5_tI2_tJ2_s5_m0_exact_s0_20260715-204834.gurobi.log"
Set parameter Seed to value 0
Set parameter TimeLimit to value 599.9816718
Set parameter NodefileStart to value 4
Set parameter MIPGap to value 0
Set parameter MIPGapAbs to value 0.9999
Set parameter Cutoff to value 1e+100
Gurobi Optimizer version 13.0.2 build v13.0.2rc1 (win64 - Windows 11+.0 (26200.2))

CPU model: Intel(R) Core(TM) i9-14900HX, instruction set [SSE2|AVX|AVX2]
Thread count: 24 physical cores, 32 logical processors, using up to 32 threads

Non-default parameters:
TimeLimit  599.9816718
MIPGap  0
MIPGapAbs  0.9999
NodefileStart  4

Optimize a model with 750 rows, 14060 columns and 38300 nonzeros (Min)
Model fingerprint: 0xe2de0a5a
Model has 14060 linear objective coefficients
Variable types: 14000 continuous, 60 integer (60 binary)
Coefficient statistics:
  Matrix range     [1e+00, 6e+02]
  Objective range  [1e+00, 5e+02]
  Bounds range     [1e+00, 1e+00]
  RHS range        [5e+00, 2e+01]

Using branch priorities.
Found heuristic solution: objective 331047.00000
Presolve time: 0.02s
Presolved: 750 rows, 14060 columns, 38300 nonzeros
Variable types: 14000 continuous, 60 integer (60 binary)

Root relaxation: objective 2.332547e+04, 734 iterations, 0.00 seconds (0.01 work units)

    Nodes    |    Current Node    |     Objective Bounds      |     Work
 Expl Unexpl |  Obj  Depth IntInf | Incumbent    BestBd   Gap | It/Node Time

     0     0 23325.4664    0   60 331047.000 23325.4664  93.0%     -    0s
H    0     0                    39468.424125 23325.4664  40.9%     -    0s
H    0     0                    39367.261610 23325.4664  40.7%     -    0s
H    0     0                    39352.991335 23325.4664  40.7%     -    0s
H    0     0                    39207.001735 31531.3916  19.6%     -    0s
H    0     0                    38723.000000 31531.3916  18.6%     -    0s
     0     0 31531.3916    0   49 38723.0000 31531.3916  18.6%     -    0s
H    0     0                    37539.000000 31541.1647  16.0%     -    0s
H    0     0                    37533.000000 31541.1647  16.0%     -    0s
H    0     0                    37016.000000 31541.1647  14.8%     -    0s
H    0     0                    36923.000000 31541.1647  14.6%     -    0s
     0     0 31575.4852    0   48 36923.0000 31575.4852  14.5%     -    0s
     0     0 31575.7071    0   48 36923.0000 31575.7071  14.5%     -    0s
H    0     0                    36794.000000 33341.9539  9.38%     -    0s
H    0     0                    36793.000000 33341.9539  9.38%     -    0s
H    0     0                    36596.000000 33341.9539  8.89%     -    0s
     0     0 33341.9539    0   53 36596.0000 33341.9539  8.89%     -    0s
     0     0 33686.3071    0   52 36596.0000 33686.3071  7.95%     -    0s
     0     0 33781.1229    0   51 36596.0000 33781.1229  7.69%     -    0s
     0     0 33801.9392    0   51 36596.0000 33801.9392  7.63%     -    0s
     0     0 33811.0647    0   51 36596.0000 33811.0647  7.61%     -    0s
     0     0 33811.1399    0   51 36596.0000 33811.1399  7.61%     -    0s
     0     0 34193.1488    0   49 36596.0000 34193.1488  6.57%     -    0s
H    0     0                    35311.000000 34268.0902  2.95%     -    0s
     0     0 34268.0902    0   48 35311.0000 34268.0902  2.95%     -    0s
     0     0 34316.5349    0   45 35311.0000 34316.5349  2.82%     -    0s
     0     0 34347.0671    0   54 35311.0000 34347.0671  2.73%     -    0s
     0     0 34358.0289    0   54 35311.0000 34358.0289  2.70%     -    0s
     0     0 34360.1846    0   45 35311.0000 34360.1846  2.69%     -    0s
     0     0 34401.3870    0   55 35311.0000 34401.3870  2.58%     -    0s
     0     0 34413.6114    0   45 35311.0000 34413.6114  2.54%     -    0s
     0     0 34415.2237    0   45 35311.0000 34415.2237  2.54%     -    0s
     0     0 34431.0368    0   45 35311.0000 34431.0368  2.49%     -    0s
H    0     0                    35299.000000 34432.6634  2.45%     -    0s
     0     0 34434.0124    0   44 35299.0000 34434.0124  2.45%     -    0s
     0     0 34443.6692    0   46 35299.0000 34443.6692  2.42%     -    0s
     0     0 34443.9253    0   46 35299.0000 34443.9253  2.42%     -    0s
     0     0 34443.9253    0   46 35299.0000 34443.9253  2.42%     -    0s
     0     2 34445.3394    0   46 35299.0000 34445.3394  2.42%     -    0s
H    9    14                    35051.000000 34525.8890  1.50%   114    0s
H   11    14                    34653.000000 34526.4692  0.37%   113    0s

Cutting planes:
  Implied bound: 300
  MIR: 68
  Flow cover: 213
  Relax-and-lift: 21

Explored 36 nodes (4901 simplex iterations) in 0.67 seconds (0.79 work units)
Thread count was 32 (of 32 available processors)

Solution count 10: 34653 35051 35299 ... 39207

Optimal solution found (tolerance 0.00e+00)
Best objective 3.465300000000e+04, best bound 3.465300000000e+04, gap 0.0000%
