
Gurobi 13.0.2 (win64) logging started Sat Jul 11 02:07:51 2026

Set parameter LogFile to value "logs/kstar_nI20_nJ20_nK100_nL5_tI3_tJ3_s2_m0_exact_s0_20260711-020751.gurobi.log"
Set parameter Seed to value 0
Set parameter TimeLimit to value 599.9833575
Set parameter NodefileStart to value 4
Set parameter MIPGap to value 0
Set parameter MIPGapAbs to value 0.9999
Set parameter Cutoff to value 1e+100
Gurobi Optimizer version 13.0.2 build v13.0.2rc1 (win64 - Windows 11+.0 (26200.2))

CPU model: Intel(R) Core(TM) i9-14900HX, instruction set [SSE2|AVX|AVX2]
Thread count: 24 physical cores, 32 logical processors, using up to 32 threads

Non-default parameters:
TimeLimit  599.9833575
MIPGap  0
MIPGapAbs  0.9999
NodefileStart  4

Optimize a model with 800 rows, 12040 columns and 34200 nonzeros (Min)
Model fingerprint: 0xe94792ed
Model has 12040 linear objective coefficients
Variable types: 12000 continuous, 40 integer (40 binary)
Coefficient statistics:
  Matrix range     [1e+00, 1e+03]
  Objective range  [1e+00, 5e+02]
  Bounds range     [1e+00, 1e+00]
  RHS range        [5e+00, 2e+01]

Using branch priorities.
Found heuristic solution: objective 649522.00000
Presolve time: 0.03s
Presolved: 800 rows, 12040 columns, 34200 nonzeros
Variable types: 12000 continuous, 40 integer (40 binary)

Root relaxation: objective 5.799317e+04, 734 iterations, 0.00 seconds (0.00 work units)

    Nodes    |    Current Node    |     Objective Bounds      |     Work
 Expl Unexpl |  Obj  Depth IntInf | Incumbent    BestBd   Gap | It/Node Time

     0     0 57993.1723    0   40 649522.000 57993.1723  91.1%     -    0s
H    0     0                    66402.689902 57993.1723  12.7%     -    0s
H    0     0                    66320.166687 57993.1723  12.6%     -    0s
     0     0 64493.1491    0   12 66320.1667 64493.1491  2.75%     -    0s
     0     0 64607.0456    0   11 66320.1667 64607.0456  2.58%     -    0s
     0     0 65726.2249    0   11 66320.1667 65726.2249  0.90%     -    0s
H    0     0                    66308.948598 65781.7041  0.80%     -    0s
     0     0 65781.7041    0    9 66308.9486 65781.7041  0.80%     -    0s
     0     0 65787.0939    0    8 66308.9486 65787.0939  0.79%     -    0s
     0     0 65946.4526    0    4 66308.9486 65946.4526  0.55%     -    0s
     0     0 65954.0806    0    2 66308.9486 65954.0806  0.54%     -    0s
     0     0 65954.0806    0    2 66308.9486 65954.0806  0.54%     -    0s
H    0     0                    66297.668989 65954.0806  0.52%     -    0s
H    0     0                    66238.350000 65954.0806  0.43%     -    0s
H    0     0                    66013.000000 65954.0806  0.09%     -    0s
     0     0     cutoff    0      66013.0000 66013.0000  0.00%     -    0s

Cutting planes:
  Implied bound: 409
  MIR: 37
  Flow cover: 123
  Relax-and-lift: 8

Explored 1 nodes (1169 simplex iterations) in 0.21 seconds (0.23 work units)
Thread count was 32 (of 32 available processors)

Solution count 3: 66013 66238.4 66308.9 

Optimal solution found (tolerance 0.00e+00)
Best objective 6.601300000000e+04, best bound 6.601300000000e+04, gap 0.0000%
