
Gurobi 13.0.2 (win64) logging started Fri Jul 17 11:48:17 2026

Set parameter LogFile to value "logs/kstar_nI40_nJ40_nK100_nL10_tI3_tJ3_s5_m1_exact_s0_20260717-114817.gurobi.log"
Set parameter Seed to value 0
Set parameter TimeLimit to value 599.9287334
Set parameter MIPGap to value 0
Set parameter MIPGapAbs to value 0.5
Set parameter Cutoff to value 1e+100
Gurobi Optimizer version 13.0.2 build v13.0.2rc1 (win64 - Windows 11+.0 (26200.2))

CPU model: Intel(R) Core(TM) i9-14900HX, instruction set [SSE2|AVX|AVX2]
Thread count: 24 physical cores, 32 logical processors, using up to 32 threads

Non-default parameters:
TimeLimit  599.9287334
MIPGap  0
MIPGapAbs  0.5
PreCrush  1
LazyConstraints  1

Optimize a model with 20 rows, 90 columns and 800 nonzeros (Min)
Model fingerprint: 0xfc856b03
Model has 90 linear objective coefficients
Variable types: 10 continuous, 80 integer (80 binary)
Coefficient statistics:
  Matrix range     [4e+00, 1e+03]
  Objective range  [1e+00, 5e+02]
  Bounds range     [1e+00, 7e+03]
  RHS range        [1e+03, 1e+03]

Using branch priorities.
Presolve removed 5 rows and 0 columns
Presolve time: 0.00s
Presolved: 15 rows, 90 columns, 600 nonzeros
Variable types: 10 continuous, 80 integer (80 binary)

Root relaxation: objective 6.487402e+04, 6 iterations, 0.00 seconds (0.00 work units)

    Nodes    |    Current Node    |     Objective Bounds      |     Work
 Expl Unexpl |  Obj  Depth IntInf | Incumbent    BestBd   Gap | It/Node Time

     0     0 64874.0203    0    3          - 64874.0203      -     -    0s
H    0     0                    679294.00000 64874.0203  90.4%     -    0s
H    0     0                    621424.00000 64874.0203  89.6%     -    0s
H    0     0                    601818.00000 64874.0203  89.2%     -    0s
H    0     0                    552657.00000 64874.0203  88.3%     -    0s
     0     0 64962.7936    0    6 552657.000 64962.7936  88.2%     -    0s
     0     0 65012.0043    0    8 552657.000 65012.0043  88.2%     -    0s
H    0     0                    477029.00000 65014.6301  86.4%     -    0s
     0     0 65044.0447    0   10 477029.000 65044.0447  86.4%     -    0s
     0     0 65044.6458    0   10 477029.000 65044.6458  86.4%     -    0s
     0     2 65048.3487    0   12 477029.000 65048.3487  86.4%     -    1s
  1945  1937 65883.0000   75    - 477029.000 65075.2368  86.4%   2.8    5s
  3346  3232 109050.051   74    2 477029.000 65099.7209  86.4%   2.8   10s
H 3665  3136                    390748.00000 65106.0619  83.3%   2.8   12s
H 3672  2983                    323651.00000 65114.5103  79.9%   2.8   14s
  3680  2989 65624.1139   24   21 323651.000 65119.5207  79.9%   2.8   15s
  3963  3210 65297.2786   20   18 323651.000 65211.0584  79.9%   4.0   21s
  4307  3505 65443.6179   23   16 323651.000 65211.0584  79.9%   4.6   25s
  4827  3828 65519.3532   27    9 323651.000 65211.0584  79.9%   4.9   30s
  5748  4392 65624.8085   35    9 323651.000 65230.2978  79.8%   4.8   35s
  6591  4926 65923.2464   46    5 323651.000 65232.1502  79.8%   4.9   40s
  7722  5567 67083.5326   62    3 323651.000 65270.5979  79.8%   4.8   45s
  9033  6183 67347.6695   82    1 323651.000 65283.9987  79.8%   4.6   51s
  9923  6736 65479.4883   26   13 323651.000 65296.7829  79.8%   4.6   55s
 11234  7470 86602.3700   83    1 323651.000 65301.0289  79.8%   4.5   60s
 12198  7694 65446.4889   24   23 323651.000 65301.0289  79.8%   4.4   65s
 13191  8375 65462.5015   28   16 323651.000 65306.3279  79.8%   4.4   70s
 14342  9538 65655.8081   27    5 323651.000 65324.8753  79.8%   4.3   76s
 15288 10459 66313.0000   50    - 323651.000 65329.8439  79.8%   4.3   80s
 16231 11365 68131.2459   71    1 323651.000 65338.2330  79.8%   4.3   85s
 16962 11750 65628.4442   23   12 323651.000 65338.2330  79.8%   4.3   92s
 17233 12371 65630.3006   24   12 323651.000 65338.2330  79.8%   4.3   95s
 18615 13335 66946.6396   84    1 323651.000 65343.6464  79.8%   4.2  100s
 19927 14924 65830.1180   32    9 323651.000 65343.6464  79.8%   4.2  106s
 21741 16470 65569.7424   29   13 323651.000 65359.0542  79.8%   4.2  111s
 23467 17772 66458.4581   72    1 323651.000 65359.0542  79.8%   4.1  117s
 24499 18507 65715.3166   30    8 323651.000 65365.6844  79.8%   4.1  120s
 26164 20117 68311.4982   81    2 323651.000 65365.6844  79.8%   4.1  126s
 26995 20820 65601.2233   24   13 323651.000 65367.4152  79.8%   4.1  130s
 28764 22406 65501.8781   23   16 323651.000 65384.9919  79.8%   4.1  135s
 29651 23153 65635.9151   26    9 323651.000 65387.1503  79.8%   4.1  140s
 31891 24506 66391.6930   52    1 323651.000 65387.1503  79.8%   4.1  148s
 31923 24899 66612.0147   52    1 323651.000 65387.1503  79.8%   4.1  152s
 32650 25104 72593.0000   79    - 323651.000 65387.5322  79.8%   4.1  156s
 32716 25282 65632.4690   26   13 323651.000 65387.5322  79.8%   4.1  161s
 32912 25705 65733.4973   29    8 323651.000 65387.5322  79.8%   4.1  166s
 33635 26262 66715.1154   75    1 323651.000 65389.2455  79.8%   4.1  173s
 34208 26777 65622.4811   31   17 323651.000 65390.0864  79.8%   4.1  178s
 34955 26971 65998.9098   34    9 323651.000 65398.4308  79.8%   4.1  180s
 35058 27645 66744.7219   66    2 323651.000 65398.4308  79.8%   4.1  185s
 36129 28599 65715.2234   31   15 323651.000 65398.4308  79.8%   4.1  190s
 37170 29696 65592.8079   26   17 323651.000 65410.3217  79.8%   4.1  196s
 38582 30678 66836.0388   66    2 323651.000 65410.3217  79.8%   4.1  202s
 39687 31758 65612.2867   34   15 323651.000 65412.4784  79.8%   4.1  208s
 41032 32565 67996.2786   83    2 323651.000 65423.2084  79.8%   4.1  214s
 41492 32692 65879.6870   35    9 323651.000 65423.2084  79.8%   4.1  215s
 42348 33424 65702.9644   20   15 323651.000 65423.2084  79.8%   4.1  222s
 44232 34972 81285.2976   89    1 323651.000 65423.8143  79.8%   4.0  229s
 45501 36627 66138.5449   52    6 323651.000 65423.8724  79.8%   4.0  236s
 47592 38110 65914.0149   37   10 323651.000 65423.8724  79.8%   4.0  244s
 48309 38247 66680.2174   59    3 323651.000 65423.8724  79.8%   4.0  245s
 49319 39856 65809.0868   34    9 323651.000 65426.4540  79.8%   4.0  253s
 51281 40190 66424.1167   39    2 323651.000 65438.1863  79.8%   4.0  255s
 51634 41880 66176.5809   57    1 323651.000 65438.8999  79.8%   4.0  261s
 53782 44065 65472.8848   27   20 323651.000 65442.4826  79.8%   4.0  270s
 56184 46107 65704.3668   28   12 323651.000 65445.4217  79.8%   4.0  279s
 58596 48095 66437.0121   46    3 323651.000 65445.4217  79.8%   4.0  289s
 61111 48513 66119.8239   41   10 323651.000 65447.8941  79.8%   4.0  312s
H61112 46088                    308751.00000 65447.8941  78.8%   4.0  316s
 61114 46089 65677.1441   21   26 308751.000 65447.8941  78.8%   4.0  321s
 61116 46090 65857.1811   40   24 308751.000 65447.8941  78.8%   4.0  325s
 61118 46092 66112.0412   57   24 308751.000 65447.8941  78.8%   4.0  332s
 61119 46092 65608.3163   34   25 308751.000 65447.8941  78.8%   4.0  336s
H61125 43791                    262316.00000 65447.8941  75.0%   4.0  345s
 61128 43793 65946.5143   31   27 262316.000 65447.8941  75.0%   4.0  352s
 61129 43794 66775.0000   74   28 262316.000 65447.8941  75.0%   4.0  356s
 61130 43795 65914.8633   44   27 262316.000 65447.8941  75.0%   4.0  362s
 61131 43795 66046.2732   33   25 262316.000 65447.8941  75.0%   4.0  365s
 61133 43797 66228.7460   60   26 262316.000 65447.8941  75.0%   4.0  372s
 61135 43801 65447.8941   22   28 262316.000 65447.8941  75.0%   4.0  375s
 61165 43851 65447.8941   26   20 262316.000 65447.8941  75.0%   4.1  382s
 61197 43872 65447.8941   27   20 262316.000 65447.8941  75.0%   4.1  385s
 61348 43973 65447.8941   29   21 262316.000 65447.8941  75.0%   4.1  393s
 61380 44002 65447.8941   30   18 262316.000 65447.8941  75.0%   4.2  400s
 61562 44203 65447.8941   32   18 262316.000 65447.8941  75.0%   4.2  407s
 61683 44280 65447.8941   33   19 262316.000 65447.8941  75.0%   4.2  410s
 61867 44386 65573.6034   34   17 262316.000 65447.8941  75.0%   4.3  415s
 62013 44431 65524.1012   35   20 262316.000 65447.8941  75.0%   4.3  421s
 62180 44562 65535.0239   36   19 262316.000 65447.8941  75.0%   4.3  426s
 62424 44809 65521.1428   38   18 262316.000 65447.8941  75.0%   4.4  431s
 62788 44877 66377.5815   66    3 262316.000 65447.8941  75.0%   4.4  435s
 63180 45221 65703.8335   42   14 262316.000 65447.8941  75.0%   4.4  441s
 63559 45287 66380.8560   70    3 262316.000 65447.8941  75.0%   4.4  445s
 63768 45591 65804.4195   45   12 262316.000 65447.8941  75.0%   4.4  450s
 64133 45659 78319.0000   92    - 262316.000 65447.8941  75.0%   4.4  455s
 64462 45950 66186.2407   50    5 262316.000 65447.8941  75.0%   4.4  460s
 64952 46058 90337.0074   98    1 262316.000 65447.8941  75.0%   4.4  465s
 65264 46432 66734.6608   60    3 262316.000 65447.8941  75.0%   4.5  470s
 65904 46955 67561.1326   69    1 262316.000 65447.8941  75.0%   4.5  478s
 66569 47179 68370.4556   78    4 262316.000 65447.8941  75.0%   4.4  483s
 67177 47488 71842.0000   87    - 262316.000 65447.8941  75.0%   4.5  489s
 67414 47433 67910.3211   88    1 262316.000 65447.8941  75.0%   4.5  490s
 67787 47829 175255.000   99    - 262316.000 65447.8941  75.0%   4.5  495s
 68275 48175 147707.000   99    - 262316.000 65447.8941  75.0%   4.5  500s
 68903 48477 66047.4832   52    9 262316.000 65447.8941  75.0%   4.5  505s
 69504 48824 66418.3666   72    2 262316.000 65447.8941  75.0%   4.5  510s
 70127 49009 72694.0000   98    - 262316.000 65447.8941  75.0%   4.5  516s
 70503 49395 65587.9002   33   17 262316.000 65447.8941  75.0%   4.5  522s
 71181 49329 65625.6483   32   14 262316.000 65447.8941  75.0%   4.5  528s
 71250 49559 65639.3529   33   16 262316.000 65447.8941  75.0%   4.6  535s
 71718 49564 65666.9337   35   14 262316.000 65447.8941  75.0%   4.5  543s
 71781 49847 65768.0220   34   14 262316.000 65447.8941  75.0%   4.5  551s
 72305 50222 65614.3516   33   15 262316.000 65447.8941  75.0%   4.5  559s
 72420 50207 66622.7617   73    1 262316.000 65447.8941  75.0%   4.5  560s
 73163 50776 65745.3994   40   14 262316.000 65447.8941  75.0%   4.5  568s
 74002 50668 66135.7796   52    5 262316.000 65447.8941  75.0%   4.5  570s
 74310 51303 65927.8361   51    9 262316.000 65447.8941  75.0%   4.5  577s
 75361 51176 66551.5824   75    3 262316.000 65447.8941  75.0%   4.5  587s
 75402 51603 66615.6666   76    1 262316.000 65447.8941  75.0%   4.5  595s
 76042 51720 66621.6287   77    1 262316.000 65447.8941  75.0%   4.5  600s

Cutting planes:
  MIR: 12
  StrongCG: 2
  Flow cover: 2

Explored 76286 nodes (347503 simplex iterations) in 602.29 seconds (230.31 work units)
Thread count was 32 (of 32 available processors)

Solution count 9: 262316 308751 323651 ... 679294

Time limit reached
Best objective 2.623160000000e+05, best bound 6.544789408340e+04, gap 75.0500%

User-callback calls 197455, time in user-callback 204.75 sec
