
Gurobi 13.0.2 (win64) logging started Fri Jul 17 11:58:20 2026

Set parameter LogFile to value "logs/kstar_nI40_nJ40_nK100_nL10_tI4_tJ4_s1_m1_exact_s0_20260717-115820.gurobi.log"
Set parameter Seed to value 0
Set parameter TimeLimit to value 599.9349937
Set parameter MIPGap to value 0
Set parameter MIPGapAbs to value 0.5
Set parameter Cutoff to value 1e+100
Gurobi Optimizer version 13.0.2 build v13.0.2rc1 (win64 - Windows 11+.0 (26200.2))

CPU model: Intel(R) Core(TM) i9-14900HX, instruction set [SSE2|AVX|AVX2]
Thread count: 24 physical cores, 32 logical processors, using up to 32 threads

Non-default parameters:
TimeLimit  599.9349937
MIPGap  0
MIPGapAbs  0.5
PreCrush  1
LazyConstraints  1

Optimize a model with 20 rows, 90 columns and 800 nonzeros (Min)
Model fingerprint: 0xc6604b6c
Model has 90 linear objective coefficients
Variable types: 10 continuous, 80 integer (80 binary)
Coefficient statistics:
  Matrix range     [6e+00, 1e+03]
  Objective range  [1e+00, 5e+02]
  Bounds range     [1e+00, 7e+03]
  RHS range        [1e+03, 1e+03]

Using branch priorities.
Presolve removed 18 rows and 0 columns
Presolve time: 0.00s
Presolved: 2 rows, 90 columns, 80 nonzeros
Variable types: 10 continuous, 80 integer (80 binary)

Root relaxation: objective 6.821117e+04, 6 iterations, 0.00 seconds (0.00 work units)

    Nodes    |    Current Node    |     Objective Bounds      |     Work
 Expl Unexpl |  Obj  Depth IntInf | Incumbent    BestBd   Gap | It/Node Time

     0     0 68211.1653    0    2          - 68211.1653      -     -    0s
H    0     0                    468182.00000 68211.1653  85.4%     -    0s
H    0     0                    425664.00000 68211.1653  84.0%     -    0s
H    0     0                    407194.00000 68211.1653  83.2%     -    0s
H    0     0                    395654.00000 68211.1653  82.8%     -    0s
H    0     0                    389351.00000 68211.1653  82.5%     -    0s
     0     0 68386.3614    0    5 389351.000 68386.3614  82.4%     -    0s
     0     0 68390.3680    0    5 389351.000 68390.3680  82.4%     -    0s
H    0     0                    386341.00000 68390.3680  82.3%     -    0s
H    0     0                    358817.00000 68390.3680  80.9%     -    0s
H    0     0                    307704.00000 68390.3680  77.8%     -    0s
     0     2 68492.4145    0   10 307704.000 68492.4145  77.7%     -    1s
  1397  1608 71563.1191   44    1 307704.000 68596.1083  77.7%   3.0    5s
  3560  3265 70043.0000   45    5 307704.000 68638.2440  77.7%   2.6   12s
H 3566  3105                    285745.00000 68650.3188  76.0%   2.6   14s
  3571  3108 69128.1796   10   23 285745.000 68650.3188  76.0%   2.6   15s
  3867  3375 68857.1630   22   17 285745.000 68722.9435  75.9%   3.5   20s
  4306  3662 69193.5187   26   10 285745.000 68722.9435  75.9%   4.1   25s
  5055  4209 69369.0412   34    6 285745.000 68722.9435  75.9%   4.3   30s
  6273  4877 69626.1086   50    5 285745.000 68722.9435  75.9%   4.3   35s
  7193  5334 71323.8976   69    1 285745.000 68766.8862  75.9%   4.2   40s
  8382  6007 87633.7609   82    4 285745.000 68803.2323  75.9%   4.2   46s
  9308  6541 71620.3786   71    2 285745.000 68803.2323  75.9%   4.2   51s
 10452  6990 69168.0574   28    8 285745.000 68833.7906  75.9%   4.1   55s
 10722  7134 69609.2187   44    6 285745.000 68833.7906  75.9%   4.2   60s
 11080  7518 70702.3407   59    2 285745.000 68833.7906  75.9%   4.2   65s
 12550  8420 69207.1449   26   19 285745.000 68833.7906  75.9%   4.2   70s
 13575  9130 69223.9234   30   13 285745.000 68873.3669  75.9%   4.2   75s
 15478 10812 69425.5547   32    9 285745.000 68898.9269  75.9%   4.1   80s
 16490 11366 72439.6175   80    1 285745.000 68909.0818  75.9%   4.1   86s
 17067 12076 71384.9974   72    1 285745.000 68917.2790  75.9%   4.2   90s
 18263 12973 70316.4880   66    2 285745.000 68930.8551  75.9%   4.2   95s
 19289 14083 69450.6731   31   11 285745.000 68930.8551  75.9%   4.1  101s
 20347 15043 69803.0993   39    4 285745.000 68930.8551  75.9%   4.2  105s
 21165 15374 71005.2855   53    1 285745.000 68934.4732  75.9%   4.2  111s
 21349 15802 70736.4753   54    2 285745.000 68934.4732  75.9%   4.2  116s
 21964 16107 69734.6418   33    4 285745.000 68934.4732  75.9%   4.2  120s
 22695 17039 69088.0245   24   16 285745.000 68934.4732  75.9%   4.2  125s
 23676 17661 69300.7037   45   11 285745.000 68934.4732  75.9%   4.2  130s
 24825 18783 69959.1744   50    1 285745.000 68934.4732  75.9%   4.2  136s
 26071 19498 73148.5801   71    1 285745.000 68934.4732  75.9%   4.1  140s
 27063 20839 69637.3475   43    5 285745.000 68934.4732  75.9%   4.2  145s
 28983 23074 69338.8992   27   14 285745.000 68990.3550  75.9%   4.2  153s
 30458 24174 69310.0891   19   17 285745.000 68990.4783  75.9%   4.2  158s
 31621 25198 70418.9814   56    1 285745.000 68993.5972  75.9%   4.2  164s
 33125 25518 69771.0034   47    8 285745.000 68996.2193  75.9%   4.2  166s
 33172 26530 70489.8594   59    3 285745.000 68996.2193  75.9%   4.2  170s
 35204 28352 70818.2610   53    2 285745.000 69017.3730  75.8%   4.1  176s
 37110 30141 69757.1840   45   11 285745.000 69027.6960  75.8%   4.1  182s
 39088 31511 69507.3667   33   10 285745.000 69033.4481  75.8%   4.1  187s
 40482 32812 74987.0000   83    - 285745.000 69033.4481  75.8%   4.1  193s
 41585 33040 70742.4310   67    1 285745.000 69033.4481  75.8%   4.1  195s
 42453 34613 70949.8251   66    2 285745.000 69043.9368  75.8%   4.1  200s
 44192 36184 70063.3977   62    1 285745.000 69044.6126  75.8%   4.1  207s
 46017 37997 70541.9531   64    4 285745.000 69045.7380  75.8%   4.1  213s
 48130 39954 69640.9678   41   13 285745.000 69055.5306  75.8%   4.1  219s
 49464 40095 70565.1600   73    1 285745.000 69055.5306  75.8%   4.1  220s
 50315 41857 69547.5521   33    8 285745.000 69059.3175  75.8%   4.1  226s
 52546 42296 69975.3480   47    3 285745.000 69064.7440  75.8%   4.1  233s
 52760 43241 70354.9761   48    2 285745.000 69064.7440  75.8%   4.2  239s
 52768 43242 69252.2293   28   15 285745.000 69064.7440  75.8%   4.2  240s
 54039 44330 70879.9812   55    1 285745.000 69065.0648  75.8%   4.1  246s
 55306 45184 69539.0458   30   13 285745.000 69070.7654  75.8%   4.2  254s
 56614 45559 69685.2942   34   10 285745.000 69070.7654  75.8%   4.2  256s
 56930 46525 71352.1919   67    1 285745.000 69070.7654  75.8%   4.2  262s
 58646 48091 69773.5096   35   10 285745.000 69080.2934  75.8%   4.1  271s
 60155 49765 69693.2361   27   11 285745.000 69080.5421  75.8%   4.2  279s
 60395 49791 69389.7494   27   16 285745.000 69080.7857  75.8%   4.2  280s
 62091 50102 69603.7553   39    8 285745.000 69080.7857  75.8%   4.2  287s
 62271 50792 69637.8857   40    9 285745.000 69086.5807  75.8%   4.2  294s
 63152 50905 69311.1880   27   12 285745.000 69086.8580  75.8%   4.2  295s
 63154 51453 70089.1172   59    2 285745.000 69086.8580  75.8%   4.2  301s
 63906 52251 69592.8967   35   10 285745.000 69088.9816  75.8%   4.2  310s
 65278 53602 69640.2732   34   11 285745.000 69088.9816  75.8%   4.2  320s
 66985 55595 70365.1340   76    3 285745.000 69092.7882  75.8%   4.2  332s
 69167 57832 69903.7320   37    9 285745.000 69093.4198  75.8%   4.2  342s
 71760 58145 69585.9971   32   12 285745.000 69098.3395  75.8%   4.2  345s
 71763 58146 69472.7385   33    5 285745.000 69098.3395  75.8%   4.2  361s
 71765 58147 71003.0000   81   24 285745.000 69098.3395  75.8%   4.2  367s
 71766 58148 69164.9358   26   27 285745.000 69098.3395  75.8%   4.2  371s
 71767 58149 69894.2479   72   28 285745.000 69098.3395  75.8%   4.2  378s
H71767 55241                    254729.00000 69098.3395  72.9%   4.2  383s
 71771 55243 70126.6759   50   28 254729.000 69098.3395  72.9%   4.2  388s
H71771 52481                    243269.00000 69098.3395  71.6%   4.2  394s
H71771 49856                    220508.00000 69098.3395  68.7%   4.2  394s
 71774 49858 69418.9306   31   27 220508.000 69098.3395  68.7%   4.2  395s
 71777 49860 70789.0000   80   27 220508.000 69098.3395  68.7%   4.2  404s
 71779 49862 69511.1963   34   30 220508.000 69098.3395  68.7%   4.2  408s
 71780 49862 70767.0000   73   31 220508.000 69098.3395  68.7%   4.2  414s
 71781 49863 69588.2846   33   31 220508.000 69098.3395  68.7%   4.2  418s
 71782 49864 75292.0000   89   32 220508.000 69098.3395  68.7%   4.2  422s
 71783 49864 72862.5303   76   32 220508.000 69098.3395  68.7%   4.2  427s
 71785 49869 69098.3395   26   27 220508.000 69098.3395  68.7%   4.2  430s
 71815 49919 69098.3395   30   26 220508.000 69098.3395  68.7%   4.2  437s
 71879 50052 69098.3395   32   23 220508.000 69098.3395  68.7%   4.2  443s
 72002 50043 69098.3395   33   23 220508.000 69098.3395  68.7%   4.2  447s
 72034 50073 69098.3395   33   24 220508.000 69098.3395  68.7%   4.2  451s
 72074 50194 69098.3395   34   23 220508.000 69098.3395  68.7%   4.2  455s
 72329 50356 69098.3395   35   21 220508.000 69098.3395  68.7%   4.3  462s
 72456 50412 69098.3395   36   23 220508.000 69098.3395  68.7%   4.3  466s
 72556 50429 69225.7563   36   18 220508.000 69098.3395  68.7%   4.3  470s
 72833 50596 69192.0830   38   18 220508.000 69098.3395  68.7%   4.3  476s
 72950 50792 69232.1639   39   22 220508.000 69098.3395  68.7%   4.3  481s
 73293 50995 69379.0169   40   16 220508.000 69098.3395  68.7%   4.3  486s
 73669 51186 69421.7737   42   17 220508.000 69098.3395  68.7%   4.3  492s
 73854 51292 69503.7118   43   17 220508.000 69098.3395  68.7%   4.4  495s
 74223 51537 69643.7756   45   15 220508.000 69098.3395  68.7%   4.4  501s
 74519 51649 80223.0000   92    - 220508.000 69098.3395  68.7%   4.4  505s
 75017 51997 70458.4385   56    5 220508.000 69098.3395  68.7%   4.4  510s
 75476 52298 70049.7064   53    9 220508.000 69098.3395  68.7%   4.4  515s
 76026 52584 70409.7632   57    9 220508.000 69098.3395  68.7%   4.4  521s
 76612 53046 70494.7551   62    4 220508.000 69098.3395  68.7%   4.4  528s
 77103 53297 71264.0844   69    2 220508.000 69098.3395  68.7%   4.4  533s
 77568 53632 72319.3870   78    1 220508.000 69098.3395  68.7%   4.4  537s
 78108 53953 74596.0882   86    1 220508.000 69098.3395  68.7%   4.4  542s
 78735 54218 86029.0000   94    - 220508.000 69098.3395  68.7%   4.4  547s
 79326 54480 86603.6170   99    3 220508.000 69110.1308  68.7%   4.4  552s
 79879 54702 113362.000  103    - 220508.000 69116.3853  68.7%   4.4  558s
 80318 54655 69625.9867   38    8 220508.000 69116.3853  68.7%   4.4  564s
 80356 54990 70057.4013   39    5 220508.000 69116.3853  68.7%   4.4  570s
 80769 55447 70711.8060   72    3 220508.000 69116.3853  68.7%   4.4  575s
 81486 55783 69401.8106   36   17 220508.000 69118.0356  68.7%   4.4  581s
 82247 56130 69901.1004   45    7 220508.000 69127.9543  68.7%   4.4  587s
 82888 56048 72325.2135   81    1 220508.000 69138.1899  68.6%   4.5  594s
 82906 56044 70665.4212   74    3 220508.000 69138.1899  68.6%   4.5  595s
 82937 56255 79264.0000   96    - 220508.000 69146.6554  68.6%   4.5  600s

Cutting planes:
  Gomory: 7
  Cover: 1
  MIR: 4
  Flow cover: 1

Explored 83245 nodes (371974 simplex iterations) in 601.91 seconds (221.89 work units)
Thread count was 32 (of 32 available processors)

Solution count 10: 220508 243269 254729 ... 425664

Time limit reached
Best objective 2.205080000000e+05, best bound 6.914665541751e+04, gap 68.6421%

User-callback calls 211865, time in user-callback 182.59 sec
