
Gurobi 13.0.2 (win64) logging started Fri Jul 10 21:59:47 2026

Set parameter LogFile to value "logs/kstar_nI20_nJ20_nK100_nL10_tI2_tJ2_s5_m1_exact_s0_20260710-215947.gurobi.log"
Set parameter Seed to value 0
Set parameter TimeLimit to value 599.9681616
Set parameter MIPGap to value 0
Set parameter MIPGapAbs to value 0.5
Set parameter Cutoff to value 1e+100
Gurobi Optimizer version 13.0.2 build v13.0.2rc1 (win64 - Windows 11+.0 (26200.2))

CPU model: Intel(R) Core(TM) i9-14900HX, instruction set [SSE2|AVX|AVX2]
Thread count: 24 physical cores, 32 logical processors, using up to 32 threads

Non-default parameters:
TimeLimit  599.9681616
MIPGap  0
MIPGapAbs  0.5
PreCrush  1
LazyConstraints  1

Optimize a model with 20 rows, 50 columns and 400 nonzeros (Min)
Model fingerprint: 0x66c264a4
Model has 50 linear objective coefficients
Variable types: 10 continuous, 40 integer (40 binary)
Coefficient statistics:
  Matrix range     [3e+01, 1e+03]
  Objective range  [1e+00, 5e+02]
  Bounds range     [1e+00, 1e+04]
  RHS range        [1e+03, 1e+03]

Using branch priorities.
Presolve removed 16 rows and 0 columns
Presolve time: 0.00s
Presolved: 4 rows, 50 columns, 80 nonzeros
Variable types: 10 continuous, 40 integer (40 binary)

Root relaxation: objective 1.185804e+05, 6 iterations, 0.00 seconds (0.00 work units)

    Nodes    |    Current Node    |     Objective Bounds      |     Work
 Expl Unexpl |  Obj  Depth IntInf | Incumbent    BestBd   Gap | It/Node Time

     0     0 118580.399    0    3          - 118580.399      -     -    0s
H    0     0                    683356.00000 118580.399  82.6%     -    0s
H    0     0                    619848.00000 118580.399  80.9%     -    0s
H    0     0                    535751.00000 118580.399  77.9%     -    0s
     0     0 118636.582    0   10 535751.000 118636.582  77.9%     -    0s
     0     0 118669.784    0   10 535751.000 118669.784  77.8%     -    0s
     0     0 118683.436    0   11 535751.000 118683.436  77.8%     -    0s
     0     0 118683.812    0   11 535751.000 118683.812  77.8%     -    0s
     0     2 118699.038    0   12 535751.000 118699.038  77.8%     -    0s
  3106  2709 119133.287   11    7 535751.000 118741.801  77.8%   3.2    5s
H 3662  2840                    380115.00000 118808.409  68.7%   3.2    7s
H 3668  2702                    375759.00000 118808.409  68.4%   3.2    8s
H 3668  2566                    370398.00000 118808.409  67.9%   3.2    8s
H 3675  2442                    369396.00000 118808.409  67.8%   3.2    9s
H 3676  2443                    368803.00000 118808.409  67.8%   3.2    9s
  3682  2447 118926.215   10   19 368803.000 118808.409  67.8%   3.1   10s
  4298  2924 119020.419   22   13 368803.000 118808.409  67.8%   4.7   15s
  4955  3266 119462.967   28    7 368803.000 118827.430  67.8%   4.9   20s
  6036  3669 120819.417   45    2 368803.000 118827.430  67.8%   5.0   25s
  7157  4300 119787.360   32    4 368803.000 118868.312  67.8%   5.1   30s
  8943  5100 120755.100   41    4 368803.000 118904.245  67.8%   5.3   35s
 10920  5842 118987.667   23   19 368803.000 118957.003  67.7%   5.2   40s
 13221  7696 119434.983   32    9 368803.000 118967.056  67.7%   5.3   45s
 14827  9024 121057.000   42    - 368803.000 118975.127  67.7%   5.3   50s
 17107 10376 119358.705   31   11 368803.000 119016.666  67.7%   5.2   55s
 17227 10467 119364.416   33   11 368803.000 119016.666  67.7%   5.2   60s
 17333 10649 119778.598   35    3 368803.000 119016.666  67.7%   5.2   65s
 17737 11006 119191.100   22   17 368803.000 119020.716  67.7%   5.2   70s
 18043 11204 119684.592   30    8 368803.000 119022.917  67.7%   5.2   75s
 18510 11664 119880.634   32    2 368803.000 119026.249  67.7%   5.3   80s
 19201 12188 119955.562   34    1 368803.000 119037.233  67.7%   5.3   85s
 19915 12803 120145.000   36    - 368803.000 119037.233  67.7%   5.3   91s
 21004 13791 120588.659   38    2 368803.000 119047.128  67.7%   5.3   96s
 22626 15047 120791.948   40    1 368803.000 119074.062  67.7%   5.3  101s
 24206 16282 119250.256   24   16 368803.000 119089.488  67.7%   5.3  106s
 25857 17645 119356.960   21   18 368803.000 119102.735  67.7%   5.3  111s
 27774 18627 119316.375   23   17 368803.000 119116.123  67.7%   5.3  115s
 28733 19936 119266.960   30   16 368803.000 119122.560  67.7%   5.4  120s
 31187 21954 119857.400   30   13 368803.000 119133.881  67.7%   5.4  128s
 32523 22458 119853.831   37   10 368803.000 119147.521  67.7%   5.3  133s
 32793 22832 119901.446   38    9 368803.000 119147.767  67.7%   5.4  138s
 33469 23514 119413.727   27    6 368803.000 119151.222  67.7%   5.4  143s
 34296 24140 119524.042   28   14 368803.000 119158.714  67.7%   5.4  149s
 35150 24912 119763.285   28   16 368803.000 119162.126  67.7%   5.4  155s
 36186 25688 120311.134   34    2 368803.000 119164.097  67.7%   5.4  161s
 37089 26308 119438.780   22   17 368803.000 119171.783  67.7%   5.4  167s
 38089 27068 120746.258   34   10 368803.000 119177.777  67.7%   5.4  173s
 39040 27889 123543.000   47    - 368803.000 119179.198  67.7%   5.4  179s
 40278 28798 119659.377   22   12 368803.000 119184.681  67.7%   5.4  186s
 41607 29722 119342.475   29   16 368803.000 119193.020  67.7%   5.4  193s
 42486 30671 119508.444   26   18 368803.000 119195.385  67.7%   5.4  199s
 43028 30776 119907.581   26    9 368803.000 119197.280  67.7%   5.4  200s
 43951 31943 120169.236   35    5 368803.000 119197.280  67.7%   5.4  207s
 45733 33210 119355.314   28   12 368803.000 119202.930  67.7%   5.4  215s
 47273 34490 119776.002   26   11 368803.000 119215.161  67.7%   5.4  223s
 49030 35959 119400.901   22   15 368803.000 119219.899  67.7%   5.5  232s
 50954 37123 119534.771   28   18 368803.000 119228.208  67.7%   5.5  240s
 52141 37352 120803.000   40   11 368803.000 119234.215  67.7%   5.5  261s
H52142 35485                    302251.00000 119234.215  60.6%   5.5  264s
 52144 35486 119531.217   24   25 302251.000 119234.215  60.6%   5.5  268s
 52145 35487 120262.550   40   28 302251.000 119234.215  60.6%   5.5  271s
H52150 33715                    296923.00000 119234.215  59.8%   5.5  278s
 52154 33718 119702.237   26   29 296923.000 119234.215  59.8%   5.5  281s
 52158 33720 119977.350   29   30 296923.000 119234.215  59.8%   5.5  287s
H52158 32034                    269437.00000 119234.215  55.7%   5.5  290s
H52159 32035                    255525.00000 119234.215  53.3%   5.5  290s
 52162 32037 119313.566   19   30 255525.000 119234.215  53.3%   5.5  296s
 52164 32038 120823.000   46   30 255525.000 119234.215  53.3%   5.5  300s
 52195 32092 119234.215   28   25 255525.000 119234.215  53.3%   5.5  306s
 52259 32235 119234.215   30   24 255525.000 119234.215  53.3%   5.5  311s
 52480 32365 119234.215   31   21 255525.000 119234.215  53.3%   5.6  315s
 52635 32404 119257.298   32   23 255525.000 119234.215  53.3%   5.7  321s
 52925 32612 119234.215   34   20 255525.000 119234.215  53.3%   5.7  325s
 53302 32726 119331.661   34   19 255525.000 119234.215  53.3%   5.7  330s
 53718 33011 119449.203   37   18 255525.000 119234.215  53.3%   5.8  336s
 54170 33163 120021.763   39   11 255525.000 119234.215  53.3%   5.8  341s
 54537 33393 120495.339   42    8 255525.000 119234.215  53.3%   5.8  346s
 54797 33443 120788.699   44    5 255525.000 119234.215  53.3%   5.8  350s
 54974 33505 119732.624   42   14 255525.000 119234.215  53.3%   5.8  355s
 55322 33736 121559.551   49    6 255525.000 119234.215  53.3%   5.8  361s
 55656 33875 123125.051   56    1 255525.000 119234.215  53.3%   5.8  366s
 55991 34098 119658.654   33   14 255525.000 119234.215  53.3%   5.9  370s
 56656 34472 152562.976   61    1 255525.000 119234.215  53.3%   5.9  376s
 57046 34654 119610.474   34   19 255525.000 119234.215  53.3%   5.9  380s
 57836 34908 119988.529   44   11 255525.000 119234.215  53.3%   5.9  387s
 57997 35124 120097.885   45   10 255525.000 119234.215  53.3%   5.9  391s
 58323 35108 120206.759   46   11 255525.000 119234.215  53.3%   5.9  395s
 58386 35283 120397.527   47    9 255525.000 119234.215  53.3%   5.9  401s
 58868 35538 121752.000   60    - 255525.000 119234.215  53.3%   5.9  405s
 59795 36009 120190.610   47    9 255525.000 119234.215  53.3%   6.0  413s
 60245 36152 119645.766   37   18 255525.000 119234.215  53.3%   6.0  417s
 60852 36437 120331.641   45   12 255525.000 119234.215  53.3%   6.0  421s
 61490 36685     cutoff   62      255525.000 119234.215  53.3%   6.0  426s
 61913 36803 119987.892   43   16 255525.000 119266.367  53.3%   6.0  431s
 62245 37124 120353.752   47    8 255525.000 119266.367  53.3%   6.0  436s
 62838 37078 119480.486   36   17 255525.000 119266.816  53.3%   6.1  441s
 62885 37497 119526.439   37   19 255525.000 119266.816  53.3%   6.1  447s
 63598 37819 120375.747   49   12 255525.000 119267.650  53.3%   6.1  452s
 64264 38097 119498.628   39   17 255525.000 119269.574  53.3%   6.1  457s
 64914 38244 121112.992   51    2 255525.000 119289.729  53.3%   6.1  463s
 65287 38226 119794.797   36   12 255525.000 119289.729  53.3%   6.1  469s
 65325 38503 119860.213   37    8 255525.000 119289.729  53.3%   6.1  475s
 66203 38546 119575.922   39   17 255525.000 119315.010  53.3%   6.1  482s
 66261 39002 119682.636   40   17 255525.000 119315.010  53.3%   6.1  488s
 67112 39346 119435.636   37   19 255525.000 119319.602  53.3%   6.1  495s
 67845 39781 120601.869   48   11 255525.000 119319.944  53.3%   6.2  502s
 68712 39943 120099.157   37   14 255525.000 119324.176  53.3%   6.2  509s
 69161 40364 119846.229   33   14 255525.000 119324.176  53.3%   6.2  517s
 70010 40796 119612.142   35   15 255525.000 119345.795  53.3%   6.2  525s
 70886 41242 122420.737   60    1 255525.000 119346.025  53.3%   6.2  532s
 71831 41677 120578.426   44   11 255525.000 119346.385  53.3%   6.2  540s
 72844 42091 119783.850   37   19 255525.000 119364.325  53.3%   6.3  549s
 73768 42016 119547.455   35   21 255525.000 119368.826  53.3%   6.3  558s
 73832 42623 119572.100   36   21 255525.000 119368.826  53.3%   6.3  566s
 74881 42794 122015.704   59    2 255525.000 119369.319  53.3%   6.3  576s
 75402 43400 119705.533   30   17 255525.000 119369.319  53.3%   6.3  585s
 76507 43882 163386.000   62    - 255525.000 119389.318  53.3%   6.3  596s
 77566 43932 119565.554   36   22 255525.000 119397.958  53.3%   6.3  600s

Cutting planes:
  MIR: 14
  Flow cover: 9

Explored 77854 nodes (494252 simplex iterations) in 601.34 seconds (321.50 work units)
Thread count was 32 (of 32 available processors)

Solution count 10: 255525 269437 296923 ... 619848

Time limit reached
Best objective 2.555250000000e+05, best bound 1.193979576434e+05, gap 53.2735%

User-callback calls 177442, time in user-callback 97.45 sec
