
Gurobi 13.0.2 (win64) logging started Thu Jul 16 03:09:04 2026

Set parameter LogFile to value "logs/kstar_nI20_nJ40_nK100_nL10_tI4_tJ4_s5_m1_exact_s0_20260716-030904.gurobi.log"
Set parameter Seed to value 0
Set parameter TimeLimit to value 599.9418726
Set parameter MIPGap to value 0
Set parameter MIPGapAbs to value 0.5
Set parameter Cutoff to value 1e+100
Gurobi Optimizer version 13.0.2 build v13.0.2rc1 (win64 - Windows 11+.0 (26200.2))

CPU model: Intel(R) Core(TM) i9-14900HX, instruction set [SSE2|AVX|AVX2]
Thread count: 24 physical cores, 32 logical processors, using up to 32 threads

Non-default parameters:
TimeLimit  599.9418726
MIPGap  0
MIPGapAbs  0.5
PreCrush  1
LazyConstraints  1

Optimize a model with 20 rows, 70 columns and 600 nonzeros (Min)
Model fingerprint: 0xc16c7923
Model has 70 linear objective coefficients
Variable types: 10 continuous, 60 integer (60 binary)
Coefficient statistics:
  Matrix range     [3e+00, 1e+03]
  Objective range  [1e+00, 5e+02]
  Bounds range     [1e+00, 9e+03]
  RHS range        [1e+03, 1e+03]

Using branch priorities.
Presolve removed 13 rows and 0 columns
Presolve time: 0.00s
Presolved: 7 rows, 70 columns, 200 nonzeros
Variable types: 10 continuous, 60 integer (60 binary)

Root relaxation: objective 8.263473e+04, 5 iterations, 0.00 seconds (0.00 work units)

    Nodes    |    Current Node    |     Objective Bounds      |     Work
 Expl Unexpl |  Obj  Depth IntInf | Incumbent    BestBd   Gap | It/Node Time

     0     0 82634.7327    0    2          - 82634.7327      -     -    0s
H    0     0                    493189.00000 82634.7327  83.2%     -    0s
H    0     0                    446078.00000 82634.7327  81.5%     -    0s
H    0     0                    434729.00000 82634.7327  81.0%     -    0s
     0     0 82810.2874    0    4 434729.000 82810.2874  81.0%     -    0s
     0     0 82814.5015    0    4 434729.000 82814.5015  81.0%     -    0s
H    0     0                    373930.00000 82814.5015  77.9%     -    0s
H    0     0                    339659.00000 82819.6139  75.6%     -    0s
H    0     0                    327037.00000 82819.6139  74.7%     -    0s
     0     2 82896.8524    0   11 327037.000 82896.8524  74.7%     -    0s
  2311  2186 85631.1550   44    1 327037.000 83060.0051  74.6%   3.0    5s
H 3456  2929                    303483.00000 83092.4367  72.6%   2.9    9s
  3464  2943 83092.4367   17   18 303483.000 83092.4367  72.6%   2.9   10s
  3922  3312 83535.7228   26   10 303483.000 83134.2740  72.6%   4.2   15s
  4649  3780 83914.9742   30    7 303483.000 83134.2740  72.6%   4.5   20s
  5905  4587 85612.1163   44    1 303483.000 83173.2726  72.6%   4.5   25s
  7088  5114 123868.000   73    - 303483.000 83325.0574  72.5%   4.4   30s
  8383  5798 83579.6954   29   10 303483.000 83343.6734  72.5%   4.4   35s
  9638  6477 83616.7902   25   14 303483.000 83356.8902  72.5%   4.5   40s
 10435  6884 87131.7434   64    3 303483.000 83366.5030  72.5%   4.5   45s
 11357  7519 84029.0769   56    9 303483.000 83366.5030  72.5%   4.5   50s
 12649  8186 85045.3241   48    3 303483.000 83366.5030  72.5%   4.4   55s
 14526 10129 85364.5473   62    2 303483.000 83395.6203  72.5%   4.4   60s
 16553 11423 94972.0000   70    - 303483.000 83427.1865  72.5%   4.5   65s
 18096 12772 83611.8013   30   17 303483.000 83427.2269  72.5%   4.4   70s
 18965 13721 83694.7942   31   16 303483.000 83427.2269  72.5%   4.4   75s
 20348 14658 83931.7263   33   10 303483.000 83428.9308  72.5%   4.4   80s
 20979 15386 83944.5152   34   11 303483.000 83447.5109  72.5%   4.4   86s
 22189 16436 83974.7490   36   10 303483.000 83449.1615  72.5%   4.4   91s
 23279 17388 84027.3349   37   10 303483.000 83462.5579  72.5%   4.4   95s
 24297 18533 84042.3409   38    9 303483.000 83465.1315  72.5%   4.5  100s
 26187 20026 84951.5887   50    2 303483.000 83465.1315  72.5%   4.5  105s
 27874 21781 84196.5420   34    6 303483.000 83465.1315  72.5%   4.5  111s
 29173 23117 84108.0220   39    8 303483.000 83494.2052  72.5%   4.5  115s
 31966 25592 83853.8225   28   16 303483.000 83515.9553  72.5%   4.5  122s
 33543 27037 83751.7494   33   11 303483.000 83532.3043  72.5%   4.5  126s
 35139 28168 83916.7215   35   12 303483.000 83532.3976  72.5%   4.5  130s
 36837 29595 84063.3169   35    9 303483.000 83535.6091  72.5%   4.5  135s
 40003 32581 90253.0000   70    - 303483.000 83556.8743  72.5%   4.5  143s
 41381 32738 83763.1334   21   14 303483.000 83557.4188  72.5%   4.5  145s
 43323 35398 83871.3282   31   18 303483.000 83558.7943  72.5%   4.5  153s
 44949 37076 94987.0000   66    - 303483.000 83568.8477  72.5%   4.5  158s
 46875 38659 84906.8900   52    2 303483.000 83574.9476  72.5%   4.5  163s
 48741 40100 84034.2361   31   11 303483.000 83586.7695  72.5%   4.6  168s
 50267 41696 84363.9316   38    6 303483.000 83586.8784  72.5%   4.6  173s
 52217 43375 84320.1743   45    6 303483.000 83586.8784  72.5%   4.6  178s
 53917 43576 84491.2150   44    6 303483.000 83593.2412  72.5%   4.6  180s
 54296 44315 84280.2598   37    7 303483.000 83599.6075  72.5%   4.6  187s
 55080 45341 84311.9659   38   10 303483.000 83602.7371  72.5%   4.6  192s
 56249 46438 84431.7241   39   10 303483.000 83602.7371  72.5%   4.6  197s
 57558 47647 84534.6069   40   10 303483.000 83607.6251  72.5%   4.6  203s
 58965 47914 84548.8303   41    9 303483.000 83612.7599  72.4%   4.6  207s
 59074 48317 84550.0179   42    8 303483.000 83612.7599  72.4%   4.6  211s
 59613 49016 84558.7144   43    8 303483.000 83612.7599  72.4%   4.6  216s
 60523 50103 84560.4930   44    7 303483.000 83612.7599  72.4%   4.6  223s
 61961 51624 84567.0120   45    9 303483.000 83618.6750  72.4%   4.6  230s
 63739 53336 84578.7863   46    8 303483.000 83621.3405  72.4%   4.7  237s
 65739 54789 84528.4126   45    8 303483.000 83625.4539  72.4%   4.7  246s
 67769 55213 84000.3822   34    4 303483.000 83626.0455  72.4%   4.7  261s
H67770 52453                    237273.00000 83626.0455  64.8%   4.7  261s
 67775 52459 83626.0455   27   23 237273.000 83626.0455  64.8%   4.7  265s
 67805 52509 83626.0455   31   22 237273.000 83626.0455  64.8%   4.7  270s
 67869 52625 83626.0455   33   20 237273.000 83626.0455  64.8%   4.7  276s
 67983 52623 83626.0455   34   19 237273.000 83626.0455  64.8%   4.8  280s
 68112 52837 83647.3366   35   20 237273.000 83626.0455  64.8%   4.8  285s
 68514 53064 83807.3569   39   20 237273.000 83626.0455  64.8%   4.9  290s
 68833 53191 83924.0841   41   19 237273.000 83626.0455  64.8%   4.9  296s
 68924 53317 84151.7227   42   17 237273.000 83626.0455  64.8%   4.9  300s
 69381 53568 84268.1820   44   15 237273.000 83626.0455  64.8%   4.9  305s
 69873 53792 83626.0455   35   20 237273.000 83626.0455  64.8%   5.0  310s
 70363 54215 84852.9957   51    8 237273.000 83626.0455  64.8%   5.0  315s
 71096 54608 85365.1340   58    2 237273.000 83626.0455  64.8%   5.0  321s
 71386 54721 85586.8922   63    2 237273.000 83626.0455  64.8%   5.0  325s
 72081 54954 89366.2639   74    1 237273.000 83626.0455  64.8%   5.0  332s
 72137 55341 89535.0000   75    - 237273.000 83626.0455  64.8%   5.0  336s
 72810 55675 83839.2783   35   21 237273.000 83626.0455  64.8%   5.0  340s
 73879 56263 83626.0455   36   20 237273.000 83626.0455  64.8%   5.1  347s
 74531 56718 83894.6626   44   16 237273.000 83626.0455  64.8%   5.1  351s
 75271 56839 84870.2789   61    5 237273.000 83626.0455  64.8%   5.1  355s
 76056 57430 83878.6343   40   17 237273.000 83626.0455  64.8%   5.1  363s
 76647 57865 84849.8809   56    8 237273.000 83626.0455  64.8%   5.1  367s
 77444 58288 83877.2912   35   16 237273.000 83626.0455  64.8%   5.1  371s
 78428 58245 85180.9430   61    4 237273.000 83626.0455  64.8%   5.1  375s
 78552 58818 85306.4545   62    4 237273.000 83626.0455  64.8%   5.2  380s
 79372 59095 83713.6801   40   21 237273.000 83626.0455  64.8%   5.2  385s
 80032 59544 84625.8944   55    7 237273.000 83626.0455  64.8%   5.2  390s
 81673 59938 84192.5399   46    8 237273.000 83626.0455  64.8%   5.2  395s
 81811 59933 83915.8989   42   16 237273.000 83626.0455  64.8%   5.2  400s
 82806 61161 84807.0898   55    2 237273.000 83626.0455  64.8%   5.2  409s
 83815 61041 85752.5415   81    1 237273.000 83626.0455  64.8%   5.2  414s
 83954 61065 86163.1067   80    1 237273.000 83626.0455  64.8%   5.2  419s
 84017 61056 83940.7925   39   12 237273.000 83626.0455  64.8%   5.2  420s
 84349 61665 84075.8351   43   14 237273.000 83626.0455  64.8%   5.2  425s
 85082 62479 84350.4382   50   13 237273.000 83626.0455  64.8%   5.3  430s
 86252 63162 83940.8337   45   17 237273.000 83626.0455  64.8%   5.3  437s
 87547 63912 83784.8437   38   21 237273.000 83656.9818  64.7%   5.3  443s
 88875 64492 91757.0000   80    - 237273.000 83658.0715  64.7%   5.3  448s
 89947 65065 85095.5498   62    3 237273.000 83658.0715  64.7%   5.4  454s
 91077 64876 84316.5521   49    5 237273.000 83663.2386  64.7%   5.4  456s
 91183 65859 84015.5535   54   17 237273.000 83663.2386  64.7%   5.4  461s
 92564 66711 84031.3743   49   16 237273.000 83674.9763  64.7%   5.4  468s
 94128 67589 84098.3229   44   16 237273.000 83681.9809  64.7%   5.4  476s
 95664 67444 84738.1048   54    6 237273.000 83688.4868  64.7%   5.4  483s
 95910 68153 84789.9694   55    7 237273.000 83688.4868  64.7%   5.4  491s
 96984 69185 84861.4584   56    5 237273.000 83688.4868  64.7%   5.4  500s
 98548 70137 84343.0662   54   11 237273.000 83697.1030  64.7%   5.5  509s
 98996 70040 88474.6330   79    2 237273.000 83697.1030  64.7%   5.5  510s
 100269 71100 84873.3987   58    4 237273.000 83704.4083  64.7%   5.5  518s
 102035 72102 83824.8360   38   21 237273.000 83715.3651  64.7%   5.5  527s
 103918 71761 84065.0631   40   17 237273.000 83720.2400  64.7%   5.5  536s
 103950 72726 84075.7090   41   18 237273.000 83720.2400  64.7%   5.5  545s
 105261 73739 83942.1888   49   14 237273.000 83720.7427  64.7%   5.6  554s
 105783 73636 84272.9277   46   13 237273.000 83720.7427  64.7%   5.6  555s
 106983 73434 84783.3189   56    6 237273.000 83722.7174  64.7%   5.6  562s
 107052 74569 84866.0749   57    9 237273.000 83726.0370  64.7%   5.6  572s
 108602 75760 86070.5172   73    1 237273.000 83726.0370  64.7%   5.6  584s
 109122 75686 84508.7613   58   11 237273.000 83726.7946  64.7%   5.6  585s
 110947 76278 84914.1013   48    3 237273.000 83730.5115  64.7%   5.6  597s

Explored 113214 nodes (633218 simplex iterations) in 601.37 seconds (239.77 work units)
Thread count was 32 (of 32 available processors)

Solution count 8: 237273 303483 327037 ... 493189

Time limit reached
Best objective 2.372730000000e+05, best bound 8.373485692564e+04, gap 64.7095%

User-callback calls 243473, time in user-callback 166.35 sec
