
Gurobi 13.0.2 (win64) logging started Wed Jul 15 20:49:32 2026

Set parameter LogFile to value "logs/kstar_nI40_nJ20_nK50_nL10_tI5_tJ5_s5_m0_exact_s0_20260715-204932.gurobi.log"
Set parameter Seed to value 0
Set parameter TimeLimit to value 599.9770687
Set parameter NodefileStart to value 4
Set parameter MIPGap to value 0
Set parameter MIPGapAbs to value 0.9999
Set parameter Cutoff to value 1e+100
Gurobi Optimizer version 13.0.2 build v13.0.2rc1 (win64 - Windows 11+.0 (26200.2))

CPU model: Intel(R) Core(TM) i9-14900HX, instruction set [SSE2|AVX|AVX2]
Thread count: 24 physical cores, 32 logical processors, using up to 32 threads

Non-default parameters:
TimeLimit  599.9770687
MIPGap  0
MIPGapAbs  0.9999
NodefileStart  4

Optimize a model with 1300 rows, 18060 columns and 46600 nonzeros (Min)
Model fingerprint: 0x20a2dc4c
Model has 18060 linear objective coefficients
Variable types: 18000 continuous, 60 integer (60 binary)
Coefficient statistics:
  Matrix range     [1e+00, 7e+02]
  Objective range  [1e+00, 5e+02]
  Bounds range     [1e+00, 1e+00]
  RHS range        [5e+00, 2e+01]

Using branch priorities.
Found heuristic solution: objective 640492.00000
Presolve time: 0.03s
Presolved: 1300 rows, 18060 columns, 46600 nonzeros
Variable types: 18000 continuous, 60 integer (60 binary)

Root relaxation: objective 5.230040e+04, 968 iterations, 0.01 seconds (0.01 work units)

    Nodes    |    Current Node    |     Objective Bounds      |     Work
 Expl Unexpl |  Obj  Depth IntInf | Incumbent    BestBd   Gap | It/Node Time

     0     0 52300.3961    0   59 640492.000 52300.3961  91.8%     -    0s
H    0     0                    65564.501077 52300.3961  20.2%     -    0s
H    0     0                    65536.391912 52300.3961  20.2%     -    0s
H    0     0                    65415.071324 52300.3961  20.0%     -    0s
H    0     0                    65356.456410 56389.1357  13.7%     -    0s
H    0     0                    63936.000000 56389.1357  11.8%     -    0s
     0     0 56389.1357    0   37 63936.0000 56389.1357  11.8%     -    0s
     0     0 56554.7141    0   37 63936.0000 56554.7141  11.5%     -    0s
     0     0 56554.7141    0   37 63936.0000 56554.7141  11.5%     -    0s
     0     0 59870.0515    0   36 63936.0000 59870.0515  6.36%     -    0s
H    0     0                    63934.000000 59870.0515  6.36%     -    0s
H    0     0                    63856.000000 59870.0515  6.24%     -    0s
     0     0 59901.5356    0   35 63856.0000 59901.5356  6.19%     -    0s
H    0     0                    63830.000000 59908.1343  6.14%     -    0s
     0     0 59908.1343    0   35 63830.0000 59908.1343  6.14%     -    0s
     0     0 59908.6226    0   35 63830.0000 59908.6226  6.14%     -    0s
     0     0 60689.8307    0   32 63830.0000 60689.8307  4.92%     -    0s
H    0     0                    62305.000000 60866.9975  2.31%     -    0s
     0     0 60866.9975    0   29 62305.0000 60866.9975  2.31%     -    0s
H    0     0                    62147.000000 60907.1235  2.00%     -    0s
     0     0 60907.1235    0   28 62147.0000 60907.1235  2.00%     -    0s
     0     0 60915.3656    0   28 62147.0000 60915.3656  1.98%     -    0s
     0     0 60915.6833    0   28 62147.0000 60915.6833  1.98%     -    0s
H    0     0                    62067.065701 60915.6833  1.86%     -    0s
H    0     0                    61657.028407 60915.6833  1.20%     -    0s
H    0     0                    61486.347656 60915.6833  0.93%     -    0s
H    0     0                    61262.421569 61024.5402  0.39%     -    0s
H    0     0                    61256.000000 61024.5402  0.38%     -    0s
     0     0 61024.5402    0   31 61256.0000 61024.5402  0.38%     -    0s
     0     0 61060.3683    0   24 61256.0000 61060.3683  0.32%     -    0s
     0     0 61069.6591    0   25 61256.0000 61069.6591  0.30%     -    0s
H    0     0                    61203.000000 61076.5631  0.21%     -    0s
     0     0 61076.5631    0   23 61203.0000 61076.5631  0.21%     -    0s
     0     0 61104.2779    0   19 61203.0000 61104.2779  0.16%     -    0s
H    0     0                    61150.000000 61104.4497  0.07%     -    0s
H    0     0                    61117.000000 61104.4497  0.02%     -    0s
     0     0 61106.9499    0   21 61117.0000 61106.9499  0.02%     -    0s
     0     0 61108.7159    0   14 61117.0000 61108.7159  0.01%     -    0s
     0     0     cutoff    0      61117.0000 61117.0000  0.00%     -    0s

Cutting planes:
  Cover: 1
  Implied bound: 346
  MIR: 194
  Flow cover: 143
  Relax-and-lift: 9

Explored 1 nodes (2652 simplex iterations) in 0.53 seconds (0.56 work units)
Thread count was 32 (of 32 available processors)

Solution count 10: 61117 61150 61203 ... 63830

Optimal solution found (tolerance 0.00e+00)
Best objective 6.111700000000e+04, best bound 6.111700000000e+04, gap 0.0000%
