
Gurobi 13.0.2 (win64) logging started Thu Jul 16 12:41:47 2026

Set parameter LogFile to value "logs/kstar_nI20_nJ40_nK50_nL10_tI6_tJ6_s2_m1_exact_s0_20260716-124147.gurobi.log"
Set parameter Seed to value 0
Set parameter TimeLimit to value 599.9643718
Set parameter MIPGap to value 0
Set parameter MIPGapAbs to value 0.5
Set parameter Cutoff to value 1e+100
Gurobi Optimizer version 13.0.2 build v13.0.2rc1 (win64 - Windows 11+.0 (26200.2))

CPU model: Intel(R) Core(TM) i9-14900HX, instruction set [SSE2|AVX|AVX2]
Thread count: 24 physical cores, 32 logical processors, using up to 32 threads

Non-default parameters:
TimeLimit  599.9643718
MIPGap  0
MIPGapAbs  0.5
PreCrush  1
LazyConstraints  1

Optimize a model with 20 rows, 70 columns and 600 nonzeros (Min)
Model fingerprint: 0x68adc37c
Model has 70 linear objective coefficients
Variable types: 10 continuous, 60 integer (60 binary)
Coefficient statistics:
  Matrix range     [4e+00, 7e+02]
  Objective range  [1e+00, 5e+02]
  Bounds range     [1e+00, 6e+03]
  RHS range        [6e+02, 7e+02]

Using branch priorities.
Presolve removed 18 rows and 0 columns
Presolve time: 0.00s
Presolved: 2 rows, 70 columns, 60 nonzeros
Variable types: 10 continuous, 60 integer (60 binary)

Root relaxation: objective 4.350385e+04, 3 iterations, 0.00 seconds (0.00 work units)

    Nodes    |    Current Node    |     Objective Bounds      |     Work
 Expl Unexpl |  Obj  Depth IntInf | Incumbent    BestBd   Gap | It/Node Time

     0     0 43503.8507    0    2          - 43503.8507      -     -    0s
H    0     0                    154151.00000 43503.8507  71.8%     -    0s
H    0     0                    149948.00000 43503.8507  71.0%     -    0s
H    0     0                    143524.00000 43503.8507  69.7%     -    0s
H    0     0                    142465.00000 43503.8507  69.5%     -    0s
H    0     0                    132766.00000 43503.8507  67.2%     -    0s
     0     0 43797.8774    0    6 132766.000 43797.8774  67.0%     -    0s
     0     0 43985.0216    0    5 132766.000 43985.0216  66.9%     -    0s
H    0     0                    129959.00000 43988.0437  66.2%     -    0s
     0     0 44011.9970    0    7 129959.000 44011.9970  66.1%     -    0s
     0     0 44019.9301    0    7 129959.000 44019.9301  66.1%     -    0s
     0     2 44019.9301    0    7 129959.000 44019.9301  66.1%     -    0s
H 3251  2847                    120696.00000 44283.8953  63.3%   4.1    2s
H 3253  2705                    104432.00000 44345.6075  57.5%   4.1    3s
H 3256  2572                    98877.000000 44358.3087  55.1%   4.1    3s
  3267  2579 44634.7284   27   25 98877.0000 44378.8454  55.1%   4.1    5s
  5046  3736 45777.3119   54    4 98877.0000 44550.8152  54.9%   6.0   10s
  7394  5070 45202.6075   28   10 98877.0000 44627.0255  54.9%   5.9   15s
 11465  7538 45757.4403   45    9 98877.0000 44663.6873  54.8%   6.0   20s
 15244 10763 45885.2546   34    8 98877.0000 44759.2654  54.7%   5.9   25s
 17523 12340 45959.5817   41   13 98877.0000 44759.2654  54.7%   5.9   30s
 17996 12825 46743.2423   59    6 98877.0000 44759.2654  54.7%   6.0   35s
 18828 13749 45282.8832   26   22 98877.0000 44780.9290  54.7%   6.0   40s
 20637 15446 45848.6191   38   10 98877.0000 44780.9290  54.7%   6.0   45s
 23407 18018 46129.4023   34    9 98877.0000 44836.6757  54.7%   6.0   50s
 26029 20322 45737.2678   30    9 98877.0000 44845.3322  54.6%   6.0   55s
 28869 23113 48666.0000   57    - 98877.0000 44870.9347  54.6%   6.1   61s
 31457 25400 45973.1170   46    3 98877.0000 44881.0506  54.6%   6.1   66s
 32778 25719 45909.3986   37   10 98877.0000 44881.0506  54.6%   6.2   71s
 33088 26089 45993.5424   39   12 98877.0000 44932.6694  54.6%   6.2   75s
 33904 26966 46353.7789   41    8 98877.0000 44935.0315  54.6%   6.2   81s
 35253 28447 46278.5311   31   15 98877.0000 44947.1024  54.5%   6.2   87s
 36188 29297 46221.5980   33   11 98877.0000 44947.1024  54.5%   6.2   90s
 38768 32112 52644.0000   65    - 98877.0000 44953.4966  54.5%   6.3   98s
 40476 33548 45771.6558   31   16 98877.0000 44973.6231  54.5%   6.3  102s
 42056 34804 46742.1025   42    6 98877.0000 44976.3545  54.5%   6.3  107s
 43545 36242 46788.6886   44    5 98877.0000 44991.1860  54.5%   6.4  111s
 45202 37799 45691.9149   33   13 98877.0000 45001.0657  54.5%   6.4  116s
 47161 39541 46183.8255   40   12 98877.0000 45009.9305  54.5%   6.4  120s
 49107 41315 45724.4111   26   19 98877.0000 45020.4959  54.5%   6.4  125s
 51112 41559 48599.0000   65    7 98877.0000 45023.3327  54.5%   6.4  139s
 51114 41560 45543.1784   34   31 98877.0000 45023.3327  54.5%   6.4  141s
 51116 41562 45546.0216   23   33 98877.0000 45023.3327  54.5%   6.4  146s
H51118 39484                    98189.000000 45023.3327  54.1%   6.4  150s
H51118 37510                    94337.000000 45023.3327  52.3%   6.4  151s
 51121 37512 46792.1051   49   36 94337.0000 45023.3327  52.3%   6.4  155s
 51125 37515 47257.7972   65   35 94337.0000 45023.3327  52.3%   6.4  161s
 51127 37516 46453.9552   52   35 94337.0000 45023.3327  52.3%   6.4  165s
 51159 37570 45097.9763   31   27 94337.0000 45051.6898  52.2%   6.4  171s
 51223 37665 45408.8837   33   27 94337.0000 45128.2618  52.2%   6.5  175s
 51492 37792 45617.4089   36   22 94337.0000 45128.2618  52.2%   6.6  180s
 51850 38070 45590.1236   39   24 94337.0000 45128.2618  52.2%   6.7  185s
 52400 38354 45989.8114   42   21 94337.0000 45128.2618  52.2%   6.7  190s
 52725 38507 46019.2174   44   16 94337.0000 45191.6013  52.1%   6.7  195s
 52942 38717 46323.8250   46   11 94337.0000 45202.4874  52.1%   6.8  200s
 53504 39046 46737.9593   48   10 94337.0000 45240.5127  52.0%   6.8  205s
 54607 39654 46885.1816   50   13 94337.0000 45267.0841  52.0%   6.8  211s
 54860 39936 47471.2141   53    8 94337.0000 45267.0841  52.0%   6.8  216s
 55683 40495 51262.0000   74    - 94337.0000 45292.3639  52.0%   6.8  221s
 56724 41220 45993.5054   42   17 94337.0000 45292.3639  52.0%   6.9  226s
 58182 41953 45592.0353   35   21 94337.0000 45292.3639  52.0%   6.9  232s
 58988 42334 46361.8803   46    9 94337.0000 45352.6279  51.9%   6.9  235s
 60710 43545 46625.7689   52    4 94337.0000 45352.6279  51.9%   6.9  241s
 61663 43407 46054.3543   42   15 94337.0000 45377.9231  51.9%   6.9  245s
 61776 43899 46169.3156   43   14 94337.0000 45377.9231  51.9%   6.9  250s
 63696 44806 46122.9412   43   14 94337.0000 45396.3025  51.9%   6.9  257s
 64443 44731 46055.8977   42   15 94337.0000 45396.3025  51.9%   6.9  261s
 64987 45610 47601.6623   60    3 94337.0000 45396.3025  51.9%   6.9  269s
 65817 46264 46658.8626   51    6 94337.0000 45396.3025  51.9%   6.9  273s
 66994 46852 46360.2800   47   12 94337.0000 45396.3025  51.9%   6.9  278s
 68063 47605 45981.6157   42   18 94337.0000 45396.3025  51.9%   6.9  282s
 69400 48388 46316.6907   44   11 94337.0000 45486.1007  51.8%   6.9  287s
 70793 48927 47287.4516   60    3 94337.0000 45486.1007  51.8%   6.9  291s
 71874 49722 46098.1577   39   23 94337.0000 45519.4829  51.7%   6.9  296s
 73277 50565 46270.8247   43   15 94337.0000 45544.6187  51.7%   6.9  301s
 74829 51404 46133.6693   42   18 94337.0000 45544.6187  51.7%   6.9  306s
 76388 52294 46016.7039   38   23 94337.0000 45563.3364  51.7%   6.9  311s
 77985 53101 45950.5811   40   20 94337.0000 45575.2780  51.7%   6.9  317s
 79533 54022 46161.6756   40   19 94337.0000 45578.0752  51.7%   6.9  322s
 81157 54980 46026.1790   39   19 94337.0000 45596.2667  51.7%   6.9  328s
 82945 55838 45940.4643   39   22 94337.0000 45598.2808  51.7%   7.0  334s
 83767 55681 45809.1674   35   22 94337.0000 45598.2808  51.7%   7.0  335s
 84635 56630 46366.8974   43   14 94337.0000 45614.8532  51.6%   7.0  340s
 86169 57223 46323.9958   41   14 94337.0000 45615.3384  51.6%   7.0  347s
 87325 58075 47201.2234   53    8 94337.0000 45620.8991  51.6%   7.0  353s
 88852 59102 46051.6191   43   16 94337.0000 45631.3567  51.6%   7.0  360s
 90408 59821 46997.1301   58    8 94337.0000 45631.3567  51.6%   7.0  367s
 92045 60960 46535.3299   46   10 94337.0000 45639.1394  51.6%   7.0  374s
 93872 61838 46266.1511   38   21 94337.0000 45639.2317  51.6%   7.1  382s
 96027 61585 46234.4200   38   19 94337.0000 45645.9383  51.6%   7.1  388s
 96059 62166 46317.3906   39   18 94337.0000 45645.9383  51.6%   7.1  395s
 97144 62751 46363.5837   40   16 94337.0000 45645.9383  51.6%   7.1  402s
 98010 63495 46471.9816   41   16 94337.0000 45650.6902  51.6%   7.1  410s
 99312 64247 46479.1072   42   15 94337.0000 45653.7845  51.6%   7.1  418s
 100626 65096 46507.7192   43   15 94337.0000 45661.8319  51.6%   7.1  427s
 102071 64835 46608.9776   44   17 94337.0000 45666.3132  51.6%   7.1  435s
 102172 65459 46673.1038   45   16 94337.0000 45666.3132  51.6%   7.1  443s
 102974 66417 46804.5070   46   13 94337.0000 45666.6892  51.6%   7.1  453s
 104384 67630 46858.5896   47   13 94337.0000 45667.8103  51.6%   7.2  463s
 106468 68589 46427.8120   44   17 94337.0000 45667.8103  51.6%   7.2  476s
 108379 70025 47297.2792   58    6 94337.0000 45683.7637  51.6%   7.2  488s
 110990 71387 58687.0000   81    - 94337.0000 45691.8605  51.6%   7.2  500s
 113488 73068 46145.6339   44   20 94337.0000 45699.3765  51.6%   7.2  513s
 116383 74495 47059.4217   51    9 94337.0000 45700.6766  51.6%   7.2  527s
 119146 76264 46480.1708   44   15 94337.0000 45711.5743  51.5%   7.3  542s
 122088 77820 46684.4865   46   15 94337.0000 45711.6921  51.5%   7.3  558s
 125057 79406 46923.3477   58    8 94337.0000 45716.5465  51.5%   7.3  575s
 128036 81095 47332.9475   55   10 94337.0000 45729.6319  51.5%   7.3  592s
 130965 81088 47326.9560   63    5 94337.0000 45736.1642  51.5%   7.3  600s

Cutting planes:
  Gomory: 1
  Cover: 2
  MIR: 10
  Flow cover: 3

Explored 131786 nodes (969587 simplex iterations) in 601.19 seconds (276.42 work units)
Thread count was 32 (of 32 available processors)

Solution count 10: 94337 98189 98877 ... 149948

Time limit reached
Best objective 9.433700000000e+04, best bound 4.573616424772e+04, gap 51.5183%

User-callback calls 287196, time in user-callback 56.06 sec
