
Gurobi 13.0.2 (win64) logging started Wed Jul 15 20:49:12 2026

Set parameter LogFile to value "logs/kstar_nI40_nJ20_nK100_nL5_tI2_tJ2_s4_m0_exact_s0_20260715-204912.gurobi.log"
Set parameter Seed to value 0
Set parameter TimeLimit to value 599.9816833
Set parameter NodefileStart to value 4
Set parameter MIPGap to value 0
Set parameter MIPGapAbs to value 0.9999
Set parameter Cutoff to value 1e+100
Gurobi Optimizer version 13.0.2 build v13.0.2rc1 (win64 - Windows 11+.0 (26200.2))

CPU model: Intel(R) Core(TM) i9-14900HX, instruction set [SSE2|AVX|AVX2]
Thread count: 24 physical cores, 32 logical processors, using up to 32 threads

Non-default parameters:
TimeLimit  599.9816833
MIPGap  0
MIPGapAbs  0.9999
NodefileStart  4

Optimize a model with 900 rows, 14060 columns and 38300 nonzeros (Min)
Model fingerprint: 0xaf2a6e38
Model has 14060 linear objective coefficients
Variable types: 14000 continuous, 60 integer (60 binary)
Coefficient statistics:
  Matrix range     [1e+00, 1e+03]
  Objective range  [1e+00, 5e+02]
  Bounds range     [1e+00, 1e+00]
  RHS range        [5e+00, 2e+01]

Using branch priorities.
Found heuristic solution: objective 661909.00000
Presolve time: 0.03s
Presolved: 900 rows, 14060 columns, 38300 nonzeros
Variable types: 14000 continuous, 60 integer (60 binary)

Root relaxation: objective 5.190646e+04, 746 iterations, 0.00 seconds (0.01 work units)

    Nodes    |    Current Node    |     Objective Bounds      |     Work
 Expl Unexpl |  Obj  Depth IntInf | Incumbent    BestBd   Gap | It/Node Time

     0     0 51906.4603    0   56 661909.000 51906.4603  92.2%     -    0s
H    0     0                    67158.494365 51906.4603  22.7%     -    0s
H    0     0                    66723.000000 51906.4603  22.2%     -    0s
     0     0 57145.7931    0   37 66723.0000 57145.7931  14.4%     -    0s
H    0     0                    66698.000000 57425.1458  13.9%     -    0s
     0     0 63232.4139    0   34 66698.0000 63232.4139  5.20%     -    0s
     0     0 63362.2733    0   34 66698.0000 63362.2733  5.00%     -    0s
     0     0 64348.7904    0   25 66698.0000 64348.7904  3.52%     -    0s
     0     0 64457.8367    0   22 66698.0000 64457.8367  3.36%     -    0s
     0     0 64460.0930    0   22 66698.0000 64460.0930  3.36%     -    0s
     0     0 64558.1251    0   17 66698.0000 64558.1251  3.21%     -    0s
H    0     0                    65491.000000 64574.9326  1.40%     -    0s
     0     0 64574.9326    0   15 65491.0000 64574.9326  1.40%     -    0s
     0     0 64580.8922    0   11 65491.0000 64580.8922  1.39%     -    0s
H    0     0                    65391.406772 64580.8922  1.24%     -    0s
H    0     0                    65365.281772 64580.8922  1.20%     -    0s
H    0     0                    65094.907859 64580.8922  0.79%     -    0s
H    0     0                    65072.748768 64580.8922  0.76%     -    0s
H    0     0                    64928.000000 64580.8922  0.53%     -    0s
H    0     0                    64630.000000 64580.8922  0.08%     -    0s
*    0     0               0    64602.000000 64602.0000  0.00%     -    0s

Cutting planes:
  Implied bound: 367
  MIR: 147
  Flow cover: 46
  Relax-and-lift: 6

Explored 1 nodes (1600 simplex iterations) in 0.28 seconds (0.30 work units)
Thread count was 32 (of 32 available processors)

Solution count 9: 64602 64630 64928 ... 661909

Optimal solution found (tolerance 0.00e+00)
Best objective 6.460200000000e+04, best bound 6.460200000000e+04, gap 0.0000%
