
Gurobi 13.0.2 (win64) logging started Wed Jul 15 20:48:03 2026

Set parameter LogFile to value "logs/kstar_nI20_nJ40_nK100_nL5_tI4_tJ4_s3_m0_exact_s0_20260715-204803.gurobi.log"
Set parameter Seed to value 0
Set parameter TimeLimit to value 599.9698744
Set parameter NodefileStart to value 4
Set parameter MIPGap to value 0
Set parameter MIPGapAbs to value 0.9999
Set parameter Cutoff to value 1e+100
Gurobi Optimizer version 13.0.2 build v13.0.2rc1 (win64 - Windows 11+.0 (26200.2))

CPU model: Intel(R) Core(TM) i9-14900HX, instruction set [SSE2|AVX|AVX2]
Thread count: 24 physical cores, 32 logical processors, using up to 32 threads

Non-default parameters:
TimeLimit  599.9698744
MIPGap  0
MIPGapAbs  0.9999
NodefileStart  4

Optimize a model with 1000 rows, 24060 columns and 68300 nonzeros (Min)
Model fingerprint: 0x9d4d67e0
Model has 24060 linear objective coefficients
Variable types: 24000 continuous, 60 integer (60 binary)
Coefficient statistics:
  Matrix range     [1e+00, 1e+03]
  Objective range  [1e+00, 5e+02]
  Bounds range     [1e+00, 1e+00]
  RHS range        [5e+00, 2e+01]

Using branch priorities.
Found heuristic solution: objective 634953.00000
Presolve time: 0.05s
Presolved: 1000 rows, 24060 columns, 68300 nonzeros
Variable types: 24000 continuous, 60 integer (60 binary)

Root relaxation: objective 4.526142e+04, 1040 iterations, 0.01 seconds (0.01 work units)

    Nodes    |    Current Node    |     Objective Bounds      |     Work
 Expl Unexpl |  Obj  Depth IntInf | Incumbent    BestBd   Gap | It/Node Time

     0     0 45261.4228    0   59 634953.000 45261.4228  92.9%     -    0s
H    0     0                    59197.645111 45261.4228  23.5%     -    0s
H    0     0                    59196.778392 45261.4228  23.5%     -    0s
H    0     0                    59192.822228 45261.4228  23.5%     -    0s
H    0     0                    59158.725257 55487.1356  6.21%     -    0s
     0     0 55487.1356    0   27 59158.7253 55487.1356  6.21%     -    0s
H    0     0                    58043.000000 55551.1165  4.29%     -    0s
     0     0 55551.1165    0   25 58043.0000 55551.1165  4.29%     -    0s
     0     0 55554.9494    0   27 58043.0000 55554.9494  4.29%     -    0s
     0     0 56716.6600    0   26 58043.0000 56716.6600  2.29%     -    0s
     0     0 56847.4272    0   30 58043.0000 56847.4272  2.06%     -    0s
     0     0 56933.1217    0   21 58043.0000 56933.1217  1.91%     -    0s
     0     0 56934.0037    0   21 58043.0000 56934.0037  1.91%     -    0s
     0     0 57143.6207    0   30 58043.0000 57143.6207  1.55%     -    0s
H    0     0                    57432.000000 57156.2609  0.48%     -    0s
     0     0 57183.7002    0   29 57432.0000 57183.7002  0.43%     -    0s
     0     0 57184.0487    0   30 57432.0000 57184.0487  0.43%     -    0s
     0     0 57205.7581    0    3 57432.0000 57205.7581  0.39%     -    0s
H    0     0                    57285.000000 57205.7581  0.14%     -    0s
H    0     0                    57282.000000 57205.7581  0.13%     -    0s
     0     0 57219.7791    0    3 57282.0000 57219.7791  0.11%     -    0s
     0     0 57220.7676    0    3 57282.0000 57220.7676  0.11%     -    0s
     0     0 57228.6095    0    3 57282.0000 57228.6095  0.09%     -    0s
H    0     0                    57265.000000 57228.6095  0.06%     -    0s
     0     0 57228.6095    0    3 57265.0000 57228.6095  0.06%     -    0s
     0     0 57228.6095    0    3 57265.0000 57228.6095  0.06%     -    0s
     0     2 57228.6095    0    3 57265.0000 57228.6095  0.06%     -    0s

Cutting planes:
  Implied bound: 434
  MIR: 51
  Flow cover: 133
  Relax-and-lift: 18

Explored 3 nodes (2362 simplex iterations) in 0.66 seconds (0.65 work units)
Thread count was 32 (of 32 available processors)

Solution count 7: 57265 57282 57285 ... 59192.8

Optimal solution found (tolerance 0.00e+00)
Best objective 5.726500000000e+04, best bound 5.726500000000e+04, gap 0.0000%
