
Gurobi 13.0.2 (win64) logging started Sat Jul 11 08:23:48 2026

Set parameter LogFile to value "logs/kstar_nI20_nJ20_nK50_nL10_tI5_tJ5_s5_m0_exact_s0_20260711-082348.gurobi.log"
Set parameter Seed to value 0
Set parameter TimeLimit to value 599.9830459
Set parameter NodefileStart to value 4
Set parameter MIPGap to value 0
Set parameter MIPGapAbs to value 0.9999
Set parameter Cutoff to value 1e+100
Gurobi Optimizer version 13.0.2 build v13.0.2rc1 (win64 - Windows 11+.0 (26200.2))

CPU model: Intel(R) Core(TM) i9-14900HX, instruction set [SSE2|AVX|AVX2]
Thread count: 24 physical cores, 32 logical processors, using up to 32 threads

Non-default parameters:
TimeLimit  599.9830459
MIPGap  0
MIPGapAbs  0.9999
NodefileStart  4

Optimize a model with 1100 rows, 14040 columns and 38400 nonzeros (Min)
Model fingerprint: 0x2af8ffc9
Model has 14040 linear objective coefficients
Variable types: 14000 continuous, 40 integer (40 binary)
Coefficient statistics:
  Matrix range     [1e+00, 6e+02]
  Objective range  [1e+00, 5e+02]
  Bounds range     [1e+00, 1e+00]
  RHS range        [5e+00, 2e+01]

Using branch priorities.
Found heuristic solution: objective 641418.00000
Presolve time: 0.02s
Presolved: 1100 rows, 14040 columns, 38400 nonzeros
Variable types: 14000 continuous, 40 integer (40 binary)

Root relaxation: objective 6.530875e+04, 933 iterations, 0.00 seconds (0.01 work units)

    Nodes    |    Current Node    |     Objective Bounds      |     Work
 Expl Unexpl |  Obj  Depth IntInf | Incumbent    BestBd   Gap | It/Node Time

     0     0 65308.7529    0   39 641418.000 65308.7529  89.8%     -    0s
H    0     0                    72948.362950 65308.7529  10.5%     -    0s
H    0     0                    72941.743546 65308.7529  10.5%     -    0s
H    0     0                    72905.743546 65308.7529  10.4%     -    0s
H    0     0                    72875.743546 71249.7060  2.23%     -    0s
     0     0 71249.7060    0    8 72875.7435 71249.7060  2.23%     -    0s
H    0     0                    72674.695206 71305.7012  1.88%     -    0s
     0     0 71305.7012    0    7 72674.6952 71305.7012  1.88%     -    0s
H    0     0                    72530.946797 71793.7260  1.02%     -    0s
     0     0 71793.7260    0    5 72530.9468 71793.7260  1.02%     -    0s
H    0     0                    72529.006222 71799.9522  1.01%     -    0s
H    0     0                    71975.000000 71799.9522  0.24%     -    0s
     0     0 71834.5071    0    3 71975.0000 71834.5071  0.20%     -    0s
     0     0 71846.1417    0    3 71975.0000 71846.1417  0.18%     -    0s
     0     0 71863.3871    0    1 71975.0000 71863.3871  0.16%     -    0s
H    0     0                    71922.000000 71863.3871  0.08%     -    0s
H    0     0                    71875.000000 71863.3871  0.02%     -    0s
     0     0 71875.0000    0    1 71875.0000 71875.0000  0.00%     -    0s

Cutting planes:
  Implied bound: 414
  MIR: 40
  Flow cover: 164
  Relax-and-lift: 9

Explored 1 nodes (1318 simplex iterations) in 0.20 seconds (0.19 work units)
Thread count was 32 (of 32 available processors)

Solution count 4: 71875 71922 71975 72529 

Optimal solution found (tolerance 0.00e+00)
Best objective 7.187500000000e+04, best bound 7.187500000000e+04, gap 0.0000%
