
Gurobi 13.0.2 (win64) logging started Wed Jul 15 20:48:29 2026

Set parameter LogFile to value "logs/kstar_nI20_nJ40_nK50_nL10_tI6_tJ6_s4_m0_exact_s0_20260715-204829.gurobi.log"
Set parameter Seed to value 0
Set parameter TimeLimit to value 599.9629622
Set parameter NodefileStart to value 4
Set parameter MIPGap to value 0
Set parameter MIPGapAbs to value 0.9999
Set parameter Cutoff to value 1e+100
Gurobi Optimizer version 13.0.2 build v13.0.2rc1 (win64 - Windows 11+.0 (26200.2))

CPU model: Intel(R) Core(TM) i9-14900HX, instruction set [SSE2|AVX|AVX2]
Thread count: 24 physical cores, 32 logical processors, using up to 32 threads

Non-default parameters:
TimeLimit  599.9629622
MIPGap  0
MIPGapAbs  0.9999
NodefileStart  4

Optimize a model with 1500 rows, 28060 columns and 76600 nonzeros (Min)
Model fingerprint: 0x13bf04e9
Model has 28060 linear objective coefficients
Variable types: 28000 continuous, 60 integer (60 binary)
Coefficient statistics:
  Matrix range     [1e+00, 7e+02]
  Objective range  [1e+00, 5e+02]
  Bounds range     [1e+00, 1e+00]
  RHS range        [5e+00, 2e+01]

Using branch priorities.
Found heuristic solution: objective 629113.00000
Presolve time: 0.05s
Presolved: 1500 rows, 28060 columns, 76600 nonzeros
Variable types: 28000 continuous, 60 integer (60 binary)

Root relaxation: objective 4.631803e+04, 1510 iterations, 0.01 seconds (0.02 work units)

    Nodes    |    Current Node    |     Objective Bounds      |     Work
 Expl Unexpl |  Obj  Depth IntInf | Incumbent    BestBd   Gap | It/Node Time

     0     0 46318.0317    0   58 629113.000 46318.0317  92.6%     -    0s
H    0     0                    60471.045362 46318.0317  23.4%     -    0s
H    0     0                    60400.312180 46318.0317  23.3%     -    0s
H    0     0                    60351.105395 46318.0317  23.3%     -    0s
H    0     0                    60324.664818 56548.5960  6.26%     -    0s
     0     0 56548.5960    0   30 60324.6648 56548.5960  6.26%     -    0s
H    0     0                    58705.000000 56571.6435  3.63%     -    0s
H    0     0                    58677.000000 56571.6435  3.59%     -    0s
H    0     0                    58667.000000 56571.6435  3.57%     -    0s
H    0     0                    58649.000000 56571.6435  3.54%     -    0s
     0     0 56620.4045    0   26 58649.0000 56620.4045  3.46%     -    0s
     0     0 56621.2964    0   27 58649.0000 56621.2964  3.46%     -    0s
     0     0 57798.1520    0   31 58649.0000 57798.1520  1.45%     -    0s
H    0     0                    58529.000000 57824.2352  1.20%     -    0s
     0     0 57926.6144    0   29 58529.0000 57926.6144  1.03%     -    0s
     0     0 57939.3758    0   30 58529.0000 57939.3758  1.01%     -    0s
     0     0 57940.7769    0   29 58529.0000 57940.7769  1.01%     -    0s
     0     0 58106.0716    0   25 58529.0000 58106.0716  0.72%     -    0s
H    0     0                    58208.000000 58106.2963  0.17%     -    0s
     0     0 58113.4284    0    9 58208.0000 58113.4284  0.16%     -    0s
     0     0 58116.4177    0    5 58208.0000 58116.4177  0.16%     -    0s
     0     0 58117.1524    0    5 58208.0000 58117.1524  0.16%     -    0s
     0     0 58133.9128    0    7 58208.0000 58133.9128  0.13%     -    0s
H    0     0                    58180.000000 58134.2661  0.08%     -    0s
H    0     0                    58178.000000 58134.2661  0.08%     -    0s
H    0     0                    58172.000000 58134.2661  0.06%     -    0s
H    0     0                    58165.000000 58134.2661  0.05%     -    0s
     0     0 58152.5000    0    5 58165.0000 58152.5000  0.02%     -    0s
     0     0 58152.5000    0    5 58165.0000 58152.5000  0.02%     -    0s
     0     0 58152.5000    0    5 58165.0000 58152.5000  0.02%     -    0s
     0     2 58152.5000    0    5 58165.0000 58152.5000  0.02%     -    0s

Cutting planes:
  Implied bound: 393
  MIR: 43
  Flow cover: 224
  Relax-and-lift: 9

Explored 6 nodes (3067 simplex iterations) in 0.73 seconds (0.69 work units)
Thread count was 32 (of 32 available processors)

Solution count 8: 58165 58172 58178 ... 60324.7

Optimal solution found (tolerance 0.00e+00)
Best objective 5.816500000000e+04, best bound 5.816500000000e+04, gap 0.0000%
