
Gurobi 13.0.2 (win64) logging started Thu Jul 16 04:09:22 2026

Set parameter LogFile to value "logs/kstar_nI20_nJ40_nK100_nL10_tI6_tJ6_s1_m1_exact_s0_20260716-040922.gurobi.log"
Set parameter Seed to value 0
Set parameter TimeLimit to value 599.9397731
Set parameter MIPGap to value 0
Set parameter MIPGapAbs to value 0.5
Set parameter Cutoff to value 1e+100
Gurobi Optimizer version 13.0.2 build v13.0.2rc1 (win64 - Windows 11+.0 (26200.2))

CPU model: Intel(R) Core(TM) i9-14900HX, instruction set [SSE2|AVX|AVX2]
Thread count: 24 physical cores, 32 logical processors, using up to 32 threads

Non-default parameters:
TimeLimit  599.9397731
MIPGap  0
MIPGapAbs  0.5
PreCrush  1
LazyConstraints  1

Optimize a model with 20 rows, 70 columns and 600 nonzeros (Min)
Model fingerprint: 0x7006c802
Model has 70 linear objective coefficients
Variable types: 10 continuous, 60 integer (60 binary)
Coefficient statistics:
  Matrix range     [4e+00, 1e+03]
  Objective range  [1e+00, 5e+02]
  Bounds range     [1e+00, 1e+04]
  RHS range        [1e+03, 1e+03]

Using branch priorities.
Presolve removed 18 rows and 0 columns
Presolve time: 0.00s
Presolved: 2 rows, 70 columns, 60 nonzeros
Variable types: 10 continuous, 60 integer (60 binary)

Root relaxation: objective 8.302685e+04, 3 iterations, 0.00 seconds (0.00 work units)

    Nodes    |    Current Node    |     Objective Bounds      |     Work
 Expl Unexpl |  Obj  Depth IntInf | Incumbent    BestBd   Gap | It/Node Time

     0     0 83026.8524    0    2          - 83026.8524      -     -    0s
H    0     0                    336435.00000 83026.8524  75.3%     -    0s
H    0     0                    325344.00000 83026.8524  74.5%     -    0s
H    0     0                    313174.00000 83026.8524  73.5%     -    0s
H    0     0                    304648.00000 83026.8524  72.7%     -    0s
H    0     0                    295929.00000 83026.8524  71.9%     -    0s
     0     0 83160.4688    0    4 295929.000 83160.4688  71.9%     -    0s
     0     0 83229.0893    0    6 295929.000 83229.0893  71.9%     -    0s
     0     0 83274.4507    0    8 295929.000 83274.4507  71.9%     -    0s
     0     0 83277.6193    0    8 295929.000 83277.6193  71.9%     -    0s
H    0     0                    295873.00000 83278.1957  71.9%     -    0s
H    0     0                    279506.00000 83278.1957  70.2%     -    0s
     0     2 83326.6219    0    9 279506.000 83326.6219  70.2%     -    0s
  2874  2801 83550.0422   11   12 279506.000 83409.1229  70.2%   3.5    5s
H 3586  3015                    252762.00000 83443.7518  67.0%   3.4    7s
H 3593  2868                    248010.00000 83496.2445  66.3%   3.4    8s
H 3595  2726                    222268.00000 83496.2445  62.4%   3.4    9s
H 3602  2593                    216822.00000 83524.0026  61.5%   3.4    9s
H 3603  2594                    210563.00000 83524.0026  60.3%   3.4    9s
  3605  2595 83709.2554   32   23 210563.000 83524.0026  60.3%   3.4   10s
  3977  2925 83711.8220   25   21 210563.000 83552.4450  60.3%   4.5   15s
  4692  3383 83967.8286   31   13 210563.000 83552.4450  60.3%   5.2   20s
  5926  4201 84958.4841   44    4 210563.000 83580.1976  60.3%   5.3   25s
  7670  5113 84013.1116   38    9 210563.000 83592.3866  60.3%   5.2   30s
  8566  5530 84817.7712   46    6 210563.000 83596.7734  60.3%   5.3   35s
 10434  6668 90664.0000   65    - 210563.000 83612.5369  60.3%   5.4   40s
 12467  8070 84345.5985   52    5 210563.000 83613.4924  60.3%   5.4   45s
 13709  9009 83845.5229   31   17 210563.000 83629.7752  60.3%   5.4   50s
 15038 10149 84442.2007   43    7 210563.000 83638.7005  60.3%   5.4   55s
 16299 11097 84331.2381   40    7 210563.000 83638.7005  60.3%   5.5   60s
 16961 11925 84278.0924   41    4 210563.000 83649.2949  60.3%   5.5   65s
 18761 13698 83810.2896   29   13 210563.000 83657.5141  60.3%   5.5   70s
 20881 15050 84166.4659   30   15 210563.000 83657.5141  60.3%   5.5   76s
 21742 16230 84230.6238   33   15 210563.000 83660.6535  60.3%   5.6   81s
 23118 17378 84368.2808   35   11 210563.000 83680.9208  60.3%   5.5   85s
 25164 19632 84548.1816   38    9 210563.000 83685.2715  60.3%   5.6   91s
 27430 21333 84726.8533   40    8 210563.000 83685.2715  60.3%   5.5   96s
 29760 23504 84108.1372   30    8 210563.000 83685.2715  60.3%   5.5  102s
 31101 24599 84269.1741   37   14 210563.000 83708.2270  60.2%   5.5  106s
 33989 27279 84524.0387   38    7 210563.000 83723.9171  60.2%   5.6  113s
 35497 28442 84584.1244   36    8 210563.000 83729.2601  60.2%   5.6  117s
 36861 29912 84494.2870   41    8 210563.000 83729.2601  60.2%   5.6  122s
 38571 31331 84339.6022   38   17 210563.000 83732.5304  60.2%   5.6  126s
 40245 32815 84314.4974   35   13 210563.000 83739.3978  60.2%   5.6  130s
 43253 35244 84320.9694   31   13 210563.000 83749.8082  60.2%   5.7  138s
 44826 36565 83988.0554   30   16 210563.000 83750.2727  60.2%   5.7  143s
 46483 37877 84164.5353   31   16 210563.000 83754.2358  60.2%   5.7  147s
 47908 39060 84268.6770   31   16 210563.000 83754.2358  60.2%   5.8  152s
 49355 40729 83972.5043   31   20 210563.000 83758.1120  60.2%   5.8  158s
 51368 41081 85195.9273   60    5 210563.000 83765.7671  60.2%   5.8  162s
 51480 41716 85458.9641   60    3 210563.000 83765.7671  60.2%   5.8  167s
 52435 42692 85813.6175   61    3 210563.000 83765.9159  60.2%   5.8  172s
 53549 43351 85877.8557   61    3 210563.000 83766.9344  60.2%   5.8  177s
 54191 44140 85934.0215   62    2 210563.000 83767.3890  60.2%   5.8  182s
 55143 45146 86303.4104   62    4 210563.000 83772.2526  60.2%   5.8  188s
 56335 46238 86679.9052   63    4 210563.000 83775.2211  60.2%   5.8  194s
 57380 46372 84756.1447   44    9 210563.000 83776.5962  60.2%   5.9  195s
 57628 47613 84340.1983   34   13 210563.000 83776.5962  60.2%   5.9  201s
 59283 48937 84870.2186   42    6 210563.000 83783.3607  60.2%   5.9  208s
 60815 50482 92208.0000   68    - 210563.000 83786.8801  60.2%   5.9  216s
 62630 52130 105019.882   70    1 210563.000 83788.8416  60.2%   5.9  224s
 64650 53609 84618.1801   36   13 210563.000 83795.3125  60.2%   5.9  231s
 66269 55434 84455.9991   32    7 210563.000 83800.8189  60.2%   6.0  239s
 68772 57258 84446.0070   30   13 210563.000 83800.8189  60.2%   6.0  249s
 70814 57593 90117.0000   69    8 210563.000 83804.2918  60.2%   6.0  263s
H70815 54714                    200096.00000 83804.2918  58.1%   6.0  266s
 70818 54716 84669.8665   45   29 200096.000 83804.2918  58.1%   6.0  271s
 70819 54716 84688.9291   39   27 200096.000 83804.2918  58.1%   6.0  275s
H70819 51980                    156742.00000 83804.2918  46.5%   6.0  278s
 70824 51984 85160.7436   49   27 156742.000 83804.2918  46.5%   6.0  281s
 70825 51984 84237.2971   29   28 156742.000 83804.2918  46.5%   6.0  285s
 70827 51986 83930.3468   28   28 156742.000 83804.2918  46.5%   6.0  290s
H70828 49386                    152109.00000 83804.2918  44.9%   6.0  295s
H70829 49387                    150365.00000 83804.2918  44.3%   6.0  296s
 70831 49388 85515.0000   63   29 150365.000 83804.2918  44.3%   6.0  301s
H70831 46919                    148754.00000 83804.2918  43.7%   6.0  301s
H70831 44572                    147007.00000 83804.2918  43.0%   6.0  301s
H70832 44575                    146963.00000 83804.2918  43.0%   6.0  302s
 70847 44600 83804.2918   30   28 146963.000 83804.2918  43.0%   6.0  305s
 70927 44736 83869.4279   33   26 146963.000 83804.2918  43.0%   6.0  312s
 71085 44750 84564.6320   38   11 146963.000 83804.2918  43.0%   6.1  315s
 71257 44933 83994.2809   36   24 146963.000 83804.2918  43.0%   6.1  321s
 71565 45073 84782.9941   43    6 146963.000 83804.2918  43.0%   6.1  325s
 71820 45302 84686.6829   42   13 146963.000 83804.2918  43.0%   6.2  330s
 72165 45492 84425.7341   42   23 146963.000 83804.2918  43.0%   6.2  335s
 72607 45700 84089.0249   34   20 146963.000 83836.4792  43.0%   6.2  340s
 73067 45939 84744.7071   45    9 146963.000 83858.6508  42.9%   6.2  345s
 73551 46367 84825.4192   51   12 146963.000 83885.7776  42.9%   6.2  350s
 74181 46563 84193.7371   39   15 146963.000 83885.7776  42.9%   6.2  355s
 74811 46909 85548.9203   65    7 146963.000 83899.5860  42.9%   6.3  361s
 74856 47214 85975.9919   65    3 146963.000 83899.5860  42.9%   6.3  365s
 75787 47847 84243.6642   39   12 146963.000 83918.0095  42.9%   6.3  371s
 76897 48042 84563.9246   46   12 146963.000 83918.0095  42.9%   6.3  375s
 77585 48426 84562.9670   46   13 146963.000 83918.0095  42.9%   6.3  381s
 77632 48778 84620.2652   47   13 146963.000 83940.3989  42.9%   6.3  386s
 78310 49201 84619.5984   46   13 146963.000 83960.2965  42.9%   6.3  390s
 79767 50085 84622.1961   46   17 146963.000 83960.2965  42.9%   6.3  397s
 80599 50462 86490.2082   64    8 146963.000 83960.2965  42.9%   6.3  401s
 81282 50368 84159.2855   36   21 146963.000 83973.9215  42.9%   6.3  406s
 81364 50764 84171.3371   37   23 146963.000 83976.7805  42.9%   6.3  411s
 81935 51395 84173.2483   38   22 146963.000 83976.7805  42.9%   6.3  415s
 82988 51965 85636.7095   65    4 146963.000 83976.7805  42.9%   6.4  420s
 85019 52337 84199.4225   39   20 146963.000 83989.2324  42.9%   6.4  429s
 85059 52835 84239.9886   40   17 146963.000 83989.2324  42.9%   6.4  434s
 85749 53331 84247.3354   41   17 146963.000 84002.8326  42.8%   6.4  438s
 86631 54034 84183.7680   39   20 146963.000 84002.8326  42.8%   6.4  443s
 87833 54476 86083.0873   78    3 146963.000 84049.1917  42.8%   6.4  449s
 88610 55277 84240.9495   42   17 146963.000 84050.3379  42.8%   6.5  454s
 89509 55121 85076.2698   55    5 146963.000 84056.8920  42.8%   6.5  455s
 90073 55728 94473.0000   82    - 146963.000 84058.8107  42.8%   6.4  460s
 91294 56196 85104.3625   55    3 146963.000 84060.8710  42.8%   6.4  465s
 92199 57007 84427.8139   45   15 146963.000 84060.8710  42.8%   6.5  471s
 93679 56854 84419.7286   42   14 146963.000 84060.8710  42.8%   6.5  479s
 93783 56871 84518.9033   43   14 146963.000 84060.8710  42.8%   6.5  485s
 93849 57667 84641.2851   44   11 146963.000 84060.8710  42.8%   6.5  492s
 95001 58380 84461.0507   40   16 146963.000 84070.7508  42.8%   6.5  499s
 96229 59305 84544.9967   44   15 146963.000 84070.7508  42.8%   6.5  506s
 97802 60278 86804.6635   68    1 146963.000 84082.3667  42.8%   6.5  514s
 99584 61070 84233.2851   42   17 146963.000 84089.4720  42.8%   6.5  522s
 101116 61973 84632.9760   43    7 146963.000 84095.6125  42.8%   6.5  530s
 102975 62967 84203.1882   38   21 146963.000 84095.6125  42.8%   6.5  538s
 104863 64272 84846.4418   46   14 146963.000 84102.1986  42.8%   6.5  547s
 107037 63974 84272.6548   36   24 146963.000 84102.1986  42.8%   6.5  555s
 107267 64883 84310.5977   37   21 146963.000 84104.4076  42.8%   6.5  565s
 108575 66017 84293.6643   38   20 146963.000 84106.0170  42.8%   6.5  574s
 109112 65909 85131.4900   55    5 146963.000 84106.0170  42.8%   6.6  575s
 110556 66992 84417.3576   40   20 146963.000 84114.2790  42.8%   6.6  584s
 111364 66853 84595.0080   49   18 146963.000 84116.8613  42.8%   6.6  585s
 112702 68205 85090.2022   48    6 146963.000 84119.1705  42.8%   6.6  595s
 114716 68119 84409.2155   45   16 146963.000 84122.4899  42.8%   6.6  600s

Cutting planes:
  Gomory: 4
  MIR: 3
  StrongCG: 1
  Flow cover: 2

Explored 115103 nodes (758422 simplex iterations) in 601.35 seconds (278.91 work units)
Thread count was 32 (of 32 available processors)

Solution count 10: 146963 147007 150365 ... 252762

Time limit reached
Best objective 1.469630000000e+05, best bound 8.412248986690e+04, gap 42.7594%

User-callback calls 251262, time in user-callback 127.01 sec
