
Gurobi 13.0.2 (win64) logging started Thu Jul 16 23:14:42 2026

Set parameter LogFile to value "logs/kstar_nI40_nJ20_nK100_nL5_tI3_tJ3_s5_m1_exact_s0_20260716-231442.gurobi.log"
Set parameter Seed to value 0
Set parameter TimeLimit to value 599.9806327
Set parameter MIPGap to value 0
Set parameter MIPGapAbs to value 0.5
Set parameter Cutoff to value 1e+100
Gurobi Optimizer version 13.0.2 build v13.0.2rc1 (win64 - Windows 11+.0 (26200.2))

CPU model: Intel(R) Core(TM) i9-14900HX, instruction set [SSE2|AVX|AVX2]
Thread count: 24 physical cores, 32 logical processors, using up to 32 threads

Non-default parameters:
TimeLimit  599.9806327
MIPGap  0
MIPGapAbs  0.5
PreCrush  1
LazyConstraints  1

Optimize a model with 10 rows, 65 columns and 300 nonzeros (Min)
Model fingerprint: 0xf63036e9
Model has 65 linear objective coefficients
Variable types: 5 continuous, 60 integer (60 binary)
Coefficient statistics:
  Matrix range     [4e+01, 1e+03]
  Objective range  [1e+00, 5e+02]
  Bounds range     [1e+00, 1e+04]
  RHS range        [1e+03, 1e+03]

Using branch priorities.
Presolve removed 1 rows and 0 columns
Presolve time: 0.00s
Presolved: 9 rows, 65 columns, 280 nonzeros
Variable types: 5 continuous, 60 integer (60 binary)

Root relaxation: objective 4.737925e+04, 4 iterations, 0.00 seconds (0.00 work units)

    Nodes    |    Current Node    |     Objective Bounds      |     Work
 Expl Unexpl |  Obj  Depth IntInf | Incumbent    BestBd   Gap | It/Node Time

     0     0 47379.2468    0    2          - 47379.2468      -     -    0s
H    0     0                    309668.00000 47379.2468  84.7%     -    0s
H    0     0                    272512.00000 47379.2468  82.6%     -    0s
H    0     0                    264603.00000 47379.2468  82.1%     -    0s
H    0     0                    208073.00000 47379.2468  77.2%     -    0s
H    0     0                    194549.00000 47379.2468  75.6%     -    0s
     0     0 47459.1146    0    6 194549.000 47459.1146  75.6%     -    0s
     0     0 47548.6679    0    9 194549.000 47548.6679  75.6%     -    0s
     0     0 47609.1885    0   11 194549.000 47609.1885  75.5%     -    0s
     0     0 47611.4794    0   10 194549.000 47611.4794  75.5%     -    0s
     0     0 47615.3153    0   10 194549.000 47615.3153  75.5%     -    0s
     0     2 47617.6366    0   13 194549.000 47617.6366  75.5%     -    0s
H 3592  2952                    170260.00000 47699.2805  72.0%   2.9    2s
H 3605  2813                    144269.00000 47711.7935  66.9%   2.8    3s
H 3627  2685                    142050.00000 47729.5995  66.4%   2.8    4s
  3635  2700 47742.9821   12   17 142050.000 47733.2776  66.4%   3.0    5s
  5797  4081 52430.9418   54    1 142050.000 47769.1675  66.4%   4.5   10s
 10623  6430 49144.9126   36    1 142050.000 47842.4616  66.3%   4.3   15s
 14901  9588 49693.8847   45    3 142050.000 47877.6909  66.3%   4.2   20s
 17458 11603 49940.9472   64    1 142050.000 47899.1445  66.3%   4.2   25s
 20049 13616 48524.0282   36    8 142050.000 47906.2582  66.3%   4.2   30s
 23127 16625 49041.1385   45    7 142050.000 47927.9218  66.3%   4.1   35s
 26393 19326 49806.0000   65    - 142050.000 47935.6673  66.3%   4.2   40s
 30023 22635 48006.3191   22   16 142050.000 47955.5942  66.2%   4.1   45s
 32515 23893 50758.5784   59    2 142050.000 47959.3688  66.2%   4.1   50s
 33409 24969 48665.0875   30    4 142050.000 47963.5670  66.2%   4.1   56s
 35415 26822 48353.9249   27   12 142050.000 47971.2937  66.2%   4.1   62s
 36561 27744 48433.5557   27    9 142050.000 47972.9669  66.2%   4.1   65s
 38902 29883 49021.9910   39    7 142050.000 47981.8538  66.2%   4.2   70s
 41715 32118 48685.1957   37    7 142050.000 47986.3885  66.2%   4.2   76s
 44766 34943 48113.9889   29   17 142050.000 47996.5098  66.2%   4.2   82s
 46433 36370 48281.5821   25   11 142050.000 48000.7534  66.2%   4.2   85s
 49887 38117 50404.2401   51   10 142050.000 48003.3632  66.2%   4.2   99s
 49889 38118 49665.0000   52   24 142050.000 48003.3632  66.2%   4.2  100s
 49894 38122 49138.1413   48   26 142050.000 48003.3632  66.2%   4.2  106s
H49894 36215                    134093.00000 48003.3632  64.2%   4.2  107s
 49898 36217 48513.5730   34   28 134093.000 48003.3632  64.2%   4.2  110s
H49898 34406                    121669.00000 48003.3632  60.5%   4.2  111s
 49905 34411 49197.7590   47   29 121669.000 48003.3632  60.5%   4.2  115s
 49911 34415 49048.0000   39   28 121669.000 48003.3632  60.5%   4.2  120s
 49921 34431 48003.3632   27   24 121669.000 48003.3632  60.5%   4.2  125s
 50177 34625 48204.8038   32   25 121669.000 48003.3632  60.5%   4.3  131s
 50538 34953 48479.2877   35   20 121669.000 48003.3632  60.5%   4.4  135s
 50964 35235 49045.0559   38   16 121669.000 48003.3632  60.5%   4.4  140s
 51997 35808 48998.1970   44    7 121669.000 48003.3632  60.5%   4.4  145s
 53739 36650 56716.8675   62    1 121669.000 48003.3632  60.5%   4.4  150s
 54620 36988 48480.0403   34   10 121669.000 48003.3632  60.5%   4.4  156s
 55516 37762 49305.8645   67    1 121669.000 48009.3371  60.5%   4.4  162s
 56195 38147 48163.1991   35   19 121669.000 48009.3371  60.5%   4.4  165s
 57700 38824 49589.7647   44    7 121669.000 48016.3183  60.5%   4.4  172s
 58436 39299 49033.1924   42    3 121669.000 48016.3183  60.5%   4.4  175s
 59934 40153 50746.5848   74    3 121669.000 48088.2644  60.5%   4.5  180s
 60888 40314 48501.1025   38   14 121669.000 48092.2593  60.5%   4.5  186s
 62154 41178 49483.2187   50    6 121669.000 48136.9462  60.4%   4.5  192s
 63033 41607 50143.7285   58    5 121669.000 48141.0317  60.4%   4.5  196s
 64001 41885 57977.0000   75    - 121669.000 48166.9156  60.4%   4.5  202s
 64625 42486 90142.0000   80    - 121669.000 48192.0328  60.4%   4.5  206s
 65657 43038 49034.8873   56    4 121669.000 48202.9124  60.4%   4.5  210s
 67833 44245 55814.5206   69    2 121669.000 48205.2540  60.4%   4.5  217s
 69197 44820 49692.5838   50    3 121669.000 48216.9690  60.4%   4.5  221s
 70421 45485 48396.1239   36   20 121669.000 48227.9988  60.4%   4.5  225s
 73059 45968 48452.0996   32   19 121669.000 48259.3201  60.3%   4.5  233s
 73218 46489 48481.7591   33   21 121669.000 48259.3201  60.3%   4.5  237s
 74077 46592 49732.8661   67    4 121669.000 48259.3684  60.3%   4.5  242s
 75235 47405 48807.1480   44   13 121669.000 48259.3684  60.3%   4.5  247s
 76279 48062 48934.3294   40    9 121669.000 48270.2834  60.3%   4.5  252s
 77526 48810 49467.7071   45   11 121669.000 48274.4680  60.3%   4.5  257s
 78933 49485 50890.6342   62    2 121669.000 48281.2215  60.3%   4.5  262s
 80284 50234 49769.5619   73    3 121669.000 48286.3789  60.3%   4.5  267s
 81693 51056 62586.0002   75    1 121669.000 48293.1220  60.3%   4.5  272s
 83417 51963 48555.9391   42   16 121669.000 48297.8198  60.3%   4.5  278s
 85141 52985 49251.3144   52    6 121669.000 48302.8707  60.3%   4.5  283s
 87187 54031 48804.9709   38   14 121669.000 48311.2308  60.3%   4.5  289s
 88738 53752 49915.3424   67    1 121669.000 48312.9128  60.3%   4.5  290s
 89163 54955 49341.9596   51    5 121669.000 48320.4459  60.3%   4.5  295s
 91151 54680 48539.6682   38   17 121669.000 48325.3151  60.3%   4.5  301s
 91183 55626 48739.7270   39   14 121669.000 48325.3151  60.3%   4.5  309s
 92859 56749 48766.7770   40   14 121669.000 48325.3151  60.3%   4.5  316s
 94883 57961 48879.2510   40   10 121669.000 48331.9226  60.3%   4.5  323s
 97065 58877 48710.6874   39   15 121669.000 48338.3202  60.3%   4.5  332s
 99137 60246 48877.1581   40   14 121669.000 48345.1421  60.3%   4.6  339s
 100779 59956 49006.5792   42    7 121669.000 48346.7197  60.3%   4.6  340s
 101613 61383 48691.6744   38   13 121669.000 48352.4695  60.3%   4.6  347s
 103747 62378 48986.9698   41   12 121669.000 48361.2169  60.3%   4.6  353s
 106409 63633 49020.0503   42   11 121669.000 48365.8440  60.2%   4.6  362s
 108992 65312 49536.7556   54    4 121669.000 48370.7435  60.2%   4.6  370s
 112028 66560 49764.2464   47    3 121669.000 48378.6903  60.2%   4.6  379s
 115037 68220 51921.8130   79    1 121669.000 48384.5800  60.2%   4.6  389s
 118063 69676 48517.9379   33   14 121669.000 48393.5781  60.2%   4.6  398s
 120896 70379 48972.3556   46    9 121669.000 48399.8131  60.2%   4.6  409s
 122445 70138 48494.5740   37   19 121669.000 48400.5952  60.2%   4.6  410s
 122783 71637 49066.1280   47   10 121669.000 48400.5952  60.2%   4.6  420s
 125558 73374 50013.9819   76    3 121669.000 48409.4034  60.2%   4.6  431s
 128752 74817 59569.0000   64    - 121669.000 48413.2437  60.2%   4.6  442s
 131631 76275 49021.1452   47   11 121669.000 48420.7279  60.2%   4.6  453s
 135219 76466 48991.0180   41    6 121669.000 48427.0873  60.2%   4.6  464s
 136199 77740 49076.1950   42    4 121669.000 48427.0873  60.2%   4.6  476s
 138319 78824 49097.8545   43    3 121669.000 48428.4209  60.2%   4.6  489s
 140310 78589 49077.6117   45    5 121669.000 48428.4209  60.2%   4.6  490s
 140782 80137 49105.4152   44    3 121669.000 48432.4411  60.2%   4.6  501s
 143372 81461 49202.5327   45    2 121669.000 48432.4411  60.2%   4.6  513s
 145919 82308 50749.1863   59    2 121669.000 48443.5730  60.2%   4.6  526s
 149397 84183 49304.8403   45    7 121669.000 48449.2401  60.2%   4.6  539s
 152467 85737 48734.5879   37   13 121669.000 48453.2658  60.2%   4.6  551s
 155743 87859 49362.4529   48    7 121669.000 48456.6978  60.2%   4.6  562s
 158338 90488 49502.2616   54    3 121669.000 48464.3261  60.2%   4.6  574s
 158993 90596 48953.3463   47   14 121669.000 48464.3261  60.2%   4.6  575s
 161502 92474 49842.1942   51    2 121669.000 48469.4669  60.2%   4.6  590s
 164188 94709 49298.1435   48    7 121669.000 48470.2015  60.2%   4.6  600s

Cutting planes:
  Cover: 2
  MIR: 12
  StrongCG: 2
  Flow cover: 5

Explored 166746 nodes (765337 simplex iterations) in 602.43 seconds (233.82 work units)
Thread count was 32 (of 32 available processors)

Solution count 10: 121669 134093 142050 ... 309668

Time limit reached
Best objective 1.216690000000e+05, best bound 4.847703752803e+04, gap 60.1566%

User-callback calls 370733, time in user-callback 64.23 sec
