
Gurobi 13.0.2 (win64) logging started Thu Jul 16 16:02:41 2026

Set parameter LogFile to value "logs/kstar_nI20_nJ40_nK50_nL5_tI5_tJ5_s2_m1_exact_s0_20260716-160241.gurobi.log"
Set parameter Seed to value 0
Set parameter TimeLimit to value 599.9806652
Set parameter MIPGap to value 0
Set parameter MIPGapAbs to value 0.5
Set parameter Cutoff to value 1e+100
Gurobi Optimizer version 13.0.2 build v13.0.2rc1 (win64 - Windows 11+.0 (26200.2))

CPU model: Intel(R) Core(TM) i9-14900HX, instruction set [SSE2|AVX|AVX2]
Thread count: 24 physical cores, 32 logical processors, using up to 32 threads

Non-default parameters:
TimeLimit  599.9806652
MIPGap  0
MIPGapAbs  0.5
PreCrush  1
LazyConstraints  1

Optimize a model with 10 rows, 65 columns and 300 nonzeros (Min)
Model fingerprint: 0xdcae32fd
Model has 65 linear objective coefficients
Variable types: 5 continuous, 60 integer (60 binary)
Coefficient statistics:
  Matrix range     [1e+00, 7e+02]
  Objective range  [1e+00, 5e+02]
  Bounds range     [1e+00, 5e+03]
  RHS range        [6e+02, 7e+02]

Using branch priorities.
Presolve removed 8 rows and 0 columns
Presolve time: 0.00s
Presolved: 2 rows, 65 columns, 60 nonzeros
Variable types: 5 continuous, 60 integer (60 binary)

Root relaxation: objective 2.367014e+04, 5 iterations, 0.00 seconds (0.00 work units)

    Nodes    |    Current Node    |     Objective Bounds      |     Work
 Expl Unexpl |  Obj  Depth IntInf | Incumbent    BestBd   Gap | It/Node Time

     0     0 23670.1404    0    2          - 23670.1404      -     -    0s
H    0     0                    98214.000000 23670.1404  75.9%     -    0s
H    0     0                    96340.000000 23670.1404  75.4%     -    0s
H    0     0                    88592.000000 23670.1404  73.3%     -    0s
H    0     0                    74255.000000 23670.1404  68.1%     -    0s
     0     0 24126.3247    0    7 74255.0000 24126.3247  67.5%     -    0s
     0     0 24188.0302    0   10 74255.0000 24188.0302  67.4%     -    0s
     0     0 24249.8716    0    8 74255.0000 24249.8716  67.3%     -    0s
     0     0 24266.8001    0    8 74255.0000 24266.8001  67.3%     -    0s
     0     0 24317.5026    0   12 74255.0000 24317.5026  67.3%     -    0s
     0     0 24408.2080    0    9 74255.0000 24408.2080  67.1%     -    0s
     0     0 24419.0329    0    8 74255.0000 24419.0329  67.1%     -    0s
     0     0 24562.8138    0    8 74255.0000 24562.8138  66.9%     -    0s
     0     0 24581.8419    0   10 74255.0000 24581.8419  66.9%     -    0s
H    0     0                    68483.000000 24581.9070  64.1%     -    0s
     0     0 24589.0120    0   11 68483.0000 24589.0120  64.1%     -    0s
     0     0 24589.1278    0   11 68483.0000 24589.1278  64.1%     -    0s
H    0     0                    67487.000000 24589.1682  63.6%     -    0s
H    0     0                    65270.000000 24589.1682  62.3%     -    0s
     0     2 24612.1497    0   10 65270.0000 24612.1497  62.3%     -    0s
H 3359  2905                    57179.000000 24656.8478  56.9%   3.2    1s
H 3367  2764                    56009.000000 24755.6036  55.8%   3.2    2s
  5104  4014 27776.5283   48    2 56009.0000 24922.3677  55.5%   4.7    5s
 14570 10004 25700.6445   24   22 56009.0000 25141.1397  55.1%   5.1   10s
 17889 12727 26555.7772   37    8 56009.0000 25218.8897  55.0%   5.2   15s
 23789 18318 26547.2615   43    7 56009.0000 25250.6954  54.9%   5.3   20s
 31540 25212 27007.4551   46    2 56009.0000 25284.7108  54.9%   5.4   25s
 37496 30357 26975.4916   41    5 56009.0000 25367.7151  54.7%   5.4   30s
 41648 33968 26594.1593   25   14 56009.0000 25390.4091  54.7%   5.4   35s
 45554 37037 26659.6744   26   18 56009.0000 25414.2938  54.6%   5.4   40s
 47797 38609 26131.8071   28   12 56009.0000 25419.2513  54.6%   5.5   45s
 50560 41751 28647.1262   59    1 56009.0000 25432.8354  54.6%   5.5   51s
 53759 44554 26109.8452   23   18 56009.0000 25449.0138  54.6%   5.5   55s
 57004 46122 25492.1252   22   11 56009.0000 25470.2333  54.5%   5.5   65s
H57005 43816                    49151.000000 25470.2333  48.2%   5.5   66s
H57007 41626                    47191.000000 25533.4002  45.9%   5.5   68s
H57010 39547                    46171.000000 25533.4002  44.7%   5.5   70s
H57010 37569                    45142.000000 25533.4002  43.4%   5.5   70s
 57019 37575 26846.2040   40   32 45142.0000 25533.4002  43.4%   5.5   75s
H57024 35699                    44235.000000 25556.6601  42.2%   5.5   79s
 57026 35704 25632.7039   27   28 44235.0000 25556.6601  42.2%   5.5   80s
 57274 36008 26876.9678   35   18 44235.0000 25878.5640  41.5%   5.6   85s
 58387 36585 27883.8951   47    5 44235.0000 25878.5640  41.5%   5.7   90s
 59371 37207 28287.3290   59    5 44235.0000 25878.5640  41.5%   5.8   95s
 61278 38398 26534.4437   38   22 44235.0000 26084.8681  41.0%   5.8  100s
 62810 39168 30069.7087   76    4 44235.0000 26170.8900  40.8%   5.9  105s
 65145 40492 26852.7449   41   20 44235.0000 26219.5110  40.7%   5.9  111s
 67427 41686 32071.0000   74    - 44235.0000 26332.5547  40.5%   5.9  115s
 69990 43145 27306.1764   47   10 44235.0000 26343.6619  40.4%   6.0  120s
 71204 43004 27327.4336   42   14 44235.0000 26343.6619  40.4%   6.0  126s
 72059 43352 27202.5932   42   16 44235.0000 26343.6619  40.4%   6.0  130s
 72996 43865 26990.0770   41   18 44235.0000 26343.6619  40.4%   6.0  135s
 74659 45329 27569.9405   47   13 44235.0000 26430.1417  40.3%   6.0  141s
 76393 46235 26843.7264   38   17 44235.0000 26440.7915  40.2%   6.1  146s
 78517 47403 26744.0949   37   21 44235.0000 26497.9361  40.1%   6.1  150s
 80605 48670 28866.6824   69    1 44235.0000 26500.7587  40.1%   6.1  156s
 83317 50168 27805.4131   48   11 44235.0000 26523.2384  40.0%   6.2  162s
 85099 51082 27454.4136   48   10 44235.0000 26534.2400  40.0%   6.2  165s
 88246 52639 27526.1432   39   16 44235.0000 26556.5503  40.0%   6.2  171s
 90054 53400 27272.5676   41   17 44235.0000 26562.0903  40.0%   6.3  175s
 92920 55854 27848.6738   50    8 44235.0000 26562.0903  40.0%   6.3  182s
 95041 56596 28462.8123   66    2 44235.0000 26577.7733  39.9%   6.3  186s
 97144 58043 27363.3961   47   10 44235.0000 26585.7877  39.9%   6.2  190s
 99461 59104 27689.0981   49   13 44235.0000 26586.3697  39.9%   6.2  195s
 103625 61247 27596.2728   42   14 44235.0000 26612.1196  39.8%   6.3  203s
 105666 62453 27360.9532   43   15 44235.0000 26630.2882  39.8%   6.3  210s
 107641 63636 29816.7833   69    1 44235.0000 26630.4202  39.8%   6.3  215s
 110014 64684 27265.0598   43   19 44235.0000 26643.2897  39.8%   6.3  220s
 112115 66053 27843.9777   59    6 44235.0000 26655.4817  39.7%   6.3  225s
 114641 67501 27425.8328   44   14 44235.0000 26666.0662  39.7%   6.3  231s
 117204 68825 27293.2166   39   22 44235.0000 26678.6259  39.7%   6.3  236s
 119842 69950 27150.8157   35   21 44235.0000 26686.8479  39.7%   6.4  242s
 122284 71370 28511.6747   60    5 44235.0000 26686.8479  39.7%   6.4  248s
 125062 72583 27329.7211   44   18 44235.0000 26693.7528  39.7%   6.4  254s
 126759 72264 29197.9936   63    2 44235.0000 26695.5253  39.7%   6.4  255s
 127425 74318 30617.0000   69    - 44235.0000 26710.7234  39.6%   6.4  260s
 130392 74014 27407.2394   43   17 44235.0000 26725.2467  39.6%   6.4  267s
 130743 75193 27923.1202   59    3 44235.0000 26725.2467  39.6%   6.4  273s
 132463 76778 27327.3772   41   20 44235.0000 26728.9066  39.6%   6.4  280s
 135005 78426 27386.8131   47   16 44235.0000 26735.8849  39.6%   6.4  287s
 138006 79675 27652.6027   45   13 44235.0000 26744.6844  39.5%   6.4  294s
 140616 81280 27265.2802   40   18 44235.0000 26754.3962  39.5%   6.4  302s
 143470 82818 27704.2850   45    9 44235.0000 26760.0357  39.5%   6.5  309s
 146232 84141 27724.1941   49   10 44235.0000 26771.6040  39.5%   6.5  317s
 149101 85869 27681.0157   47   13 44235.0000 26777.6262  39.5%   6.5  324s
 152147 87075 27454.4786   45   17 44235.0000 26784.7153  39.4%   6.5  332s
 155225 88746 29504.3164   69    2 44235.0000 26794.5332  39.4%   6.5  339s
 158182 89832 27628.3751   44   14 44235.0000 26802.6758  39.4%   6.5  345s
 160305 91507 27988.7134   41   16 44235.0000 26813.1308  39.4%   6.5  353s
 163274 92975 29692.5098   60    5 44235.0000 26813.6901  39.4%   6.5  360s
 166263 95168 28952.7354   58    3 44235.0000 26826.6605  39.4%   6.5  368s
 169065 97546 28340.4420   48   15 44235.0000 26835.6673  39.3%   6.5  375s
 171897 99820 27954.4797   42   12 44235.0000 26840.3456  39.3%   6.5  383s
 174444 101621 28541.3558   48    7 44235.0000 26848.9632  39.3%   6.5  392s
 176161 103730 29565.7651   69    2 44235.0000 26848.9632  39.3%   6.6  399s
 178999 105891 27926.3732   41   20 44235.0000 26850.0514  39.3%   6.6  406s
 181339 107921 27925.5907   47   12 44235.0000 26859.6294  39.3%   6.5  414s
 183462 108267 27741.7320   48   19 44235.0000 26861.6796  39.3%   6.5  415s
 183964 110323 27966.9805   45   17 44235.0000 26864.1427  39.3%   6.5  422s
 186610 112427 27742.0373   40   21 44235.0000 26871.0355  39.3%   6.6  429s
 188999 114485 29540.6267   75    2 44235.0000 26871.0355  39.3%   6.6  436s
 191251 116373 28040.4559   44   19 44235.0000 26881.3705  39.2%   6.6  445s
 193640 118105 28723.0899   79    2 44235.0000 26882.7802  39.2%   6.6  453s
 196554 120448 27558.4677   43   17 44235.0000 26888.9799  39.2%   6.6  461s
 198545 122464 27558.6016   37   22 44235.0000 26891.5176  39.2%   6.6  468s
 201151 123219 27941.2548   45   14 44235.0000 26895.9258  39.2%   6.6  476s
 201702 124019 28101.8626   46   16 44235.0000 26895.9258  39.2%   6.6  482s
 202723 124994 28123.8506   47   14 44235.0000 26897.0584  39.2%   6.6  489s
 203968 126303 28183.1078   48   12 44235.0000 26899.0483  39.2%   6.6  496s
 205576 127912 28236.9199   49   12 44235.0000 26902.4102  39.2%   6.6  503s
 207450 129535 28337.1030   50   10 44235.0000 26905.1209  39.2%   6.6  511s
 209290 130980 28254.1836   50   17 44235.0000 26912.1110  39.2%   6.6  519s
 210641 131128 28165.4657   44   19 44235.0000 26914.6657  39.2%   6.6  520s
 210828 132533 28016.5133   41   14 44235.0000 26915.1103  39.2%   6.6  528s
 212877 134498 31985.0000   84    - 44235.0000 26917.0340  39.1%   6.6  536s
 215251 136432 27526.6930   38   21 44235.0000 26921.4796  39.1%   6.6  544s
 215555 136464 31959.0000   72    - 44235.0000 26923.0642  39.1%   6.6  545s
 217385 138223 28599.7468   53    9 44235.0000 26926.0022  39.1%   6.7  553s
 219371 139914 28802.0909   44   14 44235.0000 26930.5745  39.1%   6.7  561s
 221284 141981 28027.4516   42   20 44235.0000 26932.3778  39.1%   6.7  569s
 223474 142275 32895.0000   77    - 44235.0000 26936.2205  39.1%   6.7  570s
 223802 142912 28723.7757   64    4 44235.0000 26937.8129  39.1%   6.7  583s
 224670 144458 27742.8534   42   21 44235.0000 26937.8129  39.1%   6.7  592s
 226581 145755 27672.0716   42   18 44235.0000 26941.5632  39.1%   6.7  600s

Cutting planes:
  Gomory: 4
  MIR: 8
  Flow cover: 5

Explored 228032 nodes (1528388 simplex iterations) in 601.53 seconds (202.50 work units)
Thread count was 32 (of 32 available processors)

Solution count 10: 44235 45142 46171 ... 68483

Time limit reached
Best objective 4.423500000000e+04, best bound 2.694265831671e+04, gap 39.0920%

User-callback calls 475541, time in user-callback 43.80 sec
