
Gurobi 13.0.2 (win64) logging started Fri Jul 17 22:15:20 2026

Set parameter LogFile to value "logs/kstar_nI40_nJ40_nK50_nL10_tI6_tJ6_s2_m1_exact_s0_20260717-221520.gurobi.log"
Set parameter Seed to value 0
Set parameter TimeLimit to value 599.9565002
Set parameter MIPGap to value 0
Set parameter MIPGapAbs to value 0.5
Set parameter Cutoff to value 1e+100
Gurobi Optimizer version 13.0.2 build v13.0.2rc1 (win64 - Windows 11+.0 (26200.2))

CPU model: Intel(R) Core(TM) i9-14900HX, instruction set [SSE2|AVX|AVX2]
Thread count: 24 physical cores, 32 logical processors, using up to 32 threads

Non-default parameters:
TimeLimit  599.9565002
MIPGap  0
MIPGapAbs  0.5
PreCrush  1
LazyConstraints  1

Optimize a model with 20 rows, 90 columns and 800 nonzeros (Min)
Model fingerprint: 0xe35e9695
Model has 90 linear objective coefficients
Variable types: 10 continuous, 80 integer (80 binary)
Coefficient statistics:
  Matrix range     [3e+00, 7e+02]
  Objective range  [1e+00, 5e+02]
  Bounds range     [1e+00, 4e+03]
  RHS range        [6e+02, 7e+02]

Using branch priorities.
Presolve removed 18 rows and 0 columns
Presolve time: 0.00s
Presolved: 2 rows, 90 columns, 80 nonzeros
Variable types: 10 continuous, 80 integer (80 binary)

Root relaxation: objective 3.594032e+04, 4 iterations, 0.00 seconds (0.00 work units)

    Nodes    |    Current Node    |     Objective Bounds      |     Work
 Expl Unexpl |  Obj  Depth IntInf | Incumbent    BestBd   Gap | It/Node Time

     0     0 35940.3217    0    2          - 35940.3217      -     -    0s
H    0     0                    174012.00000 35940.3217  79.3%     -    0s
H    0     0                    155570.00000 35940.3217  76.9%     -    0s
H    0     0                    143430.00000 35940.3217  74.9%     -    0s
     0     0 36280.7133    0    5 143430.000 36280.7133  74.7%     -    0s
     0     0 36285.2372    0    5 143430.000 36285.2372  74.7%     -    0s
H    0     0                    141425.00000 36285.2372  74.3%     -    0s
H    0     0                    134840.00000 36294.7141  73.1%     -    0s
H    0     0                    134094.00000 36294.7141  72.9%     -    0s
H    0     0                    123668.00000 36294.7141  70.7%     -    0s
     0     2 36618.4940    0    8 123668.000 36618.4940  70.4%     -    0s
H 3350  2955                    121027.00000 36837.4953  69.6%   3.1    3s
H 3353  2809                    96109.000000 36837.4953  61.7%   3.1    3s
  3367  2821 36953.6988   11   18 96109.0000 36898.8584  61.6%   3.1    5s
  4649  3784 38065.8272   28   14 96109.0000 37123.0587  61.4%   5.5   10s
  7990  5783 38448.5111   34    8 96109.0000 37153.8866  61.3%   4.9   15s
 12575  8190 45539.7865   70    2 96109.0000 37351.6314  61.1%   4.8   20s
 13976  9563 40326.9492   62    1 96109.0000 37364.9449  61.1%   4.9   25s
 16639 11648 38810.1098   42    8 96109.0000 37418.8018  61.1%   4.8   30s
 17816 12759 38087.2776   25   12 96109.0000 37438.5706  61.0%   4.9   35s
 20068 14968 39573.1164   51    4 96109.0000 37472.3337  61.0%   4.9   41s
 22475 16958 39613.1945   56    2 96109.0000 37472.3337  61.0%   4.9   45s
 26078 20462 40296.9850   62    1 96109.0000 37587.4634  60.9%   4.9   51s
 29700 23976 38611.0428   20   15 96109.0000 37606.9086  60.9%   4.9   56s
 32394 25879 38218.8502   23   15 96109.0000 37621.4531  60.9%   4.9   61s
 34006 27774 38826.8803   41    6 96109.0000 37622.9996  60.9%   5.0   65s
 37156 30636 38569.8784   29   16 96109.0000 37699.3732  60.8%   5.0   70s
 40502 33400 38537.0028   31   12 96109.0000 37712.2996  60.8%   5.0   76s
 43403 35712 42312.0000   71    - 96109.0000 37716.4299  60.8%   5.0   82s
 44717 36519 38760.3206   25   17 96109.0000 37736.3864  60.7%   5.0   85s
 46310 38508 39244.6680   35    7 96109.0000 37739.6210  60.7%   5.2   90s
 49371 40198 38077.6875   25    5 96109.0000 37773.6927  60.7%   5.2  104s
 49373 40199 38831.9312   34   32 96109.0000 37773.6927  60.7%   5.2  106s
 49375 40201 40812.0000   68   32 96109.0000 37773.6927  60.7%   5.2  111s
 49380 40204 40941.3401   64   31 96109.0000 37773.6927  60.7%   5.1  115s
H49380 38193                    92997.000000 37773.6927  59.4%   5.1  118s
H49380 36283                    89745.000000 37773.6927  57.9%   5.1  118s
 49382 36284 40725.0000   67   33 89745.0000 37773.6927  57.9%   5.1  120s
 49387 36288 38684.7742   33   31 89745.0000 37773.6927  57.9%   5.1  126s
 49389 36289 38316.0474   22   31 89745.0000 37773.6927  57.9%   5.1  130s
 49406 36317 38017.9183   25   30 89745.0000 37773.6927  57.9%   5.2  135s
 49571 36443 38429.8491   29   29 89745.0000 37899.6283  57.8%   5.3  141s
 49893 36737 38634.6895   33   24 89745.0000 37899.6283  57.8%   5.4  145s
 50522 37078 38924.6636   37   19 89745.0000 37899.6283  57.8%   5.5  150s
 50765 37355 39090.8782   39   15 89745.0000 37899.6283  57.8%   5.5  155s
 51653 37822 39479.2208   48   10 89745.0000 37909.9606  57.8%   5.5  160s
 52776 38619 39930.7054   59    3 89745.0000 37990.0653  57.7%   5.5  165s
 54143 39415 40164.3986   66    3 89745.0000 38027.1535  57.6%   5.5  170s
 54701 39590 38381.0396   31   25 89745.0000 38027.1535  57.6%   5.5  175s
 55149 39812 38758.8104   39   20 89745.0000 38068.5779  57.6%   5.5  180s
 56115 40766 39578.6623   56    8 89745.0000 38109.8577  57.5%   5.6  186s
 57521 41407 38403.1749   31   21 89745.0000 38109.8577  57.5%   5.6  191s
 59045 42265 38935.3274   40   15 89745.0000 38140.3895  57.5%   5.6  196s
 60564 43244 40651.9722   64    1 89745.0000 38151.2309  57.5%   5.7  202s
 61804 43905 38583.3445   32   19 89745.0000 38192.1875  57.4%   5.7  205s
 62996 44019 43496.0000   80    - 89745.0000 38207.4839  57.4%   5.7  210s
 63983 44821 44668.0000   89    - 89745.0000 38207.9829  57.4%   5.7  216s
 65687 45906 39390.4140   55   12 89745.0000 38232.1891  57.4%   5.7  222s
 66577 46731 38917.9694   38   19 89745.0000 38236.3513  57.4%   5.8  226s
 68996 47918 41044.8973   91    2 89745.0000 38237.0640  57.4%   5.8  233s
 70044 48779 39496.1597   47    9 89745.0000 38250.6827  57.4%   5.8  237s
 71493 49414 38791.4212   41   17 89745.0000 38279.1452  57.3%   5.9  240s
 73930 51265 39328.6662   43   16 89745.0000 38279.1452  57.3%   5.9  249s
 75734 52179 38885.0032   35   23 89745.0000 38279.1452  57.3%   5.9  253s
 77162 53142 39422.0531   46    7 89745.0000 38279.1452  57.3%   6.0  257s
 78963 53750 38738.3806   34   22 89745.0000 38326.3560  57.3%   6.0  262s
 80089 54519 39223.8457   45   13 89745.0000 38326.3560  57.3%   6.1  266s
 81495 55569 40247.9200   63    1 89745.0000 38333.9346  57.3%   6.1  271s
 83405 56567 39187.4158   54   11 89745.0000 38344.5565  57.3%   6.1  276s
 85161 57659 39026.3758   37   20 89745.0000 38345.6159  57.3%   6.1  281s
 87063 58796 39095.7678   41   18 89745.0000 38346.8875  57.3%   6.2  287s
 89042 59911 38992.4488   37   19 89745.0000 38347.7638  57.3%   6.2  292s
 91091 59502 39230.2671   38   19 89745.0000 38377.4846  57.2%   6.2  297s
 91123 60226 39234.5993   39   17 89745.0000 38377.4846  57.2%   6.2  302s
 92035 60974 38667.6851   34   21 89745.0000 38377.4846  57.2%   6.2  309s
 93278 61858 38617.2457   35   22 89745.0000 38380.6446  57.2%   6.2  315s
 94713 61550 38689.0132   33   20 89745.0000 38383.4869  57.2%   6.2  320s
 94745 62376 38765.5252   34   19 89745.0000 38383.4869  57.2%   6.2  327s
 95854 63251 38775.0562   35   17 89745.0000 38388.1650  57.2%   6.3  334s
 97270 63789 38842.4012   36   19 89745.0000 38391.3173  57.2%   6.3  342s
 98384 64952 39011.1301   37   12 89745.0000 38395.8966  57.2%   6.3  350s
 100056 66090 39466.3112   48   14 89745.0000 38395.8966  57.2%   6.3  358s
 102076 67700 39922.5792   58    5 89745.0000 38404.3482  57.2%   6.3  367s
 104784 69143 38787.7199   34   20 89745.0000 38412.5170  57.2%   6.3  377s
 107317 70742 39644.8839   65    6 89745.0000 38420.6189  57.2%   6.3  386s
 110073 72175 39308.3528   43   17 89745.0000 38426.6362  57.2%   6.3  396s
 112746 73676 39454.1334   57   10 89745.0000 38432.8749  57.2%   6.4  405s
 115289 75218 39613.8230   76    5 89745.0000 38442.5747  57.2%   6.4  415s
 118230 76785 38682.8905   34   24 89745.0000 38443.2508  57.2%   6.4  428s
 121312 78220 39397.8269   49    8 89745.0000 38453.8506  57.2%   6.4  440s
 123782 79886 39703.5428   52   11 89745.0000 38459.3771  57.1%   6.5  454s
 126121 79422 40181.5500   57    5 89745.0000 38460.1060  57.1%   6.5  455s
 126899 81965 40842.4127   77    5 89745.0000 38460.2103  57.1%   6.5  466s
 130362 83419 38906.3974   37   20 89745.0000 38469.4340  57.1%   6.5  480s
 133162 85089 41839.0000   86    - 89745.0000 38470.4347  57.1%   6.5  494s
 136273 87094 39872.6958   59    5 89745.0000 38470.7262  57.1%   6.5  509s
 136989 86924 39008.9008   39   20 89745.0000 38470.7262  57.1%   6.5  510s
 139554 88995 38993.1803   37   22 89745.0000 38483.8174  57.1%   6.5  524s
 141775 88474 39545.6193   50    9 89745.0000 38485.1886  57.1%   6.6  525s
 142948 90766 39809.8636   67    8 89745.0000 38487.8595  57.1%   6.6  538s
 146163 92427 38810.5328   34   23 89745.0000 38494.4214  57.1%   6.6  553s
 149198 94007 39227.4088   43   20 89745.0000 38499.9070  57.1%   6.6  567s
 152103 94988 39009.2007   35   20 89745.0000 38504.6116  57.1%   6.6  582s
 154176 96544 39147.2110   44   17 89745.0000 38509.1054  57.1%   6.6  597s
 157351 96079 44614.5161   79    1 89745.0000 38511.9795  57.1%   6.6  600s

Cutting planes:
  Gomory: 7
  Cover: 1
  MIR: 1
  StrongCG: 2

Explored 157374 nodes (1041783 simplex iterations) in 600.56 seconds (240.02 work units)
Thread count was 32 (of 32 available processors)

Solution count 10: 89745 92997 96109 ... 174012

Time limit reached
Best objective 8.974500000000e+04, best bound 3.851197946383e+04, gap 57.0873%

User-callback calls 334059, time in user-callback 67.72 sec
