
Gurobi 13.0.2 (win64) logging started Fri Jul 17 05:06:21 2026

Set parameter LogFile to value "logs/kstar_nI40_nJ20_nK50_nL10_tI5_tJ5_s5_m1_exact_s0_20260717-050621.gurobi.log"
Set parameter Seed to value 0
Set parameter TimeLimit to value 599.9753301
Set parameter MIPGap to value 0
Set parameter MIPGapAbs to value 0.5
Set parameter Cutoff to value 1e+100
Gurobi Optimizer version 13.0.2 build v13.0.2rc1 (win64 - Windows 11+.0 (26200.2))

CPU model: Intel(R) Core(TM) i9-14900HX, instruction set [SSE2|AVX|AVX2]
Thread count: 24 physical cores, 32 logical processors, using up to 32 threads

Non-default parameters:
TimeLimit  599.9753301
MIPGap  0
MIPGapAbs  0.5
PreCrush  1
LazyConstraints  1

Optimize a model with 20 rows, 70 columns and 600 nonzeros (Min)
Model fingerprint: 0xd2a875eb
Model has 70 linear objective coefficients
Variable types: 10 continuous, 60 integer (60 binary)
Coefficient statistics:
  Matrix range     [1e+00, 7e+02]
  Objective range  [1e+00, 5e+02]
  Bounds range     [1e+00, 5e+03]
  RHS range        [6e+02, 7e+02]

Using branch priorities.
Presolve removed 17 rows and 0 columns
Presolve time: 0.00s
Presolved: 3 rows, 70 columns, 100 nonzeros
Variable types: 10 continuous, 60 integer (60 binary)

Root relaxation: objective 4.812104e+04, 6 iterations, 0.00 seconds (0.00 work units)

    Nodes    |    Current Node    |     Objective Bounds      |     Work
 Expl Unexpl |  Obj  Depth IntInf | Incumbent    BestBd   Gap | It/Node Time

     0     0 48121.0417    0    2          - 48121.0417      -     -    0s
H    0     0                    168992.00000 48121.0417  71.5%     -    0s
H    0     0                    153879.00000 48121.0417  68.7%     -    0s
H    0     0                    151045.00000 48121.0417  68.1%     -    0s
     0     0 48434.5849    0    4 151045.000 48434.5849  67.9%     -    0s
     0     0 48517.6128    0    7 151045.000 48517.6128  67.9%     -    0s
     0     0 48581.2421    0   11 151045.000 48581.2421  67.8%     -    0s
     0     0 48581.4897    0   11 151045.000 48581.4897  67.8%     -    0s
     0     2 48619.6032    0   12 151045.000 48619.6032  67.8%     -    0s
H 3999  3307                    85963.000000 49086.6939  42.9%   3.8    2s
  4299  3628 51300.9954   21    7 85963.0000 49340.1763  42.6%   4.7    5s
  7878  5474 50657.0574   22   12 85963.0000 49394.4205  42.5%   5.0   10s
 12065  7821 66695.0000   68    - 85963.0000 49775.2799  42.1%   5.0   15s
 17168 11055 51402.3327   25   14 85963.0000 49911.1306  41.9%   4.9   20s
 19147 12905 51859.2800   31   14 85963.0000 49939.6567  41.9%   5.0   25s
 21924 15244 52643.8002   25    8 85963.0000 49943.6371  41.9%   5.0   30s
 25916 18394 51413.1012   35   10 85963.0000 50003.3995  41.8%   5.1   35s
 28112 20629 51666.7269   37   12 85963.0000 50082.1150  41.7%   5.1   40s
 29387 21589 51875.7159   39    8 85963.0000 50082.1150  41.7%   5.2   45s
 31061 23238 52065.1193   40    5 85963.0000 50123.7015  41.7%   5.2   50s
 33677 25671 52300.8045   42    6 85963.0000 50186.8385  41.6%   5.2   56s
 35853 27623 52000.3865   29   12 85963.0000 50200.2365  41.6%   5.2   61s
 38253 29447 51566.4541   42    6 85963.0000 50206.2248  41.6%   5.2   66s
 40711 31620 54064.4426   58    4 85963.0000 50216.1122  41.6%   5.2   71s
 43094 33721 51650.3213   28   16 85963.0000 50271.8872  41.5%   5.3   76s
 45831 35782 52765.5700   31   16 85963.0000 50311.1953  41.5%   5.3   81s
 48126 38139 51125.0267   26   21 85963.0000 50311.1953  41.5%   5.4   87s
 49678 39518 51258.5513   22   22 85963.0000 50311.1953  41.5%   5.4   90s
 52779 42085 52105.2730   36   21 85963.0000 50311.1953  41.5%   5.5   96s
 54594 43152 51797.9277   29   18 85963.0000 50311.1953  41.5%   5.4  100s
 57641 44796 51580.4000   31   11 85963.0000 50311.1953  41.5%   5.5  118s
H57642 42557                    79417.000000 50311.1953  36.6%   5.5  120s
H57644 40430                    77071.000000 50311.1953  34.7%   5.5  126s
H57648 38411                    76739.000000 50311.1953  34.4%   5.5  131s
 57653 38414 56598.0000   60   37 76739.0000 50311.1953  34.4%   5.5  135s
H57655 36494                    75970.000000 50311.1953  33.8%   5.5  139s
 57656 36495 54128.0000   58   36 75970.0000 50311.1953  33.8%   5.5  140s
H57656 36495                    75268.000000 50311.1953  33.2%   5.5  140s
 57664 36500 53642.0000   50   42 75268.0000 50337.0478  33.1%   5.5  146s
 57667 36502 53342.4236   62   42 75268.0000 50337.0478  33.1%   5.5  150s
 57669 36504 54648.0000   59   42 75268.0000 50337.0478  33.1%   5.5  155s
H57669 34678                    74935.000000 50337.0478  32.8%   5.5  157s
H57669 32944                    73924.000000 50337.0478  31.9%   5.5  157s
 57673 32946 55207.0000   53   41 73924.0000 50337.0478  31.9%   5.5  162s
 57676 32951 50337.0478   22   32 73924.0000 50337.0478  31.9%   5.5  165s
 57706 33001 51896.1364   26   23 73924.0000 50526.8715  31.7%   5.5  170s
 57770 33078 52147.1021   28   23 73924.0000 50792.9299  31.3%   5.6  175s
 58092 33259 54027.4815   33   15 73924.0000 50792.9299  31.3%   5.8  180s
 58683 33681 54628.4351   40    5 73924.0000 50792.9299  31.3%   5.9  185s
 59235 34010 54841.5284   46    7 73924.0000 50792.9299  31.3%   5.9  190s
 59868 34437 55615.7519   59    2 73924.0000 50922.1756  31.1%   6.0  195s
 61144 35238 51731.8708   32   25 73924.0000 50922.1756  31.1%   6.1  200s
 62018 35778 52203.4757   36   24 73924.0000 50922.1756  31.1%   6.1  205s
 62540 36059 52207.9691   37   23 73924.0000 50976.6589  31.0%   6.2  210s
 63689 36806 52460.1563   38   21 73924.0000 51073.6158  30.9%   6.3  215s
 65703 37956 52987.0167   44   14 73924.0000 51114.2000  30.9%   6.4  221s
 67186 38854 53782.7486   57    7 73924.0000 51279.8573  30.6%   6.5  226s
 68740 39832 52756.5101   41   11 73924.0000 51310.4210  30.6%   6.6  230s
 70687 40096 51968.9267   36   25 73924.0000 51310.4210  30.6%   6.7  236s
 70773 40640 52128.9725   38   27 73924.0000 51335.3752  30.6%   6.7  243s
 71391 41239 53437.3410   54   11 73924.0000 51335.3752  30.6%   6.8  246s
 73083 42300 52901.9905   40   18 73924.0000 51335.6392  30.6%   6.9  252s
 74174 42802 56405.0000   65    - 73924.0000 51367.1306  30.5%   6.9  255s
 76342 44106 52001.7716   37   25 73924.0000 51367.1306  30.5%   7.0  262s
 77672 44724 52766.6596   34   21 73924.0000 51406.9261  30.5%   7.1  266s
 78801 45356 51606.3393   35   30 73924.0000 51407.6185  30.5%   7.1  270s
 81403 46830 52636.9821   45   16 73924.0000 51431.8034  30.4%   7.3  278s
 82717 47600 52125.5182   42   25 73924.0000 51431.8034  30.4%   7.3  282s
 84133 48421 51983.0178   36   22 73924.0000 51492.9175  30.3%   7.4  286s
 85603 49151 52024.5925   34   32 73924.0000 51523.5162  30.3%   7.4  290s
 87000 49973 51880.1146   31   25 73924.0000 51524.2811  30.3%   7.5  295s
 88358 50797 53111.7282   52    5 73924.0000 51525.2281  30.3%   7.5  300s
 89926 51655 53271.6751   52    8 73924.0000 51558.1642  30.3%   7.6  305s
 91441 52466 53293.8570   58    7 73924.0000 51558.6455  30.3%   7.6  310s
 93008 53419 52896.8871   36   21 73924.0000 51578.8536  30.2%   7.7  315s
 94674 54305 52605.8319   38   17 73924.0000 51588.7390  30.2%   7.7  320s
 96328 55143 52478.2158   38   21 73924.0000 51589.6687  30.2%   7.8  326s
 97931 56064 53097.8990   39   15 73924.0000 51602.8053  30.2%   7.9  332s
 99604 57069 53387.1994   41   20 73924.0000 51606.5960  30.2%   7.9  338s
 101431 57800 52924.6500   46   20 73924.0000 51614.9282  30.2%   7.9  345s
 102938 58776 52815.5696   40   24 73924.0000 51631.5155  30.2%   8.0  352s
 104641 59431 53113.3919   38   21 73924.0000 51631.6354  30.2%   8.1  358s
 106130 60568 53070.0414   41   18 73924.0000 51639.2833  30.1%   8.1  365s
 108021 60225 53371.1445   48   19 73924.0000 51652.8047  30.1%   8.1  372s
 108067 61652 53441.8004   49   16 73924.0000 51652.8423  30.1%   8.1  380s
 109994 62332 53721.5828   50   17 73924.0000 51653.2264  30.1%   8.2  389s
 111199 62120 54161.6562   70    4 73924.0000 51653.2264  30.1%   8.2  390s
 111590 63300 53737.7106   51   15 73924.0000 51660.2424  30.1%   8.2  398s
 113323 64382 53176.0469   54   16 73924.0000 51673.0674  30.1%   8.3  406s
 115271 65376 53495.2118   38   23 73924.0000 51679.5875  30.1%   8.3  415s
 117223 65532 53006.9937   40   20 73924.0000 51691.1511  30.1%   8.4  424s
 117549 65481 51957.1328   34   26 73924.0000 51691.1511  30.1%   8.4  425s
 117968 66576 53016.2169   41   20 73924.0000 51691.1511  30.1%   8.4  435s
 119535 67769 52724.6922   36   21 73924.0000 51695.0864  30.1%   8.4  445s
 121520 68956 53028.8862   52   13 73924.0000 51702.4159  30.1%   8.5  456s
 123605 69981 53699.5334   43   22 73924.0000 51709.5470  30.1%   8.5  466s
 125761 71171 52270.6409   32   25 73924.0000 51718.2178  30.0%   8.6  477s
 127845 72528 53062.7132   41   24 73924.0000 51721.4280  30.0%   8.7  489s
 130303 73791 52268.6578   42   21 73924.0000 51722.0084  30.0%   8.7  500s
 132461 75186 52251.9523   37   28 73924.0000 51736.0318  30.0%   8.8  512s
 134926 76762 52979.4079   35   19 73924.0000 51749.3234  30.0%   8.9  527s
 137655 78281 52188.7500   40   28 73924.0000 51749.7826  30.0%   9.0  541s
 140519 79327 53933.5408   48   11 73924.0000 51749.7826  30.0%   9.0  554s
 142710 80694 52624.8617   39   22 73924.0000 51766.7468  30.0%   9.0  570s
 145204 82215 52267.6713   35   30 73924.0000 51774.6240  30.0%   9.1  585s
 147857 83478 52874.1241   39   27 73924.0000 51782.1926  30.0%   9.2  600s

Cutting planes:
  Gomory: 1
  MIR: 13
  StrongCG: 2
  Flow cover: 10
  RLT: 2

Explored 150345 nodes (1382218 simplex iterations) in 601.74 seconds (296.59 work units)
Thread count was 32 (of 32 available processors)

Solution count 10: 73924 74935 75268 ... 153879

Time limit reached
Best objective 7.392400000000e+04, best bound 5.178872685292e+04, gap 29.9433%

User-callback calls 325684, time in user-callback 30.11 sec
