
Gurobi 13.0.2 (win64) logging started Sat Jul 11 00:44:25 2026

Set parameter LogFile to value "logs/kstar_nI20_nJ20_nK100_nL10_tI6_tJ6_s3_m0_exact_s0_20260711-004425.gurobi.log"
Set parameter Seed to value 0
Set parameter TimeLimit to value 599.9698258
Set parameter NodefileStart to value 4
Set parameter MIPGap to value 0
Set parameter MIPGapAbs to value 0.9999
Set parameter Cutoff to value 1e+100
Gurobi Optimizer version 13.0.2 build v13.0.2rc1 (win64 - Windows 11+.0 (26200.2))

CPU model: Intel(R) Core(TM) i9-14900HX, instruction set [SSE2|AVX|AVX2]
Thread count: 24 physical cores, 32 logical processors, using up to 32 threads

Non-default parameters:
TimeLimit  599.9698258
MIPGap  0
MIPGapAbs  0.9999
NodefileStart  4

Optimize a model with 1600 rows, 24040 columns and 68400 nonzeros (Min)
Model fingerprint: 0x2826742e
Model has 24040 linear objective coefficients
Variable types: 24000 continuous, 40 integer (40 binary)
Coefficient statistics:
  Matrix range     [1e+00, 1e+03]
  Objective range  [1e+00, 5e+02]
  Bounds range     [1e+00, 1e+00]
  RHS range        [5e+00, 2e+01]

Using branch priorities.
Found heuristic solution: objective 1285970.0000
Presolve time: 0.05s
Presolved: 1600 rows, 24040 columns, 68400 nonzeros
Variable types: 24000 continuous, 40 integer (40 binary)

Root relaxation: objective 1.234131e+05, 1442 iterations, 0.01 seconds (0.01 work units)

    Nodes    |    Current Node    |     Objective Bounds      |     Work
 Expl Unexpl |  Obj  Depth IntInf | Incumbent    BestBd   Gap | It/Node Time

     0     0 123413.125    0   36 1285970.00 123413.125  90.4%     -    0s
H    0     0                    129955.95613 123413.125  5.03%     -    0s
     0     0 129398.579    0    8 129955.956 129398.579  0.43%     -    0s
H    0     0                    129950.72784 129509.977  0.34%     -    0s
     0     0 129509.977    0    7 129950.728 129509.977  0.34%     -    0s
H    0     0                    129937.82784 129510.964  0.33%     -    0s
H    0     0                    129874.97722 129510.964  0.28%     -    0s
H    0     0                    129856.17722 129510.964  0.27%     -    0s
     0     0 129510.964    0    7 129856.177 129510.964  0.27%     -    0s
H    0     0                    129849.17722 129510.964  0.26%     -    0s
H    0     0                    129687.00000 129510.964  0.14%     -    0s

Cutting planes:
  Implied bound: 882
  MIR: 37
  Flow cover: 159
  Relax-and-lift: 10

Explored 1 nodes (1765 simplex iterations) in 0.27 seconds (0.28 work units)
Thread count was 32 (of 32 available processors)

Solution count 1: 129687 

Optimal solution found (tolerance 0.00e+00)
Best objective 1.296870000000e+05, best bound 1.296870000000e+05, gap 0.0000%
