
Gurobi 13.0.2 (win64) logging started Thu Jul 16 19:03:27 2026

Set parameter LogFile to value "logs/kstar_nI40_nJ20_nK100_nL10_tI3_tJ3_s5_m1_exact_s0_20260716-190327.gurobi.log"
Set parameter Seed to value 0
Set parameter TimeLimit to value 599.9639589
Set parameter MIPGap to value 0
Set parameter MIPGapAbs to value 0.5
Set parameter Cutoff to value 1e+100
Gurobi Optimizer version 13.0.2 build v13.0.2rc1 (win64 - Windows 11+.0 (26200.2))

CPU model: Intel(R) Core(TM) i9-14900HX, instruction set [SSE2|AVX|AVX2]
Thread count: 24 physical cores, 32 logical processors, using up to 32 threads

Non-default parameters:
TimeLimit  599.9639589
MIPGap  0
MIPGapAbs  0.5
PreCrush  1
LazyConstraints  1

Optimize a model with 20 rows, 70 columns and 600 nonzeros (Min)
Model fingerprint: 0xa01c4b1b
Model has 70 linear objective coefficients
Variable types: 10 continuous, 60 integer (60 binary)
Coefficient statistics:
  Matrix range     [2e+01, 1e+03]
  Objective range  [1e+00, 5e+02]
  Bounds range     [1e+00, 1e+04]
  RHS range        [1e+03, 1e+03]

Using branch priorities.
Presolve removed 12 rows and 0 columns
Presolve time: 0.00s
Presolved: 8 rows, 70 columns, 280 nonzeros
Variable types: 10 continuous, 60 integer (60 binary)

Root relaxation: objective 9.234527e+04, 4 iterations, 0.00 seconds (0.00 work units)

    Nodes    |    Current Node    |     Objective Bounds      |     Work
 Expl Unexpl |  Obj  Depth IntInf | Incumbent    BestBd   Gap | It/Node Time

     0     0 92345.2680    0    3          - 92345.2680      -     -    0s
H    0     0                    440199.00000 92345.2680  79.0%     -    0s
H    0     0                    399048.00000 92345.2680  76.9%     -    0s
H    0     0                    389677.00000 92345.2680  76.3%     -    0s
     0     0 92489.7159    0    9 389677.000 92489.7159  76.3%     -    0s
     0     0 92533.2094    0   12 389677.000 92533.2094  76.3%     -    0s
     0     0 92551.4243    0   10 389677.000 92551.4243  76.2%     -    0s
     0     0 92551.5911    0   10 389677.000 92551.5911  76.2%     -    0s
     0     2 92576.2045    0   13 389677.000 92576.2045  76.2%     -    0s
  3261  3100 93237.9069   13    5 389677.000 92801.8781  76.2%   3.4    5s
H 3591  3000                    284913.00000 92815.9427  67.4%   3.3    6s
  4071  3332 94065.3520   24    4 284913.000 92893.0193  67.4%   4.3   10s
  5922  4433 101491.000   44    - 284913.000 93005.3844  67.4%   4.3   15s
  7686  5350 216177.773   61    1 284913.000 93069.8020  67.3%   4.1   20s
  9178  6053 103353.000   54    - 284913.000 93152.3922  67.3%   4.1   25s
  9958  6474 93912.4532   25    6 284913.000 93159.2769  67.3%   4.1   30s
 11177  7227 94259.8119   30    6 284913.000 93180.5128  67.3%   4.1   35s
 13066  8250 93736.8505   27    7 284913.000 93200.7714  67.3%   4.0   40s
 15244 10161 94069.1664   30    6 284913.000 93223.2414  67.3%   3.9   45s
 16769 11128 93837.0034   23    9 284913.000 93272.7988  67.3%   3.9   50s
 18230 12500 93710.9881   26   12 284913.000 93272.7988  67.3%   3.9   55s
 19394 13364 93847.9324   24   11 284913.000 93273.8609  67.3%   3.9   60s
 20249 14316 93918.9835   28    8 284913.000 93274.0006  67.3%   4.0   66s
 21256 15357 94196.7368   31    8 284913.000 93274.0006  67.3%   4.0   70s
 23054 16837 94303.3621   34    5 284913.000 93343.5985  67.2%   3.9   76s
 24421 18127 94349.7687   36    5 284913.000 93350.5176  67.2%   3.9   81s
 26208 19520 94380.9338   38    5 284913.000 93383.6133  67.2%   3.9   86s
 27537 20762 93740.9253   24   13 284913.000 93390.2556  67.2%   3.9   91s
 29465 22390 94174.5946   24    8 284913.000 93390.2556  67.2%   3.9   97s
 30566 23419 93792.8119   20    9 284913.000 93402.6336  67.2%   3.9  100s
 33413 25778 95251.9462   36    6 284913.000 93421.5232  67.2%   3.9  107s
 34897 27085 93849.6211   27   13 284913.000 93440.4448  67.2%   3.9  111s
 36331 28321 94149.0590   22    6 284913.000 93442.6038  67.2%   3.9  115s
 39396 31085 93992.4188   27    7 284913.000 93454.0292  67.2%   3.9  123s
 41411 32235 96428.5063   52    2 284913.000 93454.0292  67.2%   3.8  128s
 42566 33391 94355.4186   24   11 284913.000 93470.7168  67.2%   3.8  131s
 43906 34803 93814.7068   21   12 284913.000 93471.0146  67.2%   3.8  135s
 45703 35710 93794.8004   20   16 284913.000 93491.2610  67.2%   3.9  140s
 47840 37843 93917.6373   21    8 284913.000 93493.3870  67.2%   3.9  149s
 49149 39060 93818.8319   21    8 284913.000 93503.8015  67.2%   3.9  154s
 50738 40386 94281.5696   25   11 284913.000 93508.4199  67.2%   3.9  159s
 52285 41624 94676.7972   27    5 284913.000 93508.4199  67.2%   3.9  164s
 53798 42787 94999.3506   32    3 284913.000 93518.5154  67.2%   3.9  170s
 55407 43325 93833.1095   22    8 284913.000 93523.5601  67.2%   3.9  175s
 55749 44244 93866.3081   23   10 284913.000 93523.5601  67.2%   3.9  180s
 56986 45309 93881.1123   24   10 284913.000 93523.5601  67.2%   3.9  185s
 58260 46228 95755.2823   43    7 284913.000 93528.4865  67.2%   3.9  191s
 59311 47110 103664.673   52    2 284913.000 93533.6701  67.2%   3.9  197s
 60497 48284 94195.2848   29    8 284913.000 93533.6701  67.2%   3.9  203s
 62079 49770 93928.8576   20   14 284913.000 93540.7992  67.2%   3.9  209s
 63677 50038 94728.5607   29    5 284913.000 93546.4673  67.2%   3.9  210s
 63823 50768 94775.8716   38    7 284913.000 93547.0863  67.2%   3.9  216s
 65117 52062 94954.7753   37    6 284913.000 93549.8290  67.2%   3.9  223s
 66565 52286 95222.6141   45   10 284913.000 93553.5633  67.2%   3.9  239s
H66566 49672                    266768.00000 93553.5633  64.9%   3.9  240s
 66585 49701 93553.5633   24   22 266768.000 93553.5633  64.9%   3.9  246s
 66633 49749 93553.5633   26   21 266768.000 93553.5633  64.9%   3.9  250s
 66812 49869 93553.5633   28   20 266768.000 93553.5633  64.9%   4.0  255s
 67054 50111 93553.5633   30   19 266768.000 93553.5633  64.9%   4.0  261s
 67364 50320 93856.8916   31   20 266768.000 93553.5633  64.9%   4.1  265s
 67681 50428 94778.4889   38    6 266768.000 93553.5633  64.9%   4.1  270s
 67962 50670 94831.6386   35   14 266768.000 93553.5633  64.9%   4.1  276s
 68565 51057 95212.6265   39    8 266768.000 93553.5633  64.9%   4.1  280s
 69253 51379 96331.5335   47    1 266768.000 93553.5633  64.9%   4.2  286s
 69736 51638 97549.2816   55    2 266768.000 93553.5633  64.9%   4.2  290s
 70278 52071 104437.006   64    4 266768.000 93553.5633  64.9%   4.2  295s
 71100 52181 146429.945   76    3 266768.000 93553.5633  64.9%   4.2  301s
 71162 52392 146622.437   77    2 266768.000 93553.5633  64.9%   4.3  305s
 72018 53037 94314.0688   40   15 266768.000 93553.5633  64.9%   4.3  311s
 72675 52990 95505.5553   56    3 266768.000 93553.5633  64.9%   4.3  315s
 73311 53776 93923.9361   33   16 266768.000 93553.5633  64.9%   4.3  322s
 74049 54262 96929.3068   61    1 266768.000 93553.5633  64.9%   4.3  326s
 74948 54666 94203.4460   32   21 266768.000 93553.5633  64.9%   4.3  330s
 76320 55631 177982.915   73    1 266768.000 93553.5633  64.9%   4.4  338s
 77359 56225 94029.3493   36   12 266768.000 93553.5633  64.9%   4.4  343s
 78588 56671 97582.0942   74    2 266768.000 93553.5633  64.9%   4.4  347s
 79530 57254 94504.1074   38    9 266768.000 93553.5633  64.9%   4.4  352s
 80736 57115 93688.4428   28   17 266768.000 93553.5633  64.9%   4.5  356s
 80778 57803 93710.0381   29   17 266768.000 93553.5633  64.9%   4.5  360s
 81722 57709 95671.4449   63    4 266768.000 93553.5633  64.9%   4.5  365s
 81863 58206 95686.5261   64    3 266768.000 93553.5633  64.9%   4.5  371s
 82615 59015 95731.8289   65    2 266768.000 93553.5633  64.9%   4.5  376s
 83954 59834 95837.0000   66    - 266768.000 93565.1214  64.9%   4.5  381s
 85450 60629 95502.2308   48    1 266768.000 93584.9418  64.9%   4.6  387s
 87058 61298 94346.2542   44    4 266768.000 93584.9418  64.9%   4.6  392s
 88373 62138 94908.2853   47    6 266768.000 93601.6283  64.9%   4.6  398s
 89898 63102 94409.3290   42   13 266768.000 93623.3452  64.9%   4.6  404s
 90578 62954 94280.6945   33   19 266768.000 93629.8183  64.9%   4.6  405s
 91590 64032 94200.2268   36   14 266768.000 93638.3119  64.9%   4.6  411s
 93374 63753 94774.8755   42    9 266768.000 93645.0036  64.9%   4.7  417s
 93439 63797 94970.8899   43    8 266768.000 93645.0036  64.9%   4.7  422s
 93543 64555 95143.5381   44    7 266768.000 93645.0036  64.9%   4.7  430s
 95006 65656 94006.0015   40   19 266768.000 93646.7984  64.9%   4.7  438s
 96737 66308 94537.5120   37   13 266768.000 93661.6097  64.9%   4.7  445s
 98150 67408 94563.4331   46   10 266768.000 93672.6818  64.9%   4.7  452s
 100089 68317 95691.6208   66    3 266768.000 93680.5800  64.9%   4.7  461s
 101860 69295 94201.9766   36   17 266768.000 93688.7174  64.9%   4.7  469s
 103573 70390 94428.1232   38   10 266768.000 93696.0682  64.9%   4.8  477s
 105678 71436 94263.9015   40   14 266768.000 93696.2390  64.9%   4.8  486s
 107749 72465 94043.4927   32   14 266768.000 93705.1585  64.9%   4.8  496s
 109755 72209 94733.4495   49   12 266768.000 93712.3339  64.9%   4.8  504s
 109906 73748 94770.6301   50   13 266768.000 93712.3339  64.9%   4.8  515s
 112180 74584 110730.874   69    2 266768.000 93712.4651  64.9%   4.9  526s
 113913 75586 95203.0794   44    7 266768.000 93727.5996  64.9%   4.9  535s
 115967 77024 95290.6105   53    7 266768.000 93727.6673  64.9%   4.9  546s
 118759 76692 94164.3300   35   19 266768.000 93734.8142  64.9%   4.9  557s
 118863 78447 94197.0688   36   18 266768.000 93734.8142  64.9%   4.9  569s
 120563 78116 94168.8093   36   15 266768.000 93735.1915  64.9%   4.9  570s
 121343 78033 95360.5980   53    5 266768.000 93735.1915  64.9%   4.9  579s
 121413 78020 94204.0430   37   15 266768.000 93735.1915  64.9%   4.9  580s
 121435 79067 95800.2469   54    8 266768.000 93735.1915  64.9%   4.9  591s
 123049 79783 94308.3795   41   15 266768.000 93735.1915  64.9%   4.9  600s

Explored 124445 nodes (615784 simplex iterations) in 602.01 seconds (236.26 work units)
Thread count was 32 (of 32 available processors)

Solution count 5: 266768 284913 389677 ... 440199

Time limit reached
Best objective 2.667680000000e+05, best bound 9.374628506745e+04, gap 64.8585%

User-callback calls 272183, time in user-callback 103.47 sec
