
Gurobi 13.0.2 (win64) logging started Fri Jul 17 03:25:53 2026

Set parameter LogFile to value "logs/kstar_nI40_nJ20_nK50_nL10_tI3_tJ3_s5_m1_exact_s0_20260717-032553.gurobi.log"
Set parameter Seed to value 0
Set parameter TimeLimit to value 599.9753512
Set parameter MIPGap to value 0
Set parameter MIPGapAbs to value 0.5
Set parameter Cutoff to value 1e+100
Gurobi Optimizer version 13.0.2 build v13.0.2rc1 (win64 - Windows 11+.0 (26200.2))

CPU model: Intel(R) Core(TM) i9-14900HX, instruction set [SSE2|AVX|AVX2]
Thread count: 24 physical cores, 32 logical processors, using up to 32 threads

Non-default parameters:
TimeLimit  599.9753512
MIPGap  0
MIPGapAbs  0.5
PreCrush  1
LazyConstraints  1

Optimize a model with 20 rows, 70 columns and 600 nonzeros (Min)
Model fingerprint: 0xde449e2b
Model has 70 linear objective coefficients
Variable types: 10 continuous, 60 integer (60 binary)
Coefficient statistics:
  Matrix range     [1e+00, 7e+02]
  Objective range  [1e+00, 5e+02]
  Bounds range     [1e+00, 6e+03]
  RHS range        [6e+02, 7e+02]

Using branch priorities.
Presolve removed 6 rows and 0 columns
Presolve time: 0.00s
Presolved: 14 rows, 70 columns, 420 nonzeros
Variable types: 10 continuous, 60 integer (60 binary)

Root relaxation: objective 5.377424e+04, 5 iterations, 0.00 seconds (0.00 work units)

    Nodes    |    Current Node    |     Objective Bounds      |     Work
 Expl Unexpl |  Obj  Depth IntInf | Incumbent    BestBd   Gap | It/Node Time

     0     0 53774.2410    0    4          - 53774.2410      -     -    0s
H    0     0                    353977.00000 53774.2410  84.8%     -    0s
H    0     0                    317441.00000 53774.2410  83.1%     -    0s
H    0     0                    306762.00000 53774.2410  82.5%     -    0s
H    0     0                    283904.00000 53774.2410  81.1%     -    0s
H    0     0                    271094.00000 53774.2410  80.2%     -    0s
     0     0 53914.7432    0    6 271094.000 53914.7432  80.1%     -    0s
     0     0 53922.4380    0    6 271094.000 53922.4380  80.1%     -    0s
H    0     0                    267974.00000 53922.4380  79.9%     -    0s
     0     2 53922.4380    0    6 267974.000 53922.4380  79.9%     -    0s
H 3364  2808                    175533.00000 54118.2363  69.2%   2.8    2s
  3873  3257 55161.3576   24   14 175533.000 54446.8759  69.0%   3.9    5s
  6673  4777 54807.5675   22   11 175533.000 54519.8439  68.9%   4.2   10s
 10073  6782 55102.4920   31    7 175533.000 54622.9559  68.9%   4.0   15s
 13403  8709 55118.6167   25    9 175533.000 54720.7687  68.8%   3.9   20s
 14409  9815 55228.7439   27   11 175533.000 54720.7687  68.8%   4.0   25s
 16309 11103 55343.8484   31    9 175533.000 54729.5248  68.8%   3.9   30s
 17965 12846 55456.6072   35    7 175533.000 54765.4161  68.8%   3.9   35s
 21132 15546 55227.4778   24   10 175533.000 54797.4426  68.8%   3.9   40s
 25393 19459 55543.5102   31   10 175533.000 54824.2825  68.8%   4.0   46s
 27742 21453 55999.1690   48    7 175533.000 54825.0240  68.8%   4.0   50s
 30073 23133 55474.3196   28   17 175533.000 54860.7792  68.7%   4.0   56s
 32212 25054 55522.1635   31   13 175533.000 54880.7895  68.7%   4.0   60s
 35590 27737 56644.6551   54    5 175533.000 54894.5652  68.7%   4.1   67s
 36939 28828 55555.1408   25   11 175533.000 54894.5652  68.7%   4.1   70s
 39355 31050 55678.3906   30    8 175533.000 54920.2890  68.7%   4.1   75s
 41198 31812 55693.4006   25   13 175533.000 54929.8588  68.7%   4.2   81s
 41736 32590 55718.6396   28   10 175533.000 54929.8588  68.7%   4.2   87s
 42294 33128 55734.0640   28    9 175533.000 54944.5402  68.7%   4.2   91s
 42848 33601 55657.8114   26   15 175533.000 54944.5402  68.7%   4.2   95s
 44606 35242 55746.9097   29    9 175533.000 54955.7840  68.7%   4.2  102s
 45554 35982 55760.8017   30    7 175533.000 54955.7840  68.7%   4.2  106s
 46648 36938 55922.0401   32   10 175533.000 54964.7888  68.7%   4.3  110s
 47575 37095 55248.0117   26    6 175533.000 54964.7888  68.7%   4.3  124s
H47576 35241                    144221.00000 54964.7888  61.9%   4.3  125s
 47611 35297 54964.7888   34   26 144221.000 54964.7888  61.9%   4.3  130s
 47782 35411 54964.7888   37   25 144221.000 54964.7888  61.9%   4.4  135s
 48215 35765 55053.4704   39   22 144221.000 54964.7888  61.9%   4.6  140s
 48860 36170 55472.1171   42   22 144221.000 54964.7888  61.9%   4.6  145s
 49626 36596 55761.9219   45   14 144221.000 54964.7888  61.9%   4.7  150s
 50144 36872 56052.9705   47   13 144221.000 54964.7888  61.9%   4.7  155s
 51068 37365 56120.2901   50    9 144221.000 54964.7888  61.9%   4.8  160s
 52203 38214 57296.8667   58    5 144221.000 54964.7888  61.9%   4.8  166s
 53373 38871 55360.6894   41   18 144221.000 54964.7888  61.9%   4.9  170s
 55118 39831 55744.9600   42   13 144221.000 54964.7888  61.9%   5.0  176s
 55718 40004 56448.5686   61    1 144221.000 54964.7888  61.9%   5.0  181s
 56828 40772 55555.8155   42   15 144221.000 54964.7888  61.9%   5.1  186s
 58263 41558 55371.8920   37   24 144221.000 54976.5627  61.9%   5.1  192s
 60054 41966 55270.3574   40   20 144221.000 54991.4901  61.9%   5.2  197s
 60109 41987 55277.8352   41   21 144221.000 54991.4901  61.9%   5.2  200s
 60736 42709 55678.7944   43   13 144221.000 55125.7948  61.8%   5.2  206s
 61735 43409 55933.5034   45   11 144221.000 55129.6680  61.8%   5.3  212s
 62586 43902 55964.9379   46   13 144221.000 55129.6680  61.8%   5.3  215s
 64607 45258 56611.4166   68    3 144221.000 55168.3778  61.7%   5.4  222s
 65847 45824 56160.3321   47   14 144221.000 55225.4069  61.7%   5.4  226s
 67002 46578 55639.4117   40   22 144221.000 55226.6347  61.7%   5.5  230s
 69126 47626 56787.1645   55    9 144221.000 55264.7651  61.7%   5.6  237s
 70371 47437 55968.2037   47   14 144221.000 55264.7651  61.7%   5.6  241s
 70403 47840 55984.7728   48   15 144221.000 55264.7651  61.7%   5.6  245s
 70948 48446 55776.0393   43   13 144221.000 55288.9531  61.7%   5.6  250s
 72230 48975 55763.7057   47   16 144221.000 55289.0402  61.7%   5.7  255s
 74107 50277 57517.1499   69    4 144221.000 55289.0402  61.7%   5.8  265s
 75385 50731 56058.0119   46   20 144221.000 55308.6420  61.7%   5.8  270s
 76268 51462 55996.6988   45   20 144221.000 55322.3720  61.6%   5.8  275s
 77485 52384 55879.3741   43   25 144221.000 55331.9250  61.6%   5.9  281s
 78998 53189 55924.0775   42   23 144221.000 55347.2853  61.6%   5.9  287s
 80551 54269 55550.3287   42   19 144221.000 55357.5182  61.6%   5.9  293s
 82333 55181 55750.0331   43   19 144221.000 55369.0091  61.6%   6.0  298s
 84014 55967 55950.1201   40   18 144221.000 55375.8497  61.6%   6.1  305s
 86101 55766 56572.7660   48   12 144221.000 55375.8497  61.6%   6.1  310s
 86133 55857 56545.6129   48   15 144221.000 55375.8497  61.6%   6.1  315s
 86265 56918 56497.8613   48   14 144221.000 55375.8497  61.6%   6.1  322s
 87817 57925 55877.2483   41   20 144221.000 55382.3080  61.6%   6.1  329s
 89486 58717 56009.4156   50   16 144221.000 55392.8705  61.6%   6.1  336s
 91080 59510 56665.4709   61    9 144221.000 55397.5121  61.6%   6.2  344s
 92622 60492 58605.8451   78    2 144221.000 55405.4456  61.6%   6.2  353s
 94395 61697 55868.6959   40   17 144221.000 55412.5483  61.6%   6.2  360s
 96470 62971 59630.8645   65    4 144221.000 55417.6845  61.6%   6.3  369s
 98792 64127 58035.5604   83    3 144221.000 55427.9652  61.6%   6.3  378s
 101022 65380 55816.5004   41   21 144221.000 55437.4460  61.6%   6.3  388s
 103324 66818 56544.9217   57    9 144221.000 55447.3837  61.6%   6.4  398s
 105970 68244 56179.0289   47   11 144221.000 55457.4494  61.5%   6.4  409s
 108721 69678 55960.2218   41   19 144221.000 55467.4692  61.5%   6.4  420s
 111484 71199 64567.0872   82    2 144221.000 55468.5019  61.5%   6.4  432s
 114132 72427 55686.7246   40   24 144221.000 55481.9680  61.5%   6.5  443s
 116603 73831 56785.1077   60    6 144221.000 55486.9290  61.5%   6.5  456s
 119250 75313 56273.5422   49   14 144221.000 55487.8978  61.5%   6.6  470s
 121886 76869 55845.6667   43   20 144221.000 55500.5909  61.5%   6.6  484s
 124168 76397 56168.6456   52   14 144221.000 55502.2235  61.5%   6.6  485s
 124680 78347 57610.9835   66    6 144221.000 55502.2235  61.5%   6.6  498s
 127476 79844 58077.4178   74    3 144221.000 55515.8213  61.5%   6.7  514s
 130373 81398 56306.5347   49   12 144221.000 55523.3620  61.5%   6.7  529s
 132872 80869 59633.0000   81    - 144221.000 55527.6352  61.5%   6.7  530s
 133174 82903 56349.7339   42   16 144221.000 55531.2282  61.5%   6.7  546s
 136090 84397 56084.5790   47   14 144221.000 55543.2361  61.5%   6.8  562s
 139251 84045 56571.5428   51   13 144221.000 55547.6885  61.5%   6.8  577s
 139433 85592 56596.2665   52   12 144221.000 55547.6885  61.5%   6.8  592s
 141567 85622 56146.7324   41   23 144221.000 55548.3022  61.5%   6.8  600s

Explored 142109 nodes (963520 simplex iterations) in 601.26 seconds (273.04 work units)
Thread count was 32 (of 32 available processors)

Solution count 7: 144221 175533 267974 ... 353977

Time limit reached
Best objective 1.442210000000e+05, best bound 5.555095355664e+04, gap 61.4821%

User-callback calls 303214, time in user-callback 47.98 sec
