
Gurobi 13.0.2 (win64) logging started Wed Jul 15 20:47:26 2026

Set parameter LogFile to value "logs/kstar_nI20_nJ20_nK50_nL5_tI4_tJ4_s1_m0_exact_s0_20260715-204726.gurobi.log"
Set parameter Seed to value 0
Set parameter TimeLimit to value 599.9893915
Set parameter NodefileStart to value 4
Set parameter MIPGap to value 0
Set parameter MIPGapAbs to value 0.9999
Set parameter Cutoff to value 1e+100
Gurobi Optimizer version 13.0.2 build v13.0.2rc1 (win64 - Windows 11+.0 (26200.2))

CPU model: Intel(R) Core(TM) i9-14900HX, instruction set [SSE2|AVX|AVX2]
Thread count: 24 physical cores, 32 logical processors, using up to 32 threads

Non-default parameters:
TimeLimit  599.9893915
MIPGap  0
MIPGapAbs  0.9999
NodefileStart  4

Optimize a model with 550 rows, 7040 columns and 19200 nonzeros (Min)
Model fingerprint: 0xf71eaefe
Model has 7040 linear objective coefficients
Variable types: 7000 continuous, 40 integer (40 binary)
Coefficient statistics:
  Matrix range     [1e+00, 7e+02]
  Objective range  [1e+00, 5e+02]
  Bounds range     [1e+00, 1e+00]
  RHS range        [5e+00, 2e+01]

Using branch priorities.
Found heuristic solution: objective 326308.00000
Presolve time: 0.01s
Presolved: 550 rows, 7040 columns, 19200 nonzeros
Variable types: 7000 continuous, 40 integer (40 binary)

Root relaxation: objective 3.105980e+04, 499 iterations, 0.00 seconds (0.00 work units)

    Nodes    |    Current Node    |     Objective Bounds      |     Work
 Expl Unexpl |  Obj  Depth IntInf | Incumbent    BestBd   Gap | It/Node Time

     0     0 31059.7963    0   38 326308.000 31059.7963  90.5%     -    0s
H    0     0                    38868.909856 31059.7963  20.1%     -    0s
H    0     0                    38860.040127 31059.7963  20.1%     -    0s
     0     0 36687.5443    0   18 38860.0401 36687.5443  5.59%     -    0s
H    0     0                    38648.647913 36737.7228  4.94%     -    0s
H    0     0                    38643.647913 36737.7228  4.93%     -    0s
     0     0 36737.7228    0   17 38643.6479 36737.7228  4.93%     -    0s
     0     0 36737.7228    0   17 38643.6479 36737.7228  4.93%     -    0s
     0     0 37267.5660    0   12 38643.6479 37267.5660  3.56%     -    0s
     0     0 37399.2366    0   11 38643.6479 37399.2366  3.22%     -    0s
     0     0 37411.0260    0   10 38643.6479 37411.0260  3.19%     -    0s
H    0     0                    38504.767125 37411.0260  2.84%     -    0s
     0     0 37548.4772    0    9 38504.7671 37548.4772  2.48%     -    0s
     0     0 37571.8585    0    9 38504.7671 37571.8585  2.42%     -    0s
     0     0 37602.4507    0    8 38504.7671 37602.4507  2.34%     -    0s
     0     0 37613.1394    0    8 38504.7671 37613.1394  2.32%     -    0s
     0     0 37648.6773    0    6 38504.7671 37648.6773  2.22%     -    0s
H    0     0                    38193.112763 37648.6773  1.43%     -    0s
     0     0 37654.4545    0    1 38193.1128 37654.4545  1.41%     -    0s
H    0     0                    38113.601351 37655.0556  1.20%     -    0s
     0     0 37655.0556    0    1 38113.6014 37655.0556  1.20%     -    0s
H    0     0                    37840.000000 37655.0556  0.49%     -    0s
     0     0 37656.8352    0    2 37840.0000 37656.8352  0.48%     -    0s
     0     0 37657.6364    0    2 37840.0000 37657.6364  0.48%     -    0s
H    0     0                    37787.000000 37657.6364  0.34%     -    0s
H    0     0                    37781.000000 37657.6364  0.33%     -    0s
H    0     0                    37776.922601 37657.6364  0.32%     -    0s
     0     0 37657.9763    0    9 37776.9226 37657.9763  0.31%     -    0s
     0     0 37657.9763    0    9 37776.9226 37657.9763  0.31%     -    0s
     0     0 37657.9763    0    9 37776.9226 37657.9763  0.31%     -    0s
H    0     0                    37675.000000 37657.9763  0.05%     -    0s
     0     2 37657.9763    0    9 37675.0000 37657.9763  0.05%     -    0s
*    6     0               3    37671.000000 37671.0000  0.00%   7.5    0s

Cutting planes:
  Implied bound: 162
  MIR: 42
  Flow cover: 85
  Relax-and-lift: 7

Explored 7 nodes (1108 simplex iterations) in 0.25 seconds (0.19 work units)
Thread count was 32 (of 32 available processors)

Solution count 8: 37671 37675 37781 ... 38860

Optimal solution found (tolerance 0.00e+00)
Best objective 3.767100000000e+04, best bound 3.767100000000e+04, gap 0.0000%
