
Gurobi 13.0.2 (win64) logging started Fri Jul 10 21:21:30 2026

Set parameter LogFile to value "logs/kstar_nI20_nJ20_nK100_nL10_tI2_tJ2_s1_m0_exact_s0_20260710-212130.gurobi.log"
Set parameter Seed to value 0
Set parameter TimeLimit to value 599.9621822
Set parameter NodefileStart to value 4
Set parameter MIPGap to value 0
Set parameter MIPGapAbs to value 0.9999
Set parameter Cutoff to value 1e+100
Gurobi Optimizer version 13.0.2 build v13.0.2rc1 (win64 - Windows 11+.0 (26200.2))

CPU model: Intel(R) Core(TM) i9-14900HX, instruction set [SSE2|AVX|AVX2]
Thread count: 24 physical cores, 32 logical processors, using up to 32 threads

Non-default parameters:
TimeLimit  599.9621822
MIPGap  0
MIPGapAbs  0.9999
NodefileStart  4

Optimize a model with 1600 rows, 24040 columns and 68400 nonzeros (Min)
Model fingerprint: 0xd295227a
Model has 24040 linear objective coefficients
Variable types: 24000 continuous, 40 integer (40 binary)
Coefficient statistics:
  Matrix range     [1e+00, 1e+03]
  Objective range  [1e+00, 5e+02]
  Bounds range     [1e+00, 1e+00]
  RHS range        [5e+00, 2e+01]

Using branch priorities.
Found heuristic solution: objective 1313367.0000
Presolve time: 0.05s
Presolved: 1600 rows, 24040 columns, 68400 nonzeros
Variable types: 24000 continuous, 40 integer (40 binary)

Root relaxation: objective 1.253754e+05, 1458 iterations, 0.01 seconds (0.01 work units)

    Nodes    |    Current Node    |     Objective Bounds      |     Work
 Expl Unexpl |  Obj  Depth IntInf | Incumbent    BestBd   Gap | It/Node Time

     0     0 125375.426    0   40 1313367.00 125375.426  90.5%     -    0s
H    0     0                    134853.27396 125375.426  7.03%     -    0s
     0     0 133958.766    0    6 134853.274 133958.766  0.66%     -    0s
     0     0 134428.660    0    3 134853.274 134428.660  0.31%     -    0s
H    0     0                    134555.00000 134428.660  0.09%     -    0s

Cutting planes:
  Implied bound: 959
  MIR: 7
  Flow cover: 196
  Relax-and-lift: 12

Explored 1 nodes (1731 simplex iterations) in 0.29 seconds (0.27 work units)
Thread count was 32 (of 32 available processors)

Solution count 1: 134555 

Optimal solution found (tolerance 0.00e+00)
Best objective 1.345550000000e+05, best bound 1.345550000000e+05, gap 0.0000%
