
Gurobi 13.0.2 (win64) logging started Wed Jul 15 20:51:16 2026

Set parameter LogFile to value "logs/kstar_nI40_nJ40_nK100_nL5_tI5_tJ5_s1_m0_exact_s0_20260715-205116.gurobi.log"
Set parameter Seed to value 0
Set parameter TimeLimit to value 599.9639121
Set parameter NodefileStart to value 4
Set parameter MIPGap to value 0
Set parameter MIPGapAbs to value 0.9999
Set parameter Cutoff to value 1e+100
Gurobi Optimizer version 13.0.2 build v13.0.2rc1 (win64 - Windows 11+.0 (26200.2))

CPU model: Intel(R) Core(TM) i9-14900HX, instruction set [SSE2|AVX|AVX2]
Thread count: 24 physical cores, 32 logical processors, using up to 32 threads

Non-default parameters:
TimeLimit  599.9639121
MIPGap  0
MIPGapAbs  0.9999
NodefileStart  4

Optimize a model with 1100 rows, 28080 columns and 76400 nonzeros (Min)
Model fingerprint: 0xb214c0a4
Model has 28080 linear objective coefficients
Variable types: 28000 continuous, 80 integer (80 binary)
Coefficient statistics:
  Matrix range     [1e+00, 1e+03]
  Objective range  [1e+00, 5e+02]
  Bounds range     [1e+00, 1e+00]
  RHS range        [5e+00, 2e+01]

Using branch priorities.
Found heuristic solution: objective 649206.00000
Presolve time: 0.05s
Presolved: 1100 rows, 28080 columns, 76400 nonzeros
Variable types: 28000 continuous, 80 integer (80 binary)

Root relaxation: objective 3.855362e+04, 1051 iterations, 0.01 seconds (0.01 work units)

    Nodes    |    Current Node    |     Objective Bounds      |     Work
 Expl Unexpl |  Obj  Depth IntInf | Incumbent    BestBd   Gap | It/Node Time

     0     0 38553.6188    0   79 649206.000 38553.6188  94.1%     -    0s
H    0     0                    57930.911018 38553.6188  33.4%     -    0s
H    0     0                    57918.911018 38553.6188  33.4%     -    0s
H    0     0                    57913.196209 38553.6188  33.4%     -    0s
H    0     0                    57717.744649 46910.0325  18.7%     -    0s
H    0     0                    57701.047558 46910.0325  18.7%     -    0s
     0     0 46910.0325    0   48 57701.0476 46910.0325  18.7%     -    0s
H    0     0                    55948.000000 46970.9265  16.0%     -    0s
     0     0 46970.9265    0   47 55948.0000 46970.9265  16.0%     -    0s
H    0     0                    55813.000000 46970.9265  15.8%     -    0s
     0     0 50549.2902    0   63 55813.0000 50549.2902  9.43%     -    0s
H    0     0                    55768.000000 50558.1745  9.34%     -    0s
     0     0 51017.7237    0   64 55768.0000 51017.7237  8.52%     -    0s
     0     0 51089.2296    0   62 55768.0000 51089.2296  8.39%     -    0s
     0     0 51134.8160    0   63 55768.0000 51134.8160  8.31%     -    0s
     0     0 51151.0687    0   63 55768.0000 51151.0687  8.28%     -    0s
     0     0 51152.0428    0   63 55768.0000 51152.0428  8.28%     -    0s
     0     0 51907.0956    0   63 55768.0000 51907.0956  6.92%     -    0s
H    0     0                    54338.000000 51910.9710  4.47%     -    0s
H    0     0                    54302.000000 51910.9710  4.40%     -    0s
H    0     0                    53891.000000 51910.9710  3.67%     -    0s
     0     0 52094.4988    0   63 53891.0000 52094.4988  3.33%     -    0s
     0     0 52173.4704    0   61 53891.0000 52173.4704  3.19%     -    0s
     0     0 52184.4368    0   65 53891.0000 52184.4368  3.17%     -    0s
     0     0 52188.4270    0   64 53891.0000 52188.4270  3.16%     -    0s
     0     0 52285.5280    0   61 53891.0000 52285.5280  2.98%     -    0s
H    0     0                    53583.000000 52286.5746  2.42%     -    0s
H    0     0                    52818.000000 52286.5746  1.01%     -    0s
     0     0 52327.9410    0   66 52818.0000 52327.9410  0.93%     -    0s
     0     0 52342.1829    0   66 52818.0000 52342.1829  0.90%     -    0s
     0     0 52345.5659    0   66 52818.0000 52345.5659  0.89%     -    0s
     0     0 52374.5108    0   59 52818.0000 52374.5108  0.84%     -    1s
     0     0 52374.5893    0   59 52818.0000 52374.5893  0.84%     -    1s
     0     0 52374.5893    0   59 52818.0000 52374.5893  0.84%     -    1s
H    0     0                    52615.000000 52374.5893  0.46%     -    1s
     0     2 52374.5893    0   59 52615.0000 52374.5893  0.46%     -    1s
*  162    62              11    52588.000000 52519.2029  0.13%  54.1    1s

Cutting planes:
  Implied bound: 437
  MIR: 215
  Flow cover: 366
  Relax-and-lift: 11

Explored 250 nodes (14497 simplex iterations) in 1.57 seconds (1.94 work units)
Thread count was 32 (of 32 available processors)

Solution count 10: 52588 52615 52818 ... 57717.7

Optimal solution found (tolerance 0.00e+00)
Best objective 5.258800000000e+04, best bound 5.258800000000e+04, gap 0.0000%
