
Gurobi 13.0.2 (win64) logging started Wed Jul 15 20:53:19 2026

Set parameter LogFile to value "logs/kstar_nI40_nJ40_nK50_nL10_tI6_tJ6_s3_m0_exact_s0_20260715-205319.gurobi.log"
Set parameter Seed to value 0
Set parameter TimeLimit to value 599.953929
Set parameter NodefileStart to value 4
Set parameter MIPGap to value 0
Set parameter MIPGapAbs to value 0.9999
Set parameter Cutoff to value 1e+100
Gurobi Optimizer version 13.0.2 build v13.0.2rc1 (win64 - Windows 11+.0 (26200.2))

CPU model: Intel(R) Core(TM) i9-14900HX, instruction set [SSE2|AVX|AVX2]
Thread count: 24 physical cores, 32 logical processors, using up to 32 threads

Non-default parameters:
TimeLimit  599.953929
MIPGap  0
MIPGapAbs  0.9999
NodefileStart  4

Optimize a model with 1700 rows, 36080 columns and 92800 nonzeros (Min)
Model fingerprint: 0x67fa8e7e
Model has 36080 linear objective coefficients
Variable types: 36000 continuous, 80 integer (80 binary)
Coefficient statistics:
  Matrix range     [1e+00, 7e+02]
  Objective range  [1e+00, 5e+02]
  Bounds range     [1e+00, 1e+00]
  RHS range        [5e+00, 2e+01]

Using branch priorities.
Found heuristic solution: objective 636493.00000
Presolve time: 0.04s
Presolved: 1700 rows, 36080 columns, 92800 nonzeros
Variable types: 36000 continuous, 80 integer (80 binary)

Root relaxation: objective 3.904879e+04, 1406 iterations, 0.02 seconds (0.02 work units)

    Nodes    |    Current Node    |     Objective Bounds      |     Work
 Expl Unexpl |  Obj  Depth IntInf | Incumbent    BestBd   Gap | It/Node Time

     0     0 39048.7860    0   79 636493.000 39048.7860  93.9%     -    0s
H    0     0                    58663.257846 39048.7860  33.4%     -    0s
H    0     0                    58642.402522 39048.7860  33.4%     -    0s
H    0     0                    58433.688409 49315.8940  15.6%     -    0s
H    0     0                    58307.758143 49315.8940  15.4%     -    0s
H    0     0                    58032.249997 49315.8940  15.0%     -    0s
H    0     0                    56994.000000 49315.8940  13.5%     -    0s
H    0     0                    56981.000000 49315.8940  13.5%     -    0s
     0     0 49315.8940    0   57 56981.0000 49315.8940  13.5%     -    0s
H    0     0                    56496.000000 49321.1000  12.7%     -    0s
H    0     0                    56199.000000 49321.1000  12.2%     -    0s
H    0     0                    55882.000000 49321.1000  11.7%     -    0s
     0     0 49570.6919    0   51 55882.0000 49570.6919  11.3%     -    0s
     0     0 49614.6586    0   52 55882.0000 49614.6586  11.2%     -    0s
     0     0 49632.9458    0   50 55882.0000 49632.9458  11.2%     -    0s
     0     0 49633.3465    0   50 55882.0000 49633.3465  11.2%     -    0s
     0     0 51496.2822    0   54 55882.0000 51496.2822  7.85%     -    0s
H    0     0                    55243.000000 51500.7000  6.77%     -    0s
H    0     0                    55156.000000 51500.7000  6.63%     -    0s
H    0     0                    55148.000000 51500.7000  6.61%     -    0s
H    0     0                    55114.000000 51500.7000  6.56%     -    0s
     0     0 51965.4557    0   55 55114.0000 51965.4557  5.71%     -    0s
     0     0 52156.0938    0   54 55114.0000 52156.0938  5.37%     -    0s
     0     0 52205.8229    0   54 55114.0000 52205.8229  5.28%     -    0s
     0     0 52216.2977    0   55 55114.0000 52216.2977  5.26%     -    0s
     0     0 52217.3249    0   55 55114.0000 52217.3249  5.26%     -    0s
     0     0 52560.8690    0   59 55114.0000 52560.8690  4.63%     -    0s
H    0     0                    54728.000000 52561.0619  3.96%     -    1s
H    0     0                    54334.000000 52561.0619  3.26%     -    1s
H    0     0                    54185.000000 52664.9068  2.81%     -    1s
H    0     0                    54113.000000 52664.9068  2.68%     -    1s
H    0     0                    54065.000000 52664.9068  2.59%     -    1s
     0     0 52664.9068    0   56 54065.0000 52664.9068  2.59%     -    1s
     0     0 52694.3796    0   55 54065.0000 52694.3796  2.54%     -    1s
     0     0 52704.4226    0   56 54065.0000 52704.4226  2.52%     -    1s
     0     0 52792.3023    0   55 54065.0000 52792.3023  2.35%     -    1s
H    0     0                    53980.000000 52794.2267  2.20%     -    1s
H    0     0                    53951.000000 52794.2267  2.14%     -    1s
H    0     0                    53909.000000 52794.2267  2.07%     -    1s
H    0     0                    53747.000000 52794.2267  1.77%     -    1s
H    0     0                    53672.000000 52794.2267  1.64%     -    1s
     0     0 52806.5983    0   56 53672.0000 52806.5983  1.61%     -    1s
     0     0 52812.8276    0   55 53672.0000 52812.8276  1.60%     -    1s
     0     0 52838.8427    0   56 53672.0000 52838.8427  1.55%     -    1s
     0     0 52840.5359    0   56 53672.0000 52840.5359  1.55%     -    1s
     0     0 52840.5359    0   56 53672.0000 52840.5359  1.55%     -    1s
H    0     0                    53579.000000 52840.5359  1.38%     -    1s
H    0     0                    53569.000000 52840.5359  1.36%     -    1s
     0     2 52840.5359    0   56 53569.0000 52840.5359  1.36%     -    1s
*  409   269              17    53556.000000 53059.2097  0.93%  95.7    2s
*  412   269              15    53489.000000 53059.2097  0.80%  95.6    2s
H  500   288                    53458.000000 53129.3344  0.61%  88.2    2s
H  506   288                    53396.000000 53129.3344  0.50%  88.2    2s
H  510   288                    53304.000000 53129.3344  0.33%  87.8    2s

Cutting planes:
  Implied bound: 400
  MIR: 242
  Flow cover: 703
  Relax-and-lift: 14

Explored 837 nodes (53995 simplex iterations) in 3.31 seconds (3.73 work units)
Thread count was 32 (of 32 available processors)

Solution count 10: 53304 53396 53458 ... 53909

Optimal solution found (tolerance 0.00e+00)
Best objective 5.330400000000e+04, best bound 5.330400000000e+04, gap 0.0000%
