
Gurobi 13.0.2 (win64) logging started Wed Jul 15 20:53:10 2026

Set parameter LogFile to value "logs/kstar_nI40_nJ40_nK50_nL10_tI5_tJ5_s5_m0_exact_s0_20260715-205310.gurobi.log"
Set parameter Seed to value 0
Set parameter TimeLimit to value 599.9541494
Set parameter NodefileStart to value 4
Set parameter MIPGap to value 0
Set parameter MIPGapAbs to value 0.9999
Set parameter Cutoff to value 1e+100
Gurobi Optimizer version 13.0.2 build v13.0.2rc1 (win64 - Windows 11+.0 (26200.2))

CPU model: Intel(R) Core(TM) i9-14900HX, instruction set [SSE2|AVX|AVX2]
Thread count: 24 physical cores, 32 logical processors, using up to 32 threads

Non-default parameters:
TimeLimit  599.9541494
MIPGap  0
MIPGapAbs  0.9999
NodefileStart  4

Optimize a model with 1700 rows, 36080 columns and 92800 nonzeros (Min)
Model fingerprint: 0xbc9519f4
Model has 36080 linear objective coefficients
Variable types: 36000 continuous, 80 integer (80 binary)
Coefficient statistics:
  Matrix range     [1e+00, 7e+02]
  Objective range  [1e+00, 5e+02]
  Bounds range     [1e+00, 1e+00]
  RHS range        [5e+00, 2e+01]

Using branch priorities.
Found heuristic solution: objective 676446.00000
Presolve time: 0.06s
Presolved: 1700 rows, 36080 columns, 92800 nonzeros
Variable types: 36000 continuous, 80 integer (80 binary)

Root relaxation: objective 3.744247e+04, 1456 iterations, 0.02 seconds (0.02 work units)

    Nodes    |    Current Node    |     Objective Bounds      |     Work
 Expl Unexpl |  Obj  Depth IntInf | Incumbent    BestBd   Gap | It/Node Time

     0     0 37442.4714    0   80 676446.000 37442.4714  94.5%     -    0s
H    0     0                    56261.462056 37442.4714  33.4%     -    0s
H    0     0                    56246.740251 37442.4714  33.4%     -    0s
H    0     0                    56181.871217 37442.4714  33.4%     -    0s
H    0     0                    56175.169021 37442.4714  33.3%     -    0s
H    0     0                    56169.871217 48106.6051  14.4%     -    0s
H    0     0                    56082.497338 48106.6051  14.2%     -    0s
H    0     0                    53836.000000 48106.6051  10.6%     -    0s
     0     0 48106.6051    0   49 53836.0000 48106.6051  10.6%     -    0s
H    0     0                    53351.000000 48116.0030  9.81%     -    0s
     0     0 48197.8508    0   48 53351.0000 48197.8508  9.66%     -    0s
     0     0 48233.7902    0   47 53351.0000 48233.7902  9.59%     -    0s
     0     0 48233.7902    0   47 53351.0000 48233.7902  9.59%     -    0s
     0     0 49918.2798    0   50 53351.0000 49918.2798  6.43%     -    0s
H    0     0                    52917.000000 49919.2559  5.66%     -    0s
H    0     0                    52904.000000 49919.2559  5.64%     -    0s
H    0     0                    52656.000000 49919.2559  5.20%     -    0s
     0     0 50357.7815    0   51 52656.0000 50357.7815  4.36%     -    0s
     0     0 50408.7888    0   51 52656.0000 50408.7888  4.27%     -    0s
     0     0 50424.6627    0   52 52656.0000 50424.6627  4.24%     -    0s
     0     0 50425.6088    0   52 52656.0000 50425.6088  4.24%     -    0s
     0     0 50696.1354    0   51 52656.0000 50696.1354  3.72%     -    0s
H    0     0                    52478.000000 50696.8839  3.39%     -    0s
H    0     0                    52449.000000 50696.8839  3.34%     -    0s
     0     0 50832.9356    0   50 52449.0000 50832.9356  3.08%     -    0s
     0     0 50857.3915    0   50 52449.0000 50857.3915  3.03%     -    0s
H    0     0                    51451.000000 50867.4974  1.13%     -    0s
H    0     0                    51398.000000 50867.4974  1.03%     -    0s
     0     0 50867.4974    0   50 51398.0000 50867.4974  1.03%     -    0s
     0     0 50870.9079    0   50 51398.0000 50870.9079  1.03%     -    0s
     0     0 50961.2768    0   52 51398.0000 50961.2768  0.85%     -    0s
H    0     0                    51338.000000 50963.0486  0.73%     -    0s
     0     0 50983.0997    0   51 51338.0000 50983.0997  0.69%     -    1s
     0     0 51000.3237    0   49 51338.0000 51000.3237  0.66%     -    1s
     0     0 51008.3890    0   49 51338.0000 51008.3890  0.64%     -    1s
H    0     0                    51323.000000 51008.3890  0.61%     -    1s
H    0     0                    51317.000000 51008.3890  0.60%     -    1s
     0     0 51024.1131    0   50 51317.0000 51024.1131  0.57%     -    1s
     0     0 51024.3000    0   50 51317.0000 51024.3000  0.57%     -    1s
     0     0 51024.3000    0   50 51317.0000 51024.3000  0.57%     -    1s
H    0     0                    51184.000000 51024.3000  0.31%     -    1s
     0     2 51024.3000    0   50 51184.0000 51024.3000  0.31%     -    1s
H  117    23                    51132.000000 51100.2310  0.06%  41.0    1s
*  147     2              15    51128.000000 51104.5748  0.05%  38.7    1s

Cutting planes:
  Implied bound: 365
  MIR: 149
  Flow cover: 427
  Relax-and-lift: 9

Explored 168 nodes (10630 simplex iterations) in 1.81 seconds (2.03 work units)
Thread count was 32 (of 32 available processors)

Solution count 10: 51128 51132 51184 ... 52478

Optimal solution found (tolerance 0.00e+00)
Best objective 5.112800000000e+04, best bound 5.112800000000e+04, gap 0.0000%
