
Gurobi 13.0.2 (win64) logging started Wed Jul 15 20:47:24 2026

Set parameter LogFile to value "logs/kstar_nI20_nJ20_nK50_nL5_tI2_tJ2_s4_m0_exact_s0_20260715-204724.gurobi.log"
Set parameter Seed to value 0
Set parameter TimeLimit to value 599.9888719
Set parameter NodefileStart to value 4
Set parameter MIPGap to value 0
Set parameter MIPGapAbs to value 0.9999
Set parameter Cutoff to value 1e+100
Gurobi Optimizer version 13.0.2 build v13.0.2rc1 (win64 - Windows 11+.0 (26200.2))

CPU model: Intel(R) Core(TM) i9-14900HX, instruction set [SSE2|AVX|AVX2]
Thread count: 24 physical cores, 32 logical processors, using up to 32 threads

Non-default parameters:
TimeLimit  599.9888719
MIPGap  0
MIPGapAbs  0.9999
NodefileStart  4

Optimize a model with 550 rows, 7040 columns and 19200 nonzeros (Min)
Model fingerprint: 0xfc6d647d
Model has 7040 linear objective coefficients
Variable types: 7000 continuous, 40 integer (40 binary)
Coefficient statistics:
  Matrix range     [1e+00, 7e+02]
  Objective range  [1e+00, 5e+02]
  Bounds range     [1e+00, 1e+00]
  RHS range        [5e+00, 2e+01]

Using branch priorities.
Found heuristic solution: objective 329362.00000
Presolve time: 0.02s
Presolved: 550 rows, 7040 columns, 19200 nonzeros
Variable types: 7000 continuous, 40 integer (40 binary)

Root relaxation: objective 2.921057e+04, 483 iterations, 0.00 seconds (0.00 work units)

    Nodes    |    Current Node    |     Objective Bounds      |     Work
 Expl Unexpl |  Obj  Depth IntInf | Incumbent    BestBd   Gap | It/Node Time

     0     0 29210.5709    0   39 329362.000 29210.5709  91.1%     -    0s
H    0     0                    39213.997819 29210.5709  25.5%     -    0s
H    0     0                    39210.944390 29210.5709  25.5%     -    0s
     0     0 34362.1258    0   21 39210.9444 34362.1258  12.4%     -    0s
H    0     0                    39190.944390 34508.4980  11.9%     -    0s
H    0     0                    39184.468645 34508.4980  11.9%     -    0s
     0     0 34508.4980    0   21 39184.4686 34508.4980  11.9%     -    0s
     0     0 37133.1614    0   11 39184.4686 37133.1614  5.24%     -    0s
     0     0 37241.9158    0   11 39184.4686 37241.9158  4.96%     -    0s
     0     0 37242.1685    0   11 39184.4686 37242.1685  4.96%     -    0s
H    0     0                    39036.935769 37242.1685  4.60%     -    0s
H    0     0                    38911.691812 37415.9936  3.84%     -    0s
     0     0 37415.9936    0   12 38911.6918 37415.9936  3.84%     -    0s
     0     0 37441.0386    0    7 38911.6918 37441.0386  3.78%     -    0s
     0     0 37441.9051    0    8 38911.6918 37441.9051  3.78%     -    0s
H    0     0                    38865.165575 37447.3043  3.65%     -    0s
     0     0 37447.3043    0    3 38865.1656 37447.3043  3.65%     -    0s
H    0     0                    38303.861606 37447.3043  2.24%     -    0s
*    0     0               0    37448.000000 37448.0000  0.00%     -    0s

Cutting planes:
  Implied bound: 197
  MIR: 40
  Flow cover: 73
  Relax-and-lift: 10

Explored 1 nodes (1028 simplex iterations) in 0.16 seconds (0.13 work units)
Thread count was 32 (of 32 available processors)

Solution count 5: 37448 38303.9 38865.2 ... 329362

Optimal solution found (tolerance 0.00e+00)
Best objective 3.744800000000e+04, best bound 3.744800000000e+04, gap 0.0000%
