
Gurobi 13.0.2 (win64) logging started Sat Jul 11 06:54:29 2026

Set parameter LogFile to value "logs/kstar_nI20_nJ20_nK50_nL10_tI4_tJ4_s1_m0_exact_s0_20260711-065429.gurobi.log"
Set parameter Seed to value 0
Set parameter TimeLimit to value 599.9830152
Set parameter NodefileStart to value 4
Set parameter MIPGap to value 0
Set parameter MIPGapAbs to value 0.9999
Set parameter Cutoff to value 1e+100
Gurobi Optimizer version 13.0.2 build v13.0.2rc1 (win64 - Windows 11+.0 (26200.2))

CPU model: Intel(R) Core(TM) i9-14900HX, instruction set [SSE2|AVX|AVX2]
Thread count: 24 physical cores, 32 logical processors, using up to 32 threads

Non-default parameters:
TimeLimit  599.9830152
MIPGap  0
MIPGapAbs  0.9999
NodefileStart  4

Optimize a model with 1100 rows, 14040 columns and 38400 nonzeros (Min)
Model fingerprint: 0xfb38ac56
Model has 14040 linear objective coefficients
Variable types: 14000 continuous, 40 integer (40 binary)
Coefficient statistics:
  Matrix range     [1e+00, 7e+02]
  Objective range  [1e+00, 5e+02]
  Bounds range     [1e+00, 1e+00]
  RHS range        [5e+00, 2e+01]

Using branch priorities.
Found heuristic solution: objective 664487.00000
Presolve time: 0.03s
Presolved: 1100 rows, 14040 columns, 38400 nonzeros
Variable types: 14000 continuous, 40 integer (40 binary)

Root relaxation: objective 6.435756e+04, 972 iterations, 0.01 seconds (0.01 work units)

    Nodes    |    Current Node    |     Objective Bounds      |     Work
 Expl Unexpl |  Obj  Depth IntInf | Incumbent    BestBd   Gap | It/Node Time

     0     0 64357.5554    0   39 664487.000 64357.5554  90.3%     -    0s
H    0     0                    72671.048876 64357.5554  11.4%     -    0s
     0     0 71315.6118    0   11 72671.0489 71315.6118  1.87%     -    0s
H    0     0                    72663.056954 71384.0487  1.76%     -    0s
     0     0 71384.0487    0    9 72663.0570 71384.0487  1.76%     -    0s
H    0     0                    72640.884035 71384.0487  1.73%     -    0s
     0     0 71661.4693    0    3 72640.8840 71661.4693  1.35%     -    0s
H    0     0                    72305.103961 71667.6710  0.88%     -    0s
H    0     0                    71685.000000 71667.6710  0.02%     -    0s
     0     0     cutoff    0      71685.0000 71685.0000  0.00%     -    0s

Cutting planes:
  Implied bound: 435
  MIR: 25
  Flow cover: 178
  Relax-and-lift: 11

Explored 1 nodes (1414 simplex iterations) in 0.17 seconds (0.16 work units)
Thread count was 32 (of 32 available processors)

Solution count 3: 71685 72305.1 72640.9 

Optimal solution found (tolerance 0.00e+00)
Best objective 7.168500000000e+04, best bound 7.168500000000e+04, gap 0.0000%
