
Gurobi 13.0.2 (win64) logging started Fri Jul 17 13:48:54 2026

Set parameter LogFile to value "logs/kstar_nI40_nJ40_nK100_nL10_tI6_tJ6_s2_m1_exact_s0_20260717-134853.gurobi.log"
Set parameter Seed to value 0
Set parameter TimeLimit to value 599.9319899
Set parameter MIPGap to value 0
Set parameter MIPGapAbs to value 0.5
Set parameter Cutoff to value 1e+100
Gurobi Optimizer version 13.0.2 build v13.0.2rc1 (win64 - Windows 11+.0 (26200.2))

CPU model: Intel(R) Core(TM) i9-14900HX, instruction set [SSE2|AVX|AVX2]
Thread count: 24 physical cores, 32 logical processors, using up to 32 threads

Non-default parameters:
TimeLimit  599.9319899
MIPGap  0
MIPGapAbs  0.5
PreCrush  1
LazyConstraints  1

Optimize a model with 20 rows, 90 columns and 800 nonzeros (Min)
Model fingerprint: 0x1e0abbed
Model has 90 linear objective coefficients
Variable types: 10 continuous, 80 integer (80 binary)
Coefficient statistics:
  Matrix range     [1e+00, 1e+03]
  Objective range  [1e+00, 5e+02]
  Bounds range     [1e+00, 8e+03]
  RHS range        [1e+03, 1e+03]

Using branch priorities.
Presolve removed 18 rows and 0 columns
Presolve time: 0.00s
Presolved: 2 rows, 90 columns, 80 nonzeros
Variable types: 10 continuous, 80 integer (80 binary)

Root relaxation: objective 6.825778e+04, 5 iterations, 0.00 seconds (0.00 work units)

    Nodes    |    Current Node    |     Objective Bounds      |     Work
 Expl Unexpl |  Obj  Depth IntInf | Incumbent    BestBd   Gap | It/Node Time

     0     0 68257.7788    0    3          - 68257.7788      -     -    0s
H    0     0                    316890.00000 68257.7788  78.5%     -    0s
H    0     0                    299499.00000 68257.7788  77.2%     -    0s
H    0     0                    291409.00000 68257.7788  76.6%     -    0s
H    0     0                    280017.00000 68257.7788  75.6%     -    0s
     0     0 68449.0240    0    5 280017.000 68449.0240  75.6%     -    0s
     0     0 68453.6027    0    5 280017.000 68453.6027  75.6%     -    0s
H    0     0                    257781.00000 68459.9976  73.4%     -    0s
     0     2 68772.7011    0   11 257781.000 68772.7011  73.3%     -    0s
  3351  3109 74414.0000   72    5 257781.000 68882.4198  73.3%   3.2    6s
H 3352  2954                    239933.00000 68958.5008  71.3%   3.2    6s
H 3354  2807                    219017.00000 69039.9456  68.5%   3.1    7s
H 3357  2669                    214594.00000 69039.9456  67.8%   3.1    7s
H 3370  2543                    202381.00000 69039.9456  65.9%   3.1    8s
  3422  2594 69197.5130   15   14 202381.000 69132.4448  65.8%   3.5   10s
  3921  2952 69413.0141   22   15 202381.000 69134.9378  65.8%   4.8   15s
  4527  3445 69844.4319   28    9 202381.000 69134.9378  65.8%   5.2   20s
  6090  4354 70254.9116   43    3 202381.000 69147.5704  65.8%   4.9   25s
  7903  5240 98787.1872   87    1 202381.000 69211.6104  65.8%   4.6   30s
  8908  5951 70095.7821   36    8 202381.000 69211.6104  65.8%   4.7   35s
 10491  6700 81746.0000   70    - 202381.000 69239.3859  65.8%   4.7   40s
 11741  7618 69673.7863   22   14 202381.000 69269.4506  65.8%   4.5   45s
 12753  8744 70296.7948   41    3 202381.000 69284.7877  65.8%   4.5   50s
 14429 10241 70111.9450   25    9 202381.000 69284.7877  65.8%   4.5   55s
 16842 11741 69863.2474   25   17 202381.000 69316.3607  65.7%   4.4   60s
 17180 12313 70048.1349   28    9 202381.000 69317.3068  65.7%   4.4   65s
 18508 13251 71665.4294   51    2 202381.000 69317.3068  65.7%   4.3   70s
 20013 14897 70392.6303   30   13 202381.000 69331.6787  65.7%   4.4   75s
 22290 17045 71466.3156   50    3 202381.000 69362.2117  65.7%   4.4   80s
 23996 18025 70891.1768   58    1 202381.000 69362.2117  65.7%   4.4   85s
 25509 19477 70216.1680   26   12 202381.000 69362.2117  65.7%   4.4   90s
 27889 22030 70011.3584   35   10 202381.000 69393.7181  65.7%   4.4   97s
 28973 23370 69656.1373   20   22 202381.000 69399.3534  65.7%   4.4  100s
 31074 24761 70715.4167   43    8 202381.000 69399.3534  65.7%   4.5  106s
 32012 25441 70752.4376   44    6 202381.000 69399.3534  65.7%   4.4  110s
 34173 27680 70819.2216   46    6 202381.000 69417.8914  65.7%   4.5  116s
 35255 28635 69961.5058   25   16 202381.000 69420.5400  65.7%   4.5  120s
 37664 30423 72070.0705   57    1 202381.000 69428.6602  65.7%   4.5  128s
 39198 31613 69944.2512   26   13 202381.000 69439.3182  65.7%   4.4  133s
 40034 32521 71026.7068   50    4 202381.000 69439.3182  65.7%   4.4  138s
 41345 34093 70276.8757   41    7 202381.000 69439.3182  65.7%   4.4  142s
 43106 35835 70110.2433   30    9 202381.000 69451.1097  65.7%   4.4  148s
 45155 37696 71809.4622   53    2 202381.000 69466.2994  65.7%   4.4  153s
 47213 39441 71068.5720   45    1 202381.000 69485.1029  65.7%   4.4  159s
 49165 39659 73926.0000   81    5 202381.000 69492.1849  65.7%   4.4  171s
H49166 37677                    202076.00000 69492.1849  65.6%   4.4  173s
 49168 37678 70635.0000   67   27 202076.000 69492.1849  65.6%   4.4  176s
H49169 35795                    198617.00000 69492.1849  65.0%   4.4  182s
 49174 35798 74648.8478   66   28 198617.000 69492.1849  65.0%   4.4  188s
 49175 35799 70559.1055   38   29 198617.000 69492.1849  65.0%   4.4  190s
H49175 34008                    180794.00000 69492.1849  61.6%   4.4  192s
 49178 34010 70124.9032   37   26 180794.000 69492.1849  61.6%   4.4  197s
 49181 34012 71160.5939   38   28 180794.000 69492.1849  61.6%   4.4  201s
 49184 34017 69492.1849   20   25 180794.000 69492.1849  61.6%   4.4  205s
 49246 34088 69613.0736   25   25 180794.000 69513.8699  61.6%   4.5  210s
 49373 34173 69789.1028   27   26 180794.000 69522.0415  61.5%   4.5  216s
 49491 34370 69860.8704   28   23 180794.000 69522.0415  61.5%   4.6  221s
 49765 34510 69969.3517   30   20 180794.000 69522.0415  61.5%   4.6  225s
 50137 34782 70145.4523   32   18 180794.000 69522.0415  61.5%   4.7  230s
 50642 35112 70358.7770   33   14 180794.000 69522.0415  61.5%   4.7  235s
 50882 35317 70264.1958   37   19 180794.000 69522.0415  61.5%   4.7  240s
 51353 35461 70381.0228   40   11 180794.000 69530.5618  61.5%   4.7  246s
 51710 35780 70479.4130   41   14 180794.000 69530.5618  61.5%   4.7  250s
 52513 36243 70379.6643   43   13 180794.000 69544.7230  61.5%   4.8  255s
 53478 36745 70380.2443   44   10 180794.000 69544.7230  61.5%   4.8  262s
 53876 36968 69930.0934   34   17 180794.000 69568.4331  61.5%   4.8  265s
 54646 37718 70655.0292   53    7 180794.000 69568.4331  61.5%   4.9  270s
 55956 38557 71650.7422   73    1 180794.000 69568.4331  61.5%   4.9  276s
 56765 38991 69985.5471   26   18 180794.000 69568.4331  61.5%   4.9  280s
 57746 39413 75064.1614   78    2 180794.000 69641.8045  61.5%   4.9  287s
 58449 39800 69837.3954   30   24 180794.000 69656.0425  61.5%   4.9  290s
 59867 40867 70469.2440   49   11 180794.000 69656.0425  61.5%   4.9  297s
 60865 41142 69959.3801   33   19 180794.000 69659.3902  61.5%   4.9  301s
 61757 41381 72879.4455   80    3 180794.000 69659.3902  61.5%   4.9  305s
 62243 41808 72888.9063   82    1 180794.000 69674.6211  61.5%   5.0  311s
 62947 42160 70031.8609   33   22 180794.000 69674.6211  61.5%   5.0  315s
 63557 42052 70342.1451   35   12 180794.000 69684.5900  61.5%   5.0  320s
 63672 42367 70203.3416   37   18 180794.000 69684.5900  61.5%   5.0  328s
 64223 42837 70683.4702   42   10 180794.000 69684.5900  61.5%   5.0  333s
 65012 43438 71665.7095   59    6 180794.000 69684.5900  61.5%   5.0  339s
 66101 44143 76945.7312   86    1 180794.000 69684.5900  61.5%   5.0  344s
 66641 44020 71618.4541   77    2 180794.000 69743.7315  61.4%   5.0  345s
 67310 44690 70424.7438   33   15 180794.000 69743.7315  61.4%   5.0  350s
 68436 45525 76572.2718   83    4 180794.000 69743.7315  61.4%   5.1  356s
 69935 46304 70224.9497   36   15 180794.000 69749.5876  61.4%   5.1  361s
 71223 47199 77486.5017   84    1 180794.000 69749.5876  61.4%   5.1  366s
 72835 47935 70535.6317   41   14 180794.000 69749.5876  61.4%   5.1  373s
 74325 48557 70026.7135   30   18 180794.000 69749.5876  61.4%   5.1  379s
 75478 49317 70944.0648   48    7 180794.000 69749.5876  61.4%   5.2  384s
 76926 49136 72802.8549   62    1 180794.000 69787.8484  61.4%   5.2  385s
 77192 49183 75628.7346   73    1 180794.000 69787.8484  61.4%   5.2  391s
 77313 50180 75632.9202   74    1 180794.000 69787.8484  61.4%   5.2  397s
 78822 51166 70597.3719   39   14 180794.000 69806.6461  61.4%   5.2  405s
 80500 52360 70528.4870   39   14 180794.000 69817.8242  61.4%   5.2  413s
 82421 53493 70553.0914   41   18 180794.000 69826.2464  61.4%   5.2  421s
 84456 54407 70612.2851   37   10 180794.000 69828.4572  61.4%   5.2  429s
 85233 54245 70150.1192   30   25 180794.000 69831.9017  61.4%   5.2  430s
 86212 54175 70250.5661   33   19 180794.000 69832.8030  61.4%   5.2  439s
 86381 54143 70777.1435   47    7 180794.000 69832.8030  61.4%   5.2  440s
 86432 55169 70279.2234   34   19 180794.000 69832.8030  61.4%   5.2  448s
 87774 55783 70937.3130   45   11 180794.000 69832.8030  61.4%   5.2  458s
 89053 56822 70190.7809   39   14 180794.000 69842.2037  61.4%   5.3  468s
 90837 57778 73043.4268   73    1 180794.000 69843.9844  61.4%   5.3  479s
 91815 57605 70229.5318   34   15 180794.000 69843.9844  61.4%   5.3  480s
 92914 57555 70150.5292   35   17 180794.000 69854.1320  61.4%   5.3  487s
 93002 58409 70247.3588   36   15 180794.000 69854.1320  61.4%   5.3  497s
 94173 59735 70351.2246   37   17 180794.000 69854.1320  61.4%   5.3  508s
 96131 59318 71751.6297   54    2 180794.000 69861.3342  61.4%   5.3  510s
 96234 61016 72446.4560   60    4 180794.000 69865.8140  61.4%   5.3  519s
 97232 60770 70023.4739   34   19 180794.000 69866.6876  61.4%   5.3  520s
 98357 62317 70990.9395   52    2 180794.000 69868.8420  61.4%   5.4  531s
 100829 63712 71834.2293   58    1 180794.000 69869.6364  61.4%   5.3  545s
 103382 65337 77473.0000   82    - 180794.000 69877.9888  61.3%   5.4  558s
 106235 65453 70218.8373   30   18 180794.000 69877.9888  61.3%   5.4  569s
 107165 67580 70234.9855   31   18 180794.000 69877.9888  61.3%   5.4  583s
 110297 69496 70467.8268   42   16 180794.000 69885.7381  61.3%   5.4  597s

Cutting planes:
  Gomory: 6
  Cover: 1
  MIR: 2
  StrongCG: 1

Explored 113659 nodes (611629 simplex iterations) in 601.45 seconds (249.64 work units)
Thread count was 32 (of 32 available processors)

Solution count 10: 180794 198617 202076 ... 291409

Time limit reached
Best objective 1.807940000000e+05, best bound 6.989697644203e+04, gap 61.3389%

User-callback calls 265317, time in user-callback 137.91 sec
