
Gurobi 13.0.2 (win64) logging started Thu Jul 16 07:10:18 2026

Set parameter LogFile to value "logs/kstar_nI20_nJ40_nK100_nL5_tI4_tJ4_s4_m1_exact_s0_20260716-071018.gurobi.log"
Set parameter Seed to value 0
Set parameter TimeLimit to value 599.9682508
Set parameter MIPGap to value 0
Set parameter MIPGapAbs to value 0.5
Set parameter Cutoff to value 1e+100
Gurobi Optimizer version 13.0.2 build v13.0.2rc1 (win64 - Windows 11+.0 (26200.2))

CPU model: Intel(R) Core(TM) i9-14900HX, instruction set [SSE2|AVX|AVX2]
Thread count: 24 physical cores, 32 logical processors, using up to 32 threads

Non-default parameters:
TimeLimit  599.9682508
MIPGap  0
MIPGapAbs  0.5
PreCrush  1
LazyConstraints  1

Optimize a model with 10 rows, 65 columns and 300 nonzeros (Min)
Model fingerprint: 0x1706e4b7
Model has 65 linear objective coefficients
Variable types: 5 continuous, 60 integer (60 binary)
Coefficient statistics:
  Matrix range     [1e+01, 1e+03]
  Objective range  [1e+00, 5e+02]
  Bounds range     [1e+00, 9e+03]
  RHS range        [1e+03, 1e+03]

Using branch priorities.
Presolve removed 7 rows and 0 columns
Presolve time: 0.00s
Presolved: 3 rows, 65 columns, 80 nonzeros
Variable types: 5 continuous, 60 integer (60 binary)

Root relaxation: objective 4.161327e+04, 3 iterations, 0.00 seconds (0.00 work units)

    Nodes    |    Current Node    |     Objective Bounds      |     Work
 Expl Unexpl |  Obj  Depth IntInf | Incumbent    BestBd   Gap | It/Node Time

     0     0 41613.2715    0    2          - 41613.2715      -     -    0s
H    0     0                    246481.00000 41613.2715  83.1%     -    0s
H    0     0                    226791.00000 41613.2715  81.7%     -    0s
H    0     0                    217147.00000 41613.2715  80.8%     -    0s
H    0     0                    206804.00000 41613.2715  79.9%     -    0s
H    0     0                    202108.00000 41613.2715  79.4%     -    0s
H    0     0                    178614.00000 41613.2715  76.7%     -    0s
     0     0 41839.3592    0    5 178614.000 41839.3592  76.6%     -    0s
     0     0 41926.5284    0    8 178614.000 41926.5284  76.5%     -    0s
H    0     0                    171712.00000 41931.8212  75.6%     -    0s
     0     0 42055.3213    0   11 171712.000 42055.3213  75.5%     -    0s
     0     0 42061.9283    0   11 171712.000 42061.9283  75.5%     -    0s
     0     2 42093.8217    0   12 171712.000 42093.8217  75.5%     -    0s
H 3504  2954                    171211.00000 42217.5131  75.3%   2.8    4s
  3506  2955 42617.1126   27   20 171211.000 42217.5131  75.3%   2.8    5s
H 3512  2811                    142566.00000 42241.3116  70.4%   2.8    5s
H 3512  2670                    132365.00000 42241.3116  68.1%   2.8    5s
H 3520  2541                    131272.00000 42281.8831  67.8%   2.8    6s
H 3521  2542                    125431.00000 42281.8831  66.3%   2.8    6s
  3952  2841 42831.0047   27    5 125431.000 42365.3749  66.2%   4.2   10s
  5724  4031 43251.3794   42    6 125431.000 42399.3951  66.2%   4.8   15s
  8356  5396 42837.8748   22   10 125431.000 42467.5910  66.1%   4.8   20s
 10594  6647 43267.3098   41    6 125431.000 42525.2194  66.1%   4.8   25s
 13492  9028 43400.4036   45    5 125431.000 42536.9774  66.1%   4.9   30s
 16739 11514 43433.8931   49    4 125431.000 42555.1774  66.1%   5.0   35s
 18052 12809 42720.1138   24   18 125431.000 42555.1774  66.1%   5.0   40s
 21186 15594 46602.0000   62    - 125431.000 42589.7960  66.0%   5.0   45s
 23486 17313 42956.4392   28   13 125431.000 42594.6136  66.0%   5.0   50s
 25098 18804 43093.4905   32   15 125431.000 42622.2997  66.0%   5.0   56s
 26548 20209 43143.8968   35   11 125431.000 42626.2290  66.0%   5.0   60s
 28827 22168 43324.5772   40    8 125431.000 42626.2290  66.0%   5.0   65s
 31054 24205 43004.5215   30   16 125431.000 42659.6865  66.0%   5.0   71s
 32316 24605 43191.0661   31    7 125431.000 42679.8384  66.0%   5.0   75s
 33350 25694 43093.7222   30   12 125431.000 42680.6038  66.0%   5.0   80s
 35045 27218 43169.5130   31    7 125431.000 42683.4292  66.0%   5.0   86s
 36473 28203 43115.2151   31   11 125431.000 42688.9971  66.0%   5.0   90s
 38493 30520 43174.7328   34   12 125431.000 42694.6816  66.0%   5.1   96s
 40733 31999 43195.0159   34   11 125431.000 42694.6816  66.0%   5.0  100s
 44406 35684 43741.3043   47    6 125431.000 42700.5804  66.0%   4.9  107s
 46823 37852 43145.1910   30   10 125431.000 42707.8305  66.0%   4.9  111s
 49193 39940 43180.3427   31   11 125431.000 42714.7582  65.9%   4.9  115s
 53204 42022 43349.3725   35   10 125431.000 42720.1636  65.9%   5.0  120s
 56008 45622 45114.5716   60    1 125431.000 42731.2195  65.9%   5.0  128s
 58431 46190 44535.2455   55    1 125431.000 42736.5376  65.9%   5.0  132s
 58682 47385 44363.0806   56    2 125431.000 42736.5376  65.9%   5.0  136s
 60453 48946 43145.8743   24   16 125431.000 42737.1803  65.9%   5.0  141s
 62354 50399 43214.4815   31   12 125431.000 42740.6813  65.9%   5.0  146s
 64029 52087 43517.2220   37    6 125431.000 42740.6813  65.9%   5.0  151s
 66150 52441 43244.4078   36   11 125431.000 42747.9151  65.9%   5.0  162s
 66153 52443 43356.7454   39   26 125431.000 42747.9151  65.9%   5.0  166s
 66157 52446 43612.8711   44   27 125431.000 42747.9151  65.9%   5.0  171s
H66158 49823                    123715.00000 42747.9151  65.4%   5.0  174s
 66160 49825 43238.3643   34   27 123715.000 42747.9151  65.4%   5.0  175s
 66163 49827 43184.2525   34   27 123715.000 42747.9151  65.4%   5.0  180s
 66196 49882 42747.9151   32   22 123715.000 42747.9151  65.4%   5.0  185s
 66362 49992 42882.1598   35   20 123715.000 42747.9151  65.4%   5.1  190s
 66635 50285 42820.1926   38   21 123715.000 42747.9151  65.4%   5.2  196s
 67101 50483 42957.1838   42   19 123715.000 42747.9151  65.4%   5.2  201s
 67390 50664 43182.4679   45   16 123715.000 42747.9151  65.4%   5.3  205s
 67687 50906 43242.9269   47    9 123715.000 42747.9151  65.4%   5.3  210s
 68550 51546 44739.1445   62    3 123715.000 42747.9151  65.4%   5.3  215s
 69542 52002 55102.0000   82    - 123715.000 42747.9151  65.4%   5.3  220s
 70494 52697 42801.6328   40   15 123715.000 42747.9151  65.4%   5.4  225s
 71906 53374 42911.5586   39   16 123715.000 42747.9151  65.4%   5.3  230s
 73280 54055 42828.0386   40   19 123715.000 42747.9151  65.4%   5.4  235s
 74550 54911 42996.0775   44   15 123715.000 42747.9151  65.4%   5.4  240s
 75580 55235 45457.7816   74    2 123715.000 42747.9151  65.4%   5.4  247s
 76152 55289 43279.3388   47   16 123715.000 42747.9151  65.4%   5.4  251s
 76383 56108 43323.2044   48   15 123715.000 42747.9151  65.4%   5.4  255s
 78559 57328 43050.4916   38   18 123715.000 42756.8705  65.4%   5.5  262s
 79885 57122 43228.8191   45   13 123715.000 42756.8705  65.4%   5.5  266s
 79921 57746 43237.0132   46   11 123715.000 42771.7778  65.4%   5.5  270s
 81810 58963 44136.4240   57    3 123715.000 42803.8306  65.4%   5.5  277s
 82990 59415 42960.6085   40   20 123715.000 42808.6995  65.4%   5.5  280s
 84322 59899 43696.7654   55    9 123715.000 42808.6995  65.4%   5.6  285s
 84949 60702 42990.0284   41   17 123715.000 42812.0871  65.4%   5.6  292s
 86142 61553 43075.1408   43   17 123715.000 42816.0434  65.4%   5.6  297s
 87851 62246 43403.8819   52   12 123715.000 42833.2073  65.4%   5.6  301s
 89475 62198 43529.9467   48    9 123715.000 42836.1308  65.4%   5.6  306s
 89704 62963 43558.8635   49    9 123715.000 42836.1308  65.4%   5.6  311s
 90766 63794 43613.1104   50    8 123715.000 42837.0824  65.4%   5.6  317s
 92230 64744 43638.0586   51    7 123715.000 42841.8339  65.4%   5.6  323s
 93926 65732 43744.3445   52    5 123715.000 42848.0101  65.4%   5.6  328s
 95825 66770 43817.9478   53    5 123715.000 42850.4978  65.4%   5.6  334s
 96249 66687 53771.5260   81    2 123715.000 42857.9853  65.4%   5.6  335s
 97700 67754 44484.4484   54    1 123715.000 42862.3321  65.4%   5.6  341s
 99513 68967 44988.3668   55    2 123715.000 42867.2076  65.4%   5.6  347s
 101735 70146 45035.3792   56    2 123715.000 42873.3201  65.3%   5.6  353s
 104052 70940 44317.0000   67    - 123715.000 42873.6202  65.3%   5.6  359s
 104121 70927 43189.5095   42   14 123715.000 42873.6202  65.3%   5.6  360s
 105822 72350 50446.0000   87    - 123715.000 42883.0504  65.3%   5.6  366s
 108290 73768 43711.3854   50   13 123715.000 42888.8920  65.3%   5.7  374s
 110801 74891 43148.0862   44   16 123715.000 42895.4430  65.3%   5.7  381s
 113481 76288 43712.3205   55    7 123715.000 42902.4664  65.3%   5.7  389s
 116478 77427 43367.9095   46   15 123715.000 42911.0686  65.3%   5.7  397s
 119398 79247 43187.9474   37   17 123715.000 42915.3029  65.3%   5.7  405s
 122209 80210 44894.8196   80    1 123715.000 42922.2484  65.3%   5.7  414s
 124329 81675 44306.0623   63    3 123715.000 42927.3985  65.3%   5.7  422s
 127212 81295 43158.2286   40   14 123715.000 42930.9795  65.3%   5.7  430s
 127307 81302 43171.6456   41   16 123715.000 42930.9795  65.3%   5.7  436s
 127339 82962 43207.2777   42   15 123715.000 42931.1610  65.3%   5.7  445s
 129921 84612 43812.1131   46    6 123715.000 42931.7861  65.3%   5.7  454s
 130659 84465 43311.2549   45   13 123715.000 42931.8883  65.3%   5.7  455s
 132742 85911 51598.0000   82    - 123715.000 42936.6677  65.3%   5.7  464s
 134409 85632 43569.3146   46    9 123715.000 42937.9738  65.3%   5.7  465s
 135450 87667 43778.6614   54   10 123715.000 42941.7306  65.3%   5.7  475s
 138865 89257 44684.5545   62    3 123715.000 42947.7957  65.3%   5.7  485s
 141938 91000 43821.9753   53    6 123715.000 42951.4168  65.3%   5.7  498s
 145040 92899 43650.2266   50    7 123715.000 42957.2748  65.3%   5.8  510s
 148738 94938 43097.7734   38   20 123715.000 42964.8863  65.3%   5.8  522s
 152458 96468 44380.4428   67    2 123715.000 42968.4869  65.3%   5.8  536s
 155542 98449 43665.6172   50   11 123715.000 42973.8244  65.3%   5.8  549s
 158305 97909 43482.4917   48   11 123715.000 42976.7392  65.3%   5.8  550s
 159134 97782 43427.3759   40    9 123715.000 42979.0151  65.3%   5.8  558s
 159166 99614 43524.3354   41    7 123715.000 42979.0151  65.3%   5.8  570s
 162074 101164 43827.0444   42    5 123715.000 42981.6676  65.3%   5.8  582s
 164817 100660 43846.8576   43    2 123715.000 42984.7626  65.3%   5.8  591s
 164849 101528 43995.9090   44    3 123715.000 42984.7626  65.3%   5.8  600s

Cutting planes:
  Gomory: 1
  Cover: 1
  MIR: 11
  StrongCG: 1
  Flow cover: 1

Explored 166068 nodes (966040 simplex iterations) in 602.12 seconds (243.24 work units)
Thread count was 32 (of 32 available processors)

Solution count 10: 123715 125431 132365 ... 217147

Time limit reached
Best objective 1.237150000000e+05, best bound 4.298842059791e+04, gap 65.2521%

User-callback calls 356603, time in user-callback 114.69 sec
