
Gurobi 13.0.2 (win64) logging started Fri Jul 17 06:06:39 2026

Set parameter LogFile to value "logs/kstar_nI40_nJ20_nK50_nL5_tI2_tJ2_s1_m1_exact_s0_20260717-060639.gurobi.log"
Set parameter Seed to value 0
Set parameter TimeLimit to value 599.985667
Set parameter MIPGap to value 0
Set parameter MIPGapAbs to value 0.5
Set parameter Cutoff to value 1e+100
Gurobi Optimizer version 13.0.2 build v13.0.2rc1 (win64 - Windows 11+.0 (26200.2))

CPU model: Intel(R) Core(TM) i9-14900HX, instruction set [SSE2|AVX|AVX2]
Thread count: 24 physical cores, 32 logical processors, using up to 32 threads

Non-default parameters:
TimeLimit  599.985667
MIPGap  0
MIPGapAbs  0.5
PreCrush  1
LazyConstraints  1

Optimize a model with 10 rows, 65 columns and 300 nonzeros (Min)
Model fingerprint: 0x3df844c0
Model has 65 linear objective coefficients
Variable types: 5 continuous, 60 integer (60 binary)
Coefficient statistics:
  Matrix range     [6e+00, 6e+02]
  Objective range  [1e+00, 5e+02]
  Bounds range     [1e+00, 6e+03]
  RHS range        [6e+02, 6e+02]

Using branch priorities.
Presolve removed 6 rows and 0 columns
Presolve time: 0.00s
Presolved: 4 rows, 65 columns, 120 nonzeros
Variable types: 5 continuous, 60 integer (60 binary)

Root relaxation: objective 2.629510e+04, 7 iterations, 0.00 seconds (0.00 work units)

    Nodes    |    Current Node    |     Objective Bounds      |     Work
 Expl Unexpl |  Obj  Depth IntInf | Incumbent    BestBd   Gap | It/Node Time

     0     0 26295.0954    0    2          - 26295.0954      -     -    0s
H    0     0                    196867.00000 26295.0954  86.6%     -    0s
H    0     0                    188470.00000 26295.0954  86.0%     -    0s
H    0     0                    156312.00000 26295.0954  83.2%     -    0s
H    0     0                    145378.00000 26295.0954  81.9%     -    0s
H    0     0                    115932.00000 26295.0954  77.3%     -    0s
     0     0 26347.8914    0    7 115932.000 26347.8914  77.3%     -    0s
     0     0 26395.0685    0    8 115932.000 26395.0685  77.2%     -    0s
     0     0 26421.9446    0   14 115932.000 26421.9446  77.2%     -    0s
     0     0 26425.9729    0   14 115932.000 26425.9729  77.2%     -    0s
     0     2 26427.5405    0   14 115932.000 26427.5405  77.2%     -    0s
H 4185  3380                    102277.00000 26621.6145  74.0%   2.6    2s
H 4190  3213                    83846.000000 26621.6145  68.2%   2.6    2s
H 4196  3056                    82149.000000 26621.6145  67.6%   2.6    2s
H 4196  2903                    70383.000000 26621.6145  62.2%   2.6    2s
H 4197  2904                    66910.000000 26621.6145  60.2%   2.6    2s
  4516  3237 26882.7851   20   16 66910.0000 26633.5267  60.2%   3.3    5s
 10362  6149 27224.8191   26   13 66910.0000 26764.9429  60.0%   3.5   10s
*10625  5913              67    61557.000000 26764.9429  56.5%   3.5   10s
*10948  5925              67    61350.000000 26764.9429  56.4%   3.5   10s
*10949  5793              67    61326.000000 26764.9429  56.4%   3.5   10s
 14766  8617 27699.3640   34   11 61326.0000 26856.8625  56.2%   3.5   15s
*17338 10772              67    58255.000000 26873.6171  53.9%   3.6   19s
 17726 11101 27235.8998   29   10 58255.0000 26873.6171  53.9%   3.6   20s
 22938 15630 27163.0486   18   11 58255.0000 26900.2774  53.8%   3.7   25s
 28415 20134 28840.9429   46    5 58255.0000 26941.6051  53.8%   3.8   30s
 31370 22072 30874.2526   58    4 58255.0000 26983.3895  53.7%   3.8   35s
 34599 25154 27682.5709   33    8 58255.0000 27013.8469  53.6%   3.9   41s
 38036 28062 28040.2236   39    5 58255.0000 27017.9383  53.6%   3.9   45s
 42081 31543 27525.4081   27   10 58255.0000 27039.1242  53.6%   4.0   50s
 46472 35147 27510.6061   26   16 58255.0000 27057.7764  53.6%   4.0   55s
 50517 37885 27750.2394   43    7 58255.0000 27069.6031  53.5%   4.0   60s
 53983 41562 27581.7225   36   10 58255.0000 27086.1878  53.5%   4.1   66s
 57331 44392 28648.8545   45    3 58255.0000 27096.4571  53.5%   4.1   70s
 60588 46647 27408.7749   21   13 58255.0000 27101.8567  53.5%   4.1   75s
 62197 47296 27931.2593   32    2 58255.0000 27107.1223  53.5%   4.1   80s
 63632 48297 28999.6117   52   14 58255.0000 27110.4835  53.5%   4.1   97s
H63633 45883                    58195.000000 27110.4835  53.4%   4.1   97s
 63638 45886 27343.9156   26   30 58195.0000 27110.4835  53.4%   4.1  100s
H63644 43595                    55101.000000 27110.4835  50.8%   4.1  104s
H63645 43598                    54423.000000 27110.4835  50.2%   4.1  105s
 63874 43804 27110.4835   29   21 54423.0000 27110.4835  50.2%   4.2  111s
 64311 44072 27427.2009   34   16 54423.0000 27110.4835  50.2%   4.3  116s
 64774 44481 27612.5169   37   15 54423.0000 27110.4835  50.2%   4.3  120s
 65861 44896 40662.8957   76    1 54423.0000 27110.4835  50.2%   4.4  125s
 67348 45859 28215.9238   46    6 54423.0000 27110.4835  50.2%   4.4  130s
 69227 46990 27194.5728   31   21 54423.0000 27110.4835  50.2%   4.5  135s
 70650 47772 31031.7076   63    2 54423.0000 27110.4835  50.2%   4.5  140s
 72734 48443 27251.8453   28   21 54423.0000 27110.4835  50.2%   4.6  145s
 72981 48825 27335.3515   29   19 54423.0000 27110.4835  50.2%   4.6  152s
 74226 49763 28327.1338   51    4 54423.0000 27110.4835  50.2%   4.6  156s
 76120 50926 27369.2644   36   17 54423.0000 27110.4835  50.2%   4.6  161s
 77223 51418 27324.3210   38   22 54423.0000 27110.4835  50.2%   4.7  166s
 79605 52781 27907.0099   43    6 54423.0000 27173.9350  50.1%   4.7  172s
 80944 53608 27905.4939   46    8 54423.0000 27243.9635  49.9%   4.7  175s
 83753 55106 28016.3796   52    6 54423.0000 27264.0254  49.9%   4.7  181s
 86465 56726 28081.6534   47    7 54423.0000 27282.0955  49.9%   4.8  187s
 88085 57564 28302.6438   59    4 54423.0000 27286.3224  49.9%   4.8  191s
 90850 58240 28100.1732   41   11 54423.0000 27301.0429  49.8%   4.8  195s
 93154 60400 27544.2364   31   15 54423.0000 27313.1248  49.8%   4.8  201s
 95001 61360 28035.6368   45   11 54423.0000 27318.0010  49.8%   4.8  205s
 98172 62873 28199.8020   49   11 54423.0000 27326.2602  49.8%   4.8  213s
 99835 63802 28839.3738   54    8 54423.0000 27330.4151  49.8%   4.9  217s
 101633 65024 32090.0000   73    - 54423.0000 27344.8136  49.8%   4.9  221s
 103695 66048 27586.8251   33   14 54423.0000 27351.2218  49.7%   4.9  225s
 105688 66794 27623.6565   38   12 54423.0000 27356.1032  49.7%   4.9  230s
 109204 68912 27888.2040   40   14 54423.0000 27361.8210  49.7%   4.9  239s
 111563 68634 27549.0768   38   19 54423.0000 27369.3709  49.7%   4.9  245s
 111799 70032 27679.7302   38   14 54423.0000 27369.3709  49.7%   4.9  250s
 113881 71236 28929.3278   74    1 54423.0000 27371.9645  49.7%   4.9  256s
 116131 72574 27614.1257   36   14 54423.0000 27377.1333  49.7%   4.9  262s
 118560 73596 27891.6667   43   16 54423.0000 27385.4968  49.7%   4.9  269s
 120732 75030 27596.4655   33   19 54423.0000 27390.9752  49.7%   5.0  275s
 123236 76000 27717.6174   36   10 54423.0000 27393.6652  49.7%   5.0  281s
 125252 77303 34424.0000   69    - 54423.0000 27401.0334  49.7%   5.0  287s
 127674 77979 28588.2800   61    1 54423.0000 27405.8893  49.6%   5.0  292s
 129647 79572 28464.2922   52    1 54423.0000 27408.0014  49.6%   5.0  298s
 132336 80876 27683.8362   38   18 54423.0000 27412.3458  49.6%   5.0  305s
 135224 82434 28541.2836   51    3 54423.0000 27418.5858  49.6%   5.0  312s
 138167 81976 27804.0013   36   13 54423.0000 27422.5988  49.6%   5.0  318s
 138199 83903 27911.7430   37   11 54423.0000 27422.5988  49.6%   5.0  327s
 140843 85465 27813.2836   38   12 54423.0000 27425.5993  49.6%   5.0  335s
 143805 86754 28176.8396   39   13 54423.0000 27428.5377  49.6%   5.0  344s
 146499 88408 28679.5617   57    2 54423.0000 27435.9829  49.6%   5.0  353s
 149424 89580 27839.4593   39   18 54423.0000 27440.0418  49.6%   5.0  360s
 152143 89269 27717.6055   39   19 54423.0000 27443.9136  49.6%   5.1  369s
 152321 90708 27786.1042   40   16 54423.0000 27443.9136  49.6%   5.1  378s
 154625 92234 29906.7106   63    2 54423.0000 27447.1147  49.6%   5.1  387s
 157242 93419 28313.2239   46    4 54423.0000 27449.7224  49.6%   5.1  398s
 159786 94891 27706.0451   32   14 54423.0000 27455.3260  49.6%   5.1  408s
 162413 96164 27900.1417   40   12 54423.0000 27460.8025  49.5%   5.1  417s
 165114 97518 28864.6860   55    1 54423.0000 27463.7747  49.5%   5.1  426s
 167924 98372 28601.5414   50   11 54423.0000 27467.0110  49.5%   5.1  435s
 170189 99910 28301.1421   53    2 54423.0000 27467.5237  49.5%   5.1  445s
 172985 101802 28538.1642   56    7 54423.0000 27473.5209  49.5%   5.1  455s
 176122 103372 28375.5285   39   11 54423.0000 27477.0675  49.5%   5.1  465s
 179247 104688 27833.0646   45   11 54423.0000 27481.7272  49.5%   5.1  479s
 181929 106451 28104.4887   42   11 54423.0000 27488.8420  49.5%   5.1  489s
 185101 107937 29091.5050   45   11 54423.0000 27492.4445  49.5%   5.1  499s
 188144 109244 27811.9122   37   13 54423.0000 27495.8114  49.5%   5.1  509s
 190933 110897 28046.2252   40   12 54423.0000 27497.7189  49.5%   5.1  519s
 193492 110418 28535.4458   51    8 54423.0000 27497.7189  49.5%   5.1  520s
 193948 112216 28138.3563   47    7 54423.0000 27503.6053  49.5%   5.1  529s
 197076 114288 27965.4441   39   10 54423.0000 27507.0082  49.5%   5.1  540s
 199579 116717 27754.6621   37   18 54423.0000 27507.0082  49.5%   5.1  550s
 202447 118806 28169.7249   42    3 54423.0000 27511.5644  49.4%   5.1  559s
 204742 120704 35802.0000   79    - 54423.0000 27514.3153  49.4%   5.1  570s
 206893 122527 28588.8116   46    3 54423.0000 27516.7778  49.4%   5.1  581s
 209643 125105 28820.9887   47   11 54423.0000 27517.7922  49.4%   5.1  591s
 212469 127192 28145.7041   35   12 54423.0000 27520.9696  49.4%   5.1  600s

Cutting planes:
  MIR: 16
  Flow cover: 6

Explored 215080 nodes (1103904 simplex iterations) in 601.93 seconds (239.87 work units)
Thread count was 32 (of 32 available processors)

Solution count 10: 54423 55101 58195 ... 82149

Time limit reached
Best objective 5.442300000000e+04, best bound 2.752414706479e+04, gap 49.4255%

User-callback calls 449323, time in user-callback 42.43 sec
