
Gurobi 13.0.2 (win64) logging started Fri Jul 10 21:39:41 2026

Set parameter LogFile to value "logs/kstar_nI20_nJ20_nK100_nL10_tI2_tJ2_s3_m0_exact_s0_20260710-213941.gurobi.log"
Set parameter Seed to value 0
Set parameter TimeLimit to value 599.9700954
Set parameter NodefileStart to value 4
Set parameter MIPGap to value 0
Set parameter MIPGapAbs to value 0.9999
Set parameter Cutoff to value 1e+100
Gurobi Optimizer version 13.0.2 build v13.0.2rc1 (win64 - Windows 11+.0 (26200.2))

CPU model: Intel(R) Core(TM) i9-14900HX, instruction set [SSE2|AVX|AVX2]
Thread count: 24 physical cores, 32 logical processors, using up to 32 threads

Non-default parameters:
TimeLimit  599.9700954
MIPGap  0
MIPGapAbs  0.9999
NodefileStart  4

Optimize a model with 1600 rows, 24040 columns and 68400 nonzeros (Min)
Model fingerprint: 0x63787d3f
Model has 24040 linear objective coefficients
Variable types: 24000 continuous, 40 integer (40 binary)
Coefficient statistics:
  Matrix range     [1e+00, 1e+03]
  Objective range  [1e+00, 5e+02]
  Bounds range     [1e+00, 1e+00]
  RHS range        [5e+00, 2e+01]

Using branch priorities.
Found heuristic solution: objective 1337901.0000
Presolve time: 0.04s
Presolved: 1600 rows, 24040 columns, 68400 nonzeros
Variable types: 24000 continuous, 40 integer (40 binary)

Root relaxation: objective 1.188331e+05, 1445 iterations, 0.01 seconds (0.01 work units)

    Nodes    |    Current Node    |     Objective Bounds      |     Work
 Expl Unexpl |  Obj  Depth IntInf | Incumbent    BestBd   Gap | It/Node Time

     0     0 118833.137    0   40 1337901.00 118833.137  91.1%     -    0s
H    0     0                    127778.05217 118833.137  7.00%     -    0s
H    0     0                    127753.05217 118833.137  6.98%     -    0s
H    0     0                    127741.39911 118833.137  6.97%     -    0s
     0     0 125994.676    0   12 127741.399 125994.676  1.37%     -    0s
H    0     0                    127651.30996 126577.118  0.84%     -    0s
     0     0 126577.118    0    8 127651.310 126577.118  0.84%     -    0s
     0     0 127450.417    0    4 127651.310 127450.417  0.16%     -    0s
     0     0 127450.417    0    4 127651.310 127450.417  0.16%     -    0s
     0     0 127491.318    0    4 127651.310 127491.318  0.13%     -    0s
H    0     0                    127580.50000 127491.318  0.07%     -    0s
H    0     0                    127495.00000 127491.318  0.00%     -    0s

Cutting planes:
  Implied bound: 934
  MIR: 29
  Flow cover: 213
  Relax-and-lift: 10

Explored 1 nodes (1768 simplex iterations) in 0.32 seconds (0.34 work units)
Thread count was 32 (of 32 available processors)

Solution count 2: 127495 127651 

Optimal solution found (tolerance 0.00e+00)
Best objective 1.274950000000e+05, best bound 1.274950000000e+05, gap 0.0000%
