
Gurobi 13.0.2 (win64) logging started Thu Jul 16 13:42:04 2026

Set parameter LogFile to value "logs/kstar_nI20_nJ40_nK50_nL5_tI2_tJ2_s3_m1_exact_s0_20260716-134204.gurobi.log"
Set parameter Seed to value 0
Set parameter TimeLimit to value 599.9805147
Set parameter MIPGap to value 0
Set parameter MIPGapAbs to value 0.5
Set parameter Cutoff to value 1e+100
Gurobi Optimizer version 13.0.2 build v13.0.2rc1 (win64 - Windows 11+.0 (26200.2))

CPU model: Intel(R) Core(TM) i9-14900HX, instruction set [SSE2|AVX|AVX2]
Thread count: 24 physical cores, 32 logical processors, using up to 32 threads

Non-default parameters:
TimeLimit  599.9805147
MIPGap  0
MIPGapAbs  0.5
PreCrush  1
LazyConstraints  1

Optimize a model with 10 rows, 65 columns and 300 nonzeros (Min)
Model fingerprint: 0x8d3e151e
Model has 65 linear objective coefficients
Variable types: 5 continuous, 60 integer (60 binary)
Coefficient statistics:
  Matrix range     [5e+00, 7e+02]
  Objective range  [1e+00, 5e+02]
  Bounds range     [1e+00, 4e+03]
  RHS range        [6e+02, 7e+02]

Using branch priorities.
Presolve removed 6 rows and 0 columns
Presolve time: 0.00s
Presolved: 4 rows, 65 columns, 120 nonzeros
Variable types: 5 continuous, 60 integer (60 binary)

Root relaxation: objective 1.950891e+04, 6 iterations, 0.00 seconds (0.00 work units)

    Nodes    |    Current Node    |     Objective Bounds      |     Work
 Expl Unexpl |  Obj  Depth IntInf | Incumbent    BestBd   Gap | It/Node Time

     0     0 19508.9064    0    4          - 19508.9064      -     -    0s
H    0     0                    241125.00000 19508.9064  91.9%     -    0s
H    0     0                    196501.00000 19508.9064  90.1%     -    0s
H    0     0                    183653.00000 19508.9064  89.4%     -    0s
H    0     0                    157913.00000 19508.9064  87.6%     -    0s
H    0     0                    111372.00000 19508.9064  82.5%     -    0s
H    0     0                    109966.00000 19508.9064  82.3%     -    0s
H    0     0                    108639.00000 19508.9064  82.0%     -    0s
H    0     0                    99213.000000 19508.9064  80.3%     -    0s
H    0     0                    95826.000000 19508.9064  79.6%     -    0s
     0     0 19645.4220    0   11 95826.0000 19645.4220  79.5%     -    0s
     0     0 19645.9001    0   11 95826.0000 19645.9001  79.5%     -    0s
H    0     0                    91305.000000 19646.6700  78.5%     -    0s
     0     2 19674.7641    0   14 91305.0000 19674.7641  78.5%     -    0s
H 3539  2924                    83967.000000 19775.4951  76.4%   2.8    2s
  3791  3125 19896.0885   24   14 83967.0000 19845.5962  76.4%   3.9    5s
  5811  4384 20187.8022   39   13 83967.0000 19893.1376  76.3%   5.1   10s
  8888  5896 20273.6015   23    8 83967.0000 19926.1775  76.3%   5.0   15s
 13164  8371 20982.3706   31    3 83967.0000 19977.2410  76.2%   5.0   20s
 14057  9092 21488.2692   46    1 83967.0000 19977.2410  76.2%   5.1   25s
 14720  9712 24557.8013   68    1 83967.0000 19979.7808  76.2%   5.1   30s
 16155 11093 20549.8576   28    7 83967.0000 19979.7808  76.2%   5.1   35s
 17416 12218 21792.0366   53    2 83967.0000 19983.4992  76.2%   5.1   40s
 21221 15489 20461.3094   33   16 83967.0000 20027.0599  76.1%   5.0   45s
 24345 18280 20423.9669   22   15 83967.0000 20051.8929  76.1%   5.2   50s
 28225 21336 20577.5103   27   14 83967.0000 20064.7828  76.1%   5.2   56s
 30685 23568 21211.7682   54    4 83967.0000 20094.5211  76.1%   5.2   60s
 32984 25461 20314.9615   32   19 83967.0000 20109.3508  76.1%   5.3   65s
 36441 27924 22912.9716   65    1 83967.0000 20116.0308  76.0%   5.2   71s
 39968 30723 20192.5705   33   20 83967.0000 20136.2606  76.0%   5.2   76s
 41339 31039 20810.6414   52    5 83967.0000 20136.2606  76.0%   5.2   80s
 41839 31817 21059.4028   54    4 83967.0000 20136.2606  76.0%   5.2   86s
 42991 33041 21275.8624   56    1 83967.0000 20150.8483  76.0%   5.3   93s
 43812 33734 21296.0000   57    - 83967.0000 20154.1454  76.0%   5.3   97s
 44817 34492 21768.3664   58    3 83967.0000 20158.0158  76.0%   5.3  102s
 46149 35049 21819.0855   59    2 83967.0000 20158.0158  76.0%   5.3  106s
 46485 35791 21824.0609   60    2 83967.0000 20158.0158  76.0%   5.3  111s
 47468 36756 21829.3995   61    2 83967.0000 20158.0158  76.0%   5.3  116s
 48590 37943 22109.2257   62    1 83967.0000 20164.3118  76.0%   5.3  121s
 50019 39112 22185.9317   63    1 83967.0000 20166.0057  76.0%   5.3  126s
 51383 40416 22195.6777   64    1 83967.0000 20178.2479  76.0%   5.3  132s
 52883 41902 22196.8870   65    1 83967.0000 20181.5654  76.0%   5.4  137s
 54632 43054 21096.6312   50    6 83967.0000 20187.3274  76.0%   5.4  142s
 55922 44549 20597.9997   28   18 83967.0000 20189.6648  76.0%   5.4  147s
 57874 44870 21970.0000   72   11 83967.0000 20196.2107  75.9%   5.4  165s
H57875 42627                    74675.000000 20196.2107  73.0%   5.4  166s
H57885 40501                    71711.000000 20196.2107  71.8%   5.4  170s
 57894 40507 21228.1405   48   35 71711.0000 20196.2107  71.8%   5.4  175s
 57928 40563 20196.2107   32   28 71711.0000 20196.2107  71.8%   5.5  180s
 58089 40670 20196.2107   35   22 71711.0000 20196.2107  71.8%   5.5  185s
 58169 40827 20196.2107   36   26 71711.0000 20196.2107  71.8%   5.6  191s
 58570 41082 20196.2107   39   22 71711.0000 20196.2107  71.8%   5.7  195s
 58965 41262 20314.5844   41   24 71711.0000 20196.2107  71.8%   5.7  200s
 59704 41737 20348.2544   44   20 71711.0000 20196.2107  71.8%   5.8  205s
 60005 41971 20320.2460   46   20 71711.0000 20196.2107  71.8%   5.8  210s
 60837 42423 20705.2924   50   13 71711.0000 20196.2107  71.8%   5.9  216s
 61450 42934 20756.3687   53   11 71711.0000 20196.2107  71.8%   5.9  221s
 62520 43441 21318.0750   67    3 71711.0000 20196.2107  71.8%   5.9  228s
 63046 43805 23398.1172   78    1 71711.0000 20196.2107  71.8%   5.9  230s
 64309 44555 21364.3826   65   12 71711.0000 20196.2107  71.8%   6.0  236s
 65674 45404 21086.2645   51   11 71711.0000 20196.2107  71.8%   6.1  241s
 66967 45644 20560.0670   43   16 71711.0000 20196.2107  71.8%   6.1  245s
 67869 45919 20568.0449   52   15 71711.0000 20196.2107  71.8%   6.1  251s
 67938 46479 20751.0374   53   14 71711.0000 20196.2107  71.8%   6.2  255s
 69392 46925 20733.8949   61   12 71711.0000 20196.2107  71.8%   6.2  260s
 70940 48201 20196.2107   44   25 71711.0000 20196.2107  71.8%   6.2  268s
 72140 48009 20524.9615   53   14 71711.0000 20196.2107  71.8%   6.2  272s
 72177 48438 20625.5626   54   13 71711.0000 20196.2107  71.8%   6.2  276s
 72791 49037 20270.9333   40   22 71711.0000 20196.2107  71.8%   6.2  280s
 73773 49289 23138.8431   76    1 71711.0000 20196.2107  71.8%   6.3  285s
 74409 49978 21507.1989   60    3 71711.0000 20196.2107  71.8%   6.3  290s
 76752 51157 20573.1270   47   21 71711.0000 20196.2107  71.8%   6.3  297s
 77687 51874 20553.6879   42   19 71711.0000 20196.2107  71.8%   6.4  301s
 78997 52543 20312.0814   46   22 71711.0000 20220.0887  71.8%   6.4  305s
 80107 52329 20608.5728   49   19 71711.0000 20220.0887  71.8%   6.5  311s
 80191 53086 20665.9063   50   18 71711.0000 20220.0887  71.8%   6.5  316s
 81353 53774 22728.6628   85    1 71711.0000 20274.4212  71.7%   6.5  321s
 82549 53617 20440.1641   39   24 71711.0000 20278.2154  71.7%   6.5  327s
 82671 54522 20448.4159   40   24 71711.0000 20278.2154  71.7%   6.5  333s
 83948 55163 20641.5303   51   17 71711.0000 20288.5629  71.7%   6.5  338s
 85239 55885 20423.6002   50   21 71711.0000 20289.2748  71.7%   6.6  344s
 86552 56631 20452.6869   51   17 71711.0000 20300.1380  71.7%   6.6  349s
 87941 57258 20594.5713   49   15 71711.0000 20304.3986  71.7%   6.6  356s
 89183 58274 20724.7232   44   19 71711.0000 20308.5141  71.7%   6.7  362s
 90835 59118 21679.3324   70    2 71711.0000 20311.0363  71.7%   6.7  368s
 92445 60269 21463.1434   74    2 71711.0000 20322.3601  71.7%   6.7  375s
 94549 61440 20768.5960   51   18 71711.0000 20329.3622  71.7%   6.7  382s
 96698 62554 20707.7573   47   18 71711.0000 20338.5932  71.6%   6.8  389s
 97588 62351 43697.8142   85    1 71711.0000 20338.5932  71.6%   6.8  390s
 98694 63649 20977.7555   50    9 71711.0000 20338.5932  71.6%   6.8  397s
 100915 64766 20752.7242   49   20 71711.0000 20341.2515  71.6%   6.8  406s
 102971 64385 20542.0248   45   17 71711.0000 20355.1811  71.6%   6.8  415s
 103003 65572 20663.0563   46   14 71711.0000 20355.2517  71.6%   6.8  422s
 104607 66559 20505.8065   45   20 71711.0000 20355.4442  71.6%   6.9  431s
 106680 67515 21880.9804   72    4 71711.0000 20355.4442  71.6%   6.9  439s
 108133 67279 21163.6717   45    5 71711.0000 20360.6148  71.6%   6.9  440s
 108592 68720 21543.8342   65    4 71711.0000 20366.3092  71.6%   7.0  448s
 111251 70443 20962.3765   56   10 71711.0000 20368.1517  71.6%   7.0  458s
 114106 69899 21844.5219   66    1 71711.0000 20374.7479  71.6%   6.9  460s
 114107 71837 21613.5169   64    6 71711.0000 20374.7479  71.6%   6.9  470s
 116829 73195 20656.7933   50   16 71711.0000 20380.5177  71.6%   7.0  482s
 119309 72741 20677.5582   43   19 71711.0000 20384.8331  71.6%   7.0  491s
 119418 74416 20684.5936   44   20 71711.0000 20384.8331  71.6%   7.0  502s
 121702 76139 20665.5738   57   15 71711.0000 20385.2350  71.6%   7.0  514s
 124408 75581 20574.5229   49   17 71711.0000 20390.9154  71.6%   7.0  515s
 124633 75663 21888.2576   58    2 71711.0000 20390.9154  71.6%   7.0  525s
 124821 77638 20722.3461   47   19 71711.0000 20390.9154  71.6%   7.0  539s
 127808 79425 20677.1619   42   21 71711.0000 20394.6585  71.6%   7.0  552s
 130893 81102 20526.6477   44   20 71711.0000 20402.0021  71.5%   7.0  566s
 134475 83098 21434.1325   61    8 71711.0000 20407.7831  71.5%   7.0  582s
 137899 84417 22871.7128   84    1 71711.0000 20414.4242  71.5%   7.0  598s

Cutting planes:
  Gomory: 1
  MIR: 13
  StrongCG: 1
  Flow cover: 4

Explored 141504 nodes (994586 simplex iterations) in 601.44 seconds (280.32 work units)
Thread count was 32 (of 32 available processors)

Solution count 10: 71711 74675 83967 ... 196501

Time limit reached
Best objective 7.171100000000e+04, best bound 2.041809015332e+04, gap 71.5273%

User-callback calls 316040, time in user-callback 71.44 sec
