
Gurobi 13.0.2 (win64) logging started Thu Jul 16 11:01:19 2026

Set parameter LogFile to value "logs/kstar_nI20_nJ40_nK50_nL10_tI4_tJ4_s2_m1_exact_s0_20260716-110119.gurobi.log"
Set parameter Seed to value 0
Set parameter TimeLimit to value 599.9630885
Set parameter MIPGap to value 0
Set parameter MIPGapAbs to value 0.5
Set parameter Cutoff to value 1e+100
Gurobi Optimizer version 13.0.2 build v13.0.2rc1 (win64 - Windows 11+.0 (26200.2))

CPU model: Intel(R) Core(TM) i9-14900HX, instruction set [SSE2|AVX|AVX2]
Thread count: 24 physical cores, 32 logical processors, using up to 32 threads

Non-default parameters:
TimeLimit  599.9630885
MIPGap  0
MIPGapAbs  0.5
PreCrush  1
LazyConstraints  1

Optimize a model with 20 rows, 70 columns and 600 nonzeros (Min)
Model fingerprint: 0x664cbfae
Model has 70 linear objective coefficients
Variable types: 10 continuous, 60 integer (60 binary)
Coefficient statistics:
  Matrix range     [1e+00, 7e+02]
  Objective range  [1e+00, 5e+02]
  Bounds range     [1e+00, 5e+03]
  RHS range        [6e+02, 7e+02]

Using branch priorities.
Presolve removed 15 rows and 0 columns
Presolve time: 0.00s
Presolved: 5 rows, 70 columns, 180 nonzeros
Variable types: 10 continuous, 60 integer (60 binary)

Root relaxation: objective 4.260943e+04, 8 iterations, 0.00 seconds (0.00 work units)

    Nodes    |    Current Node    |     Objective Bounds      |     Work
 Expl Unexpl |  Obj  Depth IntInf | Incumbent    BestBd   Gap | It/Node Time

     0     0 42609.4251    0    4          - 42609.4251      -     -    0s
H    0     0                    198208.00000 42609.4251  78.5%     -    0s
H    0     0                    186833.00000 42609.4251  77.2%     -    0s
     0     0 42761.7708    0    6 186833.000 42761.7708  77.1%     -    0s
     0     0 42882.7722    0    8 186833.000 42882.7722  77.0%     -    0s
H    0     0                    173091.00000 42884.0471  75.2%     -    0s
H    0     0                    146453.00000 42884.0471  70.7%     -    0s
     0     0 42899.4789    0   12 146453.000 42899.4789  70.7%     -    0s
     0     0 42908.6887    0   12 146453.000 42908.6887  70.7%     -    0s
H    0     0                    146408.00000 42908.6887  70.7%     -    0s
     0     2 42933.0966    0   12 146408.000 42933.0966  70.7%     -    0s
H 3135  2704                    121485.00000 43069.9219  64.5%   3.1    4s
H 3135  2569                    114344.00000 43069.9219  62.3%   3.1    4s
  3145  2576 43619.0000   30   23 114344.000 43078.2708  62.3%   3.1    5s
  4919  3821 44330.3613   47    2 114344.000 43120.9436  62.3%   5.0   10s
  7589  5058 43794.5322   28   15 114344.000 43262.2824  62.2%   5.1   15s
  8518  5691 46188.3769   60    1 114344.000 43278.1462  62.2%   5.2   20s
 10836  7054 43636.4897   27   21 114344.000 43313.6639  62.1%   5.2   25s
 14305 10009 44228.3595   32    7 114344.000 43342.6110  62.1%   5.5   30s
 15223 10559 45356.0117   49    3 114344.000 43342.6110  62.1%   5.5   35s
 15805 10973 43645.8113   24   18 114344.000 43342.6110  62.1%   5.6   40s
 16164 11390 43827.8627   27   18 114344.000 43347.8478  62.1%   5.7   45s
 17578 12868 44351.9906   35   10 114344.000 43389.3292  62.1%   5.8   50s
 19897 15232 45192.4008   41    3 114344.000 43409.5801  62.0%   6.1   55s
 23675 18291 43807.0969   27   18 114344.000 43446.8902  62.0%   5.9   60s
 26550 20537 46931.0476   64    1 114344.000 43479.8745  62.0%   5.9   66s
 28568 22273 44869.5254   45   12 114344.000 43488.4055  62.0%   5.9   71s
 30582 24247 44602.1179   37   17 114344.000 43488.4055  62.0%   6.0   76s
 32859 26282 47530.9231   61    1 114344.000 43488.4055  62.0%   6.0   82s
 34055 26701 44537.2370   37   11 114344.000 43501.7464  62.0%   6.1   85s
 35279 28072 44564.7013   35   15 114344.000 43520.0268  61.9%   6.1   91s
 35924 28942 45514.5521   51    2 114344.000 43520.0268  61.9%   6.2   95s
 38989 31508 44521.6076   33   14 114344.000 43576.6648  61.9%   6.1  102s
 40281 32638 44450.7467   30   18 114344.000 43576.9886  61.9%   6.1  106s
 41528 33675 86059.0000   74    - 114344.000 43581.5091  61.9%   6.2  110s
 43908 35926 49689.9585   55    3 114344.000 43592.1386  61.9%   6.2  118s
 45397 36111 44481.7070   39   12 114344.000 43600.3704  61.9%   6.2  132s
H45398 34306                    108720.00000 43600.3704  59.9%   6.2  133s
 45400 34307 47620.1981   59   27 108720.000 43600.3704  59.9%   6.2  135s
H45401 32592                    104547.00000 43600.3704  58.3%   6.2  141s
H45405 30965                    101014.00000 43600.3704  56.8%   6.2  146s
 45409 30968 50516.0000   67   32 101014.000 43600.3704  56.8%   6.2  150s
H45410 29420                    96951.000000 43600.3704  55.0%   6.2  154s
H45411 29420                    96233.000000 43600.3704  54.7%   6.2  154s
 45413 29422 43979.7406   27   27 96233.0000 43600.3704  54.7%   6.2  156s
 45418 29425 44620.0825   37   29 96233.0000 43600.3704  54.7%   6.2  160s
 45421 29427 46793.3312   65   29 96233.0000 43600.3704  54.7%   6.2  166s
H45422 27956                    93436.000000 43600.3704  53.3%   6.2  169s
 45424 27957 46340.5758   57   28 93436.0000 43600.3704  53.3%   6.2  171s
 45426 27958 51985.5528   67   28 93436.0000 43600.3704  53.3%   6.2  175s
 45490 28034 43893.4192   30   26 93436.0000 43748.8098  53.2%   6.3  180s
 45653 28143 44311.7951   33   20 93436.0000 43752.2321  53.2%   6.4  185s
 45833 28312 44436.3658   34   17 93436.0000 43752.2321  53.2%   6.5  190s
 46158 28565 44504.8338   37   17 93436.0000 43752.2321  53.2%   6.5  195s
 46640 28803 44417.0072   41   15 93436.0000 43752.2321  53.2%   6.6  200s
 47043 29108 45085.3179   42    9 93436.0000 43876.7314  53.0%   6.6  205s
 47676 29465 45820.2934   51    6 93436.0000 43893.9685  53.0%   6.6  211s
 48461 29853 46271.4507   67    4 93436.0000 43893.9685  53.0%   6.6  215s
 49478 30563 44844.8482   48   11 93436.0000 43959.1363  53.0%   6.6  220s
 50470 31199 44385.3501   36   19 93436.0000 43993.2331  52.9%   6.7  225s
 51529 31823 44365.2783   33   19 93436.0000 44008.6237  52.9%   6.7  230s
 52930 32672 44313.1409   33   25 93436.0000 44008.6237  52.9%   6.8  235s
 54746 33378 44402.8364   33   24 93436.0000 44016.7344  52.9%   6.7  241s
 56622 34263 44266.1391   32   25 93436.0000 44093.4454  52.8%   6.7  246s
 58313 35300 44469.8797   38   22 93436.0000 44095.4126  52.8%   6.8  252s
 59140 35144 45086.9728   54   12 93436.0000 44095.4126  52.8%   6.8  255s
 59596 35919 44680.3059   38   16 93436.0000 44118.8640  52.8%   6.8  261s
 61333 36850 44557.4012   37   22 93436.0000 44146.7267  52.8%   6.9  268s
 62180 37349 45485.2515   59    2 93436.0000 44146.7267  52.8%   6.9  272s
 63065 37989 44384.7014   36   22 93436.0000 44157.8649  52.7%   6.9  275s
 64201 38515 45307.0469   59    7 93436.0000 44157.8649  52.7%   6.9  280s
 66476 39023 44562.1296   39   22 93436.0000 44190.8888  52.7%   6.9  289s
 66530 39604 44589.0926   40   21 93436.0000 44190.8888  52.7%   6.9  294s
 67098 39494 44417.0256   35   18 93436.0000 44190.8888  52.7%   6.9  295s
 68255 40804 44882.7885   42   15 93436.0000 44190.9065  52.7%   6.9  305s
 69378 41521 44598.7284   36   18 93436.0000 44190.9065  52.7%   7.0  310s
 70671 41902 44729.6625   40   16 93436.0000 44238.9326  52.7%   7.0  316s
 71393 42642 45456.0853   51    9 93436.0000 44238.9326  52.7%   7.1  320s
 72876 43428 44920.0828   43   14 93436.0000 44242.6393  52.6%   7.0  326s
 74363 44096 44764.7152   36   19 93436.0000 44245.4667  52.6%   7.0  331s
 75598 44909 44636.0316   37   19 93436.0000 44255.0871  52.6%   7.1  336s
 76900 44655 46832.9430   58    1 93436.0000 44255.0871  52.6%   7.1  341s
 77028 45271 46787.4811   59    1 93436.0000 44255.0871  52.6%   7.1  347s
 78183 46142 44650.3135   35   22 93436.0000 44263.5872  52.6%   7.1  353s
 79631 46900 45168.5089   45   14 93436.0000 44268.7355  52.6%   7.1  360s
 81153 47807 44902.6164   47   14 93436.0000 44275.4764  52.6%   7.1  367s
 82715 48553 45030.8364   45   14 93436.0000 44285.3641  52.6%   7.1  375s
 84770 49287 46655.2571   73    1 93436.0000 44292.1166  52.6%   7.1  382s
 86866 50507 44410.9776   34   22 93436.0000 44298.5332  52.6%   7.0  390s
 88583 51534 45183.9052   46    9 93436.0000 44300.0444  52.6%   7.1  397s
 90458 52314 44878.5579   39   16 93436.0000 44312.2793  52.6%   7.1  405s
 92031 53314 45956.2033   55    1 93436.0000 44312.2793  52.6%   7.1  413s
 94017 54514 45306.6855   55   12 93436.0000 44318.0703  52.6%   7.1  422s
 96110 55360 45567.9150   51    9 93436.0000 44325.8029  52.6%   7.2  430s
 98326 56781 45059.5022   43   11 93436.0000 44327.6446  52.6%   7.2  439s
 99087 56633 44834.2043   42   13 93436.0000 44327.6446  52.6%   7.2  440s
 100709 58037 44814.0522   38   24 93436.0000 44333.1879  52.6%   7.2  449s
 103071 59342 46482.1156   60    2 93436.0000 44333.3464  52.6%   7.2  459s
 104976 58957 44543.1342   37   22 93436.0000 44333.5412  52.6%   7.2  460s
 105467 60660 44871.0975   38   17 93436.0000 44346.6091  52.5%   7.2  470s
 107848 61696 47682.3462   73    1 93436.0000 44353.7392  52.5%   7.2  481s
 109987 63202 45660.1818   52    1 93436.0000 44354.1437  52.5%   7.2  494s
 112606 64506 45108.8088   45   11 93436.0000 44363.8205  52.5%   7.2  506s
 114949 65486 45681.3326   59    5 93436.0000 44364.2924  52.5%   7.2  518s
 117038 66701 46003.7782   55    8 93436.0000 44364.2924  52.5%   7.2  532s
 119228 66417 45494.2332   64    2 93436.0000 44377.3700  52.5%   7.3  541s
 119460 67012 45725.2000   64    1 93436.0000 44377.3700  52.5%   7.3  551s
 120505 67808 46349.1618   65    2 93436.0000 44377.3700  52.5%   7.3  564s
 120658 67778 45196.1844   47    7 93436.0000 44377.4693  52.5%   7.3  565s
 122087 69090 45830.8528   62    3 93436.0000 44379.5441  52.5%   7.3  578s
 124121 70268 44864.0282   43   19 93436.0000 44383.8931  52.5%   7.3  594s
 125995 69889 45283.5307   42   10 93436.0000 44388.8279  52.5%   7.3  595s
 126272 70521 44845.0828   37   19 93436.0000 44391.7308  52.5%   7.3  600s

Cutting planes:
  Gomory: 6
  Cover: 2
  MIR: 1
  Flow cover: 3

Explored 127086 nodes (926189 simplex iterations) in 601.25 seconds (272.77 work units)
Thread count was 32 (of 32 available processors)

Solution count 10: 93436 96233 96951 ... 146453

Time limit reached
Best objective 9.343600000000e+04, best bound 4.439173076448e+04, gap 52.4897%

User-callback calls 276102, time in user-callback 71.12 sec
