
Gurobi 13.0.2 (win64) logging started Thu Jul 16 17:53:09 2026

Set parameter LogFile to value "logs/kstar_nI40_nJ20_nK100_nL10_tI2_tJ2_s3_m1_exact_s0_20260716-175309.gurobi.log"
Set parameter Seed to value 0
Set parameter TimeLimit to value 599.9620784
Set parameter MIPGap to value 0
Set parameter MIPGapAbs to value 0.5
Set parameter Cutoff to value 1e+100
Gurobi Optimizer version 13.0.2 build v13.0.2rc1 (win64 - Windows 11+.0 (26200.2))

CPU model: Intel(R) Core(TM) i9-14900HX, instruction set [SSE2|AVX|AVX2]
Thread count: 24 physical cores, 32 logical processors, using up to 32 threads

Non-default parameters:
TimeLimit  599.9620784
MIPGap  0
MIPGapAbs  0.5
PreCrush  1
LazyConstraints  1

Optimize a model with 20 rows, 70 columns and 600 nonzeros (Min)
Model fingerprint: 0xf2777263
Model has 70 linear objective coefficients
Variable types: 10 continuous, 60 integer (60 binary)
Coefficient statistics:
  Matrix range     [5e+00, 1e+03]
  Objective range  [1e+00, 5e+02]
  Bounds range     [1e+00, 1e+04]
  RHS range        [1e+03, 1e+03]

Using branch priorities.
Presolve removed 16 rows and 0 columns
Presolve time: 0.00s
Presolved: 4 rows, 70 columns, 120 nonzeros
Variable types: 10 continuous, 60 integer (60 binary)

Root relaxation: objective 1.002919e+05, 7 iterations, 0.00 seconds (0.00 work units)

    Nodes    |    Current Node    |     Objective Bounds      |     Work
 Expl Unexpl |  Obj  Depth IntInf | Incumbent    BestBd   Gap | It/Node Time

     0     0 100291.894    0    2          - 100291.894      -     -    0s
H    0     0                    768260.00000 100291.894  86.9%     -    0s
H    0     0                    634220.00000 100291.894  84.2%     -    0s
H    0     0                    629588.00000 100291.894  84.1%     -    0s
H    0     0                    629270.00000 100291.894  84.1%     -    0s
H    0     0                    617161.00000 100291.894  83.7%     -    0s
H    0     0                    578904.00000 100291.894  82.7%     -    0s
     0     0 100340.350    0    6 578904.000 100340.350  82.7%     -    0s
     0     0 100360.100    0    7 578904.000 100360.100  82.7%     -    0s
H    0     0                    572124.00000 100360.100  82.5%     -    0s
H    0     0                    482454.00000 100362.641  79.2%     -    0s
     0     0 100373.242    0    7 482454.000 100373.242  79.2%     -    0s
     0     0 100379.109    0    7 482454.000 100379.109  79.2%     -    0s
H    0     0                    367886.00000 100379.109  72.7%     -    0s
     0     2 100462.621    0   11 367886.000 100462.621  72.7%     -    0s
  3633  3138 101039.975   44    7 367886.000 100592.168  72.7%   2.9    6s
H 3647  2989                    360291.00000 100592.168  72.1%   2.9    8s
H 3648  2992                    358940.00000 100592.168  72.0%   3.0    8s
  3877  3176 100665.162   21   14 358940.000 100598.388  72.0%   3.5   10s
  4467  3597 100925.890   26   13 358940.000 100598.388  72.0%   4.1   15s
  5711  4263 101608.299   35    1 358940.000 100642.357  72.0%   4.3   20s
  7082  4871 198229.000   67    - 358940.000 100647.745  72.0%   4.3   25s
  8700  5763 100863.851   20   13 358940.000 100677.739  72.0%   4.3   30s
  9924  6382 104395.706   63    3 358940.000 100705.039  71.9%   4.4   35s
*10626  6466              72    321109.00000 100718.418  68.6%   4.4   37s
*11019  6530              72    317932.00000 100720.160  68.3%   4.4   39s
 11444  6636 101727.939   39    2 317932.000 100721.151  68.3%   4.5   40s
 11798  6941 100875.106   24   16 317932.000 100721.151  68.3%   4.5   46s
 12376  7333 101072.970   32   13 317932.000 100721.151  68.3%   4.5   50s
 12959  7978 101428.363   34    6 317932.000 100748.364  68.3%   4.5   55s
 14097  8979 103139.558   61    2 317932.000 100757.256  68.3%   4.5   60s
 15629 10229 100930.607   24   14 317932.000 100771.618  68.3%   4.5   65s
 17690 12096 101654.588   31    5 317932.000 100776.095  68.3%   4.5   71s
 19456 13516 106377.348   51    5 317932.000 100776.095  68.3%   4.5   75s
 21387 15163 101014.996   20   11 317932.000 100776.095  68.3%   4.5   80s
 23554 16824 101584.786   25    4 317932.000 100776.095  68.3%   4.5   86s
 23993 17036 102020.229   40    6 317932.000 100846.784  68.3%   4.6   91s
 24753 17861 101245.087   27   13 317932.000 100846.784  68.3%   4.5   97s
 26283 18992 101142.085   31   17 317932.000 100846.784  68.3%   4.5  101s
 27861 20340 101636.409   41    3 317932.000 100846.784  68.3%   4.5  106s
 28789 20661 101555.937   39    7 317932.000 100849.535  68.3%   4.5  110s
 29299 21361 101686.890   41    4 317932.000 100849.535  68.3%   4.5  118s
 29989 21967 101698.292   42    5 317932.000 100859.076  68.3%   4.5  123s
 30681 22618 101699.063   43    5 317932.000 100861.516  68.3%   4.5  128s
 31556 23153 101699.265   44    4 317932.000 100868.192  68.3%   4.6  134s
 32631 24095 101784.474   45    1 317932.000 100868.192  68.3%   4.5  139s
 33547 24274 101306.530   33   11 317932.000 100876.821  68.3%   4.5  140s
 33590 24989 101784.478   46    1 317932.000 100876.821  68.3%   4.5  145s
 34765 25834 101786.948   47    1 317932.000 100876.821  68.3%   4.5  150s
 35747 26890 101791.210   48    2 317932.000 100883.549  68.3%   4.5  156s
 37014 27988 101792.073   49    2 317932.000 100884.531  68.3%   4.6  162s
 38356 29125 101793.175   50    2 317932.000 100891.692  68.3%   4.6  169s
 39746 30202 175644.234   55    3 317932.000 100901.289  68.3%   4.6  175s
 41093 31478 102791.576   65    2 317932.000 100907.424  68.3%   4.6  181s
 42655 32314 102368.072   63    4 317932.000 100908.040  68.3%   4.7  186s
 43500 32615 102474.650   64    2 317932.000 100908.040  68.3%   4.7  192s
 43782 33455 102506.538   65    1 317932.000 100908.040  68.3%   4.7  198s
 44838 34302 133169.000   71    - 317932.000 100916.397  68.3%   4.7  205s
 45847 35293 101153.158   28   18 317932.000 100919.466  68.3%   4.7  213s
 47128 36703 101089.820   28   16 317932.000 100922.066  68.3%   4.7  221s
 48750 38378 102260.306   48    5 317932.000 100928.460  68.3%   4.7  228s
 50804 38676 103848.240   66    7 317932.000 100934.221  68.3%   4.8  250s
H50805 36743                    308445.00000 100934.221  67.3%   4.8  252s
 50807 36744 102353.000   37   24 308445.000 100934.221  67.3%   4.8  255s
 50809 36745 101886.000   29   24 308445.000 100934.221  67.3%   4.8  263s
 50812 36747 104065.086   64   25 308445.000 100934.221  67.3%   4.8  265s
H50812 34909                    279582.00000 100934.221  63.9%   4.8  269s
 50815 34911 102111.000   42   27 279582.000 100934.221  63.9%   4.8  271s
 50820 34915 102680.237   46   28 279582.000 100934.221  63.9%   4.8  277s
H50820 33169                    278636.00000 100934.221  63.8%   4.8  280s
H50821 33169                    273587.00000 100934.221  63.1%   4.8  280s
 50823 33171 102893.000   56   27 273587.000 100934.221  63.1%   4.8  286s
 50825 33172 102344.000   40   30 273587.000 100934.221  63.1%   4.8  291s
H50826 31514                    248854.00000 100934.221  59.4%   4.8  295s
 50858 31568 100934.221   26   20 248854.000 100934.221  59.4%   4.8  301s
 50922 31712 100934.221   28   21 248854.000 100934.221  59.4%   4.9  306s
 51097 31790 100934.221   31   18 248854.000 100934.221  59.4%   4.9  312s
 51224 31846 101112.772   32   15 248854.000 100934.221  59.4%   5.0  317s
 51415 32016 100934.221   34   17 248854.000 100934.221  59.4%   5.0  320s
 51801 32206 100998.305   36   15 248854.000 100934.221  59.4%   5.1  325s
 52052 32353 101209.452   37   12 248854.000 100934.221  59.4%   5.1  332s
 52375 32539 101620.258   40   13 248854.000 100934.221  59.4%   5.1  336s
 53002 32892 102250.249   48    1 248854.000 100934.221  59.4%   5.1  341s
 53737 33276 103997.271   60    1 248854.000 100934.221  59.4%   5.2  346s
 54357 33460 152284.060   76    1 248854.000 100934.221  59.4%   5.2  350s
 55232 34079 102527.437   65    3 248854.000 100934.221  59.4%   5.2  356s
 56190 34267 105641.108   53    1 248854.000 100934.221  59.4%   5.2  360s
 56729 34880 102365.127   62    2 248854.000 100934.221  59.4%   5.3  365s
 57787 35353 101548.348   40   12 248854.000 100934.221  59.4%   5.3  370s
 58622 35502 103175.000   66    - 248854.000 100934.221  59.4%   5.3  377s
 58686 35726 101022.750   33   21 248854.000 100934.221  59.4%   5.3  382s
 59046 36110 101346.756   43   11 248854.000 100934.221  59.4%   5.4  385s
 60297 36726 100934.221   36   18 248854.000 100934.221  59.4%   5.4  392s
 60906 37065 101458.552   44   13 248854.000 100934.221  59.4%   5.4  397s
 61477 37028 102359.451   59    4 248854.000 100934.221  59.4%   5.5  401s
 61624 37472 102503.789   60    4 248854.000 100934.221  59.4%   5.5  407s
 62271 37825 101516.424   45    8 248854.000 100934.221  59.4%   5.5  413s
 62959 37735 101028.628   42   17 248854.000 100934.221  59.4%   5.5  418s
 63010 38027 101105.579   43   15 248854.000 100934.221  59.4%   5.5  425s
 63481 38499 101108.726   44   17 248854.000 100934.221  59.4%   5.5  432s
 64301 38405 102357.556   60    3 248854.000 100934.221  59.4%   5.6  437s
 64342 38841 102502.131   61    3 248854.000 100934.221  59.4%   5.6  443s
 65116 39359 101077.369   51   18 248854.000 100934.221  59.4%   5.6  450s
 65972 39806 100973.106   35   21 248854.000 100934.221  59.4%   5.6  456s
 66845 40080 102273.712   62    1 248854.000 100934.221  59.4%   5.6  462s
 67443 40582 101014.023   38   20 248854.000 100934.221  59.4%   5.7  468s
 68546 41114 102670.000   73    - 248854.000 100934.221  59.4%   5.7  475s
 69600 41735 101894.719   48   10 248854.000 100949.759  59.4%   5.7  482s
 70762 42243 101455.587   37   17 248854.000 100959.374  59.4%   5.7  489s
 71702 42088 101140.414   50   15 248854.000 100959.374  59.4%   5.8  490s
 71812 42759 103028.740   57   11 248854.000 100959.374  59.4%   5.8  496s
 72886 43359 101422.248   36   17 248854.000 100969.891  59.4%   5.8  503s
 74103 43999 103178.000   53    - 248854.000 100969.891  59.4%   5.9  511s
 75581 44786 101506.572   44   13 248854.000 100985.252  59.4%   5.9  519s
 76295 44671 104521.979   71    4 248854.000 100988.011  59.4%   5.9  520s
 77012 45501 101310.191   45   13 248854.000 100988.011  59.4%   5.9  528s
 78386 46318 101529.294   40   16 248854.000 100988.011  59.4%   5.9  536s
 79866 47082 101730.426   51    8 248854.000 100988.011  59.4%   5.9  544s
 81359 46844 101934.381   53    5 248854.000 101004.407  59.4%   6.0  557s
 81405 46878 101965.022   54    5 248854.000 101004.407  59.4%   6.0  568s
 81464 47730 102016.548   55    5 248854.000 101004.407  59.4%   6.0  579s
 82731 48563 102081.430   56    3 248854.000 101008.526  59.4%   6.0  590s
 84213 49133 102165.132   57    1 248854.000 101012.381  59.4%   6.0  600s

Cutting planes:
  MIR: 21
  Flow cover: 7

Explored 85885 nodes (517321 simplex iterations) in 602.50 seconds (321.57 work units)
Thread count was 32 (of 32 available processors)

Solution count 10: 248854 273587 278636 ... 482454

Time limit reached
Best objective 2.488540000000e+05, best bound 1.010123814471e+05, gap 59.4090%

User-callback calls 201415, time in user-callback 96.08 sec
