
Gurobi 13.0.2 (win64) logging started Thu Jul 16 21:34:12 2026

Set parameter LogFile to value "logs/kstar_nI40_nJ20_nK100_nL10_tI6_tJ6_s5_m1_exact_s0_20260716-213412.gurobi.log"
Set parameter Seed to value 0
Set parameter TimeLimit to value 599.9638881
Set parameter MIPGap to value 0
Set parameter MIPGapAbs to value 0.5
Set parameter Cutoff to value 1e+100
Gurobi Optimizer version 13.0.2 build v13.0.2rc1 (win64 - Windows 11+.0 (26200.2))

CPU model: Intel(R) Core(TM) i9-14900HX, instruction set [SSE2|AVX|AVX2]
Thread count: 24 physical cores, 32 logical processors, using up to 32 threads

Non-default parameters:
TimeLimit  599.9638881
MIPGap  0
MIPGapAbs  0.5
PreCrush  1
LazyConstraints  1

Optimize a model with 20 rows, 70 columns and 600 nonzeros (Min)
Model fingerprint: 0x315dd468
Model has 70 linear objective coefficients
Variable types: 10 continuous, 60 integer (60 binary)
Coefficient statistics:
  Matrix range     [3e+00, 1e+03]
  Objective range  [1e+00, 5e+02]
  Bounds range     [1e+00, 1e+04]
  RHS range        [1e+03, 1e+03]

Using branch priorities.
Presolve removed 18 rows and 0 columns
Presolve time: 0.00s
Presolved: 2 rows, 70 columns, 60 nonzeros
Variable types: 10 continuous, 60 integer (60 binary)

Root relaxation: objective 9.623196e+04, 5 iterations, 0.00 seconds (0.00 work units)

    Nodes    |    Current Node    |     Objective Bounds      |     Work
 Expl Unexpl |  Obj  Depth IntInf | Incumbent    BestBd   Gap | It/Node Time

     0     0 96231.9623    0    3          - 96231.9623      -     -    0s
H    0     0                    349682.00000 96231.9623  72.5%     -    0s
H    0     0                    313334.00000 96231.9623  69.3%     -    0s
H    0     0                    310496.00000 96231.9623  69.0%     -    0s
     0     0 96439.1323    0    4 310496.000 96439.1323  68.9%     -    0s
     0     0 96523.7567    0    8 310496.000 96523.7567  68.9%     -    0s
H    0     0                    291428.00000 96524.7288  66.9%     -    0s
     0     0 96691.1018    0    7 291428.000 96691.1018  66.8%     -    0s
     0     0 96694.4601    0    7 291428.000 96694.4601  66.8%     -    0s
H    0     0                    268625.00000 96694.4601  64.0%     -    0s
     0     2 96759.0000    0   10 268625.000 96759.0000  64.0%     -    0s
H 3114  2712                    202271.00000 97000.6283  52.0%   3.1    2s
H 3116  2577                    199464.00000 97073.6716  51.3%   3.1    3s
H 3120  2451                    197131.00000 97074.8428  50.8%   3.1    3s
  3130  2457 97126.2145    8   23 197131.000 97126.2145  50.7%   3.1    5s
H 3135  2337                    189295.00000 97132.9091  48.7%   3.1    6s
  4789  3495 99882.1715   41    3 189295.000 97392.8640  48.5%   4.8   10s
* 5891  3807              74    178077.00000 97406.6013  45.3%   4.6   11s
* 6711  4041              74    177533.00000 97424.8291  45.1%   4.6   13s
* 6713  3931              74    176867.00000 97424.8291  44.9%   4.6   13s
  7650  4507 98222.7740   34    9 176867.000 97524.2050  44.9%   4.6   15s
  9734  5890 101432.730   57    1 176867.000 97541.1743  44.9%   4.6   20s
 11642  7316 98564.0774   41    9 176867.000 97605.7565  44.8%   4.5   25s
 13263  8833 98383.8496   30   10 176867.000 97652.1350  44.8%   4.6   30s
*13586  9028              68    170978.00000 97659.3661  42.9%   4.6   31s
 14832 10054 98602.7202   42    7 170978.000 97691.1967  42.9%   4.6   35s
 15822 10875 98462.1831   35    7 170978.000 97694.6423  42.9%   4.6   40s
 16507 11575 98832.5301   39    5 170978.000 97723.2177  42.8%   4.6   45s
 17729 12713 99376.9650   43    3 170978.000 97730.1899  42.8%   4.6   50s
 19568 14380 99406.5131   47    2 170978.000 97730.1899  42.8%   4.6   55s
 21665 16047 99977.1238   53    1 170978.000 97744.1668  42.8%   4.6   60s
 23861 18245 98295.2107   26   16 170978.000 97773.0523  42.8%   4.6   65s
 26782 20966 98607.8805   29   10 170978.000 97773.0523  42.8%   4.6   70s
 28190 21603 98451.6914   33   18 170978.000 97825.3930  42.8%   4.6   76s
 28884 22273 98672.1587   35   15 170978.000 97825.3930  42.8%   4.6   80s
 30320 23921 98903.8357   37   12 170978.000 97835.5023  42.8%   4.6   85s
 33024 26579 100230.711   33    9 170978.000 97851.2996  42.8%   4.6   92s
 34565 27858 100861.305   57    3 170978.000 97864.1190  42.8%   4.6   96s
 36051 29303 98695.2684   38    7 170978.000 97872.8926  42.8%   4.6  101s
 37733 30284 105386.811   55    3 170978.000 97872.8926  42.8%   4.6  105s
 40700 33580 98563.2085   26   17 170978.000 97890.7483  42.7%   4.6  113s
 42802 35389 104135.068   65    1 170978.000 97890.7483  42.7%   4.6  118s
 44831 37138 102216.000   68    - 170978.000 97905.3720  42.7%   4.6  124s
 46728 38770 99564.2405   50    3 170978.000 97905.3720  42.7%   4.6  129s
 48738 39062 99659.6412   48    7 170978.000 97905.3720  42.7%   4.6  139s
 48740 39063 99060.0000   50   26 170978.000 97905.3720  42.7%   4.6  141s
 48741 39064 98428.6913   30   27 170978.000 97905.3720  42.7%   4.6  145s
 48747 39068 102175.372   66   30 170978.000 97905.3720  42.7%   4.6  151s
 48750 39070 100997.358   61   28 170978.000 97905.3720  42.7%   4.6  155s
H48751 37117                    169710.00000 97905.3720  42.3%   4.6  158s
 48753 37118 99655.8522   49   28 169710.000 97905.3720  42.3%   4.6  160s
 48770 37146 97905.3720   33   24 169710.000 97905.3720  42.3%   4.6  165s
 48954 37285 99106.4387   37   17 169710.000 97905.3720  42.3%   4.7  171s
 49165 37500 99103.2335   39   19 169710.000 97905.3720  42.3%   4.8  175s
 49584 37761 99418.2349   44   15 169710.000 97905.3720  42.3%   4.9  180s
 50068 37974 100257.936   47   11 169710.000 97905.3720  42.3%   4.9  185s
 50581 38387 101279.572   52    8 169710.000 97905.3720  42.3%   5.0  190s
 51835 39084 105051.438   67    3 169710.000 98055.5877  42.2%   5.0  195s
 52933 39495 98425.1327   41   20 169710.000 98062.4727  42.2%   5.0  200s
 53336 39659 98446.4238   39   22 169710.000 98103.6618  42.2%   5.1  205s
 54268 40780 102000.041   60    4 169710.000 98103.6618  42.2%   5.1  212s
 55635 40932 98364.7544   45   19 169710.000 98103.6618  42.2%   5.1  215s
 56346 41716 98435.5511   39   18 169710.000 98103.6618  42.2%   5.1  222s
 57023 42251 99528.0608   56    6 169710.000 98103.6618  42.2%   5.1  225s
 58326 42841 99037.3627   49   15 169710.000 98124.4831  42.2%   5.2  231s
 59731 43618 109598.991   81    2 169710.000 98139.6210  42.2%   5.2  236s
 61339 44705 99585.6634   55   10 169710.000 98238.1228  42.1%   5.3  242s
 62249 44524 98653.6526   40   17 169710.000 98249.4733  42.1%   5.3  245s
 63011 45402 98694.4009   42   13 169710.000 98249.4733  42.1%   5.3  252s
 63664 45739 99194.4197   49   15 169710.000 98249.4733  42.1%   5.3  255s
 65476 47037 101998.690   72    1 169710.000 98249.4733  42.1%   5.4  262s
 66657 47664 99617.8539   54    9 169710.000 98290.7411  42.1%   5.4  266s
 67884 48476 99239.4998   52    8 169710.000 98301.8085  42.1%   5.4  271s
 69334 49145 98834.0978   47   13 169710.000 98301.8085  42.1%   5.4  276s
 70613 49741 98584.0235   42   21 169710.000 98340.9445  42.1%   5.4  282s
 71788 50552 110648.865   73    4 169710.000 98340.9445  42.1%   5.5  286s
 73248 51277 100664.785   69    1 169710.000 98347.4273  42.0%   5.5  291s
 74708 52162 99930.8923   55    6 169710.000 98352.4308  42.0%   5.5  296s
 76245 52784 105542.118   76    1 169710.000 98377.2404  42.0%   5.5  301s
 77522 53703 100636.388   72    4 169710.000 98377.7926  42.0%   5.5  306s
 79197 54676 100694.449   71    2 169710.000 98402.8794  42.0%   5.6  312s
 81012 55479 98705.5583   40   21 169710.000 98411.6102  42.0%   5.6  318s
 82601 56152 98550.4186   37   22 169710.000 98421.3197  42.0%   5.6  324s
 83267 56033 100067.896   63    6 169710.000 98421.7607  42.0%   5.6  325s
 84004 57205 98917.8533   44   18 169710.000 98428.3122  42.0%   5.6  330s
 85774 58109 99719.8024   48   14 169710.000 98435.2565  42.0%   5.6  337s
 87577 59166 99570.8553   50   11 169710.000 98441.8817  42.0%   5.6  344s
 88399 59031 98922.2604   41   20 169710.000 98443.0098  42.0%   5.6  345s
 89579 58952 98626.8847   39   23 169710.000 98448.6384  42.0%   5.6  351s
 89804 59868 98716.9779   40   24 169710.000 98448.6384  42.0%   5.6  358s
 91128 60675 98734.5470   41   23 169710.000 98448.6986  42.0%   5.7  366s
 92614 61622 98850.7335   42   19 169710.000 98453.6532  42.0%   5.7  373s
 94312 61444 98885.2330   43   21 169710.000 98458.5621  42.0%   5.7  381s
 94560 62635 98916.6233   44   22 169710.000 98458.5621  42.0%   5.7  390s
 96269 63708 99028.2867   45   18 169710.000 98462.8795  42.0%   5.7  399s
 98327 64927 99189.5329   46   16 169710.000 98465.5665  42.0%   5.7  408s
 100568 65674 99203.5698   47   17 169710.000 98476.0546  42.0%   5.7  419s
 102200 66684 99304.5308   48   16 169710.000 98482.7549  42.0%   5.7  430s
 104187 67867 99770.4335   53   12 169710.000 98482.7549  42.0%   5.7  438s
 106144 69180 100059.607   55    3 169710.000 98500.0539  42.0%   5.8  448s
 108664 70355 98765.3761   43   22 169710.000 98500.1570  42.0%   5.8  457s
 110890 71656 100223.188   56    6 169710.000 98509.2286  42.0%   5.8  468s
 113471 73067 99333.2443   44   16 169710.000 98513.9612  42.0%   5.8  479s
 116116 74198 98783.6835   40   20 169710.000 98519.8439  41.9%   5.8  491s
 118026 75528 100139.403   59   10 169710.000 98520.5715  41.9%   5.9  502s
 120746 76940 98950.3657   42   22 169710.000 98529.0933  41.9%   5.9  514s
 123069 76575 99573.2314   46   13 169710.000 98536.2826  41.9%   5.9  524s
 123394 76541 99493.5816   49   12 169710.000 98536.2826  41.9%   5.9  525s
 123399 78165 99537.3010   46   13 169710.000 98536.2826  41.9%   5.9  536s
 125743 79504 99651.3926   47   15 169710.000 98537.0149  41.9%   5.9  551s
 128226 80548 99372.7572   45   18 169710.000 98540.6524  41.9%   5.9  566s
 131255 81817 99614.0699   46   16 169710.000 98548.9486  41.9%   5.9  580s
 133485 83427 111838.372   72    3 169710.000 98553.5771  41.9%   5.9  598s

Cutting planes:
  Gomory: 5
  MIR: 2

Explored 136299 nodes (812756 simplex iterations) in 601.32 seconds (183.58 work units)
Thread count was 32 (of 32 available processors)

Solution count 10: 169710 170978 176867 ... 268625

Time limit reached
Best objective 1.697100000000e+05, best bound 9.856049299367e+04, gap 41.9242%

User-callback calls 308693, time in user-callback 74.30 sec
