
Gurobi 13.0.2 (win64) logging started Thu Jul 16 02:28:57 2026

Set parameter LogFile to value "logs/kstar_nI20_nJ40_nK100_nL10_tI4_tJ4_s1_m1_exact_s0_20260716-022857.gurobi.log"
Set parameter Seed to value 0
Set parameter TimeLimit to value 599.9440493
Set parameter MIPGap to value 0
Set parameter MIPGapAbs to value 0.5
Set parameter Cutoff to value 1e+100
Gurobi Optimizer version 13.0.2 build v13.0.2rc1 (win64 - Windows 11+.0 (26200.2))

CPU model: Intel(R) Core(TM) i9-14900HX, instruction set [SSE2|AVX|AVX2]
Thread count: 24 physical cores, 32 logical processors, using up to 32 threads

Non-default parameters:
TimeLimit  599.9440493
MIPGap  0
MIPGapAbs  0.5
PreCrush  1
LazyConstraints  1

Optimize a model with 20 rows, 70 columns and 600 nonzeros (Min)
Model fingerprint: 0x79eb8b37
Model has 70 linear objective coefficients
Variable types: 10 continuous, 60 integer (60 binary)
Coefficient statistics:
  Matrix range     [4e+00, 1e+03]
  Objective range  [1e+00, 5e+02]
  Bounds range     [1e+00, 8e+03]
  RHS range        [1e+03, 1e+03]

Using branch priorities.
Presolve removed 16 rows and 0 columns
Presolve time: 0.00s
Presolved: 4 rows, 70 columns, 100 nonzeros
Variable types: 10 continuous, 60 integer (60 binary)

Root relaxation: objective 7.718911e+04, 3 iterations, 0.00 seconds (0.00 work units)

    Nodes    |    Current Node    |     Objective Bounds      |     Work
 Expl Unexpl |  Obj  Depth IntInf | Incumbent    BestBd   Gap | It/Node Time

     0     0 77189.1065    0    2          - 77189.1065      -     -    0s
H    0     0                    484568.00000 77189.1065  84.1%     -    0s
H    0     0                    432174.00000 77189.1065  82.1%     -    0s
H    0     0                    425222.00000 77189.1065  81.8%     -    0s
H    0     0                    413097.00000 77189.1065  81.3%     -    0s
H    0     0                    400591.00000 77189.1065  80.7%     -    0s
     0     0 77311.5209    0    4 400591.000 77311.5209  80.7%     -    0s
     0     0 77347.9519    0    7 400591.000 77347.9519  80.7%     -    0s
     0     0 77386.1408    0    8 400591.000 77386.1408  80.7%     -    0s
     0     0 77388.5183    0    8 400591.000 77388.5183  80.7%     -    0s
     0     2 77388.5183    0    8 400591.000 77388.5183  80.7%     -    0s
  1753  1859 77682.7737   16    5 400591.000 77444.0296  80.7%   3.4    5s
H 3486  2961                    342846.00000 77493.6010  77.4%   3.2    9s
H 3486  2813                    307217.00000 77493.6010  74.8%   3.2    9s
H 3486  2672                    303170.00000 77493.6010  74.4%   3.2    9s
  3488  2673 77599.9278   13   16 303170.000 77493.6010  74.4%   3.2   10s
H 3490  2540                    263392.00000 77493.6010  70.6%   3.2   11s
H 3499  2419                    238797.00000 77504.2381  67.5%   3.2   12s
H 3500  2420                    232615.00000 77504.2381  66.7%   3.2   12s
  3749  2619 77686.9206   21    8 232615.000 77547.1928  66.7%   4.1   15s
  4212  2934 77829.6754   25   10 232615.000 77547.1928  66.7%   4.9   20s
  4848  3290 79207.4278   48    1 232615.000 77556.9994  66.7%   5.1   25s
  5909  3938 102121.000   67    - 232615.000 77577.2513  66.6%   5.1   30s
  6999  4439 89100.0000   64    - 232615.000 77587.9399  66.6%   4.8   35s
  7817  5028 77997.7684   30   12 232615.000 77606.6522  66.6%   4.9   40s
  8907  5544 77785.6385   20   11 232615.000 77636.4573  66.6%   4.8   45s
 10467  6496 77693.5013   24   17 232615.000 77640.0031  66.6%   4.8   50s
 12071  7573 92271.0000   69    - 232615.000 77640.0031  66.6%   4.6   55s
 13565  8834 79796.2755   46    2 232615.000 77661.6070  66.6%   4.5   60s
 15220 10171 78209.2659   28    8 232615.000 77685.1369  66.6%   4.6   65s
 16692 11115 77993.5891   33   15 232615.000 77685.6217  66.6%   4.6   70s
 17493 11803 77804.1149   24   16 232615.000 77687.9448  66.6%   4.6   75s
 18057 12382 78017.5150   34   13 232615.000 77687.9448  66.6%   4.6   80s
 19093 13370 79014.8316   46    1 232615.000 77687.9448  66.6%   4.7   86s
 20069 14119 78058.1891   36   13 232615.000 77687.9448  66.6%   4.7   90s
 21741 15853 78001.8228   30   14 232615.000 77697.3435  66.6%   4.7   95s
 23092 17016 77973.9121   24   15 232615.000 77697.7359  66.6%   4.7  100s
 24779 17936 78767.1975   39    3 232615.000 77709.1690  66.6%   4.7  105s
 26014 19382 78909.3415   40    1 232615.000 77711.8136  66.6%   4.7  111s
 27494 20766 79013.6572   41    3 232615.000 77721.0642  66.6%   4.7  117s
 28493 21790 79184.9702   42    1 232615.000 77721.1314  66.6%   4.7  120s
 30568 23588 78998.2504   43    2 232615.000 77721.1314  66.6%   4.8  126s
 31718 24551 79116.0000   43    - 232615.000 77728.4319  66.6%   4.8  130s
 33262 25816 77839.2418   27   19 232615.000 77728.4319  66.6%   4.8  135s
 35890 27331 78546.1342   40    6 232615.000 77752.0825  66.6%   4.8  143s
 35939 27656 78557.8908   41    6 232615.000 77757.7998  66.6%   4.8  146s
 36947 28762 78598.7478   43    7 232615.000 77757.7998  66.6%   4.8  153s
 37687 29453 78612.6132   44    6 232615.000 77760.3920  66.6%   4.8  157s
 38442 30336 78480.6395   39    9 232615.000 77760.3920  66.6%   4.8  161s
 39484 31368 78539.7082   42    4 232615.000 77765.0025  66.6%   4.9  165s
 40759 32512 78168.0066   28   15 232615.000 77766.9080  66.6%   4.9  170s
 42042 33279 78199.5165   33   10 232615.000 77770.9972  66.6%   4.9  175s
 43137 34594 77810.2119   35   16 232615.000 77770.9972  66.6%   4.9  181s
 44728 34990 78694.9360   55    4 232615.000 77770.9972  66.6%   4.8  186s
 44900 35209 78783.1496   54    4 232615.000 77770.9972  66.6%   4.9  190s
 45517 35808 78807.5635   55    4 232615.000 77776.1400  66.6%   4.8  196s
 46284 37045 78841.6431   56    5 232615.000 77776.1400  66.6%   4.8  201s
 47809 38187 78901.0343   56    1 232615.000 77780.2126  66.6%   4.8  209s
 48656 38333 78154.8061   30   15 232615.000 77780.2514  66.6%   4.8  210s
 49243 39542 78536.2572   49    5 232615.000 77782.6678  66.6%   4.8  216s
 50741 40967 78996.1256   59    4 232615.000 77786.5148  66.6%   4.9  222s
 52314 42691 78237.1784   29    6 232615.000 77786.5148  66.6%   4.9  229s
 52507 42718 78907.0055   45    2 232615.000 77786.5148  66.6%   4.9  230s
 54554 44611 78011.5066   28   14 232615.000 77792.5722  66.6%   4.9  238s
 57049 45072 78265.9152   38   15 232615.000 77796.4379  66.6%   4.9  240s
 57050 46684 77985.2188   27   19 232615.000 77796.6356  66.6%   4.9  247s
 59238 48247 78324.9183   30   11 232615.000 77800.8260  66.6%   4.9  255s
 61293 49705 78146.5954   33   11 232615.000 77802.1310  66.6%   4.9  265s
 64286 50668 79095.4827   56    8 232615.000 77807.5199  66.6%   4.9  285s
 64289 50670 78824.4645   57   24 232615.000 77807.5199  66.6%   4.9  290s
 64291 50671 82983.0000   73   24 232615.000 77807.5199  66.6%   4.9  295s
 64293 50673 78652.9750   36   26 232615.000 77807.5199  66.6%   4.9  303s
 64296 50675 78581.5286   41   25 232615.000 77807.5199  66.6%   4.9  306s
H64296 48141                    214265.00000 77807.5199  63.7%   4.9  310s
 64299 48143 79768.0000   63   28 214265.000 77807.5199  63.7%   4.9  316s
H64301 45736                    200757.00000 77807.5199  61.2%   4.9  322s
H64302 45737                    194397.00000 77807.5199  60.0%   4.9  322s
 64303 45737 79936.3642   55   27 194397.000 77807.5199  60.0%   4.9  325s
 64305 45739 78458.3612   37   27 194397.000 77807.5199  60.0%   4.9  331s
 64318 45751 77807.5199   26   23 194397.000 77807.5199  60.0%   4.9  335s
 64369 45814 77807.5199   29   22 194397.000 77807.5199  60.0%   4.9  340s
 64537 45926 77907.3746   31   20 194397.000 77807.5199  60.0%   5.0  346s
 64569 45978 77807.5199   32   19 194397.000 77807.5199  60.0%   5.0  351s
 64769 46168 77841.9853   34   21 194397.000 77807.5199  60.0%   5.1  355s
 65088 46367 77937.8888   36   22 194397.000 77807.5199  60.0%   5.1  361s
 65316 46461 82831.0000   70    - 194397.000 77807.5199  60.0%   5.2  365s
 65529 46573 78126.5193   39   17 194397.000 77807.5199  60.0%   5.2  371s
 65718 46660 78130.5945   40   15 194397.000 77807.5199  60.0%   5.2  375s
 65883 46753 79591.4504   60    4 194397.000 77807.5199  60.0%   5.2  380s
 66078 46961 78325.3495   42   13 194397.000 77807.5199  60.0%   5.2  386s
 66381 47210 78458.0916   43   10 194397.000 77807.5199  60.0%   5.3  390s
 66938 47384 94413.0000   76    - 194397.000 77807.5199  60.0%   5.3  395s
 67398 47760 79010.7234   51    5 194397.000 77807.5199  60.0%   5.3  400s
 67895 48040 79578.8165   56    3 194397.000 77807.5199  60.0%   5.3  405s
 68571 48220 80683.2964   69    2 194397.000 77807.5199  60.0%   5.3  412s
 68664 48463 80545.0881   69    2 194397.000 77807.5199  60.0%   5.3  416s
 69034 48677 80834.7123   76    1 194397.000 77807.5199  60.0%   5.3  421s
 69943 49185 78136.4646   44   12 194397.000 77807.5199  60.0%   5.3  428s
 70428 49463 78228.1084   44   13 194397.000 77807.5199  60.0%   5.3  432s
 70842 49743 78361.9148   50    9 194397.000 77807.5199  60.0%   5.4  435s
 71577 49883 79153.1133   65    3 194397.000 77807.5199  60.0%   5.4  440s
 72173 50151 77843.0858   36   22 194397.000 77807.5199  60.0%   5.4  447s
 72207 50278 77844.3622   37   20 194397.000 77807.5199  60.0%   5.4  452s
 72395 50578 77880.0385   38   22 194397.000 77807.5199  60.0%   5.5  457s
 72922 50875 78234.5740   44   15 194397.000 77807.5199  60.0%   5.5  462s
 73430 51213 78903.2617   58    6 194397.000 77807.5199  60.0%   5.5  467s
 74067 51540 77905.8676   33   21 194397.000 77807.5199  60.0%   5.5  471s
 74775 51664 78388.9220   45   15 194397.000 77807.5199  60.0%   5.5  477s
 75094 52089 79049.9665   56    7 194397.000 77807.5199  60.0%   5.5  482s
 75832 52588 78056.2581   35   19 194397.000 77807.5199  60.0%   5.5  487s
 76703 52805 79730.4779   59    1 194397.000 77807.5199  60.0%   5.5  492s
 77696 52812 77878.1987   35   22 194397.000 77807.5199  60.0%   5.5  497s
 77732 53207 77886.2551   36   20 194397.000 77807.5199  60.0%   5.5  502s
 78419 53214 78588.6601   45    9 194397.000 77818.4767  60.0%   5.5  508s
 78614 53345 78637.1868   46   10 194397.000 77818.4767  60.0%   5.5  514s
 78706 53341 77874.5584   37   23 194397.000 77818.4767  60.0%   5.5  515s
 79000 53840 78682.2463   47   10 194397.000 77818.4767  60.0%   5.5  521s
 79816 54168 78742.4009   48   10 194397.000 77845.2537  60.0%   5.5  527s
 80546 54784 94158.0000   74    - 194397.000 77848.5164  60.0%   5.6  534s
 81558 55200 78401.1752   44   13 194397.000 77848.5164  60.0%   5.6  541s
 82631 55808 77930.6209   35   21 194397.000 77849.9872  60.0%   5.6  548s
 83599 56327 78345.3830   48   13 194397.000 77850.9471  60.0%   5.6  555s
 84653 56233 77937.5643   40   17 194397.000 77850.9471  60.0%   5.6  563s
 84805 56845 77947.8977   41   17 194397.000 77864.8510  59.9%   5.7  570s
 85574 57328 78396.4616   47   11 194397.000 77864.8510  59.9%   5.7  580s
 86975 57933 79441.0200   73    2 194397.000 77864.8510  59.9%   5.7  588s
 87959 57781 78845.0966   51    6 194397.000 77867.4872  59.9%   5.7  590s
 88102 58648 78426.6149   52   14 194397.000 77867.4872  59.9%   5.7  597s
 89369 58433 78065.6945   40   14 194397.000 77882.9414  59.9%   5.7  600s

Cutting planes:
  Cover: 1
  MIR: 8
  StrongCG: 2
  Flow cover: 2

Explored 89385 nodes (510838 simplex iterations) in 600.54 seconds (278.38 work units)
Thread count was 32 (of 32 available processors)

Solution count 10: 194397 200757 214265 ... 425222

Time limit reached
Best objective 1.943970000000e+05, best bound 7.788294143887e+04, gap 59.9361%

User-callback calls 201169, time in user-callback 162.30 sec
