
Gurobi 13.0.2 (win64) logging started Wed Jul 15 20:48:52 2026

Set parameter LogFile to value "logs/kstar_nI20_nJ40_nK50_nL5_tI6_tJ6_s4_m0_exact_s0_20260715-204852.gurobi.log"
Set parameter Seed to value 0
Set parameter TimeLimit to value 599.9814797
Set parameter NodefileStart to value 4
Set parameter MIPGap to value 0
Set parameter MIPGapAbs to value 0.9999
Set parameter Cutoff to value 1e+100
Gurobi Optimizer version 13.0.2 build v13.0.2rc1 (win64 - Windows 11+.0 (26200.2))

CPU model: Intel(R) Core(TM) i9-14900HX, instruction set [SSE2|AVX|AVX2]
Thread count: 24 physical cores, 32 logical processors, using up to 32 threads

Non-default parameters:
TimeLimit  599.9814797
MIPGap  0
MIPGapAbs  0.9999
NodefileStart  4

Optimize a model with 750 rows, 14060 columns and 38300 nonzeros (Min)
Model fingerprint: 0x944e61c5
Model has 14060 linear objective coefficients
Variable types: 14000 continuous, 60 integer (60 binary)
Coefficient statistics:
  Matrix range     [1e+00, 6e+02]
  Objective range  [1e+00, 5e+02]
  Bounds range     [1e+00, 1e+00]
  RHS range        [5e+00, 2e+01]

Using branch priorities.
Found heuristic solution: objective 338321.00000
Presolve time: 0.03s
Presolved: 750 rows, 14060 columns, 38300 nonzeros
Variable types: 14000 continuous, 60 integer (60 binary)

Root relaxation: objective 2.627582e+04, 820 iterations, 0.01 seconds (0.01 work units)

    Nodes    |    Current Node    |     Objective Bounds      |     Work
 Expl Unexpl |  Obj  Depth IntInf | Incumbent    BestBd   Gap | It/Node Time

     0     0 26275.8239    0   56 338321.000 26275.8239  92.2%     -    0s
H    0     0                    38974.676411 26275.8239  32.6%     -    0s
H    0     0                    38395.699998 26275.8239  31.6%     -    0s
H    0     0                    37330.137752 31875.9073  14.6%     -    0s
     0     0 31875.9073    0   36 37330.1378 31875.9073  14.6%     -    0s
H    0     0                    35949.000000 31894.9319  11.3%     -    0s
H    0     0                    35946.000000 31894.9319  11.3%     -    0s
H    0     0                    35694.000000 31894.9319  10.6%     -    0s
H    0     0                    35610.000000 31894.9319  10.4%     -    0s
H    0     0                    35570.000000 31894.9319  10.3%     -    0s
     0     0 31912.7115    0   37 35570.0000 31912.7115  10.3%     -    0s
     0     0 31913.7834    0   37 35570.0000 31913.7834  10.3%     -    0s
     0     0 32826.8347    0   43 35570.0000 32826.8347  7.71%     -    0s
H    0     0                    35283.000000 32835.5437  6.94%     -    0s
H    0     0                    35069.000000 32835.5437  6.37%     -    0s
H    0     0                    35032.000000 32835.5437  6.27%     -    0s
     0     0 33114.2081    0   49 35032.0000 33114.2081  5.47%     -    0s
     0     0 33161.7741    0   45 35032.0000 33161.7741  5.34%     -    0s
H    0     0                    34705.000000 33166.6383  4.43%     -    0s
     0     0 33166.6383    0   48 34705.0000 33166.6383  4.43%     -    0s
     0     0 33169.3795    0   49 34705.0000 33169.3795  4.42%     -    0s
     0     0 33386.3887    0   44 34705.0000 33386.3887  3.80%     -    0s
     0     0 33469.3897    0   50 34705.0000 33469.3897  3.56%     -    0s
     0     0 33511.9288    0   42 34705.0000 33511.9288  3.44%     -    0s
     0     0 33516.6062    0   41 34705.0000 33516.6062  3.42%     -    0s
     0     0 33590.5220    0   35 34705.0000 33590.5220  3.21%     -    0s
H    0     0                    34215.000000 33593.1367  1.82%     -    0s
H    0     0                    34054.000000 33593.1367  1.35%     -    0s
     0     0 33632.8279    0   53 34054.0000 33632.8279  1.24%     -    0s
     0     0 33644.9882    0   52 34054.0000 33644.9882  1.20%     -    0s
     0     0 33650.4213    0   54 34054.0000 33650.4213  1.19%     -    0s
     0     0 33672.7147    0   53 34054.0000 33672.7147  1.12%     -    0s
     0     0 33683.2982    0   39 34054.0000 33683.2982  1.09%     -    0s
     0     0 33685.4935    0   39 34054.0000 33685.4935  1.08%     -    0s
     0     0 33703.6181    0   52 34054.0000 33703.6181  1.03%     -    0s
     0     0 33704.4211    0   52 34054.0000 33704.4211  1.03%     -    0s
     0     0 33704.4211    0   52 34054.0000 33704.4211  1.03%     -    0s
     0     0 33704.4211    0   51 34054.0000 33704.4211  1.03%     -    0s
     0     2 33704.4211    0   51 34054.0000 33704.4211  1.03%     -    0s
H   97    36                    33983.000000 33924.0782  0.17%  61.9    0s
*  118     0              11    33981.000000 33934.7042  0.14%  56.2    0s
*  121     0               9    33978.000000 33934.7042  0.13%  55.1    0s
*  129     0              11    33955.000000 33935.0792  0.06%  53.0    0s

Cutting planes:
  Implied bound: 300
  MIR: 115
  Flow cover: 227
  Relax-and-lift: 19

Explored 144 nodes (10305 simplex iterations) in 0.97 seconds (1.10 work units)
Thread count was 32 (of 32 available processors)

Solution count 10: 33955 33978 33981 ... 35283

Optimal solution found (tolerance 0.00e+00)
Best objective 3.395500000000e+04, best bound 3.395500000000e+04, gap 0.0000%
