
Gurobi 13.0.2 (win64) logging started Wed Jul 15 21:47:42 2026

Set parameter LogFile to value "logs/kstar_nI20_nJ20_nK50_nL5_tI3_tJ3_s3_m1_exact_s0_20260715-214742.gurobi.log"
Set parameter Seed to value 0
Set parameter TimeLimit to value 599.988055
Set parameter MIPGap to value 0
Set parameter MIPGapAbs to value 0.5
Set parameter Cutoff to value 1e+100
Gurobi Optimizer version 13.0.2 build v13.0.2rc1 (win64 - Windows 11+.0 (26200.2))

CPU model: Intel(R) Core(TM) i9-14900HX, instruction set [SSE2|AVX|AVX2]
Thread count: 24 physical cores, 32 logical processors, using up to 32 threads

Non-default parameters:
TimeLimit  599.988055
MIPGap  0
MIPGapAbs  0.5
PreCrush  1
LazyConstraints  1

Optimize a model with 10 rows, 45 columns and 200 nonzeros (Min)
Model fingerprint: 0xd8daaf0f
Model has 45 linear objective coefficients
Variable types: 5 continuous, 40 integer (40 binary)
Coefficient statistics:
  Matrix range     [5e+00, 6e+02]
  Objective range  [1e+00, 5e+02]
  Bounds range     [1e+00, 7e+03]
  RHS range        [6e+02, 7e+02]

Using branch priorities.
Presolve removed 2 rows and 0 columns
Presolve time: 0.00s
Presolved: 8 rows, 45 columns, 160 nonzeros
Variable types: 5 continuous, 40 integer (40 binary)

Root relaxation: objective 2.808181e+04, 10 iterations, 0.00 seconds (0.00 work units)

    Nodes    |    Current Node    |     Objective Bounds      |     Work
 Expl Unexpl |  Obj  Depth IntInf | Incumbent    BestBd   Gap | It/Node Time

     0     0 28081.8138    0    4          - 28081.8138      -     -    0s
H    0     0                    144523.00000 28081.8138  80.6%     -    0s
H    0     0                    128088.00000 28081.8138  78.1%     -    0s
H    0     0                    117180.00000 28081.8138  76.0%     -    0s
H    0     0                    104087.00000 28081.8138  73.0%     -    0s
     0     0 28180.2437    0    8 104087.000 28180.2437  72.9%     -    0s
     0     0 28288.5675    0    7 104087.000 28288.5675  72.8%     -    0s
     0     0 28341.2512    0   12 104087.000 28341.2512  72.8%     -    0s
     0     0 28344.3611    0   12 104087.000 28344.3611  72.8%     -    0s
H    0     0                    101346.00000 28344.3611  72.0%     -    0s
H    0     0                    100107.00000 28344.3611  71.7%     -    0s
     0     2 28351.3559    0   13 100107.000 28351.3559  71.7%     -    0s
H 3720  2850                    92937.000000 28503.5768  69.3%   3.1    2s
H 3724  2709                    86849.000000 28503.5768  67.2%   3.1    2s
H 3730  2577                    70950.000000 28512.5874  59.8%   3.1    2s
H 3737  2453                    70508.000000 28536.9581  59.5%   3.1    3s
H 3737  2330                    69406.000000 28536.9581  58.9%   3.1    3s
H 3738  2331                    65404.000000 28536.9581  56.4%   3.1    3s
  4429  2921 28706.5800   25   18 65404.0000 28586.3831  56.3%   4.8    5s
  8675  4780 29027.4086   33   10 65404.0000 28729.5545  56.1%   5.7   10s
 10761  5740 28893.4947   24   17 65404.0000 28759.4268  56.0%   5.8   15s
 16684 10567 29759.6450   38    8 65404.0000 28816.5121  55.9%   6.1   20s
 17879 11333 29283.7480   31   14 65404.0000 28825.4029  55.9%   6.2   25s
 18990 12603 29348.3441   24   10 65404.0000 28839.9646  55.9%   6.3   30s
 22364 15068 29870.4949   32    7 65404.0000 28875.3930  55.9%   6.4   35s
 26282 18472 30310.6006   37    3 65404.0000 28897.8522  55.8%   6.5   41s
 29311 21084 29900.7273   32    5 65404.0000 28925.7859  55.8%   6.5   45s
 32893 24094 29469.7581   23   11 65404.0000 28942.7137  55.7%   6.6   51s
 35675 26188 29203.0695   30   15 65404.0000 28958.0963  55.7%   6.6   55s
 38928 28644 34475.2436   50    2 65404.0000 28975.2607  55.7%   6.5   60s
 41825 30924 30225.8873   39    9 65404.0000 28991.5622  55.7%   6.6   65s
 44776 33454 29948.5433   31   10 65404.0000 29001.4165  55.7%   6.6   70s
 47857 35797 30273.8353   38   10 65404.0000 29013.1565  55.6%   6.6   76s
 51077 38304 29771.7581   31   14 65404.0000 29025.4686  55.6%   6.6   81s
 52766 39585 29428.0907   25   10 65404.0000 29032.7254  55.6%   6.6   85s
 55654 41867 30085.2271   36   12 65404.0000 29043.4568  55.6%   6.6   91s
 58763 43556 30219.4554   38   11 65404.0000 29061.6401  55.6%   6.6   97s
 59049 43619 30084.8310   33   12 65404.0000 29061.6401  55.6%   6.6  109s
 59051 43620 30397.7364   41   30 65404.0000 29061.6401  55.6%   6.6  110s
 59054 43622 32396.3373   45   28 65404.0000 29061.6401  55.6%   6.6  115s
 59063 43628 29810.5025   31   31 65404.0000 29061.6401  55.6%   6.6  121s
 59069 43632 29517.5356   28   30 65404.0000 29061.6401  55.6%   6.6  126s
 59086 43661 29061.6401   30   28 65404.0000 29061.6401  55.6%   6.6  130s
 59166 43730 29061.6401   33   26 65404.0000 29061.6401  55.6%   6.7  136s
 59381 43873 29174.6040   35   24 65404.0000 29061.6401  55.6%   6.7  141s
 59861 44273 29319.0981   39   20 65404.0000 29061.6401  55.6%   6.8  145s
 60350 44489 29499.3154   42   18 65404.0000 29061.6401  55.6%   6.8  150s
 61319 44988 30015.7772   49   11 65404.0000 29061.6401  55.6%   6.9  155s
 62184 45350 60094.0000   66    - 65404.0000 29061.6401  55.6%   6.9  160s
 63361 46254 29636.5355   44   12 65404.0000 29061.6401  55.6%   7.0  165s
 64546 46783 29704.7133   47   13 65404.0000 29061.6401  55.6%   7.0  170s
 66574 47794 29520.1726   43   18 65404.0000 29061.6401  55.6%   7.1  177s
 67206 48214 29722.9756   47   16 65404.0000 29061.6401  55.6%   7.1  180s
 68763 49056 29622.1894   39   15 65404.0000 29074.9527  55.5%   7.2  185s
 70693 50115 29698.6985   48   13 65404.0000 29137.4229  55.5%   7.2  190s
 72841 51019 29799.1927   40   14 65404.0000 29157.5506  55.4%   7.2  195s
 75521 52255 29980.0806   41   16 65404.0000 29169.4638  55.4%   7.2  201s
 76791 52723 30612.8685   53   10 65404.0000 29182.5080  55.4%   7.3  207s
 77715 53291 30879.7829   52    4 65404.0000 29196.0505  55.4%   7.3  211s
 79976 54464 34251.0000   63    - 65404.0000 29216.3269  55.3%   7.3  218s
 81312 55047 29822.1520   44   16 65404.0000 29222.8705  55.3%   7.3  221s
 82520 55533 31040.2734   50    4 65404.0000 29235.1049  55.3%   7.3  226s
 83662 56325 30325.9007   50    9 65404.0000 29241.7171  55.3%   7.3  230s
 86696 57790 33341.8372   60    1 65404.0000 29259.3569  55.3%   7.4  237s
 88294 57623 29553.0565   37   18 65404.0000 29269.6358  55.2%   7.4  242s
 88326 58378 29619.5337   38   17 65404.0000 29269.6358  55.2%   7.4  246s
 89330 59103 29895.7286   42   19 65404.0000 29269.6358  55.2%   7.4  251s
 90969 59912 29908.2531   43   13 65404.0000 29274.0137  55.2%   7.4  256s
 92661 60731 32450.6596   61    2 65404.0000 29285.8291  55.2%   7.5  261s
 94395 61591 30161.4365   49   13 65404.0000 29295.2442  55.2%   7.5  266s
 96190 61994 30770.6201   47    8 65404.0000 29303.2380  55.2%   7.5  272s
 97261 62850 30200.0568   50   13 65404.0000 29303.2380  55.2%   7.5  277s
 98909 63898 30168.9121   46   12 65404.0000 29316.2958  55.2%   7.5  282s
 100938 64741 29659.6865   44   19 65404.0000 29323.4344  55.2%   7.5  287s
 102780 65772 30391.7719   48    9 65404.0000 29332.5843  55.2%   7.5  294s
 104593 66832 30690.5766   48    9 65404.0000 29341.5727  55.1%   7.6  299s
 104986 66791 32614.0000   55    - 65404.0000 29341.5727  55.1%   7.6  300s
 107012 67969 29604.8408   37   19 65404.0000 29343.2173  55.1%   7.6  305s
 109405 69068 29667.2426   42   20 65404.0000 29356.7218  55.1%   7.6  311s
 111801 70115 31347.2407   53    8 65404.0000 29365.1165  55.1%   7.6  318s
 114183 71154 29654.2465   38   17 65404.0000 29374.1104  55.1%   7.6  324s
 116031 70999 30102.7542   40   15 65404.0000 29374.8301  55.1%   7.6  325s
 116886 72522 29457.5984   41   19 65404.0000 29380.0664  55.1%   7.6  331s
 119406 73476 30696.7034   50    2 65404.0000 29382.6263  55.1%   7.6  340s
 122108 74623 30264.6664   43   16 65404.0000 29395.3809  55.1%   7.6  347s
 124988 76061 31069.7190   52    6 65404.0000 29399.7947  55.0%   7.6  355s
 127722 77437 30095.0291   42   15 65404.0000 29411.2020  55.0%   7.6  364s
 130655 78629 31249.7672   51   10 65404.0000 29419.8040  55.0%   7.6  373s
 133324 80207 30042.8443   46   11 65404.0000 29426.6947  55.0%   7.6  381s
 136054 80035 41522.0000   65    - 65404.0000 29430.3089  55.0%   7.7  392s
 136595 81683 29777.6650   39   19 65404.0000 29431.0241  55.0%   7.7  402s
 139500 82975 34323.3388   61    2 65404.0000 29437.9974  55.0%   7.7  415s
 142326 82792 30356.2932   48   12 65404.0000 29445.4045  55.0%   7.7  427s
 142693 83623 30447.6493   49   12 65404.0000 29445.4636  55.0%   7.7  437s
 144101 84604 30565.6264   50   10 65404.0000 29446.2135  55.0%   7.7  448s
 145992 85608 30681.4514   51    9 65404.0000 29450.0256  55.0%   7.7  459s
 147899 86637 30760.0694   52    8 65404.0000 29452.5183  55.0%   7.7  470s
 150332 87740 30891.8971   53    6 65404.0000 29455.4583  55.0%   7.7  485s
 152663 88902 30980.3928   54    4 65404.0000 29462.5570  55.0%   7.7  497s
 155143 90003 30239.2265   43   14 65404.0000 29471.6129  54.9%   7.7  508s
 157568 91140 31796.8805   54    1 65404.0000 29476.2891  54.9%   7.7  523s
 160120 92307 30806.0778   47    3 65404.0000 29484.2329  54.9%   7.7  535s
 163446 93832 29837.2438   40   17 65404.0000 29490.5388  54.9%   7.7  547s
 166965 95092 30454.0073   47   14 65404.0000 29497.2547  54.9%   7.7  559s
 168381 94928 30356.4202   43    9 65404.0000 29498.1892  54.9%   7.7  560s
 169734 96445 29990.5427   42   16 65404.0000 29502.7524  54.9%   7.7  570s
 172453 97666 29954.9463   41   12 65404.0000 29508.8594  54.9%   7.7  584s
 175118 98860 29914.0481   41   18 65404.0000 29513.7741  54.9%   7.7  597s
 177480 98600 30277.1042   45   17 65404.0000 29520.0866  54.9%   7.7  600s

Cutting planes:
  Gomory: 3
  Cover: 2
  MIR: 19
  Flow cover: 2

Explored 177607 nodes (1372166 simplex iterations) in 600.48 seconds (266.38 work units)
Thread count was 32 (of 32 available processors)

Solution count 9: 65404 70508 70950 ... 117180

Time limit reached
Best objective 6.540400000000e+04, best bound 2.952008664768e+04, gap 54.8650%

User-callback calls 378311, time in user-callback 32.68 sec
