
Gurobi 13.0.2 (win64) logging started Thu Jul 16 21:44:14 2026

Set parameter LogFile to value "logs/kstar_nI40_nJ20_nK100_nL5_tI2_tJ2_s1_m1_exact_s0_20260716-214414.gurobi.log"
Set parameter Seed to value 0
Set parameter TimeLimit to value 599.9805502
Set parameter MIPGap to value 0
Set parameter MIPGapAbs to value 0.5
Set parameter Cutoff to value 1e+100
Gurobi Optimizer version 13.0.2 build v13.0.2rc1 (win64 - Windows 11+.0 (26200.2))

CPU model: Intel(R) Core(TM) i9-14900HX, instruction set [SSE2|AVX|AVX2]
Thread count: 24 physical cores, 32 logical processors, using up to 32 threads

Non-default parameters:
TimeLimit  599.9805502
MIPGap  0
MIPGapAbs  0.5
PreCrush  1
LazyConstraints  1

Optimize a model with 10 rows, 65 columns and 300 nonzeros (Min)
Model fingerprint: 0xadea5a70
Model has 65 linear objective coefficients
Variable types: 5 continuous, 60 integer (60 binary)
Coefficient statistics:
  Matrix range     [4e+00, 1e+03]
  Objective range  [1e+00, 5e+02]
  Bounds range     [1e+00, 1e+04]
  RHS range        [1e+03, 1e+03]

Using branch priorities.
Presolve removed 6 rows and 0 columns
Presolve time: 0.00s
Presolved: 4 rows, 65 columns, 120 nonzeros
Variable types: 5 continuous, 60 integer (60 binary)

Root relaxation: objective 5.194466e+04, 6 iterations, 0.00 seconds (0.00 work units)

    Nodes    |    Current Node    |     Objective Bounds      |     Work
 Expl Unexpl |  Obj  Depth IntInf | Incumbent    BestBd   Gap | It/Node Time

     0     0 51944.6563    0    3          - 51944.6563      -     -    0s
H    0     0                    439209.00000 51944.6563  88.2%     -    0s
H    0     0                    376434.00000 51944.6563  86.2%     -    0s
H    0     0                    360165.00000 51944.6563  85.6%     -    0s
H    0     0                    343712.00000 51944.6563  84.9%     -    0s
H    0     0                    292131.00000 51944.6563  82.2%     -    0s
H    0     0                    252918.00000 51944.6563  79.5%     -    0s
     0     0 52015.6105    0    9 252918.000 52015.6105  79.4%     -    0s
     0     0 52015.8189    0    9 252918.000 52015.8189  79.4%     -    0s
H    0     0                    196566.00000 52028.6409  73.5%     -    0s
     0     2 52039.8065    0   12 196566.000 52039.8065  73.5%     -    0s
H 3748  3026                    194897.00000 52181.2484  73.2%   2.4    3s
  4018  3290 52358.6906   20   20 194897.000 52181.2484  73.2%   3.2    5s
  6290  4472 139345.000   66    - 194897.000 52181.2484  73.2%   3.9   10s
* 6369  4272              68    135942.00000 52181.2484  61.6%   3.9   10s
  9143  5599 52548.8907   28    9 135942.000 52258.7889  61.6%   4.1   15s
 12856  7441 52548.3513   23   14 135942.000 52272.8849  61.5%   4.1   20s
 16301 10332 53188.2096   31    3 135942.000 52308.7981  61.5%   4.2   25s
 18728 11972 52738.3197   29   11 135942.000 52318.1380  61.5%   4.2   30s
 19030 12302 53225.4059   32    5 135942.000 52318.1380  61.5%   4.2   36s
 19455 12559 53995.5809   44    1 135942.000 52328.7974  61.5%   4.2   40s
 20043 13192 53203.3680   36    5 135942.000 52328.7974  61.5%   4.2   45s
 20868 13814 53081.1165   30    4 135942.000 52342.9331  61.5%   4.2   50s
 22225 14932 52718.2141   26   17 135942.000 52359.7602  61.5%   4.2   55s
 24419 16527 53431.1031   51    5 135942.000 52369.9046  61.5%   4.1   60s
 27338 18268 55467.0112   45    2 135942.000 52383.1038  61.5%   4.0   65s
 29516 20723 53234.3724   34    4 135942.000 52391.9638  61.5%   4.1   70s
 33484 23949 53861.2917   43    5 135942.000 52411.7479  61.4%   4.0   76s
 37001 26858 53226.9345   31   10 135942.000 52420.9180  61.4%   4.0   82s
 38966 28349 52567.1012   25   16 135942.000 52436.6492  61.4%   4.0   86s
 42958 30398 52690.9576   26   14 135942.000 52444.1593  61.4%   4.0   90s
 44945 32813 52890.6786   27   10 135942.000 52445.4491  61.4%   4.0   96s
 46368 34252 53576.8875   34    9 135942.000 52448.5419  61.4%   4.0  100s
 49336 36233 53089.5859   27    9 135942.000 52460.5646  61.4%   4.0  105s
 52856 39433 53185.3529   34   12 135942.000 52472.5584  61.4%   4.0  113s
 54894 39849 53618.0000   54    9 135942.000 52481.0714  61.4%   4.0  132s
 54900 39853 53683.2581   43   24 135942.000 52481.0714  61.4%   4.0  135s
H54903 37862                    120616.00000 52481.0714  56.5%   4.0  137s
 54912 37868 55734.0000   66   27 120616.000 52481.0714  56.5%   4.0  140s
H54913 35975                    119460.00000 52481.0714  56.1%   4.0  141s
H54914 35975                    117639.00000 52481.0714  55.4%   4.0  142s
 54919 35979 53416.8545   46   29 117639.000 52481.0714  55.4%   4.0  146s
 54953 36034 52481.0714   30   24 117639.000 52481.0714  55.4%   4.0  150s
 55170 36211 52585.7465   33   21 117639.000 52481.0714  55.4%   4.1  156s
 55623 36562 52630.5911   35   19 117639.000 52481.0714  55.4%   4.2  160s
 56209 36945 52591.2941   39   20 117639.000 52481.0714  55.4%   4.2  165s
 56863 37255 52773.7813   41   15 117639.000 52481.0714  55.4%   4.2  170s
 57977 37762 52989.1213   45   13 117639.000 52481.0714  55.4%   4.2  175s
 59233 38507 53445.9665   54    4 117639.000 52481.0714  55.4%   4.2  181s
 60255 39145 53776.7250   68    1 117639.000 52481.0714  55.4%   4.2  185s
 61568 39624 53124.4138   38   13 117639.000 52512.8940  55.4%   4.2  192s
 62041 39750 53222.3209   40   14 117639.000 52512.8940  55.4%   4.2  197s
 62247 40086 53223.8817   41   12 117639.000 52519.6335  55.4%   4.2  200s
 63552 41003 53408.1929   43   13 117639.000 52556.6688  55.3%   4.2  208s
 64475 41257 53449.1129   44   11 117639.000 52584.8892  55.3%   4.2  211s
 65055 41733 53563.9195   45   13 117639.000 52606.9919  55.3%   4.3  215s
 66171 41936 57525.8134   75    1 117639.000 52610.8696  55.3%   4.3  222s
 66727 42571 57591.0135   76    1 117639.000 52610.8696  55.3%   4.3  225s
 68906 42866 53092.6269   38   18 117639.000 52640.9456  55.3%   4.2  231s
 69984 43934 53492.0918   41   12 117639.000 52650.7061  55.2%   4.2  238s
 71036 44517 52911.2860   35   14 117639.000 52674.4485  55.2%   4.2  241s
 72133 44848 52950.3903   40   10 117639.000 52683.6197  55.2%   4.3  245s
 74115 45952 53037.4843   43   10 117639.000 52690.0947  55.2%   4.3  254s
 75499 46951 53277.5764   40    7 117639.000 52702.9739  55.2%   4.3  258s
 77260 47660 53043.6038   42   14 117639.000 52702.9739  55.2%   4.2  262s
 78843 47840 53360.3701   48    7 117639.000 52717.2432  55.2%   4.2  268s
 79548 48789 53397.2854   49    6 117639.000 52717.2432  55.2%   4.2  272s
 81370 49613 52956.6380   36   10 117639.000 52726.2398  55.2%   4.2  278s
 83021 50556 53089.6757   41   14 117639.000 52737.1521  55.2%   4.3  283s
 84925 51697 54290.1147   61    2 117639.000 52740.7370  55.2%   4.2  288s
 87144 52771 52892.9169   40   14 117639.000 52748.4337  55.2%   4.2  294s
 89034 52465 52990.7631   38   12 117639.000 52752.5828  55.2%   4.2  295s
 89301 53928 53192.1923   44   11 117639.000 52753.9000  55.2%   4.2  300s
 91521 55048 75107.0714   65    2 117639.000 52764.0197  55.1%   4.2  306s
 93851 54928 54521.5190   73    2 117639.000 52772.0428  55.1%   4.2  314s
 94204 55711 64337.7781   80    1 117639.000 52772.0428  55.1%   4.2  320s
 95415 56236 53491.7860   48    2 117639.000 52773.1641  55.1%   4.3  326s
 96869 57425 52905.4060   36   19 117639.000 52773.1641  55.1%   4.3  334s
 99137 57144 53055.4096   41   10 117639.000 52784.6248  55.1%   4.2  335s
 99139 58702 52898.0484   39   17 117639.000 52784.6248  55.1%   4.2  342s
 101703 59842 55098.0085   71    2 117639.000 52792.5428  55.1%   4.2  350s
 104177 60927 52990.2996   46   13 117639.000 52795.1069  55.1%   4.2  358s
 107076 62639 53661.7568   63    2 117639.000 52798.2772  55.1%   4.2  367s
 110086 62267 58611.4248   74    2 117639.000 52805.0552  55.1%   4.2  374s
 110229 63762 58774.8661   75    1 117639.000 52805.0552  55.1%   4.2  383s
 112736 65502 52945.8064   40   13 117639.000 52813.2522  55.1%   4.2  392s
 115824 67095 53026.9811   39   10 117639.000 52817.4342  55.1%   4.2  402s
 119087 68593 53509.2385   46    7 117639.000 52824.4719  55.1%   4.2  413s
 122136 70462 52932.6662   36   16 117639.000 52831.7401  55.1%   4.2  424s
 125538 72084 53278.1337   41    8 117639.000 52837.8435  55.1%   4.2  436s
 128877 73370 53333.1914   43   12 117639.000 52844.1102  55.1%   4.2  447s
 131682 75223 64467.0000   82    - 117639.000 52849.3154  55.1%   4.2  460s
 135182 76912 52976.5586   42   14 117639.000 52854.9084  55.1%   4.2  472s
 139005 78059 59671.6305   77    3 117639.000 52858.4381  55.1%   4.2  484s
 139194 78045 54398.3283   63    2 117639.000 52858.4381  55.1%   4.2  485s
 142461 79820 54449.9476   71    3 117639.000 52862.6259  55.1%   4.2  497s
 145910 81019 53835.4401   67    1 117639.000 52868.8920  55.1%   4.2  510s
 149027 82639 52966.8347   49   12 117639.000 52870.7146  55.1%   4.2  523s
 152183 84340 53614.5488   56    3 117639.000 52873.7298  55.1%   4.2  538s
 155453 85985 78443.0316   82    2 117639.000 52878.3014  55.1%   4.2  551s
 158891 87620 53102.5814   44   14 117639.000 52884.6245  55.0%   4.2  564s
 159775 87483 54005.2577   58    2 117639.000 52884.8161  55.0%   4.2  565s
 162168 89248 53765.5153   48    8 117639.000 52889.6488  55.0%   4.2  578s
 165178 89570 53215.5023   41   10 117639.000 52890.6074  55.0%   4.2  580s
 165566 91472 54934.1132   66    2 117639.000 52892.6797  55.0%   4.2  591s
 168408 93088 53831.6780   48   15 117639.000 52896.1631  55.0%   4.2  600s

Cutting planes:
  MIR: 15
  Flow cover: 9

Explored 170288 nodes (707514 simplex iterations) in 602.04 seconds (225.97 work units)
Thread count was 32 (of 32 available processors)

Solution count 10: 117639 119460 120616 ... 360165

Time limit reached
Best objective 1.176390000000e+05, best bound 5.289643595415e+04, gap 55.0349%

User-callback calls 359678, time in user-callback 82.93 sec
