
Gurobi 13.0.2 (win64) logging started Fri Jul 17 05:56:36 2026

Set parameter LogFile to value "logs/kstar_nI40_nJ20_nK50_nL10_tI6_tJ6_s5_m1_exact_s0_20260717-055636.gurobi.log"
Set parameter Seed to value 0
Set parameter TimeLimit to value 599.9766244
Set parameter MIPGap to value 0
Set parameter MIPGapAbs to value 0.5
Set parameter Cutoff to value 1e+100
Gurobi Optimizer version 13.0.2 build v13.0.2rc1 (win64 - Windows 11+.0 (26200.2))

CPU model: Intel(R) Core(TM) i9-14900HX, instruction set [SSE2|AVX|AVX2]
Thread count: 24 physical cores, 32 logical processors, using up to 32 threads

Non-default parameters:
TimeLimit  599.9766244
MIPGap  0
MIPGapAbs  0.5
PreCrush  1
LazyConstraints  1

Optimize a model with 20 rows, 70 columns and 600 nonzeros (Min)
Model fingerprint: 0x59564135
Model has 70 linear objective coefficients
Variable types: 10 continuous, 60 integer (60 binary)
Coefficient statistics:
  Matrix range     [1e+00, 7e+02]
  Objective range  [1e+00, 5e+02]
  Bounds range     [1e+00, 5e+03]
  RHS range        [6e+02, 7e+02]

Using branch priorities.
Presolve removed 18 rows and 0 columns
Presolve time: 0.00s
Presolved: 2 rows, 70 columns, 60 nonzeros
Variable types: 10 continuous, 60 integer (60 binary)

Root relaxation: objective 4.738849e+04, 6 iterations, 0.00 seconds (0.00 work units)

    Nodes    |    Current Node    |     Objective Bounds      |     Work
 Expl Unexpl |  Obj  Depth IntInf | Incumbent    BestBd   Gap | It/Node Time

     0     0 47388.4870    0    3          - 47388.4870      -     -    0s
H    0     0                    151377.00000 47388.4870  68.7%     -    0s
H    0     0                    142203.00000 47388.4870  66.7%     -    0s
H    0     0                    135979.00000 47388.4870  65.2%     -    0s
H    0     0                    133848.00000 47388.4870  64.6%     -    0s
     0     0 47562.4223    0    7 133848.000 47562.4223  64.5%     -    0s
     0     0 47656.5006    0    9 133848.000 47656.5006  64.4%     -    0s
     0     0 47728.5452    0    9 133848.000 47728.5452  64.3%     -    0s
     0     0 47733.3017    0    9 133848.000 47733.3017  64.3%     -    0s
H    0     0                    125808.00000 47733.3017  62.1%     -    0s
H    0     0                    121950.00000 47733.3017  60.9%     -    0s
     0     2 47822.5183    0    9 121950.000 47822.5183  60.8%     -    0s
H 3167  2720                    115752.00000 48102.8481  58.4%   3.5    1s
H 3169  2585                    102982.00000 48215.4365  53.2%   3.5    2s
H 3174  2459                    94099.000000 48215.4365  48.8%   3.5    2s
H 3181  2340                    91511.000000 48248.7269  47.3%   3.5    3s
H 3181  2223                    90884.000000 48248.7269  46.9%   3.5    3s
H 3182  2224                    90424.000000 48248.7269  46.6%   3.5    3s
  3201  2236 48823.0000   41   23 90424.0000 48300.2441  46.6%   3.4    5s
  7803  4799 49843.1853   26   10 90424.0000 48678.9935  46.2%   5.5   10s
 14534  9887 49448.4253   24   16 90424.0000 48806.1953  46.0%   5.5   15s
 18250 13135 50947.6306   37    5 90424.0000 48856.3157  46.0%   5.5   20s
 20363 14884 51157.3480   46    2 90424.0000 48892.0900  45.9%   5.5   25s
 22849 17005 50622.9434   30   11 90424.0000 48909.9316  45.9%   5.5   30s
 24578 18623 50706.3255   32   11 90424.0000 48931.3711  45.9%   5.5   35s
 27847 21047 50515.1450   28   14 90424.0000 49022.4746  45.8%   5.6   40s
 31245 24699 50157.0718   32   13 90424.0000 49061.5503  45.7%   5.6   46s
 34954 28135 51304.2986   42    5 90424.0000 49079.0353  45.7%   5.7   51s
 37126 30244 53203.2984   50    3 90424.0000 49102.0891  45.7%   5.8   55s
 40233 32730 53065.4517   55    5 90424.0000 49130.9833  45.7%   5.8   60s
 43285 35371 50477.3383   27   16 90424.0000 49189.0935  45.6%   5.7   65s
 46614 37796 50258.9006   31   14 90424.0000 49205.0559  45.6%   5.7   70s
 48690 39810 51491.4493   49    2 90424.0000 49212.7099  45.6%   5.8   77s
 51600 41419 56513.0000   69    - 90424.0000 49246.6128  45.5%   5.8   80s
 53185 42734 51268.5653   37    9 90424.0000 49246.6128  45.5%   5.8   92s
H53186 40598                    80717.000000 49246.6128  39.0%   5.8   93s
 53188 40599 62574.0000   65   33 80717.0000 49246.6128  39.0%   5.8   96s
H53192 38572                    76753.000000 49246.6128  35.8%   5.8  101s
 53201 38578 50128.6562   25   35 76753.0000 49246.6128  35.8%   5.8  105s
H53208 36652                    76674.000000 49246.6128  35.8%   5.8  111s
H53210 34821                    75698.000000 49246.6128  34.9%   5.8  114s
H53210 33079                    75380.000000 49246.6128  34.7%   5.8  114s
 53212 33080 50963.4217   41   35 75380.0000 49246.6128  34.7%   5.8  116s
 53217 33083 50133.1285   36   37 75380.0000 49246.6128  34.7%   5.8  121s
 53226 33098 49922.8112   28   29 75380.0000 49246.6128  34.7%   5.9  125s
 53392 33265 51178.1689   33   27 75380.0000 49360.4885  34.5%   6.0  131s
 53773 33562 51909.0783   36   24 75380.0000 49360.4885  34.5%   6.1  135s
 54466 33889     cutoff   78      75380.0000 49360.4885  34.5%   6.2  140s
 55930 34884 53278.6745   51    6 75380.0000 49527.6588  34.3%   6.3  145s
 58035 36206 50029.9713   34   22 75380.0000 49684.2515  34.1%   6.3  150s
 60119 36970 51610.0757   48   16 75380.0000 49765.2916  34.0%   6.4  156s
 61739 37729 51483.3286   58    7 75380.0000 49818.7994  33.9%   6.4  161s
 62807 38656 50891.6053   41   17 75380.0000 49822.7578  33.9%   6.5  166s
 64131 39548 50805.4567   36   19 75380.0000 49888.3687  33.8%   6.5  170s
 67092 40463 50424.0979   38   23 75380.0000 49931.8228  33.8%   6.6  176s
 67507 40953 50521.0220   40   23 75380.0000 49932.6555  33.8%   6.6  180s
 68598 41746 50596.3408   42   22 75380.0000 50020.5723  33.6%   6.6  185s
 70439 42807 50784.3855   44   22 75380.0000 50028.9078  33.6%   6.7  190s
 72339 43782 51206.6361   46   18 75380.0000 50061.6393  33.6%   6.7  196s
 74721 45451 50385.6534   36   25 75380.0000 50089.9021  33.6%   6.8  201s
 76440 46111 51800.3066   54   13 75380.0000 50089.9021  33.6%   6.8  205s
 78007 46575 50885.7224   42   19 75380.0000 50129.6244  33.5%   6.8  211s
 79922 47758 50706.3649   43   20 75380.0000 50154.8969  33.5%   6.9  218s
 80986 48545 50973.2554   43   23 75380.0000 50161.1423  33.5%   6.9  221s
 82248 49105 50777.4425   44   18 75380.0000 50161.1423  33.5%   7.0  225s
 84749 50653 50929.2720   44   19 75380.0000 50210.3208  33.4%   7.0  233s
 86225 51338 51671.2020   53   10 75380.0000 50223.0428  33.4%   7.1  237s
 87608 52397 51296.7521   43   21 75380.0000 50236.8448  33.4%   7.1  241s
 89386 52069 51217.7950   43   27 75380.0000 50259.9625  33.3%   7.2  245s
 90443 53530 51377.8310   45   22 75380.0000 50269.0919  33.3%   7.2  253s
 91789 54208 51768.6393   46   25 75380.0000 50270.2479  33.3%   7.2  258s
 93119 54803 51776.8241   47   24 75380.0000 50273.5834  33.3%   7.3  264s
 94274 55731 51907.6980   48   22 75380.0000 50286.1759  33.3%   7.3  269s
 95954 56664 52289.8638   54   18 75380.0000 50295.7413  33.3%   7.3  274s
 97690 57647 51789.7562   45   22 75380.0000 50313.2274  33.3%   7.4  280s
 99397 58929 51570.2896   46   24 75380.0000 50323.7959  33.2%   7.4  286s
 101615 59935 54536.7524   70    5 75380.0000 50334.3434  33.2%   7.5  292s
 103597 61026 52122.9621   46   21 75380.0000 50360.2620  33.2%   7.5  298s
 105699 62049 51797.8590   46   18 75380.0000 50367.1835  33.2%   7.6  305s
 107677 63381 51539.3610   45   22 75380.0000 50367.1835  33.2%   7.6  311s
 110008 64667 51377.9593   38   27 75380.0000 50403.3243  33.1%   7.7  317s
 112409 65987 52071.2240   52   12 75380.0000 50403.7704  33.1%   7.7  324s
 114818 67097 52236.5340   45   22 75380.0000 50411.2934  33.1%   7.8  332s
 117609 68199 50950.7898   33   27 75380.0000 50436.8995  33.1%   7.8  340s
 120196 69628 51011.3375   38   31 75380.0000 50439.6700  33.1%   7.8  348s
 122588 70723 51554.3654   46   27 75380.0000 50458.2816  33.1%   7.9  357s
 124661 71999 51654.7894   47   19 75380.0000 50459.1144  33.1%   7.9  365s
 127423 73649 51099.1323   40   28 75380.0000 50480.0517  33.0%   7.9  373s
 130253 74799 51307.9741   40   35 75380.0000 50483.4487  33.0%   8.0  382s
 133053 75975 52887.8479   56   10 75380.0000 50502.3303  33.0%   8.0  392s
 135071 77456 51158.3895   37   31 75380.0000 50511.7266  33.0%   8.1  400s
 137631 78558 50994.8365   34   28 75380.0000 50511.7266  33.0%   8.1  410s
 139865 79928 52537.8686   59    6 75380.0000 50513.3168  33.0%   8.2  420s
 142453 81119 53864.5027   75    2 75380.0000 50533.7425  33.0%   8.2  430s
 144831 82445 51365.2367   39   20 75380.0000 50542.2603  33.0%   8.2  439s
 147471 83574 52889.4621   53   12 75380.0000 50554.8567  32.9%   8.3  450s
 149602 85037 52576.1492   55   10 75380.0000 50564.0958  32.9%   8.3  461s
 152093 86114 52855.1223   56   18 75380.0000 50564.0958  32.9%   8.4  472s
 154447 88019 51118.0489   38   26 75380.0000 50583.2285  32.9%   8.4  482s
 157429 90366 51546.1413   38   24 75380.0000 50593.1203  32.9%   8.4  492s
 159847 92227 51259.6611   38   30 75380.0000 50601.9614  32.9%   8.4  504s
 161962 92615 51406.1638   42   22 75380.0000 50603.3428  32.9%   8.5  514s
 162092 93158 51647.6367   43   24 75380.0000 50603.3428  32.9%   8.5  525s
 162865 94062 51650.1955   44   24 75380.0000 50609.3125  32.9%   8.5  536s
 163979 95104 51705.7597   45   19 75380.0000 50611.7341  32.9%   8.5  547s
 165120 96534 52006.9741   48   14 75380.0000 50615.4744  32.9%   8.5  558s
 166964 98428 62164.4028   72    2 75380.0000 50619.0479  32.8%   8.6  569s
 168163 98606 51442.3932   43   27 75380.0000 50619.6723  32.8%   8.6  570s
 169194 100167 52053.0836   45   27 75380.0000 50627.5443  32.8%   8.6  580s
 171232 101681 51905.9471   42   31 75380.0000 50631.3830  32.8%   8.6  593s
 173088 102881 54801.3081   73    3 75380.0000 50639.4159  32.8%   8.6  600s

Cutting planes:
  Gomory: 5
  MIR: 10
  Flow cover: 5

Explored 174388 nodes (1509070 simplex iterations) in 601.60 seconds (279.24 work units)
Thread count was 32 (of 32 available processors)

Solution count 10: 75380 76674 76753 ... 125808

Time limit reached
Best objective 7.538000000000e+04, best bound 5.064234306252e+04, gap 32.8173%

User-callback calls 376116, time in user-callback 26.78 sec
