
Gurobi 13.0.2 (win64) logging started Fri Jul 17 15:29:30 2026

Set parameter LogFile to value "logs/kstar_nI40_nJ40_nK100_nL5_tI3_tJ3_s2_m1_exact_s0_20260717-152930.gurobi.log"
Set parameter Seed to value 0
Set parameter TimeLimit to value 599.9632519
Set parameter MIPGap to value 0
Set parameter MIPGapAbs to value 0.5
Set parameter Cutoff to value 1e+100
Gurobi Optimizer version 13.0.2 build v13.0.2rc1 (win64 - Windows 11+.0 (26200.2))

CPU model: Intel(R) Core(TM) i9-14900HX, instruction set [SSE2|AVX|AVX2]
Thread count: 24 physical cores, 32 logical processors, using up to 32 threads

Non-default parameters:
TimeLimit  599.9632519
MIPGap  0
MIPGapAbs  0.5
PreCrush  1
LazyConstraints  1

Optimize a model with 10 rows, 85 columns and 400 nonzeros (Min)
Model fingerprint: 0xbf7d90a2
Model has 85 linear objective coefficients
Variable types: 5 continuous, 80 integer (80 binary)
Coefficient statistics:
  Matrix range     [6e+00, 1e+03]
  Objective range  [1e+00, 5e+02]
  Bounds range     [1e+00, 7e+03]
  RHS range        [1e+03, 1e+03]

Using branch priorities.
Presolve removed 1 rows and 0 columns
Presolve time: 0.00s
Presolved: 9 rows, 85 columns, 360 nonzeros
Variable types: 5 continuous, 80 integer (80 binary)

Root relaxation: objective 3.505311e+04, 9 iterations, 0.00 seconds (0.00 work units)

    Nodes    |    Current Node    |     Objective Bounds      |     Work
 Expl Unexpl |  Obj  Depth IntInf | Incumbent    BestBd   Gap | It/Node Time

     0     0 35053.1082    0    5          - 35053.1082      -     -    0s
H    0     0                    304673.00000 35053.1082  88.5%     -    0s
H    0     0                    269189.00000 35053.1082  87.0%     -    0s
H    0     0                    267835.00000 35053.1082  86.9%     -    0s
H    0     0                    256590.00000 35053.1082  86.3%     -    0s
H    0     0                    250988.00000 35053.1082  86.0%     -    0s
H    0     0                    237004.00000 35053.1082  85.2%     -    0s
     0     0 35166.8752    0    6 237004.000 35166.8752  85.2%     -    0s
     0     0 35239.8149    0    7 237004.000 35239.8149  85.1%     -    0s
H    0     0                    202760.00000 35252.8835  82.6%     -    0s
     0     0 35314.1832    0   10 202760.000 35314.1832  82.6%     -    0s
     0     0 35320.5039    0   10 202760.000 35320.5039  82.6%     -    0s
     0     2 35337.8484    0   14 202760.000 35337.8484  82.6%     -    0s
  3209  2945 35529.6336    8   10 202760.000 35388.8378  82.5%   2.6    6s
H 3210  2798                    193415.00000 35388.8378  81.7%   2.6    6s
H 3222  2666                    172950.00000 35430.9752  79.5%   2.6    8s
  3325  2837 35526.5443   16   15 172950.000 35498.2300  79.5%   3.3   10s
  4354  3551 35808.5377   26    9 172950.000 35498.2300  79.5%   4.4   15s
  5597  4288 36113.1015   37    8 172950.000 35498.2300  79.5%   4.3   20s
  7952  5446 39641.4383   65    1 172950.000 35554.6382  79.4%   4.1   25s
  9489  6408 35689.2801   25   16 172950.000 35576.6378  79.4%   4.1   30s
 12085  8053 48125.0000   75    - 172950.000 35582.3824  79.4%   3.9   35s
 14930 10171 43357.0000   84    - 172950.000 35619.4242  79.4%   3.8   40s
 16608 11438 35669.2034   26   16 172950.000 35623.7008  79.4%   3.7   45s
 16852 11646 35694.3278   29   15 172950.000 35623.7008  79.4%   3.7   50s
 17224 12274 35765.6300   41    9 172950.000 35636.8131  79.4%   3.7   55s
 18865 13436 35856.2429   25   18 172950.000 35651.1197  79.4%   3.6   60s
 20952 15258 37255.5297   46    1 172950.000 35653.6191  79.4%   3.5   65s
 23818 17638 37256.1200   49    1 172950.000 35653.6191  79.4%   3.4   70s
 25905 19128 35716.7246   21   18 172950.000 35670.0168  79.4%   3.4   75s
 26680 20048 35853.4723   24   16 172950.000 35670.0168  79.4%   3.4   81s
 28226 21406 35886.5888   26   16 172950.000 35670.0168  79.4%   3.4   86s
 28955 22542 35932.0934   27   11 172950.000 35681.5934  79.4%   3.4   90s
 31947 25145 35993.4023   29   14 172950.000 35697.4885  79.4%   3.3   96s
 33351 26141 36001.2015   30   13 172950.000 35700.2061  79.4%   3.4  100s
 36521 29115 36063.3716   32   11 172950.000 35704.3618  79.4%   3.4  107s
 38129 30357 36095.0029   33   10 172950.000 35706.8460  79.4%   3.4  110s
 41278 32329 61543.0000   78    - 172950.000 35717.2060  79.3%   3.4  115s
 43300 33854 37182.0000   59    - 172950.000 35717.2060  79.3%   3.4  120s
 45833 37360 36423.2763   37    5 172950.000 35724.1414  79.3%   3.3  126s
 48177 39240 36489.7544   38    3 172950.000 35735.8688  79.3%   3.3  130s
 50322 39560 36955.0000   42   10 172950.000 35742.1599  79.3%   3.3  141s
H50323 37582                    125507.00000 35742.1599  71.5%   3.3  142s
 50324 37582 37315.0000   50   23 125507.000 35742.1599  71.5%   3.3  148s
 50326 37584 36223.4726   39   25 125507.000 35742.1599  71.5%   3.3  150s
 50329 37586 37486.0000   62   25 125507.000 35742.1599  71.5%   3.3  156s
 50337 37591 37047.0000   56   25 125507.000 35742.1599  71.5%   3.3  161s
 50342 37594 36492.0000   29   25 125507.000 35742.1599  71.5%   3.3  165s
 50349 37599 36140.9118   32   23 125507.000 35742.1599  71.5%   3.3  171s
 50353 37602 37044.5262   60   27 125507.000 35742.1599  71.5%   3.3  176s
 50357 37607 35742.1599   23   26 125507.000 35742.1599  71.5%   3.3  180s
 50451 37753 35742.1599   29   20 125507.000 35742.1599  71.5%   3.4  185s
 50849 38033 35827.1973   32   17 125507.000 35742.1599  71.5%   3.5  190s
 51023 38081 35742.1599   34   20 125507.000 35742.1599  71.5%   3.5  196s
 51095 38198 35742.1599   35   22 125507.000 35742.1599  71.5%   3.6  200s
 51445 38465 35895.2721   36   18 125507.000 35742.1599  71.5%   3.6  205s
 52136 38873 35884.1662   39   18 125507.000 35742.1599  71.5%   3.6  210s
 53041 39453 36023.8192   42   14 125507.000 35742.1599  71.5%   3.7  215s
 53788 39848 36239.2189   46    8 125507.000 35742.1599  71.5%   3.7  220s
 54822 40301 56549.3770   91    2 125507.000 35742.1599  71.5%   3.7  225s
 55739 40753 56768.0000   90    - 125507.000 35742.1599  71.5%   3.7  230s
 56714 41385 82149.0000  100    - 125507.000 35742.1599  71.5%   3.7  235s
 57628 42163 52165.0000   88    - 125507.000 35742.1599  71.5%   3.7  240s
 59012 42826 37777.1502   66    3 125507.000 35742.1599  71.5%   3.7  247s
 59742 43193 59938.0000   96    - 125507.000 35742.1599  71.5%   3.7  250s
 61048 44027 36058.0919   44   10 125507.000 35742.1599  71.5%   3.8  256s
 62860 44837 37394.4687   68    2 125507.000 35742.1599  71.5%   3.8  262s
 63582 44727 59254.0000   92    - 125507.000 35769.0499  71.5%   3.8  266s
 63639 44765 35898.1475   37   20 125507.000 35769.0499  71.5%   3.8  272s
 63691 44796 35924.6900   38   21 125507.000 35769.0499  71.5%   3.8  276s
 63743 45160 35929.2708   39   19 125507.000 35769.0499  71.5%   3.8  282s
 64288 45585 35935.7889   40   17 125507.000 35769.0499  71.5%   3.8  286s
 64877 46215 36044.5272   49   16 125507.000 35769.0499  71.5%   3.8  291s
 66186 46678 37878.6635   75    1 125507.000 35769.0499  71.5%   3.8  295s
 67187 47501 35923.5308   42   15 125507.000 35781.8261  71.5%   3.8  300s
 69534 48168 36124.3685   47   13 125507.000 35813.8731  71.5%   3.8  305s
 71646 48926 36159.1032   32   15 125507.000 35813.8731  71.5%   3.8  315s
 71766 49845 36221.3550   33   17 125507.000 35813.8731  71.5%   3.8  320s
 73089 50617 38047.8184   90    2 125507.000 35814.0864  71.5%   3.9  326s
 74619 51712 36057.1194   47   12 125507.000 35814.0864  71.5%   3.9  332s
 76359 52620 35984.1856   35   15 125507.000 35824.5215  71.5%   3.9  338s
 78027 53413 35902.7600   37   19 125507.000 35833.3684  71.4%   3.9  344s
 79701 54351 38705.6082   79    2 125507.000 35833.3684  71.4%   3.9  351s
 81257 54241 35974.2039   45   16 125507.000 35833.3684  71.4%   3.9  358s
 81612 55352 35979.9791   46   15 125507.000 35850.6724  71.4%   3.9  365s
 83503 56568 61442.0000   95    - 125507.000 35851.5531  71.4%   3.9  372s
 85584 57629 36040.3422   40   14 125507.000 35861.0473  71.4%   3.9  379s
 86443 57436 36364.3632   49   11 125507.000 35861.2761  71.4%   3.9  380s
 87573 58658 36036.5400   42   17 125507.000 35863.1632  71.4%   3.9  387s
 89542 59882 38584.3394   95    1 125507.000 35866.0855  71.4%   3.9  395s
 91787 60923 37710.5889   74    3 125507.000 35868.3391  71.4%   3.9  403s
 94247 62271 36369.6860   48    7 125507.000 35870.4453  71.4%   3.9  411s
 96595 63389 37279.8100   69    2 125507.000 35873.0884  71.4%   3.9  419s
 97443 63222 37186.4201   79    1 125507.000 35876.6941  71.4%   3.9  420s
 98756 64535 36667.6479   70    4 125507.000 35878.9342  71.4%   3.9  427s
 100996 64860 36519.0737   53    6 125507.000 35881.5009  71.4%   4.0  435s
 103787 66694 35903.8433   36   20 125507.000 35881.5009  71.4%   3.9  443s
 106314 66448 53140.0000   94    - 125507.000 35884.5160  71.4%   3.9  452s
 106631 67894 36890.9092   61    1 125507.000 35884.5160  71.4%   3.9  461s
 108667 69302 36184.5260   50   13 125507.000 35885.6304  71.4%   3.9  469s
 111028 70646 36896.8093   63    3 125507.000 35888.7996  71.4%   4.0  479s
 111641 70504 36239.4123   39   10 125507.000 35888.7996  71.4%   4.0  480s
 113500 71836 97642.0000  100    - 125507.000 35891.6897  71.4%   4.0  489s
 114157 71754 36288.7722   40    9 125507.000 35892.6978  71.4%   4.0  490s
 116297 72812 37569.5943   73    1 125507.000 35894.7838  71.4%   4.0  500s
 119467 74944 36702.2372   56    5 125507.000 35898.1782  71.4%   4.0  511s
 122900 74405 36494.1038   50    3 125507.000 35899.8111  71.4%   4.0  522s
 122932 76622 36502.0592   51    2 125507.000 35899.8111  71.4%   4.0  533s
 125965 77682 36511.1530   52    3 125507.000 35901.6073  71.4%   4.0  547s
 129501 77607 36514.0883   53    4 125507.000 35906.2849  71.4%   3.9  559s
 129916 77592 36015.9325   44   18 125507.000 35906.6930  71.4%   4.0  560s
 129917 79495 36651.0855   54    4 125507.000 35906.6930  71.4%   4.0  572s
 132797 80175 36661.0245   55    3 125507.000 35907.7341  71.4%   4.0  586s
 136957 82068 37538.1174   70    3 125507.000 35911.0415  71.4%   3.9  599s
 137321 82046 36078.2706   45   14 125507.000 35911.0415  71.4%   3.9  600s

Cutting planes:
  Gomory: 4
  Cover: 2
  MIR: 10
  Flow cover: 3

Explored 140234 nodes (552934 simplex iterations) in 603.49 seconds (239.78 work units)
Thread count was 32 (of 32 available processors)

Solution count 10: 125507 172950 193415 ... 304673

Time limit reached
Best objective 1.255070000000e+05, best bound 3.591519762056e+04, gap 71.3839%

User-callback calls 314079, time in user-callback 143.51 sec
