
Gurobi 13.0.2 (win64) logging started Fri Jul 17 19:04:26 2026

Set parameter LogFile to value "logs/kstar_nI40_nJ40_nK50_nL10_tI2_tJ2_s3_m1_exact_s0_20260717-190425.gurobi.log"
Set parameter Seed to value 0
Set parameter TimeLimit to value 599.9585516
Set parameter MIPGap to value 0
Set parameter MIPGapAbs to value 0.5
Set parameter Cutoff to value 1e+100
Gurobi Optimizer version 13.0.2 build v13.0.2rc1 (win64 - Windows 11+.0 (26200.2))

CPU model: Intel(R) Core(TM) i9-14900HX, instruction set [SSE2|AVX|AVX2]
Thread count: 24 physical cores, 32 logical processors, using up to 32 threads

Non-default parameters:
TimeLimit  599.9585516
MIPGap  0
MIPGapAbs  0.5
PreCrush  1
LazyConstraints  1

Optimize a model with 20 rows, 90 columns and 800 nonzeros (Min)
Model fingerprint: 0xb23ffaeb
Model has 90 linear objective coefficients
Variable types: 10 continuous, 80 integer (80 binary)
Coefficient statistics:
  Matrix range     [4e+00, 6e+02]
  Objective range  [1e+00, 5e+02]
  Bounds range     [1e+00, 4e+03]
  RHS range        [5e+02, 6e+02]

Using branch priorities.
Presolve removed 16 rows and 0 columns
Presolve time: 0.00s
Presolved: 4 rows, 90 columns, 160 nonzeros
Variable types: 10 continuous, 80 integer (80 binary)

Root relaxation: objective 3.374588e+04, 7 iterations, 0.00 seconds (0.00 work units)

    Nodes    |    Current Node    |     Objective Bounds      |     Work
 Expl Unexpl |  Obj  Depth IntInf | Incumbent    BestBd   Gap | It/Node Time

     0     0 33745.8800    0    2          - 33745.8800      -     -    0s
H    0     0                    428940.00000 33745.8800  92.1%     -    0s
H    0     0                    353453.00000 33745.8800  90.5%     -    0s
H    0     0                    341907.00000 33745.8800  90.1%     -    0s
H    0     0                    311739.00000 33745.8800  89.2%     -    0s
     0     0 33766.8109    0    5 311739.000 33766.8109  89.2%     -    0s
     0     0 33768.0642    0    5 311739.000 33768.0642  89.2%     -    0s
H    0     0                    307576.00000 33768.0642  89.0%     -    0s
     0     2 33775.9398    0   11 307576.000 33775.9398  89.0%     -    0s
  3435  3165 35018.7148   37    5 307576.000 33834.1438  89.0%   2.7    5s
H 3436  3007                    245801.00000 33834.1438  86.2%   2.7    5s
H 3442  2861                    220439.00000 33834.1438  84.7%   2.7    6s
  3766  3089 34065.5635   24   15 220439.000 33867.5960  84.6%   4.0   10s
  4608  3700 34116.3074   31   13 220439.000 33867.5960  84.6%   4.9   15s
  5962  4516 34154.0342   39   14 220439.000 33881.6700  84.6%   4.9   20s
  7880  5564 35755.6938   62    1 220439.000 33895.1343  84.6%   4.8   25s
  9186  6331 38629.7534   84    1 220439.000 33913.0220  84.6%   4.8   30s
 10920  7082 34257.8381   32    7 220439.000 33929.5359  84.6%   4.7   35s
 12560  7951 34118.8425   28   13 220439.000 33933.7989  84.6%   4.7   41s
 12764  8340 34228.4944   30   13 220439.000 33933.7989  84.6%   4.7   45s
 13386  8706 34299.2893   32    7 220439.000 33936.8560  84.6%   4.7   50s
 14397  9686 34484.3749   35    2 220439.000 33940.8207  84.6%   4.6   55s
 15628 10467 34463.2546   37   13 220439.000 33959.0404  84.6%   4.5   60s
 16774 11299 34732.0000   40    - 220439.000 33959.0404  84.6%   4.4   66s
 17163 11871 35080.3198   42    1 220439.000 33962.8736  84.6%   4.4   70s
 19073 13540 35477.8317   45    4 220439.000 33965.2488  84.6%   4.3   75s
 20722 14643 58247.0000   93    - 220439.000 33965.2488  84.6%   4.4   80s
 22348 16390 35697.0000   50    - 220439.000 33974.1918  84.6%   4.4   85s
 24061 17536 35878.0892   52    1 220439.000 33987.5520  84.6%   4.3   90s
 25049 18313 36159.1775   55    5 220439.000 33987.5520  84.6%   4.4   97s
 25743 18965 36329.1083   56    2 220439.000 33987.5520  84.6%   4.4  100s
 27290 20292 34334.7270   34   14 220439.000 33987.5520  84.6%   4.3  107s
 28062 21025 34500.6075   57   14 220439.000 33987.5520  84.6%   4.3  110s
 29516 22013 34763.2109   40    4 220439.000 34015.9293  84.6%   4.3  115s
 30995 23002 34740.7131   33    9 220439.000 34019.2400  84.6%   4.4  123s
 32746 24093 35344.2214   47    3 220439.000 34019.2400  84.6%   4.2  128s
 33801 25147 36182.4800   68    2 220439.000 34033.4473  84.6%   4.3  132s
 34971 26101 34305.4009   41   16 220439.000 34033.4473  84.6%   4.2  137s
 36364 26440 64927.3685   84    5 220439.000 34036.8699  84.6%   4.2  153s
H36365 25118                    171362.00000 34036.8699  80.1%   4.2  154s
 36367 25119 35802.3671   80   26 171362.000 34036.8699  80.1%   4.2  156s
 36372 25122 35559.9327   48   27 171362.000 34036.8699  80.1%   4.2  160s
H36374 23868                    171072.00000 34036.8699  80.1%   4.2  163s
 36375 23868 35935.4623   64   29 171072.000 34036.8699  80.1%   4.2  168s
 36380 23872 37698.0000   93   28 171072.000 34036.8699  80.1%   4.2  171s
H36380 22678                    138948.00000 34036.8699  75.5%   4.2  172s
 36383 22680 34329.1178   31   26 138948.000 34036.8699  75.5%   4.2  175s
 36389 22684 34217.2869   24   29 138948.000 34036.8699  75.5%   4.2  181s
 36399 22699 34036.8699   30   26 138948.000 34036.8699  75.5%   4.3  185s
 36455 22761 34036.8699   33   31 138948.000 34036.8699  75.5%   4.3  191s
 36690 23000 34100.5945   36   25 138948.000 34036.8699  75.5%   4.5  195s
 36837 23021 34060.9808   37   23 138948.000 34036.8699  75.5%   4.6  202s
 36987 23176 34036.8699   38   24 138948.000 34036.8699  75.5%   4.6  205s
 37377 23418 34159.6292   40   23 138948.000 34036.8699  75.5%   4.7  210s
 37595 23525 34036.8699   42   27 138948.000 34036.8699  75.5%   4.8  216s
 37986 23818 34178.5122   43   25 138948.000 34036.8699  75.5%   4.8  221s
 38527 24114 34036.8699   45   28 138948.000 34036.8699  75.5%   4.9  225s
 39035 24365 34093.7825   48   24 138948.000 34036.8699  75.5%   5.0  230s
 39652 24777 34099.6120   49   30 138948.000 34036.8699  75.5%   5.0  235s
 40408 25167 34447.4246   51   14 138948.000 34036.8699  75.5%   5.1  241s
 40949 25465 34422.7766   53   20 138948.000 34036.8699  75.5%   5.1  245s
 41726 25947 34421.9564   56   15 138948.000 34036.8699  75.5%   5.1  251s
 42404 26182 37387.3542   99    4 138948.000 34036.8699  75.5%   5.2  255s
 43176 26807 34790.1123   62    9 138948.000 34036.8699  75.5%   5.2  262s
 43735 27036 34838.2885   65    6 138948.000 34036.8699  75.5%   5.2  265s
 44764 27546 35432.1417   80    2 138948.000 34036.8699  75.5%   5.3  273s
 45238 27932 36232.5277   92    2 138948.000 34036.8699  75.5%   5.3  277s
 45879 27840 39801.0000  104    - 138948.000 34036.8699  75.5%   5.3  282s
 45944 28204 34301.3924   36   15 138948.000 34036.8699  75.5%   5.3  288s
 46515 28491 34637.1344   58    9 138948.000 34036.8699  75.5%   5.3  294s
 47014 28882 36251.4780  102    1 138948.000 34036.8699  75.5%   5.4  299s
 47664 29307 34456.7254   57   16 138948.000 34036.8699  75.5%   5.4  304s
 48033 29273 34747.1637   55    4 138948.000 34036.8699  75.5%   5.4  305s
 48703 29506 35501.4518   74    2 138948.000 34036.8699  75.5%   5.4  310s
 49509 29935 36004.7854   99    2 138948.000 34040.5971  75.5%   5.4  315s
 50400 29889 34359.5705   58   21 138948.000 34040.5971  75.5%   5.4  323s
 50434 30179 34384.7718   59   21 138948.000 34040.5971  75.5%   5.4  331s
 50955 30655 34440.7075   68   15 138948.000 34040.5971  75.5%   5.4  338s
 51742 31242 34732.5939   78   12 138948.000 34061.6932  75.5%   5.4  346s
 52759 31101 34234.6765   37   21 138948.000 34061.6932  75.5%   5.4  355s
 52856 31164 34239.1507   38   21 138948.000 34061.6932  75.5%   5.4  364s
 52979 31152 34196.3347   34   22 138948.000 34061.6932  75.5%   5.4  365s
 52987 31970 34252.6823   39   20 138948.000 34061.6932  75.5%   5.4  371s
 54128 32420 35287.5016   77    2 138948.000 34065.1853  75.5%   5.4  378s
 55134 32860 34342.3822   43   19 138948.000 34069.3111  75.5%   5.5  385s
 55916 33632 34585.5081   54   10 138948.000 34075.6846  75.5%   5.5  392s
 57252 34028 34220.9353   38   21 138948.000 34075.6846  75.5%   5.5  400s
 58203 34558 34426.3352   49   14 138948.000 34075.6846  75.5%   5.5  407s
 59375 34438 34170.5271   41   25 138948.000 34087.2792  75.5%   5.5  418s
 59407 35485 34173.6447   42   25 138948.000 34087.2792  75.5%   5.6  429s
 59901 35378 34348.3113   46   20 138948.000 34089.1789  75.5%   5.6  430s
 60807 35798 34444.6952   53   15 138948.000 34089.1789  75.5%   5.6  441s
 61686 36517 34378.2698   37   17 138948.000 34094.7996  75.5%   5.6  453s
 63125 37204 35635.9129   62    2 138948.000 34098.1498  75.5%   5.6  464s
 63848 37195 34354.3091   74   18 138948.000 34098.1498  75.5%   5.6  465s
 65034 38105 34379.8963   51   19 138948.000 34098.1498  75.5%   5.6  475s
 66620 38702 38161.0833  101    1 138948.000 34103.3564  75.5%   5.6  485s
 67926 39676 34419.8528   55   15 138948.000 34107.2816  75.5%   5.7  495s
 69450 39397 34252.9573   45   27 138948.000 34107.2816  75.5%   5.7  511s
 69535 40485 34253.5690   46   26 138948.000 34107.2816  75.5%   5.7  526s
 71061 40400 35485.7253   87    4 138948.000 34119.9487  75.4%   5.7  540s
 71323 41744 35563.0782   88    3 138948.000 34119.9487  75.4%   5.8  552s
 73087 42609 34837.9257   71   10 138948.000 34119.9487  75.4%   5.8  566s
 74979 43918 34655.4079   55   10 138948.000 34131.7523  75.4%   5.8  580s
 77108 44870 34349.8896   46   20 138948.000 34142.9022  75.4%   5.8  596s
 79120 44519 35114.0911   53    4 138948.000 34142.9022  75.4%   5.9  600s

Cutting planes:
  Gomory: 1
  MIR: 12
  Flow cover: 7

Explored 79140 nodes (467305 simplex iterations) in 600.88 seconds (291.97 work units)
Thread count was 32 (of 32 available processors)

Solution count 9: 138948 171072 171362 ... 428940

Time limit reached
Best objective 1.389480000000e+05, best bound 3.414290224240e+04, gap 75.4276%

User-callback calls 197831, time in user-callback 112.50 sec
