
Gurobi 13.0.2 (win64) logging started Thu Jul 16 20:33:52 2026

Set parameter LogFile to value "logs/kstar_nI40_nJ20_nK100_nL10_tI5_tJ5_s4_m1_exact_s0_20260716-203352.gurobi.log"
Set parameter Seed to value 0
Set parameter TimeLimit to value 599.9509049
Set parameter MIPGap to value 0
Set parameter MIPGapAbs to value 0.5
Set parameter Cutoff to value 1e+100
Gurobi Optimizer version 13.0.2 build v13.0.2rc1 (win64 - Windows 11+.0 (26200.2))

CPU model: Intel(R) Core(TM) i9-14900HX, instruction set [SSE2|AVX|AVX2]
Thread count: 24 physical cores, 32 logical processors, using up to 32 threads

Non-default parameters:
TimeLimit  599.9509049
MIPGap  0
MIPGapAbs  0.5
PreCrush  1
LazyConstraints  1

Optimize a model with 20 rows, 70 columns and 600 nonzeros (Min)
Model fingerprint: 0xadca19a6
Model has 70 linear objective coefficients
Variable types: 10 continuous, 60 integer (60 binary)
Coefficient statistics:
  Matrix range     [1e+01, 1e+03]
  Objective range  [1e+00, 5e+02]
  Bounds range     [1e+00, 1e+04]
  RHS range        [1e+03, 1e+03]

Using branch priorities.
Presolve removed 18 rows and 0 columns
Presolve time: 0.00s
Presolved: 2 rows, 70 columns, 60 nonzeros
Variable types: 10 continuous, 60 integer (60 binary)

Root relaxation: objective 1.064850e+05, 6 iterations, 0.00 seconds (0.00 work units)

    Nodes    |    Current Node    |     Objective Bounds      |     Work
 Expl Unexpl |  Obj  Depth IntInf | Incumbent    BestBd   Gap | It/Node Time

     0     0 106485.037    0    3          - 106485.037      -     -    0s
H    0     0                    431572.00000 106485.037  75.3%     -    0s
H    0     0                    417993.00000 106485.037  74.5%     -    0s
H    0     0                    397155.00000 106485.037  73.2%     -    0s
H    0     0                    387619.00000 106485.037  72.5%     -    0s
H    0     0                    373953.00000 106485.037  71.5%     -    0s
     0     0 106791.777    0    5 373953.000 106791.777  71.4%     -    0s
     0     0 106915.198    0    9 373953.000 106915.198  71.4%     -    0s
H    0     0                    372207.00000 106915.198  71.3%     -    0s
     0     0 106934.665    0   12 372207.000 106934.665  71.3%     -    0s
     0     0 106939.371    0   12 372207.000 106939.371  71.3%     -    0s
H    0     0                    332049.00000 106939.371  67.8%     -    0s
     0     2 107021.653    0   15 332049.000 107021.653  67.8%     -    0s
  3341  2951 107371.660   13   12 332049.000 107158.327  67.7%   3.2    5s
H 3342  2804                    282920.00000 107158.327  62.1%   3.2    6s
H 3342  2664                    269347.00000 107158.327  60.2%   3.2    6s
H 3344  2531                    218590.00000 107200.077  51.0%   3.2    7s
H 3348  2408                    214147.00000 107203.921  49.9%   3.2    7s
  3360  2416 108866.899   33   22 214147.000 107236.877  49.9%   3.2   10s
  3877  2842 107915.452   25   10 214147.000 107355.807  49.9%   4.5   15s
  5230  3630 108682.372   31    7 214147.000 107441.664  49.8%   4.6   20s
* 5558  3586              72    207808.00000 107450.546  48.3%   4.5   20s
* 5755  3539              72    205393.00000 107450.546  47.7%   4.6   21s
* 6535  3884              72    174774.00000 107494.819  38.5%   4.5   23s
  7189  4280 110011.752   37    4 174774.000 107528.097  38.5%   4.6   25s
  8942  5151 116435.606   63    4 174774.000 107540.843  38.5%   4.5   30s
 10334  6020 108252.203   28    9 174774.000 107607.135  38.4%   4.4   35s
 11256  6737 108405.828   32    5 174774.000 107630.852  38.4%   4.4   40s
 12002  7339 108612.253   36    3 174774.000 107630.852  38.4%   4.4   45s
 12742  8179 108210.269   25   11 174774.000 107676.631  38.4%   4.4   50s
 14269  9297 108636.668   33    9 174774.000 107681.309  38.4%   4.4   55s
 15786 11104 108498.624   34    6 174774.000 107710.961  38.4%   4.4   60s
 18035 12947 139276.101   64    2 174774.000 107739.534  38.4%   4.3   65s
 20534 14532 108151.443   29    8 174774.000 107752.669  38.3%   4.2   70s
 21764 15905 108844.304   36    7 174774.000 107757.859  38.3%   4.2   76s
 22779 16679 135467.763   65    2 174774.000 107786.468  38.3%   4.2   80s
 24493 18372 113369.146   63    2 174774.000 107795.732  38.3%   4.2   86s
 25291 19008 108671.102   36    7 174774.000 107795.732  38.3%   4.3   90s
 26497 19953 108507.871   28   15 174774.000 107798.417  38.3%   4.3   95s
 28335 21724 108618.835   30   13 174774.000 107828.852  38.3%   4.2  102s
 29508 22876 108636.195   31   14 174774.000 107848.905  38.3%   4.2  106s
 30930 23974 108673.813   32   12 174774.000 107848.905  38.3%   4.2  110s
 33694 25523 109158.384   28   10 174774.000 107869.130  38.3%   4.2  118s
 33822 25883 109178.991   29   11 174774.000 107869.130  38.3%   4.2  121s
 34387 26466 108150.346   27   13 174774.000 107882.452  38.3%   4.3  125s
 35190 26981 108743.490   31    8 174774.000 107882.452  38.3%   4.3  130s
 36502 28501 109041.035   54    3 174774.000 107886.629  38.3%   4.3  139s
 37767 29457 108753.971   29   12 174774.000 107894.846  38.3%   4.3  144s
 38981 29754 109098.304   34    4 174774.000 107894.846  38.3%   4.2  145s
 39182 30533 109873.267   33    6 174774.000 107897.423  38.3%   4.2  150s
 40700 31832 108338.659   25   13 174774.000 107907.431  38.3%   4.2  156s
 42278 32890 108465.328   26   16 174774.000 107914.234  38.3%   4.2  162s
 43626 33947 108814.278   31   13 174774.000 107920.448  38.3%   4.2  168s
 44844 35305 108994.494   31   10 174774.000 107934.566  38.2%   4.3  174s
 46358 36578 113470.000   49    - 174774.000 107934.566  38.2%   4.3  180s
 48344 38567 108445.790   28   10 174774.000 107942.896  38.2%   4.3  187s
 50590 40137 112522.654   50    2 174774.000 107955.027  38.2%   4.3  193s
 52720 41967 108704.298   29    8 174774.000 107965.445  38.2%   4.3  201s
 54806 43844 109518.427   41    5 174774.000 107968.825  38.2%   4.3  208s
 57132 45469 108365.017   25   14 174774.000 107990.427  38.2%   4.3  216s
 59314 47595 108901.490   30   13 174774.000 108002.043  38.2%   4.3  224s
 61732 49275 108757.280   32   13 174774.000 108014.069  38.2%   4.3  233s
 63626 50848 113825.000   47    - 174774.000 108014.069  38.2%   4.3  241s
 65575 52498 108955.869   29   13 174774.000 108024.571  38.2%   4.4  249s
 65928 52537 109028.005   28   14 174774.000 108024.571  38.2%   4.4  250s
 67388 52749 109426.709   43   12 174774.000 108024.717  38.2%   4.4  269s
H67389 50112                    168764.00000 108024.717  36.0%   4.4  272s
 67391 50113 109004.587   29   24 168764.000 108024.717  36.0%   4.4  277s
 67392 50114 108686.753   30   28 168764.000 108024.717  36.0%   4.4  281s
H67395 47610                    166710.00000 108024.717  35.2%   4.4  288s
 67397 47611 109271.072   39   27 166710.000 108024.717  35.2%   4.4  291s
 67398 47612 110416.004   45   28 166710.000 108024.717  35.2%   4.4  295s
 67401 47614 110769.000   56   30 166710.000 108024.717  35.2%   4.4  303s
 67402 47614 108806.762   37   29 166710.000 108024.717  35.2%   4.4  306s
 67403 47615 119726.917   59   29 166710.000 108024.717  35.2%   4.4  310s
 67406 47620 108024.717   24   27 166710.000 108024.717  35.2%   4.4  316s
 67420 47643 108287.673   27   26 166710.000 108024.717  35.2%   4.4  320s
 67500 47799 109060.832   30   21 166710.000 108024.717  35.2%   4.5  327s
 67618 47828 109232.429   31   18 166710.000 108024.717  35.2%   4.5  331s
 67831 47933 109737.252   33   16 166710.000 108024.717  35.2%   4.5  336s
 68001 48047 109899.744   35   15 166710.000 108024.717  35.2%   4.6  340s
 68157 48210 110058.696   36   16 166710.000 108024.717  35.2%   4.6  345s
 68404 48286 110159.520   38   12 166710.000 108024.717  35.2%   4.6  350s
 68511 48353 110249.121   40    7 166710.000 108024.717  35.2%   4.6  355s
 68832 48556 109674.109   36   10 166710.000 108024.717  35.2%   4.6  360s
 69039 48621 113606.521   44    6 166710.000 108024.717  35.2%   4.6  366s
 69401 48818 108740.799   35   19 166710.000 108207.017  35.1%   4.6  370s
 69943 49216 114607.182   58    3 166710.000 108223.101  35.1%   4.6  375s
 70686 49466 149258.009   71    1 166710.000 108223.101  35.1%   4.6  380s
 71038 49977 123681.000   74    - 166710.000 108291.356  35.0%   4.6  385s
 72081 50552 110406.189   48    5 166710.000 108342.314  35.0%   4.7  391s
 72653 50703 120380.327   72    2 166710.000 108342.314  35.0%   4.7  396s
 73778 51206 109925.573   50    7 166710.000 108354.300  35.0%   4.7  402s
 74069 51673 111746.139   66    3 166710.000 108354.300  35.0%   4.7  406s
 75070 52081 109244.157   41   14 166710.000 108431.469  35.0%   4.7  410s
 76462 52929 109914.465   50    2 166710.000 108453.714  34.9%   4.7  417s
 77296 53318 108876.612   37   16 166710.000 108453.714  34.9%   4.7  422s
 78028 53790 110465.018   58    5 166710.000 108505.157  34.9%   4.8  426s
 78981 54271 109462.845   44    9 166710.000 108505.157  34.9%   4.8  430s
 80712 54534 115112.000   65    - 166710.000 108541.728  34.9%   4.8  438s
 80754 54740 116335.329   66    4 166710.000 108541.728  34.9%   4.8  441s
 81102 54939 109171.306   37   11 166710.000 108556.076  34.9%   4.8  445s
 82011 55592 108805.355   40   15 166710.000 108564.768  34.9%   4.8  452s
 82720 56181 109246.823   41   11 166710.000 108564.768  34.9%   4.8  457s
 83852 56094 109110.078   35   16 166710.000 108564.768  34.9%   4.8  462s
 83953 56110 109006.743   35   16 166710.000 108564.768  34.9%   4.8  466s
 83996 56354 109105.942   36   15 166710.000 108564.768  34.9%   4.8  470s
 85211 57238 109037.857   36   16 166710.000 108586.606  34.9%   4.9  478s
 86034 57887 110633.761   48    7 166710.000 108586.606  34.9%   4.9  483s
 87177 58443 116735.000   63    - 166710.000 108613.589  34.8%   4.9  488s
 88288 59201 113654.804   66    1 166710.000 108625.050  34.8%   4.9  494s
 89648 59888 110011.097   48    6 166710.000 108626.086  34.8%   4.9  500s
 90933 60546 109904.308   43    8 166710.000 108641.759  34.8%   4.9  506s
 92307 61349 109193.616   39   14 166710.000 108641.759  34.8%   4.9  513s
 94061 62277 110029.267   36   15 166710.000 108657.238  34.8%   4.9  520s
 95670 62780 109628.090   38   15 166710.000 108670.627  34.8%   5.0  526s
 96870 63518 109570.957   40   10 166710.000 108671.234  34.8%   5.0  533s
 98245 64674 109460.010   38   12 166710.000 108685.808  34.8%   5.0  539s
 98767 64549 110127.916   40   12 166710.000 108685.808  34.8%   5.0  540s
 99880 65276 116486.251   67    1 166710.000 108685.808  34.8%   5.0  547s
 101435 66290 111659.025   41    7 166710.000 108686.151  34.8%   5.0  555s
 103346 67309 119513.094   73    2 166710.000 108693.567  34.8%   5.1  564s
 104292 67141 110746.000   68    - 166710.000 108699.525  34.8%   5.1  565s
 105303 68044 109018.890   34   17 166710.000 108722.302  34.8%   5.1  572s
 106791 69153 109461.032   38   19 166710.000 108735.599  34.8%   5.1  580s
 108592 69869 110609.436   52    3 166710.000 108735.599  34.8%   5.1  591s
 110244 70803 110422.162   50    5 166710.000 108742.877  34.8%   5.1  600s

Cutting planes:
  Gomory: 1
  MIR: 6
  StrongCG: 1
  Flow cover: 3

Explored 112037 nodes (575970 simplex iterations) in 602.38 seconds (177.50 work units)
Thread count was 32 (of 32 available processors)

Solution count 10: 166710 168764 174774 ... 332049

Time limit reached
Best objective 1.667100000000e+05, best bound 1.087434028306e+05, gap 34.7709%

User-callback calls 265735, time in user-callback 92.64 sec
