
Gurobi 13.0.2 (win64) logging started Wed Jul 15 20:54:26 2026

Set parameter LogFile to value "logs/kstar_nI40_nJ40_nK50_nL5_tI3_tJ3_s3_m0_exact_s0_20260715-205426.gurobi.log"
Set parameter Seed to value 0
Set parameter TimeLimit to value 599.9770205
Set parameter NodefileStart to value 4
Set parameter MIPGap to value 0
Set parameter MIPGapAbs to value 0.9999
Set parameter Cutoff to value 1e+100
Gurobi Optimizer version 13.0.2 build v13.0.2rc1 (win64 - Windows 11+.0 (26200.2))

CPU model: Intel(R) Core(TM) i9-14900HX, instruction set [SSE2|AVX|AVX2]
Thread count: 24 physical cores, 32 logical processors, using up to 32 threads

Non-default parameters:
TimeLimit  599.9770205
MIPGap  0
MIPGapAbs  0.9999
NodefileStart  4

Optimize a model with 850 rows, 18080 columns and 46400 nonzeros (Min)
Model fingerprint: 0xba593073
Model has 18080 linear objective coefficients
Variable types: 18000 continuous, 80 integer (80 binary)
Coefficient statistics:
  Matrix range     [1e+00, 6e+02]
  Objective range  [1e+00, 5e+02]
  Bounds range     [1e+00, 1e+00]
  RHS range        [5e+00, 2e+01]

Using branch priorities.
Found heuristic solution: objective 314452.00000
Presolve time: 0.03s
Presolved: 850 rows, 18080 columns, 46400 nonzeros
Variable types: 18000 continuous, 80 integer (80 binary)

Root relaxation: objective 1.875875e+04, 691 iterations, 0.00 seconds (0.01 work units)

    Nodes    |    Current Node    |     Objective Bounds      |     Work
 Expl Unexpl |  Obj  Depth IntInf | Incumbent    BestBd   Gap | It/Node Time

     0     0 18758.7483    0   79 314452.000 18758.7483  94.0%     -    0s
H    0     0                    38703.714619 18758.7483  51.5%     -    0s
H    0     0                    38113.000000 18758.7483  50.8%     -    0s
H    0     0                    38041.751912 18758.7483  50.7%     -    0s
H    0     0                    37891.272843 24542.8228  35.2%     -    0s
H    0     0                    37840.460310 24542.8228  35.1%     -    0s
     0     0 24542.8228    0   68 37840.4603 24542.8228  35.1%     -    0s
H    0     0                    34913.000000 24554.0235  29.7%     -    0s
H    0     0                    34630.000000 24554.0235  29.1%     -    0s
H    0     0                    34432.000000 24554.0235  28.7%     -    0s
     0     0 24630.0157    0   67 34432.0000 24630.0157  28.5%     -    0s
     0     0 24631.0537    0   67 34432.0000 24631.0537  28.5%     -    0s
H    0     0                    34428.000000 24631.0537  28.5%     -    0s
H    0     0                    34125.000000 26826.3618  21.4%     -    0s
     0     0 26826.3618    0   74 34125.0000 26826.3618  21.4%     -    0s
H    0     0                    33229.000000 26835.0341  19.2%     -    0s
     0     0 27350.5464    0   76 33229.0000 27350.5464  17.7%     -    0s
     0     0 27563.6393    0   73 33229.0000 27563.6393  17.0%     -    0s
     0     0 27654.3957    0   75 33229.0000 27654.3957  16.8%     -    0s
     0     0 27681.6898    0   75 33229.0000 27681.6898  16.7%     -    0s
     0     0 27686.8391    0   75 33229.0000 27686.8391  16.7%     -    0s
     0     0 27687.0214    0   76 33229.0000 27687.0214  16.7%     -    0s
H    0     0                    33130.000000 27687.0214  16.4%     -    0s
H    0     0                    32054.000000 28233.2842  11.9%     -    0s
     0     0 28233.2842    0   78 32054.0000 28233.2842  11.9%     -    0s
H    0     0                    31104.000000 28463.6291  8.49%     -    0s
H    0     0                    31080.000000 28463.6291  8.42%     -    0s
H    0     0                    31076.000000 28463.6291  8.41%     -    0s
H    0     0                    30851.000000 28463.6291  7.74%     -    0s
     0     0 28463.6291    0   77 30851.0000 28463.6291  7.74%     -    0s
     0     0 28516.2871    0   78 30851.0000 28516.2871  7.57%     -    0s
     0     0 28554.8962    0   78 30851.0000 28554.8962  7.44%     -    0s
     0     0 28562.0818    0   78 30851.0000 28562.0818  7.42%     -    0s
     0     0 28748.1355    0   74 30851.0000 28748.1355  6.82%     -    1s
     0     0 28796.4629    0   75 30851.0000 28796.4629  6.66%     -    1s
     0     0 28815.2966    0   76 30851.0000 28815.2966  6.60%     -    1s
     0     0 28822.9368    0   77 30851.0000 28822.9368  6.57%     -    1s
     0     0 28903.8539    0   73 30851.0000 28903.8539  6.31%     -    1s
     0     0 28923.1013    0   76 30851.0000 28923.1013  6.25%     -    1s
     0     0 28944.0094    0   73 30851.0000 28944.0094  6.18%     -    1s
     0     0 28957.8020    0   75 30851.0000 28957.8020  6.14%     -    1s
     0     0 28969.5321    0   75 30851.0000 28969.5321  6.10%     -    1s
     0     0 28970.5690    0   75 30851.0000 28970.5690  6.10%     -    1s
     0     0 28992.3584    0   74 30851.0000 28992.3584  6.02%     -    1s
     0     0 28994.0282    0   74 30851.0000 28994.0282  6.02%     -    1s
     0     0 28994.0282    0   74 30851.0000 28994.0282  6.02%     -    1s
     0     0 28994.0282    0   74 30851.0000 28994.0282  6.02%     -    1s
     0     2 28994.0282    0   74 30851.0000 28994.0282  6.02%     -    1s
H  188   202                    30715.000000 29378.0117  4.35%   243    2s
H  527   536                    30673.519231 29378.0117  4.22%   146    2s
*  528   536              36    30548.000000 29378.0117  3.83%   146    2s
H  559   589                    30480.674663 29378.0117  3.62%   140    2s
*  588   589              42    30465.000000 29378.0117  3.57%   136    2s
H  619   633                    30391.747126 29435.0214  3.15%   135    2s
H  620   633                    30283.747126 29435.0214  2.80%   135    2s
*  622   633              33    30053.000000 29435.0214  2.06%   134    2s
  2805  1007 29908.9489    9   64 30053.0000 29671.9417  1.27%   107    5s
* 3897  1010              21    30047.000000 29797.3920  0.83%   106    5s

Cutting planes:
  Implied bound: 424
  MIR: 349
  Flow cover: 639
  Relax-and-lift: 29

Explored 6129 nodes (610573 simplex iterations) in 7.92 seconds (14.79 work units)
Thread count was 32 (of 32 available processors)

Solution count 10: 30047 30053 30391.7 ... 31080

Optimal solution found (tolerance 0.00e+00)
Best objective 3.004700000000e+04, best bound 3.004700000000e+04, gap 0.0000%
