
Gurobi 13.0.2 (win64) logging started Thu Jul 16 16:42:52 2026

Set parameter LogFile to value "logs/kstar_nI20_nJ40_nK50_nL5_tI6_tJ6_s1_m1_exact_s0_20260716-164252.gurobi.log"
Set parameter Seed to value 0
Set parameter TimeLimit to value 599.9801802
Set parameter MIPGap to value 0
Set parameter MIPGapAbs to value 0.5
Set parameter Cutoff to value 1e+100
Gurobi Optimizer version 13.0.2 build v13.0.2rc1 (win64 - Windows 11+.0 (26200.2))

CPU model: Intel(R) Core(TM) i9-14900HX, instruction set [SSE2|AVX|AVX2]
Thread count: 24 physical cores, 32 logical processors, using up to 32 threads

Non-default parameters:
TimeLimit  599.9801802
MIPGap  0
MIPGapAbs  0.5
PreCrush  1
LazyConstraints  1

Optimize a model with 10 rows, 65 columns and 300 nonzeros (Min)
Model fingerprint: 0x33ee5752
Model has 65 linear objective coefficients
Variable types: 5 continuous, 60 integer (60 binary)
Coefficient statistics:
  Matrix range     [2e+00, 7e+02]
  Objective range  [1e+00, 5e+02]
  Bounds range     [1e+00, 4e+03]
  RHS range        [6e+02, 7e+02]

Using branch priorities.
Presolve removed 8 rows and 0 columns
Presolve time: 0.00s
Presolved: 2 rows, 65 columns, 60 nonzeros
Variable types: 5 continuous, 60 integer (60 binary)

Root relaxation: objective 2.370978e+04, 4 iterations, 0.00 seconds (0.00 work units)

    Nodes    |    Current Node    |     Objective Bounds      |     Work
 Expl Unexpl |  Obj  Depth IntInf | Incumbent    BestBd   Gap | It/Node Time

     0     0 23709.7813    0    2          - 23709.7813      -     -    0s
H    0     0                    87688.000000 23709.7813  73.0%     -    0s
H    0     0                    86322.000000 23709.7813  72.5%     -    0s
H    0     0                    81953.000000 23709.7813  71.1%     -    0s
H    0     0                    81796.000000 23709.7813  71.0%     -    0s
H    0     0                    74156.000000 23709.7813  68.0%     -    0s
H    0     0                    66297.000000 23709.7813  64.2%     -    0s
     0     0 24069.2033    0    5 66297.0000 24069.2033  63.7%     -    0s
     0     0 24158.1467    0    9 66297.0000 24158.1467  63.6%     -    0s
     0     0 24219.7938    0   14 66297.0000 24219.7938  63.5%     -    0s
     0     0 24221.0498    0   14 66297.0000 24221.0498  63.5%     -    0s
     0     2 24236.2169    0   14 66297.0000 24236.2169  63.4%     -    0s
H 3230  2758                    64645.000000 24383.1691  62.3%   4.2    1s
H 3232  2621                    62453.000000 24450.7212  60.8%   4.2    2s
H 3235  2492                    62386.000000 24450.7212  60.8%   4.1    2s
  4200  3254 25013.7835   32   10 62386.0000 24523.6122  60.7%   5.8    5s
 11039  7159 25039.8012   35    8 62386.0000 24642.6026  60.5%   5.2   10s
 13883  9598 38269.0814   70    2 62386.0000 24692.6531  60.4%   5.2   15s
 17794 12915 25596.1235   47   15 62386.0000 24729.4488  60.4%   5.2   20s
 24815 19339 26812.2531   45    3 62386.0000 24747.9219  60.3%   5.5   25s
 27383 21382 25657.3163   30   11 62386.0000 24747.9219  60.3%   5.5   30s
 31019 24874 25828.9743   34    7 62386.0000 24829.8969  60.2%   5.5   36s
 33628 27155 26123.3446   36    4 62386.0000 24832.6716  60.2%   5.5   40s
 36991 30361 26251.5502   39    5 62386.0000 24851.5618  60.2%   5.6   45s
 42369 35214 26341.8117   42    6 62386.0000 24863.8892  60.1%   5.6   52s
 46013 38220 27001.7939   50    3 62386.0000 24883.5232  60.1%   5.6   56s
 47683 39506 25896.8153   40   11 62386.0000 24883.6623  60.1%   5.6   60s
 51145 41385 26441.2779   45   14 62386.0000 24892.8549  60.1%   5.6   70s
H51146 39316                    57105.000000 24892.8549  56.4%   5.6   71s
 51150 39318 26705.7270   55   28 57105.0000 24892.8549  56.4%   5.6   75s
H51150 37352                    51748.000000 24892.8549  51.9%   5.6   76s
H51156 35488                    46333.000000 24892.8549  46.3%   5.6   80s
 51163 35493 29484.0000   56   31 46333.0000 24892.8549  46.3%   5.6   85s
 51197 35549 25045.4769   34   21 46333.0000 24892.8549  46.3%   5.6   90s
 51678 35962 25670.3959   39   17 46333.0000 24916.7422  46.2%   5.8   95s
 52709 36596 25824.9775   46   14 46333.0000 24916.7422  46.2%   5.9  100s
 54211 37414 26617.7914   57    9 46333.0000 25027.4919  46.0%   5.9  105s
 56506 38413 28603.5509   62    2 46333.0000 25192.4592  45.6%   5.9  110s
 58940 39802 26993.9561   73    3 46333.0000 25214.1784  45.6%   6.0  116s
 60176 40752 25393.6601   39   22 46333.0000 25218.5468  45.6%   6.0  120s
 62127 41904 26714.5182   50   14 46333.0000 25277.0479  45.4%   6.1  127s
 63557 42658 26698.8960   55    8 46333.0000 25277.0479  45.4%   6.1  131s
 64450 42799 25656.9896   44   18 46333.0000 25297.6038  45.4%   6.1  136s
 65518 43703 26773.2303   65    3 46333.0000 25297.6038  45.4%   6.1  140s
 67517 44545 25761.2678   39   19 46333.0000 25325.5778  45.3%   6.1  145s
 70282 45517 25872.4370   38   21 46333.0000 25383.7313  45.2%   6.2  151s
 71014 46492 31556.0000   85    - 46333.0000 25383.7313  45.2%   6.2  155s
 72698 47375 26310.6335   44   18 46333.0000 25400.3251  45.2%   6.2  161s
 74812 47812 25816.1143   46   19 46333.0000 25420.7406  45.1%   6.2  167s
 75631 48172 25617.8134   43   20 46333.0000 25421.5622  45.1%   6.2  170s
 76756 49372 25994.5656   49   17 46333.0000 25435.5369  45.1%   6.2  176s
 79175 49905 25742.6801   46   19 46333.0000 25442.1393  45.1%   6.2  180s
 80680 51501 26501.7619   48   13 46333.0000 25455.6831  45.1%   6.2  187s
 81784 52377 25941.7132   52   17 46333.0000 25456.3852  45.1%   6.2  191s
 83354 53392 26685.0309   49   11 46333.0000 25471.7126  45.0%   6.3  195s
 87129 55572 26205.8195   41   20 46333.0000 25483.4714  45.0%   6.3  204s
 89149 56446 26871.3981   60    3 46333.0000 25486.6060  45.0%   6.3  209s
 90911 57668 26188.5272   46   14 46333.0000 25504.1446  45.0%   6.3  213s
 92865 58680 26102.5940   51   10 46333.0000 25517.7156  44.9%   6.4  218s
 94841 59511 25954.3588   42   19 46333.0000 25518.9918  44.9%   6.4  223s
 96525 61025 26829.4495   51   11 46333.0000 25529.3537  44.9%   6.4  228s
 99052 62205 26057.5034   41   20 46333.0000 25535.9854  44.9%   6.4  233s
 101320 63604 25955.3185   41   18 46333.0000 25548.0383  44.9%   6.4  238s
 103671 64375 27080.5149   60    4 46333.0000 25556.5753  44.8%   6.4  245s
 106330 65789 26967.4868   54   10 46333.0000 25558.4843  44.8%   6.4  252s
 108952 67435 26005.2952   49   15 46333.0000 25568.0393  44.8%   6.4  258s
 111740 68770 31455.8955   71    4 46333.0000 25579.8306  44.8%   6.4  264s
 114379 70067 26244.0500   40   19 46333.0000 25587.2081  44.8%   6.4  271s
 116783 71690 26598.0425   50   12 46333.0000 25595.3175  44.8%   6.4  277s
 119644 73105 25931.6812   44   20 46333.0000 25596.0217  44.8%   6.4  283s
 122307 74145 27173.3021   59    8 46333.0000 25608.1163  44.7%   6.5  290s
 124539 75671 29696.0000   71    - 46333.0000 25610.0378  44.7%   6.5  297s
 127325 75280 26932.8370   53    6 46333.0000 25620.5995  44.7%   6.5  301s
 127523 76165 26993.2576   54    4 46333.0000 25620.5995  44.7%   6.5  307s
 128821 77086 27015.5928   55    6 46333.0000 25625.7099  44.7%   6.5  312s
 130438 78391 26839.5547   53    8 46333.0000 25625.8615  44.7%   6.5  320s
 132654 79512 26854.1600   54    7 46333.0000 25628.6254  44.7%   6.5  328s
 134616 81151 27014.7953   54    5 46333.0000 25642.5211  44.7%   6.5  336s
 137620 82733 26994.9472   55    3 46333.0000 25643.1421  44.7%   6.5  345s
 140605 84472 26976.8384   54    5 46333.0000 25652.7588  44.6%   6.5  353s
 143706 85934 26556.0957   46   10 46333.0000 25660.6802  44.6%   6.6  361s
 146426 87445 26386.5529   43   21 46333.0000 25665.6724  44.6%   6.6  369s
 148875 86994 27947.7284   61    2 46333.0000 25665.7209  44.6%   6.6  370s
 149470 88771 26619.6612   49   15 46333.0000 25669.2633  44.6%   6.6  377s
 152110 90385 27565.3869   52    8 46333.0000 25671.8911  44.6%   6.6  385s
 154950 91916 26311.3305   48   13 46333.0000 25679.7389  44.6%   6.6  394s
 157792 93531 26587.1766   41   25 46333.0000 25686.9185  44.6%   6.6  402s
 160817 96134 26764.0678   61    7 46333.0000 25690.6739  44.6%   6.6  411s
 163859 98671 26718.7828   48   11 46333.0000 25696.1918  44.5%   6.7  420s
 166738 101157 27111.8277   48   13 46333.0000 25702.0625  44.5%   6.7  428s
 169590 103169 26353.4026   48   18 46333.0000 25706.9834  44.5%   6.7  436s
 171832 104261 32011.0000   78    - 46333.0000 25706.9911  44.5%   6.7  445s
 172926 105754 29123.0079   71    1 46333.0000 25707.2860  44.5%   6.7  454s
 174502 106000 26312.2668   51   21 46333.0000 25711.3070  44.5%   6.7  455s
 174852 107983 26196.6455   44   18 46333.0000 25711.3661  44.5%   6.7  463s
 177576 110084 26697.5204   46   15 46333.0000 25716.7263  44.5%   6.7  474s
 179885 112485 26727.6535   53   12 46333.0000 25723.6779  44.5%   6.7  483s
 182821 114840 26249.6453   45   21 46333.0000 25728.4886  44.5%   6.7  492s
 185658 116932 26300.3630   44   19 46333.0000 25734.8898  44.5%   6.7  502s
 187866 119035 27127.6403   51   15 46333.0000 25739.8965  44.4%   6.7  511s
 190466 121349 26574.5479   44   22 46333.0000 25743.2846  44.4%   6.7  520s
 192898 123364 28956.7046   67    3 46333.0000 25743.2846  44.4%   6.8  529s
 193337 123418 26618.9033   52   12 46333.0000 25743.3570  44.4%   6.8  530s
 195393 125668 26842.1826   48   12 46333.0000 25750.8737  44.4%   6.8  539s
 198130 127982 31286.0000   79    - 46333.0000 25755.9149  44.4%   6.8  548s
 200708 130162 26728.9287   53   13 46333.0000 25756.1496  44.4%   6.8  558s
 203366 131965 26636.8375   46   15 46333.0000 25763.0434  44.4%   6.8  571s
 205330 134134 26565.4386   47   17 46333.0000 25766.8127  44.4%   6.8  580s
 207976 136284 32778.0000   83    - 46333.0000 25770.7289  44.4%   6.8  589s
 208653 136386 26594.6169   46   18 46333.0000 25770.7659  44.4%   6.8  590s
 210486 138472 26704.7467   53   14 46333.0000 25775.0536  44.4%   6.8  599s
 211504 138621 26793.5429   47   11 46333.0000 25775.0536  44.4%   6.8  600s

Cutting planes:
  Gomory: 5
  MIR: 3
  StrongCG: 1
  Flow cover: 3

Explored 213010 nodes (1452512 simplex iterations) in 601.33 seconds (207.89 work units)
Thread count was 32 (of 32 available processors)

Solution count 10: 46333 51748 57105 ... 81953

Time limit reached
Best objective 4.633300000000e+04, best bound 2.577751193340e+04, gap 44.3647%

User-callback calls 444951, time in user-callback 47.20 sec
