
Gurobi 13.0.2 (win64) logging started Fri Jul 17 17:20:05 2026

Set parameter LogFile to value "logs/kstar_nI40_nJ40_nK100_nL5_tI5_tJ5_s3_m1_exact_s0_20260717-172005.gurobi.log"
Set parameter Seed to value 0
Set parameter TimeLimit to value 599.964791
Set parameter MIPGap to value 0
Set parameter MIPGapAbs to value 0.5
Set parameter Cutoff to value 1e+100
Gurobi Optimizer version 13.0.2 build v13.0.2rc1 (win64 - Windows 11+.0 (26200.2))

CPU model: Intel(R) Core(TM) i9-14900HX, instruction set [SSE2|AVX|AVX2]
Thread count: 24 physical cores, 32 logical processors, using up to 32 threads

Non-default parameters:
TimeLimit  599.964791
MIPGap  0
MIPGapAbs  0.5
PreCrush  1
LazyConstraints  1

Optimize a model with 10 rows, 85 columns and 400 nonzeros (Min)
Model fingerprint: 0x14481440
Model has 85 linear objective coefficients
Variable types: 5 continuous, 80 integer (80 binary)
Coefficient statistics:
  Matrix range     [8e+00, 1e+03]
  Objective range  [1e+00, 5e+02]
  Bounds range     [1e+00, 7e+03]
  RHS range        [1e+03, 1e+03]

Using branch priorities.
Presolve removed 8 rows and 0 columns
Presolve time: 0.00s
Presolved: 2 rows, 85 columns, 80 nonzeros
Variable types: 5 continuous, 80 integer (80 binary)

Root relaxation: objective 3.455663e+04, 3 iterations, 0.00 seconds (0.00 work units)

    Nodes    |    Current Node    |     Objective Bounds      |     Work
 Expl Unexpl |  Obj  Depth IntInf | Incumbent    BestBd   Gap | It/Node Time

     0     0 34556.6282    0    3          - 34556.6282      -     -    0s
H    0     0                    186717.00000 34556.6282  81.5%     -    0s
H    0     0                    173709.00000 34556.6282  80.1%     -    0s
H    0     0                    165216.00000 34556.6282  79.1%     -    0s
H    0     0                    156196.00000 34556.6282  77.9%     -    0s
     0     0 34746.3776    0    4 156196.000 34746.3776  77.8%     -    0s
     0     0 34792.6293    0   10 156196.000 34792.6293  77.7%     -    0s
     0     0 34865.3476    0   14 156196.000 34865.3476  77.7%     -    0s
     0     0 34875.2083    0   14 156196.000 34875.2083  77.7%     -    0s
     0     2 34884.6850    0   15 156196.000 34884.6850  77.7%     -    0s
H 2947  2649                    132428.00000 35001.1026  73.6%   2.9    4s
H 2950  2518                    132325.00000 35001.1026  73.5%   2.9    5s
H 2960  2398                    131435.00000 35028.1337  73.3%   2.9    5s
H 2960  2278                    120868.00000 35028.1337  71.0%   2.9    6s
H 2961  2279                    116362.00000 35028.1337  69.9%   2.9    6s
  3513  2654 35582.9237   23    8 116362.000 35071.3249  69.9%   4.8   10s
  6125  4197 36334.5571   45    1 116362.000 35096.9973  69.8%   4.8   15s
  8156  5313 36150.0722   42    3 116362.000 35163.8195  69.8%   4.6   20s
 10618  7037 35437.3086   22   20 116362.000 35216.4964  69.7%   4.4   25s
 14129 10249 35555.3815   31   15 116362.000 35241.3676  69.7%   4.3   30s
 16632 12029 35991.6171   37    8 116362.000 35275.9914  69.7%   4.2   35s
 17961 13188 35595.5237   25   16 116362.000 35284.6416  69.7%   4.3   40s
 18417 13802 36057.6622   43    5 116362.000 35288.5968  69.7%   4.3   45s
 20471 15534 36482.2618   43    2 116362.000 35291.7597  69.7%   4.2   50s
 22986 17984 36635.9063   47    1 116362.000 35313.2101  69.7%   4.2   55s
 25998 20318 36430.0000   45    - 116362.000 35322.2146  69.6%   4.2   60s
 28754 23391 37313.8344   53    1 116362.000 35329.2168  69.6%   4.1   65s
 32026 26807 37385.6623   55    2 116362.000 35334.9852  69.6%   4.1   71s
 35720 29989 37454.5053   57    1 116362.000 35336.4530  69.6%   4.2   76s
 38518 31301 35796.8402   36    7 116362.000 35367.5905  69.6%   4.2   80s
 42079 35356 38200.0341   62    2 116362.000 35375.5365  69.6%   4.1   86s
 44479 37073 36633.8759   53    4 116362.000 35376.9030  69.6%   4.1   90s
 47143 37966 37393.0000   71   14 116362.000 35376.9030  69.6%   4.1  101s
 47147 37969 37291.3731   74   24 116362.000 35376.9030  69.6%   4.1  105s
H47147 36070                    112557.00000 35376.9030  68.6%   4.1  107s
 47154 36074 35712.9669   29   26 112557.000 35376.9030  68.6%   4.1  110s
 47160 36078 35866.5696   28   27 112557.000 35376.9030  68.6%   4.1  115s
 47178 36107 35376.9030   29   21 112557.000 35376.9030  68.6%   4.2  120s
 47384 36277 35575.9421   33   20 112557.000 35376.9030  68.6%   4.3  126s
 47678 36456 36009.0300   36   12 112557.000 35376.9030  68.6%   4.4  130s
 48163 36836 35811.8461   41   20 112557.000 35376.9030  68.6%   4.4  135s
 48807 37341 36186.7441   44   15 112557.000 35376.9030  68.6%   4.5  140s
 49680 37912 36500.7611   50    8 112557.000 35376.9030  68.6%   4.5  145s
 50939 38665 39040.0244   68    1 112557.000 35376.9030  68.6%   4.5  150s
 52236 39187 50760.4762  100    1 112557.000 35376.9030  68.6%   4.5  155s
 53109 39627 49327.0000   99    - 112557.000 35453.1899  68.5%   4.6  160s
 54010 40663 36591.5877   67    2 112557.000 35464.4010  68.5%   4.6  165s
 55979 41627 35675.2933   36   17 112557.000 35471.9382  68.5%   4.6  170s
 57711 41947 35752.7628   37   22 112557.000 35480.3195  68.5%   4.6  176s
 58140 43000 35880.8962   39   17 112557.000 35498.2369  68.5%   4.6  182s
 59234 43719 36468.5981   57    6 112557.000 35499.4956  68.5%   4.6  185s
 61619 44130 36047.7507   48    8 112557.000 35509.0171  68.5%   4.6  191s
 61652 44810 36883.0848   56    2 112557.000 35509.0171  68.5%   4.6  195s
 63313 45815 36242.4190   49    6 112557.000 35527.7202  68.4%   4.6  202s
 64357 46280 36256.0561   50    6 112557.000 35527.7202  68.4%   4.6  205s
 66663 47867 36331.0271   52    5 112557.000 35529.8335  68.4%   4.6  213s
 68136 47908 36295.9427   51    8 112557.000 35535.8131  68.4%   4.6  217s
 68614 48757 36449.3970   53    5 112557.000 35535.8131  68.4%   4.6  221s
 69810 49050 36516.3718   52    6 112557.000 35545.3224  68.4%   4.6  225s
 70504 48955 35668.8060   34   21 112557.000 35572.7415  68.4%   4.7  230s
 72117 51028 36531.4109   54    7 112557.000 35574.5038  68.4%   4.7  239s
 73871 52245 36579.9251   55    6 112557.000 35574.5038  68.4%   4.7  243s
 75808 53195 36596.9623   56    5 112557.000 35574.5038  68.4%   4.7  248s
 77602 54166 36613.8132   57    6 112557.000 35589.7118  68.4%   4.7  253s
 79356 55251 35796.7100   39   29 112557.000 35590.1024  68.4%   4.7  258s
 81440 55637 37281.1611   78    1 112557.000 35590.1024  68.4%   4.7  264s
 82359 55466 35776.5653   41   25 112557.000 35604.3902  68.4%   4.7  265s
 84158 56483 35747.2692   36   17 112557.000 35604.3902  68.4%   4.8  274s
 84350 57725 35791.3901   37   16 112557.000 35612.1771  68.4%   4.8  279s
 85965 58373 35756.0821   38   21 112557.000 35616.1475  68.4%   4.8  284s
 87340 59528 35999.2680   40   12 112557.000 35616.5762  68.4%   4.8  289s
 88295 59337 35875.2754   45   18 112557.000 35622.1048  68.4%   4.8  290s
 89251 60769 36232.5187   52   11 112557.000 35625.5031  68.3%   4.8  296s
 91791 62182 36018.1316   45   22 112557.000 35628.0652  68.3%   4.8  302s
 94141 63510 35795.6818   41   19 112557.000 35635.5146  68.3%   4.8  308s
 96522 64778 35981.8515   41   18 112557.000 35638.8949  68.3%   4.8  315s
 98814 66226 35982.5562   46   14 112557.000 35643.8638  68.3%   4.9  322s
 101410 67562 36478.1696   61    5 112557.000 35648.2363  68.3%   4.9  329s
 102765 67278 35951.4167   42   16 112557.000 35650.0395  68.3%   4.9  330s
 103862 69139 38784.3911   88    1 112557.000 35652.5663  68.3%   4.9  337s
 106522 69900 36211.0092   48    5 112557.000 35656.7444  68.3%   4.9  344s
 108317 70773 35997.2686   48   16 112557.000 35656.7444  68.3%   4.9  352s
 110781 72803 35793.4194   42   16 112557.000 35656.8702  68.3%   4.9  360s
 113815 72331 37060.8205   99    1 112557.000 35662.8313  68.3%   4.9  366s
 113992 73795 37065.9688  100    1 112557.000 35664.4508  68.3%   4.9  373s
 116086 74621 37003.9348   80    1 112557.000 35664.7809  68.3%   5.0  382s
 118027 76369 37865.8149   70    2 112557.000 35665.0789  68.3%   4.9  391s
 120869 77559 36237.8046   50   10 112557.000 35668.6023  68.3%   4.9  400s
 123025 79335 36359.2675   51    6 112557.000 35671.8587  68.3%   5.0  410s
 126106 81032 35963.7060   43   15 112557.000 35675.0216  68.3%   5.0  420s
 129012 83106 36885.5378   76    1 112557.000 35676.3316  68.3%   5.0  430s
 132595 84023 37037.3780   83    1 112557.000 35681.9161  68.3%   5.0  442s
 134773 86292 36504.4370   68    4 112557.000 35683.9897  68.3%   5.0  452s
 138267 85666 36059.1825   43   14 112557.000 35686.1185  68.3%   5.0  460s
 138532 88174 36106.5475   44   12 112557.000 35686.1185  68.3%   5.0  470s
 142060 87570 36187.5526   53   13 112557.000 35688.8535  68.3%   5.0  478s
 142198 89675 36221.0778   54   12 112557.000 35688.8535  68.3%   5.0  488s
 145153 91366 36412.5305   52    6 112557.000 35691.2575  68.3%   5.1  499s
 145646 91267 35961.2992   44   22 112557.000 35691.2575  68.3%   5.0  500s
 148163 92987 36915.2853   82    2 112557.000 35696.0029  68.3%   5.1  511s
 151288 92850 43088.0000   99    - 112557.000 35696.8203  68.3%   5.1  521s
 151901 94997 36248.4247   48   13 112557.000 35697.2277  68.3%   5.1  532s
 154825 96568 35987.2378   43   21 112557.000 35700.1776  68.3%   5.1  543s
 157720 98639 38710.7411   87    1 112557.000 35701.2119  68.3%   5.1  553s
 160392 101230 37703.9259   88    1 112557.000 35705.5580  68.3%   5.1  565s
 163343 104182 36090.1387   46   15 112557.000 35707.7250  68.3%   5.1  577s
 166619 106751 36014.5899   40   16 112557.000 35710.3553  68.3%   5.1  588s
 169088 107005 35829.7285   39   24 112557.000 35713.2285  68.3%   5.1  590s
 169437 107134 36111.9414   45   13 112557.000 35713.4617  68.3%   5.1  598s

Cutting planes:
  Gomory: 7
  Cover: 1
  MIR: 2

Explored 169625 nodes (872022 simplex iterations) in 600.80 seconds (209.68 work units)
Thread count was 32 (of 32 available processors)

Solution count 9: 112557 116362 131435 ... 186717

Time limit reached
Best objective 1.125570000000e+05, best bound 3.571346166659e+04, gap 68.2708%

User-callback calls 361260, time in user-callback 116.34 sec
