
Gurobi 13.0.2 (win64) logging started Thu Jul 16 05:39:51 2026

Set parameter LogFile to value "logs/kstar_nI20_nJ40_nK100_nL5_tI2_tJ2_s5_m1_exact_s0_20260716-053951.gurobi.log"
Set parameter Seed to value 0
Set parameter TimeLimit to value 599.9694699
Set parameter MIPGap to value 0
Set parameter MIPGapAbs to value 0.5
Set parameter Cutoff to value 1e+100
Gurobi Optimizer version 13.0.2 build v13.0.2rc1 (win64 - Windows 11+.0 (26200.2))

CPU model: Intel(R) Core(TM) i9-14900HX, instruction set [SSE2|AVX|AVX2]
Thread count: 24 physical cores, 32 logical processors, using up to 32 threads

Non-default parameters:
TimeLimit  599.9694699
MIPGap  0
MIPGapAbs  0.5
PreCrush  1
LazyConstraints  1

Optimize a model with 10 rows, 65 columns and 300 nonzeros (Min)
Model fingerprint: 0x6dc97de7
Model has 65 linear objective coefficients
Variable types: 5 continuous, 60 integer (60 binary)
Coefficient statistics:
  Matrix range     [2e+01, 1e+03]
  Objective range  [1e+00, 5e+02]
  Bounds range     [1e+00, 1e+04]
  RHS range        [1e+03, 1e+03]

Using branch priorities.
Presolve removed 6 rows and 0 columns
Presolve time: 0.00s
Presolved: 4 rows, 65 columns, 120 nonzeros
Variable types: 5 continuous, 60 integer (60 binary)

Root relaxation: objective 3.993560e+04, 7 iterations, 0.00 seconds (0.00 work units)

    Nodes    |    Current Node    |     Objective Bounds      |     Work
 Expl Unexpl |  Obj  Depth IntInf | Incumbent    BestBd   Gap | It/Node Time

     0     0 39935.5952    0    2          - 39935.5952      -     -    0s
H    0     0                    393497.00000 39935.5952  89.9%     -    0s
H    0     0                    323022.00000 39935.5952  87.6%     -    0s
H    0     0                    300303.00000 39935.5952  86.7%     -    0s
H    0     0                    248876.00000 39935.5952  84.0%     -    0s
     0     0 39985.4708    0    6 248876.000 39985.4708  83.9%     -    0s
     0     0 40015.7550    0    5 248876.000 40015.7550  83.9%     -    0s
     0     0 40021.8139    0   12 248876.000 40021.8139  83.9%     -    0s
     0     0 40021.9769    0   12 248876.000 40021.9769  83.9%     -    0s
H    0     0                    213545.00000 40022.1118  81.3%     -    0s
H    0     0                    177188.00000 40022.1118  77.4%     -    0s
     0     2 40025.6580    0   12 177188.000 40025.6580  77.4%     -    0s
  3412  2960 40225.5823    9   12 177188.000 40129.8782  77.4%   2.2    5s
H 3413  2812                    174137.00000 40129.8782  77.0%   2.2    5s
H 3413  2672                    173264.00000 40129.8782  76.8%   2.2    5s
H 3419  2542                    147034.00000 40129.8782  72.7%   2.2    6s
H 3438  2426                    144584.00000 40129.8782  72.2%   2.2    6s
  3765  2755 40283.4911   20   12 144584.000 40154.3951  72.2%   3.0   10s
  5278  3710 41149.0000   43    - 144584.000 40188.2850  72.2%   3.5   15s
  7139  4696 40505.1875   21    9 144584.000 40221.3326  72.2%   3.7   20s
  9182  5665 42462.8370   60    1 144584.000 40230.4384  72.2%   3.6   25s
 11697  7275 58442.2409   66    1 144584.000 40260.5209  72.2%   3.5   30s
 13595  8717 42477.7520   52    2 144584.000 40274.7195  72.1%   3.5   35s
 14447  9392 68065.0000   69    - 144584.000 40282.3277  72.1%   3.5   41s
 15946 10379 40844.6542   41    7 144584.000 40283.8381  72.1%   3.5   45s
 16868 11354 40696.4499   24    9 144584.000 40293.7167  72.1%   3.5   50s
 19027 13232 41094.4299   38    2 144584.000 40293.7167  72.1%   3.5   55s
 21694 15309 40405.1051   22   20 144584.000 40309.0053  72.1%   3.5   60s
 23662 16719 41466.1453   49    1 144584.000 40313.4089  72.1%   3.5   65s
 26475 18994 40557.6521   35   19 144584.000 40330.9062  72.1%   3.5   70s
 28562 20305 40385.8111   28   16 144584.000 40331.6104  72.1%   3.6   76s
 29700 21545 41455.6876   52    3 144584.000 40331.6104  72.1%   3.6   81s
 30994 22240 40919.0920   25    5 144584.000 40333.5444  72.1%   3.6   85s
 32367 23688 40985.0989   39    4 144584.000 40343.1317  72.1%   3.6   91s
 34479 25682 42091.0237   66    2 144584.000 40348.4494  72.1%   3.6   97s
 35735 26649 40429.2615   24   19 144584.000 40348.4494  72.1%   3.6  101s
 37660 27709 41301.0074   31    1 144584.000 40348.4494  72.1%   3.6  105s
 39428 29637 40649.2671   32   16 144584.000 40367.0025  72.1%   3.6  111s
 40525 30692 40427.2949   30   18 144584.000 40368.8955  72.1%   3.7  115s
 41728 30857 41178.0000   39   12 144584.000 40368.8955  72.1%   3.7  128s
 41733 30860 40923.0000   33   22 144584.000 40368.8955  72.1%   3.7  130s
H41737 29319                    132872.00000 40368.8955  69.6%   3.7  131s
 41744 29324 41280.0000   50   26 132872.000 40368.8955  69.6%   3.7  135s
 41754 29330 41579.0000   38   25 132872.000 40368.8955  69.6%   3.7  140s
 41820 29407 40368.8955   28   21 132872.000 40368.8955  69.6%   3.8  145s
 42034 29555 40412.8010   32   19 132872.000 40368.8955  69.6%   3.9  150s
 42301 29710 41253.4014   37    5 132872.000 40368.8955  69.6%   4.0  155s
 42531 29961 40368.8955   36   16 132872.000 40368.8955  69.6%   4.0  160s
 42836 30077 40368.8955   38   19 132872.000 40368.8955  69.6%   4.0  166s
 43110 30265 40385.4376   40   19 132872.000 40368.8955  69.6%   4.1  170s
 43678 30648 40506.6466   43   18 132872.000 40368.8955  69.6%   4.1  175s
 44624 31142 40678.5458   47   12 132872.000 40368.8955  69.6%   4.2  180s
 45456 31814 40943.2624   52    7 132872.000 40368.8955  69.6%   4.2  186s
 46556 32218 41639.3177   65    1 132872.000 40368.8955  69.6%   4.2  190s
 47307 32759 55243.0000   81    - 132872.000 40368.8955  69.6%   4.3  195s
 48416 33084 41064.5490   46   10 132872.000 40368.8955  69.6%   4.3  200s
 49242 33559 41455.0000   56    - 132872.000 40368.8955  69.6%   4.3  205s
 50282 34220 41014.3138   39   15 132872.000 40368.8955  69.6%   4.3  211s
 51764 34831 40461.6904   39   19 132872.000 40376.3814  69.6%   4.3  216s
 53199 35233 40518.1622   29   17 132872.000 40378.1799  69.6%   4.4  222s
 53375 35643 40545.0575   30   17 132872.000 40378.1799  69.6%   4.4  225s
 54493 36232 41080.6906   38    7 132872.000 40404.9519  69.6%   4.4  232s
 55312 36155 40538.8759   35   20 132872.000 40404.9519  69.6%   4.4  235s
 56070 37097 41263.7633   53    7 132872.000 40404.9519  69.6%   4.4  242s
 56896 37532 40544.8812   35   19 132872.000 40404.9519  69.6%   4.5  245s
 58865 38201 41612.1167   66    4 132872.000 40420.0321  69.6%   4.5  253s
 59270 38768 40691.1027   35   15 132872.000 40420.0321  69.6%   4.5  256s
 60185 38639 42043.2905   68    1 132872.000 40427.2227  69.6%   4.5  261s
 60255 39367 42059.3703   69    1 132872.000 40445.2211  69.6%   4.5  265s
 61334 40024 40657.4629   35   20 132872.000 40445.2211  69.6%   4.6  270s
 62848 40385 40635.4196   39   21 132872.000 40451.0610  69.6%   4.6  275s
 64675 41146 42113.1767   68    1 132872.000 40451.0610  69.6%   4.6  284s
 65222 41817 42025.0983   70    1 132872.000 40451.0610  69.6%   4.6  289s
 66506 42566 40723.1235   36   17 132872.000 40468.9055  69.5%   4.6  293s
 67808 43333 40581.2681   36   22 132872.000 40468.9055  69.5%   4.6  298s
 69189 43153 40798.6111   56   13 132872.000 40468.9055  69.5%   4.7  304s
 69414 44005 40811.7211   57   15 132872.000 40484.4762  69.5%   4.7  310s
 70639 44777 40989.0572   53   11 132872.000 40489.2573  69.5%   4.7  315s
 72071 45544 41009.2115   45   12 132872.000 40490.3674  69.5%   4.7  321s
 73478 45769 41600.4434   52    4 132872.000 40490.3674  69.5%   4.8  328s
 74386 46394 41777.5823   53    2 132872.000 40490.3674  69.5%   4.8  334s
 75949 46311 40616.2649   49   20 132872.000 40505.4779  69.5%   4.8  335s
 76148 47161 40829.7570   52   15 132872.000 40505.4779  69.5%   4.8  340s
 77384 47614 41910.4053   74    5 132872.000 40506.4392  69.5%   4.8  346s
 79003 48554 41371.5531   63    1 132872.000 40509.1029  69.5%   4.8  352s
 80562 48516 41579.8763   70    1 132872.000 40509.1029  69.5%   4.8  358s
 80856 49478 40858.3628   43   15 132872.000 40509.8137  69.5%   4.8  365s
 82301 50341 40889.5336   52   12 132872.000 40518.4159  69.5%   4.9  372s
 83832 50571 41533.0573   48    3 132872.000 40519.1411  69.5%   4.9  381s
 84596 51694 41727.2381   48    2 132872.000 40521.6230  69.5%   4.9  388s
 86365 52616 40758.7408   49   15 132872.000 40528.0911  69.5%   5.0  395s
 88097 53656 40869.4570   40   17 132872.000 40531.2584  69.5%   5.0  403s
 90122 54650 41423.2298   64    1 132872.000 40536.0719  69.5%   5.0  412s
 91953 54593 41176.5410   68   10 132872.000 40538.0016  69.5%   5.0  421s
 92409 55868 41012.0833   61   10 132872.000 40540.0250  69.5%   5.0  430s
 94314 56166 40696.2812   33   17 132872.000 40540.4499  69.5%   5.1  441s
 95332 57645 40688.1595   32   14 132872.000 40543.7562  69.5%   5.1  451s
 97570 58579 41143.0999   49    7 132872.000 40547.5251  69.5%   5.1  461s
 99529 59780 40863.8390   40   14 132872.000 40547.5837  69.5%   5.1  471s
 101762 60853 40767.6400   37   14 132872.000 40555.4101  69.5%   5.2  481s
 104153 60532 41923.8394   57    2 132872.000 40558.7070  69.5%   5.2  494s
 104185 61310 41925.1330   58    2 132872.000 40558.7070  69.5%   5.2  506s
 105410 62599 41214.5944   53    3 132872.000 40558.7070  69.5%   5.2  519s
 106474 62430 40928.8067   38   12 132872.000 40559.1463  69.5%   5.2  520s
 107641 63870 40878.5809   44   14 132872.000 40561.4846  69.5%   5.2  531s
 110020 65242 41977.5476   62    4 132872.000 40566.5308  69.5%   5.2  545s
 112753 66900 41174.3337   56   11 132872.000 40569.9558  69.5%   5.2  558s
 115550 66403 40810.4497   36   21 132872.000 40571.9688  69.5%   5.3  560s
 115789 67926 41894.2387   58    5 132872.000 40573.1857  69.5%   5.2  573s
 118603 69632 41052.1126   34    7 132872.000 40576.5579  69.5%   5.2  588s
 121440 69556 40805.7925   33   20 132872.000 40580.1738  69.5%   5.3  600s

Cutting planes:
  MIR: 13
  Flow cover: 3

Explored 122113 nodes (643143 simplex iterations) in 602.28 seconds (254.22 work units)
Thread count was 32 (of 32 available processors)

Solution count 10: 132872 144584 147034 ... 393497

Time limit reached
Best objective 1.328720000000e+05, best bound 4.058017381673e+04, gap 69.4592%

User-callback calls 276078, time in user-callback 139.23 sec
