
Gurobi 13.0.2 (win64) logging started Sat Jul 18 01:46:21 2026

Set parameter LogFile to value "logs/kstar_nI40_nJ40_nK50_nL5_tI5_tJ5_s3_m1_exact_s0_20260718-014621.gurobi.log"
Set parameter Seed to value 0
Set parameter TimeLimit to value 599.9775325
Set parameter MIPGap to value 0
Set parameter MIPGapAbs to value 0.5
Set parameter Cutoff to value 1e+100
Gurobi Optimizer version 13.0.2 build v13.0.2rc1 (win64 - Windows 11+.0 (26200.2))

CPU model: Intel(R) Core(TM) i9-14900HX, instruction set [SSE2|AVX|AVX2]
Thread count: 24 physical cores, 32 logical processors, using up to 32 threads

Non-default parameters:
TimeLimit  599.9775325
MIPGap  0
MIPGapAbs  0.5
PreCrush  1
LazyConstraints  1

Optimize a model with 10 rows, 85 columns and 400 nonzeros (Min)
Model fingerprint: 0x9980c8a6
Model has 85 linear objective coefficients
Variable types: 5 continuous, 80 integer (80 binary)
Coefficient statistics:
  Matrix range     [3e+00, 7e+02]
  Objective range  [1e+00, 5e+02]
  Bounds range     [1e+00, 4e+03]
  RHS range        [6e+02, 7e+02]

Using branch priorities.
Presolve removed 8 rows and 0 columns
Presolve time: 0.02s
Presolved: 2 rows, 85 columns, 80 nonzeros
Variable types: 5 continuous, 80 integer (80 binary)

Root relaxation: objective 1.803550e+04, 5 iterations, 0.00 seconds (0.00 work units)

    Nodes    |    Current Node    |     Objective Bounds      |     Work
 Expl Unexpl |  Obj  Depth IntInf | Incumbent    BestBd   Gap | It/Node Time

     0     0 18035.5050    0    2          - 18035.5050      -     -    0s
H    0     0                    98061.000000 18035.5050  81.6%     -    0s
H    0     0                    96196.000000 18035.5050  81.3%     -    0s
H    0     0                    86339.000000 18035.5050  79.1%     -    0s
H    0     0                    83490.000000 18035.5050  78.4%     -    0s
H    0     0                    72059.000000 18035.5050  75.0%     -    0s
     0     0 18269.9694    0    4 72059.0000 18269.9694  74.6%     -    0s
     0     0 18395.4998    0    8 72059.0000 18395.4998  74.5%     -    0s
     0     0 18533.3264    0    7 72059.0000 18533.3264  74.3%     -    0s
     0     0 18533.4497    0    7 72059.0000 18533.4497  74.3%     -    0s
     0     2 18587.2262    0   12 72059.0000 18587.2262  74.2%     -    0s
H 3915  3358                    68640.000000 18744.7202  72.7%   3.3    2s
H 3922  3193                    64261.000000 18873.2105  70.6%   3.3    3s
  3930  3199 19880.3675   34   21 64261.0000 18875.8306  70.6%   3.3    5s
  6176  4805 20217.8113   38    5 64261.0000 19225.0777  70.1%   4.7   10s
 13818  9283 20297.2116   39    5 64261.0000 19408.2861  69.8%   4.6   15s
 19111 13576 19984.4933   21   14 64261.0000 19493.0577  69.7%   4.5   20s
 25234 18924 20244.8019   29   11 64261.0000 19580.8210  69.5%   4.6   25s
 32606 26087 20880.4313   28   13 64261.0000 19670.6578  69.4%   4.6   30s
 38233 31233 21151.1278   43    7 64261.0000 19685.8031  69.4%   4.6   35s
 43029 35494 20578.5014   23   16 64261.0000 19719.7281  69.3%   4.6   40s
 45180 36251 21490.3424   38    6 64261.0000 19733.5863  69.3%   4.7   46s
 46073 37509 20250.6161   21   18 64261.0000 19733.5863  69.3%   4.7   51s
 47806 39244 21073.1807   40   10 64261.0000 19746.0841  69.3%   4.7   56s
 50261 42124 20593.0544   28   13 64261.0000 19752.8769  69.3%   4.7   60s
 54216 45580 21879.5478   51    3 64261.0000 19758.2027  69.3%   4.7   65s
 58901 50022 21051.2182   31    9 64261.0000 19795.3262  69.2%   4.7   71s
 63319 53715 21417.0543   42   10 64261.0000 19804.4360  69.2%   4.8   78s
 65760 55797 21017.4533   31    6 64261.0000 19811.9499  69.2%   4.8   81s
 70621 58438 21023.4296   49    7 64261.0000 19840.1514  69.1%   4.8   94s
H70622 55517                    46768.000000 19840.1514  57.6%   4.8   95s
 70625 55519 22923.0000   70   31 46768.0000 19840.1514  57.6%   4.8  100s
 70630 55522 21667.5753   51   31 46768.0000 19840.1514  57.6%   4.8  105s
 70726 55673 20316.8601   29   24 46768.0000 19911.1574  57.4%   4.9  110s
 71218 56046 20838.2747   33   21 46768.0000 19911.1574  57.4%   5.0  115s
 71783 56363 20978.0360   38   17 46768.0000 19911.1574  57.4%   5.0  120s
 73886 57651 22078.4560   51   11 46768.0000 19996.3339  57.2%   5.1  125s
 75547 58783 20382.6568   30   21 46768.0000 20059.2268  57.1%   5.1  130s
 77371 59882 20503.9760   30   24 46768.0000 20085.1570  57.1%   5.1  135s
 79620 61191 20617.2692   33   19 46768.0000 20097.6623  57.0%   5.2  140s
 82712 62965 20976.8736   37   16 46768.0000 20197.4579  56.8%   5.2  146s
 85048 63369 20809.5297   35   21 46768.0000 20268.7212  56.7%   5.2  150s
 86206 63988 20976.6777   39   18 46768.0000 20268.7212  56.7%   5.2  156s
 86525 64336 21188.4813   41   17 46768.0000 20268.7212  56.7%   5.2  160s
 87619 64760 21545.8957   44   14 46768.0000 20386.6289  56.4%   5.2  167s
 87930 65241 20638.1138   31   21 46768.0000 20386.6289  56.4%   5.2  172s
 88343 65584 23778.2766   68    2 46768.0000 20386.6289  56.4%   5.2  175s
 89887 66760 21905.2170   50   10 46768.0000 20399.1262  56.4%   5.3  181s
 92086 68205 21156.3271   35   18 46768.0000 20418.3928  56.3%   5.3  187s
 93361 68787 23350.0000   64    1 46768.0000 20418.3928  56.3%   5.3  190s
 96207 69522 22404.5203   47   12 46768.0000 20448.6149  56.3%   5.3  195s
 99469 72407 25384.1816   86    1 46768.0000 20472.4387  56.2%   5.3  202s
 101810 73352 21267.1635   38   17 46768.0000 20482.3417  56.2%   5.3  206s
 103899 74862 21611.1583   56    4 46768.0000 20498.4007  56.2%   5.4  211s
 106345 75873 20972.4442   33   22 46768.0000 20520.8585  56.1%   5.4  216s
 108362 77686 21217.4817   38   13 46768.0000 20525.0036  56.1%   5.4  221s
 111256 79027 21262.5220   36   22 46768.0000 20547.2896  56.1%   5.4  226s
 113823 80685 22010.3992   53   10 46768.0000 20559.4977  56.0%   5.5  231s
 116878 81709 21279.1415   38   16 46768.0000 20560.8937  56.0%   5.5  237s
 119021 83298 21742.9462   47   11 46768.0000 20580.8977  56.0%   5.5  243s
 122241 85177 22584.0185   66    2 46768.0000 20588.9810  56.0%   5.5  249s
 124936 84605 21569.3898   42   14 46768.0000 20601.0084  56.0%   5.5  250s
 125378 86872 21464.9338   39   21 46768.0000 20601.9196  55.9%   5.5  255s
 128536 88792 22138.7283   53    5 46768.0000 20615.9802  55.9%   5.5  262s
 131877 90500 21793.2681   52    9 46768.0000 20632.7290  55.9%   5.5  268s
 135056 92312 21605.8032   47   14 46768.0000 20645.6087  55.9%   5.6  274s
 138114 93553 21961.9829   46    8 46768.0000 20656.5871  55.8%   5.6  283s
 140834 94727 21755.9699   44   15 46768.0000 20658.6236  55.8%   5.6  289s
 141705 94642 22214.7919   51   13 46768.0000 20660.7734  55.8%   5.6  290s
 144269 96899 21432.8373   35   14 46768.0000 20669.8439  55.8%   5.6  297s
 148184 99278 21343.2139   37   20 46768.0000 20681.0286  55.8%   5.6  304s
 149672 98939 24454.3906   72    2 46768.0000 20682.6714  55.8%   5.6  305s
 151822 101252 21875.8540   47   17 46768.0000 20689.2284  55.8%   5.6  312s
 155537 102699 21651.5646   42   15 46768.0000 20695.1334  55.7%   5.7  319s
 155886 102619 25099.3393   66    1 46768.0000 20695.5986  55.7%   5.7  320s
 158631 102204 21248.8607   42   17 46768.0000 20697.6898  55.7%   5.7  325s
 158770 102933 21272.6689   43   20 46768.0000 20697.6898  55.7%   5.7  330s
 159783 103542 21409.5447   44   18 46768.0000 20701.3872  55.7%   5.7  336s
 160849 104267 21481.1388   45   15 46768.0000 20703.0890  55.7%   5.7  342s
 162023 104880 21499.4401   46   16 46768.0000 20704.0815  55.7%   5.7  349s
 163305 106176 21514.7002   47   15 46768.0000 20704.6161  55.7%   5.7  357s
 165296 108027 21526.5223   48   17 46768.0000 20705.7004  55.7%   5.7  365s
 168288 109508 21720.5593   41   13 46768.0000 20718.8914  55.7%   5.7  373s
 171035 111328 21297.7387   40   12 46768.0000 20725.7172  55.7%   5.7  381s
 174035 110901 26286.0000   89    - 46768.0000 20734.9033  55.7%   5.8  387s
 174422 111498 22273.4434   52    8 46768.0000 20735.3420  55.7%   5.8  393s
 175775 112509 22033.9211   43   14 46768.0000 20735.3420  55.7%   5.8  401s
 177304 113602 21605.7725   42   12 46768.0000 20738.5660  55.7%   5.8  409s
 179142 115095 21506.9353   34   27 46768.0000 20744.2824  55.6%   5.8  418s
 181607 116800 25777.3654   72    1 46768.0000 20748.2403  55.6%   5.8  427s
 184548 118543 31975.0000   98    - 46768.0000 20753.6549  55.6%   5.8  435s
 187578 120616 21339.7064   37   20 46768.0000 20761.2718  55.6%   5.8  444s
 188866 120314 22439.1604   51   13 46768.0000 20761.7768  55.6%   5.8  445s
 190990 121770 21298.2362   38   18 46768.0000 20768.1043  55.6%   5.8  454s
 193444 123405 26029.0000   75    - 46768.0000 20775.4268  55.6%   5.8  463s
 196329 125210 21439.3875   43   16 46768.0000 20778.0733  55.6%   5.9  472s
 199745 126897 21508.2268   37   17 46768.0000 20778.0733  55.6%   5.8  481s
 202636 129295 22042.8327   49    9 46768.0000 20788.7014  55.5%   5.9  490s
 206542 130675 21258.1921   35   22 46768.0000 20794.3911  55.5%   5.9  498s
 209470 132371 21986.7134   45   13 46768.0000 20802.6287  55.5%   5.9  508s
 212395 134056 23091.9221   61    2 46768.0000 20807.8939  55.5%   5.9  517s
 215874 136237 22120.2095   59    7 46768.0000 20809.9875  55.5%   5.9  526s
 219400 137586 22137.1484   46    9 46768.0000 20814.5116  55.5%   5.9  536s
 222270 139604 22662.8554   61   10 46768.0000 20820.9970  55.5%   5.9  545s
 225769 141180 22365.2102   45   15 46768.0000 20824.9285  55.5%   5.9  557s
 228932 143042 22181.8409   50   10 46768.0000 20829.9857  55.5%   5.9  566s
 232499 145008 21934.0272   43   13 46768.0000 20834.2545  55.5%   5.9  576s
 235897 146719 22476.3187   53    3 46768.0000 20840.7481  55.4%   5.9  585s
 239157 148957 21561.8714   39   21 46768.0000 20845.4600  55.4%   5.9  595s
 241923 150306 23936.9515   56    5 46768.0000 20850.4877  55.4%   6.0  600s

Cutting planes:
  Gomory: 3
  MIR: 4
  StrongCG: 2
  Flow cover: 1

Explored 243285 nodes (1450573 simplex iterations) in 601.22 seconds (236.63 work units)
Thread count was 32 (of 32 available processors)

Solution count 8: 46768 64261 68640 ... 98061

Time limit reached
Best objective 4.676800000000e+04, best bound 2.085048769085e+04, gap 55.4172%

User-callback calls 502886, time in user-callback 56.28 sec
