
Gurobi 13.0.2 (win64) logging started Fri Jul 10 21:39:41 2026

Set parameter LogFile to value "logs/kstar_nI20_nJ20_nK100_nL10_tI2_tJ2_s3_m1_exact_s0_20260710-213941.gurobi.log"
Set parameter Seed to value 0
Set parameter TimeLimit to value 599.967847
Set parameter MIPGap to value 0
Set parameter MIPGapAbs to value 0.5
Set parameter Cutoff to value 1e+100
Gurobi Optimizer version 13.0.2 build v13.0.2rc1 (win64 - Windows 11+.0 (26200.2))

CPU model: Intel(R) Core(TM) i9-14900HX, instruction set [SSE2|AVX|AVX2]
Thread count: 24 physical cores, 32 logical processors, using up to 32 threads

Non-default parameters:
TimeLimit  599.967847
MIPGap  0
MIPGapAbs  0.5
PreCrush  1
LazyConstraints  1

Optimize a model with 20 rows, 50 columns and 400 nonzeros (Min)
Model fingerprint: 0x256699c3
Model has 50 linear objective coefficients
Variable types: 10 continuous, 40 integer (40 binary)
Coefficient statistics:
  Matrix range     [2e+01, 1e+03]
  Objective range  [1e+00, 5e+02]
  Bounds range     [1e+00, 1e+04]
  RHS range        [1e+03, 1e+03]

Using branch priorities.
Presolve removed 16 rows and 0 columns
Presolve time: 0.00s
Presolved: 4 rows, 50 columns, 80 nonzeros
Variable types: 10 continuous, 40 integer (40 binary)

Root relaxation: objective 1.162957e+05, 6 iterations, 0.00 seconds (0.00 work units)

    Nodes    |    Current Node    |     Objective Bounds      |     Work
 Expl Unexpl |  Obj  Depth IntInf | Incumbent    BestBd   Gap | It/Node Time

     0     0 116295.686    0    2          - 116295.686      -     -    0s
H    0     0                    768698.00000 116295.686  84.9%     -    0s
H    0     0                    682739.00000 116295.686  83.0%     -    0s
H    0     0                    674552.00000 116295.686  82.8%     -    0s
H    0     0                    559228.00000 116295.686  79.2%     -    0s
H    0     0                    544273.00000 116295.686  78.6%     -    0s
H    0     0                    521839.00000 116295.686  77.7%     -    0s
     0     0 116341.796    0    7 521839.000 116341.796  77.7%     -    0s
     0     0 116387.666    0   10 521839.000 116387.666  77.7%     -    0s
     0     0 116405.441    0   10 521839.000 116405.441  77.7%     -    0s
     0     0 116419.775    0   12 521839.000 116419.775  77.7%     -    0s
     0     0 116424.481    0   13 521839.000 116424.481  77.7%     -    0s
     0     0 116425.862    0   12 521839.000 116425.862  77.7%     -    0s
     0     0 116432.905    0   14 521839.000 116432.905  77.7%     -    0s
     0     0 116446.551    0   13 521839.000 116446.551  77.7%     -    0s
     0     0 116463.444    0   12 521839.000 116463.444  77.7%     -    0s
     0     0 116475.113    0   11 521839.000 116475.113  77.7%     -    0s
     0     0 116481.891    0   13 521839.000 116481.891  77.7%     -    0s
     0     0 116490.179    0   14 521839.000 116490.179  77.7%     -    0s
     0     0 116494.639    0   15 521839.000 116494.639  77.7%     -    0s
     0     0 116498.287    0   15 521839.000 116498.287  77.7%     -    0s
     0     0 116500.360    0   15 521839.000 116500.360  77.7%     -    0s
     0     0 116501.592    0   16 521839.000 116501.592  77.7%     -    0s
     0     0 116508.074    0   17 521839.000 116508.074  77.7%     -    0s
     0     0 116511.866    0   20 521839.000 116511.866  77.7%     -    0s
     0     0 116532.952    0   17 521839.000 116532.952  77.7%     -    0s
     0     0 116542.811    0   17 521839.000 116542.811  77.7%     -    0s
     0     0 116546.465    0   18 521839.000 116546.465  77.7%     -    0s
     0     0 116550.219    0   22 521839.000 116550.219  77.7%     -    0s
     0     0 116553.400    0   21 521839.000 116553.400  77.7%     -    0s
     0     0 116560.544    0   21 521839.000 116560.544  77.7%     -    0s
     0     0 116570.420    0   20 521839.000 116570.420  77.7%     -    0s
     0     0 116577.421    0   22 521839.000 116577.421  77.7%     -    0s
     0     0 116581.046    0   21 521839.000 116581.046  77.7%     -    0s
     0     0 116586.774    0   21 521839.000 116586.774  77.7%     -    0s
     0     0 116590.485    0   24 521839.000 116590.485  77.7%     -    0s
     0     0 116594.317    0   23 521839.000 116594.317  77.7%     -    0s
     0     0 116597.939    0   22 521839.000 116597.939  77.7%     -    0s
     0     0 116604.959    0   23 521839.000 116604.959  77.7%     -    0s
     0     0 116606.714    0   22 521839.000 116606.714  77.7%     -    0s
     0     0 116611.120    0   24 521839.000 116611.120  77.7%     -    0s
     0     0 116614.628    0   23 521839.000 116614.628  77.7%     -    0s
     0     0 116621.425    0   25 521839.000 116621.425  77.7%     -    0s
     0     0 116629.131    0   22 521839.000 116629.131  77.7%     -    0s
     0     0 116630.646    0   25 521839.000 116630.646  77.7%     -    0s
     0     0 116633.686    0   26 521839.000 116633.686  77.6%     -    0s
     0     0 116635.190    0   26 521839.000 116635.190  77.6%     -    0s
     0     0 116637.161    0   26 521839.000 116637.161  77.6%     -    0s
     0     2 116637.161    0   26 521839.000 116637.161  77.6%     -    0s
  2822  2477 117039.985   24    9 521839.000 116731.467  77.6%   3.8    5s
* 3505  2869              38    488568.00000 116749.235  76.1%   3.7    6s
H 3736  2870                    401199.00000 116749.235  70.9%   3.7    7s
H 3748  2734                    345746.00000 116749.235  66.2%   3.6   10s
H 3751  2599                    335901.00000 116749.235  65.2%   3.6   10s
  4284  3046 117086.073   22    7 335901.000 116749.235  65.2%   4.9   15s
  5010  3361 117301.671   29    6 335901.000 116749.235  65.2%   5.1   20s
  6113  3874 116758.728   18   21 335901.000 116749.235  65.2%   5.2   25s
  7744  4617 117617.194   36    2 335901.000 116761.924  65.2%   5.5   30s
  9376  5307 117486.157   25    5 335901.000 116776.048  65.2%   5.5   35s
 10800  5902 117058.532   26   16 335901.000 116791.588  65.2%   5.6   40s
 12247  6807 117064.907   23   19 335901.000 116803.817  65.2%   5.6   45s
 13521  7596 117229.167   27   14 335901.000 116809.218  65.2%   5.8   51s
 13803  7930 118135.599   38    4 335901.000 116809.218  65.2%   5.9   55s
 14479  8465 117865.022   34    6 335901.000 116813.688  65.2%   5.9   61s
 15199  9039 117005.846   23   22 335901.000 116829.871  65.2%   5.9   66s
 16073  9637 118069.255   36    5 335901.000 116833.015  65.2%   5.9   70s
 16823 10135 117700.635   31    4 335901.000 116835.396  65.2%   6.0   76s
 16871 10253 117887.426   32    1 335901.000 116837.938  65.2%   6.0   80s
 17435 10661 118157.275   35    1 335901.000 116837.938  65.2%   6.0   86s
 18108 11304 117553.540   33   13 335901.000 116875.209  65.2%   6.1   91s
 18933 11939 118015.990   34    4 335901.000 116880.010  65.2%   6.1   96s
 19829 12775 117454.477   35   12 335901.000 116880.477  65.2%   6.2  102s
 20484 13232 117337.056   33   13 335901.000 116881.043  65.2%   6.2  105s
 21635 14192 117017.094   24   18 335901.000 116890.477  65.2%   6.3  110s
 23139 15389 116980.177   31   17 335901.000 116920.829  65.2%   6.3  117s
 24132 15897     cutoff   47      335901.000 116920.829  65.2%   6.3  120s
 25829 17373 117375.472   22   15 335901.000 116935.135  65.2%   6.3  126s
 26739 18086 117517.685   25   14 335901.000 116944.094  65.2%   6.3  130s
 28660 19695 118195.640   39    1 335901.000 116958.521  65.2%   6.4  138s
 29638 20648 118094.707   33    6 335901.000 116961.047  65.2%   6.4  143s
 30917 21606 118829.818   43    3 335901.000 116970.155  65.2%   6.5  148s
 32129 22588 228452.530   48    1 335901.000 116980.654  65.2%   6.5  153s
 33309 23598 117365.472   30   14 335901.000 116984.991  65.2%   6.5  158s
 34784 24552 117148.745   23   20 335901.000 116992.908  65.2%   6.5  165s
 36650 25851 211258.000   46    - 335901.000 116992.908  65.2%   6.5  171s
 38033 26987 117460.763   31   16 335901.000 117007.596  65.2%   6.5  177s
 39401 28089 117985.349   27    9 335901.000 117013.308  65.2%   6.5  183s
 40620 28338 117980.241   36    6 335901.000 117020.051  65.2%   6.5  185s
 40759 29232 117784.000   27    - 335901.000 117025.758  65.2%   6.5  190s
 42453 30315 118126.427   39    1 335901.000 117027.670  65.2%   6.5  197s
 43847 30845 117385.452   24   17 335901.000 117035.709  65.2%   6.5  204s
 44409 31477 117535.688   23   14 335901.000 117035.955  65.2%   6.5  211s
 45396 32178 117795.168   24    8 335901.000 117036.425  65.2%   6.5  219s
 46327 32924 117542.397   24   14 335901.000 117041.631  65.2%   6.5  226s
 47186 33639 117665.173   25   10 335901.000 117043.899  65.2%   6.5  234s
 48050 34198 117423.342   25   17 335901.000 117047.685  65.2%   6.5  242s
 48745 34933 117734.333   26    6 335901.000 117050.811  65.2%   6.5  249s
 48991 35008 117888.474   31   11 335901.000 117050.811  65.2%   6.5  250s
 49907 35921 117700.195   26   11 335901.000 117054.028  65.2%   6.5  258s
 51065 36917 117874.903   25    7 335901.000 117058.957  65.2%   6.5  267s
 52459 37231 117291.039   24   26 335901.000 117063.654  65.1%   6.5  306s
 52461 37232 118263.251   34   28 335901.000 117063.654  65.1%   6.5  311s
 52462 37233 117440.803   31   31 335901.000 117063.654  65.1%   6.5  315s
 52464 37234 118215.652   40   30 335901.000 117063.654  65.1%   6.5  323s
 52465 37235 117575.950   39   31 335901.000 117063.654  65.1%   6.5  327s
 52466 37236 117317.181   30   32 335901.000 117063.654  65.1%   6.5  331s
 52467 37236 118141.576   41   31 335901.000 117063.654  65.1%   6.5  339s
 52468 37237 117074.729   21   33 335901.000 117063.654  65.1%   6.5  345s
 52472 37240 118900.000   41   33 335901.000 117063.654  65.1%   6.5  350s
H52472 35377                    308958.00000 117063.654  62.1%   6.5  356s
H52472 33608                    286860.00000 117063.654  59.2%   6.5  357s
 52476 33610 118504.000   48   33 286860.000 117063.654  59.2%   6.5  362s
 52477 33611 117276.737   23   31 286860.000 117063.654  59.2%   6.5  368s
 52481 33614 118916.119   46   32 286860.000 117063.654  59.2%   6.5  373s
H52481 31933                    272985.00000 117063.654  57.1%   6.5  379s
H52482 31933                    269164.00000 117063.654  56.5%   6.5  379s
 52483 31934 117589.662   35   33 269164.000 117063.654  56.5%   6.5  383s
 52484 31935 117585.242   31   32 269164.000 117063.654  56.5%   6.5  389s
 52485 31935 118451.000   34   32 269164.000 117063.654  56.5%   6.5  394s
 52486 31936 118365.000   49   32 269164.000 117063.654  56.5%   6.5  395s
 52489 31943 117063.654   22   30 269164.000 117063.654  56.5%   6.5  400s
 52501 31963 117063.654   24   27 269164.000 117063.654  56.5%   6.6  405s
 52549 32011 117063.654   26   28 269164.000 117063.654  56.5%   6.6  412s
 52581 32116 117063.654   27   28 269164.000 117063.654  56.5%   6.6  416s
 52697 32113 117063.654   28   27 269164.000 117063.654  56.5%   6.7  420s
 52734 32200 117063.654   29   25 269164.000 117063.654  56.5%   6.7  426s
 52978 32397 117063.654   31   25 269164.000 117063.654  56.5%   6.8  430s
 53366 32560 117063.654   33   24 269164.000 117063.654  56.5%   6.8  435s
 53595 32631 117063.654   34   23 269164.000 117063.654  56.5%   6.8  440s
 53808 32740 119491.000   55    - 269164.000 117063.654  56.5%   6.8  445s
 54081 32917 117228.156   37   19 269164.000 117063.654  56.5%   6.9  451s
 54263 32987 117656.786   38   15 269164.000 117063.654  56.5%   6.9  455s
 54437 33030 117378.841   39   15 269164.000 117063.654  56.5%   6.9  461s
 54472 33105 117518.604   40   19 269164.000 117063.654  56.5%   6.9  465s
 54887 33282 117271.188   33   21 269164.000 117063.654  56.5%   7.0  470s
 55387 33516 118932.003   49    5 269164.000 117063.654  56.5%   7.0  478s
 55516 33632 118792.127   50    6 269164.000 117063.654  56.5%   7.0  481s
 55764 33624 117724.522   35   18 269164.000 117063.654  56.5%   7.1  485s
 55794 33651 119535.000   54    1 269164.000 117063.654  56.5%   7.1  490s
 56015 33780 117063.654   34   23 269164.000 117063.654  56.5%   7.1  495s
 56376 34029 117185.712   33   20 269164.000 117063.654  56.5%   7.1  500s
 57021 34378 119681.000   57    - 269164.000 117063.654  56.5%   7.1  507s
 57473 34581 117188.804   35   20 269164.000 117063.654  56.5%   7.1  512s
 57976 34570 118115.007   48    9 269164.000 117063.654  56.5%   7.1  520s
 58016 34715 118429.003   49    7 269164.000 117063.654  56.5%   7.1  528s
 58298 35028 117063.654   37   21 269164.000 117063.654  56.5%   7.2  533s
 58808 35222 117728.008   42   15 269164.000 117063.654  56.5%   7.2  539s
 59129 35195 120503.097   56    3 269164.000 117063.654  56.5%   7.2  540s
 59670 35478 117401.585   37   18 269164.000 117063.654  56.5%   7.2  545s
 59913 35469 117289.806   31   19 269164.000 117063.654  56.5%   7.3  552s
 59982 35737 117322.678   32   20 269164.000 117063.654  56.5%   7.3  559s
 60536 36144 118950.450   47    3 269164.000 117063.654  56.5%   7.3  565s
 61301 36407 117308.716   33   18 269164.000 117063.654  56.5%   7.3  571s
 61982 36673 119614.889   58    2 269164.000 117063.654  56.5%   7.3  577s
 62595 37006 117421.833   39   19 269164.000 117063.654  56.5%   7.4  583s
 63273 37326 119374.625   54    3 269164.000 117063.654  56.5%   7.4  590s
 63953 37291 117822.908   43   14 269164.000 117063.654  56.5%   7.4  600s

Cutting planes:
  MIR: 26
  Flow cover: 4

Explored 64099 nodes (478278 simplex iterations) in 601.39 seconds (305.31 work units)
Thread count was 32 (of 32 available processors)

Solution count 10: 269164 272985 286860 ... 544273

Time limit reached
Best objective 2.691640000000e+05, best bound 1.170636539060e+05, gap 56.5084%

User-callback calls 188581, time in user-callback 100.82 sec
