
Gurobi 13.0.2 (win64) logging started Sun Jul 12 04:08:17 2026

Set parameter LogFile to value "logs/PSC1-C5-50-10_m0_exact_s0_20260712-040817.gurobi.log"
Set parameter Seed to value 0
Set parameter TimeLimit to value 3599.7480725
Set parameter NodefileStart to value 4
Set parameter MIPGap to value 0
Set parameter MIPGapAbs to value 0.9999
Set parameter Cutoff to value 1e+100
Gurobi Optimizer version 13.0.2 build v13.0.2rc1 (win64 - Windows 11+.0 (26200.2))

CPU model: Intel(R) Core(TM) i9-14900HX, instruction set [SSE2|AVX|AVX2]
Thread count: 24 physical cores, 32 logical processors, using up to 32 threads

Non-default parameters:
TimeLimit  3599.7480725
MIPGap  0
MIPGapAbs  0.9999
NodefileStart  4

Optimize a model with 4500 rows, 250150 columns and 701500 nonzeros (Min)
Model fingerprint: 0xfb9bbdc7
Model has 250150 linear objective coefficients
Variable types: 250000 continuous, 150 integer (150 binary)
Coefficient statistics:
  Matrix range     [1e+00, 6e+02]
  Objective range  [4e+01, 3e+04]
  Bounds range     [1e+00, 1e+00]
  RHS range        [1e+01, 2e+01]

Using branch priorities.
Found heuristic solution: objective 3.052462e+07
Presolve time: 0.62s
Presolved: 4500 rows, 250150 columns, 701500 nonzeros
Variable types: 250000 continuous, 150 integer (150 binary)
Deterministic concurrent LP optimizer: primal simplex, dual simplex, and barrier
Showing barrier log only...

Root barrier log...

Ordering time: 0.12s

Barrier statistics:
 AA' NZ     : 4.578e+05
 Factor NZ  : 1.665e+06 (roughly 120 MB of memory)
 Factor Ops : 8.582e+08 (less than 1 second per iteration)
 Threads    : 22

                  Objective                Residual
Iter       Primal          Dual         Primal    Dual     Compl     Time
   0   2.17804965e+11 -2.85466378e+10  3.10e+04 0.00e+00  1.91e+06     1s
   1   1.46850883e+11 -2.14516550e+10  2.08e+04 2.91e-11  1.31e+06     1s
   2   1.37566283e+10 -1.18071182e+10  1.93e+03 4.93e-09  1.36e+05     1s
   3   2.13114922e+08 -3.68487579e+09  4.90e+00 6.52e-09  7.90e+03     1s
   4   1.17978876e+08 -7.27268075e+08  1.19e-13 1.39e-09  1.67e+03     1s
   5   5.62309775e+07 -7.81408429e+07  1.05e-13 1.44e-10  2.66e+02     1s
   6   4.54033012e+07 -4.00637019e+07  8.88e-14 7.78e-11  1.69e+02     1s
   7   3.76546320e+07 -1.34702918e+07  8.53e-14 3.89e-11  1.01e+02     1s
   8   3.51129207e+07  5.42092669e+06  8.70e-14 1.99e-11  5.88e+01     1s
   9   3.10018794e+07  1.44707287e+07  6.39e-14 1.06e-11  3.27e+01     1s
  10   2.84611196e+07  2.07241930e+07  7.06e-14 4.66e-12  1.53e+01     1s
  11   2.68750654e+07  2.32310574e+07  5.15e-14 2.05e-12  7.22e+00     1s
  12   2.61009084e+07  2.43231307e+07  3.95e-14 2.16e-12  3.52e+00     2s
  13   2.58318181e+07  2.47817296e+07  4.35e-14 2.00e-12  2.08e+00     2s
  14   2.56697983e+07  2.51749792e+07  1.10e-13 1.95e-12  9.80e-01     2s
  15   2.55682915e+07  2.53117802e+07  5.03e-13 1.90e-12  5.08e-01     2s
  16   2.55066683e+07  2.53963652e+07  7.92e-13 2.01e-12  2.19e-01     2s
  17   2.54935739e+07  2.54188354e+07  3.99e-13 1.90e-12  1.48e-01     2s
  18   2.54893629e+07  2.54505127e+07  2.41e-13 1.93e-12  7.70e-02     2s
  19   2.54842053e+07  2.54620849e+07  3.39e-12 2.03e-12  4.38e-02     2s
  20   2.54808829e+07  2.54697044e+07  1.80e-12 1.98e-12  2.21e-02     2s
  21   2.54795798e+07  2.54739413e+07  1.55e-12 2.00e-12  1.12e-02     2s
  22   2.54789447e+07  2.54767146e+07  3.09e-12 1.79e-12  4.42e-03     2s
  23   2.54786280e+07  2.54774048e+07  6.09e-12 2.08e-12  2.42e-03     2s
  24   2.54785337e+07  2.54780132e+07  7.78e-12 1.92e-12  1.03e-03     2s
  25   2.54784837e+07  2.54782230e+07  5.19e-12 2.12e-12  5.16e-04     2s
  26   2.54784416e+07  2.54783491e+07  8.46e-12 1.89e-12  1.83e-04     2s
  27   2.54784331e+07  2.54783922e+07  1.42e-11 1.95e-12  8.11e-05     2s
  28   2.54784258e+07  2.54784157e+07  3.20e-11 2.20e-12  1.99e-05     2s
  29   2.54784232e+07  2.54784178e+07  1.06e-10 1.93e-12  1.08e-05     2s
  30   2.54784227e+07  2.54784202e+07  3.29e-10 1.86e-12  4.88e-06     2s
  31   2.54784226e+07  2.54784213e+07  3.14e-10 1.96e-12  2.58e-06     2s
  32   2.54784222e+07  2.54784221e+07  2.19e-10 2.00e-12  2.19e-07     2s
  33   2.54784222e+07  2.54784222e+07  4.54e-10 2.27e-12  1.48e-10     2s

Barrier solved model in 33 iterations and 2.18 seconds (3.76 work units)
Optimal objective 2.54784222e+07

Crossover time: 0.05 seconds (0.08 work units)
Concurrent spin time: 0.12s

Solved with barrier

Root relaxation: objective 2.547842e+07, 2276 iterations, 1.67 seconds (2.26 work units)

    Nodes    |    Current Node    |     Objective Bounds      |     Work
 Expl Unexpl |  Obj  Depth IntInf | Incumbent    BestBd   Gap | It/Node Time

     0     0 2.5478e+07    0  130 3.0525e+07 2.5478e+07  16.5%     -    2s
H    0     0                    2.690549e+07 2.5478e+07  5.30%     -    2s
H    0     0                    2.684419e+07 2.5478e+07  5.09%     -    2s
H    0     0                    2.680033e+07 2.5478e+07  4.93%     -    2s
     0     0 2.5520e+07    0  130 2.6800e+07 2.5520e+07  4.78%     -   32s
H    0     0                    2.674360e+07 2.5520e+07  4.57%     -   32s
     0     0 2.5537e+07    0  132 2.6744e+07 2.5537e+07  4.51%     -   76s
     0     0 2.5545e+07    0  132 2.6744e+07 2.5545e+07  4.48%     -  115s
     0     0 2.5546e+07    0  132 2.6744e+07 2.5546e+07  4.48%     -  139s
     0     0 2.5547e+07    0  131 2.6744e+07 2.5547e+07  4.48%     -  154s
     0     0 2.5547e+07    0  131 2.6744e+07 2.5547e+07  4.48%     -  160s
     0     0 2.5547e+07    0  131 2.6744e+07 2.5547e+07  4.48%     -  163s
     0     0 2.5566e+07    0  129 2.6744e+07 2.5566e+07  4.40%     -  218s
H    0     0                    2.670952e+07 2.5566e+07  4.28%     -  218s
H    0     0                    2.670932e+07 2.5566e+07  4.28%     -  218s
H    0     0                    2.652118e+07 2.5566e+07  3.60%     -  218s
H    0     0                    2.649618e+07 2.5566e+07  3.51%     -  218s
H    0     0                    2.648986e+07 2.5566e+07  3.49%     -  218s
     0     0 2.5582e+07    0  131 2.6490e+07 2.5582e+07  3.43%     -  276s
     0     0 2.5589e+07    0  130 2.6490e+07 2.5589e+07  3.40%     -  330s
     0     0 2.5592e+07    0  131 2.6490e+07 2.5592e+07  3.39%     -  379s
     0     0 2.5593e+07    0  130 2.6490e+07 2.5593e+07  3.38%     -  409s
     0     0 2.5594e+07    0  130 2.6490e+07 2.5594e+07  3.38%     -  431s
     0     0 2.5594e+07    0  129 2.6490e+07 2.5594e+07  3.38%     -  440s
     0     0 2.5605e+07    0  130 2.6490e+07 2.5605e+07  3.34%     -  513s
H    0     0                    2.631604e+07 2.5605e+07  2.70%     -  522s
H    0     0                    2.630256e+07 2.5605e+07  2.65%     -  523s
H    0     0                    2.630166e+07 2.5605e+07  2.65%     -  539s
H    0     0                    2.629421e+07 2.5605e+07  2.62%     -  539s
H    0     0                    2.628785e+07 2.5605e+07  2.60%     -  540s
H    0     0                    2.627554e+07 2.5605e+07  2.55%     -  540s
H    0     0                    2.626946e+07 2.5605e+07  2.53%     -  540s
     0     0 2.5614e+07    0  132 2.6269e+07 2.5614e+07  2.50%     -  626s
     0     0 2.5618e+07    0  133 2.6269e+07 2.5618e+07  2.48%     -  693s
     0     0 2.5619e+07    0  133 2.6269e+07 2.5619e+07  2.47%     -  743s
     0     0 2.5620e+07    0  132 2.6269e+07 2.5620e+07  2.47%     -  775s
     0     0 2.5620e+07    0  134 2.6269e+07 2.5620e+07  2.47%     -  796s
     0     0 2.5620e+07    0  133 2.6269e+07 2.5620e+07  2.47%     -  810s
     0     0 2.5626e+07    0  134 2.6269e+07 2.5626e+07  2.45%     -  886s
H    0     0                    2.618900e+07 2.5626e+07  2.15%     -  918s
H    0     0                    2.615956e+07 2.5626e+07  2.04%     -  918s
H    0     0                    2.615187e+07 2.5626e+07  2.01%     -  980s
H    0     0                    2.614525e+07 2.5626e+07  1.99%     -  982s
H    0     0                    2.613310e+07 2.5626e+07  1.94%     -  985s
H    0     0                    2.612668e+07 2.5626e+07  1.92%     -  989s
     0     0 2.5630e+07    0  135 2.6127e+07 2.5630e+07  1.90%     - 1066s
     0     0 2.5631e+07    0  134 2.6127e+07 2.5631e+07  1.90%     - 1107s
     0     0 2.5631e+07    0  135 2.6127e+07 2.5631e+07  1.90%     - 1130s
     0     0 2.5631e+07    0  135 2.6127e+07 2.5631e+07  1.90%     - 1142s
     0     0 2.5636e+07    0  130 2.6127e+07 2.5636e+07  1.88%     - 1336s
     0     0 2.5636e+07    0  132 2.6127e+07 2.5636e+07  1.88%     - 1343s
     0     0 2.5636e+07    0  133 2.6127e+07 2.5636e+07  1.88%     - 1353s
     0     0 2.5636e+07    0  133 2.6127e+07 2.5636e+07  1.88%     - 1353s
H    0     0                    2.605122e+07 2.5636e+07  1.59%     - 1520s
H    0     0                    2.576086e+07 2.5636e+07  0.48%     - 1522s
H    0     0                    2.573339e+07 2.5636e+07  0.38%     - 1522s
     0     2 2.5636e+07    0  133 2.5733e+07 2.5636e+07  0.38%     - 1524s
     1     3 2.5638e+07    1  125 2.5733e+07 2.5636e+07  0.38%  9335 1556s
     2     4 2.5637e+07    1  131 2.5733e+07 2.5637e+07  0.38%  6617 1568s
     3     5 2.5641e+07    2  127 2.5733e+07 2.5637e+07  0.38%  7220 1600s
     4     8 2.5638e+07    2  130 2.5733e+07 2.5637e+07  0.38%  6659 1622s
     7    11 2.5641e+07    3  126 2.5733e+07 2.5638e+07  0.37%  6407 1667s
    10    16 2.5638e+07    3  129 2.5733e+07 2.5638e+07  0.37%  6390 1730s
    15    31 2.5640e+07    4  124 2.5733e+07 2.5638e+07  0.37%  9197 1820s
    30    54 2.5640e+07    5  123 2.5733e+07 2.5639e+07  0.37% 17490 1931s
    53    79 2.5640e+07    6  123 2.5733e+07 2.5639e+07  0.37% 13755 2083s
    78   113 2.5641e+07    7  122 2.5733e+07 2.5639e+07  0.37% 12739 2236s
H  112   138                    2.571727e+07 2.5639e+07  0.31% 10789 2354s
H  131   138                    2.571612e+07 2.5639e+07  0.30% 13202 2354s
   137   173 2.5644e+07    9  119 2.5716e+07 2.5639e+07  0.30% 13775 2505s
   172   216 2.5645e+07   11  117 2.5716e+07 2.5639e+07  0.30% 11974 2639s
   215   234 2.5650e+07   12  114 2.5716e+07 2.5639e+07  0.30% 10676 2791s
   233   270 2.5649e+07   10  118 2.5716e+07 2.5639e+07  0.30% 10470 2932s
H  250   270                    2.571585e+07 2.5639e+07  0.30% 10241 2932s
H  260   270                    2.571585e+07 2.5639e+07  0.30% 10028 2932s
   269   305 2.5650e+07   11  116 2.5716e+07 2.5639e+07  0.30%  9944 3087s
H  270   305                    2.571582e+07 2.5639e+07  0.30%  9907 3087s
H  301   305                    2.571582e+07 2.5639e+07  0.30%  9755 3087s
   304   349 2.5652e+07   14  120 2.5716e+07 2.5639e+07  0.30%  9764 3225s
   348   431 2.5654e+07   15  117 2.5716e+07 2.5639e+07  0.30%  9412 3371s
   430   507 2.5653e+07   16  116 2.5716e+07 2.5639e+07  0.30% 10559 3496s
   506   577 2.5655e+07   16  118 2.5716e+07 2.5639e+07  0.30% 11159 3599s

Cutting planes:
  Implied bound: 11136
  MIR: 499
  Flow cover: 886
  Relax-and-lift: 434

Explored 576 nodes (6847782 simplex iterations) in 3600.03 seconds (3300.63 work units)
Thread count was 32 (of 32 available processors)

Solution count 10: 2.57158e+07 2.57173e+07 2.57334e+07 ... 2.61596e+07

Time limit reached
Best objective 2.571581644348e+07, best bound 2.563874766291e+07, gap 0.2997%
