
Gurobi 13.0.2 (win64) logging started Sun Jul 12 00:07:52 2026

Set parameter LogFile to value "logs/PSC1-C4-50-10_m0_exact_s0_20260712-000751.gurobi.log"
Set parameter Seed to value 0
Set parameter TimeLimit to value 3599.7541961
Set parameter NodefileStart to value 4
Set parameter MIPGap to value 0
Set parameter MIPGapAbs to value 0.9999
Set parameter Cutoff to value 1e+100
Gurobi Optimizer version 13.0.2 build v13.0.2rc1 (win64 - Windows 11+.0 (26200.2))

CPU model: Intel(R) Core(TM) i9-14900HX, instruction set [SSE2|AVX|AVX2]
Thread count: 24 physical cores, 32 logical processors, using up to 32 threads

Non-default parameters:
TimeLimit  3599.7541961
MIPGap  0
MIPGapAbs  0.9999
NodefileStart  4

Optimize a model with 4500 rows, 250150 columns and 701500 nonzeros (Min)
Model fingerprint: 0x922a708a
Model has 250150 linear objective coefficients
Variable types: 250000 continuous, 150 integer (150 binary)
Coefficient statistics:
  Matrix range     [1e+00, 6e+02]
  Objective range  [5e+01, 3e+04]
  Bounds range     [1e+00, 1e+00]
  RHS range        [1e+01, 2e+01]

Using branch priorities.
Found heuristic solution: objective 6743567.0000
Presolve time: 0.60s
Presolved: 4500 rows, 250150 columns, 701500 nonzeros
Variable types: 250000 continuous, 150 integer (150 binary)
Deterministic concurrent LP optimizer: primal simplex, dual simplex, and barrier
Showing barrier log only...

Root barrier log...

Ordering time: 0.11s

Barrier statistics:
 AA' NZ     : 4.578e+05
 Factor NZ  : 1.665e+06 (roughly 120 MB of memory)
 Factor Ops : 8.582e+08 (less than 1 second per iteration)
 Threads    : 22

                  Objective                Residual
Iter       Primal          Dual         Primal    Dual     Compl     Time
   0   2.40250376e+10 -2.56710309e+09  3.08e+04 0.00e+00  2.19e+05     1s
   1   1.70601620e+10 -2.02680313e+09  2.18e+04 1.82e-12  1.59e+05     1s
   2   1.07060845e+09 -1.22475986e+09  1.33e+03 7.09e-11  1.16e+04     1s
   3   5.43051433e+07 -5.39888257e+08  2.80e+01 1.92e-09  1.30e+03     1s
   4   3.17968717e+07 -2.11259638e+08  8.09e-02 7.90e-10  4.82e+02     1s
   5   2.58350425e+07 -1.51062432e+08  1.45e-02 5.68e-10  3.50e+02     1s
   6   1.45357494e+07 -1.81415540e+07  1.88e-03 1.91e-11  6.47e+01     1s
   7   7.95603013e+06 -6.13362708e+06  6.53e-04 7.73e-12  2.79e+01     1s
   8   5.81341568e+06 -1.45667304e+05  3.85e-04 1.53e-12  1.18e+01     1s
   9   5.36382634e+06  9.48387555e+05  2.56e-04 1.17e-12  8.75e+00     1s
  10   4.76688597e+06  1.89793131e+06  1.64e-04 9.52e-13  5.68e+00     1s
  11   4.63186388e+06  2.19555623e+06  1.44e-04 6.82e-13  4.83e+00     1s
  12   4.28181243e+06  2.57744464e+06  9.46e-05 5.12e-13  3.38e+00     2s
  13   4.04662360e+06  2.92051984e+06  6.45e-05 2.66e-13  2.23e+00     2s
  14   3.56633617e+06  3.17900193e+06  1.02e-05 2.06e-13  7.67e-01     2s
  15   3.41080082e+06  3.24663891e+06  2.34e-06 2.30e-13  3.25e-01     2s
  16   3.38378046e+06  3.28571128e+06  1.42e-06 2.38e-13  1.94e-01     2s
  17   3.36796823e+06  3.30122984e+06  9.28e-07 2.91e-13  1.32e-01     2s
  18   3.35420390e+06  3.31614965e+06  5.16e-07 3.08e-13  7.54e-02     2s
  19   3.34661504e+06  3.32435742e+06  2.96e-07 2.89e-13  4.41e-02     2s
  20   3.34327520e+06  3.32946106e+06  2.05e-07 3.10e-13  2.74e-02     2s
  21   3.33941574e+06  3.33168066e+06  1.01e-07 3.42e-13  1.53e-02     2s
  22   3.33764494e+06  3.33298436e+06  5.48e-08 3.31e-13  9.23e-03     2s
  23   3.33678182e+06  3.33385413e+06  3.26e-08 3.71e-13  5.80e-03     2s
  24   3.33636520e+06  3.33443563e+06  2.23e-08 3.80e-13  3.82e-03     2s
  25   3.33601307e+06  3.33483875e+06  1.36e-08 3.03e-13  2.33e-03     2s
  26   3.33571878e+06  3.33514366e+06  6.63e-09 3.06e-13  1.14e-03     2s
  27   3.33559577e+06  3.33530820e+06  3.79e-09 2.78e-13  5.70e-04     2s
  28   3.33547934e+06  3.33537018e+06  1.17e-09 2.90e-13  2.16e-04     2s
  29   3.33543823e+06  3.33540858e+06  2.92e-10 2.81e-13  5.87e-05     2s
  30   3.33542775e+06  3.33541626e+06  9.71e-11 2.71e-13  2.28e-05     2s
  31   3.33542518e+06  3.33542152e+06  4.33e-11 2.61e-13  7.24e-06     2s
  32   3.33542409e+06  3.33542312e+06  3.91e-10 2.34e-13  1.93e-06     2s
  33   3.33542354e+06  3.33542352e+06  7.24e-10 3.16e-13  4.64e-08     2s
  34   3.33542353e+06  3.33542353e+06  3.87e-10 2.78e-13  1.50e-11     2s

Barrier solved model in 34 iterations and 2.30 seconds (3.81 work units)
Optimal objective 3.33542353e+06

Crossover time: 0.07 seconds (0.14 work units)
Concurrent spin time: 0.09s

Solved with barrier

Root relaxation: objective 3.335424e+06, 2132 iterations, 1.79 seconds (2.38 work units)

    Nodes    |    Current Node    |     Objective Bounds      |     Work
 Expl Unexpl |  Obj  Depth IntInf | Incumbent    BestBd   Gap | It/Node Time

     0     0 3335423.53    0  143 6743567.00 3335423.53  50.5%     -    2s
H    0     0                    5172237.3835 3335423.53  35.5%     -    2s
H    0     0                    5083289.0690 3335423.53  34.4%     -    2s
H    0     0                    5045954.0000 3335423.53  33.9%     -    2s
     0     0 3346689.96    0  146 5045954.00 3346689.96  33.7%     -   59s
H    0     0                    5020505.0000 3346694.15  33.3%     -   60s
     0     0 3351128.68    0  148 5020505.00 3351128.68  33.3%     -  152s
     0     0 3353035.03    0  148 5020505.00 3353035.03  33.2%     -  230s
     0     0 3353502.06    0  148 5020505.00 3353502.06  33.2%     -  269s
     0     0 3353600.82    0  148 5020505.00 3353600.82  33.2%     -  289s
     0     0 3353654.64    0  148 5020505.00 3353654.64  33.2%     -  303s
     0     0 3353687.47    0  148 5020505.00 3353687.47  33.2%     -  313s
     0     0 3353695.50    0  148 5020505.00 3353695.50  33.2%     -  318s
     0     0 3353698.42    0  148 5020505.00 3353698.42  33.2%     -  321s
     0     0 3357823.99    0  146 5020505.00 3357823.99  33.1%     -  434s
H    0     0                    4696225.4802 3357825.26  28.5%     -  435s
H    0     0                    4696223.4802 3357825.26  28.5%     -  435s
H    0     0                    4660398.0000 3357825.26  27.9%     -  435s
H    0     0                    4644035.0000 3357825.26  27.7%     -  435s
H    0     0                    4642519.0000 3357825.26  27.7%     -  435s
     0     0 3361399.75    0  149 4642519.00 3361399.75  27.6%     -  547s
     0     0 3364000.84    0  149 4642519.00 3364000.84  27.5%     -  673s
     0     0 3365069.93    0  150 4642519.00 3365069.93  27.5%     -  779s
     0     0 3365707.27    0  150 4642519.00 3365707.27  27.5%     -  858s
     0     0 3365953.05    0  150 4642519.00 3365953.05  27.5%     -  908s
     0     0 3366040.93    0  150 4642519.00 3366040.93  27.5%     -  941s
     0     0 3366152.48    0  150 4642519.00 3366152.48  27.5%     -  972s
     0     0 3366188.67    0  150 4642519.00 3366188.67  27.5%     -  987s
     0     0 3366209.42    0  150 4642519.00 3366209.42  27.5%     - 1004s
     0     0 3366214.12    0  150 4642519.00 3366214.12  27.5%     - 1010s
     0     0 3368855.13    0  149 4642519.00 3368855.13  27.4%     - 1146s
H    0     0                    4376391.0000 3368855.16  23.0%     - 1151s
H    0     0                    4356907.0000 3368855.16  22.7%     - 1152s
H    0     0                    4333544.0000 3368855.16  22.3%     - 1154s
H    0     0                    4325040.0000 3368855.16  22.1%     - 1161s
H    0     0                    4301608.0000 3368855.16  21.7%     - 1165s
H    0     0                    4287758.0000 3368855.16  21.4%     - 1165s
H    0     0                    4286696.0000 3368855.16  21.4%     - 1166s
H    0     0                    4279380.0000 3368855.16  21.3%     - 1166s
     0     0 3371100.34    0  147 4279380.00 3371100.34  21.2%     - 1327s
     0     0 3372566.53    0  150 4279380.00 3372566.53  21.2%     - 1455s
     0     0 3373435.16    0  150 4279380.00 3373435.16  21.2%     - 1562s
     0     0 3373794.17    0  150 4279380.00 3373794.17  21.2%     - 1630s
     0     0 3373948.98    0  150 4279380.00 3373948.98  21.2%     - 1679s
     0     0 3374072.62    0  150 4279380.00 3374072.62  21.2%     - 1716s
     0     0 3374161.89    0  150 4279380.00 3374161.89  21.2%     - 1747s
     0     0 3374206.83    0  150 4279380.00 3374206.83  21.2%     - 1764s
     0     0 3374230.09    0  150 4279380.00 3374230.09  21.2%     - 1779s
     0     0 3375683.54    0  149 4279380.00 3375683.54  21.1%     - 1929s
H    0     0                    4182613.0000 3375684.74  19.3%     - 1967s
H    0     0                    4152595.0000 3375684.74  18.7%     - 1968s
H    0     0                    4132500.0000 3375684.74  18.3%     - 2025s
H    0     0                    4124148.0000 3375684.74  18.1%     - 2029s
H    0     0                    4124083.0000 3375684.74  18.1%     - 2059s
H    0     0                    4098495.0000 3375684.74  17.6%     - 2081s
H    0     0                    4093240.0000 3375684.74  17.5%     - 2084s
H    0     0                    4080920.0000 3375684.74  17.3%     - 2088s
     0     0 3376840.51    0  150 4080920.00 3376840.51  17.3%     - 2221s
     0     0 3377698.55    0  150 4080920.00 3377698.55  17.2%     - 2332s
     0     0 3378041.93    0  150 4080920.00 3378041.93  17.2%     - 2404s
     0     0 3378224.70    0  149 4080920.00 3378224.70  17.2%     - 2453s
     0     0 3378381.36    0  150 4080920.00 3378381.36  17.2%     - 2503s
     0     0 3378460.97    0  149 4080920.00 3378460.97  17.2%     - 2538s
     0     0 3378486.96    0  150 4080920.00 3378486.96  17.2%     - 2557s
     0     0 3381357.64    0  137 4080920.00 3381357.64  17.1%     - 3107s
     0     0 3381500.47    0  145 4080920.00 3381500.47  17.1%     - 3149s
     0     0 3381550.40    0  140 4080920.00 3381550.40  17.1%     - 3178s
     0     0 3381826.29    0  145 4080920.00 3381826.29  17.1%     - 3239s
     0     0 3381826.58    0  145 4080920.00 3381826.58  17.1%     - 3240s

Cutting planes:
  Implied bound: 10840
  MIR: 230
  Flow cover: 417
  Relax-and-lift: 262

Explored 1 nodes (750174 simplex iterations) in 3599.78 seconds (4094.62 work units)
Thread count was 32 (of 32 available processors)

Solution count 10: 4.08092e+06 4.09324e+06 4.0985e+06 ... 4.2867e+06

Time limit reached
Best objective 4.080920000000e+06, best bound 3.381827584108e+06, gap 17.1308%
