
Gurobi 13.0.2 (win64) logging started Sun Jul 12 01:07:52 2026

Set parameter LogFile to value "logs/PSC1-C4-50-5_m0_exact_s0_20260712-010752.gurobi.log"
Set parameter Seed to value 0
Set parameter TimeLimit to value 3599.8738705
Set parameter NodefileStart to value 4
Set parameter MIPGap to value 0
Set parameter MIPGapAbs to value 0.9999
Set parameter Cutoff to value 1e+100
Gurobi Optimizer version 13.0.2 build v13.0.2rc1 (win64 - Windows 11+.0 (26200.2))

CPU model: Intel(R) Core(TM) i9-14900HX, instruction set [SSE2|AVX|AVX2]
Thread count: 24 physical cores, 32 logical processors, using up to 32 threads

Non-default parameters:
TimeLimit  3599.8738705
MIPGap  0
MIPGapAbs  0.9999
NodefileStart  4

Optimize a model with 2250 rows, 125150 columns and 350750 nonzeros (Min)
Model fingerprint: 0x67c7a7f3
Model has 125150 linear objective coefficients
Variable types: 125000 continuous, 150 integer (150 binary)
Coefficient statistics:
  Matrix range     [1e+00, 6e+02]
  Objective range  [5e+01, 3e+04]
  Bounds range     [1e+00, 1e+00]
  RHS range        [1e+01, 2e+01]

Using branch priorities.
Found heuristic solution: objective 4498823.0000
Presolve time: 0.29s
Presolved: 2250 rows, 125150 columns, 350750 nonzeros
Variable types: 125000 continuous, 150 integer (150 binary)
Deterministic concurrent LP optimizer: primal and dual simplex
Showing primal log only...


Root simplex log...

Iteration    Objective       Primal Inf.    Dual Inf.      Time
  121285    1.8200180e+06   0.000000e+00   6.095264e+04      5s
  137289    1.8193691e+06   0.000000e+00   0.000000e+00      6s
Concurrent spin time: 1.04s (can be avoided by choosing Method=3)

Solved with primal simplex

Root relaxation: objective 1.819369e+06, 137289 iterations, 6.07 seconds (7.75 work units)

    Nodes    |    Current Node    |     Objective Bounds      |     Work
 Expl Unexpl |  Obj  Depth IntInf | Incumbent    BestBd   Gap | It/Node Time

     0     0 1819369.06    0  116 4498823.00 1819369.06  59.6%     -    6s
H    0     0                    3221590.4200 1819369.06  43.5%     -    6s
H    0     0                    3031594.3381 1819369.06  40.0%     -    6s
H    0     0                    2989294.0000 1819369.06  39.1%     -    6s
H    0     0                    2913539.8270 1827957.37  37.3%     -   19s
H    0     0                    2902413.1603 1827957.37  37.0%     -   19s
H    0     0                    2901862.0000 1827957.37  37.0%     -   19s
     0     0 1827957.37    0  125 2901862.00 1827957.37  37.0%     -   20s
H    0     0                    2847492.0000 1827962.24  35.8%     -   21s
H    0     0                    2798401.8179 1829206.92  34.6%     -   29s
H    0     0                    2358294.3939 1829206.92  22.4%     -   29s
H    0     0                    2016617.8701 1829206.92  9.29%     -   29s
H    0     0                    1921916.5246 1829206.92  4.82%     -   29s
H    0     0                    1916384.0000 1829206.92  4.55%     -   29s
     0     0 1829206.92    0  124 1916384.00 1829206.92  4.55%     -   29s
     0     0 1829632.58    0  126 1916384.00 1829632.58  4.53%     -   34s
     0     0 1829742.21    0  126 1916384.00 1829742.21  4.52%     -   37s
     0     0 1829760.20    0  126 1916384.00 1829760.20  4.52%     -   38s
     0     0 1829764.02    0  126 1916384.00 1829764.02  4.52%     -   39s
     0     0 1830426.65    0  126 1916384.00 1830426.65  4.49%     -   39s
     0     0 1830426.65    0  126 1916384.00 1830426.65  4.49%     -   40s
     0     0 1833886.42    0  128 1916384.00 1833886.42  4.30%     -   61s
H    0     0                    1914568.0000 1835526.36  4.13%     -   82s
     0     0 1835526.36    0  130 1914568.00 1835526.36  4.13%     -   83s
     0     0 1836056.06    0  134 1914568.00 1836056.06  4.10%     -   96s
     0     0 1836258.79    0  134 1914568.00 1836258.79  4.09%     -  104s
     0     0 1836334.00    0  135 1914568.00 1836334.00  4.09%     -  108s
     0     0 1836370.16    0  135 1914568.00 1836370.16  4.08%     -  111s
     0     0 1836376.24    0  135 1914568.00 1836376.24  4.08%     -  113s
     0     0 1838077.39    0  134 1914568.00 1838077.39  4.00%     -  138s
     0     0 1838808.64    0  136 1914568.00 1838808.64  3.96%     -  164s
     0     0 1839272.85    0  136 1914568.00 1839272.85  3.93%     -  182s
     0     0 1839566.14    0  139 1914568.00 1839566.14  3.92%     -  198s
     0     0 1839690.01    0  139 1914568.00 1839690.01  3.91%     -  205s
     0     0 1839751.49    0  139 1914568.00 1839751.49  3.91%     -  211s
     0     0 1839763.70    0  139 1914568.00 1839763.70  3.91%     -  213s
     0     0 1840524.03    0  132 1914568.00 1840524.03  3.87%     -  238s
     0     0 1840767.89    0  134 1914568.00 1840767.89  3.85%     -  260s
     0     0 1840874.33    0  131 1914568.00 1840874.33  3.85%     -  270s
     0     0 1840913.13    0  131 1914568.00 1840913.13  3.85%     -  277s
     0     0 1840934.36    0  134 1914568.00 1840934.36  3.85%     -  282s
H    0     0                    1907952.0000 1840934.36  3.51%     -  320s
     0     0 1841741.83    0  110 1907952.00 1841741.83  3.47%     -  359s
     0     0 1842029.12    0  119 1907952.00 1842029.12  3.46%     -  412s
     0     0 1842078.71    0  118 1907952.00 1842078.71  3.45%     -  418s
     0     0 1842179.94    0  126 1907952.00 1842179.94  3.45%     -  427s
     0     0 1842179.98    0  126 1907952.00 1842179.98  3.45%     -  427s
     0     2 1842180.06    0  126 1907952.00 1842180.06  3.45%     -  494s
     1     3 1846143.52    1  116 1907952.00 1842180.36  3.45% 19491  528s
     2     4 1842561.27    1  121 1907952.00 1842561.27  3.43% 12129  537s
     3     5 1847591.10    2  111 1907952.00 1842562.41  3.43% 11656  556s
     4     7 1844086.00    2  112 1907952.00 1842562.41  3.43% 10426  578s
     6    11 1844759.65    3  114 1907952.00 1842562.41  3.43% 11222  609s
    10    17 1845416.40    4  108 1907952.00 1844087.61  3.35% 11788  689s
    16    32 1845536.01    5  108 1907952.00 1844760.91  3.31% 15624  772s
    31    56 1852432.21    6  103 1907952.00 1845419.16  3.28% 32709  871s
    55    79 1853330.59    7  100 1907952.00 1845419.16  3.28% 25228  995s
    78   102 1857691.64    8   93 1907952.00 1845419.16  3.28% 24081 1240s
H  101   197                    1905283.0000 1845419.16  3.14% 21864 1380s
H  113   197                    1901993.0000 1845419.16  2.97% 20500 1380s
H  127   197                    1899180.0000 1845419.16  2.83% 18660 1380s
H  171   197                    1886030.0000 1845419.16  2.15% 15362 1380s
   196   260 1859593.77   11   96 1886030.00 1845419.16  2.15% 13885 1467s
   259   312 1860463.50   14   94 1886030.00 1845419.16  2.15% 11678 1545s
   313   360 1862488.34   16   90 1886030.00 1845419.16  2.15% 10313 1620s
   361   406 1862981.31   18   83 1886030.00 1845419.16  2.15%  9432 1695s
   407   426 1871997.81   20   83 1886030.00 1845419.16  2.15%  8828 1749s
   427   447 1872795.57   21   84 1886030.00 1845419.16  2.15%  8621 1809s
H  428   447                    1885811.0000 1845419.16  2.14%  8601 1809s
   448   492 1872961.65   22   81 1885811.00 1845419.16  2.14%  8535 1878s
   495   538 1873078.69   25   79 1885811.00 1845419.16  2.14%  8139 1947s
   541   586 1873538.89   30   70 1885811.00 1845419.16  2.14%  7838 2014s
   589   632 1877362.49   33   64 1885811.00 1845419.16  2.14%  7585 2080s
   637   677 1877365.81   34   64 1885811.00 1845419.16  2.14%  7237 2149s
   684   707 1883660.39   39   60 1885811.00 1845419.16  2.14%  7084 2208s
   714   734 1884002.38   40   59 1885811.00 1845419.16  2.14%  7000 2277s
   757   783     cutoff   41      1885811.00 1845419.16  2.14%  6884 2347s
   820   834 1884361.60   38   57 1885811.00 1845419.16  2.14%  6640 2425s
   881   889     cutoff   40      1885811.00 1845419.16  2.14%  6504 2499s
   957   931     cutoff   39      1885811.00 1845419.16  2.14%  6320 2581s
  1021   970     cutoff   39      1885811.00 1845419.16  2.14%  6241 2664s
  1088  1014 1879129.50   24   79 1885811.00 1845419.16  2.14%  6151 2749s
  1168  1059 1879545.58   25   75 1885811.00 1845419.16  2.14%  6002 2836s
  1239  1132 1880927.60   27   73 1885811.00 1845419.16  2.14%  5918 2925s
  1331  1205 1882176.63   31   70 1885811.00 1845419.16  2.14%  5740 3016s
  1441  1249 1883806.84   36   67 1885811.00 1845419.16  2.14%  5558 3120s
  1517  1311 1884406.34   40   69 1885811.00 1845419.16  2.14%  5508 3228s
  1604  1380 1885167.57   43   68 1885811.00 1845419.16  2.14%  5478 3337s
  1695  1420     cutoff   68      1885811.00 1849264.12  1.94%  5416 3458s
  1775  1476 1855247.69    7  101 1885811.00 1849264.12  1.94%  5418 3583s
  1855  1476     cutoff   42      1885811.00 1849264.12  1.94%  5434 3599s

Cutting planes:
  Implied bound: 7561
  MIR: 570
  Flow cover: 1131
  Relax-and-lift: 239

Explored 1857 nodes (10401548 simplex iterations) in 3600.17 seconds (3497.40 work units)
Thread count was 32 (of 32 available processors)

Solution count 10: 1.88581e+06 1.88603e+06 1.89918e+06 ... 2.01662e+06

Time limit reached
Best objective 1.885811000000e+06, best bound 1.849264124264e+06, gap 1.9380%
