
Gurobi 13.0.2 (win64) logging started Sat Jul 11 18:03:22 2026

Set parameter LogFile to value "logs/PSC1-C3-100-10_m0_exact_s0_20260711-180321.gurobi.log"
Set parameter Seed to value 0
Set parameter TimeLimit to value 3599.0003841
Set parameter NodefileStart to value 4
Set parameter MIPGap to value 0
Set parameter MIPGapAbs to value 0.9999
Set parameter Cutoff to value 1e+100
Gurobi Optimizer version 13.0.2 build v13.0.2rc1 (win64 - Windows 11+.0 (26200.2))

CPU model: Intel(R) Core(TM) i9-14900HX, instruction set [SSE2|AVX|AVX2]
Thread count: 24 physical cores, 32 logical processors, using up to 32 threads

Non-default parameters:
TimeLimit  3599.0003841
MIPGap  0
MIPGapAbs  0.9999
NodefileStart  4

Optimize a model with 9000 rows, 1000300 columns and 2803000 nonzeros (Min)
Model fingerprint: 0x1774488b
Model has 1000300 linear objective coefficients
Variable types: 1000000 continuous, 300 integer (300 binary)
Coefficient statistics:
  Matrix range     [1e+00, 2e+03]
  Objective range  [4e+01, 3e+04]
  Bounds range     [1e+00, 1e+00]
  RHS range        [1e+01, 2e+01]

Using branch priorities.
Found heuristic solution: objective 6.099471e+07
Presolve time: 3.72s
Presolved: 9000 rows, 1000300 columns, 2803000 nonzeros
Variable types: 1000000 continuous, 300 integer (300 binary)
Deterministic concurrent LP optimizer: primal simplex, dual simplex, and barrier
Showing barrier log only...

Root barrier log...

Ordering time: 0.76s

Barrier statistics:
 AA' NZ     : 1.816e+06
 Factor NZ  : 6.644e+06 (roughly 500 MB of memory)
 Factor Ops : 6.854e+09 (less than 1 second per iteration)
 Threads    : 22

                  Objective                Residual
Iter       Primal          Dual         Primal    Dual     Compl     Time
   0   2.26425990e+12 -2.76144096e+11  1.06e+05 0.00e+00  4.94e+06     7s
   1   1.60305004e+12 -1.96793233e+11  7.51e+04 5.82e-11  3.56e+06     8s
   2   9.93001286e+10 -9.99294585e+10  4.62e+03 4.83e-08  2.56e+05     8s
   3   9.91664502e+08 -3.15633173e+10  3.38e+00 1.63e-08  1.63e+04     8s
   4   6.47241906e+08 -7.86461030e+08  3.69e-13 9.46e-11  7.13e+02     9s
   5   1.54308338e+08 -2.18507666e+08  5.76e-13 2.50e-11  1.86e+02     9s
   6   1.48964729e+08 -1.69998254e+08  5.54e-13 2.01e-11  1.59e+02     9s
   7   1.14525980e+08 -9.25082831e+07  4.69e-13 1.46e-11  1.03e+02    10s
   8   8.43569877e+07  7.50768770e+05  3.13e-13 4.55e-12  4.16e+01    10s
   9   6.70912709e+07  2.55742730e+07  3.34e-13 2.96e-12  2.07e+01    10s
  10   5.99383074e+07  3.85906887e+07  2.31e-13 2.12e-12  1.06e+01    11s
  11   5.63167523e+07  4.35635855e+07  1.42e-13 2.28e-12  6.35e+00    11s
  12   5.38445875e+07  4.67354527e+07  1.56e-13 1.98e-12  3.54e+00    11s
  13   5.33882341e+07  4.74306338e+07  1.26e-13 2.09e-12  2.96e+00    11s
  14   5.31494800e+07  4.75691821e+07  1.08e-13 2.53e-12  2.78e+00    12s
  15   5.26339565e+07  4.81528915e+07  1.11e-13 2.38e-12  2.23e+00    12s
  16   5.23715426e+07  4.87490264e+07  9.06e-14 2.30e-12  1.80e+00    12s
  17   5.18438374e+07  4.93432892e+07  1.35e-13 2.28e-12  1.24e+00    13s
  18   5.14420711e+07  4.98236969e+07  1.25e-13 2.04e-12  8.05e-01    13s
  19   5.11001668e+07  5.01374867e+07  1.56e-13 2.06e-12  4.79e-01    14s
  20   5.07067861e+07  5.02730332e+07  2.00e-13 1.99e-12  2.16e-01    14s
  21   5.05523385e+07  5.03518783e+07  2.98e-13 2.09e-12  9.98e-02    15s
  22   5.04964334e+07  5.03802631e+07  2.26e-12 2.11e-12  5.78e-02    15s
  23   5.04852160e+07  5.03933807e+07  4.07e-12 2.24e-12  4.57e-02    16s
  24   5.04785824e+07  5.04048808e+07  2.14e-12 2.14e-12  3.67e-02    16s
  25   5.04681811e+07  5.04156953e+07  4.43e-12 2.23e-12  2.61e-02    16s
  26   5.04637757e+07  5.04226648e+07  9.60e-12 2.30e-12  2.05e-02    16s
  27   5.04583397e+07  5.04304905e+07  1.90e-11 2.18e-12  1.39e-02    17s
  28   5.04559334e+07  5.04384575e+07  4.33e-12 1.98e-12  8.70e-03    17s
  29   5.04541345e+07  5.04426980e+07  2.48e-11 2.12e-12  5.69e-03    18s
  30   5.04528508e+07  5.04450597e+07  2.16e-11 2.09e-12  3.88e-03    18s
  31   5.04523511e+07  5.04467125e+07  2.63e-11 2.22e-12  2.81e-03    18s
  32   5.04519500e+07  5.04479428e+07  2.37e-11 2.16e-12  1.99e-03    19s
  33   5.04514818e+07  5.04486979e+07  1.49e-11 2.52e-12  1.39e-03    19s
  34   5.04512509e+07  5.04493071e+07  4.68e-12 2.06e-12  9.67e-04    19s
  35   5.04510549e+07  5.04499551e+07  2.35e-12 2.06e-12  5.47e-04    19s
  36   5.04507995e+07  5.04502451e+07  1.07e-11 1.99e-12  2.76e-04    20s
  37   5.04507443e+07  5.04504059e+07  1.12e-11 2.20e-12  1.68e-04    20s
  38   5.04507157e+07  5.04504724e+07  1.08e-11 2.05e-12  1.21e-04    20s
  39   5.04506952e+07  5.04505490e+07  2.46e-11 2.12e-12  7.27e-05    21s
  40   5.04506844e+07  5.04505874e+07  2.41e-11 2.16e-12  4.83e-05    21s
  41   5.04506759e+07  5.04506241e+07  8.95e-11 2.05e-12  2.57e-05    21s
  42   5.04506691e+07  5.04506397e+07  3.33e-10 1.92e-12  1.47e-05    21s
  43   5.04506665e+07  5.04506517e+07  1.50e-10 2.02e-12  7.38e-06    22s
  44   5.04506662e+07  5.04506580e+07  1.35e-10 2.04e-12  4.08e-06    22s
  45   5.04506659e+07  5.04506596e+07  1.41e-10 2.21e-12  3.15e-06    22s
  46   5.04506645e+07  5.04506628e+07  2.81e-10 2.01e-12  8.50e-07    23s
  47   5.04506643e+07  5.04506638e+07  1.88e-10 2.14e-12  2.87e-07    23s
  48   5.04506642e+07  5.04506640e+07  3.04e-10 2.04e-12  9.22e-08    23s
  49   5.04506642e+07  5.04506641e+07  4.47e-10 2.11e-12  5.17e-08    23s

Barrier solved model in 49 iterations and 23.34 seconds (20.32 work units)
Optimal objective 5.04506642e+07


Root crossover log...

    2842 DPushes remaining with DInf 0.0000000e+00                23s
       0 DPushes remaining with DInf 0.0000000e+00                24s

    4906 PPushes remaining with PInf 1.6985226e-04                24s
       0 PPushes remaining with PInf 0.0000000e+00                24s

  Push phase complete: Pinf 0.0000000e+00, Dinf 1.4883295e-02     24s


Root simplex log...

Iteration    Objective       Primal Inf.    Dual Inf.      Time
    7729    5.0450664e+07   0.000000e+00   1.488329e-02     24s
    7736    5.0450664e+07   0.000000e+00   0.000000e+00     24s
Crossover time: 1.05 seconds (0.69 work units)
Concurrent spin time: 0.00s

Solved with barrier

Root relaxation: objective 5.045066e+07, 7736 iterations, 20.07 seconds (14.42 work units)

    Nodes    |    Current Node    |     Objective Bounds      |     Work
 Expl Unexpl |  Obj  Depth IntInf | Incumbent    BestBd   Gap | It/Node Time

     0     0 5.0451e+07    0  257 6.0995e+07 5.0451e+07  17.3%     -   25s
H    0     0                    5.353284e+07 5.0451e+07  5.76%     -   25s
H    0     0                    5.327898e+07 5.0451e+07  5.31%     -   25s
     0     0 5.0480e+07    0  254 5.3279e+07 5.0480e+07  5.25%     -  349s
H    0     0                    5.319430e+07 5.0480e+07  5.10%     -  350s
     0     0 5.0504e+07    0  253 5.3194e+07 5.0504e+07  5.06%     -  810s
     0     0 5.0517e+07    0  256 5.3194e+07 5.0517e+07  5.03%     - 1345s
     0     0 5.0526e+07    0  259 5.3194e+07 5.0526e+07  5.02%     - 1852s
     0     0 5.0528e+07    0  257 5.3194e+07 5.0528e+07  5.01%     - 2226s
     0     0 5.0528e+07    0  259 5.3194e+07 5.0528e+07  5.01%     - 2497s
     0     0 5.0528e+07    0  258 5.3194e+07 5.0528e+07  5.01%     - 2616s
     0     0 5.0528e+07    0  260 5.3194e+07 5.0528e+07  5.01%     - 2683s
     0     0 5.0528e+07    0  259 5.3194e+07 5.0528e+07  5.01%     - 2717s
     0     0 5.0544e+07    0  257 5.3194e+07 5.0544e+07  4.98%     - 3429s
H    0     0                    5.284966e+07 5.0544e+07  4.36%     - 3429s
H    0     0                    5.282662e+07 5.0544e+07  4.32%     - 3430s
H    0     0                    5.282487e+07 5.0544e+07  4.32%     - 3430s
H    0     0                    5.282478e+07 5.0544e+07  4.32%     - 3430s
H    0     0                    5.282477e+07 5.0544e+07  4.32%     - 3430s
H    0     0                    5.280094e+07 5.0544e+07  4.27%     - 3430s
H    0     0                    5.277282e+07 5.0544e+07  4.22%     - 3430s
     0     0          -    0      5.2773e+07 5.0544e+07  4.22%     - 3599s

Cutting planes:
  Implied bound: 6211
  MIR: 100
  Flow cover: 173
  Relax-and-lift: 203

Explored 1 nodes (210198 simplex iterations) in 3599.10 seconds (3002.02 work units)
Thread count was 32 (of 32 available processors)

Solution count 9: 5.27728e+07 5.28009e+07 5.28248e+07 ... 6.09947e+07

Time limit reached
Best objective 5.277282200000e+07, best bound 5.054385993963e+07, gap 4.2237%
