
Gurobi 13.0.2 (win64) logging started Sat Jul 11 11:29:50 2026

Set parameter LogFile to value "logs/PSC1-C1-100-5_m0_exact_s0_20260711-112950.gurobi.log"
Set parameter Seed to value 0
Set parameter TimeLimit to value 3599.4502588
Set parameter NodefileStart to value 4
Set parameter MIPGap to value 0
Set parameter MIPGapAbs to value 0.9999
Set parameter Cutoff to value 1e+100
Gurobi Optimizer version 13.0.2 build v13.0.2rc1 (win64 - Windows 11+.0 (26200.2))

CPU model: Intel(R) Core(TM) i9-14900HX, instruction set [SSE2|AVX|AVX2]
Thread count: 24 physical cores, 32 logical processors, using up to 32 threads

Non-default parameters:
TimeLimit  3599.4502588
MIPGap  0
MIPGapAbs  0.9999
NodefileStart  4

Optimize a model with 4500 rows, 500300 columns and 1401500 nonzeros (Min)
Model fingerprint: 0x3efba953
Model has 500300 linear objective coefficients
Variable types: 500000 continuous, 300 integer (300 binary)
Coefficient statistics:
  Matrix range     [1e+00, 3e+02]
  Objective range  [4e+01, 3e+04]
  Bounds range     [1e+00, 1e+00]
  RHS range        [1e+01, 2e+01]

Using branch priorities.
Found heuristic solution: objective 7474893.0000
Presolve time: 1.70s
Presolved: 4500 rows, 500300 columns, 1401500 nonzeros
Variable types: 500000 continuous, 300 integer (300 binary)
Deterministic concurrent LP optimizer: primal simplex, dual simplex, and barrier
Showing barrier log only...

Root barrier log...

Ordering time: 0.24s

Barrier statistics:
 AA' NZ     : 9.040e+05
 Factor NZ  : 2.417e+06 (roughly 200 MB of memory)
 Factor Ops : 1.462e+09 (less than 1 second per iteration)
 Threads    : 22

                  Objective                Residual
Iter       Primal          Dual         Primal    Dual     Compl     Time
   0   1.71847716e+10 -7.17134125e+09  2.93e+04 0.00e+00  2.16e+05     3s
   1   1.09991507e+10 -5.62094798e+09  1.87e+04 7.28e-12  1.41e+05     3s
   2   2.35932178e+08 -3.62535043e+09  3.80e+02 2.91e-11  6.18e+03     3s
   3   6.78869520e+07 -1.11814980e+09  9.06e+01 2.76e-10  1.56e+03     3s
   4   1.51093300e+07 -2.46405591e+08  7.20e-01 1.40e-10  2.62e+02     3s
   5   1.45969048e+07 -6.39974252e+07  1.78e-13 4.15e-11  7.82e+01     3s
   6   1.42779097e+07 -5.72109131e+07  1.08e-13 3.69e-11  7.11e+01     3s
   7   1.41681420e+07 -5.33282321e+07  1.05e-13 3.40e-11  6.72e+01     3s
   8   9.37373363e+06 -3.91722938e+07  8.73e-14 2.70e-11  4.83e+01     3s
   9   7.20314649e+06 -2.82333340e+07  6.81e-14 1.93e-11  3.53e+01     4s
  10   4.98457726e+06 -7.13941959e+06  5.07e-14 5.20e-12  1.21e+01     4s
  11   4.75207738e+06 -1.69804301e+06  4.01e-14 2.23e-12  6.42e+00     4s
  12   4.77706410e+06 -1.11706119e+05  1.33e-13 1.93e-12  4.86e+00     4s
  13   4.71249051e+06  4.06477032e+05  1.14e-13 1.53e-12  4.28e+00     4s
  14   4.61860617e+06  1.07095298e+06  1.07e-13 9.13e-13  3.53e+00     4s
  15   4.50392638e+06  1.70226624e+06  9.75e-14 7.89e-13  2.79e+00     4s
  16   4.26572741e+06  2.17859493e+06  3.51e-13 6.89e-13  2.08e+00     4s
  17   4.22982595e+06  2.60388077e+06  3.35e-13 7.32e-13  1.62e+00     5s
  18   4.12045443e+06  2.95902876e+06  2.63e-13 4.49e-13  1.16e+00     5s
  19   4.03770105e+06  3.16337330e+06  4.40e-13 4.34e-13  8.70e-01     5s
  20   3.96308220e+06  3.39596122e+06  6.53e-13 3.72e-13  5.64e-01     5s
  21   3.93098724e+06  3.52639242e+06  6.75e-13 3.92e-13  4.03e-01     5s
  22   3.90631890e+06  3.57650507e+06  1.00e-12 4.02e-13  3.28e-01     5s
  23   3.89629808e+06  3.61584058e+06  5.71e-13 4.50e-13  2.79e-01     5s
  24   3.87594096e+06  3.63141381e+06  1.38e-12 5.00e-13  2.43e-01     6s
  25   3.86350369e+06  3.66513595e+06  1.20e-12 4.36e-13  1.97e-01     6s
  26   3.84279324e+06  3.69131215e+06  1.88e-12 4.66e-13  1.51e-01     6s
  27   3.83068951e+06  3.71500691e+06  2.06e-12 4.27e-13  1.15e-01     6s
  28   3.81872938e+06  3.72926404e+06  2.21e-12 4.85e-13  8.90e-02     6s
  29   3.81083924e+06  3.74107480e+06  1.78e-12 4.42e-13  6.94e-02     6s
  30   3.80833347e+06  3.75122255e+06  1.54e-12 3.88e-13  5.68e-02     6s
  31   3.80038092e+06  3.75873342e+06  2.09e-12 4.35e-13  4.14e-02     7s
  32   3.79403647e+06  3.76957106e+06  3.47e-12 3.83e-13  2.43e-02     7s
  33   3.79117693e+06  3.77811059e+06  3.39e-12 3.59e-13  1.30e-02     7s
  34   3.78719591e+06  3.78220909e+06  2.21e-11 3.06e-13  4.96e-03     7s
  35   3.78551190e+06  3.78308390e+06  8.27e-11 3.13e-13  2.42e-03     7s
  36   3.78467407e+06  3.78333401e+06  1.31e-10 3.72e-13  1.33e-03     7s
  37   3.78405418e+06  3.78375276e+06  4.24e-10 3.23e-13  3.00e-04     7s
  38   3.78392066e+06  3.78388809e+06  4.19e-10 3.46e-13  3.24e-05     7s
  39   3.78390381e+06  3.78390378e+06  3.37e-10 3.34e-13  2.88e-08     7s
  40   3.78390379e+06  3.78390379e+06  3.51e-10 3.52e-13  7.97e-14     7s

Barrier solved model in 40 iterations and 7.31 seconds (9.23 work units)
Optimal objective 3.78390379e+06


Root crossover log...

    2055 DPushes remaining with DInf 0.0000000e+00                 7s
       0 DPushes remaining with DInf 0.0000000e+00                 7s

    9168 PPushes remaining with PInf 0.0000000e+00                 7s
       0 PPushes remaining with PInf 0.0000000e+00                 7s

  Push phase complete: Pinf 0.0000000e+00, Dinf 1.5262458e-11      7s


Root simplex log...

Iteration    Objective       Primal Inf.    Dual Inf.      Time
   11220    3.7839038e+06   0.000000e+00   0.000000e+00      7s
Crossover time: 0.16 seconds (0.16 work units)
Concurrent spin time: 0.59s

Solved with barrier

Root relaxation: objective 3.783904e+06, 11220 iterations, 6.20 seconds (6.18 work units)

    Nodes    |    Current Node    |     Objective Bounds      |     Work
 Expl Unexpl |  Obj  Depth IntInf | Incumbent    BestBd   Gap | It/Node Time

     0     0 3783903.79    0   25 7474893.00 3783903.79  49.4%     -    8s
H    0     0                    3997131.1082 3783903.79  5.33%     -    8s
H    0     0                    3996786.9034 3783903.79  5.33%     -    8s
H    0     0                    3974285.0000 3783903.79  4.79%     -    8s
     0     0 3784044.17    0   24 3974285.00 3784044.17  4.79%     -   13s
H    0     0                    3895663.0000 3784050.63  2.87%     -   13s
     0     0 3784050.63    0   24 3895663.00 3784050.63  2.87%     -   14s
     0     0 3784138.61    0   21 3895663.00 3784138.61  2.86%     -   18s
H    0     0                    3891268.0000 3784146.94  2.75%     -   18s
     0     0 3784146.94    0   22 3891268.00 3784146.94  2.75%     -   20s
     0     0 3784146.94    0   22 3891268.00 3784146.94  2.75%     -   20s
     0     0 3784235.28    0   21 3891268.00 3784235.28  2.75%     -   23s
H    0     0                    3887152.7383 3784258.31  2.65%     -   24s
H    0     0                    3868707.0000 3784258.31  2.18%     -   24s
     0     0 3784258.31    0   21 3868707.00 3784258.31  2.18%     -   25s
     0     0 3784258.31    0   20 3868707.00 3784258.31  2.18%     -   28s
H    0     0                    3862828.0000 3784258.31  2.03%     -   28s
     0     0 3784258.31    0   20 3862828.00 3784258.31  2.03%     -   29s
     0     0 3784258.31    0   19 3862828.00 3784258.31  2.03%     -   33s
H    0     0                    3848164.3773 3784258.31  1.66%     -   33s
H    0     0                    3847761.0000 3784258.31  1.65%     -   33s
H    0     0                    3847317.5000 3784258.31  1.64%     -   33s
     0     0 3784258.31    0   19 3847317.50 3784258.31  1.64%     -   35s
     0     0 3784258.31    0   19 3847317.50 3784258.31  1.64%     -   36s
     0     0 3784258.31    0   19 3847317.50 3784258.31  1.64%     -   36s
H    0     0                    3829676.0000 3784258.31  1.19%     -   37s
     0     2 3784264.48    0   19 3829676.00 3784264.48  1.19%     -   44s
     1     4 3784264.48    1   19 3829676.00 3784264.48  1.19%   754   48s
     3     8 3784362.52    2   20 3829676.00 3784279.11  1.19%  1395   54s
     7    16 3784407.64    3   15 3829676.00 3784344.32  1.18%  1320   62s
    15    30 3784481.82    4   18 3829676.00 3784401.09  1.18%  1504  107s
    29    54 3784534.95    5   20 3829676.00 3784401.53  1.18%  2085  171s
    53    95 3784575.97    6   19 3829676.00 3784401.53  1.18%  2012  260s
    94   115 3784720.73    8   18 3829676.00 3784401.53  1.18%  1780  345s
   114   157 3784758.31   10   18 3829676.00 3784401.53  1.18%  1807  443s
   156   207 3784848.74   12   19 3829676.00 3784401.53  1.18%  1777  533s
   206   240 3784945.13   14   17 3829676.00 3784401.53  1.18%  1689  631s
   239   284 3784953.85   15   16 3829676.00 3784401.53  1.18%  1712  709s
   283   335 3785070.40   18   15 3829676.00 3784401.53  1.18%  1682  781s
   334   376 3785182.30   22   15 3829676.00 3784401.53  1.18%  1606  848s
   375   414 3785316.11   25   15 3829676.00 3784401.53  1.18%  1585  913s
   413   464 3785357.59   27   16 3829676.00 3784401.53  1.18%  1568  985s
   463   508 3785497.93   32   15 3829676.00 3784401.53  1.18%  1533 1054s
   507   555 3785532.90   35   16 3829676.00 3784401.53  1.18%  1516 1125s
   554   598 3785608.77   37   15 3829676.00 3784401.53  1.18%  1497 1185s
   597   639 3785689.72   40   14 3829676.00 3784401.53  1.18%  1483 1246s
   638   685 3785863.08   43   14 3829676.00 3784401.53  1.18%  1473 1310s
   684   739 3785966.97   45   14 3829676.00 3784401.53  1.18%  1458 1378s
   738   794 3786315.64   48   12 3829676.00 3784401.53  1.18%  1437 1448s
   793   851 3786615.71   50   16 3829676.00 3784401.53  1.18%  1420 1524s
   850   910 3786867.64   53   14 3829676.00 3784401.53  1.18%  1412 1597s
H  868   910                    3799550.0000 3784401.53  0.40%  1404 1597s
   909   923 3787547.03   56   14 3799550.00 3784401.53  0.40%  1396 1665s
   970   984 3787563.05   57   14 3799550.00 3784401.53  0.40%  1362 1746s
  1033  1051 3787929.46   60   14 3799550.00 3784540.38  0.40%  1348 1828s
  1102  1129 3788114.99   63   17 3799550.00 3784540.38  0.40%  1332 1913s
  1184  1204 3788316.12   65   12 3799550.00 3784540.38  0.40%  1308 2002s
  1262  1286 3788718.33   69   13 3799550.00 3784540.38  0.40%  1299 2091s
  1352  1381 3789833.01   74   13 3799550.00 3784600.72  0.39%  1286 2184s
  1450  1457 3790009.15   76   18 3799550.00 3784600.72  0.39%  1265 2278s
Created node file directory './grbnodes0'
  1556  1553 3794606.13   77   13 3799550.00 3784600.72  0.39%  1242 2372s
  1677  1646 3785426.04    5   21 3799550.00 3784600.72  0.39%  1214 2472s
  1785  1759 3785860.76    7   23 3799550.00 3784600.72  0.39%  1197 2572s
  1910  1891 3786028.12    9   23 3799550.00 3784600.72  0.39%  1174 2670s
  2046  2009 3786255.32   12   23 3799550.00 3784600.72  0.39%  1147 2781s
  2200  2161 3786510.88   15   18 3799550.00 3784600.72  0.39%  1116 2907s
  2367  2289 3786999.24   19   18 3799550.00 3784600.72  0.39%  1088 3043s
H 2469  2040                    3793961.0704 3784782.35  0.24%  1068 3043s
H 2470  2040                    3793958.6950 3784782.35  0.24%  1068 3043s
H 2471  2040                    3793947.8611 3784782.35  0.24%  1068 3043s
* 2474  2040             116    3793936.0000 3784782.35  0.24%  1066 3043s
  2553  2094 3788306.73   22   16 3793936.00 3784782.35  0.24%  1059 3193s
  2698  2114 3790086.31   26   13 3793936.00 3784782.35  0.24%  1045 3280s
H 2722  1955                    3793254.0000 3784782.35  0.22%  1046 3364s
H 2733  1612                    3792011.0000 3784782.35  0.19%  1046 3364s
H 2743  1581                    3791865.0000 3784782.35  0.19%  1046 3364s
  2748  1680 3790187.15   28   16 3791865.00 3784782.35  0.19%  1047 3512s
  2893  1731 3791071.49   35   18 3791865.00 3784782.35  0.19%  1039 3599s

Cutting planes:
  Implied bound: 1533
  MIR: 228
  Flow cover: 92
  Relax-and-lift: 21

Explored 2974 nodes (3087881 simplex iterations) in 3600.99 seconds (1602.59 work units)
Thread count was 32 (of 32 available processors)

Solution count 10: 3.79187e+06 3.79201e+06 3.79325e+06 ... 3.86871e+06

Time limit reached
Best objective 3.791865000000e+06, best bound 3.784782348022e+06, gap 0.1868%
