
Gurobi 13.0.2 (win64) logging started Sun Jul 12 02:07:54 2026

Set parameter LogFile to value "logs/PSC1-C5-100-10_m0_exact_s0_20260712-020753.gurobi.log"
Set parameter Seed to value 0
Set parameter TimeLimit to value 3598.9617975
Set parameter NodefileStart to value 4
Set parameter MIPGap to value 0
Set parameter MIPGapAbs to value 0.9999
Set parameter Cutoff to value 1e+100
Gurobi Optimizer version 13.0.2 build v13.0.2rc1 (win64 - Windows 11+.0 (26200.2))

CPU model: Intel(R) Core(TM) i9-14900HX, instruction set [SSE2|AVX|AVX2]
Thread count: 24 physical cores, 32 logical processors, using up to 32 threads

Non-default parameters:
TimeLimit  3598.9617975
MIPGap  0
MIPGapAbs  0.9999
NodefileStart  4

Optimize a model with 9000 rows, 1000300 columns and 2803000 nonzeros (Min)
Model fingerprint: 0xdf17f60f
Model has 1000300 linear objective coefficients
Variable types: 1000000 continuous, 300 integer (300 binary)
Coefficient statistics:
  Matrix range     [1e+00, 6e+02]
  Objective range  [4e+01, 3e+04]
  Bounds range     [1e+00, 1e+00]
  RHS range        [1e+01, 2e+01]

Using branch priorities.
Found heuristic solution: objective 6.099471e+07
Presolve time: 3.54s
Presolved: 9000 rows, 1000300 columns, 2803000 nonzeros
Variable types: 1000000 continuous, 300 integer (300 binary)
Deterministic concurrent LP optimizer: primal simplex, dual simplex, and barrier
Showing barrier log only...

Root barrier log...

Ordering time: 0.78s

Barrier statistics:
 AA' NZ     : 1.816e+06
 Factor NZ  : 6.644e+06 (roughly 500 MB of memory)
 Factor Ops : 6.854e+09 (less than 1 second per iteration)
 Threads    : 22

                  Objective                Residual
Iter       Primal          Dual         Primal    Dual     Compl     Time
   0   1.06895294e+12 -1.13233879e+11  7.51e+04 0.00e+00  2.32e+06     7s
   1   7.28518582e+11 -8.87903508e+10  5.12e+04 4.37e-11  1.63e+06     8s
   2   4.81844151e+10 -5.30385452e+10  3.36e+03 8.11e-09  1.26e+05     8s
   3   4.76991048e+08 -1.80294412e+10  6.89e+00 2.26e-08  9.34e+03     8s
   4   3.15979986e+08 -6.49730169e+09  2.13e-02 8.11e-09  3.39e+03     9s
   5   1.28379469e+08 -8.47789923e+08  2.38e-13 7.24e-10  4.86e+02     9s
   6   8.67336196e+07 -2.24165253e+08  1.99e-13 2.15e-10  1.55e+02     9s
   7   8.45536022e+07 -1.84772460e+08  1.49e-13 1.82e-10  1.34e+02     9s
   8   7.31214808e+07 -1.00746913e+08  2.06e-13 1.18e-10  8.65e+01    10s
   9   6.38796638e+07  1.47106764e+07  1.58e-13 2.00e-11  2.45e+01    10s
  10   5.92295567e+07  3.63828668e+07  1.31e-13 8.19e-12  1.14e+01    11s
  11   5.87258769e+07  4.13757398e+07  1.24e-13 5.46e-12  8.63e+00    11s
  12   5.64747039e+07  4.48143985e+07  9.95e-14 3.64e-12  5.80e+00    11s
  13   5.42427734e+07  4.71948743e+07  6.57e-14 2.19e-12  3.51e+00    11s
  14   5.27020847e+07  4.74927928e+07  5.28e-14 2.31e-12  2.59e+00    12s
  15   5.20613822e+07  4.86819384e+07  4.57e-14 2.14e-12  1.68e+00    12s
  16   5.16497114e+07  4.93112755e+07  7.35e-14 2.14e-12  1.16e+00    12s
  17   5.14644075e+07  4.97481066e+07  6.85e-14 2.07e-12  8.54e-01    13s
  18   5.10349323e+07  5.00957421e+07  2.45e-13 2.04e-12  4.67e-01    13s
  19   5.09524723e+07  5.02418050e+07  2.48e-13 2.18e-12  3.54e-01    13s
  20   5.08839566e+07  5.04609193e+07  5.90e-13 2.21e-12  2.11e-01    13s
  21   5.08465443e+07  5.05950062e+07  1.71e-12 2.08e-12  1.25e-01    14s
  22   5.08236097e+07  5.06373849e+07  1.12e-12 2.26e-12  9.27e-02    14s
  23   5.08096659e+07  5.07022606e+07  1.84e-12 2.12e-12  5.34e-02    14s
  24   5.08002778e+07  5.07405318e+07  2.46e-12 2.04e-12  2.97e-02    15s
  25   5.07978206e+07  5.07524411e+07  1.82e-12 2.26e-12  2.26e-02    15s
  26   5.07953449e+07  5.07752382e+07  8.15e-12 2.14e-12  1.00e-02    15s
  27   5.07938525e+07  5.07821784e+07  5.80e-12 2.27e-12  5.81e-03    15s
  28   5.07928813e+07  5.07856443e+07  3.42e-12 2.10e-12  3.60e-03    16s
  29   5.07924505e+07  5.07879140e+07  9.71e-12 2.06e-12  2.26e-03    16s
  30   5.07921072e+07  5.07897270e+07  6.25e-12 2.04e-12  1.18e-03    16s
  31   5.07919251e+07  5.07905171e+07  1.05e-11 2.09e-12  7.01e-04    17s
  32   5.07918479e+07  5.07910905e+07  1.24e-11 2.14e-12  3.77e-04    17s
  33   5.07918107e+07  5.07914542e+07  1.58e-11 2.12e-12  1.77e-04    17s
  34   5.07917736e+07  5.07916347e+07  5.66e-11 2.04e-12  6.91e-05    18s
  35   5.07917648e+07  5.07917008e+07  1.12e-10 2.00e-12  3.18e-05    18s
  36   5.07917582e+07  5.07917327e+07  1.13e-10 2.03e-12  1.27e-05    18s
  37   5.07917569e+07  5.07917493e+07  1.50e-10 2.00e-12  3.76e-06    19s
  38   5.07917560e+07  5.07917553e+07  1.85e-10 2.37e-12  3.44e-07    19s
  39   5.07917559e+07  5.07917559e+07  9.49e-11 2.32e-12  2.24e-08    19s
  40   5.07917559e+07  5.07917559e+07  2.10e-09 2.49e-12  3.91e-11    19s

Barrier solved model in 40 iterations and 19.60 seconds (17.58 work units)
Optimal objective 5.07917559e+07


Root crossover log...

    2873 DPushes remaining with DInf 0.0000000e+00                20s
       0 DPushes remaining with DInf 0.0000000e+00                20s

    3145 PPushes remaining with PInf 0.0000000e+00                20s
       0 PPushes remaining with PInf 0.0000000e+00                20s

  Push phase complete: Pinf 0.0000000e+00, Dinf 1.0992358e-09     20s


Root simplex log...

Iteration    Objective       Primal Inf.    Dual Inf.      Time
    6021    5.0791756e+07   0.000000e+00   0.000000e+00     20s
Crossover time: 0.37 seconds (0.45 work units)
Concurrent spin time: 0.00s

Solved with barrier

Root relaxation: objective 5.079176e+07, 6021 iterations, 15.80 seconds (11.44 work units)

    Nodes    |    Current Node    |     Objective Bounds      |     Work
 Expl Unexpl |  Obj  Depth IntInf | Incumbent    BestBd   Gap | It/Node Time

     0     0 5.0792e+07    0  244 6.0995e+07 5.0792e+07  16.7%     -   20s
H    0     0                    5.325744e+07 5.0792e+07  4.63%     -   20s
H    0     0                    5.316616e+07 5.0792e+07  4.47%     -   21s
H    0     0                    5.311928e+07 5.0792e+07  4.38%     -   21s
     0     0 5.0819e+07    0  244 5.3119e+07 5.0819e+07  4.33%     -  458s
H    0     0                    5.311379e+07 5.0819e+07  4.32%     -  460s
H    0     0                    5.311379e+07 5.0819e+07  4.32%     -  460s
     0     0 5.0842e+07    0  245 5.3114e+07 5.0842e+07  4.28%     - 1095s
     0     0 5.0855e+07    0  246 5.3114e+07 5.0855e+07  4.25%     - 1966s
     0     0 5.0860e+07    0  245 5.3114e+07 5.0860e+07  4.24%     - 2757s
     0     0 5.0862e+07    0  245 5.3114e+07 5.0862e+07  4.24%     - 3310s
     0     0          -    0      5.3114e+07 5.0862e+07  4.24%     - 3598s

Cutting planes:
  Implied bound: 3826
  MIR: 167
  Flow cover: 2
  Relax-and-lift: 374

Explored 1 nodes (202373 simplex iterations) in 3599.08 seconds (2757.65 work units)
Thread count was 32 (of 32 available processors)

Solution count 5: 5.31138e+07 5.31193e+07 5.31662e+07 ... 6.09947e+07

Time limit reached
Best objective 5.311379100000e+07, best bound 5.086151694416e+07, gap 4.2405%
