
Gurobi 13.0.2 (win64) logging started Sat Jul 11 15:03:17 2026

Set parameter LogFile to value "logs/PSC1-C2-100-5_m0_exact_s0_20260711-150317.gurobi.log"
Set parameter Seed to value 0
Set parameter TimeLimit to value 3599.4958583
Set parameter NodefileStart to value 4
Set parameter MIPGap to value 0
Set parameter MIPGapAbs to value 0.9999
Set parameter Cutoff to value 1e+100
Gurobi Optimizer version 13.0.2 build v13.0.2rc1 (win64 - Windows 11+.0 (26200.2))

CPU model: Intel(R) Core(TM) i9-14900HX, instruction set [SSE2|AVX|AVX2]
Thread count: 24 physical cores, 32 logical processors, using up to 32 threads

Non-default parameters:
TimeLimit  3599.4958583
MIPGap  0
MIPGapAbs  0.9999
NodefileStart  4

Optimize a model with 4500 rows, 500300 columns and 1401500 nonzeros (Min)
Model fingerprint: 0x91cfdd8f
Model has 500300 linear objective coefficients
Variable types: 500000 continuous, 300 integer (300 binary)
Coefficient statistics:
  Matrix range     [1e+00, 6e+02]
  Objective range  [4e+01, 3e+04]
  Bounds range     [1e+00, 1e+00]
  RHS range        [1e+01, 2e+01]

Using branch priorities.
Found heuristic solution: objective 7460583.0000
Presolve time: 1.56s
Presolved: 4500 rows, 500300 columns, 1401500 nonzeros
Variable types: 500000 continuous, 300 integer (300 binary)
Deterministic concurrent LP optimizer: primal simplex, dual simplex, and barrier
Showing barrier log only...

Root barrier log...

Ordering time: 0.23s

Barrier statistics:
 AA' NZ     : 9.040e+05
 Factor NZ  : 2.417e+06 (roughly 200 MB of memory)
 Factor Ops : 1.462e+09 (less than 1 second per iteration)
 Threads    : 22

                  Objective                Residual
Iter       Primal          Dual         Primal    Dual     Compl     Time
   0   3.97491095e+10 -5.87622899e+09  6.82e+04 0.00e+00  2.49e+05     3s
   1   2.31395441e+10 -4.55327680e+09  3.96e+04 2.73e-12  1.48e+05     3s
   2   1.77464374e+09 -2.56817001e+09  3.00e+03 4.77e-10  1.30e+04     3s
   3   9.39461822e+07 -1.17307413e+09  1.17e+02 2.67e-09  1.55e+03     3s
   4   2.63241559e+07 -7.72018119e+07  7.28e-01 1.07e-10  1.04e+02     3s
   5   2.49386449e+07 -3.89185357e+07  2.89e-04 6.39e-11  6.35e+01     3s
   6   2.42613924e+07 -3.78154369e+07  2.61e-04 6.12e-11  6.18e+01     3s
   7   1.86044103e+07 -2.90005492e+07  1.64e-04 4.90e-11  4.74e+01     4s
   8   1.03086104e+07 -6.50678836e+06  6.56e-05 7.84e-12  1.67e+01     4s
   9   7.07310455e+06 -9.73809114e+05  4.28e-05 9.95e-13  8.01e+00     4s
  10   4.25117686e+06  8.31699940e+05  1.93e-05 4.00e-13  3.40e+00     4s
  11   4.12757210e+06  1.30203521e+06  1.57e-05 3.60e-13  2.81e+00     4s
  12   4.16607810e+06  1.71970213e+06  1.29e-05 3.34e-13  2.43e+00     4s
  13   4.01507331e+06  2.07529031e+06  1.04e-05 3.16e-13  1.93e+00     4s
  14   3.87542621e+06  2.32460724e+06  8.19e-06 2.79e-13  1.54e+00     4s
  15   3.77551529e+06  2.48685279e+06  6.92e-06 3.08e-13  1.28e+00     5s
  16   3.69938820e+06  2.61471945e+06  5.90e-06 2.98e-13  1.08e+00     5s
  17   3.63421859e+06  2.76963357e+06  5.04e-06 2.57e-13  8.60e-01     5s
  18   3.54498655e+06  2.88221434e+06  3.85e-06 2.96e-13  6.59e-01     5s
  19   3.50252213e+06  2.96491548e+06  3.27e-06 2.59e-13  5.35e-01     5s
  20   3.45412328e+06  3.03281389e+06  2.65e-06 2.94e-13  4.19e-01     6s
  21   3.38467954e+06  3.06952638e+06  1.74e-06 3.07e-13  3.14e-01     6s
  22   3.36356617e+06  3.09605926e+06  1.48e-06 3.08e-13  2.66e-01     6s
  23   3.33804336e+06  3.12650198e+06  1.21e-06 3.03e-13  2.10e-01     6s
  24   3.31725303e+06  3.13564928e+06  1.01e-06 3.09e-13  1.81e-01     6s
  25   3.30365872e+06  3.14723041e+06  8.84e-07 3.11e-13  1.56e-01     7s
  26   3.28722976e+06  3.15578798e+06  7.44e-07 3.02e-13  1.31e-01     7s
  27   3.27321620e+06  3.16061257e+06  6.32e-07 3.29e-13  1.12e-01     7s
  28   3.25240843e+06  3.16735371e+06  4.70e-07 3.08e-13  8.46e-02     7s
  29   3.23966839e+06  3.17291696e+06  3.78e-07 3.26e-13  6.64e-02     7s
  30   3.23150557e+06  3.17618761e+06  3.16e-07 2.99e-13  5.50e-02     8s
  31   3.21966562e+06  3.17922984e+06  2.27e-07 2.96e-13  4.02e-02     8s
  32   3.21122916e+06  3.18114337e+06  1.66e-07 3.02e-13  2.99e-02     8s
  33   3.20591037e+06  3.18341694e+06  1.27e-07 2.73e-13  2.24e-02     8s
  34   3.20216272e+06  3.18450716e+06  9.95e-08 3.08e-13  1.76e-02     8s
  35   3.20020756e+06  3.18535139e+06  8.52e-08 3.08e-13  1.48e-02     9s
  36   3.19862991e+06  3.18564229e+06  7.47e-08 3.14e-13  1.29e-02     9s
  37   3.19652788e+06  3.18599534e+06  6.00e-08 3.46e-13  1.05e-02     9s
  38   3.19497775e+06  3.18669757e+06  4.87e-08 3.18e-13  8.24e-03     9s
  39   3.19361318e+06  3.18695665e+06  3.90e-08 2.96e-13  6.62e-03     9s
  40   3.19248336e+06  3.18715278e+06  3.08e-08 3.81e-13  5.30e-03    10s
  41   3.19135464e+06  3.18755331e+06  2.23e-08 3.10e-13  3.78e-03    10s
  42   3.19041542e+06  3.18775994e+06  1.52e-08 3.10e-13  2.64e-03    10s
  43   3.18989952e+06  3.18793924e+06  1.13e-08 2.74e-13  1.95e-03    10s
  44   3.18931669e+06  3.18817722e+06  7.03e-09 2.31e-13  1.13e-03    10s
  45   3.18874977e+06  3.18826222e+06  2.82e-09 2.45e-13  4.85e-04    11s
  46   3.18863216e+06  3.18827330e+06  2.01e-09 2.64e-13  3.57e-04    11s
  47   3.18856740e+06  3.18828412e+06  1.55e-09 2.76e-13  2.82e-04    11s
  48   3.18854982e+06  3.18831643e+06  1.42e-09 2.46e-13  2.32e-04    11s
  49   3.18842521e+06  3.18832520e+06  1.66e-09 2.64e-13  9.95e-05    11s
  50   3.18837304e+06  3.18834234e+06  6.66e-10 2.41e-13  3.05e-05    11s
  51   3.18834603e+06  3.18834364e+06  2.55e-08 2.49e-13  2.38e-06    11s
  52   3.18834374e+06  3.18834374e+06  7.84e-09 2.61e-13  1.32e-10    11s

Barrier solved model in 52 iterations and 11.33 seconds (11.33 work units)
Optimal objective 3.18834374e+06


Root crossover log...

    2307 DPushes remaining with DInf 0.0000000e+00                11s
       0 DPushes remaining with DInf 0.0000000e+00                11s

    5147 PPushes remaining with PInf 0.0000000e+00                12s
       0 PPushes remaining with PInf 0.0000000e+00                12s

  Push phase complete: Pinf 0.0000000e+00, Dinf 5.7827521e-11     12s


Root simplex log...

Iteration    Objective       Primal Inf.    Dual Inf.      Time
    7457    3.1883437e+06   0.000000e+00   0.000000e+00     12s
Crossover time: 0.20 seconds (0.13 work units)
Concurrent spin time: 0.00s

Solved with barrier

Root relaxation: objective 3.188344e+06, 7457 iterations, 9.85 seconds (8.24 work units)

    Nodes    |    Current Node    |     Objective Bounds      |     Work
 Expl Unexpl |  Obj  Depth IntInf | Incumbent    BestBd   Gap | It/Node Time

     0     0 3188343.74    0   54 7460583.00 3188343.74  57.3%     -   11s
H    0     0                    3739550.3351 3188343.74  14.7%     -   11s
H    0     0                    3683653.2447 3188343.74  13.4%     -   11s
H    0     0                    3651222.0000 3188343.74  12.7%     -   11s
     0     0 3189364.88    0   76 3651222.00 3189364.88  12.6%     -   64s
H    0     0                    3590057.0000 3189389.11  11.2%     -   65s
H    0     0                    3581951.0000 3189389.11  11.0%     -   65s
H    0     0                    3577157.0000 3189389.11  10.8%     -   65s
H    0     0                    3563646.2500 3189389.11  10.5%     -   65s
H    0     0                    3562169.2500 3189389.11  10.5%     -   65s
H    0     0                    3562128.0000 3189389.11  10.5%     -   65s
H    0     0                    3560723.2500 3189389.11  10.4%     -   65s
H    0     0                    3559981.8750 3189389.11  10.4%     -   65s
H    0     0                    3559930.0000 3189389.11  10.4%     -   65s
H    0     0                    3559205.0000 3189389.11  10.4%     -   65s
H    0     0                    3553704.0000 3189389.11  10.3%     -   65s
     0     0 3189414.07    0   75 3553704.00 3189414.07  10.3%     -   81s
     0     0 3189414.80    0   76 3553704.00 3189414.80  10.3%     -   83s
     0     0 3189414.86    0   77 3553704.00 3189414.86  10.3%     -   84s
     0     0 3189888.12    0   77 3553704.00 3189888.12  10.2%     -  128s
H    0     0                    3535746.1307 3189889.16  9.78%     -  128s
H    0     0                    3535472.7731 3189889.16  9.77%     -  128s
H    0     0                    3525333.2123 3189889.16  9.52%     -  128s
H    0     0                    3487699.0000 3189889.16  8.54%     -  128s
H    0     0                    3485966.0000 3189889.16  8.49%     -  128s
H    0     0                    3479447.9476 3189889.16  8.32%     -  128s
H    0     0                    3479445.9242 3189889.16  8.32%     -  128s
H    0     0                    3470247.1667 3189889.16  8.08%     -  128s
H    0     0                    3470167.0000 3189889.16  8.08%     -  128s
     0     0 3190043.28    0   79 3470167.00 3190043.28  8.07%     -  157s
     0     0 3190071.55    0   78 3470167.00 3190071.55  8.07%     -  173s
     0     0 3190078.36    0   77 3470167.00 3190078.36  8.07%     -  180s
     0     0 3190082.41    0   77 3470167.00 3190082.41  8.07%     -  186s
     0     0 3190082.41    0   77 3470167.00 3190082.41  8.07%     -  187s
     0     0 3190313.56    0   76 3470167.00 3190313.56  8.06%     -  233s
H    0     0                    3450143.0000 3190316.09  7.53%     -  234s
H    0     0                    3449774.8564 3190316.09  7.52%     -  234s
H    0     0                    3447488.7451 3190316.09  7.46%     -  234s
H    0     0                    3429905.0000 3190316.09  6.99%     -  234s
H    0     0                    3427751.0000 3190316.09  6.93%     -  234s
     0     0 3190517.24    0   73 3427751.00 3190517.24  6.92%     -  272s
     0     0 3190563.08    0   71 3427751.00 3190563.08  6.92%     -  289s
     0     0 3190576.46    0   71 3427751.00 3190576.46  6.92%     -  301s
     0     0 3190587.26    0   71 3427751.00 3190587.26  6.92%     -  309s
     0     0 3190594.27    0   70 3427751.00 3190594.27  6.92%     -  314s
     0     0 3190596.46    0   74 3427751.00 3190596.46  6.92%     -  317s
     0     0 3190596.72    0   70 3427751.00 3190596.72  6.92%     -  319s
     0     0 3190706.14    0   63 3427751.00 3190706.14  6.92%     -  347s
H    0     0                    3405979.0000 3190707.34  6.32%     -  347s
H    0     0                    3403670.0000 3190707.34  6.26%     -  348s
H    0     0                    3395620.0000 3190707.34  6.03%     -  348s
     0     0 3190758.73    0   68 3395620.00 3190758.73  6.03%     -  369s
     0     0 3190773.87    0   69 3395620.00 3190773.87  6.03%     -  376s
     0     0 3190774.53    0   69 3395620.00 3190774.53  6.03%     -  380s
     0     0 3190922.55    0   46 3395620.00 3190922.55  6.03%     -  456s
H    0     0                    3381008.0000 3190924.74  5.62%     -  456s
     0     0 3190924.74    0   46 3381008.00 3190924.74  5.62%     -  460s
     0     0 3190924.74    0   50 3381008.00 3190924.74  5.62%     -  466s
     0     0 3190924.74    0   50 3381008.00 3190924.74  5.62%     -  467s
H    0     0                    3376621.2196 3190924.74  5.50%     -  468s
H    0     0                    3359979.0000 3190924.74  5.03%     -  468s
H    0     0                    3350759.0000 3190924.74  4.77%     -  468s
H    0     0                    3348426.9091 3190924.74  4.70%     -  468s
H    0     0                    3348353.8667 3190924.74  4.70%     -  468s
H    0     0                    3340305.0000 3190924.74  4.47%     -  468s
H    0     0                    3304656.0188 3190924.74  3.44%     -  513s
H    0     0                    3283115.7272 3190924.74  2.81%     -  514s
H    0     0                    3262676.8994 3190924.74  2.20%     -  515s
H    0     0                    3253346.6939 3190924.74  1.92%     -  516s
H    0     0                    3244854.5920 3190924.74  1.66%     -  516s
H    0     0                    3236371.0409 3190924.74  1.40%     -  517s
H    0     0                    3228363.9131 3190924.74  1.16%     -  517s
H    0     0                    3228196.4603 3190924.74  1.15%     -  517s
H    0     0                    3211927.2138 3190924.74  0.65%     -  517s
H    0     0                    3201655.0000 3190924.74  0.34%     -  518s
     0     2 3190925.27    0   50 3201655.00 3190925.27  0.34%     -  546s
     1     3 3191573.98    1   47 3201655.00 3190969.26  0.33% 12870  601s
     2     4 3191185.39    1   55 3201655.00 3191185.39  0.33% 10432  642s
     3     5 3191798.75    2   61 3201655.00 3191185.54  0.33%  9807  686s
     4     7 3191266.62    2   58 3201655.00 3191186.25  0.33%  8362  747s
     6    11 3191644.06    2   50 3201655.00 3191266.78  0.32%  7881  829s
    10    18 3191709.64    3   55 3201655.00 3191266.78  0.32%  7891  986s
    17    36 3191764.67    4   52 3201655.00 3191414.90  0.32% 11684 1043s
    35    47 3192019.98    6   49 3201655.00 3191425.58  0.32% 59433 1353s
    46    71 3191944.90    6   50 3201655.00 3191425.58  0.32% 48464 1469s
    70    90 3193103.09    8   43 3201655.00 3191540.86  0.32% 60030 1695s
    89   104 3192182.96    9   38 3201655.00 3191540.98  0.32% 48182 1972s
   103   128 3193203.86    8   43 3201655.00 3191540.98  0.32% 43191 2099s
   127   152 3193331.71    9   43 3201655.00 3191540.98  0.32% 46079 2221s
   151   176 3194046.43   10   39 3201655.00 3191540.98  0.32% 44351 2344s
H  153   176                    3201512.0000 3191540.98  0.31% 43964 2344s
   175   296 3195129.64   11   46 3201512.00 3191540.98  0.31% 43952 2461s
   295   384 3196456.50   16   45 3201512.00 3191540.98  0.31% 40272 2541s
   392   448 3196990.82   18   47 3201512.00 3191540.98  0.31% 37749 2608s
   470   467     cutoff   21      3201512.00 3191540.98  0.31% 36843 2704s
   498   497 3198257.28   21   37 3201512.00 3191540.98  0.31% 36446 2760s
   570   513 3199478.53   24   33 3201512.00 3191540.98  0.31% 35547 2842s
   604   567 3200818.57   25   45 3201512.00 3191540.98  0.31% 35077 2894s
   677   611 3201393.17   27   40 3201512.00 3191540.98  0.31% 33862 2947s
   755   655 3201271.73   27   37 3201512.00 3191540.98  0.31% 32911 3000s
   833   710     cutoff   28      3201512.00 3191540.98  0.31% 32334 3053s
   916   763 3196314.87   16   49 3201512.00 3191540.98  0.31% 31615 3124s
  1006   822 3196414.66   17   34 3201512.00 3191540.98  0.31% 30981 3186s
  1091   874 3196654.38   21   29 3201512.00 3191540.98  0.31% 30606 3270s
  1175   896 3197228.26   25   31 3201512.00 3191592.43  0.31% 30276 3366s
H 1190   896                    3201402.0000 3191945.76  0.30% 30232 3366s
H 1198   896                    3201168.0000 3191945.76  0.29% 30187 3366s
  1217   961 3197313.74   26   37 3201168.00 3191945.76  0.29% 30323 3483s
  1313  1019 3197577.00   31   33 3201168.00 3191945.76  0.29% 29955 3599s

Cutting planes:
  Implied bound: 7300
  MIR: 205
  Flow cover: 66
  Relax-and-lift: 111

Explored 1412 nodes (42060504 simplex iterations) in 3600.44 seconds (3040.83 work units)
Thread count was 32 (of 32 available processors)

Solution count 10: 3.20117e+06 3.2014e+06 3.20151e+06 ... 3.26268e+06

Time limit reached
Best objective 3.201168000000e+06, best bound 3.191945757460e+06, gap 0.2881%
