
Gurobi 13.0.2 (win64) logging started Sat Jul 11 23:07:50 2026

Set parameter LogFile to value "logs/PSC1-C4-100-5_m0_exact_s0_20260711-230750.gurobi.log"
Set parameter Seed to value 0
Set parameter TimeLimit to value 3599.504154
Set parameter NodefileStart to value 4
Set parameter MIPGap to value 0
Set parameter MIPGapAbs to value 0.9999
Set parameter Cutoff to value 1e+100
Gurobi Optimizer version 13.0.2 build v13.0.2rc1 (win64 - Windows 11+.0 (26200.2))

CPU model: Intel(R) Core(TM) i9-14900HX, instruction set [SSE2|AVX|AVX2]
Thread count: 24 physical cores, 32 logical processors, using up to 32 threads

Non-default parameters:
TimeLimit  3599.504154
MIPGap  0
MIPGapAbs  0.9999
NodefileStart  4

Optimize a model with 4500 rows, 500300 columns and 1401500 nonzeros (Min)
Model fingerprint: 0xff71f29c
Model has 500300 linear objective coefficients
Variable types: 500000 continuous, 300 integer (300 binary)
Coefficient statistics:
  Matrix range     [1e+00, 6e+02]
  Objective range  [5e+01, 3e+04]
  Bounds range     [1e+00, 1e+00]
  RHS range        [1e+01, 2e+01]

Using branch priorities.
Found heuristic solution: objective 8947465.0000
Presolve time: 1.65s
Presolved: 4500 rows, 500300 columns, 1401500 nonzeros
Variable types: 500000 continuous, 300 integer (300 binary)
Deterministic concurrent LP optimizer: primal simplex, dual simplex, and barrier
Showing barrier log only...

Root barrier log...

Ordering time: 0.21s

Barrier statistics:
 AA' NZ     : 9.040e+05
 Factor NZ  : 2.417e+06 (roughly 200 MB of memory)
 Factor Ops : 1.462e+09 (less than 1 second per iteration)
 Threads    : 22

                  Objective                Residual
Iter       Primal          Dual         Primal    Dual     Compl     Time
   0   5.27139507e+10 -5.00958184e+09  6.58e+04 0.00e+00  2.40e+05     3s
   1   2.96423040e+10 -3.93680449e+09  3.69e+04 1.82e-12  1.38e+05     3s
   2   2.29132592e+09 -2.24187668e+09  2.82e+03 4.09e-11  1.21e+04     3s
   3   1.04420159e+08 -1.04891368e+09  8.79e+01 6.42e-10  1.35e+03     3s
   4   3.52154502e+07 -8.46834267e+07  9.41e-02 7.55e-11  1.19e+02     3s
   5   3.34763574e+07 -6.48273094e+07  3.08e-02 6.14e-11  9.78e+01     3s
   6   3.12336526e+07 -5.32280883e+07  2.37e-02 4.82e-11  8.40e+01     3s
   7   2.31403557e+07 -3.19328724e+07  1.54e-02 2.25e-11  5.48e+01     4s
   8   1.09470999e+07 -4.52208981e+06  4.05e-03 3.30e-12  1.54e+01     4s
   9   8.28113231e+06 -2.31813794e+06  2.77e-03 2.39e-12  1.05e+01     4s
  10   7.21689356e+06  3.57132219e+05  2.34e-03 5.14e-13  6.83e+00     4s
  11   5.88279538e+06  1.24973293e+06  1.69e-03 3.75e-13  4.61e+00     4s
  12   5.43814389e+06  1.56035468e+06  1.41e-03 3.32e-13  3.86e+00     4s
  13   5.28963191e+06  2.12335741e+06  1.24e-03 3.98e-13  3.15e+00     4s
  14   5.05658717e+06  2.47786453e+06  1.05e-03 3.61e-13  2.57e+00     4s
  15   4.65056335e+06  2.98146819e+06  7.00e-04 3.40e-13  1.66e+00     5s
  16   4.34987811e+06  3.34737399e+06  4.59e-04 3.93e-13  9.97e-01     5s
  17   4.10625100e+06  3.47184745e+06  2.90e-04 3.01e-13  6.31e-01     5s
  18   3.93630450e+06  3.50323051e+06  1.86e-04 3.53e-13  4.31e-01     5s
  19   3.85429708e+06  3.51507357e+06  1.43e-04 3.86e-13  3.37e-01     5s
  20   3.78300121e+06  3.53018922e+06  1.07e-04 3.84e-13  2.51e-01     5s
  21   3.71390640e+06  3.54109574e+06  7.14e-05 3.68e-13  1.72e-01     6s
  22   3.66129916e+06  3.55040278e+06  4.52e-05 3.48e-13  1.10e-01     6s
  23   3.61854787e+06  3.55904735e+06  2.41e-05 3.42e-13  5.92e-02     6s
  24   3.59505976e+06  3.56335563e+06  1.26e-05 3.04e-13  3.15e-02     6s
  25   3.58497801e+06  3.56479282e+06  7.79e-06 3.45e-13  2.01e-02     6s
  26   3.57734968e+06  3.56577810e+06  4.18e-06 3.52e-13  1.15e-02     6s
  27   3.57384008e+06  3.56682767e+06  2.55e-06 3.05e-13  6.98e-03     6s
  28   3.57096633e+06  3.56739930e+06  1.23e-06 3.41e-13  3.55e-03     6s
  29   3.57001510e+06  3.56777063e+06  7.89e-07 3.13e-13  2.23e-03     7s
  30   3.56930688e+06  3.56801438e+06  4.70e-07 2.83e-13  1.29e-03     7s
  31   3.56865694e+06  3.56805953e+06  1.90e-07 3.69e-13  5.94e-04     7s
  32   3.56843476e+06  3.56812760e+06  9.65e-08 3.48e-13  3.06e-04     7s
  33   3.56830629e+06  3.56815408e+06  4.32e-08 3.26e-13  1.51e-04     7s
  34   3.56825312e+06  3.56817508e+06  2.21e-08 3.15e-13  7.76e-05     7s
  35   3.56822323e+06  3.56817929e+06  1.01e-08 3.21e-13  4.37e-05     7s
  36   3.56821236e+06  3.56818753e+06  5.83e-09 3.25e-13  2.47e-05     7s
  37   3.56820677e+06  3.56819258e+06  3.64e-09 2.92e-13  1.41e-05     7s
  38   3.56819905e+06  3.56819490e+06  3.87e-09 3.00e-13  4.13e-06     8s
  39   3.56819836e+06  3.56819706e+06  2.71e-09 3.20e-13  1.29e-06     8s
  40   3.56819744e+06  3.56819718e+06  2.90e-09 3.46e-13  2.54e-07     8s
  41   3.56819740e+06  3.56819730e+06  1.65e-09 3.12e-13  9.74e-08     8s
  42   3.56819739e+06  3.56819738e+06  6.40e-10 2.98e-13  6.98e-09     8s

Barrier solved model in 42 iterations and 8.05 seconds (8.59 work units)
Optimal objective 3.56819739e+06


Root crossover log...

    2240 DPushes remaining with DInf 0.0000000e+00                 8s
       0 DPushes remaining with DInf 0.0000000e+00                 8s

     564 PPushes remaining with PInf 0.0000000e+00                 8s
       0 PPushes remaining with PInf 0.0000000e+00                 8s

  Push phase complete: Pinf 0.0000000e+00, Dinf 3.5936587e-10      8s


Root simplex log...

Iteration    Objective       Primal Inf.    Dual Inf.      Time
    2807    3.5681974e+06   0.000000e+00   0.000000e+00      8s
Crossover time: 0.14 seconds (0.13 work units)
Concurrent spin time: 0.00s

Solved with barrier

Root relaxation: objective 3.568197e+06, 2807 iterations, 6.43 seconds (5.50 work units)

    Nodes    |    Current Node    |     Objective Bounds      |     Work
 Expl Unexpl |  Obj  Depth IntInf | Incumbent    BestBd   Gap | It/Node Time

     0     0 3568197.39    0  181 8947465.00 3568197.39  60.1%     -    8s
H    0     0                    5583959.2178 3568197.39  36.1%     -    8s
H    0     0                    5285532.7817 3568197.39  32.5%     -    8s
H    0     0                    5193766.6957 3568197.39  31.3%     -    8s
     0     0 3575527.45    0  194 5193766.70 3575527.45  31.2%     -  119s
H    0     0                    5188833.7118 3575530.64  31.1%     -  120s
H    0     0                    5188790.7118 3575530.64  31.1%     -  120s
H    0     0                    5038418.6275 3575530.64  29.0%     -  120s
H    0     0                    5014047.0000 3575530.64  28.7%     -  120s
H    0     0                    5004196.0000 3575530.64  28.5%     -  120s
     0     0 3578447.40    0  200 5004196.00 3578447.40  28.5%     -  306s
     0     0 3578926.36    0  201 5004196.00 3578926.36  28.5%     -  403s
     0     0 3579017.38    0  200 5004196.00 3579017.38  28.5%     -  446s
     0     0 3579039.09    0  202 5004196.00 3579039.09  28.5%     -  466s
     0     0 3579046.98    0  204 5004196.00 3579046.98  28.5%     -  482s
     0     0 3579071.06    0  205 5004196.00 3579071.06  28.5%     -  498s
     0     0 3579071.55    0  203 5004196.00 3579071.55  28.5%     -  501s
     0     0 3581439.75    0  194 5004196.00 3581439.75  28.4%     -  659s
H    0     0                    4991479.0000 3581444.35  28.2%     -  659s
H    0     0                    4991477.0000 3581444.35  28.2%     -  659s
H    0     0                    4654926.0000 3581444.35  23.1%     -  659s
     0     0 3583448.12    0  210 4654926.00 3583448.12  23.0%     -  769s
     0     0 3583935.34    0  209 4654926.00 3583935.34  23.0%     -  848s
     0     0 3584094.33    0  216 4654926.00 3584094.33  23.0%     -  893s
     0     0 3584173.45    0  213 4654926.00 3584173.45  23.0%     -  928s
     0     0 3584222.53    0  217 4654926.00 3584222.53  23.0%     -  951s
     0     0 3584237.75    0  215 4654926.00 3584237.75  23.0%     -  967s
     0     0 3584242.97    0  214 4654926.00 3584242.97  23.0%     -  973s
     0     0 3585429.75    0  211 4654926.00 3585429.75  23.0%     - 1185s
H    0     0                    4525018.0000 3585429.97  20.8%     - 1187s
H    0     0                    4443341.0000 3585429.97  19.3%     - 1187s
H    0     0                    4410279.0000 3585429.97  18.7%     - 1188s
H    0     0                    4409814.3256 3585429.97  18.7%     - 1191s
H    0     0                    4389967.0000 3585429.97  18.3%     - 1191s
H    0     0                    4387558.0000 3585429.97  18.3%     - 1191s
H    0     0                    4385087.0000 3585429.97  18.2%     - 1191s
     0     0 3586146.75    0  227 4385087.00 3586146.75  18.2%     - 1413s
     0     0 3586378.48    0  216 4385087.00 3586378.48  18.2%     - 1536s
     0     0 3586495.09    0  221 4385087.00 3586495.09  18.2%     - 1639s
     0     0 3586538.92    0  222 4385087.00 3586538.92  18.2%     - 1705s
     0     0 3586569.03    0  223 4385087.00 3586569.03  18.2%     - 1761s
     0     0 3586588.53    0  224 4385087.00 3586588.53  18.2%     - 1793s
     0     0 3586608.21    0  222 4385087.00 3586608.21  18.2%     - 1820s
     0     0 3586611.45    0  226 4385087.00 3586611.45  18.2%     - 1834s
     0     0 3587475.36    0  218 4385087.00 3587475.36  18.2%     - 2125s
H    0     0                    4315476.0000 3587476.40  16.9%     - 2133s
H    0     0                    4297366.0000 3587476.40  16.5%     - 2134s
H    0     0                    4287764.0000 3587476.40  16.3%     - 2143s
H    0     0                    4276186.0000 3587476.40  16.1%     - 2144s
H    0     0                    4267233.0000 3587476.40  15.9%     - 2150s
H    0     0                    4262078.0000 3587476.40  15.8%     - 2152s
H    0     0                    4255784.0000 3587476.40  15.7%     - 2152s
H    0     0                    4251209.0000 3587476.40  15.6%     - 2153s
     0     0 3587756.02    0  222 4251209.00 3587756.02  15.6%     - 2306s
     0     0 3587846.79    0  218 4251209.00 3587846.79  15.6%     - 2393s
     0     0 3587892.36    0  219 4251209.00 3587892.36  15.6%     - 2447s
     0     0 3587914.61    0  223 4251209.00 3587914.61  15.6%     - 2483s
     0     0 3588809.64    0  164 4251209.00 3588809.64  15.6%     - 3205s
H    0     0                    4239712.0000 3588809.66  15.4%     - 3221s
H    0     0                    4190254.0000 3588809.66  14.4%     - 3221s
H    0     0                    4184248.0000 3588809.66  14.2%     - 3233s
H    0     0                    4176208.0000 3588809.66  14.1%     - 3252s
H    0     0                    4170553.0000 3588809.66  13.9%     - 3253s
H    0     0                    4166424.0000 3588809.66  13.9%     - 3254s
H    0     0                    4165638.0000 3588809.66  13.8%     - 3287s
H    0     0                    4153058.1819 3588809.66  13.6%     - 3287s
H    0     0                    4152394.0000 3588809.66  13.6%     - 3287s
H    0     0                    4143294.0000 3588809.66  13.4%     - 3290s
H    0     0                    4124048.0000 3588809.66  13.0%     - 3294s
H    0     0                    4114230.0000 3588809.66  12.8%     - 3294s
H    0     0                    4111455.0000 3588809.66  12.7%     - 3294s
H    0     0                    4105882.0000 3588809.66  12.6%     - 3294s
H    0     0                    4102319.0000 3588809.66  12.5%     - 3297s
H    0     0                    4093546.0000 3588809.66  12.3%     - 3297s
H    0     0                    4087041.0000 3588809.66  12.2%     - 3300s
     0     0 3588904.48    0  195 4087041.00 3588904.48  12.2%     - 3414s
     0     0 3588938.61    0  194 4087041.00 3588938.61  12.2%     - 3464s
     0     0 3589096.16    0  205 4087041.00 3589096.16  12.2%     - 3576s
     0     0 3589096.33    0  205 4087041.00 3589096.33  12.2%     - 3577s

Cutting planes:
  Implied bound: 7295
  MIR: 184
  Flow cover: 102
  Relax-and-lift: 117

Explored 1 nodes (466512 simplex iterations) in 3599.53 seconds (4383.15 work units)
Thread count was 32 (of 32 available processors)

Solution count 10: 4.08704e+06 4.09355e+06 4.10232e+06 ... 4.15306e+06

Time limit reached
Best objective 4.087041000000e+06, best bound 3.589096330650e+06, gap 12.1835%
