
Gurobi 13.0.2 (win64) logging started Sat Jul 11 19:03:25 2026

Set parameter LogFile to value "logs/PSC1-C3-100-5_m0_exact_s0_20260711-190324.gurobi.log"
Set parameter Seed to value 0
Set parameter TimeLimit to value 3599.4785215
Set parameter NodefileStart to value 4
Set parameter MIPGap to value 0
Set parameter MIPGapAbs to value 0.9999
Set parameter Cutoff to value 1e+100
Gurobi Optimizer version 13.0.2 build v13.0.2rc1 (win64 - Windows 11+.0 (26200.2))

CPU model: Intel(R) Core(TM) i9-14900HX, instruction set [SSE2|AVX|AVX2]
Thread count: 24 physical cores, 32 logical processors, using up to 32 threads

Non-default parameters:
TimeLimit  3599.4785215
MIPGap  0
MIPGapAbs  0.9999
NodefileStart  4

Optimize a model with 4500 rows, 500300 columns and 1401500 nonzeros (Min)
Model fingerprint: 0xec80bb1b
Model has 500300 linear objective coefficients
Variable types: 500000 continuous, 300 integer (300 binary)
Coefficient statistics:
  Matrix range     [1e+00, 1e+03]
  Objective range  [4e+01, 3e+04]
  Bounds range     [1e+00, 1e+00]
  RHS range        [1e+01, 2e+01]

Using branch priorities.
Found heuristic solution: objective 3.278000e+07
Presolve time: 1.74s
Presolved: 4500 rows, 500300 columns, 1401500 nonzeros
Variable types: 500000 continuous, 300 integer (300 binary)
Deterministic concurrent LP optimizer: primal simplex, dual simplex, and barrier
Showing barrier log only...

Root barrier log...

Ordering time: 0.38s

Barrier statistics:
 AA' NZ     : 9.040e+05
 Factor NZ  : 2.417e+06 (roughly 200 MB of memory)
 Factor Ops : 1.462e+09 (less than 1 second per iteration)
 Threads    : 22

                  Objective                Residual
Iter       Primal          Dual         Primal    Dual     Compl     Time
   0   1.03494125e+12 -1.30001384e+11  9.71e+04 2.22e+03  4.11e+06     3s
   1   5.47744852e+11 -9.65454026e+10  5.14e+04 5.54e+02  2.19e+06     3s
   2   4.58299691e+10 -4.79633331e+10  4.29e+03 7.71e-10  2.20e+05     3s
   3   8.75775568e+09 -8.99911980e+09  8.09e+02 7.28e-11  3.78e+04     3s
   4   4.02066733e+08 -5.50859400e+09  4.39e+00 2.18e-10  5.96e+03     4s
   5   1.82724332e+08 -1.08873972e+09  3.78e-04 5.09e-11  1.27e+03     4s
   6   9.60344488e+07 -2.20585211e+08  1.26e-04 1.31e-11  3.15e+02     4s
   7   6.38179179e+07 -1.89074351e+08  5.92e-05 1.13e-11  2.52e+02     4s
   8   4.20780593e+07 -3.71201984e+07  3.08e-05 3.61e-12  7.88e+01     4s
   9   3.97849033e+07 -2.57410486e+07  2.47e-05 3.30e-12  6.52e+01     4s
  10   3.43933701e+07 -3.60746246e+06  1.28e-05 2.60e-12  3.78e+01     4s
  11   3.24662866e+07  1.04035792e+07  9.97e-06 2.28e-12  2.20e+01     4s
  12   2.84386907e+07  1.91089647e+07  3.88e-06 2.03e-12  9.28e+00     5s
  13   2.81541761e+07  2.17707162e+07  3.45e-06 1.91e-12  6.35e+00     5s
  14   2.74487252e+07  2.37299386e+07  2.25e-06 2.06e-12  3.70e+00     5s
  15   2.68179553e+07  2.40270504e+07  1.34e-06 2.03e-12  2.78e+00     5s
  16   2.62274701e+07  2.44759504e+07  6.37e-07 2.10e-12  1.74e+00     5s
  17   2.60091930e+07  2.48091866e+07  4.50e-07 2.07e-12  1.19e+00     5s
  18   2.58553628e+07  2.49130723e+07  3.22e-07 2.22e-12  9.38e-01     5s
  19   2.56640207e+07  2.51035111e+07  1.77e-07 1.99e-12  5.58e-01     5s
  20   2.54690147e+07  2.52091318e+07  4.89e-08 1.98e-12  2.59e-01     6s
  21   2.54177378e+07  2.52922064e+07  2.04e-08 1.98e-12  1.25e-01     6s
  22   2.53854951e+07  2.53357609e+07  3.87e-09 1.95e-12  4.95e-02     6s
  23   2.53801626e+07  2.53548282e+07  1.67e-09 2.07e-12  2.52e-02     6s
  24   2.53764467e+07  2.53669379e+07  3.63e-10 2.00e-12  9.46e-03     6s
  25   2.53758851e+07  2.53711062e+07  1.69e-10 2.03e-12  4.75e-03     6s
  26   2.53754957e+07  2.53734573e+07  4.85e-11 2.00e-12  2.03e-03     6s
  27   2.53753961e+07  2.53741562e+07  2.27e-11 2.02e-12  1.23e-03     6s
  28   2.53753291e+07  2.53748426e+07  1.91e-11 1.92e-12  4.84e-04     7s
  29   2.53752878e+07  2.53750726e+07  2.39e-11 1.99e-12  2.14e-04     7s
  30   2.53752704e+07  2.53751999e+07  6.83e-11 1.88e-12  7.02e-05     7s
  31   2.53752617e+07  2.53752368e+07  3.06e-10 2.12e-12  2.48e-05     7s
  32   2.53752603e+07  2.53752488e+07  3.03e-10 1.97e-12  1.14e-05     7s
  33   2.53752595e+07  2.53752573e+07  4.06e-10 2.13e-12  2.19e-06     7s
  34   2.53752592e+07  2.53752589e+07  1.48e-09 2.10e-12  2.95e-07     7s
  35   2.53752591e+07  2.53752591e+07  1.99e-09 2.07e-12  1.00e-08     7s
  36   2.53752591e+07  2.53752591e+07  1.25e-09 2.25e-12  3.64e-09     8s

Barrier solved model in 36 iterations and 7.54 seconds (8.00 work units)
Optimal objective 2.53752591e+07


Root crossover log...

    1565 DPushes remaining with DInf 0.0000000e+00                 8s
       0 DPushes remaining with DInf 0.0000000e+00                 8s

     399 PPushes remaining with PInf 0.0000000e+00                 8s
       0 PPushes remaining with PInf 0.0000000e+00                 8s

  Push phase complete: Pinf 0.0000000e+00, Dinf 3.2807927e-06      8s


Root simplex log...

Iteration    Objective       Primal Inf.    Dual Inf.      Time
    1966    2.5375259e+07   0.000000e+00   3.280282e-06      8s
    1967    2.5375259e+07   0.000000e+00   0.000000e+00      8s
Crossover time: 0.29 seconds (0.20 work units)
Concurrent spin time: 0.00s

Solved with barrier

Root relaxation: objective 2.537526e+07, 1967 iterations, 5.97 seconds (4.97 work units)

    Nodes    |    Current Node    |     Objective Bounds      |     Work
 Expl Unexpl |  Obj  Depth IntInf | Incumbent    BestBd   Gap | It/Node Time

     0     0 2.5375e+07    0  246 3.2780e+07 2.5375e+07  22.6%     -    8s
H    0     0                    2.821669e+07 2.5375e+07  10.1%     -    8s
H    0     0                    2.804879e+07 2.5375e+07  9.53%     -    8s
H    0     0                    2.795171e+07 2.5375e+07  9.22%     -    8s
     0     0 2.5399e+07    0  244 2.7952e+07 2.5399e+07  9.13%     -   64s
H    0     0                    2.782321e+07 2.5399e+07  8.71%     -   65s
H    0     0                    2.779810e+07 2.5399e+07  8.63%     -   65s
H    0     0                    2.779304e+07 2.5399e+07  8.62%     -   65s
     0     0 2.5409e+07    0  245 2.7793e+07 2.5409e+07  8.58%     -  144s
     0     0 2.5413e+07    0  245 2.7793e+07 2.5413e+07  8.56%     -  202s
     0     0 2.5414e+07    0  247 2.7793e+07 2.5414e+07  8.56%     -  238s
     0     0 2.5414e+07    0  246 2.7793e+07 2.5414e+07  8.56%     -  262s
     0     0 2.5414e+07    0  246 2.7793e+07 2.5414e+07  8.56%     -  276s
     0     0 2.5414e+07    0  246 2.7793e+07 2.5414e+07  8.56%     -  281s
     0     0 2.5429e+07    0  246 2.7793e+07 2.5429e+07  8.51%     -  390s
H    0     0                    2.734749e+07 2.5429e+07  7.01%     -  391s
H    0     0                    2.733521e+07 2.5429e+07  6.97%     -  391s
H    0     0                    2.730910e+07 2.5429e+07  6.88%     -  391s
H    0     0                    2.730910e+07 2.5429e+07  6.88%     -  391s
H    0     0                    2.730910e+07 2.5429e+07  6.88%     -  391s
H    0     0                    2.730910e+07 2.5429e+07  6.88%     -  391s
H    0     0                    2.727775e+07 2.5429e+07  6.78%     -  391s
H    0     0                    2.727775e+07 2.5429e+07  6.78%     -  391s
H    0     0                    2.727329e+07 2.5429e+07  6.76%     -  391s
H    0     0                    2.724618e+07 2.5429e+07  6.67%     -  392s
H    0     0                    2.721835e+07 2.5429e+07  6.57%     -  392s
     0     0 2.5441e+07    0  245 2.7218e+07 2.5441e+07  6.53%     -  492s
     0     0 2.5447e+07    0  245 2.7218e+07 2.5447e+07  6.51%     -  573s
     0     0 2.5449e+07    0  245 2.7218e+07 2.5449e+07  6.50%     -  641s
     0     0 2.5450e+07    0  244 2.7218e+07 2.5450e+07  6.50%     -  690s
     0     0 2.5450e+07    0  244 2.7218e+07 2.5450e+07  6.50%     -  723s
     0     0 2.5450e+07    0  244 2.7218e+07 2.5450e+07  6.50%     -  747s
     0     0 2.5450e+07    0  245 2.7218e+07 2.5450e+07  6.50%     -  760s
     0     0 2.5461e+07    0  243 2.7218e+07 2.5461e+07  6.46%     -  876s
H    0     0                    2.699076e+07 2.5461e+07  5.67%     -  886s
H    0     0                    2.698249e+07 2.5461e+07  5.64%     -  886s
H    0     0                    2.697640e+07 2.5461e+07  5.62%     -  901s
H    0     0                    2.689530e+07 2.5461e+07  5.33%     -  902s
H    0     0                    2.689510e+07 2.5461e+07  5.33%     -  905s
H    0     0                    2.688528e+07 2.5461e+07  5.30%     -  905s
H    0     0                    2.687905e+07 2.5461e+07  5.28%     -  905s
H    0     0                    2.686962e+07 2.5461e+07  5.24%     -  905s
H    0     0                    2.685853e+07 2.5461e+07  5.20%     -  907s
H    0     0                    2.685721e+07 2.5461e+07  5.20%     -  907s
H    0     0                    2.685563e+07 2.5461e+07  5.19%     -  908s
H    0     0                    2.685279e+07 2.5461e+07  5.18%     -  908s
     0     0 2.5472e+07    0  243 2.6853e+07 2.5472e+07  5.14%     - 1033s
     0     0 2.5477e+07    0  244 2.6853e+07 2.5477e+07  5.12%     - 1148s
     0     0 2.5480e+07    0  245 2.6853e+07 2.5480e+07  5.11%     - 1256s
     0     0 2.5481e+07    0  244 2.6853e+07 2.5481e+07  5.11%     - 1339s
     0     0 2.5481e+07    0  244 2.6853e+07 2.5481e+07  5.11%     - 1392s
     0     0 2.5482e+07    0  244 2.6853e+07 2.5482e+07  5.11%     - 1427s
     0     0 2.5482e+07    0  244 2.6853e+07 2.5482e+07  5.11%     - 1450s
     0     0 2.5491e+07    0  242 2.6853e+07 2.5491e+07  5.07%     - 1599s
H    0     0                    2.669665e+07 2.5491e+07  4.52%     - 1632s
H    0     0                    2.665040e+07 2.5491e+07  4.35%     - 1633s
H    0     0                    2.664518e+07 2.5491e+07  4.33%     - 1703s
H    0     0                    2.661596e+07 2.5491e+07  4.23%     - 1703s
H    0     0                    2.659592e+07 2.5491e+07  4.15%     - 1712s
     0     0 2.5502e+07    0  243 2.6596e+07 2.5502e+07  4.11%     - 1860s
     0     0 2.5507e+07    0  244 2.6596e+07 2.5507e+07  4.09%     - 1975s
     0     0 2.5510e+07    0  245 2.6596e+07 2.5510e+07  4.08%     - 2073s
     0     0 2.5511e+07    0  245 2.6596e+07 2.5511e+07  4.08%     - 2146s
     0     0 2.5511e+07    0  242 2.6596e+07 2.5511e+07  4.08%     - 2205s
     0     0 2.5511e+07    0  243 2.6596e+07 2.5511e+07  4.08%     - 2244s

Cutting planes:
  Implied bound: 10594
  MIR: 182
  Flow cover: 91
  Relax-and-lift: 144

Explored 1 nodes (267600 simplex iterations) in 3857.07 seconds (4862.01 work units)
Thread count was 32 (of 32 available processors)

Solution count 10: 2.65959e+07 2.6616e+07 2.66452e+07 ... 2.68696e+07

Time limit reached
Best objective 2.659592400000e+07, best bound 2.551149591408e+07, gap 4.0774%
