
Gurobi 13.0.2 (win64) logging started Sat Jul 11 20:07:44 2026

Set parameter LogFile to value "logs/PSC1-C3-50-10_m0_exact_s0_20260711-200744.gurobi.log"
Set parameter Seed to value 0
Set parameter TimeLimit to value 3599.7519827
Set parameter NodefileStart to value 4
Set parameter MIPGap to value 0
Set parameter MIPGapAbs to value 0.9999
Set parameter Cutoff to value 1e+100
Gurobi Optimizer version 13.0.2 build v13.0.2rc1 (win64 - Windows 11+.0 (26200.2))

CPU model: Intel(R) Core(TM) i9-14900HX, instruction set [SSE2|AVX|AVX2]
Thread count: 24 physical cores, 32 logical processors, using up to 32 threads

Non-default parameters:
TimeLimit  3599.7519827
MIPGap  0
MIPGapAbs  0.9999
NodefileStart  4

Optimize a model with 4500 rows, 250150 columns and 701500 nonzeros (Min)
Model fingerprint: 0x19f46aa8
Model has 250150 linear objective coefficients
Variable types: 250000 continuous, 150 integer (150 binary)
Coefficient statistics:
  Matrix range     [1e+00, 2e+03]
  Objective range  [4e+01, 3e+04]
  Bounds range     [1e+00, 1e+00]
  RHS range        [1e+01, 2e+01]

Using branch priorities.
Found heuristic solution: objective 3.052462e+07
Presolve time: 0.62s
Presolved: 4500 rows, 250150 columns, 701500 nonzeros
Variable types: 250000 continuous, 150 integer (150 binary)
Deterministic concurrent LP optimizer: primal simplex, dual simplex, and barrier
Showing barrier log only...

Root barrier log...

Ordering time: 0.10s

Barrier statistics:
 AA' NZ     : 4.578e+05
 Factor NZ  : 1.665e+06 (roughly 120 MB of memory)
 Factor Ops : 8.582e+08 (less than 1 second per iteration)
 Threads    : 22

                  Objective                Residual
Iter       Primal          Dual         Primal    Dual     Compl     Time
   0   4.83968195e+11 -7.00530364e+10  4.62e+04 0.00e+00  4.25e+06     1s
   1   3.36084407e+11 -4.83032776e+10  3.19e+04 5.82e-11  2.97e+06     1s
   2   2.10880849e+10 -2.26751344e+10  1.97e+03 2.68e-09  2.17e+05     1s
   3   4.19391111e+08 -6.14722456e+09  4.31e-02 5.49e-08  1.30e+04     1s
   4   2.25375797e+08 -1.87856226e+08  2.77e-13 1.59e-09  8.19e+02     1s
   5   8.14882788e+07 -1.17844376e+08  3.41e-13 1.05e-09  3.95e+02     1s
   6   6.04634619e+07 -7.12552825e+07  2.42e-13 6.30e-10  2.61e+02     1s
   7   4.02392676e+07 -1.38182581e+07  1.49e-13 1.64e-10  1.07e+02     1s
   8   4.65153197e+07  3.06249336e+06  1.78e-13 9.34e-11  8.61e+01     1s
   9   3.85776997e+07  1.07934277e+07  1.42e-13 5.06e-11  5.50e+01     1s
  10   3.21701882e+07  1.82349925e+07  1.31e-13 1.94e-11  2.76e+01     1s
  11   3.00970112e+07  2.10167164e+07  7.82e-14 1.17e-11  1.80e+01     1s
  12   2.76192514e+07  2.36964754e+07  7.37e-14 4.72e-12  7.77e+00     2s
  13   2.74204482e+07  2.40469358e+07  6.66e-14 3.71e-12  6.68e+00     2s
  14   2.68098583e+07  2.45504363e+07  4.88e-14 2.24e-12  4.48e+00     2s
  15   2.65121536e+07  2.47211050e+07  5.68e-14 1.99e-12  3.55e+00     2s
  16   2.60534836e+07  2.49607169e+07  6.48e-14 1.98e-12  2.16e+00     2s
  17   2.56591044e+07  2.51409341e+07  6.97e-14 1.88e-12  1.03e+00     2s
  18   2.54751931e+07  2.52105404e+07  8.37e-14 1.84e-12  5.24e-01     2s
  19   2.54037267e+07  2.52383186e+07  1.99e-13 2.07e-12  3.28e-01     2s
  20   2.53542661e+07  2.52630466e+07  1.29e-12 1.90e-12  1.81e-01     2s
  21   2.53287111e+07  2.52735953e+07  1.28e-12 1.99e-12  1.09e-01     2s
  22   2.53179141e+07  2.52802224e+07  1.38e-12 1.85e-12  7.47e-02     2s
  23   2.53118866e+07  2.52843673e+07  7.50e-13 2.01e-12  5.45e-02     2s
  24   2.53069214e+07  2.52880222e+07  1.00e-12 2.13e-12  3.74e-02     2s
  25   2.53023285e+07  2.52931695e+07  2.20e-12 2.04e-12  1.81e-02     2s
  26   2.53002193e+07  2.52957379e+07  2.88e-12 2.07e-12  8.88e-03     2s
  27   2.52991463e+07  2.52965826e+07  6.61e-12 2.04e-12  5.08e-03     2s
  28   2.52989473e+07  2.52967582e+07  7.19e-12 2.13e-12  4.34e-03     2s
  29   2.52983012e+07  2.52971805e+07  9.41e-12 2.03e-12  2.22e-03     2s
  30   2.52981103e+07  2.52975038e+07  8.37e-12 1.92e-12  1.20e-03     2s
  31   2.52979487e+07  2.52976954e+07  5.95e-12 2.06e-12  5.02e-04     2s
  32   2.52978469e+07  2.52977628e+07  2.25e-11 2.04e-12  1.67e-04     2s
  33   2.52978155e+07  2.52977845e+07  3.01e-11 2.02e-12  6.14e-05     2s
  34   2.52978152e+07  2.52978097e+07  2.05e-11 2.16e-12  1.10e-05     2s
  35   2.52978149e+07  2.52978116e+07  2.73e-10 1.85e-12  6.47e-06     2s
  36   2.52978148e+07  2.52978119e+07  3.38e-10 2.09e-12  5.79e-06     2s
  37   2.52978146e+07  2.52978144e+07  4.55e-10 2.05e-12  5.66e-07     2s
  38   2.52978146e+07  2.52978145e+07  1.65e-09 2.08e-12  7.78e-08     2s
  39   2.52978146e+07  2.52978146e+07  1.36e-09 2.13e-12  8.81e-11     2s

Barrier solved model in 39 iterations and 2.42 seconds (4.10 work units)
Optimal objective 2.52978146e+07

Crossover time: 0.06 seconds (0.05 work units)
Concurrent spin time: 0.03s

Solved with barrier

Root relaxation: objective 2.529781e+07, 2709 iterations, 1.81 seconds (2.58 work units)

    Nodes    |    Current Node    |     Objective Bounds      |     Work
 Expl Unexpl |  Obj  Depth IntInf | Incumbent    BestBd   Gap | It/Node Time

     0     0 2.5298e+07    0  136 3.0525e+07 2.5298e+07  17.1%     -    2s
H    0     0                    2.703563e+07 2.5298e+07  6.43%     -    2s
H    0     0                    2.702883e+07 2.5298e+07  6.40%     -    2s
H    0     0                    2.700198e+07 2.5298e+07  6.31%     -    2s
     0     0 2.5342e+07    0  138 2.7002e+07 2.5342e+07  6.15%     -   25s
H    0     0                    2.694925e+07 2.5342e+07  5.96%     -   26s
H    0     0                    2.694924e+07 2.5342e+07  5.96%     -   26s
     0     0 2.5363e+07    0  138 2.6949e+07 2.5363e+07  5.89%     -   58s
     0     0 2.5371e+07    0  138 2.6949e+07 2.5371e+07  5.86%     -   83s
     0     0 2.5372e+07    0  138 2.6949e+07 2.5372e+07  5.85%     -   99s
     0     0 2.5373e+07    0  138 2.6949e+07 2.5373e+07  5.85%     -  110s
     0     0 2.5373e+07    0  138 2.6949e+07 2.5373e+07  5.85%     -  116s
     0     0 2.5373e+07    0  138 2.6949e+07 2.5373e+07  5.85%     -  119s
     0     0 2.5400e+07    0  138 2.6949e+07 2.5400e+07  5.75%     -  158s
H    0     0                    2.691503e+07 2.5400e+07  5.63%     -  159s
H    0     0                    2.691400e+07 2.5400e+07  5.62%     -  159s
H    0     0                    2.667897e+07 2.5400e+07  4.79%     -  159s
H    0     0                    2.664041e+07 2.5400e+07  4.66%     -  159s
H    0     0                    2.663939e+07 2.5400e+07  4.65%     -  159s
H    0     0                    2.663207e+07 2.5400e+07  4.63%     -  159s
H    0     0                    2.662949e+07 2.5400e+07  4.62%     -  159s
H    0     0                    2.662496e+07 2.5400e+07  4.60%     -  159s
H    0     0                    2.662270e+07 2.5400e+07  4.59%     -  159s
H    0     0                    2.661597e+07 2.5400e+07  4.57%     -  159s
H    0     0                    2.661588e+07 2.5400e+07  4.57%     -  159s
H    0     0                    2.661454e+07 2.5400e+07  4.56%     -  159s
     0     0 2.5421e+07    0  138 2.6615e+07 2.5421e+07  4.48%     -  203s
     0     0 2.5431e+07    0  140 2.6615e+07 2.5431e+07  4.45%     -  237s
     0     0 2.5434e+07    0  138 2.6615e+07 2.5434e+07  4.43%     -  261s
     0     0 2.5435e+07    0  140 2.6615e+07 2.5435e+07  4.43%     -  276s
     0     0 2.5436e+07    0  140 2.6615e+07 2.5436e+07  4.43%     -  288s
     0     0 2.5436e+07    0  140 2.6615e+07 2.5436e+07  4.43%     -  294s
     0     0 2.5436e+07    0  140 2.6615e+07 2.5436e+07  4.43%     -  299s
     0     0 2.5458e+07    0  140 2.6615e+07 2.5458e+07  4.34%     -  341s
H    0     0                    2.644314e+07 2.5458e+07  3.72%     -  348s
H    0     0                    2.642511e+07 2.5458e+07  3.66%     -  348s
H    0     0                    2.641519e+07 2.5458e+07  3.62%     -  352s
H    0     0                    2.641519e+07 2.5458e+07  3.62%     -  352s
H    0     0                    2.640041e+07 2.5458e+07  3.57%     -  355s
H    0     0                    2.639835e+07 2.5458e+07  3.56%     -  355s
H    0     0                    2.639834e+07 2.5458e+07  3.56%     -  357s
H    0     0                    2.639003e+07 2.5458e+07  3.53%     -  357s
H    0     0                    2.638983e+07 2.5458e+07  3.53%     -  358s
H    0     0                    2.637876e+07 2.5458e+07  3.49%     -  358s
     0     0 2.5476e+07    0  141 2.6379e+07 2.5476e+07  3.42%     -  398s
     0     0 2.5484e+07    0  141 2.6379e+07 2.5484e+07  3.39%     -  425s
     0     0 2.5487e+07    0  141 2.6379e+07 2.5487e+07  3.38%     -  444s
     0     0 2.5488e+07    0  140 2.6379e+07 2.5488e+07  3.38%     -  465s
     0     0 2.5489e+07    0  141 2.6379e+07 2.5489e+07  3.37%     -  474s
     0     0 2.5489e+07    0  141 2.6379e+07 2.5489e+07  3.37%     -  484s
     0     0 2.5489e+07    0  143 2.6379e+07 2.5489e+07  3.37%     -  490s
     0     0 2.5506e+07    0  140 2.6379e+07 2.5506e+07  3.31%     -  528s
H    0     0                    2.635358e+07 2.5506e+07  3.22%     -  544s
H    0     0                    2.634282e+07 2.5506e+07  3.18%     -  549s
H    0     0                    2.634187e+07 2.5506e+07  3.17%     -  556s
H    0     0                    2.633487e+07 2.5506e+07  3.15%     -  558s
H    0     0                    2.633388e+07 2.5506e+07  3.14%     -  558s
H    0     0                    2.633258e+07 2.5506e+07  3.14%     -  570s
H    0     0                    2.630558e+07 2.5506e+07  3.04%     -  571s
H    0     0                    2.630500e+07 2.5506e+07  3.04%     -  574s
H    0     0                    2.630409e+07 2.5506e+07  3.03%     -  577s
H    0     0                    2.629849e+07 2.5506e+07  3.01%     -  577s
H    0     0                    2.612013e+07 2.5506e+07  2.35%     -  581s
     0     0 2.5518e+07    0  139 2.6120e+07 2.5518e+07  2.30%     -  630s
     0     0 2.5522e+07    0  143 2.6120e+07 2.5522e+07  2.29%     -  665s
     0     0 2.5524e+07    0  143 2.6120e+07 2.5524e+07  2.28%     -  691s
     0     0 2.5524e+07    0  143 2.6120e+07 2.5524e+07  2.28%     -  707s
     0     0 2.5525e+07    0  143 2.6120e+07 2.5525e+07  2.28%     -  718s
     0     0 2.5540e+07    0  138 2.6120e+07 2.5540e+07  2.22%     -  969s
H    0     0                    2.611682e+07 2.5540e+07  2.21%     -  971s
H    0     0                    2.600398e+07 2.5540e+07  1.79%     -  971s
     0     0 2.5540e+07    0  142 2.6004e+07 2.5540e+07  1.78%     -  990s
     0     0 2.5540e+07    0  147 2.6004e+07 2.5540e+07  1.78%     - 1012s
     0     0 2.5540e+07    0  147 2.6004e+07 2.5540e+07  1.78%     - 1012s
     0     2 2.5540e+07    0  147 2.6004e+07 2.5540e+07  1.78%     - 1168s
     1     3 2.5549e+07    1  139 2.6004e+07 2.5540e+07  1.78% 30184 1274s
     2     4 2.5542e+07    1  146 2.6004e+07 2.5542e+07  1.78% 17593 1291s
     3     5 2.5568e+07    2  138 2.6004e+07 2.5542e+07  1.78% 15837 1327s
     4     8 2.5542e+07    2  145 2.6004e+07 2.5542e+07  1.78% 12716 1355s
     7    14 2.5542e+07    3  144 2.6004e+07 2.5542e+07  1.78%  9427 1400s
    13    26 2.5543e+07    4  144 2.6004e+07 2.5542e+07  1.78%  8719 1530s
    25    49 2.5543e+07    5  143 2.6004e+07 2.5542e+07  1.78% 14058 1641s
    48    72 2.5543e+07    6  141 2.6004e+07 2.5542e+07  1.78% 19141 1706s
    71   132 2.5568e+07    7  138 2.6004e+07 2.5542e+07  1.78% 14096 1804s
   131   170 2.5584e+07   10  134 2.6004e+07 2.5542e+07  1.78%  9251 1889s
   169   216 2.5585e+07   11  132 2.6004e+07 2.5542e+07  1.78%  7863 1977s
   215   253 2.5587e+07   12  130 2.6004e+07 2.5542e+07  1.78%  6844 2063s
   252   293 2.5588e+07   14  128 2.6004e+07 2.5542e+07  1.78%  6352 2149s
   292   311 2.5610e+07   21  125 2.6004e+07 2.5542e+07  1.78%  5914 2219s
H  293   311                    2.593023e+07 2.5542e+07  1.50%  5894 2219s
H  293   311                    2.567226e+07 2.5542e+07  0.51%  5894 2219s
H  300   311                    2.567082e+07 2.5542e+07  0.50%  5859 2219s
   310   328 2.5614e+07   22  125 2.5671e+07 2.5542e+07  0.50%  5801 2306s
   337   364 2.5614e+07   23  121 2.5671e+07 2.5542e+07  0.50%  5595 2391s
   375   397 2.5617e+07   25  118 2.5671e+07 2.5542e+07  0.50%  5313 2472s
   410   443 2.5618e+07   26  117 2.5671e+07 2.5542e+07  0.50%  5207 2553s
H  411   443                    2.566743e+07 2.5542e+07  0.49%  5195 2553s
H  414   443                    2.566443e+07 2.5542e+07  0.48%  5174 2553s
H  464   498                    2.566334e+07 2.5542e+07  0.47%  4908 2615s
H  526   498                    2.566327e+07 2.5542e+07  0.47%  4567 2615s
   535   548 2.5619e+07   31  115 2.5663e+07 2.5542e+07  0.47%  4507 2668s
   609   619 2.5619e+07   36  110 2.5663e+07 2.5542e+07  0.47%  4128 2717s
   688   635 2.5620e+07   40  108 2.5663e+07 2.5542e+07  0.47%  3816 2887s
   724   679 2.5620e+07   41  107 2.5663e+07 2.5542e+07  0.47%  3724 3066s
H  759   679                    2.566300e+07 2.5542e+07  0.47%  3609 3066s
   778   745 2.5620e+07   42  107 2.5663e+07 2.5542e+07  0.47%  3553 3115s
   864   837 2.5621e+07   47  101 2.5663e+07 2.5542e+07  0.47%  3291 3172s
   983   933 2.5623e+07   55   93 2.5663e+07 2.5542e+07  0.47%  3026 3239s
  1102  1010 2.5631e+07   63   85 2.5663e+07 2.5542e+07  0.47%  2836 3303s
  1219  1082 2.5635e+07   73   77 2.5663e+07 2.5542e+07  0.47%  2678 3379s
  1320  1156 2.5643e+07   84   65 2.5663e+07 2.5542e+07  0.47%  2607 3450s
  1418  1259 2.5653e+07   95   55 2.5663e+07 2.5542e+07  0.47%  2573 3516s
  1557  1315 2.5662e+07  107   43 2.5663e+07 2.5543e+07  0.47%  2464 3594s
  1681  1297 2.5663e+07   98   52 2.5663e+07 2.5544e+07  0.46%  2389 3599s

Cutting planes:
  Implied bound: 13024
  MIR: 377
  Flow cover: 1985
  Relax-and-lift: 147

Explored 1685 nodes (4215807 simplex iterations) in 3600.22 seconds (3431.28 work units)
Thread count was 32 (of 32 available processors)

Solution count 10: 2.5663e+07 2.56633e+07 2.56633e+07 ... 2.61168e+07

Time limit reached
Best objective 2.566299800000e+07, best bound 2.554381848778e+07, gap 0.4644%
