
Gurobi 13.0.2 (win64) logging started Sat Jul 11 17:03:20 2026

Set parameter LogFile to value "logs/PSC1-C2-50-5_m0_exact_s0_20260711-170320.gurobi.log"
Set parameter Seed to value 0
Set parameter TimeLimit to value 3599.8724501
Set parameter NodefileStart to value 4
Set parameter MIPGap to value 0
Set parameter MIPGapAbs to value 0.9999
Set parameter Cutoff to value 1e+100
Gurobi Optimizer version 13.0.2 build v13.0.2rc1 (win64 - Windows 11+.0 (26200.2))

CPU model: Intel(R) Core(TM) i9-14900HX, instruction set [SSE2|AVX|AVX2]
Thread count: 24 physical cores, 32 logical processors, using up to 32 threads

Non-default parameters:
TimeLimit  3599.8724501
MIPGap  0
MIPGapAbs  0.9999
NodefileStart  4

Optimize a model with 2250 rows, 125150 columns and 350750 nonzeros (Min)
Model fingerprint: 0x104d3245
Model has 125150 linear objective coefficients
Variable types: 125000 continuous, 150 integer (150 binary)
Coefficient statistics:
  Matrix range     [1e+00, 6e+02]
  Objective range  [4e+01, 3e+04]
  Bounds range     [1e+00, 1e+00]
  RHS range        [1e+01, 2e+01]

Using branch priorities.
Found heuristic solution: objective 3750842.0000
Presolve time: 0.31s
Presolved: 2250 rows, 125150 columns, 350750 nonzeros
Variable types: 125000 continuous, 150 integer (150 binary)
Deterministic concurrent LP optimizer: primal and dual simplex
Showing primal log only...


Root simplex log...

Iteration    Objective       Primal Inf.    Dual Inf.      Time
  125695    1.6300550e+06   0.000000e+00   1.586738e+06      5s
  210798    1.6219117e+06   0.000000e+00   0.000000e+00     10s
Concurrent spin time: 0.00s

Solved with primal simplex

Root relaxation: objective 1.621912e+06, 210798 iterations, 9.42 seconds (10.92 work units)

    Nodes    |    Current Node    |     Objective Bounds      |     Work
 Expl Unexpl |  Obj  Depth IntInf | Incumbent    BestBd   Gap | It/Node Time

     0     0 1621911.72    0   53 3750842.00 1621911.72  56.8%     -    9s
H    0     0                    2090875.1414 1621911.72  22.4%     -    9s
H    0     0                    2044013.3018 1621911.72  20.7%     -    9s
H    0     0                    2016886.0000 1621911.72  19.6%     -    9s
     0     0 1623679.48    0   64 2016886.00 1623679.48  19.5%     -   22s
H    0     0                    1949928.2308 1623686.24  16.7%     -   22s
H    0     0                    1932165.0000 1623686.24  16.0%     -   22s
     0     0 1623695.52    0   66 1932165.00 1623695.52  16.0%     -   23s
     0     0 1623695.62    0   66 1932165.00 1623695.62  16.0%     -   24s
H    0     0                    1774278.9714 1624373.75  8.45%     -   33s
H    0     0                    1773593.3866 1624373.75  8.41%     -   33s
     0     0 1624373.75    0   69 1773593.39 1624373.75  8.41%     -   33s
     0     0 1624591.74    0   71 1773593.39 1624591.74  8.40%     -   40s
     0     0 1624657.65    0   71 1773593.39 1624657.65  8.40%     -   43s
     0     0 1624681.00    0   72 1773593.39 1624681.00  8.40%     -   46s
H    0     0                    1725559.6725 1624708.81  5.84%     -   48s
     0     0 1624708.81    0   71 1725559.67 1624708.81  5.84%     -   48s
     0     0 1624711.84    0   67 1725559.67 1624711.84  5.84%     -   49s
     0     0 1624716.22    0   69 1725559.67 1624716.22  5.84%     -   50s
     0     0 1624716.76    0   69 1725559.67 1624716.76  5.84%     -   50s
H    0     0                    1723335.4415 1624939.76  5.71%     -   59s
     0     0 1624939.76    0   66 1723335.44 1624939.76  5.71%     -   59s
H    0     0                    1723036.4463 1625019.49  5.69%     -   65s
     0     0 1625019.49    0   63 1723036.45 1625019.49  5.69%     -   65s
H    0     0                    1720217.0125 1625045.81  5.53%     -   69s
     0     0 1625045.81    0   61 1720217.01 1625045.81  5.53%     -   69s
     0     0 1625062.29    0   68 1720217.01 1625062.29  5.53%     -   72s
H    0     0                    1719976.4729 1625071.79  5.52%     -   74s
     0     0 1625071.79    0   68 1719976.47 1625071.79  5.52%     -   74s
     0     0 1625073.08    0   68 1719976.47 1625073.08  5.52%     -   74s
H    0     0                    1646205.6436 1625135.09  1.28%     -   81s
H    0     0                    1645966.0000 1625135.09  1.27%     -   81s
     0     0 1625135.09    0   61 1645966.00 1625135.09  1.27%     -   81s
     0     0 1625166.32    0   62 1645966.00 1625166.32  1.26%     -   85s
     0     0 1625177.41    0   61 1645966.00 1625177.41  1.26%     -   87s
     0     0 1625186.68    0   62 1645966.00 1625186.68  1.26%     -   90s
     0     0 1625190.32    0   60 1645966.00 1625190.32  1.26%     -   91s
     0     0 1625191.54    0   61 1645966.00 1625191.54  1.26%     -   92s
H    0     0                    1639832.0000 1625191.54  0.89%     -   97s
     0     0 1625261.82    0   49 1639832.00 1625261.82  0.89%     -  103s
     0     0 1625275.85    0   50 1639832.00 1625275.85  0.89%     -  106s
     0     0 1625276.43    0   49 1639832.00 1625276.43  0.89%     -  106s
     0     0 1625285.55    0   50 1639832.00 1625285.55  0.89%     -  109s
     0     0 1625285.65    0   50 1639832.00 1625285.65  0.89%     -  109s
     0     0 1625285.65    0   50 1639832.00 1625285.65  0.89%     -  109s
     0     2 1625285.90    0   50 1639832.00 1625285.90  0.89%     -  130s
     1     3 1625789.15    1   50 1639832.00 1625286.29  0.89%  9474  140s
     2     4 1626202.52    1   59 1639832.00 1625790.36  0.86% 12506  157s
     3     6 1626295.73    2   59 1639832.00 1625790.46  0.86% 10735  167s
     5    11 1626550.24    3   53 1639832.00 1626202.77  0.83%  8469  182s
    10    21 1626809.94    4   52 1639832.00 1626298.62  0.83%  8662  213s
    20    42 1629196.31    5   63 1639832.00 1626562.76  0.81% 13748  239s
    41    66 1629487.49    6   54 1639832.00 1626903.38  0.79% 28583  275s
    65   100 1629832.26    7   51 1639832.00 1627043.92  0.78% 20839  325s
    99   124 1630119.76    8   52 1639832.00 1627051.43  0.78% 15959  360s
   123   153 1629494.42   10   37 1639832.00 1627051.43  0.78% 18910  412s
   152   235 1630441.79    9   47 1639832.00 1627051.43  0.78% 17039  449s
   236   305 1630682.47   10   45 1639832.00 1627051.43  0.78% 20064  477s
   306   364 1631056.80   11   42 1639832.00 1627051.43  0.78% 20806  500s
   377   401 1631343.57   13   34 1639832.00 1627051.43  0.78% 20726  526s
   437   446 1632170.55   15   35 1639832.00 1627051.43  0.78% 20566  552s
   498   480 1632342.00   16   35 1639832.00 1627051.43  0.78% 20495  576s
   552   524 1632691.71   17   35 1639832.00 1627051.43  0.78% 20501  597s
   606   545 1632889.43   18   39 1639832.00 1627051.43  0.78% 20476  612s
   631   570 1632897.63   19   36 1639832.00 1627508.20  0.75% 20508  631s
   658   586 1632994.46   20   36 1639832.00 1627508.20  0.75% 20503  651s
   688   609 1637935.79   20   29 1639832.00 1627508.20  0.75% 20524  671s
   719   635 1633006.27   21   36 1639832.00 1627508.20  0.75% 20509  687s
   751   650 1633033.67   22   36 1639832.00 1627508.20  0.75% 20365  705s
H  767   650                    1639805.0000 1627508.20  0.75% 20310  705s
   788   695 1633087.56   23   33 1639805.00 1627508.20  0.75% 20224  733s
   867   759 1633303.39   27   36 1639805.00 1627548.93  0.75% 19748  755s
   949   811 1633533.49   33   26 1639805.00 1627548.93  0.75% 19446  783s
  1030   839 1633988.09   36   26 1639805.00 1627548.93  0.75% 19228  812s
  1104   869     cutoff   37      1639805.00 1627681.09  0.74% 19218  843s
  1168   895 1636341.04   39   31 1639805.00 1627681.09  0.74% 19414  875s
  1238   942 1637115.36   43   32 1639805.00 1627681.09  0.74% 19561  904s
  1305   987     cutoff   47      1639805.00 1627681.09  0.74% 19728  937s
  1374  1035 1633570.28   12   44 1639805.00 1627681.09  0.74% 19887  966s
  1448  1075 1633726.13   13   41 1639805.00 1627681.09  0.74% 19938  997s
  1528  1125 1635099.42   17   45 1639805.00 1627917.90  0.72% 20081 1032s
  1589  1186 1635534.10   21   44 1639805.00 1627953.09  0.72% 20116 1063s
  1678  1233 1635888.96   24   44 1639805.00 1628036.68  0.72% 20193 1096s
  1783  1245 1636985.75   30   42 1639805.00 1628036.68  0.72% 20129 1138s
  1851  1293 1638258.15   32   35 1639805.00 1628045.69  0.72% 20299 1183s
  1917  1347     cutoff   34      1639805.00 1628045.69  0.72% 20587 1218s
  2003  1387 1631185.45   10   37 1639805.00 1628045.69  0.72% 20766 1257s
  2057  1462 1631976.90   12   42 1639805.00 1628045.69  0.72% 20843 1293s
  2166  1527 1633501.03   16   39 1639805.00 1628045.69  0.72% 20898 1341s
  2285  1579 1635045.68   22   40 1639805.00 1628361.45  0.70% 20936 1392s
  2385  1633 1636817.35   27   35 1639805.00 1628557.90  0.69% 21066 1447s
  2495  1695     cutoff   32      1639805.00 1628557.90  0.69% 21195 1503s
  2622  1773 1633587.99   10   47 1639805.00 1628616.66  0.68% 21243 1557s
  2752  1878 1635061.15   16   43 1639805.00 1628773.21  0.67% 21338 1607s
  2887  1973 1635856.16   22   43 1639805.00 1628860.22  0.67% 21376 1665s
  3044  2059 1637316.25   28   43 1639805.00 1628860.22  0.67% 21312 1730s
  3217  2125     cutoff   35      1639805.00 1628860.22  0.67% 21156 1795s
  3367  2239 1631333.72    7   46 1639805.00 1628860.22  0.67% 21201 1860s
  3535  2240 1636426.00   18   50 1639805.00 1628901.44  0.66% 21150 2388s
  3537  2241 1639094.98   18   53 1639805.00 1628901.44  0.66% 21138 2400s
  3538  2242 1635832.13   30   65 1639805.00 1628901.44  0.66% 21132 2416s
  3539  2243 1635144.39   17   69 1639805.00 1628901.44  0.66% 21126 2429s
  3540  2243 1633109.57   10   71 1639805.00 1628901.44  0.66% 21120 2442s
  3541  2244 1634859.33   19   66 1639805.00 1628901.44  0.66% 21114 2450s
  3542  2245 1638433.53   15   62 1639805.00 1628901.44  0.66% 21108 2456s
  3543  2245 1633863.54   28   59 1639805.00 1628901.44  0.66% 21102 2461s
  3545  2247 1636774.77   31   58 1639805.00 1628901.44  0.66% 21090 2468s
  3546  2247 1638124.43   26   58 1639805.00 1628901.44  0.66% 21085 2472s
  3547  2248 1632842.01   14   56 1639805.00 1628901.44  0.66% 21079 2478s
  3548  2249 1634294.86   13   56 1639805.00 1628901.44  0.66% 21073 2481s
  3549  2249 1636538.03   22   57 1639805.00 1628901.44  0.66% 21067 2485s
  3551  2251 1631816.10   12   52 1639805.00 1628901.44  0.66% 21055 2491s
  3552  2251 1634240.67   10   52 1639805.00 1628901.44  0.66% 21049 2507s
H 3552  2138                    1639704.0000 1628901.44  0.66% 21049 2562s
H 3552  2030                    1638637.0000 1628901.44  0.59% 21049 2564s
  3554  2034 1628901.44   15   59 1638637.00 1628901.44  0.59% 21114 2590s
  3555  2035 1628901.44   16   53 1638637.00 1628901.44  0.59% 21110 2606s
  3557  2039 1628901.44   16   57 1638637.00 1628901.44  0.59% 21101 2634s
  3561  2046 1628901.44   17   55 1638637.00 1628901.44  0.59% 21086 2662s
  3570  2061 1628901.44   18   58 1638637.00 1628901.44  0.59% 21062 2724s
  3588  2079 1628901.44   19   59 1638637.00 1628901.44  0.59% 21040 2760s
  3612  2113 1628901.44   20   54 1638637.00 1628901.44  0.59% 21204 2829s
  3654  2172 1628901.44   22   53 1638637.00 1628901.44  0.59% 21051 2874s
  3729  2199 1630819.15   23   45 1638637.00 1628901.44  0.59% 21282 2912s
  3785  2237 1631689.99   24   47 1638637.00 1628901.44  0.59% 21445 2941s
  3841  2264 1628901.44   25   54 1638637.00 1628901.44  0.59% 21535 2968s
  3899  2287 1628901.44   26   50 1638637.00 1628901.44  0.59% 21594 2997s
  3953  2293 1628901.44   27   48 1638637.00 1628901.44  0.59% 21681 3022s
H 3955  2191                    1638581.0000 1628901.44  0.59% 21679 3022s
  4000  2210 1628945.84   28   51 1638581.00 1628901.44  0.59% 21756 3046s
  4050  2229 1628979.94   29   42 1638581.00 1628901.44  0.59% 21857 3067s
  4101  2262 1629091.57   30   46 1638581.00 1628901.44  0.59% 21925 3088s
  4165  2273 1629141.32   31   47 1638581.00 1628901.44  0.59% 21907 3109s
  4221  2281 1629206.61   32   44 1638581.00 1628901.44  0.59% 21915 3134s
  4278  2298 1629277.49   33   40 1638581.00 1628901.44  0.59% 21945 3163s
  4341  2331 1629330.27   34   41 1638581.00 1628901.44  0.59% 21954 3184s
H 4408  2237                    1637860.0000 1628901.44  0.55% 21942 3205s
H 4410  2144                    1637849.0000 1628901.44  0.55% 21943 3205s
  4459  2159 1629519.26   36   45 1637849.00 1628901.44  0.55% 21948 3233s
  4530  2184 1633037.22   37   30 1637849.00 1628901.44  0.55% 21982 3257s
  4610  2179 1629716.30   39   36 1637849.00 1628901.44  0.55% 21931 3282s
  4688  2183 1629773.15   40   38 1637849.00 1628901.44  0.55% 21926 3316s
  4772  2188 1629931.12   42   37 1637849.00 1628901.44  0.55% 21917 3347s
  4861  2218 1630134.99   44   35 1637849.00 1628901.44  0.55% 21897 3381s
  4963  2227 1633982.97   45   32 1637849.00 1628901.44  0.55% 21835 3415s
  5057  2252 1630983.53   47   39 1637849.00 1628901.44  0.55% 21811 3451s
  5139  2281 1631407.27   49   41 1637849.00 1628901.44  0.55% 21826 3484s
  5232  2311 1632139.31   51   34 1637849.00 1628901.44  0.55% 21822 3519s
  5325  2320 1632307.88   53   37 1637849.00 1628956.20  0.54% 21830 3559s
  5421  2358 1636967.66   55   31 1637849.00 1629008.55  0.54% 21860 3596s

Cutting planes:
  Implied bound: 3044
  MIR: 310
  Flow cover: 317
  Relax-and-lift: 269

Explored 5519 nodes (120961879 simplex iterations) in 3600.14 seconds (4327.22 work units)
Thread count was 32 (of 32 available processors)

Solution count 10: 1.63785e+06 1.63864e+06 1.6397e+06 ... 1.94993e+06

Time limit reached
Best objective 1.637849000000e+06, best bound 1.629008547672e+06, gap 0.5398%
