
Gurobi 13.0.2 (win64) logging started Sun Jul 12 21:41:57 2026

Set parameter LogFile to value "logs/PSC2-C3-50-5_m0_exact_s0_20260712-214157.gurobi.log"
Set parameter Seed to value 0
Set parameter TimeLimit to value 3599.8449508
Set parameter NodefileStart to value 4
Set parameter MIPGap to value 0
Set parameter MIPGapAbs to value 0.9999
Set parameter Cutoff to value 1e+100
Gurobi Optimizer version 13.0.2 build v13.0.2rc1 (win64 - Windows 11+.0 (26200.2))

CPU model: Intel(R) Core(TM) i9-14900HX, instruction set [SSE2|AVX|AVX2]
Thread count: 24 physical cores, 32 logical processors, using up to 32 threads

Non-default parameters:
TimeLimit  3599.8449508
MIPGap  0
MIPGapAbs  0.9999
NodefileStart  4

Optimize a model with 2250 rows, 125150 columns and 350750 nonzeros (Min)
Model fingerprint: 0x01934674
Model has 125150 linear objective coefficients
Variable types: 125000 continuous, 150 integer (150 binary)
Coefficient statistics:
  Matrix range     [1e+00, 2e+03]
  Objective range  [4e+01, 3e+04]
  Bounds range     [1e+00, 1e+00]
  RHS range        [1e+01, 2e+01]

Using branch priorities.
Found heuristic solution: objective 1.656034e+07
Presolve time: 0.35s
Presolved: 2250 rows, 125150 columns, 350750 nonzeros
Variable types: 125000 continuous, 150 integer (150 binary)
Deterministic concurrent LP optimizer: primal and dual simplex
Showing primal log only...

Concurrent spin time: 0.32s (can be avoided by choosing Method=3)

Solved with dual simplex

Root relaxation: objective 1.283610e+07, 52286 iterations, 2.46 seconds (3.83 work units)

    Nodes    |    Current Node    |     Objective Bounds      |     Work
 Expl Unexpl |  Obj  Depth IntInf | Incumbent    BestBd   Gap | It/Node Time

     0     0 1.2836e+07    0  128 1.6560e+07 1.2836e+07  22.5%     -    2s
H    0     0                    1.439623e+07 1.2836e+07  10.8%     -    2s
H    0     0                    1.436568e+07 1.2836e+07  10.6%     -    2s
H    0     0                    1.436564e+07 1.2836e+07  10.6%     -    2s
H    0     0                    1.433993e+07 1.2836e+07  10.5%     -    2s
H    0     0                    1.429419e+07 1.2836e+07  10.2%     -    2s
H    0     0                    1.408669e+07 1.2863e+07  8.69%     -    8s
H    0     0                    1.379383e+07 1.2863e+07  6.75%     -    8s
     0     0 1.2863e+07    0  129 1.3794e+07 1.2863e+07  6.75%     -    8s
H    0     0                    1.347119e+07 1.2870e+07  4.47%     -   12s
H    0     0                    1.323785e+07 1.2870e+07  2.78%     -   12s
     0     0 1.2870e+07    0  129 1.3238e+07 1.2870e+07  2.78%     -   12s
H    0     0                    1.313373e+07 1.2872e+07  1.99%     -   15s
H    0     0                    1.313006e+07 1.2872e+07  1.96%     -   15s
H    0     0                    1.311342e+07 1.2872e+07  1.84%     -   15s
H    0     0                    1.310921e+07 1.2872e+07  1.81%     -   15s
     0     0 1.2872e+07    0  128 1.3109e+07 1.2872e+07  1.81%     -   15s
     0     0 1.2873e+07    0  128 1.3109e+07 1.2873e+07  1.80%     -   17s
     0     0 1.2873e+07    0  129 1.3109e+07 1.2873e+07  1.80%     -   18s
     0     0 1.2873e+07    0  129 1.3109e+07 1.2873e+07  1.80%     -   18s
     0     0 1.2873e+07    0  130 1.3109e+07 1.2873e+07  1.80%     -   19s
H    0     0                    1.310011e+07 1.2896e+07  1.56%     -   26s
     0     0 1.2896e+07    0  127 1.3100e+07 1.2896e+07  1.56%     -   26s
     0     0 1.2905e+07    0  128 1.3100e+07 1.2905e+07  1.49%     -   32s
     0     0 1.2909e+07    0  129 1.3100e+07 1.2909e+07  1.46%     -   36s
     0     0 1.2910e+07    0  130 1.3100e+07 1.2910e+07  1.45%     -   39s
     0     0 1.2910e+07    0  130 1.3100e+07 1.2910e+07  1.45%     -   41s
     0     0 1.2910e+07    0  130 1.3100e+07 1.2910e+07  1.45%     -   42s
     0     0 1.2910e+07    0  129 1.3100e+07 1.2910e+07  1.45%     -   42s
     0     0 1.2930e+07    0  129 1.3100e+07 1.2930e+07  1.30%     -   52s
     0     0 1.2937e+07    0  132 1.3100e+07 1.2937e+07  1.24%     -   59s
     0     0 1.2941e+07    0  131 1.3100e+07 1.2941e+07  1.22%     -   65s
     0     0 1.2942e+07    0  132 1.3100e+07 1.2942e+07  1.21%     -   68s
     0     0 1.2942e+07    0  132 1.3100e+07 1.2942e+07  1.20%     -   71s
     0     0 1.2943e+07    0  132 1.3100e+07 1.2943e+07  1.20%     -   73s
     0     0 1.2943e+07    0  131 1.3100e+07 1.2943e+07  1.20%     -   74s
     0     0 1.2959e+07    0  129 1.3100e+07 1.2959e+07  1.08%     -   86s
     0     0 1.2965e+07    0  128 1.3100e+07 1.2965e+07  1.03%     -   93s
     0     0 1.2967e+07    0  129 1.3100e+07 1.2967e+07  1.02%     -   99s
     0     0 1.2967e+07    0  130 1.3100e+07 1.2967e+07  1.01%     -  103s
     0     0 1.2968e+07    0  129 1.3100e+07 1.2968e+07  1.01%     -  105s
     0     0 1.2997e+07    0  111 1.3100e+07 1.2997e+07  0.79%     -  184s
     0     0 1.2997e+07    0  117 1.3100e+07 1.2997e+07  0.79%     -  186s
     0     0 1.2997e+07    0  123 1.3100e+07 1.2997e+07  0.78%     -  189s
     0     0 1.2997e+07    0  123 1.3100e+07 1.2997e+07  0.78%     -  189s
     0     2 1.2997e+07    0  123 1.3100e+07 1.2997e+07  0.78%     -  219s
     1     3 1.3002e+07    1  121 1.3100e+07 1.2997e+07  0.78%  5538  225s
     2     4 1.2998e+07    1  126 1.3100e+07 1.2998e+07  0.78%  3611  230s
     3     7 1.3004e+07    2  133 1.3100e+07 1.2998e+07  0.78%  3568  236s
     6    13 1.3005e+07    3  129 1.3100e+07 1.2998e+07  0.78%  3163  247s
    12    25 1.3005e+07    4  128 1.3100e+07 1.2999e+07  0.77%  3666  264s
    24    47 1.3005e+07    5  126 1.3100e+07 1.2999e+07  0.77%  5698  286s
    46    70 1.3006e+07    6  128 1.3100e+07 1.2999e+07  0.77% 10173  297s
    69   160 1.3016e+07    7  121 1.3100e+07 1.2999e+07  0.77%  7199  319s
   159   215 1.3016e+07    8  122 1.3100e+07 1.2999e+07  0.77%  3924  336s
   214   282 1.3017e+07   10  122 1.3100e+07 1.2999e+07  0.77%  3321  348s
   281   323 1.3017e+07   11  119 1.3100e+07 1.2999e+07  0.77%  2793  362s
H  297   323                    1.309671e+07 1.2999e+07  0.75%  2715  362s
H  312   323                    1.308344e+07 1.2999e+07  0.65%  2656  362s
   322   388 1.3017e+07   13  118 1.3083e+07 1.2999e+07  0.65%  2599  371s
   387   454 1.3018e+07   15  118 1.3083e+07 1.2999e+07  0.65%  2308  379s
   453   521 1.3018e+07   16  117 1.3083e+07 1.2999e+07  0.65%  2077  390s
   520   588 1.3018e+07   17  115 1.3083e+07 1.2999e+07  0.65%  1889  400s
   587   652 1.3009e+07   15  123 1.3083e+07 1.2999e+07  0.65%  1788  408s
   655   712 1.3019e+07   19  116 1.3083e+07 1.2999e+07  0.65%  1664  421s
   719   770 1.3019e+07   20  115 1.3083e+07 1.2999e+07  0.65%  1619  432s
   788   830 1.3019e+07   21  116 1.3083e+07 1.2999e+07  0.65%  1565  446s
   855   910 1.3019e+07   23  115 1.3083e+07 1.2999e+07  0.65%  1532  455s
   935   986 1.3020e+07   25  114 1.3083e+07 1.2999e+07  0.65%  1470  467s
  1013  1062 1.3020e+07   26  115 1.3083e+07 1.2999e+07  0.65%  1431  481s
  1097  1151 1.3020e+07   28  113 1.3083e+07 1.2999e+07  0.65%  1401  493s
  1186  1242 1.3020e+07   30  113 1.3083e+07 1.2999e+07  0.65%  1374  507s
  1281  1334 1.3020e+07   31  111 1.3083e+07 1.2999e+07  0.65%  1352  520s
  1384  1390 1.3023e+07   29  113 1.3083e+07 1.2999e+07  0.65%  1324  537s
  1460  1437 1.3021e+07   32  112 1.3083e+07 1.3000e+07  0.64%  1323  554s
  1530  1453 1.3013e+07   27  120 1.3083e+07 1.3000e+07  0.64%  1326  567s
H 1531  1384                    1.307964e+07 1.3000e+07  0.61%  1326  567s
H 1543  1362                    1.307824e+07 1.3000e+07  0.60%  1336  567s
H 1548  1344                    1.307727e+07 1.3001e+07  0.58%  1336  567s
  1557  1400 1.3017e+07   27  116 1.3077e+07 1.3001e+07  0.58%  1337  586s
  1622  1473 1.3024e+07   31  114 1.3077e+07 1.3001e+07  0.58%  1340  604s
  1697  1555 1.3024e+07   28  114 1.3077e+07 1.3001e+07  0.58%  1336  621s
  1781  1605 1.3022e+07   33  110 1.3077e+07 1.3001e+07  0.58%  1322  641s
H 1791  1595                    1.307676e+07 1.3001e+07  0.58%  1319  641s
H 1799  1583                    1.307634e+07 1.3001e+07  0.58%  1325  641s
  1846  1636 1.3022e+07   34  110 1.3076e+07 1.3001e+07  0.58%  1323  661s
  1924  1686 1.3024e+07   34  109 1.3076e+07 1.3001e+07  0.58%  1324  682s
  1978  1709 1.3023e+07   35  108 1.3076e+07 1.3001e+07  0.58%  1343  697s
H 1993  1668                    1.307476e+07 1.3001e+07  0.57%  1348  697s
H 1997  1617                    1.307175e+07 1.3001e+07  0.54%  1348  697s
  2001  1677 1.3023e+07   36  108 1.3072e+07 1.3001e+07  0.54%  1352  715s
  2075  1752 1.3024e+07   38  105 1.3072e+07 1.3001e+07  0.54%  1354  737s
  2177  1853 1.3024e+07   40  106 1.3072e+07 1.3001e+07  0.54%  1355  755s
  2286  1932 1.3025e+07   42  103 1.3072e+07 1.3001e+07  0.54%  1356  780s
  2399  2011 1.3017e+07   38  107 1.3072e+07 1.3001e+07  0.54%  1354  806s
  2484  2110 1.3026e+07   43  101 1.3072e+07 1.3001e+07  0.54%  1370  831s
  2589  2234 1.3026e+07   45  100 1.3072e+07 1.3001e+07  0.54%  1385  855s
  2728  2235 1.3043e+07   71  123 1.3072e+07 1.3001e+07  0.54%  1375 1056s
  2731  2237 1.3038e+07   59  128 1.3072e+07 1.3001e+07  0.54%  1374 1067s
  2732  2238 1.3045e+07   72  129 1.3072e+07 1.3001e+07  0.54%  1373 1074s
  2733  2238 1.3052e+07   68  129 1.3072e+07 1.3001e+07  0.54%  1373 1082s
  2734  2239 1.3039e+07   62  130 1.3072e+07 1.3001e+07  0.54%  1372 1090s
  2735  2240 1.3033e+07   23  129 1.3072e+07 1.3001e+07  0.54%  1372 1099s
  2736  2240 1.3026e+07   36  130 1.3072e+07 1.3001e+07  0.54%  1371 1109s
  2737  2241 1.3058e+07   74  133 1.3072e+07 1.3001e+07  0.54%  1371 1121s
  2738  2242 1.3058e+07   26  133 1.3072e+07 1.3001e+07  0.54%  1370 1131s
  2739  2242 1.3043e+07   52  134 1.3072e+07 1.3001e+07  0.54%  1370 1141s
  2740  2243 1.3009e+07   11  132 1.3072e+07 1.3001e+07  0.54%  1369 1149s
  2741  2244 1.3019e+07   25  133 1.3072e+07 1.3001e+07  0.54%  1369 1154s
  2742  2244 1.3039e+07   57  134 1.3072e+07 1.3001e+07  0.54%  1368 1158s
  2743  2245 1.3020e+07   25  132 1.3072e+07 1.3001e+07  0.54%  1368 1161s
  2745  2246 1.3027e+07   30  129 1.3072e+07 1.3001e+07  0.54%  1367 1165s
  2749  2249 1.3068e+07   92  122 1.3072e+07 1.3001e+07  0.54%  1365 1174s
  2750  2250 1.3059e+07   31  127 1.3072e+07 1.3001e+07  0.54%  1364 1176s
  2752  2251 1.3036e+07   24  121 1.3072e+07 1.3001e+07  0.54%  1363 1180s
  2754  2252 1.3026e+07   32  125 1.3072e+07 1.3001e+07  0.54%  1362 1186s
  2757  2254 1.3031e+07   43  122 1.3072e+07 1.3001e+07  0.54%  1361 1194s
  2758  2255 1.3040e+07   59  121 1.3072e+07 1.3001e+07  0.54%  1360 1196s
  2760  2256 1.3061e+07   93  125 1.3072e+07 1.3001e+07  0.54%  1359 1200s
  2762  2258 1.3030e+07   38  128 1.3072e+07 1.3001e+07  0.54%  1358 1209s
H 2762  2144                    1.307131e+07 1.3001e+07  0.54%  1358 1238s
  2764  2147 1.3005e+07   15  124 1.3071e+07 1.3001e+07  0.54%  1412 1259s
  2765  2150 1.3014e+07   16  122 1.3071e+07 1.3001e+07  0.54%  1414 1268s
  2768  2155 1.3015e+07   17  119 1.3071e+07 1.3001e+07  0.54%  1415 1287s
H 2773  2045                    1.307002e+07 1.3001e+07  0.53%  1422 1287s
  2774  2057 1.3016e+07   18  121 1.3070e+07 1.3001e+07  0.53%  1425 1317s
H 2786  1975                    1.306765e+07 1.3001e+07  0.51%  1449 1383s
H 2791  1875                    1.306743e+07 1.3001e+07  0.51%  1499 1383s
H 2797  1781                    1.306708e+07 1.3001e+07  0.50%  1551 1383s
  2810  1801 1.3018e+07   20  125 1.3067e+07 1.3001e+07  0.50%  1676 1414s
  2834  1879 1.3018e+07   21  122 1.3067e+07 1.3001e+07  0.50%  1708 1469s
  2920  1906 1.3019e+07   23  124 1.3067e+07 1.3001e+07  0.50%  1736 1507s
  2976  1941 1.3019e+07   24  122 1.3067e+07 1.3001e+07  0.50%  1756 1543s
  3030  1969 1.3019e+07   25  119 1.3067e+07 1.3001e+07  0.50%  1766 1579s
  3076  2001 1.3019e+07   26  119 1.3067e+07 1.3001e+07  0.50%  1778 1613s
  3123  2016 1.3020e+07   27  118 1.3067e+07 1.3001e+07  0.50%  1787 1636s
  3155  2038 1.3030e+07   27  113 1.3067e+07 1.3001e+07  0.50%  1794 1662s
  3191  2065 1.3020e+07   28  120 1.3067e+07 1.3001e+07  0.50%  1797 1690s
  3231  2087 1.3020e+07   29  122 1.3067e+07 1.3001e+07  0.50%  1799 1722s
  3275  2121 1.3021e+07   30  122 1.3067e+07 1.3001e+07  0.50%  1811 1753s
  3323  2158 1.3021e+07   31  121 1.3067e+07 1.3001e+07  0.50%  1818 1784s
  3376  2192 1.3021e+07   32  119 1.3067e+07 1.3001e+07  0.50%  1831 1818s
  3428  2234 1.3021e+07   33  122 1.3067e+07 1.3001e+07  0.50%  1839 1851s
  3487  2268 1.3022e+07   34  119 1.3067e+07 1.3001e+07  0.50%  1844 1886s
  3541  2319 1.3022e+07   35  117 1.3067e+07 1.3001e+07  0.50%  1857 1920s
  3610  2359 1.3022e+07   36  115 1.3067e+07 1.3001e+07  0.50%  1866 1971s
  3683  2394 1.3022e+07   37  115 1.3067e+07 1.3001e+07  0.50%  1866 2006s
  3744  2438 1.3023e+07   38  115 1.3067e+07 1.3001e+07  0.50%  1871 2039s
  3817  2470 1.3023e+07   39  115 1.3067e+07 1.3001e+07  0.50%  1877 2081s
  3883  2515 1.3023e+07   40  115 1.3067e+07 1.3002e+07  0.50%  1886 2120s
  3950  2538 1.3024e+07   41  115 1.3067e+07 1.3002e+07  0.50%  1889 2162s
  4020  2567 1.3024e+07   42  114 1.3067e+07 1.3002e+07  0.50%  1900 2207s
  4081  2618 1.3024e+07   43  114 1.3067e+07 1.3002e+07  0.50%  1919 2252s
  4154  2678 1.3024e+07   44  112 1.3067e+07 1.3002e+07  0.50%  1935 2296s
  4240  2742 1.3025e+07   45  112 1.3067e+07 1.3002e+07  0.50%  1950 2340s
  4337  2801 1.3025e+07   46  113 1.3067e+07 1.3002e+07  0.50%  1956 2390s
  4440  2872 1.3026e+07   47  112 1.3067e+07 1.3002e+07  0.50%  1963 2439s
  4554  2941 1.3030e+07   48  110 1.3067e+07 1.3002e+07  0.50%  1973 2489s
  4677  3011 1.3027e+07   49  108 1.3067e+07 1.3002e+07  0.50%  1976 2543s
  4805  3091 1.3027e+07   51  106 1.3067e+07 1.3002e+07  0.50%  1979 2596s
  4947  3187 1.3030e+07   52  105 1.3067e+07 1.3002e+07  0.50%  1980 2655s
  5112  3306 1.3028e+07   54  103 1.3067e+07 1.3003e+07  0.49%  1978 2707s
  5288  3447 1.3028e+07   56  103 1.3067e+07 1.3003e+07  0.49%  1975 2761s
  5508  3543 1.3029e+07   58   99 1.3067e+07 1.3003e+07  0.49%  1958 2825s
  5707  3600 1.3031e+07   60   97 1.3067e+07 1.3003e+07  0.49%  1952 2891s
  5859  3718 1.3031e+07   62   97 1.3067e+07 1.3003e+07  0.49%  1970 2954s
  6035  3787 1.3032e+07   64   95 1.3067e+07 1.3003e+07  0.49%  1979 3023s
  6220  3853 1.3032e+07   67   93 1.3067e+07 1.3004e+07  0.48%  1981 3099s
  6354  3962 1.3032e+07   70   90 1.3067e+07 1.3004e+07  0.48%  2000 3175s
  6522  4066 1.3033e+07   72   89 1.3067e+07 1.3004e+07  0.48%  2013 3254s
  6715  4172 1.3033e+07   75   85 1.3067e+07 1.3004e+07  0.48%  2016 3340s
  6906  4298 1.3034e+07   79   85 1.3067e+07 1.3004e+07  0.48%  2026 3432s
  7116  4452 1.3034e+07   82   81 1.3067e+07 1.3004e+07  0.48%  2042 3523s
H 7371  4330                    1.306673e+07 1.3004e+07  0.48%  2044 3596s
H 7387  4185                    1.306591e+07 1.3004e+07  0.47%  2048 3596s
H 7395  4128                    1.306569e+07 1.3004e+07  0.47%  2050 3596s
H 7399  4081                    1.306519e+07 1.3004e+07  0.47%  2050 3596s

Cutting planes:
  Implied bound: 7489
  MIR: 616
  Mixing: 11
  Flow cover: 1197
  Relax-and-lift: 143

Explored 7459 nodes (15397705 simplex iterations) in 3600.20 seconds (5367.72 work units)
Thread count was 32 (of 32 available processors)

Solution count 10: 1.30652e+07 1.30657e+07 1.30659e+07 ... 1.30718e+07

Time limit reached
Best objective 1.306518900000e+07, best bound 1.300419762117e+07, gap 0.4668%
