
Gurobi 13.0.2 (win64) logging started Sun Jul 12 23:42:01 2026

Set parameter LogFile to value "logs/PSC2-C4-100-5_m0_exact_s0_20260712-234201.gurobi.log"
Set parameter Seed to value 0
Set parameter TimeLimit to value 3599.4822154
Set parameter NodefileStart to value 4
Set parameter MIPGap to value 0
Set parameter MIPGapAbs to value 0.9999
Set parameter Cutoff to value 1e+100
Gurobi Optimizer version 13.0.2 build v13.0.2rc1 (win64 - Windows 11+.0 (26200.2))

CPU model: Intel(R) Core(TM) i9-14900HX, instruction set [SSE2|AVX|AVX2]
Thread count: 24 physical cores, 32 logical processors, using up to 32 threads

Non-default parameters:
TimeLimit  3599.4822154
MIPGap  0
MIPGapAbs  0.9999
NodefileStart  4

Optimize a model with 4500 rows, 500300 columns and 1401500 nonzeros (Min)
Model fingerprint: 0x617cdc56
Model has 500300 linear objective coefficients
Variable types: 500000 continuous, 300 integer (300 binary)
Coefficient statistics:
  Matrix range     [1e+00, 6e+02]
  Objective range  [5e+01, 3e+04]
  Bounds range     [1e+00, 1e+00]
  RHS range        [1e+01, 2e+01]

Using branch priorities.
Found heuristic solution: objective 8940528.0000
Presolve time: 1.71s
Presolved: 4500 rows, 500300 columns, 1401500 nonzeros
Variable types: 500000 continuous, 300 integer (300 binary)
Deterministic concurrent LP optimizer: primal simplex, dual simplex, and barrier
Showing barrier log only...

Root barrier log...

Ordering time: 0.21s

Barrier statistics:
 AA' NZ     : 9.040e+05
 Factor NZ  : 2.417e+06 (roughly 200 MB of memory)
 Factor Ops : 1.462e+09 (less than 1 second per iteration)
 Threads    : 22

                  Objective                Residual
Iter       Primal          Dual         Primal    Dual     Compl     Time
   0   5.34817859e+10 -4.99851264e+09  6.69e+04 0.00e+00  2.43e+05     3s
   1   3.01923235e+10 -3.94278797e+09  3.76e+04 1.82e-12  1.41e+05     3s
   2   1.99209918e+09 -2.25567131e+09  2.45e+03 2.28e-10  1.08e+04     3s
   3   1.16095598e+08 -1.07104521e+09  1.03e+02 3.53e-10  1.42e+03     3s
   4   3.52030698e+07 -1.03649719e+08  1.91e-02 6.39e-11  1.38e+02     3s
   5   3.29550446e+07 -7.51470443e+07  1.05e-05 5.05e-11  1.08e+02     3s
   6   2.95083879e+07 -7.00755621e+07  7.62e-06 4.57e-11  9.91e+01     3s
   7   1.96365859e+07 -3.58440584e+07  4.26e-06 2.14e-11  5.52e+01     3s
   8   1.02191968e+07 -3.77823478e+06  1.77e-06 2.05e-12  1.39e+01     3s
   9   8.46196806e+06 -1.00083574e+06  1.31e-06 1.25e-12  9.41e+00     3s
  10   5.80450559e+06  7.07124444e+05  7.30e-07 5.83e-13  5.07e+00     3s
  11   5.37506843e+06  1.17367611e+06  5.87e-07 4.55e-13  4.18e+00     3s
  12   4.99597886e+06  1.99838549e+06  3.89e-07 3.42e-13  2.98e+00     3s
  13   4.87945300e+06  2.47909786e+06  3.45e-07 3.41e-13  2.39e+00     4s
  14   4.64754999e+06  2.76440672e+06  2.70e-07 4.41e-13  1.87e+00     4s
  15   4.33554238e+06  3.22526078e+06  1.65e-07 2.64e-13  1.10e+00     4s
  16   4.08737275e+06  3.39508369e+06  1.04e-07 2.62e-13  6.89e-01     4s
  17   3.91218938e+06  3.45385888e+06  6.54e-08 3.17e-13  4.56e-01     4s
  18   3.82722600e+06  3.48842560e+06  4.91e-08 2.49e-13  3.37e-01     4s
  19   3.72013272e+06  3.50607009e+06  2.88e-08 2.59e-13  2.13e-01     4s
  20   3.65992952e+06  3.52400980e+06  1.75e-08 2.54e-13  1.35e-01     4s
  21   3.61180101e+06  3.53665765e+06  8.74e-09 2.71e-13  7.48e-02     4s
  22   3.59158723e+06  3.54672866e+06  5.16e-09 2.60e-13  4.46e-02     4s
  23   3.57665241e+06  3.55040876e+06  2.57e-09 2.64e-13  2.61e-02     4s
  24   3.56773456e+06  3.55558753e+06  1.05e-09 2.70e-13  1.21e-02     4s
  25   3.56464619e+06  3.55760598e+06  5.51e-10 2.37e-13  7.00e-03     4s
  26   3.56313409e+06  3.55880532e+06  3.10e-10 2.42e-13  4.31e-03     4s
  27   3.56244928e+06  3.55945100e+06  2.05e-10 2.39e-13  2.98e-03     4s
  28   3.56196362e+06  3.56019834e+06  1.31e-10 2.51e-13  1.76e-03     5s
  29   3.56158542e+06  3.56047483e+06  7.65e-11 2.43e-13  1.10e-03     5s
  30   3.56128757e+06  3.56072543e+06  4.72e-11 2.39e-13  5.59e-04     5s
  31   3.56118125e+06  3.56090706e+06  2.24e-11 2.59e-13  2.73e-04     5s
  32   3.56115579e+06  3.56098159e+06  3.46e-11 2.48e-13  1.73e-04     5s
  33   3.56112142e+06  3.56099467e+06  4.28e-11 2.70e-13  1.26e-04     5s
  34   3.56108741e+06  3.56102891e+06  9.27e-11 2.48e-13  5.82e-05     5s
  35   3.56107799e+06  3.56104438e+06  5.14e-11 2.42e-13  3.34e-05     5s
  36   3.56106908e+06  3.56106119e+06  1.45e-10 2.32e-13  7.85e-06     5s
  37   3.56106614e+06  3.56106528e+06  9.23e-10 2.67e-13  8.53e-07     5s
  38   3.56106551e+06  3.56106551e+06  4.56e-09 2.60e-13  2.75e-09     5s

Barrier solved model in 38 iterations and 5.14 seconds (8.23 work units)
Optimal objective 3.56106551e+06


Root crossover log...

    2202 DPushes remaining with DInf 0.0000000e+00                 5s
       0 DPushes remaining with DInf 0.0000000e+00                 5s

     624 PPushes remaining with PInf 0.0000000e+00                 5s
       0 PPushes remaining with PInf 0.0000000e+00                 5s

  Push phase complete: Pinf 0.0000000e+00, Dinf 2.2773605e-10      5s


Root simplex log...

Iteration    Objective       Primal Inf.    Dual Inf.      Time
    2829    3.5610655e+06   0.000000e+00   0.000000e+00      5s
Crossover time: 0.14 seconds (0.17 work units)
Concurrent spin time: 0.78s (can be avoided by choosing Method=3)

Solved with barrier

Root relaxation: objective 3.561066e+06, 2829 iterations, 4.20 seconds (5.18 work units)

    Nodes    |    Current Node    |     Objective Bounds      |     Work
 Expl Unexpl |  Obj  Depth IntInf | Incumbent    BestBd   Gap | It/Node Time

     0     0 3561065.51    0  183 8940528.00 3561065.51  60.2%     -    6s
H    0     0                    5540152.3187 3561065.51  35.7%     -    6s
H    0     0                    5206693.0244 3561065.51  31.6%     -    6s
H    0     0                    5165357.0000 3561065.51  31.1%     -    6s
     0     0 3568033.13    0  197 5165357.00 3568033.13  30.9%     -   58s
H    0     0                    5005372.2670 3568034.68  28.7%     -   58s
H    0     0                    5004465.2670 3568034.68  28.7%     -   58s
H    0     0                    5004311.9644 3568034.68  28.7%     -   58s
H    0     0                    4989753.6751 3568034.68  28.5%     -   58s
H    0     0                    4959370.0000 3568034.68  28.1%     -   58s
H    0     0                    4957167.0000 3568034.68  28.0%     -   58s
     0     0 3570576.14    0  200 4957167.00 3570576.14  28.0%     -  167s
     0     0 3571045.71    0  200 4957167.00 3571045.71  28.0%     -  206s
     0     0 3571119.56    0  202 4957167.00 3571119.56  28.0%     -  223s
     0     0 3571140.35    0  200 4957167.00 3571140.35  28.0%     -  233s
     0     0 3571149.21    0  200 4957167.00 3571149.21  28.0%     -  241s
     0     0 3571150.43    0  200 4957167.00 3571150.43  28.0%     -  243s
     0     0 3573720.11    0  201 4957167.00 3573720.11  27.9%     -  343s
H    0     0                    4803727.0000 3573722.00  25.6%     -  343s
H    0     0                    4643579.0000 3573722.00  23.0%     -  343s
H    0     0                    4632917.0000 3573722.00  22.9%     -  343s
     0     0 3575382.71    0  211 4632917.00 3575382.71  22.8%     -  442s
     0     0 3575900.56    0  213 4632917.00 3575900.56  22.8%     -  499s
     0     0 3576091.66    0  207 4632917.00 3576091.66  22.8%     -  536s
     0     0 3576162.62    0  209 4632917.00 3576162.62  22.8%     -  561s
     0     0 3576184.58    0  210 4632917.00 3576184.58  22.8%     -  579s
     0     0 3576219.03    0  211 4632917.00 3576219.03  22.8%     -  595s
     0     0 3576221.44    0  212 4632917.00 3576221.44  22.8%     -  599s
     0     0 3577638.13    0  207 4632917.00 3577638.13  22.8%     -  717s
H    0     0                    4463012.0000 3577640.41  19.8%     -  718s
H    0     0                    4383677.0000 3577640.41  18.4%     -  718s
H    0     0                    4372944.0000 3577640.41  18.2%     -  718s
H    0     0                    4371037.0000 3577640.41  18.2%     -  719s
H    0     0                    4363728.0000 3577640.41  18.0%     -  719s
H    0     0                    4352340.0000 3577640.41  17.8%     -  719s
H    0     0                    4350185.0000 3577640.41  17.8%     -  719s
H    0     0                    4345415.0000 3577640.41  17.7%     -  719s
H    0     0                    4338901.0000 3577640.41  17.5%     -  719s
H    0     0                    4336569.0000 3577640.41  17.5%     -  720s
     0     0 3578544.26    0  216 4336569.00 3578544.26  17.5%     -  833s
     0     0 3578830.57    0  220 4336569.00 3578830.57  17.5%     -  898s
     0     0 3578951.35    0  219 4336569.00 3578951.35  17.5%     -  944s
     0     0 3579023.68    0  220 4336569.00 3579023.68  17.5%     -  978s
     0     0 3579065.20    0  225 4336569.00 3579065.20  17.5%     - 1003s
     0     0 3579074.77    0  223 4336569.00 3579074.77  17.5%     - 1015s
     0     0 3579861.31    0  212 4336569.00 3579861.31  17.4%     - 1145s
H    0     0                    4311524.0000 3579861.38  17.0%     - 1149s
H    0     0                    4257329.0000 3579861.38  15.9%     - 1150s
H    0     0                    4250381.0000 3579861.38  15.8%     - 1151s
H    0     0                    4233111.0000 3579861.38  15.4%     - 1152s
H    0     0                    4214096.0000 3579861.38  15.1%     - 1153s
H    0     0                    4203515.0000 3579861.38  14.8%     - 1158s
H    0     0                    4194063.0000 3579861.38  14.6%     - 1161s
H    0     0                    4192936.0000 3579861.38  14.6%     - 1163s
     0     0 3580224.05    0  219 4192936.00 3580224.05  14.6%     - 1246s
     0     0 3580368.73    0  212 4192936.00 3580368.73  14.6%     - 1309s
     0     0 3580417.93    0  214 4192936.00 3580417.93  14.6%     - 1344s
     0     0 3580459.34    0  214 4192936.00 3580459.34  14.6%     - 1379s
     0     0 3580473.46    0  223 4192936.00 3580473.46  14.6%     - 1398s
     0     0 3581645.54    0  161 4192936.00 3581645.54  14.6%     - 1804s
H    0     0                    4097783.0000 3581645.58  12.6%     - 1811s
H    0     0                    4093068.0000 3581645.58  12.5%     - 1811s
H    0     0                    4084949.0000 3581645.58  12.3%     - 1817s
H    0     0                    4068853.0000 3581645.58  12.0%     - 1824s
H    0     0                    4067959.0000 3581645.58  12.0%     - 1839s
H    0     0                    4067956.0000 3581645.58  12.0%     - 1839s
H    0     0                    4067950.0000 3581645.58  12.0%     - 1841s
H    0     0                    4067939.0000 3581645.58  12.0%     - 1841s
H    0     0                    4067912.0000 3581645.58  12.0%     - 1844s
H    0     0                    4067902.0000 3581645.58  12.0%     - 1844s
H    0     0                    4050947.0000 3581645.58  11.6%     - 1846s
H    0     0                    4050083.0000 3581645.58  11.6%     - 1848s
H    0     0                    4044651.0000 3581645.58  11.4%     - 1848s
H    0     0                    4037898.0000 3581645.58  11.3%     - 1848s
H    0     0                    4037172.0000 3581645.58  11.3%     - 1850s
H    0     0                    4031173.0000 3581645.58  11.2%     - 1850s
H    0     0                    4031052.0000 3581645.58  11.1%     - 1850s
H    0     0                    4030071.0000 3581645.58  11.1%     - 1852s
H    0     0                    4029698.0000 3581645.58  11.1%     - 1853s
H    0     0                    4029296.0000 3581645.58  11.1%     - 1853s
H    0     0                    4027732.0000 3581645.58  11.1%     - 1855s
H    0     0                    4026917.0000 3581645.58  11.1%     - 1857s
H    0     0                    4026738.0000 3581645.58  11.1%     - 1857s
H    0     0                    4026658.0000 3581645.58  11.1%     - 1857s
H    0     0                    4025889.0000 3581645.58  11.0%     - 1858s
H    0     0                    4025417.0000 3581645.58  11.0%     - 1858s
     0     0 3581786.46    0  191 4025417.00 3581786.46  11.0%     - 1918s
     0     0 3581822.81    0  190 4025417.00 3581822.81  11.0%     - 1944s
     0     0 3581893.03    0  187 4025417.00 3581893.03  11.0%     - 1989s
     0     0 3581893.22    0  187 4025417.00 3581893.22  11.0%     - 1990s
H    0     0                    4012263.0000 3581893.22  10.7%     - 2079s
H    0     0                    4011673.0000 3581893.22  10.7%     - 2086s
H    0     0                    4010945.0000 3581893.22  10.7%     - 2089s
H    0     0                    4010462.0000 3581893.22  10.7%     - 2089s
H    0     0                    4010348.0000 3581893.22  10.7%     - 2098s
H    0     0                    4009739.0000 3581893.22  10.7%     - 2101s
H    0     0                    4009145.0000 3581893.22  10.7%     - 2101s
H    0     0                    3917987.1804 3581893.22  8.58%     - 2342s
     0     2 3581893.22    0  187 3917987.18 3581893.22  8.58%     - 2343s
     1     3 3583285.94    1  193 3917987.18 3581893.63  8.58% 36019 2475s
     2     4 3582237.40    1  205 3917987.18 3582237.40  8.57% 31981 2582s
     3     5 3585211.29    2  198 3917987.18 3582237.44  8.57% 33503 2721s
     4     6 3584561.56    2  196 3917987.18 3582237.44  8.57% 32420 2856s
     5     7 3586152.66    3  185 3917987.18 3582237.44  8.57% 31520 2993s
     6    11 3582764.42    2  193 3917987.18 3582238.18  8.57% 26908 3132s
    10    14 3586806.28    3  178 3917987.18 3582764.45  8.56% 27615 3599s

Cutting planes:
  Implied bound: 11275
  MIR: 517
  Flow cover: 272
  Relax-and-lift: 230

Explored 13 nodes (836240 simplex iterations) in 3600.05 seconds (8018.76 work units)
Thread count was 32 (of 32 available processors)

Solution count 10: 3.91799e+06 4.00915e+06 4.00974e+06 ... 4.02589e+06

Time limit reached
Best objective 3.917987180405e+06, best bound 3.582764452873e+06, gap 8.5560%
