
Gurobi 13.0.2 (win64) logging started Mon Jul 13 01:42:03 2026

Set parameter LogFile to value "logs/PSC2-C4-50-5_m0_exact_s0_20260713-014203.gurobi.log"
Set parameter Seed to value 0
Set parameter TimeLimit to value 3599.8409794
Set parameter NodefileStart to value 4
Set parameter MIPGap to value 0
Set parameter MIPGapAbs to value 0.9999
Set parameter Cutoff to value 1e+100
Gurobi Optimizer version 13.0.2 build v13.0.2rc1 (win64 - Windows 11+.0 (26200.2))

CPU model: Intel(R) Core(TM) i9-14900HX, instruction set [SSE2|AVX|AVX2]
Thread count: 24 physical cores, 32 logical processors, using up to 32 threads

Non-default parameters:
TimeLimit  3599.8409794
MIPGap  0
MIPGapAbs  0.9999
NodefileStart  4

Optimize a model with 2250 rows, 125150 columns and 350750 nonzeros (Min)
Model fingerprint: 0x64ae0b7c
Model has 125150 linear objective coefficients
Variable types: 125000 continuous, 150 integer (150 binary)
Coefficient statistics:
  Matrix range     [1e+00, 6e+02]
  Objective range  [5e+01, 3e+04]
  Bounds range     [1e+00, 1e+00]
  RHS range        [1e+01, 2e+01]

Using branch priorities.
Found heuristic solution: objective 4512993.0000
Presolve time: 0.37s
Presolved: 2250 rows, 125150 columns, 350750 nonzeros
Variable types: 125000 continuous, 150 integer (150 binary)
Deterministic concurrent LP optimizer: primal and dual simplex
Showing primal log only...


Root simplex log...

Iteration    Objective       Primal Inf.    Dual Inf.      Time
  131453    1.8210397e+06   0.000000e+00   2.831117e+04      5s
  147112    1.8204229e+06   0.000000e+00   0.000000e+00      6s
Concurrent spin time: 0.00s

Solved with primal simplex

Root relaxation: objective 1.820423e+06, 147112 iterations, 5.36 seconds (8.22 work units)

    Nodes    |    Current Node    |     Objective Bounds      |     Work
 Expl Unexpl |  Obj  Depth IntInf | Incumbent    BestBd   Gap | It/Node Time

     0     0 1820422.93    0  114 4512993.00 1820422.93  59.7%     -    5s
H    0     0                    3202999.0733 1820422.93  43.2%     -    5s
H    0     0                    3109728.7368 1820422.93  41.5%     -    5s
H    0     0                    2913721.0000 1820422.93  37.5%     -    5s
H    0     0                    2910644.0000 1829198.93  37.2%     -   13s
H    0     0                    2910629.0000 1829198.93  37.2%     -   13s
H    0     0                    2880395.0000 1829198.93  36.5%     -   13s
     0     0 1829198.93    0  120 2880395.00 1829198.93  36.5%     -   16s
H    0     0                    2816715.0008 1829200.39  35.1%     -   16s
H    0     0                    2816696.0008 1829200.39  35.1%     -   16s
H    0     0                    2734438.0000 1829200.39  33.1%     -   16s
H    0     0                    2352578.2565 1830081.67  22.2%     -   21s
H    0     0                    1980672.4777 1830081.67  7.60%     -   21s
H    0     0                    1916291.4494 1830081.67  4.50%     -   21s
H    0     0                    1900995.0000 1830081.67  3.73%     -   21s
     0     0 1830081.67    0  122 1900995.00 1830081.67  3.73%     -   21s
     0     0 1830429.91    0  124 1900995.00 1830429.91  3.71%     -   24s
     0     0 1830499.05    0  124 1900995.00 1830499.05  3.71%     -   25s
     0     0 1830510.74    0  123 1900995.00 1830510.74  3.71%     -   26s
     0     0 1830798.83    0  124 1900995.00 1830798.83  3.69%     -   26s
     0     0 1834471.43    0  128 1900995.00 1834471.43  3.50%     -   37s
     0     0 1836099.17    0  134 1900995.00 1836099.17  3.41%     -   49s
     0     0 1836649.84    0  134 1900995.00 1836649.84  3.38%     -   55s
     0     0 1836893.09    0  136 1900995.00 1836893.09  3.37%     -   61s
     0     0 1836969.06    0  135 1900995.00 1836969.06  3.37%     -   64s
     0     0 1837004.40    0  135 1900995.00 1837004.40  3.37%     -   65s
     0     0 1837036.15    0  134 1900995.00 1837036.15  3.36%     -   67s
     0     0 1837041.13    0  135 1900995.00 1837041.13  3.36%     -   68s
H    0     0                    1897043.2831 1838990.26  3.06%     -   86s
H    0     0                    1894427.0000 1838990.26  2.93%     -   86s
     0     0 1838990.26    0  135 1894427.00 1838990.26  2.93%     -   86s
     0     0 1839876.19    0  139 1894427.00 1839876.19  2.88%     -  100s
     0     0 1840168.83    0  137 1894427.00 1840168.83  2.86%     -  110s
     0     0 1840296.77    0  136 1894427.00 1840296.77  2.86%     -  115s
     0     0 1840354.31    0  137 1894427.00 1840354.31  2.85%     -  118s
     0     0 1840383.14    0  135 1894427.00 1840383.14  2.85%     -  120s
     0     0 1840401.15    0  137 1894427.00 1840401.15  2.85%     -  122s
     0     0 1841265.52    0  138 1894427.00 1841265.52  2.81%     -  138s
     0     0 1841557.67    0  137 1894427.00 1841557.67  2.79%     -  152s
     0     0 1841673.75    0  135 1894427.00 1841673.75  2.78%     -  159s
H    0     0                    1889772.0000 1841743.31  2.54%     -  164s
     0     0 1841743.31    0  135 1889772.00 1841743.31  2.54%     -  166s
     0     0 1841773.58    0  136 1889772.00 1841773.58  2.54%     -  170s
     0     0 1842692.53    0  104 1889772.00 1842692.53  2.49%     -  224s
     0     0 1842847.77    0  115 1889772.00 1842847.77  2.48%     -  239s
     0     0 1842931.81    0  121 1889772.00 1842931.81  2.48%     -  243s
     0     0 1842976.62    0  123 1889772.00 1842976.62  2.48%     -  247s
     0     0 1843099.56    0  122 1889772.00 1843099.56  2.47%     -  253s
     0     0 1843099.80    0  122 1889772.00 1843099.80  2.47%     -  253s
     0     2 1843099.80    0  122 1889772.00 1843099.80  2.47%     -  291s
     1     3 1844031.14    1  117 1889772.00 1843100.02  2.47% 11259  301s
     2     4 1843742.56    1  126 1889772.00 1843742.56  2.44%  9810  310s
     3     5 1848839.03    2  113 1889772.00 1843742.71  2.44% 13127  329s
     4     6 1845659.97    2  110 1889772.00 1843742.71  2.44% 12004  343s
     5    10 1844447.64    2  124 1889772.00 1843745.19  2.44% 10270  360s
     9    17 1845060.06    3  114 1889772.00 1844448.25  2.40% 10015  395s
    16    29 1852799.47    5  104 1889772.00 1844448.25  2.40% 11718  467s
    28    53 1851009.69    5  103 1889772.00 1845061.31  2.37% 19048  519s
    52    94 1852165.16    6  102 1889772.00 1845061.31  2.37% 29796  629s
    93   115 1852698.45    8   97 1889772.00 1845061.31  2.37% 19325  691s
H   95   115                    1883956.0000 1845061.31  2.06% 19084  691s
H   97   115                    1883809.0000 1845061.31  2.06% 18906  691s
   114   159 1854630.49    9   98 1883809.00 1845061.31  2.06% 17524  783s
   158   237 1855710.83   10   97 1883809.00 1845061.31  2.06% 14873  847s
   238   302 1862744.08   12   90 1883809.00 1845061.31  2.06% 16902  896s
   309   363 1864743.62   13   92 1883809.00 1845061.31  2.06% 17711  938s
   376   417 1865585.40   14   93 1883809.00 1845061.31  2.06% 17801  976s
   438   440 1866103.75   15   89 1883809.00 1845061.31  2.06% 17714 1007s
H  446   440                    1882642.0000 1845061.31  2.00% 17810 1007s
   477   470 1867818.11   16   89 1882642.00 1845061.31  2.00% 17835 1043s
   531   518 1868186.46   17   87 1882642.00 1845061.31  2.00% 17733 1077s
   585   562 1870505.74   19   96 1882642.00 1845061.31  2.00% 17786 1110s
   643   625 1870721.08   20   94 1882642.00 1845061.31  2.00% 17644 1139s
   710   680 1871493.82   22   87 1882642.00 1845061.31  2.00% 17482 1170s
   789   738 1872138.73   24   85 1882642.00 1845061.31  2.00% 17214 1201s
   879   787 1874083.12   26   85 1882642.00 1845061.31  2.00% 16886 1241s
   946   801 1875540.85   27   88 1882642.00 1845061.31  2.00% 16678 1281s
   984   817 1877322.75   28   89 1882642.00 1845061.31  2.00% 16787 1323s
  1018   844 1877699.74   29   84 1882642.00 1845061.31  2.00% 16916 1367s
  1055   875 1881861.65   32   73 1882642.00 1845061.31  2.00% 17077 1410s
  1092   915     cutoff   34      1882642.00 1845061.31  2.00% 17278 1448s
  1142   957     cutoff   32      1882642.00 1845061.31  2.00% 17462 1490s
  1196  1005 1882295.11   32   79 1882642.00 1845061.31  2.00% 17538 1531s
  1262  1054     cutoff   33      1882642.00 1845061.31  2.00% 17487 1574s
  1343  1092     cutoff   33      1882642.00 1845061.31  2.00% 17392 1629s
  1419  1132     cutoff   30      1882642.00 1845061.31  2.00% 17384 1678s
  1481  1155 1878134.85   35   75 1882642.00 1845061.31  2.00% 17453 1728s
  1538  1179 1878711.29   36   67 1882642.00 1845061.31  2.00% 17626 1790s
  1606  1214     cutoff   39      1882642.00 1846799.85  1.90% 17789 1847s
  1676  1272 1880681.18   39   67 1882642.00 1846800.11  1.90% 17900 1905s
  1766  1316     cutoff   45      1882642.00 1846800.11  1.90% 17949 1963s
  1858  1350 1858401.65    8   85 1882642.00 1846800.11  1.90% 18047 2027s
  1940  1372 1860614.61   10   84 1882642.00 1846800.11  1.90% 18123 2095s
  1990  1396 1862774.01   13   85 1882642.00 1846800.11  1.90% 18304 2168s
  2040  1429 1864682.96   17   83 1882642.00 1846800.11  1.90% 18498 2243s
  2117  1462 1867608.10   21   75 1882642.00 1846800.11  1.90% 18549 2322s
  2198  1488 1870800.09   26   76 1882642.00 1846800.11  1.90% 18582 2410s
  2276  1524 1874883.94   32   76 1882642.00 1846800.11  1.90% 18776 2500s
  2346  1552 1877797.48   38   68 1882642.00 1846800.11  1.90% 18919 2592s
  2432  1580     cutoff   44      1882642.00 1847159.33  1.88% 19029 2689s
  2514  1612     cutoff   53      1882642.00 1847159.33  1.88% 19272 2791s
  2574  1665     cutoff   44      1882642.00 1847159.33  1.88% 19568 2898s
  2666  1760 1880794.78   35   67 1882642.00 1847159.33  1.88% 19872 3005s
  2807  1834 1880339.19   49   60 1882642.00 1847159.33  1.88% 19978 3114s
  2937  1880     cutoff   35      1882642.00 1847159.33  1.88% 20146 3227s
  3057  1937     cutoff   36      1882642.00 1847159.33  1.88% 20420 3345s
  3168  1988     cutoff   43      1882642.00 1847159.33  1.88% 20528 3472s
  3291  2043 1879564.89   24   90 1882642.00 1847159.33  1.88% 20650 3599s

Cutting planes:
  Implied bound: 7672
  MIR: 483
  Flow cover: 1076
  Relax-and-lift: 270

Explored 3414 nodes (71391177 simplex iterations) in 3600.35 seconds (4569.92 work units)
Thread count was 32 (of 32 available processors)

Solution count 10: 1.88264e+06 1.88381e+06 1.88396e+06 ... 2.73444e+06

Time limit reached
Best objective 1.882642000000e+06, best bound 1.847159328704e+06, gap 1.8847%
