
Gurobi 13.0.2 (win64) logging started Mon Jul 13 00:42:02 2026

Set parameter LogFile to value "logs/PSC2-C4-50-10_m0_exact_s0_20260713-004202.gurobi.log"
Set parameter Seed to value 0
Set parameter TimeLimit to value 3599.7379776
Set parameter NodefileStart to value 4
Set parameter MIPGap to value 0
Set parameter MIPGapAbs to value 0.9999
Set parameter Cutoff to value 1e+100
Gurobi Optimizer version 13.0.2 build v13.0.2rc1 (win64 - Windows 11+.0 (26200.2))

CPU model: Intel(R) Core(TM) i9-14900HX, instruction set [SSE2|AVX|AVX2]
Thread count: 24 physical cores, 32 logical processors, using up to 32 threads

Non-default parameters:
TimeLimit  3599.7379776
MIPGap  0
MIPGapAbs  0.9999
NodefileStart  4

Optimize a model with 4500 rows, 250150 columns and 701500 nonzeros (Min)
Model fingerprint: 0xe83e5eb0
Model has 250150 linear objective coefficients
Variable types: 250000 continuous, 150 integer (150 binary)
Coefficient statistics:
  Matrix range     [1e+00, 6e+02]
  Objective range  [5e+01, 3e+04]
  Bounds range     [1e+00, 1e+00]
  RHS range        [1e+01, 2e+01]

Using branch priorities.
Found heuristic solution: objective 6764601.0000
Presolve time: 0.65s
Presolved: 4500 rows, 250150 columns, 701500 nonzeros
Variable types: 250000 continuous, 150 integer (150 binary)
Deterministic concurrent LP optimizer: primal simplex, dual simplex, and barrier
Showing barrier log only...

Root barrier log...

Ordering time: 0.10s

Barrier statistics:
 AA' NZ     : 4.578e+05
 Factor NZ  : 1.665e+06 (roughly 120 MB of memory)
 Factor Ops : 8.582e+08 (less than 1 second per iteration)
 Threads    : 22

                  Objective                Residual
Iter       Primal          Dual         Primal    Dual     Compl     Time
   0   2.21564727e+10 -2.55269245e+09  2.84e+04 0.00e+00  2.02e+05     1s
   1   1.58430248e+10 -1.96279237e+09  2.02e+04 3.64e-12  1.47e+05     1s
   2   1.02255994e+09 -1.15470911e+09  1.27e+03 9.82e-11  1.10e+04     1s
   3   5.70995124e+07 -5.28905833e+08  3.13e+01 8.42e-10  1.30e+03     1s
   4   3.19630090e+07 -2.00407751e+08  4.99e-02 3.58e-10  4.60e+02     1s
   5   2.75792671e+07 -1.50542130e+08  2.15e-02 2.71e-10  3.53e+02     1s
   6   1.71044952e+07 -3.27399383e+07  4.30e-03 4.23e-11  9.87e+01     1s
   7   8.99652381e+06 -1.47441271e+07  8.91e-04 2.00e-11  4.70e+01     1s
   8   5.75924600e+06 -4.30146375e+06  4.30e-04 7.39e-12  1.99e+01     1s
   9   5.37742612e+06 -3.09436655e+06  3.38e-04 6.25e-12  1.68e+01     1s
  10   4.87805613e+06 -3.35432829e+05  1.99e-04 3.72e-12  1.03e+01     1s
  11   4.64152403e+06  1.02344108e+05  1.56e-04 3.18e-12  8.99e+00     2s
  12   4.26032402e+06  1.60836460e+06  9.19e-05 1.66e-12  5.25e+00     2s
  13   3.82747053e+06  2.46643113e+06  3.38e-05 9.17e-13  2.70e+00     2s
  14   3.56982984e+06  2.95703530e+06  1.28e-05 4.09e-13  1.21e+00     2s
  15   3.45034318e+06  3.13077994e+06  5.58e-06 2.50e-13  6.33e-01     2s
  16   3.40252259e+06  3.19486927e+06  3.04e-06 2.31e-13  4.11e-01     2s
  17   3.38208679e+06  3.25047823e+06  2.01e-06 2.60e-13  2.61e-01     2s
  18   3.36256458e+06  3.28138355e+06  1.10e-06 2.84e-13  1.61e-01     2s
  19   3.35667145e+06  3.30426401e+06  8.14e-07 3.02e-13  1.04e-01     2s
  20   3.34778302e+06  3.31638625e+06  4.37e-07 3.10e-13  6.22e-02     2s
  21   3.34174603e+06  3.32479960e+06  1.76e-07 3.82e-13  3.36e-02     2s
  22   3.34031181e+06  3.33062535e+06  1.18e-07 2.93e-13  1.92e-02     2s
  23   3.33864553e+06  3.33358452e+06  5.31e-08 2.86e-13  1.00e-02     2s
  24   3.33794395e+06  3.33468589e+06  2.76e-08 3.24e-13  6.45e-03     2s
  25   3.33752069e+06  3.33573430e+06  1.29e-08 3.08e-13  3.54e-03     2s
  26   3.33735110e+06  3.33619628e+06  7.21e-09 2.96e-13  2.29e-03     2s
  27   3.33722011e+06  3.33652358e+06  2.97e-09 3.03e-13  1.38e-03     2s
  28   3.33718868e+06  3.33665195e+06  2.06e-09 3.60e-13  1.06e-03     2s
  29   3.33715061e+06  3.33689149e+06  1.01e-09 3.21e-13  5.13e-04     2s
  30   3.33713013e+06  3.33701214e+06  4.88e-10 2.68e-13  2.34e-04     2s
  31   3.33711983e+06  3.33708089e+06  2.49e-10 2.85e-13  7.71e-05     2s
  32   3.33711358e+06  3.33709752e+06  1.25e-10 2.62e-13  3.18e-05     2s
  33   3.33710957e+06  3.33710566e+06  6.06e-11 3.40e-13  7.73e-06     2s
  34   3.33710766e+06  3.33710680e+06  6.25e-10 2.57e-13  1.71e-06     2s
  35   3.33710737e+06  3.33710704e+06  3.54e-10 2.71e-13  6.58e-07     2s
  36   3.33710719e+06  3.33710718e+06  8.14e-10 3.09e-13  8.54e-09     2s

Barrier solved model in 36 iterations and 2.39 seconds (3.90 work units)
Optimal objective 3.33710719e+06

Crossover time: 0.09 seconds (0.15 work units)
Concurrent spin time: 0.16s

Solved with barrier

Root relaxation: objective 3.337107e+06, 2067 iterations, 1.94 seconds (2.47 work units)

    Nodes    |    Current Node    |     Objective Bounds      |     Work
 Expl Unexpl |  Obj  Depth IntInf | Incumbent    BestBd   Gap | It/Node Time

     0     0 3337107.18    0  146 6764601.00 3337107.18  50.7%     -    2s
H    0     0                    5213121.7570 3337107.18  36.0%     -    2s
H    0     0                    5082772.1492 3337107.18  34.3%     -    2s
H    0     0                    5063703.0000 3337107.18  34.1%     -    2s
     0     0 3348120.78    0  147 5063703.00 3348120.78  33.9%     -   37s
H    0     0                    4960242.0000 3348130.05  32.5%     -   37s
     0     0 3352700.58    0  147 4960242.00 3352700.58  32.4%     -   83s
     0     0 3354356.58    0  148 4960242.00 3354356.58  32.4%     -  119s
     0     0 3354778.73    0  148 4960242.00 3354778.73  32.4%     -  138s
     0     0 3354921.71    0  147 4960242.00 3354921.71  32.4%     -  151s
     0     0 3354967.09    0  148 4960242.00 3354967.09  32.4%     -  160s
     0     0 3355000.01    0  149 4960242.00 3355000.01  32.4%     -  165s
     0     0 3355003.05    0  148 4960242.00 3355003.05  32.4%     -  167s
     0     0 3359549.26    0  147 4960242.00 3359549.26  32.3%     -  216s
H    0     0                    4933065.0000 3359549.44  31.9%     -  217s
H    0     0                    4933036.0000 3359549.44  31.9%     -  217s
H    0     0                    4632520.0000 3359549.44  27.5%     -  217s
     0     0 3363520.85    0  149 4632520.00 3363520.85  27.4%     -  286s
     0     0 3365782.08    0  149 4632520.00 3365782.08  27.3%     -  349s
     0     0 3366906.79    0  150 4632520.00 3366906.79  27.3%     -  405s
     0     0 3367295.42    0  150 4632520.00 3367295.42  27.3%     -  435s
     0     0 3367517.13    0  150 4632520.00 3367517.13  27.3%     -  460s
     0     0 3367672.93    0  150 4632520.00 3367672.93  27.3%     -  480s
     0     0 3367738.93    0  150 4632520.00 3367738.93  27.3%     -  491s
     0     0 3367769.02    0  150 4632520.00 3367769.02  27.3%     -  498s
     0     0 3367784.95    0  150 4632520.00 3367784.95  27.3%     -  502s
     0     0 3367786.43    0  150 4632520.00 3367786.43  27.3%     -  504s
     0     0 3370325.56    0  149 4632520.00 3370325.56  27.2%     -  581s
H    0     0                    4352854.0000 3370326.25  22.6%     -  583s
H    0     0                    4349909.0000 3370326.25  22.5%     -  588s
H    0     0                    4342541.0000 3370326.25  22.4%     -  588s
H    0     0                    4339815.0000 3370326.25  22.3%     -  588s
H    0     0                    4337497.0000 3370326.25  22.3%     -  588s
H    0     0                    4335816.0000 3370326.25  22.3%     -  589s
H    0     0                    4335485.0000 3370326.25  22.3%     -  589s
H    0     0                    4332984.0000 3370326.25  22.2%     -  589s
H    0     0                    4314399.0000 3370326.25  21.9%     -  589s
H    0     0                    4305729.0000 3370326.25  21.7%     -  590s
     0     0 3372560.41    0  150 4305729.00 3372560.41  21.7%     -  661s
     0     0 3374039.66    0  150 4305729.00 3374039.66  21.6%     -  737s
     0     0 3374750.38    0  149 4305729.00 3374750.38  21.6%     -  782s
     0     0 3375300.88    0  150 4305729.00 3375300.88  21.6%     -  833s
     0     0 3375496.29    0  150 4305729.00 3375496.29  21.6%     -  862s
     0     0 3375620.81    0  150 4305729.00 3375620.81  21.6%     -  883s
     0     0 3375699.33    0  150 4305729.00 3375699.33  21.6%     -  896s
     0     0 3375733.49    0  150 4305729.00 3375733.49  21.6%     -  907s
     0     0 3377323.69    0  150 4305729.00 3377323.69  21.6%     -  985s
H    0     0                    4221954.0000 3377324.29  20.0%     - 1000s
H    0     0                    4199111.0000 3377324.29  19.6%     - 1000s
H    0     0                    4181136.0000 3377324.29  19.2%     - 1007s
H    0     0                    4179757.0000 3377324.29  19.2%     - 1013s
H    0     0                    4155596.0000 3377324.29  18.7%     - 1014s
H    0     0                    4147732.0000 3377324.29  18.6%     - 1015s
H    0     0                    4145580.0000 3377324.29  18.5%     - 1025s
H    0     0                    4137729.0000 3377324.29  18.4%     - 1030s
H    0     0                    4127717.0000 3377324.29  18.2%     - 1035s
     0     0 3378504.39    0  150 4127717.00 3378504.39  18.2%     - 1117s
     0     0 3379197.48    0  150 4127717.00 3379197.48  18.1%     - 1180s
     0     0 3379651.43    0  150 4127717.00 3379651.43  18.1%     - 1233s
     0     0 3379859.81    0  150 4127717.00 3379859.81  18.1%     - 1265s
     0     0 3380009.86    0  150 4127717.00 3380009.86  18.1%     - 1293s
     0     0 3380062.15    0  150 4127717.00 3380062.15  18.1%     - 1309s
     0     0 3383150.65    0  141 4127717.00 3383150.65  18.0%     - 1600s
     0     0 3383401.96    0  146 4127717.00 3383401.96  18.0%     - 1630s
     0     0 3383499.54    0  146 4127717.00 3383499.54  18.0%     - 1649s
     0     0 3383783.89    0  146 4127717.00 3383783.89  18.0%     - 1684s
     0     0 3383784.05    0  146 4127717.00 3383784.05  18.0%     - 1684s
     0     2 3383784.05    0  146 4127717.00 3383784.05  18.0%     - 1906s
     1     3 3391805.15    1  143 4127717.00 3383784.07  18.0% 73290 2032s
     2     4 3384506.82    1  142 4127717.00 3384506.82  18.0% 57323 2109s
     3     5 3399996.16    2  137 4127717.00 3384507.04  18.0% 59006 2238s
     4     6 3393983.00    2  142 4127717.00 3384507.04  18.0% 53466 2330s
     5     7 3401477.60    3  136 4127717.00 3384507.04  18.0% 48421 2411s
     6     9 3386946.81    2  141 4127717.00 3384510.44  18.0% 42119 2524s
     8    14 3390080.50    2  144 4127717.00 3386947.94  17.9% 37869 2671s
    13    24 3390808.70    3  144 4127717.00 3386947.94  17.9% 34860 3047s
    23    32 3391660.31    4  139 4127717.00 3388472.62  17.9% 47370 3599s
H   24    32                    3801509.5444 3388472.62  10.9% 45397 3599s
H   25    32                    3542873.0000 3388472.62  4.36% 48608 3599s
H   28    32                    3538586.0000 3388472.62  4.24% 53157 3599s

Cutting planes:
  Implied bound: 15882
  MIR: 517
  Flow cover: 1345
  Relax-and-lift: 318

Explored 31 nodes (2548161 simplex iterations) in 3600.18 seconds (6888.00 work units)
Thread count was 32 (of 32 available processors)

Solution count 10: 3.53859e+06 3.54287e+06 3.80151e+06 ... 4.18114e+06

Time limit reached
Best objective 3.538586000000e+06, best bound 3.388472616097e+06, gap 4.2422%
