
Gurobi 13.0.2 (win64) logging started Sun Jul 12 20:41:56 2026

Set parameter LogFile to value "logs/PSC2-C3-50-10_m0_exact_s0_20260712-204155.gurobi.log"
Set parameter Seed to value 0
Set parameter TimeLimit to value 3599.7269856
Set parameter NodefileStart to value 4
Set parameter MIPGap to value 0
Set parameter MIPGapAbs to value 0.9999
Set parameter Cutoff to value 1e+100
Gurobi Optimizer version 13.0.2 build v13.0.2rc1 (win64 - Windows 11+.0 (26200.2))

CPU model: Intel(R) Core(TM) i9-14900HX, instruction set [SSE2|AVX|AVX2]
Thread count: 24 physical cores, 32 logical processors, using up to 32 threads

Non-default parameters:
TimeLimit  3599.7269856
MIPGap  0
MIPGapAbs  0.9999
NodefileStart  4

Optimize a model with 4500 rows, 250150 columns and 701500 nonzeros (Min)
Model fingerprint: 0xeaabf1a1
Model has 250150 linear objective coefficients
Variable types: 250000 continuous, 150 integer (150 binary)
Coefficient statistics:
  Matrix range     [1e+00, 2e+03]
  Objective range  [4e+01, 3e+04]
  Bounds range     [1e+00, 1e+00]
  RHS range        [1e+01, 2e+01]

Using branch priorities.
Found heuristic solution: objective 3.056695e+07
Presolve time: 0.65s
Presolved: 4500 rows, 250150 columns, 701500 nonzeros
Variable types: 250000 continuous, 150 integer (150 binary)
Deterministic concurrent LP optimizer: primal simplex, dual simplex, and barrier
Showing barrier log only...

Root barrier log...

Ordering time: 0.11s

Barrier statistics:
 AA' NZ     : 4.578e+05
 Factor NZ  : 1.665e+06 (roughly 120 MB of memory)
 Factor Ops : 8.582e+08 (less than 1 second per iteration)
 Threads    : 22

                  Objective                Residual
Iter       Primal          Dual         Primal    Dual     Compl     Time
   0   4.78652317e+11 -7.00498738e+10  4.57e+04 0.00e+00  4.21e+06     1s
   1   3.32846224e+11 -4.80765119e+10  3.16e+04 5.82e-11  2.94e+06     1s
   2   1.15330993e+10 -2.24898323e+10  1.07e+03 1.02e-08  1.38e+05     1s
   3   4.63990034e+08 -7.27013327e+09  4.34e-01 1.20e-08  1.53e+04     1s
   4   2.65992644e+08 -2.31133130e+09  1.87e-03 3.62e-09  5.11e+03     1s
   5   8.50004204e+07 -1.84048272e+08  1.72e-07 1.96e-10  5.33e+02     1s
   6   6.81813464e+07 -1.40381808e+08  1.20e-07 1.46e-10  4.13e+02     1s
   7   5.95390697e+07 -8.06141187e+07  9.31e-08 7.37e-11  2.78e+02     1s
   8   5.12695767e+07 -4.64589590e+07  6.28e-08 4.73e-11  1.94e+02     1s
   9   4.57647292e+07 -1.80415243e+07  4.56e-08 2.83e-11  1.26e+02     1s
  10   3.59326049e+07  9.58896911e+06  1.71e-08 1.01e-11  5.22e+01     2s
  11   3.00285042e+07  1.67497613e+07  5.84e-09 5.00e-12  2.63e+01     2s
  12   2.72934277e+07  2.18478968e+07  1.68e-09 1.94e-12  1.08e+01     2s
  13   2.67382707e+07  2.32861390e+07  1.13e-09 1.93e-12  6.84e+00     2s
  14   2.59707334e+07  2.41301412e+07  3.64e-10 2.22e-12  3.65e+00     2s
  15   2.58971354e+07  2.44379542e+07  3.15e-10 2.09e-12  2.89e+00     2s
  16   2.57478303e+07  2.47784155e+07  2.21e-10 2.10e-12  1.92e+00     2s
  17   2.56760328e+07  2.49731979e+07  1.81e-10 1.91e-12  1.39e+00     2s
  18   2.54385022e+07  2.50757756e+07  4.99e-11 2.23e-12  7.19e-01     2s
  19   2.53462721e+07  2.52302717e+07  1.24e-11 1.90e-12  2.30e-01     2s
  20   2.53213640e+07  2.52642690e+07  4.44e-12 1.96e-12  1.13e-01     2s
  21   2.53148522e+07  2.52799636e+07  2.61e-12 2.00e-12  6.91e-02     2s
  22   2.53111071e+07  2.52911447e+07  2.76e-12 1.97e-12  3.95e-02     2s
  23   2.53093773e+07  2.52947364e+07  1.33e-12 2.07e-12  2.90e-02     2s
  24   2.53076617e+07  2.52964620e+07  4.43e-12 1.98e-12  2.22e-02     2s
  25   2.53068752e+07  2.52978830e+07  2.66e-12 2.15e-12  1.78e-02     2s
  26   2.53065151e+07  2.53010275e+07  1.92e-11 1.99e-12  1.09e-02     2s
  27   2.53059944e+07  2.53024725e+07  5.96e-11 1.97e-12  6.98e-03     2s
  28   2.53056841e+07  2.53042127e+07  2.39e-11 2.18e-12  2.91e-03     2s
  29   2.53054940e+07  2.53047117e+07  1.23e-11 1.84e-12  1.55e-03     2s
  30   2.53054651e+07  2.53049640e+07  1.44e-11 1.89e-12  9.93e-04     2s
  31   2.53054248e+07  2.53052287e+07  9.37e-12 1.91e-12  3.89e-04     2s
  32   2.53053872e+07  2.53052931e+07  6.87e-12 1.79e-12  1.86e-04     2s
  33   2.53053771e+07  2.53053308e+07  1.15e-11 1.88e-12  9.17e-05     2s
  34   2.53053711e+07  2.53053583e+07  1.14e-11 2.05e-12  2.55e-05     2s
  35   2.53053663e+07  2.53053603e+07  4.84e-10 2.14e-12  1.18e-05     2s
  36   2.53053637e+07  2.53053608e+07  5.11e-10 1.99e-12  5.75e-06     2s
  37   2.53053630e+07  2.53053618e+07  4.10e-10 1.91e-12  2.45e-06     2s
  38   2.53053626e+07  2.53053624e+07  4.81e-10 2.10e-12  3.51e-07     2s
  39   2.53053624e+07  2.53053624e+07  1.70e-08 2.22e-12  1.69e-08     2s
  40   2.53053624e+07  2.53053624e+07  3.56e-10 2.13e-12  1.70e-11     3s

Barrier solved model in 40 iterations and 2.50 seconds (4.11 work units)
Optimal objective 2.53053624e+07

Crossover time: 0.06 seconds (0.07 work units)
Concurrent spin time: 0.07s

Solved with barrier

Root relaxation: objective 2.530536e+07, 2932 iterations, 1.91 seconds (2.61 work units)

    Nodes    |    Current Node    |     Objective Bounds      |     Work
 Expl Unexpl |  Obj  Depth IntInf | Incumbent    BestBd   Gap | It/Node Time

     0     0 2.5305e+07    0  143 3.0567e+07 2.5305e+07  17.2%     -    2s
H    0     0                    2.724374e+07 2.5305e+07  7.11%     -    2s
H    0     0                    2.707912e+07 2.5305e+07  6.55%     -    2s
H    0     0                    2.704799e+07 2.5305e+07  6.44%     -    2s
     0     0 2.5349e+07    0  143 2.7048e+07 2.5349e+07  6.28%     -   16s
H    0     0                    2.697364e+07 2.5349e+07  6.02%     -   16s
     0     0 2.5369e+07    0  143 2.6974e+07 2.5369e+07  5.95%     -   32s
     0     0 2.5377e+07    0  144 2.6974e+07 2.5377e+07  5.92%     -   44s
     0     0 2.5379e+07    0  143 2.6974e+07 2.5379e+07  5.91%     -   53s
     0     0 2.5380e+07    0  144 2.6974e+07 2.5380e+07  5.91%     -   58s
     0     0 2.5380e+07    0  145 2.6974e+07 2.5380e+07  5.91%     -   60s
     0     0 2.5380e+07    0  144 2.6974e+07 2.5380e+07  5.91%     -   62s
     0     0 2.5380e+07    0  144 2.6974e+07 2.5380e+07  5.91%     -   63s
     0     0 2.5406e+07    0  144 2.6974e+07 2.5406e+07  5.81%     -   83s
H    0     0                    2.696313e+07 2.5406e+07  5.77%     -   83s
H    0     0                    2.696134e+07 2.5406e+07  5.77%     -   83s
H    0     0                    2.670982e+07 2.5406e+07  4.88%     -   83s
H    0     0                    2.669196e+07 2.5406e+07  4.82%     -   83s
H    0     0                    2.669151e+07 2.5406e+07  4.82%     -   83s
     0     0 2.5428e+07    0  144 2.6692e+07 2.5428e+07  4.73%     -  105s
     0     0 2.5438e+07    0  145 2.6692e+07 2.5438e+07  4.70%     -  123s
     0     0 2.5442e+07    0  144 2.6692e+07 2.5442e+07  4.68%     -  134s
     0     0 2.5443e+07    0  143 2.6692e+07 2.5443e+07  4.68%     -  144s
     0     0 2.5443e+07    0  144 2.6692e+07 2.5443e+07  4.68%     -  150s
     0     0 2.5444e+07    0  143 2.6692e+07 2.5444e+07  4.68%     -  154s
     0     0 2.5444e+07    0  143 2.6692e+07 2.5444e+07  4.67%     -  157s
     0     0 2.5465e+07    0  146 2.6692e+07 2.5465e+07  4.60%     -  180s
H    0     0                    2.654883e+07 2.5465e+07  4.08%     -  184s
H    0     0                    2.646586e+07 2.5465e+07  3.78%     -  184s
H    0     0                    2.646054e+07 2.5465e+07  3.76%     -  186s
H    0     0                    2.644775e+07 2.5465e+07  3.72%     -  187s
H    0     0                    2.644272e+07 2.5465e+07  3.70%     -  188s
H    0     0                    2.643735e+07 2.5465e+07  3.68%     -  188s
H    0     0                    2.642937e+07 2.5465e+07  3.65%     -  189s
H    0     0                    2.642480e+07 2.5465e+07  3.63%     -  189s
H    0     0                    2.640543e+07 2.5465e+07  3.56%     -  189s
H    0     0                    2.640508e+07 2.5465e+07  3.56%     -  190s
H    0     0                    2.640483e+07 2.5465e+07  3.56%     -  190s
H    0     0                    2.640482e+07 2.5465e+07  3.56%     -  190s
H    0     0                    2.640480e+07 2.5465e+07  3.56%     -  190s
H    0     0                    2.640478e+07 2.5465e+07  3.56%     -  190s
H    0     0                    2.640476e+07 2.5465e+07  3.56%     -  190s
     0     0 2.5482e+07    0  143 2.6405e+07 2.5482e+07  3.49%     -  217s
     0     0 2.5490e+07    0  145 2.6405e+07 2.5490e+07  3.46%     -  236s
     0     0 2.5494e+07    0  145 2.6405e+07 2.5494e+07  3.45%     -  248s
     0     0 2.5496e+07    0  145 2.6405e+07 2.5496e+07  3.44%     -  258s
     0     0 2.5496e+07    0  146 2.6405e+07 2.5496e+07  3.44%     -  263s
     0     0 2.5496e+07    0  146 2.6405e+07 2.5496e+07  3.44%     -  268s
     0     0 2.5513e+07    0  144 2.6405e+07 2.5513e+07  3.38%     -  294s
H    0     0                    2.636099e+07 2.5513e+07  3.22%     -  303s
H    0     0                    2.627394e+07 2.5513e+07  2.90%     -  303s
H    0     0                    2.627359e+07 2.5513e+07  2.90%     -  312s
H    0     0                    2.626766e+07 2.5513e+07  2.87%     -  318s
H    0     0                    2.626508e+07 2.5513e+07  2.87%     -  321s
H    0     0                    2.625447e+07 2.5513e+07  2.83%     -  322s
H    0     0                    2.625329e+07 2.5513e+07  2.82%     -  322s
H    0     0                    2.624860e+07 2.5513e+07  2.80%     -  322s
H    0     0                    2.624416e+07 2.5513e+07  2.79%     -  322s
H    0     0                    2.623934e+07 2.5513e+07  2.77%     -  323s
H    0     0                    2.622828e+07 2.5513e+07  2.73%     -  327s
     0     0 2.5525e+07    0  145 2.6228e+07 2.5525e+07  2.68%     -  354s
     0     0 2.5529e+07    0  144 2.6228e+07 2.5529e+07  2.67%     -  373s
     0     0 2.5530e+07    0  145 2.6228e+07 2.5530e+07  2.66%     -  386s
     0     0 2.5531e+07    0  145 2.6228e+07 2.5531e+07  2.66%     -  395s
     0     0 2.5531e+07    0  145 2.6228e+07 2.5531e+07  2.66%     -  401s
     0     0 2.5549e+07    0  142 2.6228e+07 2.5549e+07  2.59%     -  528s
H    0     0                    2.599943e+07 2.5549e+07  1.73%     -  529s
H    0     0                    2.593392e+07 2.5549e+07  1.48%     -  529s
H    0     0                    2.593292e+07 2.5549e+07  1.48%     -  529s
     0     0 2.5549e+07    0  146 2.5933e+07 2.5549e+07  1.48%     -  537s
     0     0 2.5549e+07    0  146 2.5933e+07 2.5549e+07  1.48%     -  545s
     0     0 2.5549e+07    0  146 2.5933e+07 2.5549e+07  1.48%     -  545s
H    0     0                    2.590988e+07 2.5549e+07  1.39%     -  622s
     0     2 2.5549e+07    0  146 2.5910e+07 2.5549e+07  1.39%     -  623s
     1     3 2.5561e+07    1  139 2.5910e+07 2.5549e+07  1.39% 11953  646s
     2     4 2.5550e+07    1  146 2.5910e+07 2.5550e+07  1.39%  8030  655s
     3     5 2.5576e+07    2  142 2.5910e+07 2.5550e+07  1.39%  8809  677s
     4     7 2.5551e+07    2  146 2.5910e+07 2.5550e+07  1.39%  7730  694s
     6    11 2.5551e+07    3  146 2.5910e+07 2.5550e+07  1.39%  6883  718s
    10    19 2.5552e+07    4  145 2.5910e+07 2.5550e+07  1.39%  6804  787s
    18    36 2.5576e+07    4  143 2.5910e+07 2.5551e+07  1.38% 11295  871s
    35    60 2.5578e+07    5  142 2.5910e+07 2.5552e+07  1.38% 17562  931s
    59   129 2.5578e+07    6  142 2.5910e+07 2.5552e+07  1.38% 13073 1044s
   128   159 2.5578e+07    9  139 2.5910e+07 2.5552e+07  1.38%  8024 1141s
   158   195 2.5579e+07   11  138 2.5910e+07 2.5552e+07  1.38%  7441 1238s
   194   214 2.5579e+07   13  136 2.5910e+07 2.5552e+07  1.38%  6946 1495s
H  196   214                    2.569153e+07 2.5552e+07  0.54%  6908 1495s
H  203   214                    2.567839e+07 2.5552e+07  0.49%  6953 1495s
H  213   240                    2.567321e+07 2.5552e+07  0.47%  6973 1561s
H  216   240                    2.566308e+07 2.5552e+07  0.43%  6932 1561s
   239   303 2.5580e+07   15  134 2.5663e+07 2.5552e+07  0.43%  6643 1648s
   306   355 2.5580e+07   16  133 2.5663e+07 2.5552e+07  0.43%  5835 1720s
   362   406 2.5583e+07   18  130 2.5663e+07 2.5552e+07  0.43%  5394 1773s
   421   463 2.5584e+07   19  130 2.5663e+07 2.5552e+07  0.43%  4938 1827s
   490   524 2.5584e+07   21  127 2.5663e+07 2.5552e+07  0.43%  4547 1878s
   563   579 2.5585e+07   23  126 2.5663e+07 2.5552e+07  0.43%  4197 1929s
   624   634 2.5585e+07   24  125 2.5663e+07 2.5552e+07  0.43%  3999 1973s
   695   686 2.5585e+07   25  124 2.5663e+07 2.5552e+07  0.43%  3742 2022s
   757   738 2.5584e+07   25  125 2.5663e+07 2.5552e+07  0.43%  3586 2070s
   837   783 2.5604e+07   27  122 2.5663e+07 2.5552e+07  0.43%  3374 2122s
   914   848 2.5604e+07   28  121 2.5663e+07 2.5552e+07  0.43%  3235 2174s
   997   891 2.5605e+07   30  119 2.5663e+07 2.5552e+07  0.43%  3090 2231s
  1078   961 2.5606e+07   32  117 2.5663e+07 2.5552e+07  0.43%  2985 2287s
  1168  1027 2.5606e+07   35  114 2.5663e+07 2.5552e+07  0.43%  2901 2347s
  1266  1067 2.5607e+07   37  112 2.5663e+07 2.5552e+07  0.43%  2789 2414s
H 1268  1067                    2.566246e+07 2.5552e+07  0.43%  2787 2414s
H 1274  1067                    2.566163e+07 2.5552e+07  0.43%  2789 2414s
  1335  1102 2.5609e+07   39  110 2.5662e+07 2.5552e+07  0.43%  2743 2484s
  1399  1138 2.5610e+07   41  109 2.5662e+07 2.5552e+07  0.43%  2703 2561s
  1451  1190 2.5611e+07   44  106 2.5662e+07 2.5552e+07  0.43%  2689 2644s
  1511  1264 2.5613e+07   48  102 2.5662e+07 2.5552e+07  0.43%  2694 2726s
  1591  1384 2.5616e+07   52   97 2.5662e+07 2.5552e+07  0.43%  2683 2800s
  1732  1403 2.5618e+07   58   92 2.5662e+07 2.5552e+07  0.43%  2600 2879s
  1839  1464 2.5639e+07   63   86 2.5662e+07 2.5553e+07  0.42%  2562 2972s
Created node file directory './grbnodes0'
  1936  1545 2.5646e+07   72   78 2.5662e+07 2.5554e+07  0.42%  2551 3062s
  2021  1620 2.5659e+07   89   61 2.5662e+07 2.5555e+07  0.42%  2553 3163s
  2106  1713 2.5582e+07   17  132 2.5662e+07 2.5555e+07  0.42%  2561 3256s
  2207  1825 2.5583e+07   20  129 2.5662e+07 2.5555e+07  0.42%  2571 3354s
  2331  1922 2.5584e+07   23  127 2.5662e+07 2.5555e+07  0.42%  2559 3459s
H 2426  1922                    2.566117e+07 2.5555e+07  0.41%  2543 3459s
  2447  2050 2.5584e+07   25  125 2.5661e+07 2.5555e+07  0.41%  2547 3559s
  2590  2100 2.5585e+07   28  122 2.5661e+07 2.5555e+07  0.41%  2533 3599s

Cutting planes:
  Implied bound: 12840
  MIR: 361
  Flow cover: 2041
  Relax-and-lift: 133

Explored 2654 nodes (6855960 simplex iterations) in 3600.99 seconds (4157.65 work units)
Thread count was 32 (of 32 available processors)

Solution count 10: 2.56612e+07 2.56616e+07 2.56625e+07 ... 2.59339e+07

Time limit reached
Best objective 2.566116900000e+07, best bound 2.555473805732e+07, gap 0.4148%
