
Gurobi 13.0.2 (win64) logging started Mon Jul 13 13:42:21 2026

Set parameter LogFile to value "logs/PSC3-C2-50-5_m0_exact_s0_20260713-134221.gurobi.log"
Set parameter Seed to value 0
Set parameter TimeLimit to value 3599.8470203
Set parameter NodefileStart to value 4
Set parameter MIPGap to value 0
Set parameter MIPGapAbs to value 0.9999
Set parameter Cutoff to value 1e+100
Gurobi Optimizer version 13.0.2 build v13.0.2rc1 (win64 - Windows 11+.0 (26200.2))

CPU model: Intel(R) Core(TM) i9-14900HX, instruction set [SSE2|AVX|AVX2]
Thread count: 24 physical cores, 32 logical processors, using up to 32 threads

Non-default parameters:
TimeLimit  3599.8470203
MIPGap  0
MIPGapAbs  0.9999
NodefileStart  4

Optimize a model with 2250 rows, 125150 columns and 350750 nonzeros (Min)
Model fingerprint: 0x0aa23334
Model has 125150 linear objective coefficients
Variable types: 125000 continuous, 150 integer (150 binary)
Coefficient statistics:
  Matrix range     [1e+00, 6e+02]
  Objective range  [4e+01, 3e+04]
  Bounds range     [1e+00, 1e+00]
  RHS range        [1e+01, 2e+01]

Using branch priorities.
Found heuristic solution: objective 3766993.0000
Presolve time: 0.35s
Presolved: 2250 rows, 125150 columns, 350750 nonzeros
Variable types: 125000 continuous, 150 integer (150 binary)
Deterministic concurrent LP optimizer: primal and dual simplex
Showing primal log only...


Root simplex log...

Iteration    Objective       Primal Inf.    Dual Inf.      Time
  137309    1.6299192e+06   0.000000e+00   2.760424e+06      5s
Concurrent spin time: 0.67s (can be avoided by choosing Method=3)

Solved with dual simplex

Root simplex log...

Iteration    Objective       Primal Inf.    Dual Inf.      Time
  127830    1.6243984e+06   0.000000e+00   0.000000e+00      5s

Root relaxation: objective 1.624398e+06, 127830 iterations, 4.90 seconds (7.44 work units)

    Nodes    |    Current Node    |     Objective Bounds      |     Work
 Expl Unexpl |  Obj  Depth IntInf | Incumbent    BestBd   Gap | It/Node Time

     0     0 1624398.38    0   46 3766993.00 1624398.38  56.9%     -    5s
H    0     0                    2027571.0453 1624398.38  19.9%     -    5s
H    0     0                    1988824.7556 1624398.38  18.3%     -    5s
H    0     0                    1968410.0000 1624398.38  17.5%     -    5s
H    0     0                    1942293.4883 1626126.55  16.3%     -   11s
H    0     0                    1931170.7038 1626126.55  15.8%     -   11s
H    0     0                    1922262.3711 1626126.55  15.4%     -   11s
H    0     0                    1747118.1374 1626126.55  6.93%     -   11s
H    0     0                    1746703.7044 1626126.55  6.90%     -   11s
     0     0 1626126.55    0   57 1746703.70 1626126.55  6.90%     -   12s
     0     0 1626134.28    0   58 1746703.70 1626134.28  6.90%     -   13s
     0     0 1626137.87    0   56 1746703.70 1626137.87  6.90%     -   13s
     0     0 1626157.67    0   59 1746703.70 1626157.67  6.90%     -   13s
     0     0 1626157.67    0   59 1746703.70 1626157.67  6.90%     -   14s
H    0     0                    1726765.4449 1626651.52  5.80%     -   18s
H    0     0                    1724984.6348 1626651.52  5.70%     -   18s
     0     0 1626651.52    0   64 1724984.63 1626651.52  5.70%     -   19s
H    0     0                    1724967.6674 1626824.33  5.69%     -   21s
     0     0 1626824.33    0   60 1724967.67 1626824.33  5.69%     -   22s
     0     0 1626891.97    0   62 1724967.67 1626891.97  5.69%     -   24s
H    0     0                    1724139.9642 1626917.23  5.64%     -   25s
     0     0 1626917.23    0   65 1724139.96 1626917.23  5.64%     -   25s
     0     0 1626919.84    0   63 1724139.96 1626919.84  5.64%     -   26s
     0     0 1626929.04    0   65 1724139.96 1626929.04  5.64%     -   26s
     0     0 1626931.05    0   63 1724139.96 1626931.05  5.64%     -   26s
     0     0 1626931.08    0   63 1724139.96 1626931.08  5.64%     -   27s
H    0     0                    1722799.9183 1627195.56  5.55%     -   32s
H    0     0                    1722608.1848 1627195.56  5.54%     -   32s
     0     0 1627195.56    0   63 1722608.18 1627195.56  5.54%     -   32s
     0     0 1627280.02    0   58 1722608.18 1627280.02  5.53%     -   35s
     0     0 1627305.90    0   58 1722608.18 1627305.90  5.53%     -   37s
     0     0 1627312.46    0   55 1722608.18 1627312.46  5.53%     -   38s
H    0     0                    1716072.7319 1627318.38  5.17%     -   39s
H    0     0                    1707598.6350 1627318.38  4.70%     -   39s
H    0     0                    1699631.5069 1627318.38  4.25%     -   39s
     0     0 1627318.38    0   57 1699631.51 1627318.38  4.25%     -   39s
H    0     0                    1691008.9398 1627322.23  3.77%     -   40s
H    0     0                    1681164.3841 1627322.23  3.20%     -   40s
H    0     0                    1672716.5663 1627322.23  2.71%     -   40s
H    0     0                    1663755.8380 1627322.23  2.19%     -   40s
H    0     0                    1653980.8502 1627322.23  1.61%     -   40s
H    0     0                    1645239.9020 1627322.23  1.09%     -   40s
H    0     0                    1644824.4018 1627322.23  1.06%     -   40s
     0     0 1627322.23    0   56 1644824.40 1627322.23  1.06%     -   40s
     0     0 1627323.75    0   56 1644824.40 1627323.75  1.06%     -   40s
     0     0 1627402.63    0   49 1644824.40 1627402.63  1.06%     -   43s
     0     0 1627436.21    0   62 1644824.40 1627436.21  1.06%     -   45s
     0     0 1627448.10    0   58 1644824.40 1627448.10  1.06%     -   46s
     0     0 1627453.28    0   60 1644824.40 1627453.28  1.06%     -   48s
     0     0 1627460.88    0   66 1644824.40 1627460.88  1.06%     -   49s
     0     0 1627461.76    0   63 1644824.40 1627461.76  1.06%     -   49s
     0     0 1627564.76    0   41 1644824.40 1627564.76  1.05%     -   56s
     0     0 1627565.24    0   41 1644824.40 1627565.24  1.05%     -   57s
     0     0 1627593.34    0   48 1644824.40 1627593.34  1.05%     -   59s
     0     0 1627594.45    0   48 1644824.40 1627594.45  1.05%     -   59s
     0     2 1627594.45    0   48 1644824.40 1627594.45  1.05%     -   66s
     1     3 1628145.87    1   38 1644824.40 1627597.86  1.05%  6091   70s
     5    11 1628913.10    3   43 1644824.40 1627991.65  1.02%  5298   83s
    10    20 1630023.75    4   50 1644824.40 1627997.39  1.02%  6867  101s
    19    40 1628975.06    4   44 1644824.40 1628421.61  1.00% 10685  119s
    39    64 1629715.29    5   41 1644824.40 1628880.79  0.97% 24306  147s
    63   157 1632435.51    6   38 1644824.40 1629215.55  0.95% 18691  170s
   156   183 1632884.73    9   41 1644824.40 1629215.55  0.95% 20575  197s
   182   215 1635872.68    9   43 1644824.40 1629215.55  0.95% 18484  222s
   214   284 1633193.55   10   42 1644824.40 1629215.55  0.95% 16624  237s
   283   352 1633949.73   11   46 1644824.40 1629215.55  0.95% 17289  250s
   353   418 1634112.30   11   44 1644824.40 1629215.55  0.95% 16928  262s
   421   476 1636282.99   12   36 1644824.40 1629215.55  0.95% 16490  272s
   481   530 1634162.12   12   46 1644824.40 1629215.55  0.95% 16311  282s
   539   585 1635645.52   13   46 1644824.40 1629215.55  0.95% 16079  292s
   598   633 1635209.44   12   36 1644824.40 1629215.55  0.95% 15897  303s
   653   685 1635328.58   14   47 1644824.40 1629215.55  0.95% 15770  313s
   718   725 1635047.75   14   38 1644824.40 1629437.00  0.94% 15473  326s
   780   774 1635321.96   16   33 1644824.40 1629437.00  0.94% 15403  338s
   837   826 1636237.84   18   36 1644824.40 1629490.27  0.93% 15381  348s
   905   878 1636323.62   19   36 1644824.40 1629490.27  0.93% 15114  359s
   971   941 1636575.13   20   29 1644824.40 1629490.27  0.93% 15034  369s
  1050  1020 1636829.58   22   36 1644824.40 1629490.27  0.93% 14765  378s
  1135  1086 1637768.52   25   31 1644824.40 1629490.27  0.93% 14509  390s
  1227  1147 1642423.18   24   29 1644824.40 1629590.11  0.93% 14255  402s
  1308  1195 1638837.85   27   36 1644824.40 1629852.95  0.91% 14205  418s
  1382  1270 1640665.32   28   26 1644824.40 1629852.95  0.91% 14253  434s
  1471  1290 1639704.79   31   32 1644824.40 1629852.95  0.91% 14200  443s
H 1473  1290                    1644445.0000 1629852.95  0.89% 14190  443s
H 1479  1290                    1642721.0000 1629852.95  0.78% 14189  443s
H 1480  1290                    1641963.0000 1629852.95  0.74% 14180  443s
H 1489  1290                    1641736.0000 1629852.95  0.72% 14208  443s
  1495  1311 1640615.02   32   27 1641736.00 1629852.95  0.72% 14270  459s
  1598  1322     cutoff   33      1641736.00 1630224.49  0.70% 14147  478s
  1673  1351 1631671.70    8   33 1641736.00 1630224.49  0.70% 14257  492s
  1749  1369 1632600.68   11   30 1641736.00 1630224.49  0.70% 14334  509s
  1857  1345 1633353.30   14   33 1641736.00 1630260.25  0.70% 14234  526s
H 1882  1345                    1640972.0000 1630260.25  0.65% 14220  526s
  1917  1355 1633871.90   17   29 1640972.00 1630260.25  0.65% 14305  543s
  2002  1349 1634983.02   21   32 1640972.00 1630461.73  0.64% 14415  563s
  2075  1352 1638235.88   24   24 1640972.00 1630484.41  0.64% 14586  585s
  2169  1352 1638769.88   29   20 1640972.00 1630622.57  0.63% 14759  607s
  2277  1391 1640545.93   38   21 1640972.00 1630652.20  0.63% 14840  626s
  2381  1445 1640268.99   40   15 1640972.00 1630652.20  0.63% 14925  650s
  2494  1516 1632160.86    9   30 1640972.00 1630659.18  0.63% 14985  671s
  2597  1612 1635225.18   14   24 1640972.00 1630949.10  0.61% 15116  691s
  2719  1679 1636562.29   21   26 1640972.00 1630949.10  0.61% 15145  717s
  2844  1767 1637309.39   26   24 1640972.00 1631029.50  0.61% 15231  742s
  2993  1825 1638829.56   33   21 1640972.00 1631141.68  0.60% 15251  770s
  3082  1936 1639784.04   39   24 1640972.00 1631141.68  0.60% 15310  798s
  3245  1937 1631665.55    7   48 1640972.00 1631202.61  0.60% 15248  935s
  3247  1938 1635507.42   28   46 1640972.00 1631202.61  0.60% 15239  940s
  3248  1939 1639538.93   15   57 1640972.00 1631202.61  0.60% 15234  949s
  3249  1940 1636997.03   18   61 1640972.00 1631202.61  0.60% 15229  954s
  3250  1940 1639698.79   23   65 1640972.00 1631202.61  0.60% 15225  958s
  3251  1941 1633743.94   13   60 1640972.00 1631202.61  0.60% 15220  962s
  3252  1942 1637621.18   19   59 1640972.00 1631202.61  0.60% 15215  966s
  3253  1942 1637851.99   26   54 1640972.00 1631202.61  0.60% 15211  970s
  3256  1944 1640477.86   19   54 1640972.00 1631202.61  0.60% 15197  976s
  3258  1946 1636183.69   10   51 1640972.00 1631202.61  0.60% 15187  980s
  3260  1947 1639735.04   26   49 1640972.00 1631202.61  0.60% 15178  986s
  3262  1948 1638094.14   26   48 1640972.00 1631202.61  0.60% 15169  990s
  3263  1949 1636688.88   22   48 1640972.00 1631202.61  0.60% 15164  997s
  3264  1950 1636998.66   18   48 1640972.00 1631202.61  0.60% 15159 1038s
  3265  1953 1631202.61   15   50 1640972.00 1631202.61  0.60% 15210 1046s
  3267  1957 1631202.61   16   51 1640972.00 1631202.61  0.60% 15204 1054s
  3271  1963 1631202.61   17   53 1640972.00 1631202.61  0.60% 15197 1066s
  3279  1977 1631202.61   18   57 1640972.00 1631202.61  0.60% 15180 1096s
  3295  1995 1631202.61   19   52 1640972.00 1631202.61  0.60% 15170 1114s
H 3299  1896                    1640892.0000 1631202.61  0.59% 15177 1114s
  3319  1931 1631202.61   20   53 1640892.00 1631202.61  0.59% 15338 1155s
  3361  1989 1632289.60   21   51 1640892.00 1631202.61  0.59% 15225 1178s
  3433  2015 1633255.22   22   54 1640892.00 1631202.61  0.59% 15439 1195s
  3483  2049 1633424.11   23   43 1640892.00 1631202.61  0.59% 15577 1212s
  3535  2078 1633277.70   23   55 1640892.00 1631202.61  0.59% 15689 1228s
  3588  2109 1633677.27   24   44 1640892.00 1631202.61  0.59% 15786 1243s
  3645  2125 1633845.13   25   42 1640892.00 1631202.61  0.59% 15854 1256s
  3705  2139 1633950.72   26   35 1640892.00 1631202.61  0.59% 15925 1270s
  3758  2162 1634033.87   27   37 1640892.00 1631202.61  0.59% 16040 1283s
  3810  2184 1634204.58   28   37 1640892.00 1631202.61  0.59% 16132 1294s
  3861  2204 1634232.22   29   39 1640892.00 1631202.61  0.59% 16214 1304s
  3914  2221 1634319.86   30   37 1640892.00 1631202.61  0.59% 16263 1316s
  3970  2240 1634365.55   31   38 1640892.00 1631202.61  0.59% 16299 1327s
  4023  2250 1634944.33   32   43 1640892.00 1631202.61  0.59% 16336 1343s
  4087  2267 1635019.90   33   39 1640892.00 1631202.61  0.59% 16362 1357s
  4149  2275 1635080.59   34   34 1640892.00 1631202.61  0.59% 16417 1370s
  4212  2288     cutoff   35      1640892.00 1631202.61  0.59% 16467 1382s
  4280  2279     cutoff   36      1640892.00 1631202.61  0.59% 16496 1397s
  4350  2293     cutoff   37      1640892.00 1631202.61  0.59% 16547 1414s
  4424  2293 1635792.32   38   41 1640892.00 1631202.61  0.59% 16577 1428s
  4502  2294 1635897.41   39   43 1640892.00 1631202.61  0.59% 16594 1447s
  4588  2304 1635943.92   40   39 1640892.00 1631202.61  0.59% 16628 1467s
  4679  2315     cutoff   41      1640892.00 1631202.61  0.59% 16662 1481s
  4768  2335 1636190.05   43   35 1640892.00 1631202.61  0.59% 16679 1500s
  4871  2342     cutoff   44      1640892.00 1631202.61  0.59% 16678 1515s
  4960  2377     cutoff   46      1640892.00 1631202.61  0.59% 16720 1534s
  5059  2404 1636646.38   48   38 1640892.00 1631202.61  0.59% 16755 1551s
  5165  2438 1637546.54   50   39 1640892.00 1631202.61  0.59% 16774 1574s
  5284  2446     cutoff   51      1640892.00 1631202.61  0.59% 16767 1596s
  5409  2456     cutoff   53      1640892.00 1631202.61  0.59% 16740 1621s
  5523  2482     cutoff   55      1640892.00 1631202.61  0.59% 16786 1647s
  5640  2456 1632721.17   23   37 1640892.00 1631202.61  0.59% 16828 1665s
  5675  2460 1633432.44   24   34 1640892.00 1631202.61  0.59% 16857 1688s
H 5685  2262                    1639734.0000 1631202.61  0.52% 16866 1688s
  5719  2322 1634720.50   25   34 1639734.00 1631202.61  0.52% 16895 1714s
  5869  2364 1636731.58   29   36 1639734.00 1631202.61  0.52% 16864 1741s
  6023  2387 1638768.78   35   35 1639734.00 1631202.61  0.52% 16834 1768s
  6149  2423 1639342.10   37   22 1639734.00 1631202.61  0.52% 16819 1800s
  6334  2440 1635389.71   24   44 1639734.00 1631246.30  0.52% 16772 1831s
  6481  2473 1637249.10   28   43 1639734.00 1631374.67  0.51% 16812 1863s
  6628  2511 1639131.42   33   47 1639734.00 1631392.79  0.51% 16867 1895s
  6785  2539 1639035.94   34   36 1639734.00 1631395.26  0.51% 16919 1927s
  6955  2537     cutoff   25      1639734.00 1631506.39  0.50% 16964 1958s
  7122  2565 1635365.66   26   29 1639734.00 1631544.78  0.50% 17004 1995s
  7309  2629 1638453.41   35   36 1639734.00 1631544.78  0.50% 17033 2034s
  7372  2608 1638090.72   33   20 1639734.00 1631554.78  0.50% 17043 2035s
  7523  2686 1632731.27   24   34 1639734.00 1631554.78  0.50% 17008 2072s
  7737  2785 1635470.88   36   33 1639734.00 1631739.63  0.49% 17011 2110s
  7978  2769 1638739.62   49   30 1639734.00 1631844.74  0.48% 16966 2153s
  8148  2805 1639643.60   40   35 1639734.00 1631844.74  0.48% 16975 2199s
  8371  2861 1633700.74   26   56 1639734.00 1631903.64  0.48% 17015 2244s
  8617  2951 1634744.75   31   42 1639734.00 1631903.64  0.48% 17050 2292s
  8908  3055 1636150.83   41   35 1639734.00 1631903.64  0.48% 16986 2341s
  9178  3155     cutoff   49      1639734.00 1632210.35  0.46% 16995 2396s
  9454  3260     cutoff   26      1639734.00 1632339.42  0.45% 17006 2449s
  9703  3401 1636537.60   31   28 1639734.00 1632351.31  0.45% 17057 2502s
  9975  3548 1636840.65   22   34 1639734.00 1632351.31  0.45% 17092 2565s
 10224  3695     cutoff   30      1639734.00 1632559.35  0.44% 17138 2625s
 10517  3827 1638089.04   28   52 1639734.00 1632609.85  0.43% 17187 2685s
 10806  3940 1636483.43   24   46 1639734.00 1632644.71  0.43% 17258 2748s
 11108  4056     cutoff   46      1639734.00 1632818.61  0.42% 17274 2813s
 11378  4183     cutoff   43      1639734.00 1632898.17  0.42% 17333 2884s
 11682  4343 1634471.03   25   51 1639734.00 1632961.86  0.41% 17379 2956s
 11995  4485 1638105.88   37   43 1639734.00 1632984.46  0.41% 17429 3030s
 12333  4718     cutoff   30      1639734.00 1633079.43  0.41% 17480 3102s
 12722  4877 1637834.93   32   40 1639734.00 1633197.40  0.40% 17457 3179s
 13090  5018 1636821.32   24   39 1639734.00 1633257.69  0.39% 17505 3262s
 13490  5241     cutoff   41      1639734.00 1633366.50  0.39% 17501 3349s
 13924  5418 1639282.92   35   39 1639734.00 1633413.94  0.39% 17505 3437s
 14375  5598 1636876.03   28   30 1639734.00 1633526.50  0.38% 17529 3529s
 14801  5735 1637860.33   28   42 1639734.00 1633570.11  0.38% 17579 3599s

Cutting planes:
  Implied bound: 3326
  MIR: 272
  Flow cover: 301
  Relax-and-lift: 232

Explored 15173 nodes (267177347 simplex iterations) in 3600.26 seconds (5250.31 work units)
Thread count was 32 (of 32 available processors)

Solution count 10: 1.63973e+06 1.64089e+06 1.64097e+06 ... 1.67272e+06

Time limit reached
Best objective 1.639734000000e+06, best bound 1.633659833563e+06, gap 0.3704%
