
Gurobi 13.0.2 (win64) logging started Mon Jul 13 22:42:35 2026

Set parameter LogFile to value "logs/PSC3-C5-100-10_m0_exact_s0_20260713-224234.gurobi.log"
Set parameter Seed to value 0
Set parameter TimeLimit to value 3598.8227137
Set parameter NodefileStart to value 4
Set parameter MIPGap to value 0
Set parameter MIPGapAbs to value 0.9999
Set parameter Cutoff to value 1e+100
Gurobi Optimizer version 13.0.2 build v13.0.2rc1 (win64 - Windows 11+.0 (26200.2))

CPU model: Intel(R) Core(TM) i9-14900HX, instruction set [SSE2|AVX|AVX2]
Thread count: 24 physical cores, 32 logical processors, using up to 32 threads

Non-default parameters:
TimeLimit  3598.8227137
MIPGap  0
MIPGapAbs  0.9999
NodefileStart  4

Optimize a model with 9000 rows, 1000300 columns and 2803000 nonzeros (Min)
Model fingerprint: 0x3e0e8ac3
Model has 1000300 linear objective coefficients
Variable types: 1000000 continuous, 300 integer (300 binary)
Coefficient statistics:
  Matrix range     [1e+00, 6e+02]
  Objective range  [4e+01, 3e+04]
  Bounds range     [1e+00, 1e+00]
  RHS range        [1e+01, 2e+01]

Using branch priorities.
Found heuristic solution: objective 6.097426e+07
Presolve time: 2.76s
Presolved: 9000 rows, 1000300 columns, 2803000 nonzeros
Variable types: 1000000 continuous, 300 integer (300 binary)
Deterministic concurrent LP optimizer: primal simplex, dual simplex, and barrier
Showing barrier log only...

Root barrier log...

Ordering time: 0.59s

Barrier statistics:
 AA' NZ     : 1.816e+06
 Factor NZ  : 6.644e+06 (roughly 500 MB of memory)
 Factor Ops : 6.854e+09 (less than 1 second per iteration)
 Threads    : 22

                  Objective                Residual
Iter       Primal          Dual         Primal    Dual     Compl     Time
   0   9.68209822e+11 -1.12913640e+11  6.82e+04 0.00e+00  2.11e+06     5s
   1   6.70059937e+11 -8.60220600e+10  4.71e+04 5.82e-11  1.50e+06     5s
   2   3.84579952e+10 -5.01205647e+10  2.68e+03 3.38e-09  1.05e+05     6s
   3   5.68254126e+08 -1.97509108e+10  1.29e+01 5.30e-08  1.04e+04     6s
   4   3.44092035e+08 -7.63994928e+09  1.26e-01 2.06e-08  3.97e+03     6s
   5   1.34783520e+08 -1.76269423e+09  4.02e-04 3.63e-09  9.44e+02     6s
   6   9.42976356e+07 -4.34690711e+08  1.64e-04 8.79e-10  2.63e+02     7s
   7   8.90339220e+07 -2.49706150e+08  1.32e-04 5.43e-10  1.69e+02     7s
   8   8.09700042e+07 -1.66713241e+08  9.49e-05 3.92e-10  1.23e+02     7s
   9   7.04909760e+07 -7.98229265e+07  4.36e-05 2.36e-10  7.48e+01     8s
  10   6.34470831e+07  6.79478927e+06  2.04e-05 6.18e-11  2.82e+01     8s
  11   6.19045822e+07  2.77191686e+07  1.69e-05 3.14e-11  1.70e+01     8s
  12   5.80563099e+07  3.90532689e+07  8.81e-06 1.36e-11  9.46e+00     8s
  13   5.65229835e+07  4.29487644e+07  6.39e-06 8.47e-12  6.75e+00     8s
  14   5.49290988e+07  4.55828672e+07  4.08e-06 5.49e-12  4.65e+00     9s
  15   5.41983686e+07  4.61872591e+07  3.15e-06 4.77e-12  3.99e+00     9s
  16   5.22599069e+07  4.75967795e+07  7.74e-07 3.38e-12  2.32e+00     9s
  17   5.20400503e+07  4.81126408e+07  6.28e-07 2.87e-12  1.95e+00     9s
  18   5.15352411e+07  4.92777700e+07  3.27e-07 2.24e-12  1.12e+00    10s
  19   5.13299689e+07  4.97974296e+07  2.27e-07 2.01e-12  7.63e-01    10s
  20   5.10036957e+07  5.02842858e+07  8.97e-08 2.18e-12  3.58e-01    10s
  21   5.08741271e+07  5.04641668e+07  4.43e-08 2.03e-12  2.04e-01    10s
  22   5.07691084e+07  5.05563038e+07  1.14e-08 2.15e-12  1.06e-01    10s
  23   5.07511051e+07  5.06077827e+07  6.37e-09 1.96e-12  7.13e-02    11s
  24   5.07373015e+07  5.06471213e+07  2.73e-09 2.15e-12  4.49e-02    11s
  25   5.07322756e+07  5.06806221e+07  1.53e-09 2.04e-12  2.57e-02    11s
  26   5.07290444e+07  5.07001598e+07  8.21e-10 2.09e-12  1.44e-02    11s
  27   5.07279857e+07  5.07073596e+07  6.13e-10 2.08e-12  1.03e-02    11s
  28   5.07259558e+07  5.07149928e+07  2.40e-10 2.08e-12  5.46e-03    12s
  29   5.07258762e+07  5.07172987e+07  2.26e-10 2.15e-12  4.27e-03    12s
  30   5.07251644e+07  5.07204417e+07  1.16e-10 2.41e-12  2.35e-03    12s
  31   5.07248845e+07  5.07216052e+07  7.62e-11 2.12e-12  1.63e-03    12s
  32   5.07246706e+07  5.07229544e+07  4.87e-11 2.05e-12  8.54e-04    13s
  33   5.07245096e+07  5.07233976e+07  2.90e-11 2.14e-12  5.53e-04    13s
  34   5.07244073e+07  5.07237154e+07  1.66e-11 2.06e-12  3.44e-04    13s
  35   5.07243777e+07  5.07239092e+07  1.48e-11 2.13e-12  2.33e-04    13s
  36   5.07243316e+07  5.07240643e+07  3.41e-11 2.13e-12  1.33e-04    14s
  37   5.07243158e+07  5.07241683e+07  4.22e-11 1.97e-12  7.34e-05    14s
  38   5.07242992e+07  5.07241922e+07  1.20e-10 2.16e-12  5.33e-05    14s
  39   5.07242970e+07  5.07242264e+07  3.19e-10 2.22e-12  3.51e-05    15s
  40   5.07242938e+07  5.07242636e+07  3.67e-10 2.08e-12  1.50e-05    15s
  41   5.07242928e+07  5.07242776e+07  3.75e-10 1.83e-12  7.55e-06    15s
  42   5.07242911e+07  5.07242817e+07  2.99e-10 1.99e-12  4.68e-06    15s
  43   5.07242903e+07  5.07242838e+07  2.92e-10 1.91e-12  3.22e-06    15s
  44   5.07242897e+07  5.07242880e+07  3.21e-10 2.08e-12  8.47e-07    16s
  45   5.07242894e+07  5.07242887e+07  1.28e-09 2.11e-12  3.57e-07    16s
  46   5.07242892e+07  5.07242891e+07  1.25e-09 2.20e-12  2.48e-08    16s
  47   5.07242892e+07  5.07242892e+07  2.06e-09 2.40e-12  1.10e-09    16s

Barrier solved model in 47 iterations and 16.31 seconds (18.90 work units)
Optimal objective 5.07242892e+07


Root crossover log...

    2900 DPushes remaining with DInf 0.0000000e+00                16s
       0 DPushes remaining with DInf 0.0000000e+00                17s

    2573 PPushes remaining with PInf 0.0000000e+00                17s
       0 PPushes remaining with PInf 0.0000000e+00                17s

  Push phase complete: Pinf 0.0000000e+00, Dinf 9.8725650e-10     17s


Root simplex log...

Iteration    Objective       Primal Inf.    Dual Inf.      Time
    5476    5.0724289e+07   0.000000e+00   0.000000e+00     17s
Crossover time: 0.42 seconds (0.58 work units)
Concurrent spin time: 0.00s

Solved with barrier

Root relaxation: objective 5.072429e+07, 5476 iterations, 13.58 seconds (12.89 work units)

    Nodes    |    Current Node    |     Objective Bounds      |     Work
 Expl Unexpl |  Obj  Depth IntInf | Incumbent    BestBd   Gap | It/Node Time

     0     0 5.0724e+07    0  238 6.0974e+07 5.0724e+07  16.8%     -   17s
H    0     0                    5.306485e+07 5.0724e+07  4.41%     -   17s
H    0     0                    5.301625e+07 5.0724e+07  4.32%     -   17s
H    0     0                    5.287585e+07 5.0724e+07  4.07%     -   17s
     0     0 5.0752e+07    0  240 5.2876e+07 5.0752e+07  4.02%     -  265s
H    0     0                    5.287093e+07 5.0752e+07  4.01%     -  266s
H    0     0                    5.287092e+07 5.0752e+07  4.01%     -  266s
     0     0 5.0774e+07    0  239 5.2871e+07 5.0774e+07  3.97%     -  576s
     0     0 5.0787e+07    0  241 5.2871e+07 5.0787e+07  3.94%     -  975s
     0     0 5.0793e+07    0  240 5.2871e+07 5.0793e+07  3.93%     - 1335s
     0     0 5.0794e+07    0  240 5.2871e+07 5.0794e+07  3.93%     - 1634s
     0     0 5.0795e+07    0  240 5.2871e+07 5.0795e+07  3.93%     - 1776s
     0     0 5.0795e+07    0  240 5.2871e+07 5.0795e+07  3.93%     - 1838s
     0     0 5.0795e+07    0  240 5.2871e+07 5.0795e+07  3.93%     - 1870s
     0     0 5.0795e+07    0  240 5.2871e+07 5.0795e+07  3.93%     - 1894s
     0     0 5.0807e+07    0  237 5.2871e+07 5.0807e+07  3.90%     - 2396s
H    0     0                    5.246707e+07 5.0807e+07  3.16%     - 2396s
H    0     0                    5.240504e+07 5.0807e+07  3.05%     - 2396s
H    0     0                    5.237663e+07 5.0807e+07  3.00%     - 2397s
     0     0 5.0816e+07    0  240 5.2377e+07 5.0816e+07  2.98%     - 2866s
     0     0 5.0828e+07    0  238 5.2377e+07 5.0828e+07  2.96%     - 3409s
     0     0          -    0      5.2377e+07 5.0828e+07  2.96%     - 3598s

Cutting planes:
  Implied bound: 7841
  MIR: 132
  Flow cover: 26
  Relax-and-lift: 351

Explored 1 nodes (403283 simplex iterations) in 3598.89 seconds (6159.48 work units)
Thread count was 32 (of 32 available processors)

Solution count 8: 5.23766e+07 5.2405e+07 5.24671e+07 ... 6.09743e+07

Time limit reached
Best objective 5.237663300000e+07, best bound 5.082776027738e+07, gap 2.9572%
