
Gurobi 13.0.2 (win64) logging started Mon Jul 13 10:42:19 2026

Set parameter LogFile to value "logs/PSC3-C2-100-10_m0_exact_s0_20260713-104218.gurobi.log"
Set parameter Seed to value 0
Set parameter TimeLimit to value 3598.8918559
Set parameter NodefileStart to value 4
Set parameter MIPGap to value 0
Set parameter MIPGapAbs to value 0.9999
Set parameter Cutoff to value 1e+100
Gurobi Optimizer version 13.0.2 build v13.0.2rc1 (win64 - Windows 11+.0 (26200.2))

CPU model: Intel(R) Core(TM) i9-14900HX, instruction set [SSE2|AVX|AVX2]
Thread count: 24 physical cores, 32 logical processors, using up to 32 threads

Non-default parameters:
TimeLimit  3598.8918559
MIPGap  0
MIPGapAbs  0.9999
NodefileStart  4

Optimize a model with 9000 rows, 1000300 columns and 2803000 nonzeros (Min)
Model fingerprint: 0x54560084
Model has 1000300 linear objective coefficients
Variable types: 1000000 continuous, 300 integer (300 binary)
Coefficient statistics:
  Matrix range     [1e+00, 6e+02]
  Objective range  [4e+01, 3e+04]
  Bounds range     [1e+00, 1e+00]
  RHS range        [1e+01, 2e+01]

Using branch priorities.
Found heuristic solution: objective 1.051089e+07
Presolve time: 2.97s
Presolved: 9000 rows, 1000300 columns, 2803000 nonzeros
Variable types: 1000000 continuous, 300 integer (300 binary)
Deterministic concurrent LP optimizer: primal simplex, dual simplex, and barrier
Showing barrier log only...

Root barrier log...

Ordering time: 0.65s

Barrier statistics:
 AA' NZ     : 1.816e+06
 Factor NZ  : 6.644e+06 (roughly 500 MB of memory)
 Factor Ops : 6.854e+09 (less than 1 second per iteration)
 Threads    : 22

                  Objective                Residual
Iter       Primal          Dual         Primal    Dual     Compl     Time
   0   8.75018345e+10 -1.19187458e+10  7.61e+04 0.00e+00  2.74e+05     5s
   1   6.33792323e+10 -9.63519222e+09  5.50e+04 3.64e-12  2.04e+05     6s
   2   3.89046181e+09 -6.13245264e+09  3.34e+03 2.31e-10  1.48e+04     6s
   3   2.02457217e+08 -2.63989551e+09  1.34e+02 1.47e-09  1.75e+03     6s
   4   5.56188992e+07 -1.93979977e+08  6.65e+00 4.17e-10  1.31e+02     6s
   5   4.69238775e+07 -8.85342293e+07  7.46e-03 2.25e-10  6.74e+01     7s
   6   4.37106896e+07 -7.21487615e+07  2.03e-03 1.87e-10  5.77e+01     7s
   7   2.91538224e+07 -4.74788824e+07  2.23e-13 1.30e-10  3.81e+01     7s
   8   1.42419324e+07 -1.19501679e+07  1.96e-13 2.73e-12  1.30e+01     7s
   9   8.83840117e+06  5.08546253e+05  1.05e-13 1.93e-12  4.15e+00     8s
  10   8.21754041e+06  1.57808192e+06  7.55e-14 1.36e-12  3.30e+00     8s
  11   8.25389156e+06  2.39438518e+06  9.06e-14 1.36e-12  2.92e+00     8s
  12   8.13176145e+06  3.59308340e+06  6.39e-14 6.25e-13  2.26e+00     8s
  13   7.75735846e+06  3.90068308e+06  7.00e-14 7.39e-13  1.92e+00     8s
  14   7.22133023e+06  4.68891628e+06  1.04e-13 3.27e-13  1.26e+00     9s
  15   6.75449036e+06  5.27693079e+06  2.73e-13 2.77e-13  7.35e-01     9s
  16   6.58608254e+06  5.52623617e+06  1.95e-13 2.74e-13  5.27e-01     9s
  17   6.34249913e+06  5.69086625e+06  1.85e-13 2.59e-13  3.24e-01    10s
  18   6.20170615e+06  5.76018609e+06  2.83e-13 2.68e-13  2.20e-01    10s
  19   6.14581990e+06  5.80333554e+06  4.56e-13 2.41e-13  1.70e-01    10s
  20   6.09066651e+06  5.83016191e+06  9.43e-13 3.18e-13  1.30e-01    10s
  21   6.03837500e+06  5.85975451e+06  1.90e-12 2.29e-13  8.89e-02    11s
  22   6.01891455e+06  5.87272869e+06  1.53e-12 2.61e-13  7.27e-02    11s
  23   5.98664576e+06  5.88036844e+06  5.35e-12 2.73e-13  5.29e-02    11s
  24   5.96862455e+06  5.88749366e+06  5.16e-12 2.81e-13  4.04e-02    11s
  25   5.95486039e+06  5.89463188e+06  1.01e-11 2.69e-13  3.00e-02    12s
  26   5.94371613e+06  5.89987662e+06  6.54e-12 2.55e-13  2.18e-02    12s
  27   5.93657711e+06  5.90667133e+06  8.20e-12 2.74e-13  1.49e-02    13s
  28   5.93029852e+06  5.91002736e+06  6.46e-12 2.52e-13  1.01e-02    13s
  29   5.92699090e+06  5.91258833e+06  8.47e-12 2.29e-13  7.17e-03    14s
  30   5.92430550e+06  5.91534883e+06  1.28e-11 2.20e-13  4.46e-03    14s
  31   5.92286991e+06  5.91701236e+06  2.68e-11 2.38e-13  2.91e-03    14s
  32   5.92236693e+06  5.91851594e+06  2.50e-11 2.23e-13  1.92e-03    15s
  33   5.92207800e+06  5.91927809e+06  3.82e-11 2.38e-13  1.39e-03    15s
  34   5.92191501e+06  5.92008401e+06  3.10e-11 2.38e-13  9.11e-04    15s
  35   5.92187266e+06  5.92050242e+06  2.71e-11 2.15e-13  6.82e-04    15s
  36   5.92179992e+06  5.92059055e+06  1.99e-11 2.60e-13  6.02e-04    16s
  37   5.92175710e+06  5.92082814e+06  1.24e-11 2.56e-13  4.62e-04    16s
  38   5.92173165e+06  5.92101213e+06  1.22e-11 2.62e-13  3.58e-04    16s
  39   5.92167984e+06  5.92120385e+06  1.14e-10 2.26e-13  2.37e-04    16s
  40   5.92163151e+06  5.92132587e+06  1.58e-10 2.16e-13  1.52e-04    17s
  41   5.92162242e+06  5.92153130e+06  1.28e-10 2.05e-13  4.53e-05    17s
  42   5.92160268e+06  5.92157356e+06  1.82e-10 3.04e-13  1.45e-05    17s
  43   5.92160101e+06  5.92158526e+06  4.11e-10 1.91e-13  7.84e-06    17s
  44   5.92160071e+06  5.92159533e+06  1.00e-09 2.76e-13  2.68e-06    17s
  45   5.92160030e+06  5.92159654e+06  3.01e-09 2.47e-13  1.87e-06    17s
  46   5.92159971e+06  5.92159730e+06  2.78e-09 2.35e-13  1.20e-06    18s
  47   5.92159919e+06  5.92159798e+06  1.86e-08 2.53e-13  6.00e-07    18s
  48   5.92159912e+06  5.92159878e+06  2.37e-09 2.84e-13  1.73e-07    18s
  49   5.92159909e+06  5.92159908e+06  1.97e-10 2.32e-13  5.67e-09    18s

Barrier solved model in 49 iterations and 18.30 seconds (21.22 work units)
Optimal objective 5.92159909e+06


Root crossover log...

    4085 DPushes remaining with DInf 0.0000000e+00                18s
       0 DPushes remaining with DInf 0.0000000e+00                19s

   19015 PPushes remaining with PInf 8.5555445e-05                19s
       0 PPushes remaining with PInf 0.0000000e+00                20s

  Push phase complete: Pinf 0.0000000e+00, Dinf 1.3947776e-10     20s


Root simplex log...

Iteration    Objective       Primal Inf.    Dual Inf.      Time
   23102    5.9215991e+06   0.000000e+00   0.000000e+00     20s
Crossover time: 1.26 seconds (0.93 work units)
Concurrent spin time: 1.99s (can be avoided by choosing Method=3)

Solved with barrier

Root relaxation: objective 5.921599e+06, 23102 iterations, 18.21 seconds (15.57 work units)

    Nodes    |    Current Node    |     Objective Bounds      |     Work
 Expl Unexpl |  Obj  Depth IntInf | Incumbent    BestBd   Gap | It/Node Time

     0     0 5921599.08    0   90 1.0511e+07 5921599.08  43.7%     -   22s
H    0     0                    6772966.6283 5921599.08  12.6%     -   22s
H    0     0                    6643137.7584 5921599.08  10.9%     -   22s
H    0     0                    6610603.0000 5921599.08  10.4%     -   22s
H    0     0                    6610602.0000 5921599.08  10.4%     -   22s
     0     0 5921842.80    0  107 6610602.00 5921842.80  10.4%     -  185s
H    0     0                    6609171.4255 5921844.49  10.4%     -  187s
H    0     0                    6609169.4255 5921844.49  10.4%     -  187s
H    0     0                    6599104.9999 5921844.49  10.3%     -  187s
H    0     0                    6591302.9999 5921844.49  10.2%     -  187s
     0     0 5922114.54    0  113 6591303.00 5922114.54  10.2%     -  412s
     0     0 5922146.02    0  111 6591303.00 5922146.02  10.2%     -  508s
     0     0 5922146.25    0  112 6591303.00 5922146.25  10.2%     -  517s
     0     0 5922461.49    0  118 6591303.00 5922461.49  10.1%     -  779s
H    0     0                    6515302.0000 5922462.63  9.10%     -  779s
H    0     0                    6457179.0000 5922462.63  8.28%     -  779s
     0     0 5922625.70    0  131 6457179.00 5922625.70  8.28%     - 1137s
     0     0 5922673.03    0  131 6457179.00 5922673.03  8.28%     - 1245s
     0     0 5922678.90    0  130 6457179.00 5922678.90  8.28%     - 1282s
     0     0 5922683.67    0  131 6457179.00 5922683.67  8.28%     - 1323s
     0     0 5922685.01    0  132 6457179.00 5922685.01  8.28%     - 1350s
     0     0 5923037.51    0  132 6457179.00 5923037.51  8.27%     - 1731s
     0     0 5923176.32    0  141 6457179.00 5923176.32  8.27%     - 2037s
     0     0 5923211.21    0  147 6457179.00 5923211.21  8.27%     - 2158s
     0     0 5923233.76    0  146 6457179.00 5923233.76  8.27%     - 2298s
     0     0 5923251.31    0  149 6457179.00 5923251.31  8.27%     - 2368s
     0     0 5923257.18    0  147 6457179.00 5923257.18  8.27%     - 2413s
     0     0 5923258.62    0  148 6457179.00 5923258.62  8.27%     - 2436s
     0     0 5923499.62    0  131 6457179.00 5923499.62  8.26%     - 2816s
     0     0 5923610.50    0  143 6457179.00 5923610.50  8.26%     - 3149s
     0     0 5923647.11    0  141 6457179.00 5923647.11  8.26%     - 3329s
     0     0 5923660.19    0  146 6457179.00 5923660.19  8.26%     - 3446s
     0     0 5923670.69    0  149 6457179.00 5923670.69  8.26%     - 3521s
     0     0          -    0      6457179.00 5923670.69  8.26%     - 3598s

Cutting planes:
  Implied bound: 4279
  MIR: 81
  Flow cover: 10
  Relax-and-lift: 36

Explored 1 nodes (446982 simplex iterations) in 3598.95 seconds (4657.65 work units)
Thread count was 32 (of 32 available processors)

Solution count 9: 6.45718e+06 6.5153e+06 6.5913e+06 ... 1.05109e+07

Time limit reached
Best objective 6.457179000000e+06, best bound 5.923670687406e+06, gap 8.2623%
