
Gurobi 13.0.2 (win64) logging started Mon Jul 13 06:42:10 2026

Set parameter LogFile to value "logs/PSC3-C1-100-10_m0_exact_s0_20260713-064209.gurobi.log"
Set parameter Seed to value 0
Set parameter TimeLimit to value 3598.8145273
Set parameter NodefileStart to value 4
Set parameter MIPGap to value 0
Set parameter MIPGapAbs to value 0.9999
Set parameter Cutoff to value 1e+100
Gurobi Optimizer version 13.0.2 build v13.0.2rc1 (win64 - Windows 11+.0 (26200.2))

CPU model: Intel(R) Core(TM) i9-14900HX, instruction set [SSE2|AVX|AVX2]
Thread count: 24 physical cores, 32 logical processors, using up to 32 threads

Non-default parameters:
TimeLimit  3598.8145273
MIPGap  0
MIPGapAbs  0.9999
NodefileStart  4

Optimize a model with 9000 rows, 1000300 columns and 2803000 nonzeros (Min)
Model fingerprint: 0x0ad7361a
Model has 1000300 linear objective coefficients
Variable types: 1000000 continuous, 300 integer (300 binary)
Coefficient statistics:
  Matrix range     [1e+00, 3e+02]
  Objective range  [4e+01, 3e+04]
  Bounds range     [1e+00, 1e+00]
  RHS range        [1e+01, 2e+01]

Using branch priorities.
Found heuristic solution: objective 1.050686e+07
Presolve time: 2.88s
Presolved: 9000 rows, 1000300 columns, 2803000 nonzeros
Variable types: 1000000 continuous, 300 integer (300 binary)
Deterministic concurrent LP optimizer: primal simplex, dual simplex, and barrier
Showing barrier log only...

Root barrier log...

Ordering time: 0.63s

Barrier statistics:
 AA' NZ     : 1.816e+06
 Factor NZ  : 6.644e+06 (roughly 500 MB of memory)
 Factor Ops : 6.854e+09 (less than 1 second per iteration)
 Threads    : 22

                  Objective                Residual
Iter       Primal          Dual         Primal    Dual     Compl     Time
   0   4.64416725e+10 -1.43173454e+10  4.04e+04 0.00e+00  2.92e+05     5s
   1   3.56248452e+10 -1.22779473e+10  3.10e+04 1.46e-11  2.32e+05     5s
   2   5.02319270e+08 -9.05299045e+09  4.18e+02 8.73e-11  7.42e+03     6s
   3   8.16372761e+07 -9.50536415e+08  4.93e+01 1.12e-09  6.98e+02     6s
   4   2.52724730e+07 -2.58550413e+08  3.65e-01 5.82e-10  1.42e+02     6s
   5   2.47083193e+07 -8.52433373e+07  7.09e-04 2.21e-10  5.47e+01     6s
   6   2.28202241e+07 -6.53813175e+07  5.54e-06 1.75e-10  4.39e+01     7s
   7   2.01579245e+07 -5.33317868e+07  2.94e-06 1.44e-10  3.66e+01     7s
   8   1.65334591e+07 -4.19503441e+07  2.43e-06 1.11e-10  2.91e+01     7s
   9   1.13609187e+07 -9.56740131e+06  1.62e-06 2.79e-11  1.04e+01     7s
  10   8.20985197e+06  3.20328594e+05  9.36e-07 5.23e-12  3.93e+00     8s
  11   7.90244892e+06  1.49071152e+06  7.08e-07 4.32e-12  3.19e+00     8s
  12   7.75991442e+06  3.50488079e+06  4.73e-07 2.56e-12  2.12e+00     8s
  13   7.63960712e+06  3.97685002e+06  4.15e-07 2.64e-12  1.82e+00     8s
  14   7.13367253e+06  4.78524717e+06  1.32e-07 1.75e-12  1.17e+00     8s
  15   6.96736528e+06  5.49065336e+06  6.59e-08 6.75e-13  7.35e-01     9s
  16   6.89789097e+06  5.84483440e+06  5.02e-08 9.17e-13  5.24e-01     9s
  17   6.83688472e+06  6.06052809e+06  3.85e-08 6.11e-13  3.86e-01     9s
  18   6.78647788e+06  6.19076978e+06  3.03e-08 5.29e-13  2.96e-01     9s
  19   6.71082476e+06  6.29984309e+06  1.84e-08 2.95e-13  2.05e-01    10s
  20   6.65841597e+06  6.36213731e+06  1.31e-08 3.41e-13  1.47e-01    10s
  21   6.60926987e+06  6.41012995e+06  8.49e-09 3.46e-13  9.91e-02    10s
  22   6.58069047e+06  6.42950306e+06  5.93e-09 3.05e-13  7.52e-02    10s
  23   6.57389647e+06  6.45326798e+06  5.33e-09 2.93e-13  6.00e-02    11s
  24   6.54744871e+06  6.46659162e+06  3.04e-09 4.83e-13  4.02e-02    11s
  25   6.53495948e+06  6.47818125e+06  2.01e-09 3.93e-13  2.83e-02    11s
  26   6.52575667e+06  6.48882964e+06  1.26e-09 3.02e-13  1.84e-02    12s
  27   6.52035723e+06  6.49594872e+06  8.43e-10 3.13e-13  1.21e-02    12s
  28   6.51546688e+06  6.49739895e+06  4.70e-10 3.15e-13  8.99e-03    13s
  29   6.51387240e+06  6.50083109e+06  3.45e-10 2.88e-13  6.49e-03    13s
  30   6.51138698e+06  6.50360099e+06  1.55e-10 4.91e-13  3.87e-03    13s
  31   6.51056556e+06  6.50751931e+06  9.38e-11 3.27e-13  1.52e-03    13s
  32   6.50989253e+06  6.50837350e+06  5.19e-11 2.47e-13  7.56e-04    13s
  33   6.50966478e+06  6.50868009e+06  3.46e-11 2.51e-13  4.90e-04    14s
  34   6.50934992e+06  6.50900808e+06  2.86e-11 4.68e-13  1.70e-04    14s
  35   6.50921546e+06  6.50913409e+06  2.29e-10 3.47e-13  4.05e-05    14s
  36   6.50919855e+06  6.50915824e+06  5.06e-10 2.74e-13  2.01e-05    14s
  37   6.50917205e+06  6.50915894e+06  7.16e-08 3.59e-13  6.53e-06    15s
  38   6.50916038e+06  6.50915950e+06  8.74e-08 4.34e-13  4.39e-07    15s
  39   6.50915969e+06  6.50915968e+06  2.04e-07 2.45e-13  8.05e-09    15s

Barrier solved model in 39 iterations and 14.99 seconds (18.59 work units)
Optimal objective 6.50915969e+06


Root crossover log...

    4032 DPushes remaining with DInf 0.0000000e+00                15s
       0 DPushes remaining with DInf 0.0000000e+00                16s

   20694 PPushes remaining with PInf 5.2154320e-05                16s
       0 PPushes remaining with PInf 0.0000000e+00                16s

  Push phase complete: Pinf 0.0000000e+00, Dinf 7.8252071e-11     16s


Root simplex log...

Iteration    Objective       Primal Inf.    Dual Inf.      Time
   24715    6.5091597e+06   0.000000e+00   0.000000e+00     16s
Crossover time: 0.78 seconds (0.65 work units)
Concurrent spin time: 2.49s (can be avoided by choosing Method=3)

Solved with barrier

Root relaxation: objective 6.509160e+06, 24715 iterations, 15.02 seconds (12.66 work units)

    Nodes    |    Current Node    |     Objective Bounds      |     Work
 Expl Unexpl |  Obj  Depth IntInf | Incumbent    BestBd   Gap | It/Node Time

     0     0 6509159.69    0   40 1.0507e+07 6509159.69  38.0%     -   18s
H    0     0                    6884938.2550 6509159.69  5.46%     -   18s
H    0     0                    6884642.6031 6509159.69  5.45%     -   18s
H    0     0                    6754286.0000 6509159.69  3.63%     -   18s
     0     0 6509391.42    0   37 6754286.00 6509391.42  3.63%     -   63s
H    0     0                    6693870.6506 6509400.82  2.76%     -   64s
H    0     0                    6673083.0000 6509400.82  2.45%     -   64s
     0     0 6509583.29    0   41 6673083.00 6509583.29  2.45%     -  105s
     0     0 6509583.29    0   41 6673083.00 6509583.29  2.45%     -  106s
     0     0 6509678.24    0   35 6673083.00 6509678.24  2.45%     -  135s
H    0     0                    6660094.0000 6509679.00  2.26%     -  135s
     0     0 6509680.10    0   36 6660094.00 6509680.10  2.26%     -  146s
     0     0 6509680.10    0   36 6660094.00 6509680.10  2.26%     -  149s
     0     0 6509746.40    0   36 6660094.00 6509746.40  2.26%     -  168s
H    0     0                    6657555.0000 6509747.69  2.22%     -  168s
H    0     0                    6614692.0000 6509747.69  1.59%     -  168s
     0     0 6509748.60    0   33 6614692.00 6509748.60  1.59%     -  176s
     0     0 6509749.46    0   34 6614692.00 6509749.46  1.59%     -  179s
     0     0 6509833.88    0   35 6614692.00 6509833.88  1.59%     -  205s
     0     0 6509836.00    0   35 6614692.00 6509836.00  1.59%     -  214s
     0     0 6509851.90    0   31 6614692.00 6509851.90  1.58%     -  241s
     0     0 6509857.21    0   32 6614692.00 6509857.21  1.58%     -  249s
     0     0 6509865.06    0   30 6614692.00 6509865.06  1.58%     -  262s
     0     0 6509870.66    0   30 6614692.00 6509870.66  1.58%     -  269s
     0     0 6509870.66    0   30 6614692.00 6509870.66  1.58%     -  281s
     0     0 6509870.66    0   30 6614692.00 6509870.66  1.58%     -  282s
H    0     0                    6600585.0155 6509870.66  1.37%     -  306s
H    0     0                    6573635.4883 6509870.66  0.97%     -  306s
H    0     0                    6573600.4536 6509870.66  0.97%     -  307s
H    0     0                    6565491.3435 6509870.66  0.85%     -  308s
H    0     0                    6555787.6433 6509870.66  0.70%     -  308s
H    0     0                    6547189.1991 6509870.66  0.57%     -  309s
H    0     0                    6538334.4560 6509870.66  0.44%     -  309s
H    0     0                    6529301.0505 6509870.66  0.30%     -  309s
H    0     0                    6519991.0000 6509870.66  0.16%     -  311s
     0     2 6509872.25    0   30 6519991.00 6509872.25  0.16%     -  327s
     1     3 6510439.04    1   36 6519991.00 6509872.25  0.16%  7456  373s
     2     4 6510003.71    1   31 6519991.00 6510003.71  0.15%  4016  388s
     3     5 6510756.39    2   35 6519991.00 6510033.85  0.15%  4781  437s
     4     6 6510611.90    2   33 6519991.00 6510033.85  0.15%  4556  488s
     5    11 6510651.12    3   30 6519991.00 6510033.85  0.15%  4470  545s
    10    16 6510794.47    3   30 6519991.00 6510164.86  0.15%  4628  927s
    15    32 6511103.13    4   32 6519991.00 6510164.86  0.15% 12197  978s
    31    44 6510954.54    5   30 6519991.00 6510272.94  0.15% 26431 1550s
    43    68 6510836.66    5   32 6519991.00 6510310.67  0.15% 22068 1755s
    67   178 6511560.95    6   32 6519991.00 6510567.59  0.14% 29293 2018s
   177   232 6512798.96   10   29 6519991.00 6510567.59  0.14% 26085 2152s
   231   277 6513391.23   12   29 6519991.00 6510567.59  0.14% 25349 2270s
   276   329 6514212.15   14   26 6519991.00 6510567.59  0.14% 24867 2392s
   328   382 6514641.32   16   27 6519991.00 6510567.59  0.14% 24311 2501s
   381   437 6515105.55   19   25 6519991.00 6510567.59  0.14% 23733 2603s
   441   494 6516865.08   23   26 6519991.00 6510567.59  0.14% 22650 2696s
   504   543 6517598.22   25   22 6519991.00 6510662.08  0.14% 21567 2785s
   559   586 6518748.92   27   24 6519991.00 6510662.08  0.14% 21054 2872s
   617   618     cutoff   29      6519991.00 6510662.08  0.14% 20510 2954s
   672   642     cutoff   27      6519991.00 6510662.08  0.14% 20159 3046s
   724   662 6514598.56   16   24 6519991.00 6510662.08  0.14% 19901 3133s
   771   683 6515060.52   18   20 6519991.00 6510662.08  0.14% 19764 3228s
   826   708 6516374.10   20   28 6519991.00 6510870.87  0.14% 19663 3328s
   881   755 6516420.16   21   24 6519991.00 6510870.87  0.14% 19517 3426s
   939   783 6516679.97   24   24 6519991.00 6510870.87  0.14% 19278 3552s
   984   786 6517055.04   26   20 6519991.00 6510870.87  0.14% 19247 3598s

Cutting planes:
  Implied bound: 4973
  MIR: 609
  Flow cover: 121
  Relax-and-lift: 50

Explored 996 nodes (19148858 simplex iterations) in 3599.71 seconds (2214.64 work units)
Thread count was 32 (of 32 available processors)

Solution count 10: 6.51999e+06 6.5293e+06 6.53833e+06 ... 6.65755e+06

Time limit reached
Best objective 6.519991000000e+06, best bound 6.510870871621e+06, gap 0.1399%
