
Gurobi 13.0.2 (win64) logging started Mon Jul 13 08:42:15 2026

Set parameter LogFile to value "logs/PSC3-C1-50-10_m0_exact_s0_20260713-084214.gurobi.log"
Set parameter Seed to value 0
Set parameter TimeLimit to value 3599.7073284
Set parameter NodefileStart to value 4
Set parameter MIPGap to value 0
Set parameter MIPGapAbs to value 0.9999
Set parameter Cutoff to value 1e+100
Gurobi Optimizer version 13.0.2 build v13.0.2rc1 (win64 - Windows 11+.0 (26200.2))

CPU model: Intel(R) Core(TM) i9-14900HX, instruction set [SSE2|AVX|AVX2]
Thread count: 24 physical cores, 32 logical processors, using up to 32 threads

Non-default parameters:
TimeLimit  3599.7073284
MIPGap  0
MIPGapAbs  0.9999
NodefileStart  4

Optimize a model with 4500 rows, 250150 columns and 701500 nonzeros (Min)
Model fingerprint: 0xf89f3bf4
Model has 250150 linear objective coefficients
Variable types: 250000 continuous, 150 integer (150 binary)
Coefficient statistics:
  Matrix range     [1e+00, 3e+02]
  Objective range  [4e+01, 3e+04]
  Bounds range     [1e+00, 1e+00]
  RHS range        [1e+01, 2e+01]

Using branch priorities.
Found heuristic solution: objective 5246624.0000
Presolve time: 0.74s
Presolved: 4500 rows, 250150 columns, 701500 nonzeros
Variable types: 250000 continuous, 150 integer (150 binary)
Deterministic concurrent LP optimizer: primal simplex, dual simplex, and barrier
Showing barrier log only...

Root barrier log...

Ordering time: 0.13s

Barrier statistics:
 AA' NZ     : 4.578e+05
 Factor NZ  : 1.665e+06 (roughly 120 MB of memory)
 Factor Ops : 8.582e+08 (less than 1 second per iteration)
 Threads    : 22

                  Objective                Residual
Iter       Primal          Dual         Primal    Dual     Compl     Time
   0   9.80018228e+09 -2.91474874e+09  1.72e+04 2.27e-13  2.03e+05     1s
   1   7.89368999e+09 -2.42476750e+09  1.39e+04 7.28e-12  1.68e+05     1s
   2   1.12315304e+08 -1.74256273e+09  1.78e+02 2.18e-11  5.46e+03     1s
   3   2.32338110e+07 -3.09623201e+08  1.88e+01 3.40e-10  7.65e+02     1s
   4   1.24480918e+07 -7.22088444e+07  1.16e-13 1.74e-10  1.68e+02     2s
   5   1.21164686e+07 -4.58875502e+07  1.48e-13 1.16e-10  1.15e+02     2s
   6   1.04479688e+07 -3.29886018e+07  1.53e-13 8.47e-11  8.60e+01     2s
   7   7.13540875e+06 -2.77238614e+07  1.16e-13 7.00e-11  6.91e+01     2s
   8   5.95507527e+06 -1.45047294e+07  9.99e-14 3.68e-11  4.05e+01     2s
   9   4.68666981e+06 -9.32181413e+06  7.46e-14 2.49e-11  2.78e+01     2s
  10   4.30082682e+06 -9.69040661e+05  5.12e-14 7.02e-12  1.04e+01     2s
  11   4.14302621e+06  3.13931262e+05  4.22e-14 4.80e-12  7.59e+00     2s
  12   3.78594452e+06  1.36534103e+06  2.73e-14 3.23e-12  4.80e+00     2s
  13   3.68952989e+06  2.03421102e+06  3.89e-14 2.13e-12  3.28e+00     2s
  14   3.54911934e+06  2.50530548e+06  5.91e-14 1.30e-12  2.07e+00     2s
  15   3.51618607e+06  2.74100272e+06  5.44e-14 9.98e-13  1.54e+00     2s
  16   3.43300766e+06  2.94444346e+06  1.39e-13 5.76e-13  9.68e-01     2s
  17   3.39439418e+06  3.02882690e+06  7.98e-13 4.05e-13  7.24e-01     2s
  18   3.34877191e+06  3.10903268e+06  2.51e-13 2.90e-13  4.75e-01     2s
  19   3.32564429e+06  3.15711228e+06  4.30e-13 3.14e-13  3.34e-01     2s
  20   3.30102832e+06  3.19128231e+06  1.87e-12 2.57e-13  2.17e-01     2s
  21   3.29298580e+06  3.20848198e+06  1.47e-12 2.86e-13  1.67e-01     2s
  22   3.28453217e+06  3.22857695e+06  2.12e-12 3.41e-13  1.11e-01     2s
  23   3.27880787e+06  3.24080257e+06  2.69e-12 2.66e-13  7.53e-02     2s
  24   3.27436273e+06  3.24971137e+06  1.90e-12 2.38e-13  4.88e-02     2s
  25   3.27113754e+06  3.25696666e+06  1.59e-12 2.50e-13  2.81e-02     2s
  26   3.26908030e+06  3.26119058e+06  3.67e-12 2.89e-13  1.56e-02     2s
  27   3.26782435e+06  3.26273016e+06  4.36e-12 3.38e-13  1.01e-02     2s
  28   3.26725350e+06  3.26357792e+06  1.25e-11 3.45e-13  7.28e-03     2s
  29   3.26676413e+06  3.26515523e+06  5.58e-12 3.33e-13  3.19e-03     2s
  30   3.26662689e+06  3.26560403e+06  6.22e-12 2.83e-13  2.03e-03     2s
  31   3.26657218e+06  3.26565811e+06  7.33e-12 3.07e-13  1.81e-03     3s
  32   3.26645706e+06  3.26585963e+06  4.46e-11 3.39e-13  1.18e-03     3s
  33   3.26642828e+06  3.26601756e+06  2.62e-11 3.45e-13  8.14e-04     3s
  34   3.26637603e+06  3.26617677e+06  4.40e-11 2.39e-13  3.95e-04     3s
  35   3.26635368e+06  3.26631206e+06  2.44e-11 2.95e-13  8.25e-05     3s
  36   3.26634322e+06  3.26633123e+06  2.74e-10 5.39e-13  2.38e-05     3s
  37   3.26634022e+06  3.26634004e+06  2.34e-10 3.13e-13  3.50e-07     3s
  38   3.26634015e+06  3.26634015e+06  9.03e-10 2.70e-13  5.45e-12     3s

Barrier solved model in 38 iterations and 2.84 seconds (4.01 work units)
Optimal objective 3.26634015e+06

Crossover time: 0.14 seconds (0.10 work units)
Concurrent spin time: 0.22s

Solved with barrier

Root relaxation: objective 3.266340e+06, 7034 iterations, 2.38 seconds (2.54 work units)

    Nodes    |    Current Node    |     Objective Bounds      |     Work
 Expl Unexpl |  Obj  Depth IntInf | Incumbent    BestBd   Gap | It/Node Time

     0     0 3266340.15    0   38 5246624.00 3266340.15  37.7%     -    3s
H    0     0                    3582594.9416 3266340.15  8.83%     -    3s
H    0     0                    3581511.3853 3266340.15  8.80%     -    3s
H    0     0                    3510250.0000 3266340.15  6.95%     -    3s
     0     0 3267082.95    0   45 3510250.00 3267082.95  6.93%     -    9s
H    0     0                    3481562.0000 3267092.50  6.16%     -    9s
H    0     0                    3480947.0000 3267092.50  6.14%     -    9s
     0     0 3267146.43    0   44 3480947.00 3267146.43  6.14%     -   12s
     0     0 3267153.92    0   45 3480947.00 3267153.92  6.14%     -   13s
     0     0 3267154.14    0   45 3480947.00 3267154.14  6.14%     -   13s
     0     0 3267335.74    0   40 3480947.00 3267335.74  6.14%     -   18s
H    0     0                    3420240.0000 3267340.96  4.47%     -   18s
     0     0 3267506.06    0   39 3420240.00 3267506.06  4.47%     -   24s
     0     0 3267545.12    0   41 3420240.00 3267545.12  4.46%     -   26s
     0     0 3267548.05    0   41 3420240.00 3267548.05  4.46%     -   27s
     0     0 3267553.76    0   40 3420240.00 3267553.76  4.46%     -   28s
     0     0 3267554.18    0   41 3420240.00 3267554.18  4.46%     -   28s
     0     0 3267588.33    0   40 3420240.00 3267588.33  4.46%     -   31s
     0     0 3267626.76    0   42 3420240.00 3267626.76  4.46%     -   34s
     0     0 3267638.45    0   45 3420240.00 3267638.45  4.46%     -   36s
     0     0 3267645.57    0   48 3420240.00 3267645.57  4.46%     -   37s
     0     0 3267646.08    0   49 3420240.00 3267646.08  4.46%     -   38s
     0     0 3267667.18    0   40 3420240.00 3267667.18  4.46%     -   41s
H    0     0                    3410219.1017 3267667.58  4.18%     -   41s
H    0     0                    3407011.3333 3267667.58  4.09%     -   41s
H    0     0                    3398845.0000 3267667.58  3.86%     -   41s
     0     0 3267669.56    0   39 3398845.00 3267669.56  3.86%     -   42s
     0     0 3267671.84    0   40 3398845.00 3267671.84  3.86%     -   43s
     0     0 3267672.01    0   38 3398845.00 3267672.01  3.86%     -   44s
     0     0 3267673.90    0   34 3398845.00 3267673.90  3.86%     -   46s
     0     0 3267674.95    0   36 3398845.00 3267674.95  3.86%     -   48s
     0     0 3267678.08    0   35 3398845.00 3267678.08  3.86%     -   49s
H    0     0                    3393043.3171 3267683.96  3.69%     -   50s
H    0     0                    3383999.3171 3267683.96  3.44%     -   50s
H    0     0                    3356574.0000 3267683.96  2.65%     -   50s
     0     0 3267683.96    0   35 3356574.00 3267683.96  2.65%     -   51s
     0     0 3267683.96    0   34 3356574.00 3267683.96  2.65%     -   52s
     0     0 3267728.74    0   36 3356574.00 3267728.74  2.65%     -   55s
     0     0 3267734.84    0   36 3356574.00 3267734.84  2.65%     -   57s
     0     0 3267736.21    0   35 3356574.00 3267736.21  2.65%     -   58s
     0     0 3267747.82    0   36 3356574.00 3267747.82  2.65%     -   60s
     0     0 3267749.54    0   40 3356574.00 3267749.54  2.65%     -   61s
     0     0 3267750.17    0   39 3356574.00 3267750.17  2.65%     -   62s
     0     0 3267760.50    0   36 3356574.00 3267760.50  2.65%     -   65s
     0     0 3267760.55    0   36 3356574.00 3267760.55  2.65%     -   65s
     0     2 3267760.55    0   36 3356574.00 3267760.55  2.65%     -   78s
     1     3 3268357.57    1   32 3356574.00 3267768.05  2.65%  4113   83s
     2     4 3269483.61    1   39 3356574.00 3268365.75  2.63%  4261   91s
     3     8 3270241.15    2   35 3356574.00 3268365.75  2.63%  4961  101s
     7    15 3270636.42    3   33 3356574.00 3269005.43  2.61%  4718  119s
    14    28 3270790.95    4   35 3356574.00 3269543.10  2.59%  5618  167s
    27    52 3270810.43    5   27 3356574.00 3269545.18  2.59%  8317  219s
    51    97 3271801.29    6   30 3356574.00 3269545.18  2.59% 18450  306s
    96   201 3273730.71    7   28 3356574.00 3269545.18  2.59% 12460  373s
   200   278 3274260.74    9   31 3356574.00 3269545.18  2.59% 15575  415s
   277   336 3275081.83   10   31 3356574.00 3269545.18  2.59% 15584  445s
   335   398 3276623.57   11   27 3356574.00 3269545.18  2.59% 15542  474s
H  393   398                    3347399.4995 3269545.18  2.33% 15222  474s
   397   458 3276707.56   12   24 3347399.50 3269545.18  2.33% 15182  500s
H  400   458                    3341917.3291 3269545.18  2.17% 15120  500s
   457   521 3276964.82   15   28 3341917.33 3269545.18  2.17% 14948  525s
   520   585 3277478.96   18   26 3341917.33 3269545.18  2.17% 14552  547s
   584   646 3279152.97   19   26 3341917.33 3269545.18  2.17% 14067  566s
H  638   646                    3336686.2733 3269545.18  2.01% 13704  566s
   645   710 3279520.69   21   28 3336686.27 3269545.18  2.01% 13670  586s
H  703   710                    3328923.7121 3269545.18  1.78% 13401  586s
H  704   710                    3328720.9902 3269545.18  1.78% 13388  586s
H  705   710                    3320192.1255 3269545.18  1.53% 13372  586s
   709   777 3280686.51   23   27 3320192.13 3269545.18  1.53% 13360  607s
*  769   777              52    3318666.0000 3269545.18  1.48% 13080  607s
   778   849 3281251.97   25   28 3318666.00 3269545.18  1.48% 12988  628s
   854   927 3281677.93   26   28 3318666.00 3269545.18  1.48% 12639  651s
   936   998 3284809.48   28   22 3318666.00 3269545.18  1.48% 12317  672s
H  941   998                    3305990.2524 3269545.18  1.10% 12275  672s
  1020  1028 3286517.55   29   26 3305990.25 3269545.18  1.10% 11991  698s
  1107  1098 3286994.31   30   30 3305990.25 3269545.18  1.10% 11740  723s
H 1112  1098                    3303657.9177 3269545.18  1.03% 11704  723s
  1181  1172 3287595.77   32   25 3303657.92 3269545.18  1.03% 11580  752s
  1259  1244 3288703.41   35   18 3303657.92 3269724.31  1.03% 11510  778s
H 1262  1244                    3296335.2800 3269724.31  0.81% 11505  778s
  1347  1293 3291235.11   37   24 3296335.28 3269724.31  0.81% 11363  807s
H 1350  1293                    3285717.2899 3269724.31  0.49% 11347  807s
H 1352  1293                    3285709.5422 3269724.31  0.49% 11330  807s
H 1356  1293                    3285706.1522 3269724.31  0.49% 11297  807s
H 1357  1293                    3285700.0105 3269724.31  0.49% 11289  807s
  1440  1319     cutoff   38      3285700.01 3270474.31  0.46% 11199  841s
* 1444  1319             106    3285686.0000 3270474.31  0.46% 11189  841s
  1535  1357 3272685.66    7   30 3285686.00 3270474.31  0.46% 11115  869s
  1606  1336 3273094.91   10   28 3285686.00 3270474.31  0.46% 11123  891s
H 1614  1336                    3280336.0000 3270474.31  0.30% 11131  891s
  1631  1353 3273385.05   11   24 3280336.00 3270780.25  0.29% 11182  927s
  1700  1352 3276147.36   14   22 3280336.00 3270780.25  0.29% 11278  962s
  1787  1326 3276502.84   18   18 3280336.00 3270780.25  0.29% 11306 1000s
  1872  1324     cutoff   22      3280336.00 3270780.25  0.29% 11368 1037s
  1963  1317 3272893.06    7   23 3280336.00 3270780.25  0.29% 11389 1078s
  2068  1344 3277083.62   10   28 3280336.00 3270780.25  0.29% 11376 1122s
  2185  1367 3278266.87   14   23 3280336.00 3270780.25  0.29% 11316 1165s
  2326  1357 3278900.52   19   22 3280336.00 3272148.97  0.25% 11205 1211s
  2443  1382 3274915.67   11   29 3280336.00 3272148.97  0.25% 11239 1257s
  2577  1358 3276241.37   15   27 3280336.00 3272148.97  0.25% 11192 1307s
  2728  1343 3277424.57   21   30 3280336.00 3272148.97  0.25% 11127 1353s
  2844  1369 3278213.43   24   27 3280336.00 3272183.47  0.25% 11057 1410s
  2992  1404     cutoff   28      3280336.00 3272532.14  0.24% 11034 1462s
  3147  1469 3274559.84    9   26 3280336.00 3272922.46  0.23% 10971 1518s
  3300  1532 3276650.99   15   27 3280336.00 3273025.94  0.22% 10960 1577s
  3438  1608     cutoff   22      3280336.00 3273025.94  0.22% 11033 1638s
  3609  1709 3276941.14   10   26 3280336.00 3273025.94  0.22% 11001 1702s
  3794  1710 3276854.37   13   36 3280336.00 3273220.40  0.22% 10983 1862s
  3796  1711 3276220.06   14   38 3280336.00 3273220.40  0.22% 10977 1867s
  3797  1712 3274819.55   12   41 3280336.00 3273220.40  0.22% 10974 1879s
  3798  1713 3277731.54   14   42 3280336.00 3273220.40  0.22% 10971 1890s
  3799  1713 3278421.05   23   44 3280336.00 3273220.40  0.22% 10968 1898s
  3800  1714 3279438.66    8   41 3280336.00 3273220.40  0.22% 10965 1904s
  3801  1715 3276300.44   11   38 3280336.00 3273220.40  0.22% 10962 1906s
  3802  1715 3277302.27   20   42 3280336.00 3273220.40  0.22% 10960 1913s
  3803  1716 3277030.10   22   37 3280336.00 3273220.40  0.22% 10957 1918s
  3804  1717 3276949.73   21   40 3280336.00 3273220.40  0.22% 10954 1924s
  3805  1717 3277093.29   10   40 3280336.00 3273220.40  0.22% 10951 1929s
  3806  1718 3279103.80   23   40 3280336.00 3273220.40  0.22% 10948 1941s
  3807  1721 3273220.40   13   35 3280336.00 3273220.40  0.22% 10957 1951s
  3808  1723 3273220.40   14   35 3280336.00 3273220.40  0.22% 10955 1962s
  3811  1727 3273220.40   15   30 3280336.00 3273220.40  0.22% 10950 1979s
  3816  1736 3273220.40   16   35 3280336.00 3273220.40  0.22% 10943 2009s
  3826  1753 3273220.40   17   31 3280336.00 3273220.40  0.22% 10940 2028s
  3847  1767 3273220.40   18   32 3280336.00 3273220.40  0.22% 10999 2071s
  3868  1828 3274660.54   19   36 3280336.00 3273220.40  0.22% 10973 2117s
  3936  1854 3276230.58   20   34 3280336.00 3273220.40  0.22% 11102 2156s
  3984  1878 3275995.18   21   31 3280336.00 3273220.40  0.22% 11177 2190s
  4026  1909 3276867.12   22   29 3280336.00 3273220.40  0.22% 11233 2225s
  4072  1947 3276227.26   23   30 3280336.00 3273220.40  0.22% 11295 2259s
  4140  1969 3276390.89   24   33 3280336.00 3273220.40  0.22% 11337 2287s
  4216  1980 3277080.12   25   27 3280336.00 3273220.40  0.22% 11380 2311s
  4282  1982 3277347.39   26   26 3280336.00 3273220.40  0.22% 11419 2333s
  4346  1995 3277513.12   27   26 3280336.00 3273220.40  0.22% 11456 2355s
  4404  2004 3278261.16   28   29 3280336.00 3273220.40  0.22% 11498 2375s
  4457  2011 3278945.86   29   27 3280336.00 3273220.40  0.22% 11529 2395s
  4515  2013 3279134.65   30   28 3280336.00 3273220.40  0.22% 11565 2415s
  4574  2025 3279862.61   32   27 3280336.00 3273220.40  0.22% 11591 2437s
  4643  2027 3280089.63   33   24 3280336.00 3273220.40  0.22% 11605 2460s
  4714  2043 3275701.28   20   34 3280336.00 3273220.40  0.22% 11643 2483s
  4781  2067 3276235.69   21   32 3280336.00 3273220.40  0.22% 11678 2507s
  4854  2065 3277219.56   23   28 3280336.00 3273220.40  0.22% 11704 2525s
H 4863  1975                    3280071.0000 3273220.40  0.21% 11712 2525s
  4884  2017 3277745.26   24   28 3280071.00 3273220.40  0.21% 11722 2549s
  4980  2020 3278377.10   27   26 3280071.00 3273220.40  0.21% 11699 2575s
  5071  2022 3279485.56   29   31 3280071.00 3273220.40  0.21% 11698 2602s
  5163  2034 3279210.34   28   22 3280071.00 3273220.40  0.21% 11702 2632s
  5245  2020 3279401.92   27   25 3280071.00 3273220.40  0.21% 11741 2655s
  5276  2037 3279706.84   28   26 3280071.00 3273220.40  0.21% 11756 2679s
H 5308  1945                    3279677.0000 3273220.40  0.20% 11767 2679s
  5315  2022     cutoff   29      3279677.00 3273220.40  0.20% 11767 2710s
  5434  2041 3273463.83   19   34 3279677.00 3273220.40  0.20% 11741 2740s
  5555  2034 3274325.31   22   29 3279677.00 3273220.40  0.20% 11701 2774s
  5674  2051 3275758.68   26   29 3279677.00 3273220.40  0.20% 11708 2810s
  5776  2077 3276607.87   32   24 3279677.00 3273220.40  0.20% 11760 2847s
  5882  2108     cutoff   38      3279677.00 3273220.40  0.20% 11807 2885s
  5986  2124 3275931.19   21   26 3279677.00 3273220.40  0.20% 11874 2926s
  6064  2159 3277667.62   24   27 3279677.00 3273220.40  0.20% 11948 2969s
  6173  2171 3279618.19   30   22 3279677.00 3273220.40  0.20% 12015 3011s
  6282  2166 3274466.88   24   26 3279677.00 3273220.40  0.20% 12088 3056s
  6401  2138 3276765.61   26   32 3279677.00 3273220.40  0.20% 12151 3097s
H 6442  2019                    3279439.0000 3273220.40  0.19% 12161 3097s
  6486  2039 3276170.42   28   28 3279439.00 3273220.40  0.19% 12198 3147s
  6632  2046 3277585.70   31   19 3279439.00 3273220.40  0.19% 12237 3198s
Created node file directory './grbnodes0'
  6784  2042 3277684.89   34   24 3279439.00 3273220.40  0.19% 12280 3250s
  6923  2071 3277923.78   38   15 3279439.00 3273220.40  0.19% 12349 3303s
  7106  2098 3278298.17   46   11 3279439.00 3273312.93  0.19% 12349 3359s
  7292  2115 3278837.06   58   10 3279439.00 3273379.04  0.18% 12363 3418s
  7519  2096 3276084.21   23   24 3279439.00 3273379.04  0.18% 12324 3475s
  7652  2106     cutoff   26      3279439.00 3273615.11  0.18% 12361 3535s
  7796  2073 3275766.92   27   25 3279439.00 3273658.54  0.18% 12431 3599s

Cutting planes:
  Implied bound: 1307
  MIR: 145
  Flow cover: 39
  Relax-and-lift: 6

Explored 7975 nodes (99627884 simplex iterations) in 3600.40 seconds (3101.65 work units)
Thread count was 32 (of 32 available processors)

Solution count 10: 3.27944e+06 3.27968e+06 3.28007e+06 ... 3.32872e+06

Time limit reached
Best objective 3.279439000000e+06, best bound 3.273658538432e+06, gap 0.1763%
