
Gurobi 13.0.2 (win64) logging started Tue Jul 14 01:42:39 2026

Set parameter LogFile to value "logs/PSC3-C5-50-5_m0_exact_s0_20260714-014239.gurobi.log"
Set parameter Seed to value 0
Set parameter TimeLimit to value 3599.8482629
Set parameter NodefileStart to value 4
Set parameter MIPGap to value 0
Set parameter MIPGapAbs to value 0.9999
Set parameter Cutoff to value 1e+100
Gurobi Optimizer version 13.0.2 build v13.0.2rc1 (win64 - Windows 11+.0 (26200.2))

CPU model: Intel(R) Core(TM) i9-14900HX, instruction set [SSE2|AVX|AVX2]
Thread count: 24 physical cores, 32 logical processors, using up to 32 threads

Non-default parameters:
TimeLimit  3599.8482629
MIPGap  0
MIPGapAbs  0.9999
NodefileStart  4

Optimize a model with 2250 rows, 125150 columns and 350750 nonzeros (Min)
Model fingerprint: 0x5e0a6628
Model has 125150 linear objective coefficients
Variable types: 125000 continuous, 150 integer (150 binary)
Coefficient statistics:
  Matrix range     [1e+00, 6e+02]
  Objective range  [4e+01, 3e+04]
  Bounds range     [1e+00, 1e+00]
  RHS range        [1e+01, 2e+01]

Using branch priorities.
Found heuristic solution: objective 1.653235e+07
Presolve time: 0.35s
Presolved: 2250 rows, 125150 columns, 350750 nonzeros
Variable types: 125000 continuous, 150 integer (150 binary)
Deterministic concurrent LP optimizer: primal and dual simplex
Showing primal log only...

Concurrent spin time: 0.00s

Solved with primal simplex

Root relaxation: objective 1.299223e+07, 89340 iterations, 3.13 seconds (4.96 work units)

    Nodes    |    Current Node    |     Objective Bounds      |     Work
 Expl Unexpl |  Obj  Depth IntInf | Incumbent    BestBd   Gap | It/Node Time

     0     0 1.2992e+07    0  120 1.6532e+07 1.2992e+07  21.4%     -    3s
H    0     0                    1.422022e+07 1.2992e+07  8.64%     -    3s
H    0     0                    1.414647e+07 1.2992e+07  8.16%     -    3s
H    0     0                    1.413234e+07 1.2992e+07  8.07%     -    3s
H    0     0                    1.400235e+07 1.3022e+07  7.00%     -   10s
H    0     0                    1.368973e+07 1.3022e+07  4.88%     -   10s
H    0     0                    1.341968e+07 1.3022e+07  2.96%     -   10s
H    0     0                    1.319265e+07 1.3022e+07  1.29%     -   10s
H    0     0                    1.316384e+07 1.3022e+07  1.08%     -   10s
     0     0 1.3022e+07    0  123 1.3164e+07 1.3022e+07  1.08%     -   11s
     0     0 1.3026e+07    0  123 1.3164e+07 1.3026e+07  1.05%     -   16s
H    0     0                    1.314452e+07 1.3027e+07  0.90%     -   19s
     0     0 1.3027e+07    0  123 1.3145e+07 1.3027e+07  0.90%     -   19s
     0     0 1.3027e+07    0  123 1.3145e+07 1.3027e+07  0.89%     -   21s
     0     0 1.3027e+07    0  123 1.3145e+07 1.3027e+07  0.89%     -   22s
     0     0 1.3027e+07    0  123 1.3145e+07 1.3027e+07  0.89%     -   22s
     0     0 1.3027e+07    0  123 1.3145e+07 1.3027e+07  0.89%     -   22s
H    0     0                    1.314272e+07 1.3044e+07  0.75%     -   32s
     0     0 1.3044e+07    0  120 1.3143e+07 1.3044e+07  0.75%     -   32s
     0     0 1.3050e+07    0  123 1.3143e+07 1.3050e+07  0.70%     -   42s
     0     0 1.3052e+07    0  122 1.3143e+07 1.3052e+07  0.69%     -   47s
     0     0 1.3053e+07    0  122 1.3143e+07 1.3053e+07  0.68%     -   52s
     0     0 1.3053e+07    0  123 1.3143e+07 1.3053e+07  0.68%     -   55s
     0     0 1.3053e+07    0  122 1.3143e+07 1.3053e+07  0.68%     -   57s
     0     0 1.3053e+07    0  122 1.3143e+07 1.3053e+07  0.68%     -   58s
     0     0 1.3062e+07    0  124 1.3143e+07 1.3062e+07  0.61%     -   72s
     0     0 1.3066e+07    0  124 1.3143e+07 1.3066e+07  0.59%     -   86s
     0     0 1.3067e+07    0  123 1.3143e+07 1.3067e+07  0.58%     -   97s
     0     0 1.3067e+07    0  123 1.3143e+07 1.3067e+07  0.57%     -  104s
     0     0 1.3067e+07    0  122 1.3143e+07 1.3067e+07  0.57%     -  108s
     0     0 1.3068e+07    0  124 1.3143e+07 1.3068e+07  0.57%     -  110s
     0     0 1.3072e+07    0  122 1.3143e+07 1.3072e+07  0.53%     -  128s
     0     0 1.3074e+07    0  123 1.3143e+07 1.3074e+07  0.52%     -  146s
     0     0 1.3075e+07    0  125 1.3143e+07 1.3075e+07  0.52%     -  154s
     0     0 1.3075e+07    0  125 1.3143e+07 1.3075e+07  0.52%     -  158s
H    0     0                    1.314069e+07 1.3075e+07  0.50%     -  161s
H    0     0                    1.313893e+07 1.3075e+07  0.49%     -  161s
     0     0 1.3075e+07    0  126 1.3139e+07 1.3075e+07  0.49%     -  161s
     0     0 1.3080e+07    0  105 1.3139e+07 1.3080e+07  0.45%     -  234s
     0     0 1.3080e+07    0  111 1.3139e+07 1.3080e+07  0.45%     -  235s
     0     0 1.3080e+07    0  110 1.3139e+07 1.3080e+07  0.45%     -  237s
     0     0 1.3080e+07    0  110 1.3139e+07 1.3080e+07  0.45%     -  237s
H    0     0                    1.313549e+07 1.3080e+07  0.42%     -  252s
H    0     0                    1.313450e+07 1.3080e+07  0.41%     -  252s
     0     2 1.3080e+07    0  110 1.3135e+07 1.3080e+07  0.41%     -  268s
     1     3 1.3081e+07    1  109 1.3135e+07 1.3080e+07  0.41%  3477  273s
     2     5 1.3081e+07    2  109 1.3135e+07 1.3080e+07  0.41%  3298  278s
     4     9 1.3082e+07    3  109 1.3135e+07 1.3081e+07  0.41%  3379  285s
     8    18 1.3082e+07    3  112 1.3135e+07 1.3081e+07  0.41%  3537  297s
    17    30 1.3082e+07    5  104 1.3135e+07 1.3082e+07  0.40%  4045  329s
    29    52 1.3083e+07    6  102 1.3135e+07 1.3082e+07  0.40%  6959  360s
    51   108 1.3084e+07    7  101 1.3135e+07 1.3082e+07  0.40% 14698  399s
   107   155 1.3084e+07    9  100 1.3135e+07 1.3082e+07  0.40%  8532  429s
   154   190 1.3084e+07   10   97 1.3135e+07 1.3082e+07  0.40%  6853  460s
   189   236 1.3085e+07   10   98 1.3135e+07 1.3082e+07  0.40%  6407  501s
   235   292 1.3085e+07   11   91 1.3135e+07 1.3082e+07  0.40%  5689  528s
H  274   292                    1.313243e+07 1.3082e+07  0.39%  5254  528s
   291   335 1.3085e+07   11   98 1.3132e+07 1.3082e+07  0.39%  5056  554s
   334   372 1.3086e+07   13   96 1.3132e+07 1.3082e+07  0.39%  4818  582s
   371   411 1.3086e+07   14   97 1.3132e+07 1.3082e+07  0.39%  4666  610s
   410   443 1.3086e+07   16   95 1.3132e+07 1.3082e+07  0.39%  4558  639s
   442   480 1.3087e+07   18   93 1.3132e+07 1.3082e+07  0.39%  4505  666s
   479   526 1.3087e+07   19   92 1.3132e+07 1.3082e+07  0.39%  4467  692s
   525   580 1.3088e+07   20   92 1.3132e+07 1.3082e+07  0.39%  5204  715s
   579   638 1.3091e+07   19   89 1.3132e+07 1.3082e+07  0.39%  5901  739s
   637   702 1.3092e+07   21   88 1.3132e+07 1.3082e+07  0.39%  6405  762s
   701   767 1.3088e+07   23   89 1.3132e+07 1.3082e+07  0.39%  6807  788s
   771   836 1.3089e+07   24   89 1.3132e+07 1.3082e+07  0.39%  7184  812s
   849   861 1.3089e+07   25   89 1.3132e+07 1.3082e+07  0.39%  7407  872s
   888   932 1.3089e+07   26   88 1.3132e+07 1.3082e+07  0.39%  7512  899s
   965   998 1.3092e+07   27   86 1.3132e+07 1.3082e+07  0.39%  7740  927s
  1047  1081 1.3090e+07   29   90 1.3132e+07 1.3082e+07  0.39%  7913  953s
  1130  1180 1.3091e+07   31   91 1.3132e+07 1.3082e+07  0.39%  8089  980s
  1231  1271 1.3094e+07   31   90 1.3132e+07 1.3082e+07  0.39%  8089 1008s
  1332  1363 1.3092e+07   33   86 1.3132e+07 1.3082e+07  0.39%  8103 1037s
  1443  1395 1.3092e+07   34   87 1.3132e+07 1.3082e+07  0.39%  8120 1062s
H 1458  1379                    1.313122e+07 1.3082e+07  0.38%  8151 1062s
  1481  1455 1.3092e+07   35   87 1.3131e+07 1.3082e+07  0.38%  8117 1094s
  1588  1547 1.3093e+07   37   87 1.3131e+07 1.3082e+07  0.37%  8166 1126s
  1698  1662 1.3094e+07   39   89 1.3131e+07 1.3082e+07  0.37%  8259 1156s
H 1835  1723                    1.313073e+07 1.3082e+07  0.37%  8254 1192s
H 1838  1714                    1.313021e+07 1.3082e+07  0.37%  8268 1192s
H 1922  1692                    1.312926e+07 1.3082e+07  0.36%  8337 1192s
  1950  1759 1.3096e+07   43   87 1.3129e+07 1.3082e+07  0.36%  8341 1230s
H 2056  1837                    1.312879e+07 1.3082e+07  0.36%  8468 1271s
H 2059  1835                    1.312874e+07 1.3082e+07  0.36%  8476 1271s
H 2112  1834                    1.312866e+07 1.3082e+07  0.36%  8540 1271s
  2167  1907 1.3098e+07   50   90 1.3129e+07 1.3082e+07  0.36%  8579 1312s
  2270  1982 1.3099e+07   54   88 1.3129e+07 1.3082e+07  0.36%  8764 1356s
  2359  2056 1.3100e+07   58   83 1.3129e+07 1.3082e+07  0.36%  8943 1399s
  2441  2154 1.3102e+07   61   79 1.3129e+07 1.3082e+07  0.36%  9121 1443s
  2539  2257 1.3103e+07   64   79 1.3129e+07 1.3082e+07  0.36%  9290 1487s
  2650  2374 1.3104e+07   67   78 1.3129e+07 1.3082e+07  0.36%  9433 1534s
  2768  2375 1.3097e+07   28  110 1.3129e+07 1.3082e+07  0.36%  9534 1886s
  2770  2376 1.3093e+07   13  120 1.3129e+07 1.3082e+07  0.36%  9527 1890s
  2771  2377 1.3105e+07   59  124 1.3129e+07 1.3082e+07  0.36%  9523 1899s
  2772  2378 1.3093e+07   13  121 1.3129e+07 1.3082e+07  0.36%  9520 1909s
  2773  2378 1.3112e+07   61  121 1.3129e+07 1.3082e+07  0.36%  9516 1921s
  2774  2379 1.3103e+07   20  123 1.3129e+07 1.3082e+07  0.36%  9513 1935s
  2775  2380 1.3120e+07   41  124 1.3129e+07 1.3082e+07  0.36%  9510 1952s
  2776  2380 1.3105e+07   62  124 1.3129e+07 1.3082e+07  0.36%  9506 1966s
  2777  2381 1.3117e+07   75  125 1.3129e+07 1.3082e+07  0.36%  9503 1979s
  2778  2382 1.3116e+07   45  125 1.3129e+07 1.3082e+07  0.36%  9499 1989s
  2779  2382 1.3093e+07   15  121 1.3129e+07 1.3082e+07  0.36%  9496 1998s
  2780  2383 1.3103e+07   47  119 1.3129e+07 1.3082e+07  0.36%  9493 2004s
  2781  2384 1.3127e+07   52  119 1.3129e+07 1.3082e+07  0.36%  9489 2008s
  2782  2384 1.3126e+07   76  117 1.3129e+07 1.3082e+07  0.36%  9486 2010s
  2785  2386 1.3110e+07   57  110 1.3129e+07 1.3082e+07  0.36%  9475 2016s
  2786  2387 1.3108e+07   35  112 1.3129e+07 1.3082e+07  0.36%  9472 2021s
  2789  2389 1.3093e+07   30  112 1.3129e+07 1.3082e+07  0.36%  9462 2025s
  2790  2390 1.3091e+07   25  112 1.3129e+07 1.3082e+07  0.36%  9458 2030s
  2792  2391 1.3097e+07   28  112 1.3129e+07 1.3082e+07  0.36%  9452 2036s
  2793  2392 1.3104e+07   63  112 1.3129e+07 1.3082e+07  0.36%  9448 2042s
H 2793  2272                    1.312832e+07 1.3082e+07  0.35%  9448 2076s
  2794  2272 1.3085e+07    9  112 1.3128e+07 1.3082e+07  0.35%  9445 2082s
  2795  2276 1.3082e+07   15  111 1.3128e+07 1.3082e+07  0.35%  9507 2090s
  2797  2278 1.3082e+07   16  116 1.3128e+07 1.3082e+07  0.35%  9503 2107s
  2800  2283 1.3082e+07   17  115 1.3128e+07 1.3082e+07  0.35%  9498 2128s
  2806  2293 1.3082e+07   18  110 1.3128e+07 1.3082e+07  0.35%  9492 2165s
  2818  2313 1.3085e+07   19  112 1.3128e+07 1.3082e+07  0.35%  9501 2214s
  2842  2326 1.3084e+07   20  115 1.3128e+07 1.3082e+07  0.35%  9667 2269s
  2863  2362 1.3087e+07   21  114 1.3128e+07 1.3082e+07  0.35%  9670 2352s
  2906  2393 1.3088e+07   22  109 1.3128e+07 1.3082e+07  0.35%  9626 2420s
H 2934  2269                    1.312831e+07 1.3082e+07  0.35%  9590 2420s
  2951  2325 1.3088e+07   23  108 1.3128e+07 1.3082e+07  0.35%  9568 2478s
  3013  2347 1.3092e+07   26  101 1.3128e+07 1.3082e+07  0.35%  9777 2534s
  3056  2357 1.3092e+07   29   98 1.3128e+07 1.3082e+07  0.35%  9706 2571s
  3080  2373 1.3093e+07   30   97 1.3128e+07 1.3082e+07  0.35%  9664 2608s
  3104  2389 1.3095e+07   31   99 1.3128e+07 1.3082e+07  0.35%  9628 2639s
  3128  2402 1.3095e+07   32  100 1.3128e+07 1.3082e+07  0.35%  9678 2679s
  3149  2419 1.3096e+07   33   99 1.3128e+07 1.3082e+07  0.35%  9648 2709s
H 3159  2308                    1.312825e+07 1.3082e+07  0.35%  9669 2709s
  3173  2366 1.3096e+07   34   97 1.3128e+07 1.3082e+07  0.35%  9688 2755s
  3236  2397 1.3099e+07   38   88 1.3128e+07 1.3082e+07  0.35%  9803 2807s
  3288  2439 1.3100e+07   40   83 1.3128e+07 1.3082e+07  0.35%  9712 2856s
  3347  2465 1.3103e+07   43   84 1.3128e+07 1.3082e+07  0.35%  9604 2904s
  3393  2501 1.3103e+07   48   81 1.3128e+07 1.3082e+07  0.35%  9528 2951s
  3444  2552 1.3104e+07   53   76 1.3128e+07 1.3082e+07  0.35%  9439 2997s
  3512  2607 1.3106e+07   59   74 1.3128e+07 1.3082e+07  0.35%  9310 3044s
  3590  2660 1.3108e+07   65   71 1.3128e+07 1.3082e+07  0.35%  9164 3093s
  3669  2715 1.3113e+07   72   64 1.3128e+07 1.3082e+07  0.35%  9029 3144s
  3751  2758 1.3117e+07   77   61 1.3128e+07 1.3082e+07  0.35%  8894 3185s
  3832  2816 1.3118e+07   85   52 1.3128e+07 1.3082e+07  0.35%  8750 3235s
  3921  2866 1.3120e+07   94   47 1.3128e+07 1.3082e+07  0.35%  8608 3289s
  4002  2912 1.3122e+07  104   40 1.3128e+07 1.3082e+07  0.35%  8494 3346s
  4095  2951 1.3126e+07  115   29 1.3128e+07 1.3082e+07  0.35%  8361 3418s
  4175  2982     cutoff  123      1.3128e+07 1.3082e+07  0.35%  8261 3477s
H 4194  2873                    1.312799e+07 1.3082e+07  0.35%  8237 3477s
  4253  2917 1.3085e+07   22  113 1.3128e+07 1.3082e+07  0.35%  8169 3539s
  4337  2961 1.3100e+07   42   90 1.3128e+07 1.3082e+07  0.35%  8078 3598s

Cutting planes:
  Implied bound: 5878
  MIR: 564
  Mixing: 18
  Flow cover: 786
  Relax-and-lift: 183

Explored 4424 nodes (35506729 simplex iterations) in 3600.12 seconds (5284.74 work units)
Thread count was 32 (of 32 available processors)

Solution count 10: 1.3128e+07 1.31283e+07 1.31283e+07 ... 1.31345e+07

Time limit reached
Best objective 1.312798900000e+07, best bound 1.308203070078e+07, gap 0.3501%
