
Gurobi 13.0.2 (win64) logging started Mon Jul 13 16:42:27 2026

Set parameter LogFile to value "logs/PSC3-C3-50-10_m0_exact_s0_20260713-164227.gurobi.log"
Set parameter Seed to value 0
Set parameter TimeLimit to value 3599.740349
Set parameter NodefileStart to value 4
Set parameter MIPGap to value 0
Set parameter MIPGapAbs to value 0.9999
Set parameter Cutoff to value 1e+100
Gurobi Optimizer version 13.0.2 build v13.0.2rc1 (win64 - Windows 11+.0 (26200.2))

CPU model: Intel(R) Core(TM) i9-14900HX, instruction set [SSE2|AVX|AVX2]
Thread count: 24 physical cores, 32 logical processors, using up to 32 threads

Non-default parameters:
TimeLimit  3599.740349
MIPGap  0
MIPGapAbs  0.9999
NodefileStart  4

Optimize a model with 4500 rows, 250150 columns and 701500 nonzeros (Min)
Model fingerprint: 0xae730161
Model has 250150 linear objective coefficients
Variable types: 250000 continuous, 150 integer (150 binary)
Coefficient statistics:
  Matrix range     [1e+00, 2e+03]
  Objective range  [4e+01, 3e+04]
  Bounds range     [1e+00, 1e+00]
  RHS range        [1e+01, 2e+01]

Using branch priorities.
Found heuristic solution: objective 3.042362e+07
Presolve time: 0.64s
Presolved: 4500 rows, 250150 columns, 701500 nonzeros
Variable types: 250000 continuous, 150 integer (150 binary)
Deterministic concurrent LP optimizer: primal simplex, dual simplex, and barrier
Showing barrier log only...

Root barrier log...

Ordering time: 0.13s

Barrier statistics:
 AA' NZ     : 4.578e+05
 Factor NZ  : 1.665e+06 (roughly 120 MB of memory)
 Factor Ops : 8.582e+08 (less than 1 second per iteration)
 Threads    : 22

                  Objective                Residual
Iter       Primal          Dual         Primal    Dual     Compl     Time
   0   4.52999772e+11 -6.90602858e+10  4.28e+04 0.00e+00  3.99e+06     1s
   1   3.17686951e+11 -4.65662862e+10  2.99e+04 5.82e-11  2.80e+06     1s
   2   1.33004818e+10 -2.15887558e+10  1.22e+03 1.14e-09  1.50e+05     1s
   3   4.65339837e+08 -6.88988800e+09  4.28e-01 1.04e-08  1.46e+04     1s
   4   2.64370122e+08 -1.00045945e+09  1.79e-04 1.50e-09  2.51e+03     1s
   5   8.59126346e+07 -1.90784623e+08  1.35e-05 2.78e-10  5.48e+02     1s
   6   7.75559888e+07 -1.18456874e+08  1.14e-05 1.76e-10  3.88e+02     1s
   7   5.42549885e+07 -3.96964036e+07  6.07e-06 4.37e-11  1.86e+02     1s
   8   4.12613813e+07 -6.64103369e+06  3.66e-06 1.73e-11  9.49e+01     1s
   9   4.13557679e+07  8.95122166e+06  2.16e-06 1.07e-11  6.42e+01     1s
  10   3.08581982e+07  1.74066292e+07  6.04e-07 5.37e-12  2.66e+01     2s
  11   2.88937078e+07  2.05121896e+07  3.66e-07 3.34e-12  1.66e+01     2s
  12   2.71657039e+07  2.28581923e+07  1.57e-07 1.82e-12  8.53e+00     2s
  13   2.63781954e+07  2.39225167e+07  8.16e-08 1.88e-12  4.86e+00     2s
  14   2.62146093e+07  2.44252352e+07  6.88e-08 2.18e-12  3.54e+00     2s
  15   2.60029686e+07  2.45752535e+07  5.27e-08 2.01e-12  2.83e+00     2s
  16   2.57336687e+07  2.48686551e+07  3.42e-08 2.09e-12  1.71e+00     2s
  17   2.55660857e+07  2.49655454e+07  2.31e-08 2.08e-12  1.19e+00     2s
  18   2.53597760e+07  2.50579232e+07  9.70e-09 1.88e-12  5.98e-01     2s
  19   2.52767718e+07  2.51242020e+07  4.66e-09 1.91e-12  3.02e-01     2s
  20   2.52272641e+07  2.51573389e+07  1.75e-09 1.95e-12  1.39e-01     2s
  21   2.52160130e+07  2.51697447e+07  1.14e-09 1.97e-12  9.17e-02     2s
  22   2.52054051e+07  2.51791009e+07  5.44e-10 2.05e-12  5.21e-02     2s
  23   2.52019803e+07  2.51846498e+07  3.58e-10 2.30e-12  3.43e-02     2s
  24   2.51993707e+07  2.51881117e+07  2.20e-10 1.93e-12  2.23e-02     2s
  25   2.51982404e+07  2.51891504e+07  1.65e-10 2.06e-12  1.80e-02     2s
  26   2.51965892e+07  2.51919925e+07  8.52e-11 1.94e-12  9.11e-03     2s
  27   2.51959132e+07  2.51935337e+07  5.09e-11 1.95e-12  4.71e-03     2s
  28   2.51954636e+07  2.51942306e+07  3.72e-11 1.93e-12  2.44e-03     2s
  29   2.51952384e+07  2.51944634e+07  2.10e-11 2.19e-12  1.54e-03     2s
  30   2.51951137e+07  2.51945695e+07  1.50e-11 2.08e-12  1.08e-03     2s
  31   2.51950317e+07  2.51946736e+07  1.09e-11 2.06e-12  7.09e-04     2s
  32   2.51949655e+07  2.51947174e+07  1.17e-11 2.23e-12  4.91e-04     2s
  33   2.51949492e+07  2.51947792e+07  1.23e-11 2.08e-12  3.37e-04     2s
  34   2.51949336e+07  2.51948050e+07  9.68e-12 2.08e-12  2.55e-04     2s
  35   2.51949188e+07  2.51948525e+07  1.18e-11 2.28e-12  1.31e-04     2s
  36   2.51949024e+07  2.51948605e+07  5.53e-11 2.16e-12  8.30e-05     2s
  37   2.51948938e+07  2.51948724e+07  1.02e-10 2.19e-12  4.24e-05     2s
  38   2.51948908e+07  2.51948730e+07  2.62e-10 2.07e-12  3.51e-05     2s
  39   2.51948881e+07  2.51948748e+07  3.77e-10 1.98e-12  2.63e-05     2s
  40   2.51948848e+07  2.51948752e+07  2.77e-10 2.40e-12  1.91e-05     2s
  41   2.51948846e+07  2.51948760e+07  3.58e-10 2.37e-12  1.70e-05     2s
  42   2.51948834e+07  2.51948772e+07  4.06e-10 2.02e-12  1.25e-05     2s
  43   2.51948832e+07  2.51948775e+07  4.16e-10 1.95e-12  1.13e-05     3s
  44   2.51948816e+07  2.51948776e+07  1.97e-09 2.27e-12  8.05e-06     3s
  45   2.51948795e+07  2.51948785e+07  6.80e-10 2.20e-12  1.96e-06     3s
  46   2.51948787e+07  2.51948785e+07  7.82e-09 2.01e-12  3.17e-07     3s
  47   2.51948787e+07  2.51948787e+07  1.69e-09 2.18e-12  2.84e-09     3s

Barrier solved model in 47 iterations and 2.72 seconds (4.60 work units)
Optimal objective 2.51948787e+07

Crossover time: 0.08 seconds (0.09 work units)
Concurrent spin time: 0.15s

Solved with barrier

Root relaxation: objective 2.519488e+07, 2793 iterations, 2.24 seconds (3.12 work units)

    Nodes    |    Current Node    |     Objective Bounds      |     Work
 Expl Unexpl |  Obj  Depth IntInf | Incumbent    BestBd   Gap | It/Node Time

     0     0 2.5195e+07    0  138 3.0424e+07 2.5195e+07  17.2%     -    3s
H    0     0                    2.699132e+07 2.5195e+07  6.66%     -    3s
H    0     0                    2.695783e+07 2.5195e+07  6.54%     -    3s
     0     0 2.5240e+07    0  139 2.6958e+07 2.5240e+07  6.37%     -   15s
H    0     0                    2.685685e+07 2.5240e+07  6.02%     -   15s
     0     0 2.5259e+07    0  141 2.6857e+07 2.5259e+07  5.95%     -   33s
     0     0 2.5268e+07    0  141 2.6857e+07 2.5268e+07  5.92%     -   46s
     0     0 2.5269e+07    0  140 2.6857e+07 2.5269e+07  5.91%     -   53s
     0     0 2.5270e+07    0  139 2.6857e+07 2.5270e+07  5.91%     -   57s
     0     0 2.5270e+07    0  139 2.6857e+07 2.5270e+07  5.91%     -   60s
     0     0 2.5270e+07    0  139 2.6857e+07 2.5270e+07  5.91%     -   61s
     0     0 2.5270e+07    0  139 2.6857e+07 2.5270e+07  5.91%     -   63s
     0     0 2.5270e+07    0  139 2.6857e+07 2.5270e+07  5.91%     -   64s
     0     0 2.5296e+07    0  140 2.6857e+07 2.5296e+07  5.81%     -   84s
H    0     0                    2.664737e+07 2.5296e+07  5.07%     -   85s
H    0     0                    2.656518e+07 2.5296e+07  4.78%     -   85s
H    0     0                    2.655430e+07 2.5296e+07  4.74%     -   85s
H    0     0                    2.655390e+07 2.5296e+07  4.74%     -   85s
H    0     0                    2.655331e+07 2.5296e+07  4.73%     -   85s
H    0     0                    2.655170e+07 2.5296e+07  4.73%     -   85s
H    0     0                    2.654167e+07 2.5296e+07  4.69%     -   85s
H    0     0                    2.653975e+07 2.5296e+07  4.69%     -   85s
H    0     0                    2.653793e+07 2.5296e+07  4.68%     -   85s
     0     0 2.5317e+07    0  139 2.6538e+07 2.5317e+07  4.60%     -  105s
     0     0 2.5328e+07    0  140 2.6538e+07 2.5328e+07  4.56%     -  122s
     0     0 2.5332e+07    0  140 2.6538e+07 2.5332e+07  4.55%     -  135s
     0     0 2.5332e+07    0  142 2.6538e+07 2.5332e+07  4.54%     -  143s
     0     0 2.5333e+07    0  141 2.6538e+07 2.5333e+07  4.54%     -  149s
     0     0 2.5333e+07    0  142 2.6538e+07 2.5333e+07  4.54%     -  152s
     0     0 2.5333e+07    0  141 2.6538e+07 2.5333e+07  4.54%     -  155s
     0     0 2.5355e+07    0  139 2.6538e+07 2.5355e+07  4.46%     -  180s
H    0     0                    2.642898e+07 2.5355e+07  4.06%     -  181s
H    0     0                    2.640956e+07 2.5355e+07  3.99%     -  181s
H    0     0                    2.640484e+07 2.5355e+07  3.98%     -  183s
H    0     0                    2.640407e+07 2.5355e+07  3.97%     -  183s
H    0     0                    2.640395e+07 2.5355e+07  3.97%     -  183s
H    0     0                    2.638549e+07 2.5355e+07  3.91%     -  183s
H    0     0                    2.637949e+07 2.5355e+07  3.88%     -  184s
     0     0 2.5375e+07    0  140 2.6379e+07 2.5375e+07  3.81%     -  207s
     0     0 2.5382e+07    0  142 2.6379e+07 2.5382e+07  3.78%     -  224s
     0     0 2.5385e+07    0  142 2.6379e+07 2.5385e+07  3.77%     -  236s
     0     0 2.5387e+07    0  144 2.6379e+07 2.5387e+07  3.76%     -  246s
     0     0 2.5387e+07    0  143 2.6379e+07 2.5387e+07  3.76%     -  254s
     0     0 2.5387e+07    0  143 2.6379e+07 2.5387e+07  3.76%     -  258s
     0     0 2.5388e+07    0  144 2.6379e+07 2.5388e+07  3.76%     -  262s
     0     0 2.5403e+07    0  143 2.6379e+07 2.5403e+07  3.70%     -  284s
H    0     0                    2.622328e+07 2.5403e+07  3.13%     -  294s
H    0     0                    2.621798e+07 2.5403e+07  3.11%     -  294s
H    0     0                    2.621221e+07 2.5403e+07  3.09%     -  314s
H    0     0                    2.621165e+07 2.5403e+07  3.09%     -  314s
H    0     0                    2.620209e+07 2.5403e+07  3.05%     -  315s
H    0     0                    2.617535e+07 2.5403e+07  2.95%     -  320s
H    0     0                    2.605146e+07 2.5403e+07  2.49%     -  320s
H    0     0                    2.604822e+07 2.5403e+07  2.48%     -  320s
H    0     0                    2.604603e+07 2.5403e+07  2.47%     -  320s
H    0     0                    2.604556e+07 2.5403e+07  2.47%     -  320s
     0     0 2.5415e+07    0  141 2.6046e+07 2.5415e+07  2.42%     -  343s
     0     0 2.5419e+07    0  143 2.6046e+07 2.5419e+07  2.41%     -  361s
     0     0 2.5421e+07    0  144 2.6046e+07 2.5421e+07  2.40%     -  374s
     0     0 2.5421e+07    0  145 2.6046e+07 2.5421e+07  2.40%     -  382s
     0     0 2.5422e+07    0  145 2.6046e+07 2.5422e+07  2.40%     -  388s
     0     0 2.5440e+07    0  142 2.6046e+07 2.5440e+07  2.32%     -  519s
H    0     0                    2.590471e+07 2.5440e+07  1.79%     -  520s
H    0     0                    2.584715e+07 2.5440e+07  1.58%     -  520s
     0     0 2.5440e+07    0  143 2.5847e+07 2.5440e+07  1.57%     -  528s
     0     0 2.5441e+07    0  144 2.5847e+07 2.5441e+07  1.57%     -  535s
     0     0 2.5441e+07    0  144 2.5847e+07 2.5441e+07  1.57%     -  535s
H    0     0                    2.583459e+07 2.5441e+07  1.53%     -  609s
H    0     0                    2.579091e+07 2.5441e+07  1.36%     -  609s
     0     2 2.5441e+07    0  144 2.5791e+07 2.5441e+07  1.36%     -  610s
     1     3 2.5452e+07    1  142 2.5791e+07 2.5441e+07  1.36% 11589  631s
     2     4 2.5441e+07    1  144 2.5791e+07 2.5441e+07  1.36%  7407  639s
     3     5 2.5469e+07    2  139 2.5791e+07 2.5441e+07  1.36%  8823  658s
     4     7 2.5442e+07    2  144 2.5791e+07 2.5441e+07  1.36%  7534  675s
     6    12 2.5442e+07    3  142 2.5791e+07 2.5441e+07  1.36%  6899  697s
    11    21 2.5454e+07    3  142 2.5791e+07 2.5442e+07  1.35%  6823  766s
    20    41 2.5467e+07    4  140 2.5791e+07 2.5442e+07  1.35% 13979  846s
    40    64 2.5468e+07    5  137 2.5791e+07 2.5443e+07  1.35% 16784  900s
    63   132 2.5468e+07    6  137 2.5791e+07 2.5443e+07  1.35% 12512  992s
   131   167 2.5456e+07    8  138 2.5791e+07 2.5443e+07  1.35%  7707 1071s
   166   210 2.5469e+07    9  136 2.5791e+07 2.5443e+07  1.35%  6742 1148s
   209   235 2.5469e+07   10  132 2.5791e+07 2.5443e+07  1.35%  6037 1238s
   234   280 2.5483e+07   10  136 2.5791e+07 2.5443e+07  1.35%  6137 1311s
H  279   295                    2.558444e+07 2.5443e+07  0.55%  5612 1371s
H  280   295                    2.556778e+07 2.5443e+07  0.49%  5598 1371s
H  282   295                    2.556642e+07 2.5443e+07  0.48%  5570 1371s
   294   335 2.5484e+07   11  133 2.5566e+07 2.5443e+07  0.48%  5522 1445s
   336   380 2.5484e+07   14  132 2.5566e+07 2.5443e+07  0.48%  5246 1512s
   383   427 2.5485e+07   17  127 2.5566e+07 2.5443e+07  0.48%  4949 1574s
   436   477 2.5485e+07   18  128 2.5566e+07 2.5443e+07  0.48%  4630 1631s
   494   494 2.5486e+07   20  127 2.5566e+07 2.5443e+07  0.48%  4356 1760s
   523   527 2.5486e+07   21  126 2.5566e+07 2.5443e+07  0.48%  4238 1920s
H  531   527                    2.556599e+07 2.5443e+07  0.48%  4207 1920s
   560   584 2.5487e+07   23  123 2.5566e+07 2.5443e+07  0.48%  4091 1968s
   631   652 2.5487e+07   25  121 2.5566e+07 2.5443e+07  0.48%  3803 2019s
H  713   702                    2.556530e+07 2.5443e+07  0.48%  3528 2072s
   789   759 2.5488e+07   29  119 2.5565e+07 2.5443e+07  0.48%  3337 2120s
   871   818 2.5489e+07   30  118 2.5565e+07 2.5443e+07  0.48%  3136 2179s
   952   878 2.5489e+07   33  115 2.5565e+07 2.5443e+07  0.48%  2994 2244s
H 1030   900                    2.556405e+07 2.5443e+07  0.47%  2882 2300s
H 1033   900                    2.555949e+07 2.5443e+07  0.46%  2888 2300s
  1074   924 2.5494e+07   35  113 2.5559e+07 2.5443e+07  0.46%  2836 2377s
  1132   960 2.5477e+07   34  116 2.5559e+07 2.5443e+07  0.46%  2813 2456s
  1192  1006 2.5490e+07   37  112 2.5559e+07 2.5443e+07  0.46%  2805 2534s
  1254  1053 2.5492e+07   40  109 2.5559e+07 2.5443e+07  0.46%  2815 2619s
  1314  1104 2.5493e+07   42  107 2.5559e+07 2.5443e+07  0.46%  2818 2703s
  1379  1165 2.5495e+07   51   98 2.5559e+07 2.5443e+07  0.46%  2834 2793s
  1442  1243 2.5496e+07   53   97 2.5559e+07 2.5443e+07  0.46%  2866 2874s
  1528  1333 2.5498e+07   56   94 2.5559e+07 2.5445e+07  0.45%  2870 2967s
  1622  1416 2.5517e+07   59   90 2.5559e+07 2.5445e+07  0.45%  2873 3061s
  1728  1469 2.5504e+07   62   88 2.5559e+07 2.5445e+07  0.45%  2846 3151s
Created node file directory './grbnodes0'
  1869  1607 2.5508e+07   65   84 2.5559e+07 2.5445e+07  0.45%  2788 3240s
  2007  1751 2.5510e+07   68   82 2.5559e+07 2.5445e+07  0.45%  2747 3339s
  2180  1900 2.5515e+07   73   77 2.5559e+07 2.5445e+07  0.45%  2689 3443s
  2356  2061 2.5520e+07   79   70 2.5559e+07 2.5447e+07  0.44%  2650 3545s
  2525  2130 2.5521e+07   84   66 2.5559e+07 2.5447e+07  0.44%  2627 3599s

Cutting planes:
  Implied bound: 12829
  MIR: 414
  Flow cover: 1917
  Relax-and-lift: 158

Explored 2626 nodes (7003778 simplex iterations) in 3601.24 seconds (4150.55 work units)
Thread count was 32 (of 32 available processors)

Solution count 10: 2.55595e+07 2.55641e+07 2.55653e+07 ... 2.58471e+07

Time limit reached
Best objective 2.555949300000e+07, best bound 2.544721964531e+07, gap 0.4393%
