
Gurobi 13.0.2 (win64) logging started Mon Jul 13 20:42:33 2026

Set parameter LogFile to value "logs/PSC3-C4-50-10_m0_exact_s0_20260713-204233.gurobi.log"
Set parameter Seed to value 0
Set parameter TimeLimit to value 3599.7187223
Set parameter NodefileStart to value 4
Set parameter MIPGap to value 0
Set parameter MIPGapAbs to value 0.9999
Set parameter Cutoff to value 1e+100
Gurobi Optimizer version 13.0.2 build v13.0.2rc1 (win64 - Windows 11+.0 (26200.2))

CPU model: Intel(R) Core(TM) i9-14900HX, instruction set [SSE2|AVX|AVX2]
Thread count: 24 physical cores, 32 logical processors, using up to 32 threads

Non-default parameters:
TimeLimit  3599.7187223
MIPGap  0
MIPGapAbs  0.9999
NodefileStart  4

Optimize a model with 4500 rows, 250150 columns and 701500 nonzeros (Min)
Model fingerprint: 0xfd390a66
Model has 250150 linear objective coefficients
Variable types: 250000 continuous, 150 integer (150 binary)
Coefficient statistics:
  Matrix range     [1e+00, 6e+02]
  Objective range  [5e+01, 3e+04]
  Bounds range     [1e+00, 1e+00]
  RHS range        [1e+01, 2e+01]

Using branch priorities.
Found heuristic solution: objective 6744799.0000
Presolve time: 0.72s
Presolved: 4500 rows, 250150 columns, 701500 nonzeros
Variable types: 250000 continuous, 150 integer (150 binary)
Deterministic concurrent LP optimizer: primal simplex, dual simplex, and barrier
Showing barrier log only...

Root barrier log...

Ordering time: 0.13s

Barrier statistics:
 AA' NZ     : 4.578e+05
 Factor NZ  : 1.665e+06 (roughly 120 MB of memory)
 Factor Ops : 8.582e+08 (less than 1 second per iteration)
 Threads    : 22

                  Objective                Residual
Iter       Primal          Dual         Primal    Dual     Compl     Time
   0   2.17493475e+10 -2.53195567e+09  2.79e+04 0.00e+00  1.97e+05     1s
   1   1.56110589e+10 -1.93770210e+09  1.99e+04 3.64e-12  1.44e+05     1s
   2   8.95033503e+08 -1.13606645e+09  1.11e+03 9.88e-10  9.82e+03     1s
   3   8.02925999e+07 -5.22227791e+08  6.10e+01 2.25e-09  1.45e+03     1s
   4   3.27093634e+07 -1.58711311e+08  1.30e-01 4.02e-10  3.79e+02     1s
   5   2.97350735e+07 -1.22986277e+08  4.91e-02 3.20e-10  3.03e+02     1s
   6   2.12273886e+07 -8.23092108e+07  1.28e-02 2.20e-10  2.05e+02     1s
   7   9.83628054e+06 -1.02621657e+07  2.42e-03 1.09e-11  3.98e+01     2s
   8   5.96647924e+06 -4.37903936e+05  1.20e-03 2.33e-12  1.27e+01     2s
   9   5.50978951e+06  1.68042087e+05  9.82e-04 1.81e-12  1.06e+01     2s
  10   5.18214194e+06  7.60460727e+05  5.45e-04 1.34e-12  8.76e+00     2s
  11   4.65164652e+06  2.00436619e+06  3.46e-04 7.11e-13  5.24e+00     2s
  12   4.19732647e+06  2.66955462e+06  1.94e-04 5.04e-13  3.03e+00     2s
  13   3.73755730e+06  3.06297680e+06  5.91e-05 2.84e-13  1.34e+00     2s
  14   3.55096242e+06  3.18614173e+06  2.75e-05 2.74e-13  7.23e-01     2s
  15   3.47750684e+06  3.23208809e+06  1.69e-05 2.36e-13  4.86e-01     2s
  16   3.42821010e+06  3.25087295e+06  1.08e-05 2.68e-13  3.51e-01     2s
  17   3.39910488e+06  3.28350119e+06  7.30e-06 2.30e-13  2.29e-01     2s
  18   3.37343297e+06  3.30646121e+06  4.37e-06 2.82e-13  1.33e-01     2s
  19   3.35614209e+06  3.31569303e+06  2.47e-06 2.37e-13  8.01e-02     2s
  20   3.34880648e+06  3.32128442e+06  1.69e-06 2.38e-13  5.45e-02     2s
  21   3.33905267e+06  3.32524332e+06  6.57e-07 2.20e-13  2.74e-02     2s
  22   3.33581002e+06  3.32812449e+06  3.33e-07 2.18e-13  1.52e-02     2s
  23   3.33411724e+06  3.33010808e+06  1.63e-07 2.24e-13  7.94e-03     2s
  24   3.33318475e+06  3.33090533e+06  7.76e-08 2.40e-13  4.52e-03     2s
  25   3.33263758e+06  3.33160473e+06  2.90e-08 2.33e-13  2.05e-03     2s
  26   3.33241797e+06  3.33201119e+06  1.07e-08 2.32e-13  8.06e-04     2s
  27   3.33233684e+06  3.33215969e+06  4.24e-09 2.60e-13  3.51e-04     2s
  28   3.33230671e+06  3.33220819e+06  2.13e-09 2.28e-13  1.95e-04     2s
  29   3.33228750e+06  3.33224793e+06  8.82e-10 2.18e-13  7.84e-05     2s
  30   3.33227840e+06  3.33226519e+06  3.24e-10 2.32e-13  2.62e-05     2s
  31   3.33227414e+06  3.33227204e+06  9.40e-11 2.61e-13  4.15e-06     2s
  32   3.33227279e+06  3.33227258e+06  1.62e-09 2.49e-13  4.17e-07     2s
  33   3.33227266e+06  3.33227261e+06  1.32e-09 3.47e-13  1.10e-07     3s
  34   3.33227261e+06  3.33227261e+06  8.08e-08 2.48e-13  7.60e-09     3s

Barrier solved model in 34 iterations and 2.58 seconds (3.80 work units)
Optimal objective 3.33227261e+06

Crossover time: 0.08 seconds (0.13 work units)
Concurrent spin time: 0.06s

Solved with barrier

Root relaxation: objective 3.332273e+06, 2022 iterations, 1.94 seconds (2.36 work units)

    Nodes    |    Current Node    |     Objective Bounds      |     Work
 Expl Unexpl |  Obj  Depth IntInf | Incumbent    BestBd   Gap | It/Node Time

     0     0 3332272.61    0  143 6744799.00 3332272.61  50.6%     -    2s
H    0     0                    5156790.7427 3332272.61  35.4%     -    2s
H    0     0                    5035142.9713 3332272.61  33.8%     -    2s
H    0     0                    4995269.0000 3332272.61  33.3%     -    2s
     0     0 3343451.14    0  147 4995269.00 3343451.14  33.1%     -   36s
H    0     0                    4909420.0000 3343456.11  31.9%     -   36s
H    0     0                    4909415.0000 3343456.11  31.9%     -   36s
     0     0 3348647.49    0  149 4909415.00 3348647.49  31.8%     -   78s
     0     0 3350155.06    0  149 4909415.00 3350155.06  31.8%     -  108s
     0     0 3350546.66    0  149 4909415.00 3350546.66  31.8%     -  124s
     0     0 3350684.96    0  149 4909415.00 3350684.96  31.7%     -  135s
     0     0 3350714.40    0  149 4909415.00 3350714.40  31.7%     -  141s
     0     0 3350730.26    0  149 4909415.00 3350730.26  31.7%     -  143s
     0     0 3350739.18    0  149 4909415.00 3350739.18  31.7%     -  145s
     0     0 3350751.72    0  149 4909415.00 3350751.72  31.7%     -  148s
     0     0 3350752.56    0  149 4909415.00 3350752.56  31.7%     -  149s
     0     0 3355028.08    0  145 4909415.00 3355028.08  31.7%     -  200s
H    0     0                    4830214.0000 3355029.77  30.5%     -  200s
H    0     0                    4830204.0000 3355029.77  30.5%     -  200s
H    0     0                    4633513.0000 3355029.77  27.6%     -  200s
H    0     0                    4621509.0000 3355029.77  27.4%     -  200s
     0     0 3358775.13    0  150 4621509.00 3358775.13  27.3%     -  260s
     0     0 3361020.05    0  150 4621509.00 3361020.05  27.3%     -  312s
     0     0 3362072.17    0  150 4621509.00 3362072.17  27.3%     -  359s
     0     0 3362586.05    0  150 4621509.00 3362586.05  27.2%     -  392s
     0     0 3362758.90    0  149 4621509.00 3362758.90  27.2%     -  410s
     0     0 3362862.41    0  150 4621509.00 3362862.41  27.2%     -  424s
     0     0 3362918.06    0  149 4621509.00 3362918.06  27.2%     -  435s
     0     0 3362965.09    0  150 4621509.00 3362965.09  27.2%     -  443s
     0     0 3363012.05    0  149 4621509.00 3363012.05  27.2%     -  453s
     0     0 3363030.79    0  150 4621509.00 3363030.79  27.2%     -  458s
     0     0 3363034.35    0  150 4621509.00 3363034.35  27.2%     -  460s
     0     0 3365621.12    0  150 4621509.00 3365621.12  27.2%     -  528s
H    0     0                    4372609.0000 3365623.18  23.0%     -  532s
H    0     0                    4350031.0000 3365623.18  22.6%     -  532s
H    0     0                    4337679.0000 3365623.18  22.4%     -  533s
H    0     0                    4331804.0000 3365623.18  22.3%     -  535s
H    0     0                    4325826.0000 3365623.18  22.2%     -  539s
H    0     0                    4316632.0000 3365623.18  22.0%     -  539s
H    0     0                    4314680.0000 3365623.18  22.0%     -  539s
H    0     0                    4284378.0000 3365623.18  21.4%     -  540s
     0     0 3367826.22    0  150 4284378.00 3367826.22  21.4%     -  618s
     0     0 3369248.15    0  150 4284378.00 3369248.15  21.4%     -  683s
     0     0 3369969.70    0  150 4284378.00 3369969.70  21.3%     -  735s
     0     0 3370357.33    0  150 4284378.00 3370357.33  21.3%     -  770s
     0     0 3370586.90    0  150 4284378.00 3370586.90  21.3%     -  797s
     0     0 3370704.68    0  150 4284378.00 3370704.68  21.3%     -  816s
     0     0 3370753.81    0  150 4284378.00 3370753.81  21.3%     -  826s
     0     0 3370797.32    0  150 4284378.00 3370797.32  21.3%     -  838s
     0     0 3370828.37    0  150 4284378.00 3370828.37  21.3%     -  847s
     0     0 3372197.00    0  149 4284378.00 3372197.00  21.3%     -  915s
H    0     0                    4201057.0000 3372197.68  19.7%     -  925s
H    0     0                    4144291.0000 3372197.68  18.6%     -  926s
H    0     0                    4143423.0000 3372197.68  18.6%     -  942s
H    0     0                    4133414.0000 3372197.68  18.4%     -  944s
H    0     0                    4114794.0000 3372197.68  18.0%     -  945s
H    0     0                    4109083.0000 3372197.68  17.9%     -  961s
H    0     0                    4103263.0000 3372197.68  17.8%     -  965s
H    0     0                    4103165.0000 3372197.68  17.8%     -  967s
     0     0 3373282.99    0  150 4103165.00 3373282.99  17.8%     - 1044s
     0     0 3374011.75    0  150 4103165.00 3374011.75  17.8%     - 1098s
     0     0 3374429.24    0  150 4103165.00 3374429.24  17.8%     - 1141s
     0     0 3374599.93    0  150 4103165.00 3374599.93  17.8%     - 1170s
     0     0 3374752.84    0  150 4103165.00 3374752.84  17.8%     - 1199s
     0     0 3374906.58    0  150 4103165.00 3374906.58  17.7%     - 1224s
     0     0 3374952.73    0  150 4103165.00 3374952.73  17.7%     - 1233s
     0     0 3378208.88    0  140 4103165.00 3378208.88  17.7%     - 1535s
     0     0 3378538.77    0  147 4103165.00 3378538.77  17.7%     - 1572s
     0     0 3378634.95    0  146 4103165.00 3378634.95  17.7%     - 1591s
     0     0 3378981.68    0  145 4103165.00 3378981.68  17.6%     - 1642s
     0     0 3378981.98    0  145 4103165.00 3378981.98  17.6%     - 1643s
     0     2 3378982.08    0  145 4103165.00 3378982.08  17.6%     - 1857s
     1     3 3386828.23    1  136 4103165.00 3378982.17  17.6% 71388 1983s
     2     4 3380429.44    1  145 4103165.00 3380429.44  17.6% 70801 2137s
     3     5 3397225.61    2  135 4103165.00 3380429.46  17.6% 69657 2267s
     4     6 3389140.95    2  140 4103165.00 3380429.46  17.6% 61575 2357s
     5     8 3382436.84    2  143 4103165.00 3380431.01  17.6% 53749 2477s
     7    11 3388957.47    2  138 4103165.00 3382436.88  17.6% 49240 2602s
    10    17 3389862.89    3  140 4103165.00 3382436.88  17.6% 42799 2824s
    16    32 3406015.16    4  132 4103165.00 3382436.88  17.6% 49646 3407s

Cutting planes:
  Implied bound: 16252
  MIR: 467
  Flow cover: 1454
  Relax-and-lift: 328

Explored 31 nodes (3078041 simplex iterations) in 3599.99 seconds (7130.34 work units)
Thread count was 32 (of 32 available processors)

Solution count 10: 4.10317e+06 4.10326e+06 4.10908e+06 ... 4.31468e+06

Time limit reached
Best objective 4.103165000000e+06, best bound 3.384722972402e+06, gap 17.5095%
