
Gurobi 13.0.2 (win64) logging started Mon Jul 13 17:42:29 2026

Set parameter LogFile to value "logs/PSC3-C3-50-5_m0_exact_s0_20260713-174229.gurobi.log"
Set parameter Seed to value 0
Set parameter TimeLimit to value 3599.8524069
Set parameter NodefileStart to value 4
Set parameter MIPGap to value 0
Set parameter MIPGapAbs to value 0.9999
Set parameter Cutoff to value 1e+100
Gurobi Optimizer version 13.0.2 build v13.0.2rc1 (win64 - Windows 11+.0 (26200.2))

CPU model: Intel(R) Core(TM) i9-14900HX, instruction set [SSE2|AVX|AVX2]
Thread count: 24 physical cores, 32 logical processors, using up to 32 threads

Non-default parameters:
TimeLimit  3599.8524069
MIPGap  0
MIPGapAbs  0.9999
NodefileStart  4

Optimize a model with 2250 rows, 125150 columns and 350750 nonzeros (Min)
Model fingerprint: 0x12945c5d
Model has 125150 linear objective coefficients
Variable types: 125000 continuous, 150 integer (150 binary)
Coefficient statistics:
  Matrix range     [1e+00, 2e+03]
  Objective range  [4e+01, 3e+04]
  Bounds range     [1e+00, 1e+00]
  RHS range        [1e+01, 2e+01]

Using branch priorities.
Found heuristic solution: objective 1.643903e+07
Presolve time: 0.35s
Presolved: 2250 rows, 125150 columns, 350750 nonzeros
Variable types: 125000 continuous, 150 integer (150 binary)
Deterministic concurrent LP optimizer: primal and dual simplex
Showing primal log only...

Concurrent spin time: 0.32s (can be avoided by choosing Method=3)

Solved with dual simplex

Root relaxation: objective 1.275883e+07, 54110 iterations, 2.56 seconds (3.94 work units)

    Nodes    |    Current Node    |     Objective Bounds      |     Work
 Expl Unexpl |  Obj  Depth IntInf | Incumbent    BestBd   Gap | It/Node Time

     0     0 1.2759e+07    0  133 1.6439e+07 1.2759e+07  22.4%     -    3s
H    0     0                    1.445516e+07 1.2759e+07  11.7%     -    3s
H    0     0                    1.435664e+07 1.2759e+07  11.1%     -    3s
H    0     0                    1.427760e+07 1.2759e+07  10.6%     -    3s
H    0     0                    1.425460e+07 1.2787e+07  10.3%     -    8s
H    0     0                    1.409262e+07 1.2787e+07  9.26%     -    8s
     0     0 1.2787e+07    0  134 1.4093e+07 1.2787e+07  9.26%     -    9s
H    0     0                    1.409103e+07 1.2787e+07  9.25%     -    9s
H    0     0                    1.408165e+07 1.2787e+07  9.19%     -    9s
H    0     0                    1.408149e+07 1.2787e+07  9.19%     -    9s
H    0     0                    1.406849e+07 1.2787e+07  9.11%     -    9s
H    0     0                    1.378750e+07 1.2795e+07  7.20%     -   12s
H    0     0                    1.339890e+07 1.2795e+07  4.51%     -   12s
H    0     0                    1.315773e+07 1.2795e+07  2.76%     -   12s
     0     0 1.2795e+07    0  133 1.3158e+07 1.2795e+07  2.76%     -   12s
     0     0 1.2797e+07    0  134 1.3158e+07 1.2797e+07  2.74%     -   15s
H    0     0                    1.314409e+07 1.2798e+07  2.63%     -   17s
H    0     0                    1.314398e+07 1.2798e+07  2.63%     -   17s
H    0     0                    1.313354e+07 1.2798e+07  2.56%     -   17s
     0     0 1.2798e+07    0  134 1.3134e+07 1.2798e+07  2.56%     -   17s
     0     0 1.2798e+07    0  134 1.3134e+07 1.2798e+07  2.56%     -   17s
     0     0 1.2798e+07    0  134 1.3134e+07 1.2798e+07  2.56%     -   18s
H    0     0                    1.303376e+07 1.2820e+07  1.64%     -   25s
H    0     0                    1.302808e+07 1.2820e+07  1.60%     -   25s
H    0     0                    1.302626e+07 1.2820e+07  1.58%     -   25s
H    0     0                    1.302543e+07 1.2820e+07  1.58%     -   25s
     0     0 1.2820e+07    0  134 1.3025e+07 1.2820e+07  1.58%     -   25s
     0     0 1.2829e+07    0  133 1.3025e+07 1.2829e+07  1.51%     -   31s
     0     0 1.2833e+07    0  134 1.3025e+07 1.2833e+07  1.48%     -   35s
     0     0 1.2834e+07    0  135 1.3025e+07 1.2834e+07  1.47%     -   40s
     0     0 1.2834e+07    0  135 1.3025e+07 1.2834e+07  1.47%     -   43s
     0     0 1.2834e+07    0  135 1.3025e+07 1.2834e+07  1.47%     -   44s
     0     0 1.2834e+07    0  135 1.3025e+07 1.2834e+07  1.47%     -   45s
     0     0 1.2853e+07    0  135 1.3025e+07 1.2853e+07  1.33%     -   54s
     0     0 1.2861e+07    0  134 1.3025e+07 1.2861e+07  1.27%     -   61s
     0     0 1.2864e+07    0  135 1.3025e+07 1.2864e+07  1.24%     -   67s
     0     0 1.2865e+07    0  134 1.3025e+07 1.2865e+07  1.23%     -   71s
     0     0 1.2866e+07    0  134 1.3025e+07 1.2866e+07  1.23%     -   74s
     0     0 1.2866e+07    0  134 1.3025e+07 1.2866e+07  1.23%     -   76s
     0     0 1.2866e+07    0  134 1.3025e+07 1.2866e+07  1.22%     -   77s
     0     0 1.2881e+07    0  135 1.3025e+07 1.2881e+07  1.11%     -   88s
     0     0 1.2886e+07    0  136 1.3025e+07 1.2886e+07  1.07%     -   96s
     0     0 1.2888e+07    0  135 1.3025e+07 1.2888e+07  1.05%     -  101s
     0     0 1.2889e+07    0  136 1.3025e+07 1.2889e+07  1.05%     -  105s
     0     0 1.2890e+07    0  135 1.3025e+07 1.2890e+07  1.04%     -  108s
     0     0 1.2890e+07    0  135 1.3025e+07 1.2890e+07  1.04%     -  110s
H    0     0                    1.302293e+07 1.2890e+07  1.02%     -  164s
     0     0 1.2921e+07    0  119 1.3023e+07 1.2921e+07  0.79%     -  189s
     0     0 1.2921e+07    0  126 1.3023e+07 1.2921e+07  0.79%     -  191s
     0     0 1.2921e+07    0  126 1.3023e+07 1.2921e+07  0.78%     -  194s
     0     0 1.2921e+07    0  126 1.3023e+07 1.2921e+07  0.78%     -  194s
H    0     0                    1.301533e+07 1.2921e+07  0.73%     -  208s
     0     2 1.2921e+07    0  126 1.3015e+07 1.2921e+07  0.73%     -  220s
     1     4 1.2921e+07    1  127 1.3015e+07 1.2921e+07  0.73%  2460  226s
     3     7 1.2922e+07    2  125 1.3015e+07 1.2921e+07  0.72%  3634  235s
     6    13 1.2923e+07    3  129 1.3015e+07 1.2922e+07  0.72%  5057  247s
    12    25 1.2923e+07    4  124 1.3015e+07 1.2922e+07  0.72%  5095  265s
    24    48 1.2929e+07    5  126 1.3015e+07 1.2923e+07  0.71%  7651  290s
    47    72 1.2939e+07    5  117 1.3015e+07 1.2923e+07  0.71% 12472  301s
    71   175 1.2940e+07    6  118 1.3015e+07 1.2923e+07  0.71%  8757  321s
   174   228 1.2951e+07    9  104 1.3015e+07 1.2923e+07  0.71%  4190  336s
   229   282 1.2952e+07   12  106 1.3015e+07 1.2923e+07  0.71%  3542  351s
   283   346 1.2952e+07   13  108 1.3015e+07 1.2923e+07  0.71%  3155  362s
   347   411 1.2955e+07   15  103 1.3015e+07 1.2923e+07  0.71%  2799  372s
   412   470 1.2957e+07   19  103 1.3015e+07 1.2923e+07  0.71%  2496  384s
   471   517 1.2958e+07   22  101 1.3015e+07 1.2923e+07  0.71%  2336  398s
H  502   517                    1.300671e+07 1.2923e+07  0.65%  2268  398s
   518   569 1.2960e+07   24   96 1.3007e+07 1.2923e+07  0.65%  2238  410s
H  570   597                    1.300302e+07 1.2923e+07  0.62%  2162  434s
   598   635 1.2963e+07   26   98 1.3003e+07 1.2923e+07  0.62%  2107  449s
   652   689 1.2963e+07   27   97 1.3003e+07 1.2923e+07  0.62%  2048  463s
   706   752 1.2966e+07   30   90 1.3003e+07 1.2923e+07  0.62%  2008  477s
   770   847 1.2967e+07   35   90 1.3003e+07 1.2923e+07  0.62%  1927  489s
   865   919 1.2967e+07   42   82 1.3003e+07 1.2923e+07  0.62%  1805  503s
   943   982 1.2968e+07   48   79 1.3003e+07 1.2923e+07  0.62%  1761  518s
  1014  1059 1.2971e+07   56   74 1.3003e+07 1.2923e+07  0.62%  1735  532s
  1091  1137 1.2976e+07   65   64 1.3003e+07 1.2923e+07  0.62%  1697  548s
  1175  1221 1.2979e+07   75   59 1.3003e+07 1.2923e+07  0.62%  1656  562s
  1267  1318 1.2981e+07   85   50 1.3003e+07 1.2923e+07  0.62%  1609  576s
  1371  1432 1.2981e+07   96   45 1.3003e+07 1.2923e+07  0.62%  1548  589s
  1492  1504 1.2983e+07  108   35 1.3003e+07 1.2923e+07  0.62%  1490  607s
H 1605  1448                    1.300012e+07 1.2923e+07  0.60%  1443  624s
H 1641  1440                    1.299969e+07 1.2924e+07  0.59%  1443  624s
  1643  1490 1.2995e+07  135   13 1.3000e+07 1.2924e+07  0.59%  1443  644s
  1714  1529     cutoff  139      1.3000e+07 1.2924e+07  0.59%  1451  665s
  1771  1571 1.2940e+07    7  114 1.3000e+07 1.2924e+07  0.59%  1476  686s
H 1781  1446                    1.299350e+07 1.2924e+07  0.54%  1484  686s
H 1788  1441                    1.299333e+07 1.2924e+07  0.54%  1492  686s
  1813  1487 1.2940e+07   10  112 1.2993e+07 1.2924e+07  0.54%  1506  703s
H 1819  1485                    1.299328e+07 1.2924e+07  0.54%  1511  703s
H 1822  1484                    1.299309e+07 1.2924e+07  0.53%  1514  703s
  1859  1555 1.2940e+07   12  110 1.2993e+07 1.2924e+07  0.53%  1526  725s
  1930  1579 1.2941e+07   15  109 1.2993e+07 1.2924e+07  0.53%  1534  740s
H 1939  1534                    1.299028e+07 1.2924e+07  0.51%  1538  740s
H 1947  1530                    1.299001e+07 1.2924e+07  0.51%  1541  740s
  1954  1599 1.2941e+07   16  108 1.2990e+07 1.2924e+07  0.51%  1543  763s
  2023  1674 1.2942e+07   19  109 1.2990e+07 1.2924e+07  0.51%  1561  785s
  2102  1762 1.2943e+07   22  108 1.2990e+07 1.2924e+07  0.51%  1580  810s
  2201  1846 1.2944e+07   25  109 1.2990e+07 1.2924e+07  0.51%  1588  838s
  2317  1939 1.2945e+07   28  106 1.2990e+07 1.2924e+07  0.51%  1584  865s
  2412  2038 1.2946e+07   33  101 1.2990e+07 1.2924e+07  0.51%  1591  894s
  2519  2109 1.2947e+07   36   98 1.2990e+07 1.2924e+07  0.51%  1587  923s
  2600  2206 1.2949e+07   39   98 1.2990e+07 1.2924e+07  0.51%  1607  953s
  2698  2207 1.2944e+07   28  126 1.2990e+07 1.2924e+07  0.51%  1617 1177s
  2700  2208 1.2971e+07   62  133 1.2990e+07 1.2924e+07  0.51%  1616 1180s
  2701  2209 1.2935e+07   28  134 1.2990e+07 1.2924e+07  0.51%  1616 1187s
  2702  2210 1.2962e+07   69  131 1.2990e+07 1.2924e+07  0.51%  1615 1193s
  2703  2210 1.2939e+07    8  135 1.2990e+07 1.2924e+07  0.51%  1614 1200s
  2704  2211 1.2977e+07   40  134 1.2990e+07 1.2924e+07  0.51%  1614 1208s
  2705  2212 1.2964e+07   44  135 1.2990e+07 1.2924e+07  0.51%  1613 1218s
  2706  2212 1.2945e+07   28  134 1.2990e+07 1.2924e+07  0.51%  1613 1228s
  2707  2213 1.2943e+07   23  135 1.2990e+07 1.2924e+07  0.51%  1612 1238s
  2708  2214 1.2966e+07   51  136 1.2990e+07 1.2924e+07  0.51%  1611 1249s
  2709  2214 1.2945e+07   27  136 1.2990e+07 1.2924e+07  0.51%  1611 1259s
  2710  2215 1.2968e+07   68  137 1.2990e+07 1.2924e+07  0.51%  1610 1267s
  2711  2216 1.2980e+07   51  135 1.2990e+07 1.2924e+07  0.51%  1610 1274s
  2712  2216 1.2981e+07   79  132 1.2990e+07 1.2924e+07  0.51%  1609 1279s
  2713  2217 1.2976e+07   16  132 1.2990e+07 1.2924e+07  0.51%  1608 1282s
  2715  2218 1.2949e+07   46  129 1.2990e+07 1.2924e+07  0.51%  1607 1286s
  2719  2221 1.2983e+07   88  125 1.2990e+07 1.2924e+07  0.51%  1605 1292s
  2720  2222 1.2940e+07   12  128 1.2990e+07 1.2924e+07  0.51%  1604 1296s
  2722  2223 1.2956e+07   26  131 1.2990e+07 1.2924e+07  0.51%  1603 1300s
  2724  2224 1.2968e+07   13  127 1.2990e+07 1.2924e+07  0.51%  1602 1307s
  2726  2226 1.2984e+07  108  130 1.2990e+07 1.2924e+07  0.51%  1601 1310s
  2729  2228 1.2951e+07    9  125 1.2990e+07 1.2924e+07  0.51%  1599 1319s
  2730  2228 1.2966e+07   45  129 1.2990e+07 1.2924e+07  0.51%  1598 1320s
  2733  2230 1.2950e+07   43  129 1.2990e+07 1.2924e+07  0.51%  1597 1329s
  2734  2231 1.2965e+07   63  129 1.2990e+07 1.2924e+07  0.51%  1596 1330s
  2736  2232 1.2939e+07   10  130 1.2990e+07 1.2924e+07  0.51%  1595 1336s
  2737  2233 1.2944e+07   31  130 1.2990e+07 1.2924e+07  0.51%  1594 1341s
  2738  2234 1.2982e+07  104  130 1.2990e+07 1.2924e+07  0.51%  1594 1373s
H 2738  2123                    1.298773e+07 1.2924e+07  0.49%  1651 1374s
  2739  2124 1.2924e+07   15  131 1.2988e+07 1.2924e+07  0.49%  1651 1382s
  2741  2128 1.2924e+07   16  130 1.2988e+07 1.2924e+07  0.49%  1653 1398s
  2745  2134 1.2924e+07   17  129 1.2988e+07 1.2924e+07  0.49%  1658 1419s
  2753  2148 1.2924e+07   18  130 1.2988e+07 1.2924e+07  0.49%  1668 1451s
  2769  2165 1.2931e+07   19  128 1.2988e+07 1.2924e+07  0.49%  1713 1508s
  2792  2238 1.2938e+07   20  126 1.2988e+07 1.2924e+07  0.49%  1879 1558s
  2872  2262 1.2943e+07   22  119 1.2988e+07 1.2924e+07  0.49%  1898 1590s
  2923  2269 1.2943e+07   23  116 1.2988e+07 1.2924e+07  0.49%  1912 1613s
  2947  2293 1.2956e+07   24  112 1.2988e+07 1.2924e+07  0.49%  1921 1644s
  2979  2312 1.2957e+07   25  110 1.2988e+07 1.2924e+07  0.49%  1933 1667s
  3009  2331 1.2958e+07   26  107 1.2988e+07 1.2924e+07  0.49%  1934 1694s
  3038  2351 1.2960e+07   27  108 1.2988e+07 1.2924e+07  0.49%  1946 1717s
  3067  2369 1.2960e+07   28  107 1.2988e+07 1.2924e+07  0.49%  1944 1744s
  3095  2388 1.2961e+07   29  108 1.2988e+07 1.2924e+07  0.49%  1953 1768s
  3125  2400 1.2961e+07   30  108 1.2988e+07 1.2924e+07  0.49%  1956 1798s
  3152  2414 1.2962e+07   31  107 1.2988e+07 1.2924e+07  0.49%  1966 1822s
  3175  2428 1.2962e+07   32  106 1.2988e+07 1.2924e+07  0.49%  1970 1848s
  3197  2445 1.2962e+07   33  108 1.2988e+07 1.2924e+07  0.49%  1982 1870s
  3221  2465 1.2963e+07   34  107 1.2988e+07 1.2924e+07  0.49%  1994 1896s
H 3224  2357                    1.298704e+07 1.2924e+07  0.48%  1997 1896s
  3249  2409 1.2963e+07   35  104 1.2987e+07 1.2924e+07  0.48%  2012 1932s
  3310  2463 1.2963e+07   40  102 1.2987e+07 1.2924e+07  0.48%  2025 1962s
  3384  2509 1.2969e+07   45  101 1.2987e+07 1.2924e+07  0.48%  2035 1995s
  3463  2560 1.2973e+07   51   94 1.2987e+07 1.2924e+07  0.48%  2040 2032s
  3540  2611 1.2976e+07   58   86 1.2987e+07 1.2924e+07  0.48%  2053 2061s
  3617  2668 1.2977e+07   65   78 1.2987e+07 1.2924e+07  0.48%  2060 2092s
  3699  2737 1.2979e+07   73   75 1.2987e+07 1.2924e+07  0.48%  2065 2122s
  3796  2800 1.2983e+07   82   67 1.2987e+07 1.2924e+07  0.48%  2062 2152s
  3898  2861 1.2986e+07   91   62 1.2987e+07 1.2924e+07  0.48%  2054 2184s
  4001  2914     cutoff   96      1.2987e+07 1.2924e+07  0.48%  2053 2219s
  4097  2949 1.2926e+07   23  125 1.2987e+07 1.2924e+07  0.48%  2052 2255s
  4184  3009 1.2926e+07   25  128 1.2987e+07 1.2924e+07  0.48%  2056 2293s
  4273  3032 1.2927e+07   27  121 1.2987e+07 1.2924e+07  0.48%  2063 2324s
  4356  3086 1.2928e+07   29  122 1.2987e+07 1.2924e+07  0.48%  2057 2361s
  4454  3152 1.2929e+07   31  122 1.2987e+07 1.2924e+07  0.48%  2062 2400s
  4566  3223 1.2930e+07   33  120 1.2987e+07 1.2924e+07  0.48%  2063 2445s
  4704  3337 1.2931e+07   35  119 1.2987e+07 1.2924e+07  0.48%  2058 2489s
  4878  3452 1.2932e+07   38  117 1.2987e+07 1.2924e+07  0.48%  2046 2530s
  5064  3547 1.2933e+07   40  116 1.2987e+07 1.2924e+07  0.48%  2030 2573s
  5285  3595 1.2935e+07   43  112 1.2987e+07 1.2924e+07  0.48%  2006 2623s
  5442  3699 1.2937e+07   46  113 1.2987e+07 1.2924e+07  0.48%  2007 2679s
  5621  3798 1.2938e+07   49  109 1.2987e+07 1.2924e+07  0.48%  2003 2726s
  5794  3900 1.2941e+07   53  105 1.2987e+07 1.2924e+07  0.48%  2004 2780s
  5987  3920 1.2946e+07   56  102 1.2987e+07 1.2924e+07  0.48%  2000 2855s
  6120  3992 1.2947e+07   58   96 1.2987e+07 1.2924e+07  0.48%  1995 2919s
  6276  4058 1.2959e+07   64   93 1.2987e+07 1.2924e+07  0.48%  2003 2983s
  6411  4176 1.2964e+07   70   90 1.2987e+07 1.2924e+07  0.48%  2017 3046s
  6582  4326 1.2974e+07   88   74 1.2987e+07 1.2924e+07  0.48%  2026 3112s
  6831  4406     cutoff  109      1.2987e+07 1.2924e+07  0.48%  2017 3181s
  7010  4478 1.2935e+07   29  120 1.2987e+07 1.2924e+07  0.48%  2025 3255s
  7162  4629 1.2937e+07   33  117 1.2987e+07 1.2924e+07  0.48%  2031 3330s
  7386  4769 1.2939e+07   40  113 1.2987e+07 1.2924e+07  0.48%  2039 3406s
  7615  4943 1.2942e+07   46  110 1.2987e+07 1.2928e+07  0.45%  2048 3491s
  7894  5082 1.2946e+07   52  106 1.2987e+07 1.2928e+07  0.45%  2045 3576s
  8153  5089 1.2952e+07   57  101 1.2987e+07 1.2928e+07  0.45%  2053 3599s

Cutting planes:
  Gomory: 1
  Implied bound: 7230
  MIR: 561
  Mixing: 17
  Flow cover: 1092
  Relax-and-lift: 121

Explored 8263 nodes (17053301 simplex iterations) in 3600.20 seconds (5201.34 work units)
Thread count was 32 (of 32 available processors)

Solution count 10: 1.2987e+07 1.29877e+07 1.299e+07 ... 1.30153e+07

Time limit reached
Best objective 1.298703500000e+07, best bound 1.292809887611e+07, gap 0.4538%
