
Gurobi 13.0.2 (win64) logging started Mon Jul 13 12:42:21 2026

Set parameter LogFile to value "logs/PSC3-C2-50-10_m0_exact_s0_20260713-124221.gurobi.log"
Set parameter Seed to value 0
Set parameter TimeLimit to value 3599.6860904
Set parameter NodefileStart to value 4
Set parameter MIPGap to value 0
Set parameter MIPGapAbs to value 0.9999
Set parameter Cutoff to value 1e+100
Gurobi Optimizer version 13.0.2 build v13.0.2rc1 (win64 - Windows 11+.0 (26200.2))

CPU model: Intel(R) Core(TM) i9-14900HX, instruction set [SSE2|AVX|AVX2]
Thread count: 24 physical cores, 32 logical processors, using up to 32 threads

Non-default parameters:
TimeLimit  3599.6860904
MIPGap  0
MIPGapAbs  0.9999
NodefileStart  4

Optimize a model with 4500 rows, 250150 columns and 701500 nonzeros (Min)
Model fingerprint: 0x29ba77fb
Model has 250150 linear objective coefficients
Variable types: 250000 continuous, 150 integer (150 binary)
Coefficient statistics:
  Matrix range     [1e+00, 6e+02]
  Objective range  [4e+01, 3e+04]
  Bounds range     [1e+00, 1e+00]
  RHS range        [1e+01, 2e+01]

Using branch priorities.
Found heuristic solution: objective 5246710.0000
Presolve time: 0.77s
Presolved: 4500 rows, 250150 columns, 701500 nonzeros
Variable types: 250000 continuous, 150 integer (150 binary)
Deterministic concurrent LP optimizer: primal simplex, dual simplex, and barrier
Showing barrier log only...

Root barrier log...

Ordering time: 0.15s

Barrier statistics:
 AA' NZ     : 4.578e+05
 Factor NZ  : 1.665e+06 (roughly 120 MB of memory)
 Factor Ops : 8.582e+08 (less than 1 second per iteration)
 Threads    : 22

                  Objective                Residual
Iter       Primal          Dual         Primal    Dual     Compl     Time
   0   1.59358132e+10 -2.95872438e+09  2.80e+04 0.00e+00  1.99e+05     1s
   1   1.15523917e+10 -2.21967190e+09  2.02e+04 3.64e-12  1.46e+05     1s
   2   6.73397294e+08 -1.29648393e+09  1.14e+03 7.77e-10  1.03e+04     1s
   3   6.49494083e+07 -5.99043848e+08  7.24e+01 1.51e-09  1.65e+03     1s
   4   2.37343570e+07 -8.87533120e+07  1.21e-13 2.66e-10  2.23e+02     2s
   5   2.09407700e+07 -5.72842105e+07  1.32e-13 1.84e-10  1.55e+02     2s
   6   1.69815666e+07 -3.68182018e+07  8.53e-14 1.11e-10  1.07e+02     2s
   7   7.95106960e+06 -1.20550942e+07  1.56e-13 2.84e-11  3.96e+01     2s
   8   5.76820536e+06 -1.25355802e+06  1.07e-13 1.93e-12  1.39e+01     2s
   9   4.45947612e+06 -2.19938847e+05  8.97e-14 1.28e-12  9.27e+00     2s
  10   4.05700761e+06  6.26223474e+05  7.28e-14 6.39e-13  6.80e+00     2s
  11   3.95580787e+06  1.70269303e+06  6.48e-14 2.91e-13  4.46e+00     2s
  12   3.62311612e+06  2.20197651e+06  4.35e-14 3.41e-13  2.82e+00     2s
  13   3.36366341e+06  2.62815569e+06  9.74e-14 1.99e-13  1.46e+00     2s
  14   3.21590063e+06  2.81854771e+06  1.58e-13 2.00e-13  7.87e-01     2s
  15   3.12880572e+06  2.89381761e+06  1.67e-13 2.32e-13  4.66e-01     2s
  16   3.09040646e+06  2.91202546e+06  5.69e-13 2.46e-13  3.53e-01     2s
  17   3.05507602e+06  2.93472720e+06  7.78e-13 2.46e-13  2.38e-01     2s
  18   3.03814229e+06  2.94893903e+06  6.81e-13 2.39e-13  1.77e-01     2s
  19   3.02679784e+06  2.95509308e+06  9.50e-13 2.17e-13  1.42e-01     2s
  20   2.99561064e+06  2.96078172e+06  2.36e-12 2.80e-13  6.90e-02     2s
  21   2.98732328e+06  2.96682749e+06  2.20e-12 2.25e-13  4.06e-02     2s
  22   2.98232432e+06  2.96894654e+06  6.04e-12 2.16e-13  2.65e-02     2s
  23   2.98188916e+06  2.97038064e+06  5.67e-12 2.35e-13  2.28e-02     2s
  24   2.97907106e+06  2.97144905e+06  3.20e-12 2.49e-13  1.51e-02     2s
  25   2.97739143e+06  2.97210258e+06  2.30e-12 2.74e-13  1.05e-02     2s
  26   2.97609437e+06  2.97287434e+06  6.35e-12 2.46e-13  6.38e-03     2s
  27   2.97546908e+06  2.97339678e+06  5.02e-12 2.67e-13  4.11e-03     2s
  28   2.97519785e+06  2.97374289e+06  3.05e-12 2.79e-13  2.88e-03     2s
  29   2.97503849e+06  2.97412943e+06  5.92e-12 2.43e-13  1.80e-03     2s
  30   2.97489752e+06  2.97435468e+06  7.21e-12 2.34e-13  1.08e-03     3s
  31   2.97484762e+06  2.97454409e+06  6.19e-12 3.14e-13  6.01e-04     3s
  32   2.97481605e+06  2.97461812e+06  1.11e-11 2.12e-13  3.92e-04     3s
  33   2.97480784e+06  2.97462299e+06  7.21e-12 2.59e-13  3.66e-04     3s
  34   2.97479728e+06  2.97467576e+06  5.89e-12 2.36e-13  2.41e-04     3s
  35   2.97479290e+06  2.97470012e+06  4.54e-12 2.47e-13  1.84e-04     3s
  36   2.97479222e+06  2.97471757e+06  4.40e-12 2.53e-13  1.48e-04     3s
  37   2.97478691e+06  2.97474848e+06  2.76e-11 2.40e-13  7.61e-05     3s
  38   2.97478506e+06  2.97477309e+06  2.44e-11 2.42e-13  2.37e-05     3s
  39   2.97478411e+06  2.97477786e+06  9.22e-11 2.34e-13  1.24e-05     3s
  40   2.97478377e+06  2.97478164e+06  8.61e-11 2.20e-13  4.22e-06     3s
  41   2.97478367e+06  2.97478285e+06  7.75e-11 2.06e-13  1.63e-06     3s
  42   2.97478322e+06  2.97478319e+06  3.42e-09 2.36e-13  7.02e-08     3s
  43   2.97478320e+06  2.97478320e+06  3.07e-09 2.99e-13  1.19e-09     3s

Barrier solved model in 43 iterations and 3.04 seconds (4.30 work units)
Optimal objective 2.97478320e+06

Crossover time: 0.16 seconds (0.13 work units)
Concurrent spin time: 0.39s (can be avoided by choosing Method=3)

Solved with barrier

Root relaxation: objective 2.974783e+06, 7152 iterations, 2.73 seconds (2.86 work units)

    Nodes    |    Current Node    |     Objective Bounds      |     Work
 Expl Unexpl |  Obj  Depth IntInf | Incumbent    BestBd   Gap | It/Node Time

     0     0 2974783.20    0   82 5246710.00 2974783.20  43.3%     -    3s
H    0     0                    3858199.7121 2974783.20  22.9%     -    3s
H    0     0                    3773247.2561 2974783.20  21.2%     -    3s
H    0     0                    3668016.0000 2974783.20  18.9%     -    3s
     0     0 2976312.39    0   93 3668016.00 2976312.39  18.9%     -   31s
H    0     0                    3657118.0000 2976313.60  18.6%     -   31s
H    0     0                    3637102.0000 2976313.60  18.2%     -   31s
H    0     0                    3637100.0000 2976313.60  18.2%     -   31s
     0     0 2977092.86    0   99 3637100.00 2977092.86  18.1%     -   61s
     0     0 2977197.75    0   99 3637100.00 2977197.75  18.1%     -   72s
     0     0 2977208.90    0   98 3637100.00 2977208.90  18.1%     -   75s
     0     0 2977216.86    0  102 3637100.00 2977216.86  18.1%     -   77s
     0     0 2977219.50    0  100 3637100.00 2977219.50  18.1%     -   79s
     0     0 2977220.48    0   99 3637100.00 2977220.48  18.1%     -   80s
     0     0 2977946.74    0  100 3637100.00 2977946.74  18.1%     -  110s
H    0     0                    3553685.0000 2977949.78  16.2%     -  110s
H    0     0                    3544335.0000 2977949.78  16.0%     -  110s
H    0     0                    3523766.0000 2977949.78  15.5%     -  110s
     0     0 2978747.07    0  100 3523766.00 2978747.07  15.5%     -  149s
     0     0 2978999.11    0  107 3523766.00 2978999.11  15.5%     -  169s
     0     0 2979076.23    0  107 3523766.00 2979076.23  15.5%     -  184s
     0     0 2979088.77    0  105 3523766.00 2979088.77  15.5%     -  190s
     0     0 2979102.08    0  108 3523766.00 2979102.08  15.5%     -  194s
     0     0 2979102.81    0  108 3523766.00 2979102.81  15.5%     -  196s
     0     0 2979507.27    0  107 3523766.00 2979507.27  15.4%     -  235s
     0     0 2979767.26    0  107 3523766.00 2979767.26  15.4%     -  262s
     0     0 2979910.56    0  109 3523766.00 2979910.56  15.4%     -  284s
     0     0 2979992.84    0  110 3523766.00 2979992.84  15.4%     -  298s
     0     0 2980018.01    0  108 3523766.00 2980018.01  15.4%     -  310s
     0     0 2980028.62    0  109 3523766.00 2980028.62  15.4%     -  316s
     0     0 2980031.53    0  109 3523766.00 2980031.53  15.4%     -  318s
     0     0 2980295.26    0  113 3523766.00 2980295.26  15.4%     -  355s
H    0     0                    3461963.0000 2980295.34  13.9%     -  356s
H    0     0                    3365612.0000 2980295.34  11.4%     -  356s
H    0     0                    3364974.0000 2980295.34  11.4%     -  356s
H    0     0                    3358361.0000 2980295.34  11.3%     -  356s
H    0     0                    3356160.0000 2980295.34  11.2%     -  356s
H    0     0                    3355988.0000 2980295.34  11.2%     -  356s
     0     0 2980430.85    0  115 3355988.00 2980430.85  11.2%     -  385s
     0     0 2980481.37    0  116 3355988.00 2980481.37  11.2%     -  399s
     0     0 2980506.37    0  116 3355988.00 2980506.37  11.2%     -  410s
     0     0 2980521.17    0  116 3355988.00 2980521.17  11.2%     -  418s
     0     0 2980527.08    0  115 3355988.00 2980527.08  11.2%     -  422s
     0     0 2980882.46    0   86 3355988.00 2980882.46  11.2%     -  506s
H    0     0                    3323510.0000 2980882.64  10.3%     -  507s
H    0     0                    3314838.0000 2980882.64  10.1%     -  507s
H    0     0                    3310937.0000 2980882.64  10.0%     -  507s
H    0     0                    3306079.0000 2980882.64  9.84%     -  507s
H    0     0                    3303235.0000 2980882.64  9.76%     -  507s
H    0     0                    3302822.0000 2980882.64  9.75%     -  507s
H    0     0                    3301388.0000 2980882.64  9.71%     -  507s
     0     0 2980907.50    0   95 3301388.00 2980907.50  9.71%     -  519s
     0     0 2980914.68    0   95 3301388.00 2980914.68  9.71%     -  525s
     0     0 2980944.80    0   98 3301388.00 2980944.80  9.71%     -  537s
     0     0 2980945.01    0   98 3301388.00 2980945.01  9.71%     -  537s
H    0     0                    3296496.0000 2980945.01  9.57%     -  541s
H    0     0                    3288168.0000 2980945.01  9.34%     -  546s
H    0     0                    3281805.0000 2980945.01  9.17%     -  549s
H    0     0                    3096616.4200 2980945.01  3.74%     -  598s
     0     2 2980945.01    0   98 3096616.42 2980945.01  3.74%     -  637s
     1     3 2982607.60    1   91 3096616.42 2980945.10  3.74% 52176  703s
     2     4 2981591.29    1  104 3096616.42 2981591.29  3.71% 56085  792s
     3     5 2985744.99    2   98 3096616.42 2981591.62  3.71% 58123  875s
     4     6 2983398.36    2   88 3096616.42 2981591.62  3.71% 50825  934s
     5     8 2982119.27    2   96 3096616.42 2981591.62  3.71% 43574 1010s
     7    14 2982265.63    3   93 3096616.42 2981591.62  3.71% 38883 1099s
    13    21 2984457.75    3   92 3096616.42 2982126.00  3.70% 29748 1351s
    20    41 2987727.73    4   81 3096616.42 2982266.33  3.69% 46733 1692s
    40    64 2985443.82    5   79 3096616.42 2983365.18  3.66% 71236 2254s
H   42    64                    3079001.2513 2983365.18  3.11% 68186 2254s
H   46    64                    3010077.0000 2983365.18  0.89% 64479 2254s
    63    94 2986797.45    6   73 3010077.00 2983617.61  0.88% 54085 2856s
    93   147 2990096.14    7   69 3010077.00 2983617.61  0.88% 48485 3335s
   146   178 2990438.86    9   67 3010077.00 2983617.61  0.88% 36990 3599s

Cutting planes:
  Implied bound: 14202
  MIR: 382
  Flow cover: 505
  Relax-and-lift: 264

Explored 177 nodes (6009841 simplex iterations) in 3599.94 seconds (4538.35 work units)
Thread count was 32 (of 32 available processors)

Solution count 10: 3.01008e+06 3.079e+06 3.09662e+06 ... 3.30608e+06

Time limit reached
Best objective 3.010077000000e+06, best bound 2.983617606868e+06, gap 0.8790%
