
Gurobi 13.0.2 (win64) logging started Tue Jul 14 15:18:05 2026

Set parameter LogFile to value "logs/PSC4-C4-50-10_m0_exact_s0_20260714-151805.gurobi.log"
Set parameter Seed to value 0
Set parameter TimeLimit to value 3599.7215668
Set parameter NodefileStart to value 4
Set parameter MIPGap to value 0
Set parameter MIPGapAbs to value 0.9999
Set parameter Cutoff to value 1e+100
Gurobi Optimizer version 13.0.2 build v13.0.2rc1 (win64 - Windows 11+.0 (26200.2))

CPU model: Intel(R) Core(TM) i9-14900HX, instruction set [SSE2|AVX|AVX2]
Thread count: 24 physical cores, 32 logical processors, using up to 32 threads

Non-default parameters:
TimeLimit  3599.7215668
MIPGap  0
MIPGapAbs  0.9999
NodefileStart  4

Optimize a model with 4500 rows, 250150 columns and 701500 nonzeros (Min)
Model fingerprint: 0x98c8a93a
Model has 250150 linear objective coefficients
Variable types: 250000 continuous, 150 integer (150 binary)
Coefficient statistics:
  Matrix range     [1e+00, 6e+02]
  Objective range  [5e+01, 3e+04]
  Bounds range     [1e+00, 1e+00]
  RHS range        [1e+01, 2e+01]

Using branch priorities.
Found heuristic solution: objective 6769547.0000
Presolve time: 0.68s
Presolved: 4500 rows, 250150 columns, 701500 nonzeros
Variable types: 250000 continuous, 150 integer (150 binary)
Deterministic concurrent LP optimizer: primal simplex, dual simplex, and barrier
Showing barrier log only...

Root barrier log...

Ordering time: 0.11s

Barrier statistics:
 AA' NZ     : 4.578e+05
 Factor NZ  : 1.665e+06 (roughly 120 MB of memory)
 Factor Ops : 8.582e+08 (less than 1 second per iteration)
 Threads    : 22

                  Objective                Residual
Iter       Primal          Dual         Primal    Dual     Compl     Time
   0   2.20143584e+10 -2.52291429e+09  2.80e+04 0.00e+00  1.99e+05     1s
   1   1.58541624e+10 -1.93406082e+09  2.01e+04 3.64e-12  1.45e+05     1s
   2   1.33720100e+09 -1.14584486e+09  1.66e+03 2.02e-10  1.36e+04     1s
   3   4.60156303e+07 -5.08910980e+08  1.73e+01 2.84e-10  1.18e+03     1s
   4   3.05214822e+07 -2.03026121e+08  9.94e-03 9.28e-11  4.63e+02     1s
   5   2.53572101e+07 -1.38631158e+08  4.78e-03 6.55e-11  3.25e+02     1s
   6   1.28809797e+07 -3.08445161e+07  3.00e-04 1.24e-11  8.66e+01     1s
   7   8.44667867e+06 -3.34008041e+06  1.48e-04 1.59e-12  2.33e+01     1s
   8   5.70320426e+06  7.35349658e+04  7.58e-05 7.96e-13  1.12e+01     1s
   9   5.31661676e+06  8.32985334e+05  4.80e-05 3.98e-13  8.88e+00     1s
  10   4.53804212e+06  2.15937336e+06  2.58e-05 3.16e-13  4.71e+00     2s
  11   4.36448576e+06  2.51394347e+06  2.11e-05 2.45e-13  3.67e+00     2s
  12   3.91320065e+06  2.90940127e+06  9.86e-06 2.65e-13  1.99e+00     2s
  13   3.69424652e+06  3.08494088e+06  5.53e-06 2.66e-13  1.21e+00     2s
  14   3.50930952e+06  3.20592373e+06  2.51e-06 2.29e-13  6.01e-01     2s
  15   3.42340960e+06  3.25657437e+06  1.26e-06 2.29e-13  3.30e-01     2s
  16   3.38266557e+06  3.29054478e+06  7.06e-07 2.23e-13  1.82e-01     2s
  17   3.35329250e+06  3.30495435e+06  3.26e-07 2.66e-13  9.58e-02     2s
  18   3.34056219e+06  3.31685622e+06  1.67e-07 2.28e-13  4.70e-02     2s
  19   3.33584697e+06  3.32055935e+06  1.09e-07 2.99e-13  3.03e-02     2s
  20   3.33122878e+06  3.32343023e+06  5.39e-08 2.52e-13  1.54e-02     2s
  21   3.32945793e+06  3.32442482e+06  3.40e-08 2.41e-13  9.97e-03     2s
  22   3.32755556e+06  3.32538891e+06  1.20e-08 2.24e-13  4.29e-03     2s
  23   3.32701760e+06  3.32591121e+06  6.12e-09 2.85e-13  2.19e-03     2s
  24   3.32669099e+06  3.32620819e+06  2.64e-09 2.32e-13  9.56e-04     2s
  25   3.32653895e+06  3.32629863e+06  1.02e-09 2.22e-13  4.76e-04     2s
  26   3.32647570e+06  3.32636751e+06  4.21e-10 2.68e-13  2.14e-04     2s
  27   3.32645063e+06  3.32638736e+06  1.85e-10 2.44e-13  1.25e-04     2s
  28   3.32644222e+06  3.32641243e+06  1.09e-10 2.43e-13  5.90e-05     2s
  29   3.32643953e+06  3.32642153e+06  8.83e-11 2.21e-13  3.57e-05     2s
  30   3.32643045e+06  3.32642674e+06  1.21e-10 3.18e-13  7.34e-06     2s
  31   3.32642867e+06  3.32642800e+06  4.51e-10 2.15e-13  1.33e-06     2s
  32   3.32642857e+06  3.32642850e+06  2.02e-10 2.65e-13  1.25e-07     2s
  33   3.32642853e+06  3.32642852e+06  3.17e-09 2.37e-13  1.23e-08     2s
  34   3.32642852e+06  3.32642852e+06  1.21e-08 2.76e-13  1.26e-11     2s

Barrier solved model in 34 iterations and 2.41 seconds (3.81 work units)
Optimal objective 3.32642852e+06

Crossover time: 0.07 seconds (0.12 work units)
Concurrent spin time: 0.14s

Solved with barrier

Root relaxation: objective 3.326429e+06, 1941 iterations, 1.89 seconds (2.36 work units)

    Nodes    |    Current Node    |     Objective Bounds      |     Work
 Expl Unexpl |  Obj  Depth IntInf | Incumbent    BestBd   Gap | It/Node Time

     0     0 3326428.52    0  143 6769547.00 3326428.52  50.9%     -    2s
H    0     0                    5195589.6645 3326428.52  36.0%     -    2s
H    0     0                    5091156.2930 3326428.52  34.7%     -    2s
H    0     0                    4955297.0000 3326428.52  32.9%     -    2s
     0     0 3337828.18    0  146 4955297.00 3337828.18  32.6%     -   34s
H    0     0                    4934014.0000 3337832.09  32.4%     -   34s
H    0     0                    4933957.0000 3337832.09  32.3%     -   34s
     0     0 3342284.79    0  148 4933957.00 3342284.79  32.3%     -   78s
     0     0 3343827.82    0  150 4933957.00 3343827.82  32.2%     -  110s
     0     0 3344277.63    0  149 4933957.00 3344277.63  32.2%     -  131s
     0     0 3344410.63    0  149 4933957.00 3344410.63  32.2%     -  142s
     0     0 3344471.23    0  150 4933957.00 3344471.23  32.2%     -  150s
     0     0 3344496.47    0  147 4933957.00 3344496.47  32.2%     -  154s
     0     0 3344517.46    0  148 4933957.00 3344517.46  32.2%     -  158s
     0     0 3344528.52    0  149 4933957.00 3344528.52  32.2%     -  160s
     0     0 3344528.98    0  149 4933957.00 3344528.98  32.2%     -  161s
     0     0 3348569.10    0  148 4933957.00 3348569.10  32.1%     -  218s
H    0     0                    4821147.4830 3348571.46  30.5%     -  218s
H    0     0                    4821090.0544 3348571.46  30.5%     -  218s
H    0     0                    4656755.0000 3348571.46  28.1%     -  218s
H    0     0                    4587526.0000 3348571.46  27.0%     -  221s
     0     0 3352576.70    0  149 4587526.00 3352576.70  26.9%     -  278s
     0     0 3355062.23    0  149 4587526.00 3355062.23  26.9%     -  341s
     0     0 3356050.13    0  149 4587526.00 3356050.13  26.8%     -  388s
     0     0 3356469.11    0  149 4587526.00 3356469.11  26.8%     -  419s
     0     0 3356632.31    0  149 4587526.00 3356632.31  26.8%     -  441s
     0     0 3356803.42    0  149 4587526.00 3356803.42  26.8%     -  459s
     0     0 3356840.94    0  149 4587526.00 3356840.94  26.8%     -  469s
     0     0 3356859.78    0  149 4587526.00 3356859.78  26.8%     -  476s
     0     0 3356874.70    0  149 4587526.00 3356874.70  26.8%     -  481s
     0     0 3359320.80    0  148 4587526.00 3359320.80  26.8%     -  577s
H    0     0                    4387956.0000 3359321.31  23.4%     -  579s
H    0     0                    4355738.0000 3359321.31  22.9%     -  579s
H    0     0                    4284287.0000 3359321.31  21.6%     -  580s
H    0     0                    4278198.0000 3359321.31  21.5%     -  582s
H    0     0                    4272566.0000 3359321.31  21.4%     -  583s
     0     0 3361381.23    0  149 4272566.00 3361381.23  21.3%     -  656s
     0     0 3362615.72    0  149 4272566.00 3362615.72  21.3%     -  718s
     0     0 3363491.58    0  150 4272566.00 3363491.58  21.3%     -  773s
     0     0 3363915.53    0  149 4272566.00 3363915.53  21.3%     -  812s
     0     0 3364160.53    0  149 4272566.00 3364160.53  21.3%     -  839s
     0     0 3364280.40    0  150 4272566.00 3364280.40  21.3%     -  860s
     0     0 3364385.83    0  150 4272566.00 3364385.83  21.3%     -  883s
     0     0 3364435.84    0  150 4272566.00 3364435.84  21.3%     -  897s
     0     0 3364479.18    0  150 4272566.00 3364479.18  21.3%     -  907s
     0     0 3364496.59    0  150 4272566.00 3364496.59  21.3%     -  914s
     0     0 3366030.75    0  147 4272566.00 3366030.75  21.2%     -  999s
H    0     0                    4181051.0000 3366031.74  19.5%     - 1012s
H    0     0                    4152268.0000 3366031.74  18.9%     - 1012s
H    0     0                    4139159.0000 3366031.74  18.7%     - 1022s
H    0     0                    4130055.0000 3366031.74  18.5%     - 1030s
H    0     0                    4124723.0000 3366031.74  18.4%     - 1042s
H    0     0                    4121296.0000 3366031.74  18.3%     - 1051s
H    0     0                    4109608.0000 3366031.74  18.1%     - 1054s
     0     0 3367266.00    0  150 4109608.00 3367266.00  18.1%     - 1134s
     0     0 3368024.02    0  149 4109608.00 3368024.02  18.0%     - 1193s
     0     0 3368366.27    0  150 4109608.00 3368366.27  18.0%     - 1237s
     0     0 3368510.26    0  149 4109608.00 3368510.26  18.0%     - 1268s
     0     0 3368585.01    0  149 4109608.00 3368585.01  18.0%     - 1287s
     0     0 3368694.55    0  149 4109608.00 3368694.55  18.0%     - 1313s
     0     0 3368740.17    0  150 4109608.00 3368740.17  18.0%     - 1324s
     0     0 3371622.53    0  141 4109608.00 3371622.53  18.0%     - 1638s
     0     0 3371903.94    0  145 4109608.00 3371903.94  18.0%     - 1666s
     0     0 3371997.00    0  144 4109608.00 3371997.00  17.9%     - 1683s
     0     0 3372295.78    0  143 4109608.00 3372295.78  17.9%     - 1718s
     0     0 3372295.80    0  143 4109608.00 3372295.80  17.9%     - 1718s
     0     2 3372295.85    0  143 4109608.00 3372295.85  17.9%     - 1941s
     1     3 3377788.70    1  138 4109608.00 3372295.85  17.9% 53587 2045s
     2     4 3373223.22    1  144 4109608.00 3373223.22  17.9% 46611 2139s
     3     5 3379592.29    2  139 4109608.00 3373223.41  17.9% 44581 2237s
     4     6 3385653.74    2  137 4109608.00 3373223.41  17.9% 47884 2365s
     5     7 3388705.07    3  136 4109608.00 3373223.41  17.9% 49639 2515s
     6    11 3374651.55    2  144 4109608.00 3373226.70  17.9% 43060 2656s
    10    15 3402929.60    4  126 4109608.00 3373226.70  17.9% 44297 2959s
    14    25 3407194.37    5  129 4109608.00 3374651.72  17.9% 54754 3561s

Cutting planes:
  Implied bound: 15866
  MIR: 515
  Flow cover: 1408
  Relax-and-lift: 319

Explored 24 nodes (2196741 simplex iterations) in 3599.96 seconds (6975.36 work units)
Thread count was 32 (of 32 available processors)

Solution count 10: 4.10961e+06 4.1213e+06 4.12472e+06 ... 4.28429e+06

Time limit reached
Best objective 4.109608000000e+06, best bound 3.374651721231e+06, gap 17.8839%
