
Gurobi 13.0.2 (win64) logging started Tue Jul 14 04:42:45 2026

Set parameter LogFile to value "logs/PSC4-C1-50-10_m0_exact_s0_20260714-044245.gurobi.log"
Set parameter Seed to value 0
Set parameter TimeLimit to value 3599.7105003
Set parameter NodefileStart to value 4
Set parameter MIPGap to value 0
Set parameter MIPGapAbs to value 0.9999
Set parameter Cutoff to value 1e+100
Gurobi Optimizer version 13.0.2 build v13.0.2rc1 (win64 - Windows 11+.0 (26200.2))

CPU model: Intel(R) Core(TM) i9-14900HX, instruction set [SSE2|AVX|AVX2]
Thread count: 24 physical cores, 32 logical processors, using up to 32 threads

Non-default parameters:
TimeLimit  3599.7105003
MIPGap  0
MIPGapAbs  0.9999
NodefileStart  4

Optimize a model with 4500 rows, 250150 columns and 701500 nonzeros (Min)
Model fingerprint: 0x5652457e
Model has 250150 linear objective coefficients
Variable types: 250000 continuous, 150 integer (150 binary)
Coefficient statistics:
  Matrix range     [1e+00, 3e+02]
  Objective range  [4e+01, 3e+04]
  Bounds range     [1e+00, 1e+00]
  RHS range        [1e+01, 2e+01]

Using branch priorities.
Found heuristic solution: objective 5260292.0000
Presolve time: 0.73s
Presolved: 4500 rows, 250150 columns, 701500 nonzeros
Variable types: 250000 continuous, 150 integer (150 binary)
Deterministic concurrent LP optimizer: primal simplex, dual simplex, and barrier
Showing barrier log only...

Root barrier log...

Ordering time: 0.14s

Barrier statistics:
 AA' NZ     : 4.578e+05
 Factor NZ  : 1.665e+06 (roughly 120 MB of memory)
 Factor Ops : 8.582e+08 (less than 1 second per iteration)
 Threads    : 22

                  Objective                Residual
Iter       Primal          Dual         Primal    Dual     Compl     Time
   0   9.86919760e+09 -3.19302779e+09  1.73e+04 0.00e+00  2.21e+05     1s
   1   7.36416642e+09 -2.63985400e+09  1.29e+04 7.28e-12  1.69e+05     1s
   2   1.25579292e+08 -1.85123639e+09  2.01e+02 1.68e-08  6.11e+03     1s
   3   2.58670217e+07 -3.44333246e+08  2.34e+01 1.18e-09  8.82e+02     1s
   4   1.24697884e+07 -8.54390728e+07  1.17e-02 1.91e-10  1.94e+02     1s
   5   1.20888459e+07 -4.55664852e+07  4.13e-04 1.11e-10  1.14e+02     2s
   6   1.08637063e+07 -3.23448408e+07  2.83e-07 8.34e-11  8.56e+01     2s
   7   9.53706072e+06 -2.86295438e+07  2.07e-07 7.17e-11  7.56e+01     2s
   8   7.33471079e+06 -1.87584075e+07  1.15e-07 4.41e-11  5.17e+01     2s
   9   6.57258713e+06 -1.05147337e+07  1.00e-07 2.41e-11  3.38e+01     2s
  10   4.11247214e+06 -2.69046849e+03  4.52e-08 3.87e-12  8.15e+00     2s
  11   4.16311250e+06  1.19829468e+06  3.31e-08 2.39e-12  5.87e+00     2s
  12   3.80264502e+06  1.74365542e+06  1.64e-08 1.71e-12  4.08e+00     2s
  13   3.67864902e+06  2.31809846e+06  1.07e-08 1.18e-12  2.70e+00     2s
  14   3.55223701e+06  2.58945090e+06  5.76e-09 6.68e-13  1.91e+00     2s
  15   3.49365419e+06  2.83803491e+06  3.85e-09 4.44e-13  1.30e+00     2s
  16   3.43461759e+06  3.00332644e+06  2.12e-09 3.91e-13  8.54e-01     2s
  17   3.37812872e+06  3.12971726e+06  1.00e-09 2.60e-13  4.92e-01     2s
  18   3.35802090e+06  3.18335960e+06  7.12e-10 2.48e-13  3.46e-01     2s
  19   3.32700584e+06  3.20945063e+06  3.90e-10 2.75e-13  2.33e-01     2s
  20   3.31197352e+06  3.22470793e+06  2.73e-10 3.04e-13  1.73e-01     2s
  21   3.29893012e+06  3.23574182e+06  1.86e-10 2.67e-13  1.25e-01     2s
  22   3.29009463e+06  3.24214991e+06  1.28e-10 2.89e-13  9.50e-02     2s
  23   3.27927770e+06  3.25391426e+06  5.96e-11 3.14e-13  5.02e-02     2s
  24   3.27522811e+06  3.25890251e+06  3.65e-11 3.09e-13  3.23e-02     2s
  25   3.27364053e+06  3.26166697e+06  2.72e-11 3.17e-13  2.37e-02     2s
  26   3.27270151e+06  3.26393038e+06  2.22e-11 3.45e-13  1.74e-02     2s
  27   3.27076286e+06  3.26552685e+06  1.20e-11 3.19e-13  1.04e-02     2s
  28   3.27008255e+06  3.26654828e+06  8.69e-12 2.95e-13  7.00e-03     2s
  29   3.26971067e+06  3.26714195e+06  9.50e-12 2.75e-13  5.09e-03     2s
  30   3.26944897e+06  3.26726105e+06  7.88e-12 3.33e-13  4.33e-03     2s
  31   3.26925023e+06  3.26775976e+06  7.05e-12 3.31e-13  2.95e-03     3s
  32   3.26870282e+06  3.26803796e+06  1.73e-11 2.70e-13  1.32e-03     3s
  33   3.26846721e+06  3.26824983e+06  3.29e-11 3.25e-13  4.31e-04     3s
  34   3.26840054e+06  3.26835846e+06  3.91e-11 2.49e-13  8.34e-05     3s
  35   3.26839394e+06  3.26837859e+06  4.94e-11 2.70e-13  3.04e-05     3s
  36   3.26839351e+06  3.26839164e+06  2.82e-11 2.70e-13  3.71e-06     3s
  37   3.26839272e+06  3.26839266e+06  5.48e-10 2.95e-13  1.20e-07     3s
  38   3.26839270e+06  3.26839270e+06  3.32e-10 3.41e-13  1.82e-11     3s

Barrier solved model in 38 iterations and 2.82 seconds (4.04 work units)
Optimal objective 3.26839270e+06

Crossover time: 0.11 seconds (0.10 work units)
Concurrent spin time: 0.25s (can be avoided by choosing Method=3)

Solved with barrier

Root relaxation: objective 3.268393e+06, 7094 iterations, 2.37 seconds (2.57 work units)

    Nodes    |    Current Node    |     Objective Bounds      |     Work
 Expl Unexpl |  Obj  Depth IntInf | Incumbent    BestBd   Gap | It/Node Time

     0     0 3268392.70    0   41 5260292.00 3268392.70  37.9%     -    3s
H    0     0                    3571113.4300 3268392.70  8.48%     -    3s
H    0     0                    3569280.9752 3268392.70  8.43%     -    3s
H    0     0                    3535865.0000 3268392.70  7.56%     -    3s
     0     0 3269282.68    0   45 3535865.00 3269282.68  7.54%     -   10s
H    0     0                    3517287.0000 3269283.29  7.05%     -   10s
     0     0 3269337.29    0   47 3517287.00 3269337.29  7.05%     -   13s
     0     0 3269337.29    0   47 3517287.00 3269337.29  7.05%     -   13s
     0     0 3269504.27    0   49 3517287.00 3269504.27  7.04%     -   18s
H    0     0                    3495823.0000 3269507.07  6.47%     -   18s
H    0     0                    3469853.1890 3269507.07  5.77%     -   18s
H    0     0                    3457777.0000 3269507.07  5.44%     -   18s
     0     0 3269630.41    0   48 3457777.00 3269630.41  5.44%     -   24s
     0     0 3269658.16    0   49 3457777.00 3269658.16  5.44%     -   25s
     0     0 3269667.61    0   51 3457777.00 3269667.61  5.44%     -   26s
     0     0 3269668.73    0   51 3457777.00 3269668.73  5.44%     -   27s
     0     0 3269670.32    0   51 3457777.00 3269670.32  5.44%     -   27s
     0     0 3269670.32    0   51 3457777.00 3269670.32  5.44%     -   27s
     0     0 3269805.69    0   45 3457777.00 3269805.69  5.44%     -   33s
H    0     0                    3436972.6103 3269807.22  4.86%     -   33s
H    0     0                    3429645.7353 3269807.22  4.66%     -   33s
H    0     0                    3410961.0000 3269807.22  4.14%     -   34s
     0     0 3269812.34    0   45 3410961.00 3269812.34  4.14%     -   36s
     0     0 3269822.28    0   43 3410961.00 3269822.28  4.14%     -   37s
     0     0 3269824.40    0   42 3410961.00 3269824.40  4.14%     -   38s
     0     0 3269824.95    0   43 3410961.00 3269824.95  4.14%     -   38s
     0     0 3269949.96    0   46 3410961.00 3269949.96  4.13%     -   44s
H    0     0                    3404435.0000 3269950.42  3.95%     -   44s
     0     0 3269953.54    0   48 3404435.00 3269953.54  3.95%     -   46s
     0     0 3269960.81    0   47 3404435.00 3269960.81  3.95%     -   46s
     0     0 3269965.66    0   44 3404435.00 3269965.66  3.95%     -   47s
     0     0 3269965.92    0   47 3404435.00 3269965.92  3.95%     -   47s
     0     0 3270000.66    0   39 3404435.00 3270000.66  3.95%     -   52s
H    0     0                    3403021.0000 3270002.24  3.91%     -   52s
H    0     0                    3394918.0000 3270002.24  3.68%     -   52s
     0     0 3270023.92    0   37 3394918.00 3270023.92  3.68%     -   55s
     0     0 3270028.30    0   39 3394918.00 3270028.30  3.68%     -   55s
     0     0 3270030.95    0   39 3394918.00 3270030.95  3.68%     -   56s
     0     0 3270031.22    0   39 3394918.00 3270031.22  3.68%     -   57s
     0     0 3270104.15    0   44 3394918.00 3270104.15  3.68%     -   59s
     0     0 3270111.74    0   44 3394918.00 3270111.74  3.68%     -   60s
     0     0 3270114.08    0   43 3394918.00 3270114.08  3.68%     -   61s
     0     0 3270117.91    0   41 3394918.00 3270117.91  3.68%     -   61s
     0     0 3270119.76    0   44 3394918.00 3270119.76  3.68%     -   62s
     0     0 3270119.81    0   45 3394918.00 3270119.81  3.68%     -   62s
     0     0 3270124.48    0   43 3394918.00 3270124.48  3.68%     -   64s
H    0     0                    3394016.0000 3270124.90  3.65%     -   64s
H    0     0                    3392972.0000 3270124.90  3.62%     -   64s
H    0     0                    3390857.0000 3270124.90  3.56%     -   64s
     0     0 3270137.71    0   43 3390857.00 3270137.71  3.56%     -   66s
     0     0 3270138.00    0   43 3390857.00 3270138.00  3.56%     -   67s
     0     0 3270156.67    0   40 3390857.00 3270156.67  3.56%     -   68s
     0     0 3270158.72    0   40 3390857.00 3270158.72  3.56%     -   69s
H    0     0                    3382641.0000 3270158.72  3.33%     -   69s
H    0     0                    3360465.0000 3270158.72  2.69%     -   69s
H    0     0                    3358564.0000 3270158.72  2.63%     -   69s
     0     2 3270158.98    0   40 3358564.00 3270158.98  2.63%     -   86s
     1     3 3270740.49    1   33 3358564.00 3270158.98  2.63%  4481   92s
     2     4 3270565.56    1   35 3358564.00 3270565.56  2.62%  3610   98s
     3     7 3270804.93    2   33 3358564.00 3270598.53  2.62%  3658  105s
     6    14 3271193.37    3   34 3358564.00 3270598.53  2.62%  2706  116s
    13    23 3271414.28    4   35 3358564.00 3271199.37  2.60%  3653  149s
    22    46 3271655.20    5   33 3358564.00 3271417.87  2.59%  6307  169s
    45    70 3273170.59    6   31 3358564.00 3271655.27  2.59% 18139  197s
    69   122 3273834.30    7   36 3358564.00 3271711.35  2.59% 13347  238s
   121   160 3273842.63    9   33 3358564.00 3271711.92  2.59% 14484  277s
   159   248 3275092.70   10   27 3358564.00 3271711.92  2.59% 11851  311s
   247   318 3275168.01   11   31 3358564.00 3271711.92  2.59% 12023  337s
H  263   318                    3346920.7279 3271711.92  2.25% 11867  337s
   317   382 3275608.77   13   25 3346920.73 3271711.92  2.25% 11836  360s
H  376   382                    3340853.2152 3271711.92  2.07% 11671  360s
   381   444 3276273.64   15   22 3340853.22 3271711.92  2.07% 11692  382s
H  438   444                    3340803.2746 3271711.92  2.07% 11691  382s
H  439   444                    3331313.3275 3271711.92  1.79% 11682  382s
   443   506 3276838.07   16   18 3331313.33 3271711.92  1.79% 11680  400s
   505   570 3277092.12   17   16 3331313.33 3271711.92  1.79% 11359  418s
   569   635 3278254.83   18   27 3331313.33 3271711.92  1.79% 11078  434s
H  630   635                    3305483.4313 3271711.92  1.02% 10788  434s
   634   701 3278588.38   19   22 3305483.43 3271711.92  1.02% 10779  449s
   702   778 3279050.57   21   28 3305483.43 3271711.92  1.02% 10442  465s
H  774   778                    3305170.5683 3271711.92  1.01% 10053  465s
H  775   778                    3296660.3918 3271711.92  0.76% 10049  465s
   780   821 3279663.17   23   18 3296660.39 3271711.92  0.76% 10041  483s
H  855   821                    3296483.4523 3271871.37  0.75%  9730  483s
H  856   821                    3296353.6989 3271871.37  0.74%  9720  483s
H  857   821                    3296321.5658 3271871.37  0.74%  9710  483s
*  859   821              48    3294436.0000 3271871.37  0.68%  9693  483s
   864   853 3280501.74   25   21 3294436.00 3271871.37  0.68%  9696  505s
   933   900 3281320.42   27   19 3294436.00 3271892.88  0.68%  9623  527s
   997   952 3282632.46   30   18 3294436.00 3271892.88  0.68%  9634  548s
  1055  1004 3285524.04   31   23 3294436.00 3272079.72  0.68%  9642  570s
  1120  1060 3286096.94   32   18 3294436.00 3272455.79  0.67%  9628  590s
  1181  1106 3286460.52   33   17 3294436.00 3272455.79  0.67%  9623  609s
H 1182  1106                    3287242.0000 3272455.79  0.45%  9615  609s
H 1189  1106                    3280470.0000 3272455.79  0.24%  9622  609s
H 1214  1106                    3280437.0000 3272475.76  0.24%  9619  609s
  1235  1103     cutoff   34      3280437.00 3272475.76  0.24%  9597  633s
  1312  1135 3275115.52    6   29 3280437.00 3272475.76  0.24%  9574  656s
  1369  1191 3276529.15    8   28 3280437.00 3272475.76  0.24%  9649  682s
  1441  1245 3279072.68   10   25 3280437.00 3272475.76  0.24%  9708  708s
  1532  1285 3279856.63   13   20 3280437.00 3272475.76  0.24%  9662  737s
  1634  1292     cutoff   14      3280437.00 3273064.35  0.22%  9638  770s
  1718  1299     cutoff   16      3280437.00 3273064.35  0.22%  9695  803s
  1785  1318 3277180.94   14   18 3280437.00 3273064.35  0.22%  9848  835s
  1849  1317 3277753.62   16   23 3280437.00 3273064.35  0.22%  9991  868s
  1931  1322 3280417.01   17   22 3280437.00 3273064.35  0.22% 10087  903s
  2014  1314     cutoff   19      3280437.00 3273064.35  0.22% 10170  940s
  2104  1319 3279455.59   12   24 3280437.00 3273064.35  0.22% 10283  977s
  2197  1298     cutoff   15      3280437.00 3273064.35  0.22% 10360 1017s
  2293  1282     cutoff   14      3280437.00 3273390.62  0.21% 10429 1053s
  2355  1310 3274795.71    9   27 3280437.00 3273505.77  0.21% 10551 1093s
H 2386  1310                    3280020.0000 3273505.77  0.20% 10556 1093s
  2446  1311 3276572.82   14   22 3280020.00 3273505.77  0.20% 10610 1140s
  2555  1320 3277822.34   24   24 3280020.00 3273627.78  0.19% 10693 1188s
  2677  1309     cutoff   28      3280020.00 3273716.07  0.19% 10696 1234s
  2780  1303 3276711.48    8   28 3280020.00 3273716.07  0.19% 10788 1284s
  2898  1298     cutoff   12      3280020.00 3273947.94  0.19% 10852 1333s
  3021  1316 3279479.83   10   32 3280020.00 3273966.43  0.18% 10904 1389s
  3125  1355 3278252.66    8   25 3280020.00 3273966.43  0.18% 11022 1443s
  3257  1395 3279825.67    9   28 3280020.00 3274213.31  0.18% 11049 1498s
Created node file directory './grbnodes0'
  3384  1432 3278333.72   11   28 3280020.00 3274297.04  0.17% 11113 1555s
  3524  1445     cutoff   14      3280020.00 3274322.50  0.17% 11158 1611s
  3634  1481 3279791.03   12   31 3280020.00 3274455.44  0.17% 11207 1676s
H 3664  1481                    3279980.0000 3274512.85  0.17% 11213 1676s
  3772  1536 3276028.44   10   26 3279980.00 3274546.32  0.17% 11290 1740s
  3951  1612     cutoff   16      3279980.00 3274611.24  0.16% 11267 1807s
  4145  1645 3277367.74    9   28 3279980.00 3274820.86  0.16% 11220 1878s
  4328  1690     cutoff   13      3279980.00 3274862.65  0.16% 11232 1953s
  4503  1738 3278974.73   11   28 3279980.00 3274872.51  0.16% 11284 2032s
  4693  1771     cutoff   25      3279980.00 3275046.34  0.15% 11311 2105s
  4856  1837 3277834.80   14   26 3279980.00 3275107.22  0.15% 11346 2188s
  5060  1880 3279771.47   26   21 3279980.00 3275181.15  0.15% 11373 2275s
  5271  1936     cutoff   18      3279980.00 3275205.59  0.15% 11397 2364s
  5481  1951 3279738.61   12   24 3279980.00 3275332.29  0.14% 11428 2415s
H 5514  1796                    3279183.0000 3275333.77  0.12% 11463 2531s
  5515  1777 3276478.47   10   40 3279183.00 3275333.77  0.12% 11461 2594s
  5517  1778 3278066.26   12   41 3279183.00 3275333.77  0.12% 11457 2598s
  5518  1779 3278310.34   11   43 3279183.00 3275333.77  0.12% 11455 2612s
  5519  1780 3277278.74   13   51 3279183.00 3275333.77  0.12% 11453 2623s
  5520  1780 3277086.02    9   47 3279183.00 3275333.77  0.12% 11451 2634s
  5521  1781 3277386.16   14   50 3279183.00 3275333.77  0.12% 11449 2638s
  5522  1782 3277539.62   14   44 3279183.00 3275333.77  0.12% 11446 2640s
  5523  1782 3276195.94   11   46 3279183.00 3275333.77  0.12% 11444 2650s
  5524  1783 3276830.32   11   39 3279183.00 3275333.77  0.12% 11442 2656s
  5526  1784 3276986.34   10   41 3279183.00 3275333.77  0.12% 11438 2666s
  5528  1786 3276527.24   12   37 3279183.00 3275333.77  0.12% 11434 2677s
  5529  1786 3275518.07   11   37 3279183.00 3275333.77  0.12% 11432 2680s
  5530  1787 3277035.15    8   37 3279183.00 3275333.77  0.12% 11430 2685s
  5532  1788 3277700.13   16   37 3279183.00 3275333.77  0.12% 11426 2701s
  5533  1792 3275333.77   10   37 3279183.00 3275333.77  0.12% 11434 2711s
  5535  1794 3275333.77   11   34 3279183.00 3275333.77  0.12% 11432 2723s
  5538  1799 3275333.77   12   31 3279183.00 3275333.77  0.12% 11428 2739s
  5544  1809 3275333.77   13   38 3279183.00 3275333.77  0.12% 11420 2770s
  5556  1828 3275333.77   14   38 3279183.00 3275333.77  0.12% 11411 2816s
  5579  1845 3275333.77   15   36 3279183.00 3275333.77  0.12% 11388 2832s
  5603  1891 3275333.77   16   32 3279183.00 3275333.77  0.12% 11419 2876s
  5671  1903 3275706.15   18   31 3279183.00 3275333.77  0.12% 11500 2907s
  5716  1918 3275888.34   19   32 3279183.00 3275333.77  0.12% 11547 2936s
  5757  1923 3277334.74   20   29 3279183.00 3275333.77  0.12% 11576 2963s
  5784  1935 3278052.83   20   34 3279183.00 3275333.77  0.12% 11593 2988s
  5811  1939 3277409.86   21   26 3279183.00 3275333.77  0.12% 11607 3010s
  5846  1943     cutoff   21      3279183.00 3275333.77  0.12% 11625 3032s
  5884  1934     cutoff   22      3279183.00 3275333.77  0.12% 11629 3053s
  5928  1935 3278681.88   24   28 3279183.00 3275333.77  0.12% 11644 3074s
  5967  1933 3278867.24   25   29 3279183.00 3275333.77  0.12% 11666 3095s
  6011  1931     cutoff   26      3279183.00 3275333.77  0.12% 11692 3113s
  6050  1935 3275333.77   16   30 3279183.00 3275333.77  0.12% 11710 3133s
  6102  1938 3275333.77   19   28 3279183.00 3275333.77  0.12% 11719 3151s
  6149  1956 3275333.77   22   24 3279183.00 3275333.77  0.12% 11733 3169s
  6196  1948 3275566.10   26   22 3279183.00 3275333.77  0.12% 11731 3189s
  6250  1953 3276216.94   29   24 3279183.00 3275333.77  0.12% 11739 3210s
  6311  1947 3276739.83   34   19 3279183.00 3275333.77  0.12% 11753 3232s
  6384  1944     cutoff   37      3279183.00 3275333.77  0.12% 11755 3255s
  6448  1968 3275333.77   16   32 3279183.00 3275333.77  0.12% 11774 3278s
  6527  1985 3276668.82   18   30 3279183.00 3275333.77  0.12% 11763 3299s
  6602  1972 3277330.26   20   28 3279183.00 3275333.77  0.12% 11738 3327s
  6710  1964 3278196.43   22   27 3279183.00 3275333.77  0.12% 11719 3357s
  6807  1948     cutoff   25      3279183.00 3275333.77  0.12% 11737 3389s
  6908  1934 3276184.06   18   26 3279183.00 3275333.77  0.12% 11754 3424s
  7024  1927 3278071.99   22   22 3279183.00 3275333.77  0.12% 11761 3462s
  7137  1953 3275419.24   20   25 3279183.00 3275333.77  0.12% 11788 3498s
  7273  1937 3277740.90   26   19 3279183.00 3275333.77  0.12% 11766 3535s
  7412  1944 3278404.85   37    8 3279183.00 3275333.77  0.12% 11752 3572s
  7551  1926     cutoff   49      3279183.00 3275333.77  0.12% 11739 3599s

Cutting planes:
  Implied bound: 1441
  MIR: 193
  Flow cover: 93
  Relax-and-lift: 9

Explored 7640 nodes (89671351 simplex iterations) in 3600.07 seconds (3252.98 work units)
Thread count was 32 (of 32 available processors)

Solution count 10: 3.27918e+06 3.27998e+06 3.28002e+06 ... 3.3408e+06

Time limit reached
Best objective 3.279183000000e+06, best bound 3.275333771311e+06, gap 0.1174%
