
Gurobi 13.0.2 (win64) logging started Tue Jul 14 06:53:30 2026

Set parameter LogFile to value "logs/PSC4-C2-100-5_m0_exact_s0_20260714-065330.gurobi.log"
Set parameter Seed to value 0
Set parameter TimeLimit to value 3599.4892808
Set parameter NodefileStart to value 4
Set parameter MIPGap to value 0
Set parameter MIPGapAbs to value 0.9999
Set parameter Cutoff to value 1e+100
Gurobi Optimizer version 13.0.2 build v13.0.2rc1 (win64 - Windows 11+.0 (26200.2))

CPU model: Intel(R) Core(TM) i9-14900HX, instruction set [SSE2|AVX|AVX2]
Thread count: 24 physical cores, 32 logical processors, using up to 32 threads

Non-default parameters:
TimeLimit  3599.4892808
MIPGap  0
MIPGapAbs  0.9999
NodefileStart  4

Optimize a model with 4500 rows, 500300 columns and 1401500 nonzeros (Min)
Model fingerprint: 0x573d4b7d
Model has 500300 linear objective coefficients
Variable types: 500000 continuous, 300 integer (300 binary)
Coefficient statistics:
  Matrix range     [1e+00, 6e+02]
  Objective range  [4e+01, 3e+04]
  Bounds range     [1e+00, 1e+00]
  RHS range        [1e+01, 2e+01]

Using branch priorities.
Found heuristic solution: objective 7493216.0000
Presolve time: 1.68s
Presolved: 4500 rows, 500300 columns, 1401500 nonzeros
Variable types: 500000 continuous, 300 integer (300 binary)
Deterministic concurrent LP optimizer: primal simplex, dual simplex, and barrier
Showing barrier log only...

Root barrier log...

Ordering time: 0.26s

Barrier statistics:
 AA' NZ     : 9.040e+05
 Factor NZ  : 2.417e+06 (roughly 200 MB of memory)
 Factor Ops : 1.462e+09 (less than 1 second per iteration)
 Threads    : 22

                  Objective                Residual
Iter       Primal          Dual         Primal    Dual     Compl     Time
   0   3.94077053e+10 -5.87685725e+09  6.85e+04 0.00e+00  2.45e+05     3s
   1   2.30145698e+10 -4.52847032e+09  3.99e+04 1.82e-12  1.46e+05     3s
   2   1.35250526e+09 -2.51788813e+09  2.31e+03 2.41e-10  1.04e+04     3s
   3   1.09778428e+08 -1.23722801e+09  1.46e+02 3.64e-10  1.69e+03     3s
   4   2.76966910e+07 -9.62520275e+07  2.97e+00 1.19e-10  1.26e+02     3s
   5   2.53579472e+07 -4.63298449e+07  2.91e-02 6.94e-11  7.13e+01     3s
   6   2.46929497e+07 -4.07395545e+07  2.19e-02 6.29e-11  6.51e+01     3s
   7   1.89419060e+07 -3.96434874e+07  6.24e-03 6.16e-11  5.83e+01     3s
   8   1.18506983e+07 -2.55190560e+07  2.76e-03 3.91e-11  3.72e+01     3s
   9   8.12513637e+06 -1.81366850e+06  1.67e-03 5.97e-13  9.89e+00     3s
  10   4.16195062e+06  9.18617285e+05  6.11e-04 4.55e-13  3.23e+00     4s
  11   4.08235418e+06  1.21411527e+06  5.04e-04 4.26e-13  2.85e+00     4s
  12   4.11105589e+06  1.86369580e+06  4.50e-04 2.95e-13  2.24e+00     4s
  13   3.98098815e+06  2.10595629e+06  3.49e-04 3.00e-13  1.87e+00     4s
  14   3.89293606e+06  2.37367609e+06  2.90e-04 2.77e-13  1.51e+00     4s
  15   3.68398937e+06  2.51556585e+06  1.92e-04 2.93e-13  1.16e+00     4s
  16   3.64158267e+06  2.69986312e+06  1.67e-04 2.92e-13  9.37e-01     4s
  17   3.54468679e+06  2.81302042e+06  1.19e-04 3.33e-13  7.28e-01     4s
  18   3.50000005e+06  2.90987687e+06  9.62e-05 2.85e-13  5.87e-01     4s
  19   3.45574261e+06  2.97426343e+06  7.65e-05 2.87e-13  4.79e-01     5s
  20   3.40473275e+06  3.03302447e+06  5.32e-05 2.77e-13  3.70e-01     5s
  21   3.37437249e+06  3.10964878e+06  4.11e-05 3.03e-13  2.63e-01     5s
  22   3.33890606e+06  3.16128272e+06  2.76e-05 2.94e-13  1.77e-01     5s
  23   3.29656327e+06  3.18410933e+06  1.47e-05 2.59e-13  1.12e-01     5s
  24   3.27726156e+06  3.19283419e+06  1.09e-05 2.83e-13  8.40e-02     5s
  25   3.26188582e+06  3.19485032e+06  8.03e-06 2.98e-13  6.67e-02     5s
  26   3.26031035e+06  3.19518526e+06  7.74e-06 3.18e-13  6.48e-02     5s
  27   3.25789233e+06  3.19717218e+06  7.32e-06 3.23e-13  6.04e-02     5s
  28   3.24865498e+06  3.19977253e+06  5.67e-06 3.38e-13  4.86e-02     6s
  29   3.24283849e+06  3.20176763e+06  4.71e-06 3.01e-13  4.09e-02     6s
  30   3.23823355e+06  3.20248136e+06  3.94e-06 3.82e-13  3.56e-02     6s
  31   3.23280770e+06  3.20436829e+06  3.05e-06 3.41e-13  2.83e-02     6s
  32   3.22830873e+06  3.20633096e+06  2.33e-06 3.37e-13  2.19e-02     6s
  33   3.22368161e+06  3.20843504e+06  1.61e-06 2.89e-13  1.52e-02     6s
  34   3.22036218e+06  3.20991737e+06  1.10e-06 2.76e-13  1.04e-02     6s
  35   3.21813853e+06  3.21099749e+06  7.64e-07 2.64e-13  7.10e-03     6s
  36   3.21579450e+06  3.21177184e+06  4.11e-07 2.95e-13  4.00e-03     6s
  37   3.21468553e+06  3.21227911e+06  2.46e-07 2.39e-13  2.39e-03     6s
  38   3.21387865e+06  3.21245629e+06  1.27e-07 2.42e-13  1.42e-03     6s
  39   3.21359990e+06  3.21263331e+06  8.79e-08 2.54e-13  9.62e-04     6s
  40   3.21339473e+06  3.21277806e+06  5.84e-08 2.47e-13  6.14e-04     7s
  41   3.21328211e+06  3.21284239e+06  4.25e-08 2.62e-13  4.37e-04     7s
  42   3.21318973e+06  3.21288241e+06  2.96e-08 2.37e-13  3.06e-04     7s
  43   3.21307711e+06  3.21293905e+06  1.44e-08 2.45e-13  1.37e-04     7s
  44   3.21302437e+06  3.21295772e+06  7.10e-09 2.50e-13  6.63e-05     7s
  45   3.21300610e+06  3.21296170e+06  4.65e-09 2.56e-13  4.42e-05     7s
  46   3.21298959e+06  3.21296512e+06  2.46e-09 2.49e-13  2.43e-05     7s
  47   3.21298263e+06  3.21296578e+06  1.54e-09 2.61e-13  1.68e-05     7s
  48   3.21298069e+06  3.21296950e+06  1.29e-09 2.27e-13  1.11e-05     7s
  49   3.21297071e+06  3.21297032e+06  3.50e-09 2.54e-13  3.91e-07     7s
  50   3.21297049e+06  3.21297049e+06  8.38e-10 2.28e-13  8.03e-10     7s

Barrier solved model in 50 iterations and 7.42 seconds (9.87 work units)
Optimal objective 3.21297049e+06


Root crossover log...

    2283 DPushes remaining with DInf 0.0000000e+00                 7s
       0 DPushes remaining with DInf 0.0000000e+00                 8s

    5978 PPushes remaining with PInf 0.0000000e+00                 8s
       0 PPushes remaining with PInf 0.0000000e+00                 8s

  Push phase complete: Pinf 0.0000000e+00, Dinf 6.5430328e-11      8s


Root simplex log...

Iteration    Objective       Primal Inf.    Dual Inf.      Time
    8264    3.2129705e+06   0.000000e+00   0.000000e+00      8s
Crossover time: 0.17 seconds (0.15 work units)
Concurrent spin time: 0.49s

Solved with barrier

Root relaxation: objective 3.212970e+06, 8264 iterations, 6.23 seconds (6.80 work units)

    Nodes    |    Current Node    |     Objective Bounds      |     Work
 Expl Unexpl |  Obj  Depth IntInf | Incumbent    BestBd   Gap | It/Node Time

     0     0 3212970.49    0   63 7493216.00 3212970.49  57.1%     -    8s
H    0     0                    3812659.4060 3212970.49  15.7%     -    8s
H    0     0                    3811032.0072 3212970.49  15.7%     -    8s
H    0     0                    3635199.0000 3212970.49  11.6%     -    8s
H    0     0                    3635197.0000 3212970.49  11.6%     -    8s
     0     0 3213904.35    0   76 3635197.00 3213904.35  11.6%     -   35s
H    0     0                    3596538.4382 3213906.81  10.6%     -   35s
H    0     0                    3579448.0000 3213906.81  10.2%     -   35s
     0     0 3213909.70    0   76 3579448.00 3213909.70  10.2%     -   39s
     0     0 3213911.00    0   76 3579448.00 3213911.00  10.2%     -   41s
     0     0 3213911.00    0   76 3579448.00 3213911.00  10.2%     -   41s
     0     0 3214409.70    0   87 3579448.00 3214409.70  10.2%     -   67s
H    0     0                    3544092.0081 3214415.22  9.30%     -   67s
H    0     0                    3540931.0000 3214415.22  9.22%     -   67s
H    0     0                    3528774.0000 3214415.22  8.91%     -   67s
H    0     0                    3522078.5713 3214415.22  8.74%     -   67s
H    0     0                    3522051.4409 3214415.22  8.73%     -   67s
H    0     0                    3516338.0000 3214415.22  8.59%     -   67s
H    0     0                    3512316.0000 3214415.22  8.48%     -   67s
     0     0 3214481.68    0   89 3512316.00 3214481.68  8.48%     -   81s
     0     0 3214512.71    0   89 3512316.00 3214512.71  8.48%     -   89s
     0     0 3214520.28    0   89 3512316.00 3214520.28  8.48%     -   95s
     0     0 3214522.25    0   86 3512316.00 3214522.25  8.48%     -   98s
     0     0 3214525.18    0   86 3512316.00 3214525.18  8.48%     -  101s
     0     0 3214525.47    0   87 3512316.00 3214525.47  8.48%     -  103s
     0     0 3214711.32    0   76 3512316.00 3214711.32  8.47%     -  128s
H    0     0                    3502647.9290 3214713.98  8.22%     -  129s
H    0     0                    3480196.0000 3214713.98  7.63%     -  129s
H    0     0                    3456575.0000 3214713.98  7.00%     -  129s
     0     0 3214791.96    0   81 3456575.00 3214791.96  6.99%     -  143s
     0     0 3214821.73    0   75 3456575.00 3214821.73  6.99%     -  150s
     0     0 3214836.74    0   78 3456575.00 3214836.74  6.99%     -  158s
     0     0 3214840.68    0   81 3456575.00 3214840.68  6.99%     -  162s
     0     0 3214842.30    0   83 3456575.00 3214842.30  6.99%     -  164s
     0     0 3214842.53    0   80 3456575.00 3214842.53  6.99%     -  166s
     0     0 3214925.71    0   74 3456575.00 3214925.71  6.99%     -  184s
H    0     0                    3366568.5633 3214926.35  4.50%     -  184s
H    0     0                    3365037.0000 3214926.35  4.46%     -  184s
     0     0 3214944.44    0   72 3365037.00 3214944.44  4.46%     -  194s
     0     0 3214948.97    0   75 3365037.00 3214948.97  4.46%     -  200s
     0     0 3214949.91    0   79 3365037.00 3214949.91  4.46%     -  202s
     0     0 3215143.30    0   57 3365037.00 3215143.30  4.45%     -  247s
     0     0 3215157.54    0   65 3365037.00 3215157.54  4.45%     -  259s
     0     0 3215158.91    0   65 3365037.00 3215158.91  4.45%     -  262s
     0     0 3215183.06    0   60 3365037.00 3215183.06  4.45%     -  274s
     0     0 3215183.75    0   60 3365037.00 3215183.75  4.45%     -  274s
H    0     0                    3352700.1922 3215183.80  4.10%     -  308s
H    0     0                    3343311.2937 3215183.80  3.83%     -  309s
H    0     0                    3335438.0701 3215183.80  3.61%     -  309s
H    0     0                    3317804.4158 3215183.80  3.09%     -  310s
H    0     0                    3299731.4200 3215183.80  2.56%     -  310s
H    0     0                    3290362.9023 3215183.80  2.28%     -  310s
H    0     0                    3282037.2338 3215183.80  2.04%     -  310s
H    0     0                    3273630.1466 3215183.80  1.79%     -  310s
H    0     0                    3264649.4782 3215183.80  1.52%     -  310s
H    0     0                    3255068.9668 3215183.80  1.23%     -  310s
H    0     0                    3246295.4968 3215183.80  0.96%     -  310s
H    0     0                    3237695.9160 3215183.80  0.70%     -  311s
H    0     0                    3237683.7356 3215183.80  0.69%     -  311s
     0     2 3215183.82    0   60 3237683.74 3215183.82  0.69%     -  325s
     1     3 3215450.41    1   53 3237683.74 3215183.82  0.69% 13770  355s
     2     4 3215347.81    1   64 3237683.74 3215347.81  0.69% 13701  391s
     3     5 3216029.00    2   68 3237683.74 3215347.87  0.69% 13653  428s
     4     6 3215779.68    2   62 3237683.74 3215347.87  0.69% 12571  464s
     5     9 3215413.45    2   61 3237683.74 3215350.94  0.69% 10379  514s
     8    13 3215530.99    3   62 3237683.74 3215350.94  0.69% 10482  590s
    12    17 3216386.20    4   62 3237683.74 3215413.61  0.69% 10718  805s
    16    34 3217753.04    5   72 3237683.74 3215413.61  0.69% 21628  963s
    33    56 3217959.13    6   61 3237683.74 3215633.92  0.68% 85075 1472s
    55    74 3217966.06    7   55 3237683.74 3215874.64  0.67% 56522 2100s
H   61    74                    3231607.0000 3215874.64  0.49% 52308 2100s
    73   194 3218397.15    8   54 3231607.00 3215875.75  0.49% 46252 2335s
   193   279 3219091.29   13   46 3231607.00 3215875.75  0.49% 50336 2449s
   278   348 3221533.44   16   55 3231607.00 3215875.75  0.49% 46945 2536s
   347   420 3221580.62   17   51 3231607.00 3215875.75  0.49% 44091 2620s
   419   480 3221760.80   19   52 3231607.00 3215875.75  0.49% 41703 2700s
   479   542 3221876.49   21   51 3231607.00 3215875.75  0.49% 40565 2761s
H  539   542                    3230393.0000 3215875.75  0.45% 39025 2761s
   541   603 3221918.43   24   50 3230393.00 3215875.75  0.45% 39035 2818s
H  546   603                    3229147.0000 3215875.75  0.41% 38836 2818s
   603   626 3222275.93   25   48 3229147.00 3215875.75  0.41% 37598 2864s
H  608   626                    3228084.0000 3215875.75  0.38% 37412 2864s
   642   672 3222326.03   26   52 3228084.00 3215875.75  0.38% 36602 2923s
   706   707 3222565.74   28   54 3228084.00 3215875.75  0.38% 35630 3010s
   753   757 3227749.69   30   50 3228084.00 3215875.75  0.38% 35099 3069s
   815   814     cutoff   31      3228084.00 3215875.75  0.38% 34637 3131s
   887   873 3222773.87   32   45 3228084.00 3215875.75  0.38% 34089 3194s
   956   944 3222835.37   35   48 3228084.00 3215875.75  0.38% 33614 3259s
  1038  1037 3222965.90   39   40 3228084.00 3215875.75  0.38% 33096 3318s
  1144  1123 3223568.15   43   43 3228084.00 3215875.75  0.38% 31897 3385s
  1255  1245 3223832.28   45   44 3228084.00 3215875.75  0.38% 30876 3453s
  1380  1390 3224308.60   48   41 3228084.00 3215875.75  0.38% 29770 3516s
H 1544  1390                    3225972.0543 3215875.75  0.31% 28002 3516s
H 1545  1390                    3225902.8136 3215875.75  0.31% 27984 3516s
H 1547  1390                    3225894.6723 3215875.75  0.31% 27949 3516s
  1549  1325 3224579.35   51   39 3225894.67 3215875.75  0.31% 27955 3594s
* 1606  1325             102    3225783.0000 3215875.75  0.31% 27423 3594s
  1657  1261     cutoff   84      3225783.00 3215875.75  0.31% 26898 3599s

Cutting planes:
  Implied bound: 9303
  MIR: 149
  Flow cover: 62
  Relax-and-lift: 104

Explored 1666 nodes (44754184 simplex iterations) in 3600.14 seconds (3266.38 work units)
Thread count was 32 (of 32 available processors)

Solution count 10: 3.22578e+06 3.22808e+06 3.22915e+06 ... 3.27363e+06

Time limit reached
Best objective 3.225783000000e+06, best bound 3.215875752259e+06, gap 0.3071%
