
Gurobi 13.0.2 (win64) logging started Tue Jul 14 18:18:10 2026

Set parameter LogFile to value "logs/PSC4-C5-100-5_m0_exact_s0_20260714-181810.gurobi.log"
Set parameter Seed to value 0
Set parameter TimeLimit to value 3599.431975
Set parameter NodefileStart to value 4
Set parameter MIPGap to value 0
Set parameter MIPGapAbs to value 0.9999
Set parameter Cutoff to value 1e+100
Gurobi Optimizer version 13.0.2 build v13.0.2rc1 (win64 - Windows 11+.0 (26200.2))

CPU model: Intel(R) Core(TM) i9-14900HX, instruction set [SSE2|AVX|AVX2]
Thread count: 24 physical cores, 32 logical processors, using up to 32 threads

Non-default parameters:
TimeLimit  3599.431975
MIPGap  0
MIPGapAbs  0.9999
NodefileStart  4

Optimize a model with 4500 rows, 500300 columns and 1401500 nonzeros (Min)
Model fingerprint: 0xebb12a8b
Model has 500300 linear objective coefficients
Variable types: 500000 continuous, 300 integer (300 binary)
Coefficient statistics:
  Matrix range     [1e+00, 6e+02]
  Objective range  [4e+01, 3e+04]
  Bounds range     [1e+00, 1e+00]
  RHS range        [1e+01, 2e+01]

Using branch priorities.
Found heuristic solution: objective 3.287076e+07
Presolve time: 1.82s
Presolved: 4500 rows, 500300 columns, 1401500 nonzeros
Variable types: 500000 continuous, 300 integer (300 binary)
Deterministic concurrent LP optimizer: primal simplex, dual simplex, and barrier
Showing barrier log only...

Root barrier log...

Ordering time: 0.28s

Barrier statistics:
 AA' NZ     : 9.040e+05
 Factor NZ  : 2.417e+06 (roughly 200 MB of memory)
 Factor Ops : 1.462e+09 (less than 1 second per iteration)
 Threads    : 22

                  Objective                Residual
Iter       Primal          Dual         Primal    Dual     Compl     Time
   0   4.91227543e+11 -5.58477361e+10  6.87e+04 0.00e+00  2.13e+06     3s
   1   2.36675072e+11 -4.20615779e+10  3.31e+04 2.18e-11  1.05e+06     3s
   2   2.00662383e+10 -3.12507801e+10  2.78e+03 6.93e-09  1.14e+05     3s
   3   2.88125426e+08 -9.45702247e+09  1.43e+01 2.20e-09  9.96e+03     3s
   4   1.61454551e+08 -3.03300931e+09  3.26e-02 7.71e-10  3.18e+03     3s
   5   5.80585669e+07 -3.14692603e+08  3.63e-05 4.55e-11  3.71e+02     3s
   6   4.69799176e+07 -6.88265018e+07  2.01e-05 1.43e-11  1.15e+02     4s
   7   4.56350635e+07 -4.73109442e+07  1.87e-05 1.01e-11  9.25e+01     4s
   8   3.90605975e+07 -2.96334606e+07  8.60e-06 7.72e-12  6.83e+01     4s
   9   3.67998903e+07 -7.97343085e+06  6.64e-06 4.66e-12  4.45e+01     4s
  10   3.11046447e+07  1.49124564e+06  1.64e-06 3.52e-12  2.95e+01     4s
  11   2.85164805e+07  1.81513197e+07  3.84e-07 2.14e-12  1.03e+01     4s
  12   2.76438875e+07  2.13570297e+07  2.14e-07 2.10e-12  6.25e+00     4s
  13   2.69080241e+07  2.23448578e+07  9.94e-08 2.26e-12  4.54e+00     4s
  14   2.65539272e+07  2.32412795e+07  5.81e-08 2.00e-12  3.30e+00     4s
  15   2.62880216e+07  2.40519015e+07  3.23e-08 2.04e-12  2.22e+00     4s
  16   2.60290778e+07  2.46623621e+07  1.25e-08 2.08e-12  1.36e+00     4s
  17   2.59783844e+07  2.50380146e+07  9.84e-09 2.07e-12  9.36e-01     5s
  18   2.59125790e+07  2.52775313e+07  6.74e-09 1.99e-12  6.32e-01     5s
  19   2.57790064e+07  2.54843533e+07  1.45e-09 2.05e-12  2.93e-01     5s
  20   2.57506481e+07  2.55930832e+07  6.86e-10 1.92e-12  1.57e-01     5s
  21   2.57274574e+07  2.56665139e+07  1.40e-10 2.10e-12  6.06e-02     5s
  22   2.57234791e+07  2.56889297e+07  6.78e-11 2.00e-12  3.44e-02     5s
  23   2.57205660e+07  2.56976465e+07  1.85e-11 1.84e-12  2.28e-02     5s
  24   2.57202728e+07  2.57077520e+07  8.85e-12 2.01e-12  1.25e-02     5s
  25   2.57197786e+07  2.57143603e+07  3.62e-12 2.00e-12  5.39e-03     5s
  26   2.57195844e+07  2.57164040e+07  2.13e-12 2.08e-12  3.16e-03     6s
  27   2.57194413e+07  2.57180311e+07  2.27e-11 2.02e-12  1.40e-03     6s
  28   2.57193591e+07  2.57185865e+07  1.62e-11 1.89e-12  7.69e-04     6s
  29   2.57193212e+07  2.57189428e+07  2.55e-11 2.21e-12  3.76e-04     6s
  30   2.57192972e+07  2.57190924e+07  1.54e-10 1.93e-12  2.04e-04     6s
  31   2.57192865e+07  2.57192207e+07  2.53e-10 2.08e-12  6.55e-05     6s
  32   2.57192831e+07  2.57192244e+07  3.25e-10 2.38e-12  5.84e-05     6s
  33   2.57192803e+07  2.57192467e+07  3.35e-10 1.96e-12  3.34e-05     6s
  34   2.57192802e+07  2.57192525e+07  3.31e-10 2.10e-12  2.76e-05     6s
  35   2.57192792e+07  2.57192652e+07  2.69e-10 2.12e-12  1.40e-05     6s
  36   2.57192768e+07  2.57192736e+07  3.03e-10 1.98e-12  3.15e-06     7s
  37   2.57192761e+07  2.57192756e+07  8.21e-10 2.34e-12  4.80e-07     7s
  38   2.57192756e+07  2.57192756e+07  2.90e-08 1.93e-12  2.48e-08     7s
  39   2.57192756e+07  2.57192756e+07  1.89e-08 2.38e-12  1.51e-08     7s

Barrier solved model in 39 iterations and 6.88 seconds (8.35 work units)
Optimal objective 2.57192756e+07


Root crossover log...

    2013 DPushes remaining with DInf 0.0000000e+00                 7s
       0 DPushes remaining with DInf 0.0000000e+00                 7s

     428 PPushes remaining with PInf 0.0000000e+00                 7s
       0 PPushes remaining with PInf 0.0000000e+00                 7s

  Push phase complete: Pinf 0.0000000e+00, Dinf 1.6647580e-01      7s


Root simplex log...

Iteration    Objective       Primal Inf.    Dual Inf.      Time
    2444    2.5719276e+07   0.000000e+00   1.664758e-01      7s
    2447    2.5719276e+07   0.000000e+00   0.000000e+00      7s
Crossover time: 0.19 seconds (0.16 work units)
Concurrent spin time: 0.06s

Solved with barrier

Root relaxation: objective 2.571928e+07, 2447 iterations, 5.16 seconds (5.30 work units)

    Nodes    |    Current Node    |     Objective Bounds      |     Work
 Expl Unexpl |  Obj  Depth IntInf | Incumbent    BestBd   Gap | It/Node Time

     0     0 2.5719e+07    0  194 3.2871e+07 2.5719e+07  21.8%     -    7s
H    0     0                    2.748031e+07 2.5719e+07  6.41%     -    7s
H    0     0                    2.730852e+07 2.5719e+07  5.82%     -    7s
H    0     0                    2.728611e+07 2.5719e+07  5.74%     -    7s
     0     0 2.5743e+07    0  215 2.7286e+07 2.5743e+07  5.66%     -   51s
H    0     0                    2.724993e+07 2.5743e+07  5.53%     -   52s
H    0     0                    2.724993e+07 2.5743e+07  5.53%     -   52s
H    0     0                    2.722871e+07 2.5743e+07  5.46%     -   52s
     0     0 2.5754e+07    0  220 2.7229e+07 2.5754e+07  5.42%     -  106s
     0     0 2.5757e+07    0  219 2.7229e+07 2.5757e+07  5.40%     -  148s
     0     0 2.5758e+07    0  219 2.7229e+07 2.5758e+07  5.40%     -  174s
     0     0 2.5758e+07    0  218 2.7229e+07 2.5758e+07  5.40%     -  186s
     0     0 2.5758e+07    0  218 2.7229e+07 2.5758e+07  5.40%     -  192s
     0     0 2.5758e+07    0  218 2.7229e+07 2.5758e+07  5.40%     -  194s
     0     0 2.5769e+07    0  215 2.7229e+07 2.5769e+07  5.36%     -  275s
H    0     0                    2.696059e+07 2.5769e+07  4.42%     -  275s
H    0     0                    2.687750e+07 2.5769e+07  4.13%     -  275s
H    0     0                    2.680599e+07 2.5769e+07  3.87%     -  275s
H    0     0                    2.680555e+07 2.5769e+07  3.87%     -  275s
H    0     0                    2.680212e+07 2.5769e+07  3.86%     -  276s
     0     0 2.5778e+07    0  223 2.6802e+07 2.5778e+07  3.82%     -  353s
     0     0 2.5781e+07    0  224 2.6802e+07 2.5781e+07  3.81%     -  402s
     0     0 2.5782e+07    0  222 2.6802e+07 2.5782e+07  3.81%     -  447s
     0     0 2.5782e+07    0  224 2.6802e+07 2.5782e+07  3.81%     -  479s
     0     0 2.5782e+07    0  223 2.6802e+07 2.5782e+07  3.81%     -  502s
     0     0 2.5782e+07    0  225 2.6802e+07 2.5782e+07  3.81%     -  514s
     0     0 2.5782e+07    0  225 2.6802e+07 2.5782e+07  3.81%     -  521s
     0     0 2.5789e+07    0  213 2.6802e+07 2.5789e+07  3.78%     -  617s
H    0     0                    2.657215e+07 2.5789e+07  2.95%     -  621s
H    0     0                    2.652827e+07 2.5789e+07  2.79%     -  621s
H    0     0                    2.652430e+07 2.5789e+07  2.77%     -  632s
H    0     0                    2.650972e+07 2.5789e+07  2.72%     -  632s
H    0     0                    2.650728e+07 2.5789e+07  2.71%     -  632s
H    0     0                    2.650149e+07 2.5789e+07  2.69%     -  632s
H    0     0                    2.650015e+07 2.5789e+07  2.69%     -  632s
H    0     0                    2.648412e+07 2.5789e+07  2.63%     -  632s
H    0     0                    2.647636e+07 2.5789e+07  2.60%     -  632s
     0     0 2.5794e+07    0  221 2.6476e+07 2.5794e+07  2.58%     -  738s
     0     0 2.5796e+07    0  224 2.6476e+07 2.5796e+07  2.57%     -  816s
     0     0 2.5797e+07    0  223 2.6476e+07 2.5797e+07  2.57%     -  865s
     0     0 2.5797e+07    0  223 2.6476e+07 2.5797e+07  2.57%     -  896s
     0     0 2.5797e+07    0  224 2.6476e+07 2.5797e+07  2.57%     -  916s
     0     0 2.5801e+07    0  213 2.6476e+07 2.5801e+07  2.55%     - 1039s
H    0     0                    2.638498e+07 2.5801e+07  2.22%     - 1057s
H    0     0                    2.634493e+07 2.5801e+07  2.07%     - 1057s
H    0     0                    2.633154e+07 2.5801e+07  2.02%     - 1067s
H    0     0                    2.632082e+07 2.5801e+07  1.98%     - 1128s
H    0     0                    2.631195e+07 2.5801e+07  1.94%     - 1130s
H    0     0                    2.631178e+07 2.5801e+07  1.94%     - 1136s
     0     0 2.5803e+07    0  217 2.6312e+07 2.5803e+07  1.93%     - 1250s
     0     0 2.5804e+07    0  216 2.6312e+07 2.5804e+07  1.93%     - 1328s
     0     0 2.5804e+07    0  217 2.6312e+07 2.5804e+07  1.93%     - 1371s
     0     0 2.5804e+07    0  214 2.6312e+07 2.5804e+07  1.93%     - 1403s
     0     0 2.5805e+07    0  212 2.6312e+07 2.5805e+07  1.93%     - 1420s
     0     0 2.5811e+07    0  160 2.6312e+07 2.5811e+07  1.91%     - 2077s
H    0     0                    2.617645e+07 2.5811e+07  1.40%     - 2103s
H    0     0                    2.617130e+07 2.5811e+07  1.38%     - 2103s
H    0     0                    2.614135e+07 2.5811e+07  1.27%     - 2126s
H    0     0                    2.614054e+07 2.5811e+07  1.26%     - 2192s
H    0     0                    2.613358e+07 2.5811e+07  1.24%     - 2208s
H    0     0                    2.612374e+07 2.5811e+07  1.20%     - 2286s
H    0     0                    2.612327e+07 2.5811e+07  1.20%     - 2286s
H    0     0                    2.610816e+07 2.5811e+07  1.14%     - 2286s
H    0     0                    2.610573e+07 2.5811e+07  1.13%     - 2286s
H    0     0                    2.610148e+07 2.5811e+07  1.11%     - 2301s
H    0     0                    2.610069e+07 2.5811e+07  1.11%     - 2315s
H    0     0                    2.609388e+07 2.5811e+07  1.09%     - 2315s
     0     0 2.5811e+07    0  166 2.6094e+07 2.5811e+07  1.09%     - 2384s
     0     0 2.5811e+07    0  167 2.6094e+07 2.5811e+07  1.09%     - 2395s
     0     0 2.5811e+07    0  167 2.6094e+07 2.5811e+07  1.09%     - 2396s
     0     2 2.5811e+07    0  167 2.6094e+07 2.5811e+07  1.09%     - 3022s
     1     3 2.5811e+07    1  176 2.6094e+07 2.5811e+07  1.09% 14748 3090s
     2     4 2.5811e+07    1  173 2.6094e+07 2.5811e+07  1.08% 11801 3131s
     3     5 2.5812e+07    2  172 2.6094e+07 2.5811e+07  1.08% 12274 3194s
     4     6 2.5812e+07    2  171 2.6094e+07 2.5811e+07  1.08% 11898 3254s
     5     8 2.5812e+07    3  173 2.6094e+07 2.5811e+07  1.08% 10970 3355s
     7    13 2.5811e+07    2  171 2.6094e+07 2.5811e+07  1.08% 10482 3431s

Cutting planes:
  Implied bound: 12227
  MIR: 357
  Flow cover: 85
  Relax-and-lift: 312

Explored 12 nodes (489073 simplex iterations) in 3599.78 seconds (7980.15 work units)
Thread count was 32 (of 32 available processors)

Solution count 10: 2.60939e+07 2.61007e+07 2.61015e+07 ... 2.61414e+07

Time limit reached
Best objective 2.609387800000e+07, best bound 2.581116752939e+07, gap 1.0834%
