
Gurobi 13.0.2 (win64) logging started Tue Jul 14 11:17:59 2026

Set parameter LogFile to value "logs/PSC4-C3-50-10_m0_exact_s0_20260714-111758.gurobi.log"
Set parameter Seed to value 0
Set parameter TimeLimit to value 3599.7345669
Set parameter NodefileStart to value 4
Set parameter MIPGap to value 0
Set parameter MIPGapAbs to value 0.9999
Set parameter Cutoff to value 1e+100
Gurobi Optimizer version 13.0.2 build v13.0.2rc1 (win64 - Windows 11+.0 (26200.2))

CPU model: Intel(R) Core(TM) i9-14900HX, instruction set [SSE2|AVX|AVX2]
Thread count: 24 physical cores, 32 logical processors, using up to 32 threads

Non-default parameters:
TimeLimit  3599.7345669
MIPGap  0
MIPGapAbs  0.9999
NodefileStart  4

Optimize a model with 4500 rows, 250150 columns and 701500 nonzeros (Min)
Model fingerprint: 0x7f21c561
Model has 250150 linear objective coefficients
Variable types: 250000 continuous, 150 integer (150 binary)
Coefficient statistics:
  Matrix range     [1e+00, 2e+03]
  Objective range  [4e+01, 3e+04]
  Bounds range     [1e+00, 1e+00]
  RHS range        [1e+01, 2e+01]

Using branch priorities.
Found heuristic solution: objective 3.055162e+07
Presolve time: 0.66s
Presolved: 4500 rows, 250150 columns, 701500 nonzeros
Variable types: 250000 continuous, 150 integer (150 binary)
Deterministic concurrent LP optimizer: primal simplex, dual simplex, and barrier
Showing barrier log only...

Root barrier log...

Ordering time: 0.13s

Barrier statistics:
 AA' NZ     : 4.578e+05
 Factor NZ  : 1.665e+06 (roughly 120 MB of memory)
 Factor Ops : 8.582e+08 (less than 1 second per iteration)
 Threads    : 22

                  Objective                Residual
Iter       Primal          Dual         Primal    Dual     Compl     Time
   0   4.61868916e+11 -7.02467162e+10  4.39e+04 0.00e+00  4.06e+06     1s
   1   3.23338145e+11 -4.73442974e+10  3.06e+04 5.82e-11  2.84e+06     1s
   2   1.51255593e+10 -2.17749069e+10  1.40e+03 1.60e-08  1.65e+05     1s
   3   4.58301874e+08 -7.14525546e+09  4.16e-01 3.12e-08  1.51e+04     1s
   4   2.60539632e+08 -9.17210485e+08  1.29e-04 3.58e-09  2.33e+03     1s
   5   8.47558766e+07 -1.99023159e+08  1.12e-05 7.61e-10  5.62e+02     1s
   6   7.60953325e+07 -1.26766994e+08  9.37e-06 4.89e-10  4.02e+02     1s
   7   5.35692976e+07 -3.63821737e+07  4.95e-06 1.02e-10  1.78e+02     1s
   8   4.18168286e+07 -5.87450773e+06  3.15e-06 4.50e-11  9.45e+01     1s
   9   4.10731758e+07  8.19976958e+06  1.00e-06 2.75e-11  6.51e+01     1s
  10   3.18726468e+07  1.85381917e+07  3.17e-07 1.00e-11  2.64e+01     2s
  11   2.91593090e+07  2.06141010e+07  1.62e-07 6.96e-12  1.69e+01     2s
  12   2.71928792e+07  2.36341894e+07  6.07e-08 2.39e-12  7.05e+00     2s
  13   2.69438572e+07  2.40346453e+07  5.14e-08 2.01e-12  5.76e+00     2s
  14   2.67840595e+07  2.42266843e+07  4.59e-08 2.36e-12  5.07e+00     2s
  15   2.63473077e+07  2.46095848e+07  3.12e-08 2.40e-12  3.44e+00     2s
  16   2.60021570e+07  2.49710793e+07  2.03e-08 1.93e-12  2.04e+00     2s
  17   2.56008013e+07  2.51359426e+07  8.15e-09 1.89e-12  9.21e-01     2s
  18   2.54141914e+07  2.52024989e+07  2.93e-09 2.14e-12  4.19e-01     2s
  19   2.53646365e+07  2.52400109e+07  1.61e-09 2.07e-12  2.47e-01     2s
  20   2.53390142e+07  2.52619751e+07  9.48e-10 1.94e-12  1.53e-01     2s
  21   2.53228329e+07  2.52770407e+07  5.42e-10 2.02e-12  9.07e-02     2s
  22   2.53137703e+07  2.52829340e+07  3.18e-10 1.88e-12  6.11e-02     2s
  23   2.53082954e+07  2.52881001e+07  1.88e-10 1.99e-12  4.00e-02     2s
  24   2.53059026e+07  2.52914515e+07  1.32e-10 1.96e-12  2.86e-02     2s
  25   2.53035307e+07  2.52929614e+07  7.79e-11 2.21e-12  2.09e-02     2s
  26   2.53024329e+07  2.52958876e+07  5.35e-11 2.20e-12  1.30e-02     2s
  27   2.53009611e+07  2.52971144e+07  2.16e-11 2.01e-12  7.62e-03     2s
  28   2.53004652e+07  2.52982407e+07  1.20e-11 2.10e-12  4.41e-03     2s
  29   2.53001743e+07  2.52987972e+07  6.73e-12 2.10e-12  2.73e-03     2s
  30   2.53000883e+07  2.52992368e+07  4.16e-12 1.88e-12  1.69e-03     2s
  31   2.52999933e+07  2.52995727e+07  5.27e-12 1.88e-12  8.33e-04     2s
  32   2.52999566e+07  2.52997141e+07  2.71e-12 1.77e-12  4.80e-04     2s
  33   2.52999128e+07  2.52998328e+07  5.53e-12 2.15e-12  1.59e-04     2s
  34   2.52998973e+07  2.52998527e+07  1.06e-11 2.08e-12  8.84e-05     2s
  35   2.52998921e+07  2.52998683e+07  2.30e-11 1.91e-12  4.71e-05     2s
  36   2.52998890e+07  2.52998717e+07  5.69e-11 2.23e-12  3.42e-05     2s
  37   2.52998884e+07  2.52998771e+07  4.54e-11 2.07e-12  2.24e-05     2s
  38   2.52998880e+07  2.52998796e+07  4.18e-11 1.92e-12  1.68e-05     2s
  39   2.52998878e+07  2.52998874e+07  3.61e-11 2.34e-12  6.86e-07     2s
  40   2.52998877e+07  2.52998877e+07  2.22e-10 2.24e-12  1.71e-08     2s
  41   2.52998877e+07  2.52998877e+07  8.02e-11 2.26e-12  2.40e-10     3s

Barrier solved model in 41 iterations and 2.53 seconds (4.19 work units)
Optimal objective 2.52998877e+07

Crossover time: 0.06 seconds (0.07 work units)
Concurrent spin time: 0.11s

Solved with barrier

Root relaxation: objective 2.529989e+07, 2642 iterations, 1.98 seconds (2.69 work units)

    Nodes    |    Current Node    |     Objective Bounds      |     Work
 Expl Unexpl |  Obj  Depth IntInf | Incumbent    BestBd   Gap | It/Node Time

     0     0 2.5300e+07    0  139 3.0552e+07 2.5300e+07  17.2%     -    2s
H    0     0                    2.713899e+07 2.5300e+07  6.78%     -    2s
H    0     0                    2.702435e+07 2.5300e+07  6.38%     -    2s
H    0     0                    2.699588e+07 2.5300e+07  6.28%     -    2s
     0     0 2.5344e+07    0  138 2.6996e+07 2.5344e+07  6.12%     -   16s
H    0     0                    2.693597e+07 2.5344e+07  5.91%     -   16s
     0     0 2.5363e+07    0  140 2.6936e+07 2.5363e+07  5.84%     -   33s
     0     0 2.5371e+07    0  139 2.6936e+07 2.5371e+07  5.81%     -   46s
     0     0 2.5373e+07    0  139 2.6936e+07 2.5373e+07  5.80%     -   56s
     0     0 2.5374e+07    0  139 2.6936e+07 2.5374e+07  5.80%     -   61s
     0     0 2.5374e+07    0  140 2.6936e+07 2.5374e+07  5.80%     -   63s
     0     0 2.5374e+07    0  140 2.6936e+07 2.5374e+07  5.80%     -   64s
     0     0 2.5401e+07    0  140 2.6936e+07 2.5401e+07  5.70%     -   85s
H    0     0                    2.692236e+07 2.5401e+07  5.65%     -   85s
H    0     0                    2.689418e+07 2.5401e+07  5.55%     -   85s
H    0     0                    2.670611e+07 2.5401e+07  4.89%     -   85s
H    0     0                    2.670158e+07 2.5401e+07  4.87%     -   85s
H    0     0                    2.667174e+07 2.5401e+07  4.76%     -   85s
H    0     0                    2.665146e+07 2.5401e+07  4.69%     -   85s
     0     0 2.5422e+07    0  142 2.6651e+07 2.5422e+07  4.61%     -  107s
     0     0 2.5433e+07    0  141 2.6651e+07 2.5433e+07  4.57%     -  123s
     0     0 2.5437e+07    0  141 2.6651e+07 2.5437e+07  4.56%     -  136s
     0     0 2.5438e+07    0  142 2.6651e+07 2.5438e+07  4.55%     -  143s
     0     0 2.5438e+07    0  142 2.6651e+07 2.5438e+07  4.55%     -  146s
     0     0 2.5439e+07    0  142 2.6651e+07 2.5439e+07  4.55%     -  149s
     0     0 2.5460e+07    0  141 2.6651e+07 2.5460e+07  4.47%     -  170s
H    0     0                    2.646953e+07 2.5460e+07  3.81%     -  173s
H    0     0                    2.638948e+07 2.5460e+07  3.52%     -  173s
H    0     0                    2.637118e+07 2.5460e+07  3.46%     -  179s
H    0     0                    2.635672e+07 2.5460e+07  3.40%     -  179s
H    0     0                    2.635414e+07 2.5460e+07  3.39%     -  179s
H    0     0                    2.635336e+07 2.5460e+07  3.39%     -  179s
H    0     0                    2.635306e+07 2.5460e+07  3.39%     -  181s
H    0     0                    2.635281e+07 2.5460e+07  3.39%     -  181s
     0     0 2.5478e+07    0  141 2.6353e+07 2.5478e+07  3.32%     -  207s
     0     0 2.5486e+07    0  138 2.6353e+07 2.5486e+07  3.29%     -  226s
     0     0 2.5490e+07    0  139 2.6353e+07 2.5490e+07  3.28%     -  239s
     0     0 2.5491e+07    0  141 2.6353e+07 2.5491e+07  3.27%     -  249s
     0     0 2.5492e+07    0  139 2.6353e+07 2.5492e+07  3.27%     -  256s
     0     0 2.5492e+07    0  140 2.6353e+07 2.5492e+07  3.27%     -  261s
     0     0 2.5492e+07    0  140 2.6353e+07 2.5492e+07  3.27%     -  264s
     0     0 2.5507e+07    0  141 2.6353e+07 2.5507e+07  3.21%     -  288s
H    0     0                    2.634980e+07 2.5507e+07  3.20%     -  297s
H    0     0                    2.627464e+07 2.5507e+07  2.92%     -  297s
H    0     0                    2.626174e+07 2.5507e+07  2.87%     -  318s
H    0     0                    2.625391e+07 2.5507e+07  2.84%     -  318s
H    0     0                    2.624699e+07 2.5507e+07  2.82%     -  318s
H    0     0                    2.624592e+07 2.5507e+07  2.81%     -  319s
H    0     0                    2.624110e+07 2.5507e+07  2.80%     -  319s
H    0     0                    2.624059e+07 2.5507e+07  2.79%     -  319s
H    0     0                    2.623548e+07 2.5507e+07  2.78%     -  319s
H    0     0                    2.622800e+07 2.5507e+07  2.75%     -  321s
     0     0 2.5519e+07    0  140 2.6228e+07 2.5519e+07  2.70%     -  353s
     0     0 2.5523e+07    0  142 2.6228e+07 2.5523e+07  2.69%     -  370s
     0     0 2.5525e+07    0  144 2.6228e+07 2.5525e+07  2.68%     -  380s
     0     0 2.5525e+07    0  146 2.6228e+07 2.5525e+07  2.68%     -  390s
     0     0 2.5526e+07    0  146 2.6228e+07 2.5526e+07  2.68%     -  395s
     0     0 2.5544e+07    0  141 2.6228e+07 2.5544e+07  2.61%     -  521s
H    0     0                    2.609225e+07 2.5544e+07  2.10%     -  521s
H    0     0                    2.601431e+07 2.5544e+07  1.81%     -  522s
H    0     0                    2.600042e+07 2.5544e+07  1.76%     -  522s
H    0     0                    2.600041e+07 2.5544e+07  1.76%     -  522s
     0     0 2.5544e+07    0  148 2.6000e+07 2.5544e+07  1.76%     -  530s
     0     0 2.5544e+07    0  148 2.6000e+07 2.5544e+07  1.75%     -  538s
     0     0 2.5544e+07    0  148 2.6000e+07 2.5544e+07  1.75%     -  538s
H    0     0                    2.585430e+07 2.5544e+07  1.20%     -  612s
     0     2 2.5544e+07    0  148 2.5854e+07 2.5544e+07  1.20%     -  613s
     1     3 2.5555e+07    1  140 2.5854e+07 2.5544e+07  1.20% 11233  635s
     2     4 2.5545e+07    1  148 2.5854e+07 2.5545e+07  1.20%  8170  647s
     3     5 2.5557e+07    2  147 2.5854e+07 2.5545e+07  1.20%  7989  665s
     4     8 2.5546e+07    2  147 2.5854e+07 2.5545e+07  1.20%  6952  685s
     7    13 2.5558e+07    4  144 2.5854e+07 2.5545e+07  1.20%  6873  716s
    12    23 2.5559e+07    5  143 2.5854e+07 2.5546e+07  1.19%  7778  788s
    22    46 2.5559e+07    4  142 2.5854e+07 2.5547e+07  1.19% 12520  895s
    45    70 2.5559e+07    5  141 2.5854e+07 2.5547e+07  1.19% 19206  953s
    69   132 2.5559e+07    6  141 2.5854e+07 2.5548e+07  1.19% 13986 1032s
   131   155 2.5594e+07   11  134 2.5854e+07 2.5548e+07  1.19%  8850 1114s
   154   176 2.5604e+07   13  134 2.5854e+07 2.5548e+07  1.19%  8135 1215s
   175   211 2.5605e+07   14  131 2.5854e+07 2.5548e+07  1.19%  7764 1309s
   210   248 2.5624e+07   17  126 2.5854e+07 2.5548e+07  1.19%  7422 1419s
H  247   272                    2.566499e+07 2.5548e+07  0.46%  7073 1479s
H  251   272                    2.566156e+07 2.5548e+07  0.44%  7025 1479s
H  256   272                    2.565992e+07 2.5548e+07  0.44%  6990 1479s
H  259   272                    2.565704e+07 2.5548e+07  0.43%  6980 1479s
   271   338 2.5606e+07   18  129 2.5657e+07 2.5548e+07  0.43%  6866 1567s
   345   385 2.5625e+07   18  126 2.5657e+07 2.5548e+07  0.43%  5972 1641s
   396   415 2.5609e+07   19  127 2.5657e+07 2.5548e+07  0.43%  5626 1777s
   432   448 2.5625e+07   20  124 2.5657e+07 2.5548e+07  0.43%  5406 1926s
   465   503 2.5610e+07   20  128 2.5657e+07 2.5548e+07  0.43%  5270 2073s
   522   559 2.5641e+07   22  121 2.5657e+07 2.5548e+07  0.43%  4943 2200s
   580   631 2.5643e+07   23  121 2.5657e+07 2.5548e+07  0.43%  4675 2273s
   657   722     cutoff   24      2.5657e+07 2.5548e+07  0.43%  4357 2316s
   762   825 2.5642e+07   27  116 2.5657e+07 2.5548e+07  0.43%  3922 2369s
   877   917 2.5645e+07   27  118 2.5657e+07 2.5548e+07  0.43%  3572 2423s
   980  1000 2.5648e+07   31  113 2.5657e+07 2.5548e+07  0.43%  3344 2484s
  1099  1078     cutoff   30      2.5657e+07 2.5548e+07  0.43%  3153 2552s
  1203  1140 2.5648e+07   35  110 2.5657e+07 2.5548e+07  0.43%  3039 2620s
  1299  1217 2.5654e+07   37  108 2.5657e+07 2.5548e+07  0.43%  2952 2689s
H 1303  1217                    2.565599e+07 2.5548e+07  0.42%  2947 2689s
H 1330  1217                    2.565508e+07 2.5548e+07  0.42%  2945 2689s
  1398  1309 2.5654e+07   38  107 2.5655e+07 2.5548e+07  0.42%  2866 2762s
  1521  1377 2.5652e+07   39  104 2.5655e+07 2.5548e+07  0.42%  2778 2835s
  1641  1467 2.5654e+07   82   68 2.5655e+07 2.5550e+07  0.41%  2694 2913s
  1770  1529 2.5655e+07   92   58 2.5655e+07 2.5550e+07  0.41%  2614 2999s
  1872  1585 2.5560e+07    8  138 2.5655e+07 2.5550e+07  0.41%  2577 3083s
  1962  1648 2.5572e+07    9  137 2.5655e+07 2.5550e+07  0.41%  2554 3176s
  2039  1713 2.5573e+07   10  136 2.5655e+07 2.5550e+07  0.41%  2566 3272s
  2108  1774 2.5573e+07   12  136 2.5655e+07 2.5550e+07  0.41%  2593 3366s
  2189  1838 2.5574e+07   14  134 2.5655e+07 2.5550e+07  0.41%  2617 3464s
Created node file directory './grbnodes0'
  2257  1941 2.5575e+07   16  131 2.5655e+07 2.5550e+07  0.41%  2651 3563s
  2364  1962 2.5575e+07   19  130 2.5655e+07 2.5550e+07  0.41%  2657 3599s
H 2389  1960                    2.565350e+07 2.5550e+07  0.40%  2647 3599s

Cutting planes:
  Implied bound: 12976
  MIR: 399
  Flow cover: 2092
  Relax-and-lift: 166

Explored 2395 nodes (6538182 simplex iterations) in 3600.88 seconds (4255.93 work units)
Thread count was 32 (of 32 available processors)

Solution count 10: 2.56535e+07 2.56551e+07 2.5656e+07 ... 2.60004e+07

Time limit reached
Best objective 2.565350000000e+07, best bound 2.555048239338e+07, gap 0.4016%
