
Gurobi 13.0.2 (win64) logging started Tue Jul 14 16:18:05 2026

Set parameter LogFile to value "logs/PSC4-C4-50-5_m0_exact_s0_20260714-161805.gurobi.log"
Set parameter Seed to value 0
Set parameter TimeLimit to value 3599.8544464
Set parameter NodefileStart to value 4
Set parameter MIPGap to value 0
Set parameter MIPGapAbs to value 0.9999
Set parameter Cutoff to value 1e+100
Gurobi Optimizer version 13.0.2 build v13.0.2rc1 (win64 - Windows 11+.0 (26200.2))

CPU model: Intel(R) Core(TM) i9-14900HX, instruction set [SSE2|AVX|AVX2]
Thread count: 24 physical cores, 32 logical processors, using up to 32 threads

Non-default parameters:
TimeLimit  3599.8544464
MIPGap  0
MIPGapAbs  0.9999
NodefileStart  4

Optimize a model with 2250 rows, 125150 columns and 350750 nonzeros (Min)
Model fingerprint: 0x7ace7144
Model has 125150 linear objective coefficients
Variable types: 125000 continuous, 150 integer (150 binary)
Coefficient statistics:
  Matrix range     [1e+00, 6e+02]
  Objective range  [5e+01, 3e+04]
  Bounds range     [1e+00, 1e+00]
  RHS range        [1e+01, 2e+01]

Using branch priorities.
Found heuristic solution: objective 4524677.0000
Presolve time: 0.32s
Presolved: 2250 rows, 125150 columns, 350750 nonzeros
Variable types: 125000 continuous, 150 integer (150 binary)
Deterministic concurrent LP optimizer: primal and dual simplex
Showing primal log only...


Root simplex log...

Iteration    Objective       Primal Inf.    Dual Inf.      Time
  135096    1.8129010e+06   0.000000e+00   1.546565e+04      5s
  149555    1.8123081e+06   0.000000e+00   0.000000e+00      6s
Concurrent spin time: 0.00s

Solved with primal simplex

Root relaxation: objective 1.812308e+06, 149555 iterations, 5.29 seconds (8.56 work units)

    Nodes    |    Current Node    |     Objective Bounds      |     Work
 Expl Unexpl |  Obj  Depth IntInf | Incumbent    BestBd   Gap | It/Node Time

     0     0 1812308.08    0  111 4524677.00 1812308.08  59.9%     -    5s
H    0     0                    3142731.5579 1812308.08  42.3%     -    5s
H    0     0                    3042180.0000 1812308.08  40.4%     -    5s
H    0     0                    2985072.0000 1812308.08  39.3%     -    5s
H    0     0                    2853599.1887 1820845.28  36.2%     -   14s
H    0     0                    2852420.0000 1820845.28  36.2%     -   14s
     0     0 1820845.28    0  124 2852420.00 1820845.28  36.2%     -   16s
H    0     0                    2840200.0000 1820848.43  35.9%     -   16s
H    0     0                    2831557.0000 1820848.43  35.7%     -   16s
H    0     0                    2760267.0000 1820848.43  34.0%     -   16s
H    0     0                    2750905.0000 1820848.43  33.8%     -   16s
H    0     0                    2748884.7224 1821925.50  33.7%     -   22s
H    0     0                    2344518.4076 1821925.50  22.3%     -   22s
H    0     0                    2039776.2626 1821925.50  10.7%     -   22s
     0     0 1821925.50    0  127 2039776.26 1821925.50  10.7%     -   22s
     0     0 1822325.01    0  129 2039776.26 1822325.01  10.7%     -   26s
     0     0 1822421.60    0  129 2039776.26 1822421.60  10.7%     -   28s
     0     0 1822445.32    0  128 2039776.26 1822445.32  10.7%     -   29s
     0     0 1822454.11    0  127 2039776.26 1822454.11  10.7%     -   29s
     0     0 1822456.25    0  128 2039776.26 1822456.25  10.7%     -   29s
H    0     0                    2033518.8758 1826378.73  10.2%     -   43s
H    0     0                    2029203.3417 1826378.73  10.0%     -   43s
     0     0 1826378.73    0  132 2029203.34 1826378.73  10.0%     -   43s
H    0     0                    1989310.7639 1827765.13  8.12%     -   56s
H    0     0                    1986350.1434 1827765.13  7.98%     -   56s
     0     0 1827765.13    0  134 1986350.14 1827765.13  7.98%     -   56s
H    0     0                    1937009.0881 1828252.06  5.61%     -   65s
H    0     0                    1910355.7426 1828252.06  4.30%     -   65s
H    0     0                    1899408.0000 1828252.06  3.75%     -   65s
     0     0 1828252.06    0  133 1899408.00 1828252.06  3.75%     -   65s
     0     0 1828425.55    0  134 1899408.00 1828425.55  3.74%     -   70s
     0     0 1828515.54    0  134 1899408.00 1828515.54  3.73%     -   74s
     0     0 1828574.69    0  130 1899408.00 1828574.69  3.73%     -   77s
     0     0 1828592.37    0  134 1899408.00 1828592.37  3.73%     -   78s
     0     0 1828607.20    0  133 1899408.00 1828607.20  3.73%     -   80s
     0     0 1828617.49    0  135 1899408.00 1828617.49  3.73%     -   81s
     0     0 1830235.34    0  130 1899408.00 1830235.34  3.64%     -   99s
H    0     0                    1895267.0000 1830987.56  3.39%     -  115s
H    0     0                    1894736.0000 1830987.56  3.36%     -  115s
     0     0 1830987.56    0  136 1894736.00 1830987.56  3.36%     -  117s
     0     0 1831482.23    0  133 1894736.00 1831482.23  3.34%     -  127s
     0     0 1831782.37    0  133 1894736.00 1831782.37  3.32%     -  138s
     0     0 1831894.56    0  131 1894736.00 1831894.56  3.32%     -  143s
     0     0 1831951.22    0  134 1894736.00 1831951.22  3.31%     -  148s
     0     0 1831989.46    0  135 1894736.00 1831989.46  3.31%     -  151s
     0     0 1832001.20    0  134 1894736.00 1832001.20  3.31%     -  153s
H    0     0                    1889611.5622 1832834.56  3.00%     -  169s
     0     0 1832834.56    0  138 1889611.56 1832834.56  3.00%     -  174s
     0     0 1833217.71    0  133 1889611.56 1833217.71  2.98%     -  191s
     0     0 1833369.17    0  135 1889611.56 1833369.17  2.98%     -  197s
     0     0 1833420.40    0  134 1889611.56 1833420.40  2.97%     -  201s
     0     0 1833440.83    0  137 1889611.56 1833440.83  2.97%     -  204s
     0     0 1834326.36    0  105 1889611.56 1834326.36  2.93%     -  255s
     0     0 1834435.15    0  127 1889611.56 1834435.15  2.92%     -  282s
     0     0 1834468.72    0  129 1889611.56 1834468.72  2.92%     -  286s
     0     0 1834598.31    0  132 1889611.56 1834598.31  2.91%     -  294s
     0     0 1834598.77    0  132 1889611.56 1834598.77  2.91%     -  294s
     0     2 1834598.77    0  132 1889611.56 1834598.77  2.91%     -  319s
     1     3 1836814.75    1  121 1889611.56 1834599.53  2.91% 18966  334s
     2     4 1835273.41    1  121 1889611.56 1835273.41  2.88% 16772  347s
     3     5 1839983.52    2  115 1889611.56 1835273.57  2.88% 16565  363s
     4     7 1835968.01    2  126 1889611.56 1835279.64  2.88% 14638  379s
     6    10 1840073.15    2  118 1889611.56 1835968.17  2.84% 13251  401s
     9    18 1843125.47    3  107 1889611.56 1835968.17  2.84% 13210  434s
    17    34 1843824.43    4  102 1889611.56 1837315.75  2.77% 12274  514s
    33    57 1845049.48    5  108 1889611.56 1837322.32  2.77% 19219  605s
    56   120 1845068.37    6  107 1889611.56 1837322.32  2.77% 32185  718s
   119   148 1855393.09    9   93 1889611.56 1837322.32  2.77% 18294  798s
   147   172 1846263.59   10   94 1889611.56 1837322.32  2.77% 16078  885s
   171   191 1852015.20   10   94 1889611.56 1837322.32  2.77% 15254  953s
H  177   191                    1883937.0000 1837322.32  2.47% 15115  953s
H  180   191                    1879298.0000 1837322.32  2.23% 15025  953s
   190   225 1845728.40   11   93 1879298.00 1837322.32  2.23% 14640 1084s
   224   275 1867290.94   14   85 1879298.00 1837322.32  2.23% 13672 1173s
   274   335 1865333.33   17   81 1879298.00 1837322.32  2.23% 12280 1257s
   334   390 1865861.47   18   80 1879298.00 1837322.32  2.23% 10973 1334s
   391   440 1872735.76   19   74 1879298.00 1837322.32  2.23% 10186 1398s
H  443   471                    1878685.0000 1837322.32  2.20%  9399 1455s
H  453   471                    1878682.0000 1837322.32  2.20%  9277 1455s
H  473   471                    1878538.0000 1837322.32  2.19%  9059 1455s
H  476   471                    1877617.0000 1837322.32  2.15%  9027 1455s
   482   505 1866807.44   21   76 1877617.00 1837322.32  2.15%  9048 1524s
   539   535 1872077.38   22   68 1877617.00 1837322.32  2.15%  8533 1584s
   585   576 1867280.69   22   75 1877617.00 1837322.32  2.15%  8312 1641s
   644   597 1867809.07   25   72 1877617.00 1837322.32  2.15%  7923 1703s
   701   630 1868462.50   27   72 1877617.00 1837322.32  2.15%  7604 1769s
   748   660 1873611.74   27   69 1877617.00 1837322.32  2.15%  7380 1833s
   800   698 1868669.70   29   73 1877617.00 1837322.32  2.15%  7225 1905s
   864   739 1872674.80   30   68 1877617.00 1837322.32  2.15%  7008 1974s
   931   790     cutoff   32      1877617.00 1837322.32  2.15%  6799 2043s
  1014   846 1872713.76   34   70 1877617.00 1838194.16  2.10%  6536 2119s
  1092   908 1873440.18   35   69 1877617.00 1838194.16  2.10%  6321 2194s
  1188   934 1874467.71   36   69 1877617.00 1838194.16  2.10%  6082 2272s
  1272   937 1875752.24   38   59 1877617.00 1838194.16  2.10%  5910 2365s
  1323   957     cutoff   39      1877617.00 1839829.38  2.01%  5904 2474s
  1353   990 1847345.86   10  106 1877617.00 1839829.38  2.01%  6057 2582s
  1390  1024 1848339.99   11  102 1877617.00 1839829.38  2.01%  6129 2722s
  1442  1073 1854877.02   12   95 1877617.00 1839829.38  2.01%  6185 2864s
  1495  1132 1855703.03   13   97 1877617.00 1839829.38  2.01%  6242 3008s
  1556  1196 1857221.00   15   98 1877617.00 1839829.38  2.01%  6297 3160s
  1644  1246 1859430.07   18   95 1877617.00 1839829.38  2.01%  6260 3323s
  1712  1317 1861130.49   20   90 1877617.00 1841470.78  1.93%  6284 3492s
  1813  1346 1862527.83   22   90 1877617.00 1841470.78  1.93%  6224 3599s

Cutting planes:
  Implied bound: 7725
  MIR: 537
  Flow cover: 1029
  Relax-and-lift: 202

Explored 1852 nodes (11829990 simplex iterations) in 3600.22 seconds (3731.64 work units)
Thread count was 32 (of 32 available processors)

Solution count 10: 1.87762e+06 1.87854e+06 1.87868e+06 ... 1.89941e+06

Time limit reached
Best objective 1.877617000000e+06, best bound 1.841470781970e+06, gap 1.9251%
