
Gurobi 13.0.2 (win64) logging started Tue Jul 14 20:18:12 2026

Set parameter LogFile to value "logs/PSC4-C5-50-5_m0_exact_s0_20260714-201811.gurobi.log"
Set parameter Seed to value 0
Set parameter TimeLimit to value 3599.8464367
Set parameter NodefileStart to value 4
Set parameter MIPGap to value 0
Set parameter MIPGapAbs to value 0.9999
Set parameter Cutoff to value 1e+100
Gurobi Optimizer version 13.0.2 build v13.0.2rc1 (win64 - Windows 11+.0 (26200.2))

CPU model: Intel(R) Core(TM) i9-14900HX, instruction set [SSE2|AVX|AVX2]
Thread count: 24 physical cores, 32 logical processors, using up to 32 threads

Non-default parameters:
TimeLimit  3599.8464367
MIPGap  0
MIPGapAbs  0.9999
NodefileStart  4

Optimize a model with 2250 rows, 125150 columns and 350750 nonzeros (Min)
Model fingerprint: 0xebe14ef4
Model has 125150 linear objective coefficients
Variable types: 125000 continuous, 150 integer (150 binary)
Coefficient statistics:
  Matrix range     [1e+00, 6e+02]
  Objective range  [4e+01, 3e+04]
  Bounds range     [1e+00, 1e+00]
  RHS range        [1e+01, 2e+01]

Using branch priorities.
Found heuristic solution: objective 1.656537e+07
Presolve time: 0.37s
Presolved: 2250 rows, 125150 columns, 350750 nonzeros
Variable types: 125000 continuous, 150 integer (150 binary)
Deterministic concurrent LP optimizer: primal and dual simplex
Showing primal log only...

Concurrent spin time: 0.00s

Solved with primal simplex

Root relaxation: objective 1.300654e+07, 91903 iterations, 3.49 seconds (5.52 work units)

    Nodes    |    Current Node    |     Objective Bounds      |     Work
 Expl Unexpl |  Obj  Depth IntInf | Incumbent    BestBd   Gap | It/Node Time

     0     0 1.3007e+07    0  122 1.6565e+07 1.3007e+07  21.5%     -    3s
H    0     0                    1.424855e+07 1.3007e+07  8.72%     -    3s
H    0     0                    1.412192e+07 1.3007e+07  7.90%     -    4s
H    0     0                    1.409920e+07 1.3007e+07  7.75%     -    4s
H    0     0                    1.398898e+07 1.3036e+07  6.81%     -   11s
H    0     0                    1.372834e+07 1.3036e+07  5.05%     -   11s
H    0     0                    1.345221e+07 1.3036e+07  3.10%     -   11s
H    0     0                    1.321545e+07 1.3036e+07  1.36%     -   11s
H    0     0                    1.316152e+07 1.3036e+07  0.96%     -   11s
H    0     0                    1.315969e+07 1.3036e+07  0.94%     -   11s
     0     0 1.3036e+07    0  122 1.3160e+07 1.3036e+07  0.94%     -   12s
     0     0 1.3040e+07    0  123 1.3160e+07 1.3040e+07  0.91%     -   16s
     0     0 1.3041e+07    0  123 1.3160e+07 1.3041e+07  0.90%     -   20s
     0     0 1.3041e+07    0  123 1.3160e+07 1.3041e+07  0.90%     -   21s
     0     0 1.3041e+07    0  124 1.3160e+07 1.3041e+07  0.90%     -   22s
     0     0 1.3041e+07    0  123 1.3160e+07 1.3041e+07  0.90%     -   22s
     0     0 1.3058e+07    0  123 1.3160e+07 1.3058e+07  0.77%     -   33s
H    0     0                    1.315856e+07 1.3064e+07  0.72%     -   41s
     0     0 1.3064e+07    0  123 1.3159e+07 1.3064e+07  0.72%     -   42s
     0     0 1.3066e+07    0  124 1.3159e+07 1.3066e+07  0.71%     -   48s
     0     0 1.3066e+07    0  124 1.3159e+07 1.3066e+07  0.70%     -   52s
     0     0 1.3066e+07    0  124 1.3159e+07 1.3066e+07  0.70%     -   55s
     0     0 1.3067e+07    0  124 1.3159e+07 1.3067e+07  0.70%     -   57s
H    0     0                    1.315810e+07 1.3067e+07  0.70%     -   58s
     0     0 1.3067e+07    0  124 1.3158e+07 1.3067e+07  0.70%     -   58s
H    0     0                    1.315581e+07 1.3067e+07  0.68%     -   58s
     0     0 1.3067e+07    0  124 1.3156e+07 1.3067e+07  0.68%     -   58s
     0     0 1.3076e+07    0  124 1.3156e+07 1.3076e+07  0.61%     -   74s
     0     0 1.3079e+07    0  125 1.3156e+07 1.3079e+07  0.58%     -   89s
     0     0 1.3080e+07    0  126 1.3156e+07 1.3080e+07  0.57%     -   97s
     0     0 1.3081e+07    0  126 1.3156e+07 1.3081e+07  0.57%     -  102s
     0     0 1.3081e+07    0  127 1.3156e+07 1.3081e+07  0.57%     -  105s
     0     0 1.3081e+07    0  127 1.3156e+07 1.3081e+07  0.57%     -  107s
     0     0 1.3086e+07    0  122 1.3156e+07 1.3086e+07  0.53%     -  124s
     0     0 1.3087e+07    0  123 1.3156e+07 1.3087e+07  0.52%     -  144s
     0     0 1.3088e+07    0  120 1.3156e+07 1.3088e+07  0.52%     -  151s
     0     0 1.3088e+07    0  123 1.3156e+07 1.3088e+07  0.52%     -  157s
     0     0 1.3088e+07    0  125 1.3156e+07 1.3088e+07  0.51%     -  160s
     0     0 1.3092e+07    0  104 1.3156e+07 1.3092e+07  0.48%     -  230s
     0     0 1.3092e+07    0  109 1.3156e+07 1.3092e+07  0.48%     -  231s
     0     0 1.3092e+07    0  112 1.3156e+07 1.3092e+07  0.48%     -  233s
     0     0 1.3092e+07    0  112 1.3156e+07 1.3092e+07  0.48%     -  234s
     0     2 1.3092e+07    0  112 1.3156e+07 1.3092e+07  0.48%     -  272s
     1     3 1.3093e+07    1  108 1.3156e+07 1.3092e+07  0.48%  4637  278s
     2     4 1.3093e+07    1  111 1.3156e+07 1.3093e+07  0.48%  3173  283s
     3     7 1.3094e+07    2  108 1.3156e+07 1.3093e+07  0.48%  3110  289s
     6    14 1.3095e+07    3  103 1.3156e+07 1.3093e+07  0.48%  3659  301s
    13    24 1.3095e+07    4  102 1.3156e+07 1.3094e+07  0.47%  4300  329s
    23    47 1.3094e+07    5  102 1.3156e+07 1.3094e+07  0.47%  7176  366s
    46    71 1.3094e+07    6  101 1.3156e+07 1.3094e+07  0.47% 15292  384s
    70   106 1.3095e+07    7   99 1.3156e+07 1.3094e+07  0.47% 11104  419s
   105   131 1.3095e+07    9   99 1.3156e+07 1.3094e+07  0.47%  8767  459s
   130   168 1.3095e+07   10   98 1.3156e+07 1.3094e+07  0.47%  8289  504s
   167   211 1.3096e+07   12   95 1.3156e+07 1.3094e+07  0.47%  7387  546s
   210   249 1.3098e+07   15   97 1.3156e+07 1.3094e+07  0.47%  6630  585s
   248   288 1.3098e+07   16   95 1.3156e+07 1.3094e+07  0.47%  6174  628s
   287   314 1.3098e+07   18   95 1.3156e+07 1.3094e+07  0.47%  5854  675s
   313   350 1.3099e+07   20   95 1.3156e+07 1.3094e+07  0.47%  5867  714s
   349   400 1.3100e+07   20   93 1.3156e+07 1.3094e+07  0.47%  5779  753s
   399   444 1.3100e+07   22   91 1.3156e+07 1.3094e+07  0.47%  7308  792s
   443   476 1.3102e+07   22   92 1.3156e+07 1.3094e+07  0.47%  6992  829s
   475   511 1.3100e+07   23   89 1.3156e+07 1.3094e+07  0.47%  6833  879s
   510   549 1.3100e+07   24   95 1.3156e+07 1.3094e+07  0.47%  6657  918s
   548   584 1.3101e+07   25   94 1.3156e+07 1.3094e+07  0.47%  6487  956s
   583   621 1.3101e+07   26   92 1.3156e+07 1.3094e+07  0.47%  6334  997s
   620   667 1.3102e+07   27   89 1.3156e+07 1.3094e+07  0.47%  6213 1035s
   668   713 1.3103e+07   27   90 1.3156e+07 1.3094e+07  0.47%  5987 1072s
   714   758 1.3103e+07   28   92 1.3156e+07 1.3094e+07  0.47%  5825 1112s
   760   805 1.3104e+07   28   91 1.3156e+07 1.3094e+07  0.47%  5648 1159s
   811   848 1.3108e+07   24  102 1.3156e+07 1.3094e+07  0.47%  5504 1201s
   858   904 1.3106e+07   29   89 1.3156e+07 1.3094e+07  0.47%  5390 1249s
   919   960 1.3108e+07   25  100 1.3156e+07 1.3094e+07  0.47%  5222 1298s
   975  1016 1.3107e+07   30   93 1.3156e+07 1.3094e+07  0.47%  5105 1351s
  1031  1066 1.3107e+07   31   87 1.3156e+07 1.3094e+07  0.47%  5003 1398s
  1082  1116 1.3109e+07   31   88 1.3156e+07 1.3094e+07  0.47%  4931 1454s
  1142  1171 1.3108e+07   32   86 1.3156e+07 1.3094e+07  0.47%  4846 1510s
  1199  1250 1.3110e+07   34   86 1.3156e+07 1.3094e+07  0.47%  4793 1567s
  1280  1311 1.3110e+07   35   86 1.3156e+07 1.3094e+07  0.47%  4663 1622s
  1351  1376 1.3111e+07   36   89 1.3156e+07 1.3094e+07  0.47%  4571 1681s
  1426  1448 1.3112e+07   37   82 1.3156e+07 1.3094e+07  0.47%  4503 1739s
  1516  1537 1.3115e+07   38   89 1.3156e+07 1.3094e+07  0.47%  4413 1799s
  1607  1629 1.3112e+07   39   87 1.3156e+07 1.3094e+07  0.47%  4329 1858s
  1711  1730 1.3112e+07   40   88 1.3156e+07 1.3094e+07  0.47%  4221 1919s
  1816  1829 1.3115e+07   42   84 1.3156e+07 1.3095e+07  0.46%  4139 1983s
  1937  1899 1.3115e+07   43   86 1.3156e+07 1.3095e+07  0.46%  4020 2048s
  2031  1936 1.3116e+07   44   86 1.3156e+07 1.3095e+07  0.46%  3977 2094s
H 2032  1821                    1.315093e+07 1.3095e+07  0.43%  3975 2094s
H 2033  1747                    1.314509e+07 1.3095e+07  0.38%  3975 2094s
H 2036  1731                    1.314404e+07 1.3095e+07  0.37%  3976 2094s
H 2063  1714                    1.314293e+07 1.3095e+07  0.37%  3953 2094s
H 2072  1669                    1.314072e+07 1.3095e+07  0.35%  3950 2094s
  2074  1719 1.3116e+07   45   84 1.3141e+07 1.3095e+07  0.35%  3950 2176s
  2167  1795 1.3120e+07   47   81 1.3141e+07 1.3095e+07  0.35%  3959 2263s
  2251  1877 1.3119e+07   49   80 1.3141e+07 1.3095e+07  0.35%  3975 2353s
H 2287  1874                    1.314065e+07 1.3095e+07  0.35%  3999 2353s
  2343  1969 1.3120e+07   51   77 1.3141e+07 1.3095e+07  0.35%  4003 2449s
H 2348  1951                    1.313983e+07 1.3095e+07  0.34%  4003 2449s
H 2356  1942                    1.313958e+07 1.3095e+07  0.34%  4004 2449s
H 2371  1940                    1.313943e+07 1.3095e+07  0.34%  4007 2449s
  2444  2035 1.3123e+07   54   74 1.3139e+07 1.3095e+07  0.34%  4019 2546s
H 2453  1988                    1.313789e+07 1.3095e+07  0.33%  4026 2546s
  2547  2096 1.3123e+07   56   75 1.3138e+07 1.3095e+07  0.33%  4033 2645s
H 2559  2096                    1.313788e+07 1.3095e+07  0.33%  4038 2645s
H 2564  2096                    1.313786e+07 1.3095e+07  0.33%  4047 2645s
H 2569  2096                    1.313782e+07 1.3095e+07  0.33%  4055 2645s
H 2655  2191                    1.313716e+07 1.3095e+07  0.32%  4052 2744s
  2768  2192 1.3114e+07   37  112 1.3137e+07 1.3095e+07  0.32%  4062 3402s
  2770  2193 1.3110e+07   12  122 1.3137e+07 1.3095e+07  0.32%  4059 3408s
  2771  2194 1.3128e+07   57  123 1.3137e+07 1.3095e+07  0.32%  4057 3418s
  2772  2195 1.3108e+07   29  123 1.3137e+07 1.3095e+07  0.32%  4056 3428s
  2773  2195 1.3102e+07   16  123 1.3137e+07 1.3095e+07  0.32%  4054 3444s
  2774  2196 1.3112e+07   37  125 1.3137e+07 1.3095e+07  0.32%  4053 3462s
  2775  2197 1.3129e+07   26  123 1.3137e+07 1.3095e+07  0.32%  4051 3481s
  2776  2197 1.3122e+07   60  124 1.3137e+07 1.3095e+07  0.32%  4050 3500s
  2777  2198 1.3103e+07   22  126 1.3137e+07 1.3095e+07  0.32%  4049 3514s
  2778  2199 1.3116e+07   29  125 1.3137e+07 1.3095e+07  0.32%  4047 3524s
  2779  2199 1.3108e+07   27  119 1.3137e+07 1.3095e+07  0.32%  4046 3531s
  2780  2200 1.3129e+07   34  120 1.3137e+07 1.3095e+07  0.32%  4044 3537s
  2781  2201 1.3105e+07   21  121 1.3137e+07 1.3095e+07  0.32%  4043 3541s
  2783  2202 1.3098e+07    7  113 1.3137e+07 1.3095e+07  0.32%  4040 3546s
  2786  2204 1.3130e+07   56  114 1.3137e+07 1.3095e+07  0.32%  4035 3553s
  2787  2205 1.3115e+07   41  111 1.3137e+07 1.3095e+07  0.32%  4034 3555s
  2789  2206 1.3103e+07   13  110 1.3137e+07 1.3095e+07  0.32%  4031 3560s
  2791  2207 1.3136e+07   78  116 1.3137e+07 1.3095e+07  0.32%  4028 3572s

Cutting planes:
  Gomory: 3
  Implied bound: 4901
  MIR: 216
  Flow cover: 596
  Relax-and-lift: 98

Explored 2791 nodes (11635229 simplex iterations) in 3600.08 seconds (5182.44 work units)
Thread count was 32 (of 32 available processors)

Solution count 10: 1.31372e+07 1.31396e+07 1.31407e+07 ... 1.31586e+07

Time limit reached
Best objective 1.313716000000e+07, best bound 1.309491456853e+07, gap 0.3216%
