
Gurobi 13.0.2 (win64) logging started Tue Jul 14 02:42:41 2026

Set parameter LogFile to value "logs/PSC4-C1-100-10_m0_exact_s0_20260714-024239.gurobi.log"
Set parameter Seed to value 0
Set parameter TimeLimit to value 3598.8652402
Set parameter NodefileStart to value 4
Set parameter MIPGap to value 0
Set parameter MIPGapAbs to value 0.9999
Set parameter Cutoff to value 1e+100
Gurobi Optimizer version 13.0.2 build v13.0.2rc1 (win64 - Windows 11+.0 (26200.2))

CPU model: Intel(R) Core(TM) i9-14900HX, instruction set [SSE2|AVX|AVX2]
Thread count: 24 physical cores, 32 logical processors, using up to 32 threads

Non-default parameters:
TimeLimit  3598.8652402
MIPGap  0
MIPGapAbs  0.9999
NodefileStart  4

Optimize a model with 9000 rows, 1000300 columns and 2803000 nonzeros (Min)
Model fingerprint: 0xaea88e92
Model has 1000300 linear objective coefficients
Variable types: 1000000 continuous, 300 integer (300 binary)
Coefficient statistics:
  Matrix range     [1e+00, 3e+02]
  Objective range  [4e+01, 3e+04]
  Bounds range     [1e+00, 1e+00]
  RHS range        [1e+01, 2e+01]

Using branch priorities.
Found heuristic solution: objective 1.052115e+07
Presolve time: 2.62s
Presolved: 9000 rows, 1000300 columns, 2803000 nonzeros
Variable types: 1000000 continuous, 300 integer (300 binary)
Deterministic concurrent LP optimizer: primal simplex, dual simplex, and barrier
Showing barrier log only...

Root barrier log...

Ordering time: 0.61s

Barrier statistics:
 AA' NZ     : 1.816e+06
 Factor NZ  : 6.644e+06 (roughly 500 MB of memory)
 Factor Ops : 6.854e+09 (less than 1 second per iteration)
 Threads    : 22

                  Objective                Residual
Iter       Primal          Dual         Primal    Dual     Compl     Time
   0   4.38744454e+10 -1.42041157e+10  3.81e+04 0.00e+00  2.72e+05     5s
   1   3.11345591e+10 -1.19815839e+10  2.70e+04 1.46e-11  2.00e+05     5s
   2   3.79546382e+08 -8.51371638e+09  3.09e+02 9.01e-09  6.36e+03     5s
   3   7.23867134e+07 -5.21787655e+08  4.10e+01 2.26e-09  4.34e+02     6s
   4   2.53488457e+07 -1.72351251e+08  3.17e-01 1.07e-09  9.90e+01     6s
   5   2.48141656e+07 -5.51062070e+07  4.06e-04 4.20e-10  3.98e+01     6s
   6   2.28859368e+07 -4.08562632e+07  3.90e-06 3.35e-10  3.17e+01     6s
   7   2.01403520e+07 -3.10349322e+07  1.83e-06 2.48e-10  2.55e+01     6s
   8   1.82799529e+07 -1.92988181e+07  1.61e-06 1.61e-10  1.87e+01     7s
   9   1.60839118e+07 -1.33066005e+07  1.42e-06 1.06e-10  1.46e+01     7s
  10   8.34366212e+06 -1.66374967e+06  5.11e-07 1.07e-11  4.98e+00     7s
  11   8.17140286e+06  1.01139713e+06  3.19e-07 6.93e-12  3.56e+00     7s
  12   7.71673771e+06  3.70075437e+06  1.80e-07 3.58e-12  2.00e+00     8s
  13   7.49319645e+06  4.45938013e+06  1.32e-07 2.76e-12  1.51e+00     8s
  14   7.30280889e+06  4.98187456e+06  9.63e-08 2.10e-12  1.15e+00     8s
  15   7.09268465e+06  5.46574320e+06  5.63e-08 1.49e-12  8.10e-01     8s
  16   7.00318338e+06  5.72136096e+06  4.34e-08 1.08e-12  6.38e-01     8s
  17   6.90053663e+06  6.07208650e+06  2.98e-08 7.74e-13  4.12e-01     9s
  18   6.81422137e+06  6.23750766e+06  1.96e-08 4.19e-13  2.87e-01     9s
  19   6.78692499e+06  6.33637119e+06  1.73e-08 4.69e-13  2.24e-01     9s
  20   6.72732712e+06  6.38303940e+06  1.31e-08 3.84e-13  1.71e-01     9s
  21   6.64875391e+06  6.43045538e+06  7.66e-09 2.53e-13  1.09e-01     9s
  22   6.59621108e+06  6.45391404e+06  4.39e-09 3.00e-13  7.08e-02    10s
  23   6.56911557e+06  6.47307421e+06  2.84e-09 2.66e-13  4.78e-02    10s
  24   6.54765343e+06  6.48394468e+06  1.63e-09 2.91e-13  3.17e-02    10s
  25   6.53850485e+06  6.49425975e+06  1.13e-09 2.98e-13  2.20e-02    10s
  26   6.52830013e+06  6.49920699e+06  5.80e-10 2.79e-13  1.45e-02    11s
  27   6.52560060e+06  6.50290600e+06  4.45e-10 2.98e-13  1.13e-02    11s
  28   6.52390300e+06  6.50534695e+06  3.61e-10 3.99e-13  9.23e-03    11s
  29   6.52309042e+06  6.50708556e+06  3.21e-10 3.87e-13  7.96e-03    11s
  30   6.52237113e+06  6.50865148e+06  2.85e-10 3.16e-13  6.83e-03    11s
  31   6.51890777e+06  6.51220845e+06  1.12e-10 3.34e-13  3.33e-03    12s
  32   6.51804839e+06  6.51355488e+06  7.35e-11 2.81e-13  2.24e-03    12s
  33   6.51762958e+06  6.51453736e+06  5.66e-11 3.37e-13  1.54e-03    12s
  34   6.51739751e+06  6.51539731e+06  4.26e-11 2.77e-13  9.95e-04    13s
  35   6.51736217e+06  6.51546611e+06  6.95e-11 2.75e-13  9.43e-04    13s
  36   6.51721423e+06  6.51555510e+06  6.30e-11 4.22e-13  8.26e-04    13s
  37   6.51684730e+06  6.51637310e+06  1.20e-10 2.55e-13  2.36e-04    13s
  38   6.51663100e+06  6.51643013e+06  1.05e-09 2.54e-13  1.00e-04    13s
  39   6.51658300e+06  6.51652467e+06  5.20e-10 5.46e-13  2.90e-05    14s
  40   6.51653706e+06  6.51652577e+06  5.67e-09 3.08e-13  5.62e-06    14s
  41   6.51652973e+06  6.51652935e+06  9.50e-09 2.87e-13  1.89e-07    14s
  42   6.51652947e+06  6.51652947e+06  2.65e-09 3.92e-13  9.44e-11    14s

Barrier solved model in 42 iterations and 14.16 seconds (19.11 work units)
Optimal objective 6.51652947e+06


Root crossover log...

    3964 DPushes remaining with DInf 0.0000000e+00                14s
       0 DPushes remaining with DInf 0.0000000e+00                15s

   20341 PPushes remaining with PInf 0.0000000e+00                15s
       0 PPushes remaining with PInf 0.0000000e+00                15s

  Push phase complete: Pinf 0.0000000e+00, Dinf 7.2009954e-11     15s


Root simplex log...

Iteration    Objective       Primal Inf.    Dual Inf.      Time
   24287    6.5165295e+06   0.000000e+00   0.000000e+00     15s
Crossover time: 0.65 seconds (0.52 work units)
Concurrent spin time: 2.28s (can be avoided by choosing Method=3)

Solved with barrier

Root relaxation: objective 6.516529e+06, 24287 iterations, 14.10 seconds (13.05 work units)

    Nodes    |    Current Node    |     Objective Bounds      |     Work
 Expl Unexpl |  Obj  Depth IntInf | Incumbent    BestBd   Gap | It/Node Time

     0     0 6516529.47    0   34 1.0521e+07 6516529.47  38.1%     -   17s
H    0     0                    6793121.9605 6516529.47  4.07%     -   17s
H    0     0                    6740952.0000 6516529.47  3.33%     -   17s
     0     0 6516957.88    0   35 6740952.00 6516957.88  3.32%     -   66s
H    0     0                    6707390.0000 6516964.81  2.84%     -   67s
     0     0 6516977.04    0   33 6707390.00 6516977.04  2.84%     -   86s
     0     0 6516977.04    0   33 6707390.00 6516977.04  2.84%     -   87s
     0     0 6517073.77    0   33 6707390.00 6517073.77  2.84%     -  115s
H    0     0                    6689496.6667 6517075.21  2.58%     -  116s
H    0     0                    6688473.0000 6517075.21  2.56%     -  116s
     0     0 6517082.83    0   34 6688473.00 6517082.83  2.56%     -  127s
     0     0 6517085.32    0   36 6688473.00 6517085.32  2.56%     -  149s
     0     0 6517085.32    0   36 6688473.00 6517085.32  2.56%     -  151s
     0     0 6517143.46    0   33 6688473.00 6517143.46  2.56%     -  181s
H    0     0                    6643996.0637 6517144.42  1.91%     -  182s
     0     0 6517144.90    0   36 6643996.06 6517144.90  1.91%     -  195s
     0     0 6517192.14    0   29 6643996.06 6517192.14  1.91%     -  222s
H    0     0                    6624729.0000 6517194.28  1.62%     -  222s
     0     0 6517194.28    0   29 6624729.00 6517194.28  1.62%     -  228s
     0     0 6517194.28    0   32 6624729.00 6517194.28  1.62%     -  247s
H    0     0                    6613269.0000 6517194.28  1.45%     -  248s
     0     0 6517194.28    0   28 6613269.00 6517194.28  1.45%     -  258s
     0     0 6517194.28    0   29 6613269.00 6517194.28  1.45%     -  268s
     0     0 6517194.94    0   29 6613269.00 6517194.94  1.45%     -  269s
H    0     0                    6612152.9382 6517194.94  1.44%     -  292s
H    0     0                    6584141.7785 6517194.94  1.02%     -  293s
H    0     0                    6556202.8877 6517194.94  0.59%     -  293s
H    0     0                    6547239.6130 6517194.94  0.46%     -  293s
H    0     0                    6536457.6633 6517194.94  0.29%     -  294s
     0     2 6517195.19    0   29 6536457.66 6517195.19  0.29%     -  308s
     1     3 6517366.19    1   33 6536457.66 6517248.57  0.29%  4456  337s
     2     4 6517336.17    1   31 6536457.66 6517336.17  0.29%  3340  358s
     3     5 6517613.18    2   35 6536457.66 6517338.33  0.29%  5317  426s
     4     6 6517556.31    2   33 6536457.66 6517338.33  0.29%  5279  486s
     5     9 6517718.47    2   32 6536457.66 6517342.08  0.29%  4646  559s
     8    15 6518323.77    3   34 6536457.66 6517561.96  0.29%  4675  694s
    14    21 6518815.59    4   30 6536457.66 6517653.33  0.29%  5058 1161s
    20    42 6517827.96    4   34 6536457.66 6517716.56  0.29%  7031 1232s
    41    66 6517836.83    5   30 6536457.66 6517829.54  0.28% 32665 1322s
    65    79 6517935.19    6   31 6536457.66 6517885.50  0.28% 35424 1737s
    78    85 6519970.92    8   29 6536457.66 6517885.50  0.28% 29909 2192s
    84   140 6519077.46   10   28 6536457.66 6517885.50  0.28% 28665 2551s
H   89   140                    6535649.4617 6517885.50  0.27% 28421 2551s
   139   157 6519126.93   11   28 6535649.46 6518039.74  0.27% 28423 2968s
   156   160 6519237.37   12   25 6535649.46 6518039.74  0.27% 25583 3429s

Cutting planes:
  Implied bound: 5047
  MIR: 606
  Flow cover: 129
  Relax-and-lift: 55

Explored 159 nodes (4066642 simplex iterations) in 3599.57 seconds (1857.99 work units)
Thread count was 32 (of 32 available processors)

Solution count 10: 6.53565e+06 6.54724e+06 6.5562e+06 ... 6.6895e+06

Time limit reached
Best objective 6.535649461739e+06, best bound 6.518039736259e+06, gap 0.2694%
