
Gurobi 13.0.2 (win64) logging started Tue Jul 14 10:17:58 2026

Set parameter LogFile to value "logs/PSC4-C3-100-5_m0_exact_s0_20260714-101758.gurobi.log"
Set parameter Seed to value 0
Set parameter TimeLimit to value 3599.4731481
Set parameter NodefileStart to value 4
Set parameter MIPGap to value 0
Set parameter MIPGapAbs to value 0.9999
Set parameter Cutoff to value 1e+100
Gurobi Optimizer version 13.0.2 build v13.0.2rc1 (win64 - Windows 11+.0 (26200.2))

CPU model: Intel(R) Core(TM) i9-14900HX, instruction set [SSE2|AVX|AVX2]
Thread count: 24 physical cores, 32 logical processors, using up to 32 threads

Non-default parameters:
TimeLimit  3599.4731481
MIPGap  0
MIPGapAbs  0.9999
NodefileStart  4

Optimize a model with 4500 rows, 500300 columns and 1401500 nonzeros (Min)
Model fingerprint: 0x6b2b14ac
Model has 500300 linear objective coefficients
Variable types: 500000 continuous, 300 integer (300 binary)
Coefficient statistics:
  Matrix range     [1e+00, 2e+03]
  Objective range  [4e+01, 3e+04]
  Bounds range     [1e+00, 1e+00]
  RHS range        [1e+01, 2e+01]

Using branch priorities.
Found heuristic solution: objective 3.287076e+07
Presolve time: 1.74s
Presolved: 4500 rows, 500300 columns, 1401500 nonzeros
Variable types: 500000 continuous, 300 integer (300 binary)
Deterministic concurrent LP optimizer: primal simplex, dual simplex, and barrier
Showing barrier log only...

Root barrier log...

Ordering time: 0.27s

Barrier statistics:
 AA' NZ     : 9.040e+05
 Factor NZ  : 2.417e+06 (roughly 200 MB of memory)
 Factor Ops : 1.462e+09 (less than 1 second per iteration)
 Threads    : 22

                  Objective                Residual
Iter       Primal          Dual         Primal    Dual     Compl     Time
   0   1.10554795e+12 -1.31350983e+11  1.03e+05 2.24e+03  4.39e+06     3s
   1   5.82817909e+11 -9.87129759e+10  5.44e+04 4.90e+02  2.33e+06     3s
   2   4.65481265e+10 -5.02309994e+10  4.33e+03 5.53e-10  2.25e+05     3s
   3   8.25017577e+09 -9.13111530e+09  7.58e+02 1.02e-10  3.64e+04     3s
   4   4.07993379e+08 -5.51151728e+09  4.41e+00 2.47e-10  5.97e+03     3s
   5   1.91748869e+08 -1.50992062e+09  3.11e-03 6.91e-11  1.69e+03     3s
   6   7.21472157e+07 -2.15466087e+08  5.08e-04 1.21e-11  2.86e+02     3s
   7   6.49205050e+07 -1.63403421e+08  4.10e-04 1.11e-11  2.27e+02     3s
   8   5.28234443e+07 -1.22156092e+08  2.22e-04 8.87e-12  1.74e+02     4s
   9   4.83056497e+07 -9.15114929e+07  1.75e-04 7.50e-12  1.39e+02     4s
  10   3.49618450e+07 -1.96176073e+07  1.26e-05 2.84e-12  5.43e+01     4s
  11   2.86951038e+07  1.33224351e+07  3.14e-06 2.31e-12  1.53e+01     4s
  12   2.81513371e+07  1.78287461e+07  2.55e-06 2.02e-12  1.03e+01     4s
  13   2.75660839e+07  2.07160892e+07  1.93e-06 2.19e-12  6.82e+00     4s
  14   2.67600456e+07  2.30563334e+07  1.12e-06 2.09e-12  3.68e+00     4s
  15   2.63790320e+07  2.33896447e+07  7.38e-07 2.06e-12  2.97e+00     4s
  16   2.61855036e+07  2.40366674e+07  5.63e-07 2.24e-12  2.14e+00     4s
  17   2.59723763e+07  2.43888828e+07  3.81e-07 2.11e-12  1.58e+00     4s
  18   2.57341448e+07  2.46443672e+07  1.95e-07 2.10e-12  1.08e+00     4s
  19   2.55222009e+07  2.50094221e+07  5.67e-08 2.19e-12  5.10e-01     5s
  20   2.54806932e+07  2.51593836e+07  3.68e-08 2.03e-12  3.20e-01     5s
  21   2.54083707e+07  2.52672585e+07  4.66e-09 1.99e-12  1.40e-01     5s
  22   2.54004088e+07  2.53142149e+07  2.54e-09 2.13e-12  8.58e-02     5s
  23   2.53945587e+07  2.53480002e+07  9.05e-10 1.96e-12  4.63e-02     5s
  24   2.53919184e+07  2.53592835e+07  3.27e-10 2.10e-12  3.25e-02     5s
  25   2.53905299e+07  2.53771426e+07  1.14e-10 2.09e-12  1.33e-02     5s
  26   2.53901185e+07  2.53832314e+07  5.79e-11 2.09e-12  6.85e-03     5s
  27   2.53897514e+07  2.53860674e+07  2.31e-11 1.86e-12  3.67e-03     5s
  28   2.53896320e+07  2.53873818e+07  1.40e-11 1.89e-12  2.24e-03     5s
  29   2.53895058e+07  2.53887271e+07  5.37e-12 2.07e-12  7.75e-04     5s
  30   2.53894669e+07  2.53890260e+07  6.03e-12 2.00e-12  4.39e-04     5s
  31   2.53894440e+07  2.53892199e+07  8.24e-12 1.95e-12  2.23e-04     6s
  32   2.53894220e+07  2.53893294e+07  1.77e-11 1.96e-12  9.21e-05     6s
  33   2.53894150e+07  2.53893828e+07  4.38e-11 1.96e-12  3.20e-05     6s
  34   2.53894099e+07  2.53893969e+07  2.33e-10 1.99e-12  1.29e-05     6s
  35   2.53894085e+07  2.53894077e+07  2.51e-10 2.10e-12  7.89e-07     6s
  36   2.53894080e+07  2.53894079e+07  2.60e-09 2.06e-12  1.09e-07     6s
  37   2.53894079e+07  2.53894079e+07  1.08e-08 2.26e-12  1.16e-08     6s
  38   2.53894079e+07  2.53894079e+07  4.52e-11 2.26e-12  8.22e-11     6s

Barrier solved model in 38 iterations and 6.19 seconds (8.24 work units)
Optimal objective 2.53894079e+07


Root crossover log...

    1563 DPushes remaining with DInf 0.0000000e+00                 6s
       0 DPushes remaining with DInf 0.0000000e+00                 6s

     718 PPushes remaining with PInf 0.0000000e+00                 6s
       0 PPushes remaining with PInf 0.0000000e+00                 6s

  Push phase complete: Pinf 0.0000000e+00, Dinf 5.3858862e-10      6s


Root simplex log...

Iteration    Objective       Primal Inf.    Dual Inf.      Time
    2284    2.5389408e+07   0.000000e+00   0.000000e+00      6s
Crossover time: 0.14 seconds (0.16 work units)
Concurrent spin time: 0.00s

Solved with barrier

Root relaxation: objective 2.538941e+07, 2284 iterations, 4.44 seconds (5.17 work units)

    Nodes    |    Current Node    |     Objective Bounds      |     Work
 Expl Unexpl |  Obj  Depth IntInf | Incumbent    BestBd   Gap | It/Node Time

     0     0 2.5389e+07    0  245 3.2871e+07 2.5389e+07  22.8%     -    6s
H    0     0                    2.821528e+07 2.5389e+07  10.0%     -    6s
H    0     0                    2.798714e+07 2.5389e+07  9.28%     -    6s
H    0     0                    2.796216e+07 2.5389e+07  9.20%     -    6s
     0     0 2.5413e+07    0  243 2.7962e+07 2.5413e+07  9.12%     -   41s
H    0     0                    2.783637e+07 2.5413e+07  8.71%     -   41s
H    0     0                    2.783637e+07 2.5413e+07  8.71%     -   41s
H    0     0                    2.782393e+07 2.5413e+07  8.67%     -   41s
     0     0 2.5424e+07    0  246 2.7824e+07 2.5424e+07  8.63%     -   81s
     0     0 2.5428e+07    0  244 2.7824e+07 2.5428e+07  8.61%     -  111s
     0     0 2.5428e+07    0  246 2.7824e+07 2.5428e+07  8.61%     -  127s
     0     0 2.5428e+07    0  246 2.7824e+07 2.5428e+07  8.61%     -  139s
     0     0 2.5429e+07    0  245 2.7824e+07 2.5429e+07  8.61%     -  146s
     0     0 2.5429e+07    0  245 2.7824e+07 2.5429e+07  8.61%     -  149s
     0     0 2.5443e+07    0  246 2.7824e+07 2.5443e+07  8.56%     -  196s
H    0     0                    2.749332e+07 2.5443e+07  7.46%     -  196s
H    0     0                    2.747389e+07 2.5443e+07  7.39%     -  196s
H    0     0                    2.745470e+07 2.5443e+07  7.33%     -  196s
H    0     0                    2.745469e+07 2.5443e+07  7.33%     -  196s
H    0     0                    2.743759e+07 2.5443e+07  7.27%     -  196s
H    0     0                    2.743756e+07 2.5443e+07  7.27%     -  196s
H    0     0                    2.743756e+07 2.5443e+07  7.27%     -  196s
H    0     0                    2.743755e+07 2.5443e+07  7.27%     -  196s
H    0     0                    2.742440e+07 2.5443e+07  7.23%     -  196s
H    0     0                    2.737492e+07 2.5443e+07  7.06%     -  196s
H    0     0                    2.736793e+07 2.5443e+07  7.04%     -  197s
H    0     0                    2.735950e+07 2.5443e+07  7.01%     -  197s
H    0     0                    2.735449e+07 2.5443e+07  6.99%     -  197s
     0     0 2.5455e+07    0  248 2.7354e+07 2.5455e+07  6.94%     -  247s
     0     0 2.5461e+07    0  245 2.7354e+07 2.5461e+07  6.92%     -  289s
     0     0 2.5464e+07    0  244 2.7354e+07 2.5464e+07  6.91%     -  319s
     0     0 2.5464e+07    0  245 2.7354e+07 2.5464e+07  6.91%     -  342s
     0     0 2.5465e+07    0  245 2.7354e+07 2.5465e+07  6.91%     -  358s
     0     0 2.5465e+07    0  245 2.7354e+07 2.5465e+07  6.91%     -  370s
     0     0 2.5465e+07    0  246 2.7354e+07 2.5465e+07  6.91%     -  378s
     0     0 2.5476e+07    0  245 2.7354e+07 2.5476e+07  6.87%     -  437s
H    0     0                    2.701961e+07 2.5476e+07  5.71%     -  440s
H    0     0                    2.698315e+07 2.5476e+07  5.59%     -  440s
H    0     0                    2.697920e+07 2.5476e+07  5.57%     -  446s
H    0     0                    2.697620e+07 2.5476e+07  5.56%     -  446s
H    0     0                    2.696387e+07 2.5476e+07  5.52%     -  446s
H    0     0                    2.693892e+07 2.5476e+07  5.43%     -  446s
H    0     0                    2.693524e+07 2.5476e+07  5.42%     -  446s
H    0     0                    2.692086e+07 2.5476e+07  5.37%     -  446s
H    0     0                    2.691320e+07 2.5476e+07  5.34%     -  446s
H    0     0                    2.689850e+07 2.5476e+07  5.29%     -  446s
H    0     0                    2.689588e+07 2.5476e+07  5.28%     -  447s
H    0     0                    2.689505e+07 2.5476e+07  5.28%     -  447s
H    0     0                    2.689407e+07 2.5476e+07  5.27%     -  448s
     0     0 2.5487e+07    0  245 2.6894e+07 2.5487e+07  5.23%     -  514s
     0     0 2.5493e+07    0  246 2.6894e+07 2.5493e+07  5.21%     -  567s
     0     0 2.5496e+07    0  247 2.6894e+07 2.5496e+07  5.20%     -  613s
     0     0 2.5497e+07    0  244 2.6894e+07 2.5497e+07  5.20%     -  646s
     0     0 2.5497e+07    0  247 2.6894e+07 2.5497e+07  5.20%     -  675s
     0     0 2.5497e+07    0  245 2.6894e+07 2.5497e+07  5.19%     -  696s
     0     0 2.5497e+07    0  245 2.6894e+07 2.5497e+07  5.19%     -  710s
     0     0 2.5506e+07    0  248 2.6894e+07 2.5506e+07  5.16%     -  789s
H    0     0                    2.673123e+07 2.5506e+07  4.59%     -  805s
H    0     0                    2.669330e+07 2.5506e+07  4.45%     -  806s
H    0     0                    2.667188e+07 2.5506e+07  4.37%     -  824s
H    0     0                    2.666087e+07 2.5506e+07  4.33%     -  846s
H    0     0                    2.665883e+07 2.5506e+07  4.33%     -  846s
H    0     0                    2.664814e+07 2.5506e+07  4.29%     -  846s
H    0     0                    2.664026e+07 2.5506e+07  4.26%     -  846s
H    0     0                    2.662056e+07 2.5506e+07  4.19%     -  848s
H    0     0                    2.661950e+07 2.5506e+07  4.18%     -  849s
H    0     0                    2.661813e+07 2.5506e+07  4.18%     -  849s
H    0     0                    2.660856e+07 2.5506e+07  4.15%     -  850s
H    0     0                    2.660844e+07 2.5506e+07  4.14%     -  855s
H    0     0                    2.659065e+07 2.5506e+07  4.08%     -  857s
     0     0 2.5515e+07    0  246 2.6591e+07 2.5515e+07  4.04%     -  947s
     0     0 2.5521e+07    0  248 2.6591e+07 2.5521e+07  4.02%     - 1016s
     0     0 2.5524e+07    0  245 2.6591e+07 2.5524e+07  4.01%     - 1067s
     0     0 2.5524e+07    0  245 2.6591e+07 2.5524e+07  4.01%     - 1107s
     0     0 2.5525e+07    0  244 2.6591e+07 2.5525e+07  4.01%     - 1138s
     0     0 2.5525e+07    0  245 2.6591e+07 2.5525e+07  4.01%     - 1155s
     0     0 2.5534e+07    0  246 2.6591e+07 2.5534e+07  3.98%     - 2024s
H    0     0                    2.657730e+07 2.5534e+07  3.93%     - 2054s
H    0     0                    2.651324e+07 2.5534e+07  3.70%     - 2055s
H    0     0                    2.647336e+07 2.5534e+07  3.55%     - 2152s
H    0     0                    2.645617e+07 2.5534e+07  3.49%     - 2152s
H    0     0                    2.645494e+07 2.5534e+07  3.48%     - 2152s
H    0     0                    2.644730e+07 2.5534e+07  3.45%     - 2152s
H    0     0                    2.644492e+07 2.5534e+07  3.45%     - 2157s
H    0     0                    2.643932e+07 2.5534e+07  3.43%     - 2157s
H    0     0                    2.643789e+07 2.5534e+07  3.42%     - 2162s
H    0     0                    2.642731e+07 2.5534e+07  3.38%     - 2169s
H    0     0                    2.641945e+07 2.5534e+07  3.35%     - 2177s
H    0     0                    2.641911e+07 2.5534e+07  3.35%     - 2189s
H    0     0                    2.641845e+07 2.5534e+07  3.35%     - 2189s
H    0     0                    2.641213e+07 2.5534e+07  3.33%     - 2189s
     0     0 2.5542e+07    0  245 2.6412e+07 2.5542e+07  3.30%     - 2286s
     0     0 2.5546e+07    0  247 2.6412e+07 2.5546e+07  3.28%     - 2352s
     0     0 2.5549e+07    0  247 2.6412e+07 2.5549e+07  3.27%     - 2404s
     0     0 2.5550e+07    0  247 2.6412e+07 2.5550e+07  3.27%     - 2447s
     0     0 2.5550e+07    0  246 2.6412e+07 2.5550e+07  3.26%     - 2475s
     0     0 2.5550e+07    0  248 2.6412e+07 2.5550e+07  3.26%     - 2498s
     0     0 2.5558e+07    0  246 2.6412e+07 2.5558e+07  3.24%     - 2576s
H    0     0                    2.635466e+07 2.5558e+07  3.02%     - 2620s
H    0     0                    2.631209e+07 2.5558e+07  2.87%     - 2621s
H    0     0                    2.630508e+07 2.5558e+07  2.84%     - 2654s
H    0     0                    2.629930e+07 2.5558e+07  2.82%     - 2835s
H    0     0                    2.628958e+07 2.5558e+07  2.78%     - 2835s
H    0     0                    2.628814e+07 2.5558e+07  2.78%     - 2835s
H    0     0                    2.628803e+07 2.5558e+07  2.78%     - 2835s
H    0     0                    2.628029e+07 2.5558e+07  2.75%     - 2835s
H    0     0                    2.627814e+07 2.5558e+07  2.74%     - 2846s
H    0     0                    2.626753e+07 2.5558e+07  2.70%     - 2846s
H    0     0                    2.626698e+07 2.5558e+07  2.70%     - 2880s
H    0     0                    2.626338e+07 2.5558e+07  2.69%     - 2880s
H    0     0                    2.626298e+07 2.5558e+07  2.69%     - 2880s
H    0     0                    2.626277e+07 2.5558e+07  2.68%     - 2931s
     0     0 2.5564e+07    0  244 2.6263e+07 2.5564e+07  2.66%     - 3011s
     0     0 2.5568e+07    0  245 2.6263e+07 2.5568e+07  2.65%     - 3077s
     0     0 2.5569e+07    0  245 2.6263e+07 2.5569e+07  2.64%     - 3124s
     0     0 2.5570e+07    0  245 2.6263e+07 2.5570e+07  2.64%     - 3166s
     0     0 2.5570e+07    0  245 2.6263e+07 2.5570e+07  2.64%     - 3194s
     0     0 2.5576e+07    0  244 2.6263e+07 2.5576e+07  2.62%     - 3285s

Cutting planes:
  Implied bound: 14460
  MIR: 315
  Flow cover: 174
  Relax-and-lift: 156

Explored 1 nodes (459482 simplex iterations) in 3599.61 seconds (9214.86 work units)
Thread count was 32 (of 32 available processors)

Solution count 10: 2.62628e+07 2.6263e+07 2.62634e+07 ... 2.62896e+07

Time limit reached
Best objective 2.626277200000e+07, best bound 2.557586355952e+07, gap 2.6155%
