
Gurobi 13.0.2 (win64) logging started Tue Jul 14 09:17:55 2026

Set parameter LogFile to value "logs/PSC4-C3-100-10_m0_exact_s0_20260714-091754.gurobi.log"
Set parameter Seed to value 0
Set parameter TimeLimit to value 3598.9278609
Set parameter NodefileStart to value 4
Set parameter MIPGap to value 0
Set parameter MIPGapAbs to value 0.9999
Set parameter Cutoff to value 1e+100
Gurobi Optimizer version 13.0.2 build v13.0.2rc1 (win64 - Windows 11+.0 (26200.2))

CPU model: Intel(R) Core(TM) i9-14900HX, instruction set [SSE2|AVX|AVX2]
Thread count: 24 physical cores, 32 logical processors, using up to 32 threads

Non-default parameters:
TimeLimit  3598.9278609
MIPGap  0
MIPGapAbs  0.9999
NodefileStart  4

Optimize a model with 9000 rows, 1000300 columns and 2803000 nonzeros (Min)
Model fingerprint: 0xb2e29381
Model has 1000300 linear objective coefficients
Variable types: 1000000 continuous, 300 integer (300 binary)
Coefficient statistics:
  Matrix range     [1e+00, 2e+03]
  Objective range  [4e+01, 3e+04]
  Bounds range     [1e+00, 1e+00]
  RHS range        [1e+01, 2e+01]

Using branch priorities.
Found heuristic solution: objective 6.103065e+07
Presolve time: 2.44s
Presolved: 9000 rows, 1000300 columns, 2803000 nonzeros
Variable types: 1000000 continuous, 300 integer (300 binary)
Deterministic concurrent LP optimizer: primal simplex, dual simplex, and barrier
Showing barrier log only...

Root barrier log...

Ordering time: 0.53s

Barrier statistics:
 AA' NZ     : 1.816e+06
 Factor NZ  : 6.644e+06 (roughly 500 MB of memory)
 Factor Ops : 6.854e+09 (less than 1 second per iteration)
 Threads    : 22

                  Objective                Residual
Iter       Primal          Dual         Primal    Dual     Compl     Time
   0   2.19930346e+12 -2.76650292e+11  1.03e+05 0.00e+00  4.79e+06     5s
   1   1.56655832e+12 -1.94558743e+11  7.32e+04 4.37e-11  3.47e+06     5s
   2   9.06945465e+10 -9.69376112e+10  4.20e+03 1.34e-09  2.36e+05     5s
   3   1.04026801e+09 -3.34687003e+10  5.82e+00 2.73e-08  1.73e+04     5s
   4   6.33054107e+08 -1.88857639e+09  3.74e-13 1.18e-09  1.25e+03     6s
   5   1.67226729e+08 -5.64432542e+08  7.39e-13 3.43e-10  3.64e+02     6s
   6   1.38112542e+08 -4.75817212e+08  6.82e-13 2.91e-10  3.05e+02     6s
   7   1.22969515e+08 -3.16700341e+08  3.69e-13 1.76e-10  2.19e+02     6s
   8   9.75885046e+07 -1.93567902e+08  3.34e-13 1.11e-10  1.45e+02     6s
   9   8.27209127e+07 -7.93533145e+07  6.96e-13 6.02e-11  8.06e+01     7s
  10   5.80216774e+07  2.83642527e+07  3.41e-13 8.05e-12  1.48e+01     7s
  11   5.55347589e+07  3.79615757e+07  1.92e-13 4.60e-12  8.74e+00     7s
  12   5.30561302e+07  4.45033615e+07  1.39e-13 2.12e-12  4.26e+00     8s
  13   5.24819136e+07  4.66330140e+07  1.12e-13 2.16e-12  2.91e+00     8s
  14   5.19256302e+07  4.75416643e+07  8.97e-14 2.21e-12  2.18e+00     8s
  15   5.18323190e+07  4.81472997e+07  9.06e-14 2.31e-12  1.83e+00     8s
  16   5.15772818e+07  4.88441474e+07  5.95e-14 2.25e-12  1.36e+00     8s
  17   5.09570803e+07  4.94104915e+07  9.33e-14 2.21e-12  7.70e-01     9s
  18   5.05988043e+07  5.00046919e+07  7.99e-14 1.97e-12  2.96e-01     9s
  19   5.05300784e+07  5.02437898e+07  3.64e-13 2.11e-12  1.42e-01     9s
  20   5.05022456e+07  5.03247410e+07  5.92e-13 2.27e-12  8.83e-02     9s
  21   5.04869528e+07  5.03671968e+07  9.30e-13 2.09e-12  5.96e-02    10s
  22   5.04812051e+07  5.03924976e+07  9.37e-13 2.27e-12  4.41e-02    10s
  23   5.04742075e+07  5.04079923e+07  7.58e-13 2.09e-12  3.29e-02    10s
  24   5.04703156e+07  5.04248467e+07  1.31e-12 2.33e-12  2.26e-02    10s
  25   5.04688661e+07  5.04328471e+07  9.38e-13 2.13e-12  1.79e-02    10s
  26   5.04656459e+07  5.04429583e+07  1.80e-12 2.47e-12  1.13e-02    11s
  27   5.04643900e+07  5.04523707e+07  2.32e-12 2.20e-12  5.98e-03    11s
  28   5.04634703e+07  5.04547209e+07  5.28e-12 2.30e-12  4.35e-03    11s
  29   5.04630582e+07  5.04565861e+07  5.27e-12 2.08e-12  3.22e-03    11s
  30   5.04628166e+07  5.04581482e+07  5.51e-12 2.09e-12  2.32e-03    11s
  31   5.04625618e+07  5.04596456e+07  1.64e-11 2.09e-12  1.45e-03    12s
  32   5.04623125e+07  5.04600004e+07  1.12e-11 2.25e-12  1.15e-03    12s
  33   5.04622157e+07  5.04606827e+07  1.01e-11 2.25e-12  7.63e-04    12s
  34   5.04621746e+07  5.04612380e+07  1.09e-11 2.02e-12  4.66e-04    12s
  35   5.04621317e+07  5.04615101e+07  1.52e-11 2.08e-12  3.09e-04    13s
  36   5.04620995e+07  5.04617874e+07  2.10e-11 2.17e-12  1.55e-04    13s
  37   5.04620922e+07  5.04618445e+07  3.33e-11 2.18e-12  1.23e-04    13s
  38   5.04620735e+07  5.04618773e+07  5.63e-11 2.34e-12  9.76e-05    13s
  39   5.04620681e+07  5.04619188e+07  3.77e-11 2.18e-12  7.43e-05    13s
  40   5.04620616e+07  5.04620029e+07  8.30e-11 2.16e-12  2.92e-05    13s
  41   5.04620575e+07  5.04620324e+07  9.53e-11 2.12e-12  1.25e-05    14s
  42   5.04620547e+07  5.04620391e+07  1.72e-10 2.07e-12  7.78e-06    14s
  43   5.04620523e+07  5.04620452e+07  2.93e-10 1.98e-12  3.54e-06    14s
  44   5.04620513e+07  5.04620466e+07  3.44e-10 2.05e-12  2.31e-06    14s
  45   5.04620505e+07  5.04620482e+07  3.48e-10 2.12e-12  1.14e-06    14s
  46   5.04620500e+07  5.04620490e+07  4.51e-10 2.03e-12  4.90e-07    14s
  47   5.04620497e+07  5.04620494e+07  4.96e-10 1.91e-12  1.47e-07    15s
  48   5.04620497e+07  5.04620496e+07  1.55e-10 2.04e-12  2.41e-08    15s
  49   5.04620497e+07  5.04620497e+07  4.23e-11 2.16e-12  2.04e-09    15s

Barrier solved model in 49 iterations and 14.96 seconds (19.74 work units)
Optimal objective 5.04620497e+07


Root crossover log...

    2776 DPushes remaining with DInf 0.0000000e+00                15s
       0 DPushes remaining with DInf 0.0000000e+00                15s

    3737 PPushes remaining with PInf 0.0000000e+00                15s
       0 PPushes remaining with PInf 0.0000000e+00                15s

  Push phase complete: Pinf 0.0000000e+00, Dinf 1.3362651e-09     15s


Root simplex log...

Iteration    Objective       Primal Inf.    Dual Inf.      Time
    6514    5.0462050e+07   0.000000e+00   0.000000e+00     16s
Crossover time: 0.50 seconds (0.55 work units)
Concurrent spin time: 0.00s

Solved with barrier

Root relaxation: objective 5.046205e+07, 6514 iterations, 12.72 seconds (13.71 work units)

    Nodes    |    Current Node    |     Objective Bounds      |     Work
 Expl Unexpl |  Obj  Depth IntInf | Incumbent    BestBd   Gap | It/Node Time

     0     0 5.0462e+07    0  256 6.1031e+07 5.0462e+07  17.3%     -   16s
H    0     0                    5.354416e+07 5.0462e+07  5.76%     -   16s
H    0     0                    5.338267e+07 5.0462e+07  5.47%     -   16s
H    0     0                    5.333448e+07 5.0462e+07  5.39%     -   16s
     0     0 5.0491e+07    0  260 5.3334e+07 5.0491e+07  5.33%     -  222s
H    0     0                    5.331275e+07 5.0491e+07  5.29%     -  223s
H    0     0                    5.326136e+07 5.0491e+07  5.20%     -  223s
     0     0 5.0515e+07    0  258 5.3261e+07 5.0515e+07  5.16%     -  486s
     0     0 5.0529e+07    0  259 5.3261e+07 5.0529e+07  5.13%     -  778s
     0     0 5.0537e+07    0  261 5.3261e+07 5.0537e+07  5.12%     - 1004s
     0     0 5.0539e+07    0  258 5.3261e+07 5.0539e+07  5.11%     - 1210s
     0     0 5.0539e+07    0  259 5.3261e+07 5.0539e+07  5.11%     - 1328s
     0     0 5.0539e+07    0  257 5.3261e+07 5.0539e+07  5.11%     - 1397s
     0     0 5.0539e+07    0  257 5.3261e+07 5.0539e+07  5.11%     - 1429s
     0     0 5.0539e+07    0  256 5.3261e+07 5.0539e+07  5.11%     - 1440s
     0     0 5.0556e+07    0  257 5.3261e+07 5.0556e+07  5.08%     - 1754s
H    0     0                    5.281260e+07 5.0556e+07  4.27%     - 1755s
H    0     0                    5.278153e+07 5.0556e+07  4.22%     - 1755s
H    0     0                    5.278148e+07 5.0556e+07  4.22%     - 1755s
H    0     0                    5.276272e+07 5.0556e+07  4.18%     - 1755s
H    0     0                    5.273673e+07 5.0556e+07  4.14%     - 1755s
H    0     0                    5.271550e+07 5.0556e+07  4.10%     - 1755s
H    0     0                    5.271370e+07 5.0556e+07  4.09%     - 1755s
H    0     0                    5.270627e+07 5.0556e+07  4.08%     - 1755s
H    0     0                    5.269820e+07 5.0556e+07  4.07%     - 1755s
H    0     0                    5.269215e+07 5.0556e+07  4.05%     - 1755s
     0     0 5.0568e+07    0  258 5.2692e+07 5.0568e+07  4.03%     - 2055s
     0     0 5.0586e+07    0  260 5.2692e+07 5.0586e+07  4.00%     - 2416s
     0     0 5.0598e+07    0  262 5.2692e+07 5.0598e+07  3.98%     - 2758s
     0     0 5.0605e+07    0  259 5.2692e+07 5.0605e+07  3.96%     - 3098s
     0     0 5.0608e+07    0  260 5.2692e+07 5.0608e+07  3.96%     - 3344s
     0     0 5.0609e+07    0  260 5.2692e+07 5.0609e+07  3.95%     - 3554s
     0     0          -    0      5.2692e+07 5.0609e+07  3.95%     - 3598s

Cutting planes:
  Implied bound: 9113
  MIR: 183
  Flow cover: 96
  Relax-and-lift: 273

Explored 1 nodes (379633 simplex iterations) in 3598.98 seconds (6047.18 work units)
Thread count was 32 (of 32 available processors)

Solution count 10: 5.26922e+07 5.26982e+07 5.27063e+07 ... 5.32614e+07

Time limit reached
Best objective 5.269215200000e+07, best bound 5.060893236033e+07, gap 3.9536%
