
Gurobi 13.0.2 (win64) logging started Tue Jul 14 05:42:46 2026

Set parameter LogFile to value "logs/PSC4-C1-50-5_m0_exact_s0_20260714-054246.gurobi.log"
Set parameter Seed to value 0
Set parameter TimeLimit to value 3599.8515357
Set parameter NodefileStart to value 4
Set parameter MIPGap to value 0
Set parameter MIPGapAbs to value 0.9999
Set parameter Cutoff to value 1e+100
Gurobi Optimizer version 13.0.2 build v13.0.2rc1 (win64 - Windows 11+.0 (26200.2))

CPU model: Intel(R) Core(TM) i9-14900HX, instruction set [SSE2|AVX|AVX2]
Thread count: 24 physical cores, 32 logical processors, using up to 32 threads

Non-default parameters:
TimeLimit  3599.8515357
MIPGap  0
MIPGapAbs  0.9999
NodefileStart  4

Optimize a model with 2250 rows, 125150 columns and 350750 nonzeros (Min)
Model fingerprint: 0x11d47e53
Model has 125150 linear objective coefficients
Variable types: 125000 continuous, 150 integer (150 binary)
Coefficient statistics:
  Matrix range     [1e+00, 3e+02]
  Objective range  [4e+01, 3e+04]
  Bounds range     [1e+00, 1e+00]
  RHS range        [1e+01, 2e+01]

Using branch priorities.
Found heuristic solution: objective 3778440.0000
Presolve time: 0.36s
Presolved: 2250 rows, 125150 columns, 350750 nonzeros
Variable types: 125000 continuous, 150 integer (150 binary)
Deterministic concurrent LP optimizer: primal and dual simplex
Showing primal log only...


Root simplex log...

Iteration    Objective       Primal Inf.    Dual Inf.      Time
  160645    1.9061472e+06   0.000000e+00   2.138714e+06      5s
  170499    1.9052674e+06   0.000000e+00   0.000000e+00      5s
Concurrent spin time: 0.00s

Solved with primal simplex

Root relaxation: objective 1.905267e+06, 170499 iterations, 5.04 seconds (7.78 work units)

    Nodes    |    Current Node    |     Objective Bounds      |     Work
 Expl Unexpl |  Obj  Depth IntInf | Incumbent    BestBd   Gap | It/Node Time

     0     0 1905267.35    0   23 3778440.00 1905267.35  49.6%     -    5s
H    0     0                    2085857.8069 1905267.35  8.66%     -    5s
H    0     0                    2085128.9706 1905267.35  8.63%     -    5s
H    0     0                    2038043.0000 1905267.35  6.51%     -    5s
H    0     0                    1913297.0000 1905267.35  0.42%     -    5s
     0     0 1905503.73    0   23 1913297.00 1905503.73  0.41%     -    7s
     0     0 1905515.17    0   22 1913297.00 1905515.17  0.41%     -    7s
     0     0 1905515.17    0   22 1913297.00 1905515.17  0.41%     -    7s
     0     0 1905605.09    0   25 1913297.00 1905605.09  0.40%     -    8s
     0     0 1905623.42    0   20 1913297.00 1905623.42  0.40%     -    9s
     0     0 1905623.51    0   22 1913297.00 1905623.51  0.40%     -    9s
     0     0 1905633.60    0   25 1913297.00 1905633.60  0.40%     -   10s
     0     0 1905640.58    0   22 1913297.00 1905640.58  0.40%     -   10s
     0     0 1905641.56    0   21 1913297.00 1905641.56  0.40%     -   10s
     0     0 1905641.88    0   22 1913297.00 1905641.88  0.40%     -   10s
     0     0 1905647.48    0   19 1913297.00 1905647.48  0.40%     -   11s
     0     0 1905651.55    0   22 1913297.00 1905651.55  0.40%     -   11s
     0     0 1905653.92    0   23 1913297.00 1905653.92  0.40%     -   11s
     0     0 1905654.43    0   21 1913297.00 1905654.43  0.40%     -   11s
     0     0 1905831.99    0   23 1913297.00 1905831.99  0.39%     -   12s
     0     0 1905916.36    0   18 1913297.00 1905916.36  0.39%     -   13s
     0     0 1905917.48    0   20 1913297.00 1905917.48  0.39%     -   13s
     0     0 1905917.48    0   20 1913297.00 1905917.48  0.39%     -   13s
     0     0 1905917.48    0   22 1913297.00 1905917.48  0.39%     -   13s
     0     0 1905917.48    0   22 1913297.00 1905917.48  0.39%     -   14s
     0     0 1905917.48    0   22 1913297.00 1905917.48  0.39%     -   14s
     0     2 1905917.48    0   22 1913297.00 1905917.48  0.39%     -   16s
    15    32 1909931.87    4   17 1913297.00 1905930.11  0.39%  1055   20s
    55   111     cutoff    6      1913297.00 1906065.95  0.38%  1060   26s
   181   180 1912575.72   10   14 1913297.00 1906200.54  0.37%   668   31s
   293   223 1908488.59    7   14 1913297.00 1906200.54  0.37%   601   37s
   400   256 1908614.84    9   18 1913297.00 1906425.50  0.36%   563   41s
   491   288 1909511.69   13    8 1913297.00 1906605.38  0.35%   546   45s
H  561   308                    1912761.0000 1907043.46  0.30%   530   49s
   595   320 1909782.20   15   10 1912761.00 1907050.03  0.30%   522   51s
   705   353 1912642.43    7   14 1912761.00 1907193.21  0.29%   494   56s
   834   402 1910108.57   11   12 1912761.00 1907260.30  0.29%   473   60s
   999   449 1911361.30   13   12 1912761.00 1907310.97  0.28%   449   65s
  1154   477 1911686.93   15   12 1912761.00 1907310.97  0.28%   435   70s
  1306   525 1912036.05   21    9 1912761.00 1907348.24  0.28%   432   75s
  1505   662 1907714.44   37    7 1912761.00 1907349.50  0.28%   422   81s
H 1620   683                    1912574.0000 1907349.50  0.27%   413   84s
H 1621   683                    1912384.0000 1907349.50  0.26%   412   84s
  1647   752 1908529.24   47    4 1912384.00 1907349.50  0.26%   412   87s
  1899  1023 1909977.28   58    3 1912384.00 1907349.50  0.26%   397   92s
  2109  1150 1910597.65   74    2 1912384.00 1907378.97  0.26%   379   95s
  2476  1379 1909533.96   47    8 1912384.00 1907467.17  0.26%   363  100s
  2782  1541 1908692.58   34    7 1912384.00 1907467.85  0.26%   355  107s
  2984  1672 1909085.32   39    6 1912384.00 1907467.85  0.26%   349  110s
H 3243  1502                    1911135.2377 1907737.91  0.18%   343  114s
H 3244  1502                    1911127.9248 1907737.91  0.18%   343  114s
* 3246  1502              62    1911094.0000 1907737.91  0.18%   343  114s
H 3403  1071                    1910307.0000 1907737.91  0.13%   337  120s
H 3403  1037                    1910224.0000 1907737.91  0.13%   337  120s
H 3403   862                    1909878.0000 1907737.91  0.11%   337  120s
  3404   836 1909464.46   43   22 1909878.00 1907737.91  0.11%   337  128s
  3406   837 1908493.21   36   23 1909878.00 1907737.91  0.11%   337  133s
  3407   838 1909313.38   41   29 1909878.00 1907737.91  0.11%   337  135s
  3415   843 1909753.41   42   23 1909878.00 1907737.91  0.11%   336  140s
  3420   847 1909636.12   38   24 1909878.00 1907737.91  0.11%   336  145s
  3428   859 1907737.91   17   19 1909878.00 1907737.91  0.11%   381  151s
  3450   855     cutoff   19      1909878.00 1907737.91  0.11%   386  155s
  3508   832 1908329.03   22   19 1909878.00 1907737.91  0.11%   389  161s
  3589   802 1909004.08   26   18 1909878.00 1907737.91  0.11%   390  165s
  3667   895 1907737.91   40   11 1909878.00 1907737.91  0.11%   391  171s
  3868   973 1907858.76   48    7 1909878.00 1907737.91  0.11%   388  176s
  4147  1054 1908195.71   54    7 1909878.00 1907737.91  0.11%   379  180s
  4303  1085 1908346.51   60    5 1909878.00 1907737.91  0.11%   375  185s
  4517  1155 1908049.14   37    5 1909878.00 1907737.91  0.11%   369  190s
  4738  1211 1908326.49   43    4 1909878.00 1907760.61  0.11%   362  195s
  4995  1266 1908947.49   51    5 1909878.00 1907769.66  0.11%   356  200s
  5354  1428 1908655.61   44    7 1909878.00 1907847.33  0.11%   350  207s
  5724  1489 1909285.10   44    7 1909878.00 1907847.33  0.11%   344  211s
  6125  1620 1908869.36   47   13 1909878.00 1907847.33  0.11%   338  215s
  6528  1819 1908263.47   49    6 1909878.00 1907847.33  0.11%   333  220s
  7017  2017 1908629.08   46    5 1909878.00 1907925.81  0.10%   326  225s
  7459  2284 1909325.25   56    3 1909878.00 1908057.15  0.10%   323  231s
  7956  2588 1909115.19   51    7 1909878.00 1908122.54  0.09%   319  237s
  8242  2737 1908561.31   41    9 1909878.00 1908129.08  0.09%   316  240s
  8875  3120 1909092.35   40   13 1909878.00 1908265.77  0.08%   311  247s
  9209  3267 1909829.31   52    6 1909878.00 1908265.77  0.08%   308  251s
H 9887  3371                    1909720.1485 1908294.21  0.07%   304  254s
* 9888  3330              51    1909659.0000 1908294.21  0.07%   303  254s
  9902  3456 1908971.01   49    7 1909659.00 1908294.21  0.07%   304  258s
 10194  3540 1909304.07   54    5 1909659.00 1908324.58  0.07%   304  261s
 10576  3676 1909499.49   41    9 1909659.00 1908324.58  0.07%   302  266s
 11013  3794 1909546.58   46    5 1909659.00 1908346.57  0.07%   300  270s
 11341  3961 1909260.58   45    7 1909659.00 1908361.68  0.07%   299  275s
 12143  4094 1908899.83   45    7 1909659.00 1908415.09  0.07%   295  284s
 12362  4150     cutoff   46      1909659.00 1908418.18  0.06%   294  288s
 12594  4224     cutoff   47      1909659.00 1908434.53  0.06%   293  292s
 12818  4288     cutoff   48      1909659.00 1908437.03  0.06%   292  296s
 13044  4343     cutoff   49      1909659.00 1908438.09  0.06%   292  301s
 13265  4439 1909126.79   50   11 1909659.00 1908448.17  0.06%   291  308s
 13524  4511     cutoff   50      1909659.00 1908448.17  0.06%   290  314s
 13774  4571     cutoff   52      1909659.00 1908448.17  0.06%   289  320s
 14030  4630     cutoff   53      1909659.00 1908448.17  0.06%   289  326s
 14307  4718 1909327.16   54    6 1909659.00 1908448.17  0.06%   288  333s
 14621  4860     cutoff   54      1909659.00 1908482.68  0.06%   287  340s
 15111  5015     cutoff   56      1909659.00 1908523.58  0.06%   285  346s
 15840  5248 1908858.30   47    9 1909659.00 1908561.74  0.06%   284  354s
 16753  5436     cutoff   54      1909659.00 1908596.49  0.06%   281  363s
 17756  5644 1909011.47   41    8 1909659.00 1908621.42  0.05%   279  371s
 18754  5813 1909096.16   39    8 1909659.00 1908659.37  0.05%   277  381s
 19885  5951 1909293.08   42    5 1909659.00 1908687.52  0.05%   274  392s
 21123  6120 1909645.98   44    5 1909659.00 1908724.64  0.05%   273  403s
 22516  6279 1909340.34   48    9 1909659.00 1908758.52  0.05%   271  416s
 24067  6315 1909361.51   52    5 1909659.00 1908792.00  0.05%   269  448s
 24318  6368 1909458.18   42    5 1909659.00 1908795.23  0.05%   268  464s
 25765  6491 1909414.14   47    4 1909659.00 1908829.05  0.04%   267  479s
 27584  6481     cutoff   45      1909659.00 1908865.33  0.04%   264  489s
 28868  6449 1909305.97   49    2 1909659.00 1908898.37  0.04%   262  499s
 30117  6400     cutoff   50      1909659.00 1908927.94  0.04%   261  509s
 31305  6294 1909211.46   51    7 1909659.00 1908948.04  0.04%   260  519s
 32539  6162 1909184.38   44   10 1909659.00 1908975.36  0.04%   259  530s
 33793  6033 1909364.60   47    4 1909659.00 1909007.43  0.03%   259  540s
 35151  5762     cutoff   43      1909659.00 1909035.21  0.03%   257  551s
 36592  5494 1909386.80   45    7 1909659.00 1909069.95  0.03%   256  563s
 38028  5139     cutoff   44      1909659.00 1909102.35  0.03%   255  575s
 39512  4645     cutoff   44      1909659.00 1909131.62  0.03%   253  587s
 41147  4062     cutoff   49      1909659.00 1909169.65  0.03%   252  600s
 42990  3228     cutoff   41      1909659.00 1909207.73  0.02%   249  613s
 44863  2083     cutoff   51      1909659.00 1909248.69  0.02%   247  626s
 46937   613 1909603.85   46    5 1909659.00 1909332.67  0.02%   245  638s
 49045     0     cutoff   53      1909659.00 1909443.20  0.01%   240  641s

Cutting planes:
  Gomory: 2
  Implied bound: 1034
  MIR: 150
  Flow cover: 137
  Inf proof: 2
  Relax-and-lift: 59

Explored 49725 nodes (11982635 simplex iterations) in 642.05 seconds (972.58 work units)
Thread count was 32 (of 32 available processors)

Solution count 10: 1.90966e+06 1.90988e+06 1.91022e+06 ... 2.03804e+06

Optimal solution found (tolerance 0.00e+00)
Best objective 1.909659000000e+06, best bound 1.909659000000e+06, gap 0.0000%
