
Gurobi 13.0.2 (win64) logging started Tue Jul 14 03:42:42 2026

Set parameter LogFile to value "logs/PSC4-C1-100-5_m0_exact_s0_20260714-034242.gurobi.log"
Set parameter Seed to value 0
Set parameter TimeLimit to value 3599.422233
Set parameter NodefileStart to value 4
Set parameter MIPGap to value 0
Set parameter MIPGapAbs to value 0.9999
Set parameter Cutoff to value 1e+100
Gurobi Optimizer version 13.0.2 build v13.0.2rc1 (win64 - Windows 11+.0 (26200.2))

CPU model: Intel(R) Core(TM) i9-14900HX, instruction set [SSE2|AVX|AVX2]
Thread count: 24 physical cores, 32 logical processors, using up to 32 threads

Non-default parameters:
TimeLimit  3599.422233
MIPGap  0
MIPGapAbs  0.9999
NodefileStart  4

Optimize a model with 4500 rows, 500300 columns and 1401500 nonzeros (Min)
Model fingerprint: 0x5fbaec1f
Model has 500300 linear objective coefficients
Variable types: 500000 continuous, 300 integer (300 binary)
Coefficient statistics:
  Matrix range     [1e+00, 3e+02]
  Objective range  [4e+01, 3e+04]
  Bounds range     [1e+00, 1e+00]
  RHS range        [1e+01, 2e+01]

Using branch priorities.
Found heuristic solution: objective 7522429.0000
Presolve time: 1.83s
Presolved: 4500 rows, 500300 columns, 1401500 nonzeros
Variable types: 500000 continuous, 300 integer (300 binary)
Deterministic concurrent LP optimizer: primal simplex, dual simplex, and barrier
Showing barrier log only...

Root barrier log...

Ordering time: 0.24s

Barrier statistics:
 AA' NZ     : 9.040e+05
 Factor NZ  : 2.417e+06 (roughly 200 MB of memory)
 Factor Ops : 1.462e+09 (less than 1 second per iteration)
 Threads    : 22

                  Objective                Residual
Iter       Primal          Dual         Primal    Dual     Compl     Time
   0   1.73680113e+10 -7.15017683e+09  3.00e+04 0.00e+00  2.17e+05     3s
   1   1.11646427e+10 -5.60953740e+09  1.93e+04 7.28e-12  1.42e+05     3s
   2   2.44221789e+08 -3.61840532e+09  3.99e+02 4.65e-09  6.25e+03     3s
   3   6.62350808e+07 -1.20976933e+09  8.90e+01 1.41e-09  1.64e+03     3s
   4   1.51936941e+07 -2.52261748e+08  6.82e-01 1.84e-10  2.68e+02     3s
   5   1.47105868e+07 -6.21822034e+07  1.46e-13 5.25e-11  7.65e+01     3s
   6   1.42340313e+07 -5.79758431e+07  1.14e-13 4.93e-11  7.18e+01     3s
   7   1.39823072e+07 -5.50922159e+07  9.63e-14 4.63e-11  6.87e+01     4s
   8   8.20078221e+06 -2.16447656e+07  1.38e-13 1.27e-11  2.97e+01     4s
   9   5.92434808e+06 -8.58508682e+06  5.83e-14 5.46e-12  1.44e+01     4s
  10   4.70680566e+06 -2.59999394e+05  4.36e-14 7.96e-13  4.94e+00     4s
  11   4.82474593e+06  7.36372684e+05  1.07e-13 7.67e-13  4.07e+00     4s
  12   4.66865539e+06  1.69532310e+06  5.69e-13 5.97e-13  2.96e+00     4s
  13   4.57484748e+06  2.11456396e+06  5.21e-13 4.55e-13  2.45e+00     4s
  14   4.27446108e+06  2.49791834e+06  2.72e-13 6.25e-13  1.77e+00     4s
  15   4.20223721e+06  2.93319102e+06  3.68e-13 4.41e-13  1.26e+00     4s
  16   4.14035200e+06  3.06795113e+06  3.27e-13 4.26e-13  1.07e+00     5s
  17   4.04076264e+06  3.28601491e+06  4.26e-13 4.85e-13  7.51e-01     5s
  18   3.97276833e+06  3.50181150e+06  6.57e-13 3.57e-13  4.69e-01     5s
  19   3.91287606e+06  3.59739100e+06  9.69e-13 3.37e-13  3.14e-01     5s
  20   3.87516288e+06  3.66721699e+06  2.58e-12 3.44e-13  2.07e-01     5s
  21   3.85956980e+06  3.68266918e+06  2.44e-12 3.99e-13  1.76e-01     5s
  22   3.85331203e+06  3.69073814e+06  2.60e-12 4.35e-13  1.62e-01     5s
  23   3.84214233e+06  3.70114806e+06  2.61e-12 5.00e-13  1.40e-01     5s
  24   3.83743265e+06  3.71957412e+06  2.88e-12 5.03e-13  1.17e-01     6s
  25   3.82347752e+06  3.72634363e+06  1.70e-11 4.76e-13  9.66e-02     6s
  26   3.81677086e+06  3.73633686e+06  4.28e-11 4.81e-13  8.00e-02     6s
  27   3.80653461e+06  3.74396006e+06  5.44e-11 4.89e-13  6.23e-02     6s
  28   3.80060559e+06  3.74902457e+06  4.29e-11 5.26e-13  5.13e-02     6s
  29   3.79348185e+06  3.75550564e+06  1.87e-11 4.28e-13  3.78e-02     6s
  30   3.79168664e+06  3.75736205e+06  1.31e-11 4.99e-13  3.42e-02     6s
  31   3.78527552e+06  3.76132747e+06  3.58e-11 4.32e-13  2.38e-02     7s
  32   3.78186380e+06  3.76763344e+06  3.06e-11 3.74e-13  1.42e-02     7s
  33   3.77894511e+06  3.77080626e+06  5.40e-11 3.42e-13  8.10e-03     7s
  34   3.77702964e+06  3.77198486e+06  1.51e-10 3.68e-13  5.02e-03     7s
  35   3.77600744e+06  3.77332880e+06  6.57e-11 3.58e-13  2.67e-03     7s
  36   3.77595013e+06  3.77357215e+06  6.19e-11 3.70e-13  2.37e-03     7s
  37   3.77558451e+06  3.77386076e+06  4.46e-11 4.10e-13  1.72e-03     7s
  38   3.77552296e+06  3.77399784e+06  3.89e-11 4.09e-13  1.52e-03     7s
  39   3.77528516e+06  3.77433138e+06  6.11e-11 4.09e-13  9.49e-04     8s
  40   3.77512022e+06  3.77463500e+06  2.40e-10 3.41e-13  4.83e-04     8s
  41   3.77496533e+06  3.77472774e+06  2.68e-10 3.80e-13  2.36e-04     8s
  42   3.77492263e+06  3.77482986e+06  3.18e-10 2.85e-13  9.23e-05     8s
  43   3.77485354e+06  3.77483976e+06  2.44e-09 3.30e-13  1.37e-05     8s
  44   3.77484657e+06  3.77484226e+06  1.82e-09 4.72e-13  4.29e-06     8s
  45   3.77484398e+06  3.77484250e+06  2.53e-07 3.48e-13  1.47e-06     8s
  46   3.77484255e+06  3.77484253e+06  6.11e-08 4.31e-13  1.95e-08     8s
  47   3.77484253e+06  3.77484253e+06  2.91e-07 2.83e-13  1.66e-13     8s

Barrier solved model in 47 iterations and 8.23 seconds (9.86 work units)
Optimal objective 3.77484253e+06


Root crossover log...

    2085 DPushes remaining with DInf 0.0000000e+00                 8s
       0 DPushes remaining with DInf 0.0000000e+00                 8s

    8557 PPushes remaining with PInf 0.0000000e+00                 8s
       0 PPushes remaining with PInf 0.0000000e+00                 8s

  Push phase complete: Pinf 0.0000000e+00, Dinf 4.5261572e-11      8s


Root simplex log...

Iteration    Objective       Primal Inf.    Dual Inf.      Time
   10632    3.7748425e+06   0.000000e+00   0.000000e+00      8s
Crossover time: 0.23 seconds (0.14 work units)
Concurrent spin time: 0.35s

Solved with barrier

Root relaxation: objective 3.774843e+06, 10632 iterations, 6.79 seconds (6.79 work units)

    Nodes    |    Current Node    |     Objective Bounds      |     Work
 Expl Unexpl |  Obj  Depth IntInf | Incumbent    BestBd   Gap | It/Node Time

     0     0 3774842.53    0   20 7522429.00 3774842.53  49.8%     -    8s
H    0     0                    3952495.8470 3774842.53  4.49%     -    9s
H    0     0                    3951965.2884 3774842.53  4.48%     -    9s
H    0     0                    3928057.0000 3774842.53  3.90%     -    9s
     0     0 3775017.62    0   23 3928057.00 3775017.62  3.90%     -   15s
H    0     0                    3893057.2583 3775024.71  3.03%     -   15s
H    0     0                    3892613.0000 3775024.71  3.02%     -   15s
     0     0 3775024.71    0   23 3892613.00 3775024.71  3.02%     -   16s
     0     0 3775078.52    0   23 3892613.00 3775078.52  3.02%     -   20s
H    0     0                    3857182.0000 3775083.64  2.13%     -   20s
     0     0 3775083.64    0   20 3857182.00 3775083.64  2.13%     -   21s
     0     0 3775083.64    0   20 3857182.00 3775083.64  2.13%     -   21s
     0     0 3775141.88    0   23 3857182.00 3775141.88  2.13%     -   26s
H    0     0                    3848542.2706 3775144.46  1.91%     -   27s
     0     0 3775148.40    0   23 3848542.27 3775148.40  1.91%     -   29s
     0     0 3775149.22    0   23 3848542.27 3775149.22  1.91%     -   30s
     0     0 3775164.31    0   23 3848542.27 3775164.31  1.91%     -   31s
     0     0 3775164.31    0   23 3848542.27 3775164.31  1.91%     -   32s
     0     0 3775166.31    0   22 3848542.27 3775166.31  1.91%     -   34s
H    0     0                    3830307.0000 3775169.30  1.44%     -   34s
     0     0 3775169.30    0   22 3830307.00 3775169.30  1.44%     -   36s
     0     0 3775169.63    0   21 3830307.00 3775169.63  1.44%     -   40s
     0     0 3775172.92    0   21 3830307.00 3775172.92  1.44%     -   42s
     0     0 3775186.58    0   21 3830307.00 3775186.58  1.44%     -   45s
     0     0 3775188.45    0   21 3830307.00 3775188.45  1.44%     -   47s
     0     0 3775188.45    0   21 3830307.00 3775188.45  1.44%     -   48s
     0     0 3775188.45    0   21 3830307.00 3775188.45  1.44%     -   50s
     0     0 3775188.45    0   21 3830307.00 3775188.45  1.44%     -   50s
H    0     0                    3827700.0000 3775188.45  1.37%     -   50s
H    0     0                    3827696.7857 3775188.45  1.37%     -   50s
H    0     0                    3827683.0000 3775188.45  1.37%     -   50s
H    0     0                    3820728.7584 3775188.45  1.19%     -   56s
H    0     0                    3812102.4890 3775188.45  0.97%     -   56s
     0     2 3775189.89    0   21 3812102.49 3775189.89  0.97%     -   60s
     2     6 3775270.96    2   19 3812102.49 3775211.69  0.97%   904   68s
     5    11 3775322.67    3   16 3812102.49 3775312.82  0.97%   859   80s
    10    18 3775379.10    4   16 3812102.49 3775364.55  0.96%  1385  100s
    17    36 3775468.59    5   15 3812102.49 3775364.55  0.96%  1581  131s
    35    55 3775598.35    6   15 3812102.49 3775488.13  0.96%  1650  222s
    54    85 3776288.86    7   18 3812102.49 3775615.13  0.96%  1951  309s
    75    85 3776947.37    6   18 3812102.49 3775672.80  0.96%  1849  310s
    84   140 3776502.72    8   15 3812102.49 3775672.80  0.96%  1879  412s
   139   194 3776825.51    9   15 3812102.49 3775672.80  0.96%  1664  490s
   193   236 3777027.55   10   14 3812102.49 3775672.80  0.96%  1522  573s
   235   289 3777067.99   11   13 3812102.49 3775672.80  0.96%  1487  644s
   288   337 3777413.28   15   11 3812102.49 3775672.80  0.96%  1420  716s
   336   380 3777747.63   17   11 3812102.49 3775672.80  0.96%  1405  779s
H  349   380                    3798826.0000 3775672.80  0.61%  1396  779s
   379   409 3777808.05   18   13 3798826.00 3775672.80  0.61%  1388  842s
   408   457 3778006.89   20   13 3798826.00 3775672.80  0.61%  1399  907s
   456   513 3778081.58   22   12 3798826.00 3775672.80  0.61%  1378  964s
   512   568 3778373.01   27   10 3798826.00 3775672.80  0.61%  1333 1019s
   567   598 3778695.30   29   11 3798826.00 3775672.80  0.61%  1296 1067s
H  597   645                    3781133.0000 3775672.80  0.14%  1279 1118s
   644   640 3778852.29   32   10 3781133.00 3775672.80  0.14%  1263 1167s
   735   674 3779514.75   35   10 3781133.00 3775869.64  0.14%  1170 1214s
   793   730 3779568.68   36    8 3781133.00 3775915.03  0.14%  1145 1263s
   853   752 3779575.66   37    8 3781133.00 3775915.03  0.14%  1132 1295s
H  867   752                    3781127.0000 3775915.03  0.14%  1129 1295s
   877   803 3779581.96   38    9 3781127.00 3775915.03  0.14%  1128 1347s
   958   880 3779647.02   42    5 3781127.00 3775915.03  0.14%  1098 1399s
  1048   957 3779777.59   46    8 3781127.00 3775915.03  0.14%  1069 1448s
  1147  1025 3779947.11   49    6 3781127.00 3775993.64  0.14%  1035 1499s
  1243  1087 3780140.50   54    5 3781127.00 3775993.64  0.14%  1012 1555s
  1340  1152 3780382.22   63    7 3781127.00 3776077.13  0.13%   997 1613s
  1440  1201 3780717.54   75    8 3781127.00 3776114.37  0.13%   981 1678s
  1536  1246 3779480.72   12   15 3781127.00 3776114.37  0.13%   972 1751s
  1623  1301 3779888.73   13   13 3781127.00 3776114.37  0.13%   969 1821s
  1722  1331 3780627.59   14   13 3781127.00 3776149.42  0.13%   960 1895s
  1827  1331     cutoff   16      3781127.00 3776149.42  0.13%   953 1979s
  1907  1322 3777180.75    9   17 3781127.00 3776191.22  0.13%   959 2029s
  1937  1343 3777825.31    9   17 3781127.00 3776191.22  0.13%   960 2095s
  1979  1385 3777416.00   10   15 3781127.00 3776191.22  0.13%   960 2166s
H 2035  1368                    3781006.0000 3776191.22  0.13%   962 2166s
  2036  1423 3777461.62   10   16 3781006.00 3776191.22  0.13%   962 2254s
  2137  1498 3777739.03   12   15 3781006.00 3776222.25  0.13%   965 2346s
Created node file directory './grbnodes0'
  2277  1563 3778188.89   18   14 3781006.00 3776317.03  0.12%   956 2447s
  2427  1619 3778663.26   23   13 3781006.00 3776355.30  0.12%   948 2567s
  2533  1699     cutoff   26      3781006.00 3776390.78  0.12%   953 2683s
  2643  1767 3776984.90    8   12 3781006.00 3776414.67  0.12%   957 2796s
  2746  1815 3777898.61    9   15 3781006.00 3776414.67  0.12%   967 2910s
  2867  1885 3778537.39   10   15 3781006.00 3776414.67  0.12%   972 3038s
  3007  1946 3778184.17   14   13 3781006.00 3776453.85  0.12%   971 3168s
  3156  1974 3778862.13   19   12 3781006.00 3776463.95  0.12%   975 3260s
  3215  2050 3778917.78   20   10 3781006.00 3776486.15  0.12%   977 3375s
  3355  2105 3779341.66   15   14 3781006.00 3776491.75  0.12%   976 3514s
  3520  2141 3777190.49    7   20 3781006.00 3776574.06  0.12%   974 3599s

Cutting planes:
  Cover: 1
  Implied bound: 1563
  MIR: 256
  Flow cover: 74
  Inf proof: 1
  Relax-and-lift: 15

Explored 3600 nodes (3519656 simplex iterations) in 3601.02 seconds (1871.16 work units)
Thread count was 32 (of 32 available processors)

Solution count 10: 3.78101e+06 3.78113e+06 3.79883e+06 ... 3.85718e+06

Time limit reached
Best objective 3.781006000000e+06, best bound 3.776585618509e+06, gap 0.1169%
