
Gurobi 13.0.2 (win64) logging started Tue Jul 14 05:53:29 2026

Set parameter LogFile to value "logs/PSC4-C2-100-10_m0_exact_s0_20260714-055328.gurobi.log"
Set parameter Seed to value 0
Set parameter TimeLimit to value 3598.8914781
Set parameter NodefileStart to value 4
Set parameter MIPGap to value 0
Set parameter MIPGapAbs to value 0.9999
Set parameter Cutoff to value 1e+100
Gurobi Optimizer version 13.0.2 build v13.0.2rc1 (win64 - Windows 11+.0 (26200.2))

CPU model: Intel(R) Core(TM) i9-14900HX, instruction set [SSE2|AVX|AVX2]
Thread count: 24 physical cores, 32 logical processors, using up to 32 threads

Non-default parameters:
TimeLimit  3598.8914781
MIPGap  0
MIPGapAbs  0.9999
NodefileStart  4

Optimize a model with 9000 rows, 1000300 columns and 2803000 nonzeros (Min)
Model fingerprint: 0x80950e8d
Model has 1000300 linear objective coefficients
Variable types: 1000000 continuous, 300 integer (300 binary)
Coefficient statistics:
  Matrix range     [1e+00, 6e+02]
  Objective range  [4e+01, 3e+04]
  Bounds range     [1e+00, 1e+00]
  RHS range        [1e+01, 2e+01]

Using branch priorities.
Found heuristic solution: objective 1.049585e+07
Presolve time: 2.81s
Presolved: 9000 rows, 1000300 columns, 2803000 nonzeros
Variable types: 1000000 continuous, 300 integer (300 binary)
Deterministic concurrent LP optimizer: primal simplex, dual simplex, and barrier
Showing barrier log only...

Root barrier log...

Ordering time: 0.54s

Barrier statistics:
 AA' NZ     : 1.816e+06
 Factor NZ  : 6.644e+06 (roughly 500 MB of memory)
 Factor Ops : 6.854e+09 (less than 1 second per iteration)
 Threads    : 22

                  Objective                Residual
Iter       Primal          Dual         Primal    Dual     Compl     Time
   0   8.14013391e+10 -1.18960183e+10  7.10e+04 0.00e+00  2.53e+05     5s
   1   5.93288189e+10 -9.44209924e+09  5.17e+04 3.64e-12  1.90e+05     5s
   2   3.22334043e+09 -5.90305582e+09  2.77e+03 1.40e-10  1.25e+04     5s
   3   2.65969954e+08 -2.73171950e+09  1.90e+02 1.98e-09  1.96e+03     6s
   4   5.61717152e+07 -1.43774476e+08  7.17e+00 4.87e-10  1.07e+02     6s
   5   4.68890185e+07 -5.78412581e+07  4.94e-03 2.54e-10  5.21e+01     6s
   6   4.38412670e+07 -4.42410041e+07  1.49e-03 2.04e-10  4.38e+01     6s
   7   2.96546913e+07 -2.80482944e+07  2.03e-13 1.41e-10  2.87e+01     6s
   8   1.43243421e+07 -1.16601245e+07  1.35e-13 3.64e-12  1.29e+01     7s
   9   1.01349191e+07 -6.84992857e+05  1.12e-13 1.71e-12  5.38e+00     7s
  10   8.56152473e+06  2.66930123e+06  7.82e-14 4.26e-13  2.93e+00     7s
  11   7.57304658e+06  3.10754977e+06  7.33e-14 4.83e-13  2.22e+00     7s
  12   7.39634307e+06  3.67061469e+06  7.39e-14 3.84e-13  1.85e+00     7s
  13   7.07487828e+06  4.04884268e+06  5.60e-14 3.55e-13  1.51e+00     8s
  14   6.90292519e+06  4.63840497e+06  5.49e-14 2.78e-13  1.13e+00     8s
  15   6.75009383e+06  5.04048913e+06  9.47e-14 2.52e-13  8.51e-01     8s
  16   6.48956421e+06  5.31631641e+06  1.53e-13 2.54e-13  5.84e-01     8s
  17   6.30973848e+06  5.50051979e+06  2.02e-12 2.58e-13  4.03e-01     9s
  18   6.17714588e+06  5.68855323e+06  1.52e-11 2.91e-13  2.43e-01     9s
  19   6.10638153e+06  5.77905240e+06  1.09e-11 2.28e-13  1.63e-01     9s
  20   6.05623576e+06  5.84958829e+06  3.19e-11 2.50e-13  1.03e-01    10s
  21   6.02502948e+06  5.86819672e+06  2.61e-11 2.33e-13  7.80e-02    10s
  22   6.00968697e+06  5.87967075e+06  8.97e-12 2.68e-13  6.47e-02    10s
  23   5.99507179e+06  5.89308287e+06  1.47e-11 2.44e-13  5.08e-02    10s
  24   5.98565302e+06  5.89838106e+06  8.61e-12 2.68e-13  4.34e-02    11s
  25   5.97672827e+06  5.90535583e+06  1.31e-11 2.80e-13  3.55e-02    11s
  26   5.96541674e+06  5.90967899e+06  5.97e-11 2.77e-13  2.77e-02    11s
  27   5.95789505e+06  5.91263785e+06  6.82e-11 2.81e-13  2.25e-02    11s
  28   5.95263922e+06  5.91728241e+06  5.09e-11 2.70e-13  1.76e-02    12s
  29   5.94691351e+06  5.92098129e+06  7.00e-11 2.56e-13  1.29e-02    12s
  30   5.94198491e+06  5.92246062e+06  3.81e-11 2.65e-13  9.72e-03    12s
  31   5.93932728e+06  5.92419118e+06  2.75e-11 2.81e-13  7.53e-03    13s
  32   5.93685975e+06  5.92541632e+06  9.65e-11 2.85e-13  5.69e-03    13s
  33   5.93576013e+06  5.92686212e+06  9.09e-11 2.57e-13  4.43e-03    13s
  34   5.93469776e+06  5.92782035e+06  1.16e-10 2.57e-13  3.42e-03    14s
  35   5.93373091e+06  5.92967542e+06  8.85e-11 2.31e-13  2.02e-03    14s
  36   5.93276306e+06  5.93008727e+06  6.86e-11 2.20e-13  1.33e-03    14s
  37   5.93239211e+06  5.93034156e+06  4.25e-11 2.93e-13  1.02e-03    14s
  38   5.93212683e+06  5.93053514e+06  4.87e-11 2.93e-13  7.92e-04    15s
  39   5.93191418e+06  5.93066714e+06  5.33e-11 2.71e-13  6.21e-04    15s
  40   5.93168067e+06  5.93081809e+06  3.78e-11 2.56e-13  4.29e-04    15s
  41   5.93161068e+06  5.93091022e+06  3.47e-11 2.67e-13  3.49e-04    15s
  42   5.93148743e+06  5.93104157e+06  9.42e-11 2.64e-13  2.22e-04    15s
  43   5.93146386e+06  5.93107728e+06  1.02e-10 2.77e-13  1.92e-04    16s
  44   5.93142535e+06  5.93122963e+06  9.11e-11 3.05e-13  9.74e-05    16s
  45   5.93140173e+06  5.93124666e+06  1.07e-10 2.70e-13  7.72e-05    16s
  46   5.93138190e+06  5.93128628e+06  9.69e-10 2.36e-13  4.76e-05    16s
  47   5.93137808e+06  5.93129963e+06  1.01e-09 2.51e-13  3.90e-05    16s
  48   5.93136851e+06  5.93132043e+06  1.04e-09 2.11e-13  2.39e-05    16s
  49   5.93136693e+06  5.93132138e+06  8.70e-10 2.70e-13  2.27e-05    17s
  50   5.93136395e+06  5.93133339e+06  3.22e-10 2.43e-13  1.52e-05    17s
  51   5.93136316e+06  5.93135733e+06  1.59e-09 2.95e-13  2.90e-06    17s
  52   5.93136292e+06  5.93136105e+06  5.50e-10 2.46e-13  9.30e-07    17s
  53   5.93136244e+06  5.93136242e+06  8.02e-09 3.24e-13  1.09e-08    17s
  54   5.93136243e+06  5.93136243e+06  9.40e-10 2.98e-13  1.46e-13    17s

Barrier solved model in 54 iterations and 17.47 seconds (22.21 work units)
Optimal objective 5.93136243e+06


Root crossover log...

    4098 DPushes remaining with DInf 0.0000000e+00                18s
       0 DPushes remaining with DInf 0.0000000e+00                18s

   19343 PPushes remaining with PInf 0.0000000e+00                18s
       0 PPushes remaining with PInf 0.0000000e+00                19s

  Push phase complete: Pinf 0.0000000e+00, Dinf 2.6161273e-10     19s


Root simplex log...

Iteration    Objective       Primal Inf.    Dual Inf.      Time
   23444    5.9313624e+06   0.000000e+00   0.000000e+00     19s
Crossover time: 1.18 seconds (1.11 work units)
Concurrent spin time: 1.91s (can be avoided by choosing Method=3)

Solved with barrier

Root relaxation: objective 5.931362e+06, 23444 iterations, 17.41 seconds (16.74 work units)

    Nodes    |    Current Node    |     Objective Bounds      |     Work
 Expl Unexpl |  Obj  Depth IntInf | Incumbent    BestBd   Gap | It/Node Time

     0     0 5931362.43    0  102 1.0496e+07 5931362.43  43.5%     -   20s
H    0     0                    6947894.5840 5931362.43  14.6%     -   21s
H    0     0                    6783282.8792 5931362.43  12.6%     -   21s
H    0     0                    6662198.0000 5931362.43  11.0%     -   21s
     0     0 5931654.91    0  119 6662198.00 5931654.91  11.0%     -  199s
H    0     0                    6646760.0000 5931655.99  10.8%     -  199s
H    0     0                    6585752.0000 5931655.99  9.93%     -  199s
H    0     0                    6585751.0000 5931655.99  9.93%     -  199s
H    0     0                    6585748.0000 5931655.99  9.93%     -  200s
H    0     0                    6584936.0000 5931655.99  9.92%     -  200s
     0     0 5931866.95    0  123 6584936.00 5931866.95  9.92%     -  382s
     0     0 5931900.41    0  122 6584936.00 5931900.41  9.92%     -  463s
     0     0 5931907.60    0  122 6584936.00 5931907.60  9.92%     -  484s
     0     0 5931907.60    0  122 6584936.00 5931907.60  9.92%     -  486s
     0     0 5932267.84    0  131 6584936.00 5932267.84  9.91%     -  700s
H    0     0                    6526340.0000 5932267.95  9.10%     -  701s
H    0     0                    6525693.0000 5932267.95  9.09%     -  701s
H    0     0                    6515616.0000 5932267.95  8.95%     -  701s
     0     0 5932410.68    0  143 6515616.00 5932410.68  8.95%     -  852s
     0     0 5932443.28    0  145 6515616.00 5932443.28  8.95%     -  955s
     0     0 5932453.98    0  143 6515616.00 5932453.98  8.95%     - 1001s
     0     0 5932455.50    0  144 6515616.00 5932455.50  8.95%     - 1020s
     0     0 5932816.35    0  138 6515616.00 5932816.35  8.94%     - 1367s
     0     0 5932997.58    0  149 6515616.00 5932997.58  8.94%     - 1677s
     0     0 5933053.25    0  147 6515616.00 5933053.25  8.94%     - 1834s
     0     0 5933073.51    0  154 6515616.00 5933073.51  8.94%     - 1918s
     0     0 5933084.76    0  155 6515616.00 5933084.76  8.94%     - 1976s
     0     0 5933086.50    0  155 6515616.00 5933086.50  8.94%     - 2002s
     0     0 5933367.10    0  141 6515616.00 5933367.10  8.94%     - 2366s
     0     0 5933449.45    0  142 6515616.00 5933449.45  8.93%     - 2615s
     0     0 5933488.03    0  144 6515616.00 5933488.03  8.93%     - 2775s
     0     0 5933499.00    0  148 6515616.00 5933499.00  8.93%     - 2850s
     0     0 5933518.18    0  149 6515616.00 5933518.18  8.93%     - 2924s
     0     0 5933528.67    0  149 6515616.00 5933528.67  8.93%     - 2986s
     0     0 5933534.02    0  152 6515616.00 5933534.02  8.93%     - 3032s
     0     0 5933535.05    0  153 6515616.00 5933535.05  8.93%     - 3057s
     0     0          -    0      6515616.00 5933535.05  8.93%     - 3598s

Cutting planes:
  Implied bound: 5422
  MIR: 80
  Flow cover: 13
  Relax-and-lift: 43

Explored 1 nodes (497138 simplex iterations) in 3598.94 seconds (6020.95 work units)
Thread count was 32 (of 32 available processors)

Solution count 10: 6.51562e+06 6.52569e+06 6.52634e+06 ... 1.04959e+07

Time limit reached
Best objective 6.515616000000e+06, best bound 5.933535052677e+06, gap 8.9336%
