
Gurobi 13.0.2 (win64) logging started Wed Jul 15 03:33:05 2026

Set parameter LogFile to value "logs/PSC5-C2-50-5_m0_exact_s0_20260715-033305.gurobi.log"
Set parameter Seed to value 0
Set parameter TimeLimit to value 3599.8450978
Set parameter NodefileStart to value 4
Set parameter MIPGap to value 0
Set parameter MIPGapAbs to value 0.9999
Set parameter Cutoff to value 1e+100
Gurobi Optimizer version 13.0.2 build v13.0.2rc1 (win64 - Windows 11+.0 (26200.2))

CPU model: Intel(R) Core(TM) i9-14900HX, instruction set [SSE2|AVX|AVX2]
Thread count: 24 physical cores, 32 logical processors, using up to 32 threads

Non-default parameters:
TimeLimit  3599.8450978
MIPGap  0
MIPGapAbs  0.9999
NodefileStart  4

Optimize a model with 2250 rows, 125150 columns and 350750 nonzeros (Min)
Model fingerprint: 0x7142ee71
Model has 125150 linear objective coefficients
Variable types: 125000 continuous, 150 integer (150 binary)
Coefficient statistics:
  Matrix range     [1e+00, 6e+02]
  Objective range  [4e+01, 3e+04]
  Bounds range     [1e+00, 1e+00]
  RHS range        [1e+01, 2e+01]

Using branch priorities.
Found heuristic solution: objective 3746868.0000
Presolve time: 0.35s
Presolved: 2250 rows, 125150 columns, 350750 nonzeros
Variable types: 125000 continuous, 150 integer (150 binary)
Deterministic concurrent LP optimizer: primal and dual simplex
Showing primal log only...


Root simplex log...

Iteration    Objective       Primal Inf.    Dual Inf.      Time
  140196    1.6290988e+06   0.000000e+00   2.977536e+05      5s
  200019    1.6241045e+06   0.000000e+00   0.000000e+00      7s
Concurrent spin time: 0.00s

Solved with primal simplex

Root relaxation: objective 1.624105e+06, 200019 iterations, 6.63 seconds (10.31 work units)

    Nodes    |    Current Node    |     Objective Bounds      |     Work
 Expl Unexpl |  Obj  Depth IntInf | Incumbent    BestBd   Gap | It/Node Time

     0     0 1624104.54    0   58 3746868.00 1624104.54  56.7%     -    7s
H    0     0                    2163475.8674 1624104.54  24.9%     -    7s
H    0     0                    2019435.0000 1624104.54  19.6%     -    7s
H    0     0                    2008956.0000 1624104.54  19.2%     -    7s
H    0     0                    1984037.5503 1625914.38  18.1%     -   14s
H    0     0                    1974912.4798 1625914.38  17.7%     -   14s
H    0     0                    1971301.0000 1625914.38  17.5%     -   14s
     0     0 1625914.38    0   60 1971301.00 1625914.38  17.5%     -   15s
H    0     0                    1971052.0000 1625915.89  17.5%     -   15s
H    0     0                    1746337.7338 1625951.39  6.89%     -   17s
     0     0 1625951.39    0   58 1746337.73 1625951.39  6.89%     -   17s
     0     0 1625956.80    0   57 1746337.73 1625956.80  6.89%     -   17s
     0     0 1625959.97    0   59 1746337.73 1625959.97  6.89%     -   18s
     0     0 1625960.15    0   59 1746337.73 1625960.15  6.89%     -   18s
     0     0 1626598.81    0   61 1746337.73 1626598.81  6.86%     -   24s
H    0     0                    1729990.9554 1626786.11  5.97%     -   27s
     0     0 1626786.11    0   64 1729990.96 1626786.11  5.97%     -   27s
     0     0 1626814.36    0   62 1729990.96 1626814.36  5.96%     -   29s
     0     0 1626824.66    0   63 1729990.96 1626824.66  5.96%     -   29s
     0     0 1626830.20    0   62 1729990.96 1626830.20  5.96%     -   30s
     0     0 1626833.63    0   63 1729990.96 1626833.63  5.96%     -   31s
     0     0 1626834.18    0   63 1729990.96 1626834.18  5.96%     -   31s
H    0     0                    1726875.4216 1627037.70  5.78%     -   36s
     0     0 1627037.70    0   61 1726875.42 1627037.70  5.78%     -   36s
H    0     0                    1725767.0000 1627106.39  5.72%     -   38s
H    0     0                    1717861.0000 1627106.39  5.28%     -   38s
H    0     0                    1698347.0000 1627106.39  4.19%     -   38s
H    0     0                    1689989.4444 1627106.39  3.72%     -   38s
H    0     0                    1689343.0146 1627106.39  3.68%     -   38s
H    0     0                    1688276.0000 1627106.39  3.62%     -   38s
H    0     0                    1685692.0000 1627106.39  3.48%     -   38s
H    0     0                    1684318.0000 1627106.39  3.40%     -   38s
     0     0 1627106.39    0   61 1684318.00 1627106.39  3.40%     -   38s
     0     0 1627129.32    0   64 1684318.00 1627129.32  3.40%     -   40s
     0     0 1627146.07    0   65 1684318.00 1627146.07  3.39%     -   42s
H    0     0                    1683983.3600 1627158.12  3.37%     -   43s
H    0     0                    1683769.0000 1627158.12  3.36%     -   43s
     0     0 1627158.12    0   72 1683769.00 1627158.12  3.36%     -   43s
     0     0 1627162.78    0   72 1683769.00 1627162.78  3.36%     -   44s
     0     0 1627165.14    0   70 1683769.00 1627165.14  3.36%     -   44s
     0     0 1627165.59    0   73 1683769.00 1627165.59  3.36%     -   44s
     0     0 1627254.25    0   63 1683769.00 1627254.25  3.36%     -   48s
     0     0 1627284.91    0   56 1683769.00 1627284.91  3.35%     -   50s
     0     0 1627298.92    0   56 1683769.00 1627298.92  3.35%     -   51s
     0     0 1627302.60    0   60 1683769.00 1627302.60  3.35%     -   51s
     0     0 1627306.05    0   54 1683769.00 1627306.05  3.35%     -   52s
     0     0 1627310.05    0   57 1683769.00 1627310.05  3.35%     -   52s
     0     0 1627310.92    0   57 1683769.00 1627310.92  3.35%     -   53s
     0     0 1627380.63    0   45 1683769.00 1627380.63  3.35%     -   59s
     0     0 1627385.84    0   47 1683769.00 1627385.84  3.35%     -   60s
     0     0 1627442.92    0   50 1683769.00 1627442.92  3.35%     -   61s
     0     0 1627446.96    0   51 1683769.00 1627446.96  3.34%     -   63s
     0     0 1627449.66    0   51 1683769.00 1627449.66  3.34%     -   63s
     0     0 1627453.91    0   52 1683769.00 1627453.91  3.34%     -   64s
     0     0 1627474.79    0   57 1683769.00 1627474.79  3.34%     -   66s
     0     0 1627482.96    0   55 1683769.00 1627482.96  3.34%     -   67s
     0     0 1627484.97    0   57 1683769.00 1627484.97  3.34%     -   67s
     0     0 1627524.96    0   55 1683769.00 1627524.96  3.34%     -   69s
     0     0 1627534.89    0   52 1683769.00 1627534.89  3.34%     -   71s
     0     0 1627540.12    0   54 1683769.00 1627540.12  3.34%     -   72s
     0     0 1627541.93    0   53 1683769.00 1627541.93  3.34%     -   72s
     0     0 1627555.19    0   56 1683769.00 1627555.19  3.34%     -   74s
     0     0 1627555.45    0   56 1683769.00 1627555.45  3.34%     -   74s
H    0     0                    1658781.6457 1627555.58  1.88%     -   77s
H    0     0                    1647824.0000 1627555.58  1.23%     -   77s
     0     2 1627555.58    0   56 1647824.00 1627555.58  1.23%     -   84s
     1     4 1627808.11    1   53 1647824.00 1627559.87  1.23%  5399   89s
     3     7 1629851.47    2   59 1647824.00 1627808.31  1.21%  7803   96s
     6    14 1630090.11    3   47 1647824.00 1627808.31  1.21%  8977  106s
    13    25 1630826.95    4   46 1647824.00 1628319.57  1.18%  9011  132s
    24    49 1631585.61    5   45 1647824.00 1628319.57  1.18% 13105  162s
    48    73 1631709.27    6   44 1647824.00 1628716.69  1.16% 29584  189s
    72   130 1632031.44    7   40 1647824.00 1628716.69  1.16% 22196  230s
   129   211 1632461.22    9   42 1647824.00 1628716.69  1.16% 14836  252s
   212   285 1632734.05   14   35 1647824.00 1628716.69  1.16% 17663  269s
   286   351 1633454.95   16   41 1647824.00 1628716.69  1.16% 17852  284s
   352   419 1638190.38   17   37 1647824.00 1628716.69  1.16% 17920  297s
   420   484 1635362.73   19   32 1647824.00 1628716.69  1.16% 17460  308s
   485   543 1635390.06   20   28 1647824.00 1628716.69  1.16% 17025  319s
   548   599 1635793.23   22   35 1647824.00 1628716.69  1.16% 16818  330s
   612   653 1636118.42   25   42 1647824.00 1628716.69  1.16% 16600  341s
   673   711 1636168.35   28   41 1647824.00 1629347.04  1.12% 16179  350s
   739   766 1636410.26   31   33 1647824.00 1629350.78  1.12% 15844  359s
   807   806 1636682.99   33   35 1647824.00 1629350.78  1.12% 15398  374s
   868   851 1637014.45   36   39 1647824.00 1629350.78  1.12% 15175  390s
   925   898 1637253.43   39   37 1647824.00 1629350.78  1.12% 15139  405s
   980   954 1637425.14   42   33 1647824.00 1629350.78  1.12% 15153  421s
  1044  1004 1638159.54   45   26 1647824.00 1629350.78  1.12% 15138  435s
  1110  1055 1638781.57   48   30 1647824.00 1629350.78  1.12% 15203  447s
  1171  1113 1638884.70   49   36 1647824.00 1629350.78  1.12% 15278  464s
  1243  1134 1639055.61   51   29 1647824.00 1629350.78  1.12% 15270  478s
H 1262  1134                    1647574.0000 1629350.78  1.11% 15352  478s
  1268  1191 1639383.99   51   27 1647574.00 1629696.85  1.09% 15376  495s
  1340  1229 infeasible   56      1647574.00 1629696.85  1.09% 15409  513s
  1412  1281 1632823.02    8   48 1647574.00 1629997.90  1.07% 15469  531s
  1480  1329 1632881.82    9   47 1647574.00 1629997.90  1.07% 15547  551s
  1554  1372 1634260.85   12   48 1647574.00 1629997.90  1.07% 15618  571s
  1638  1401 1635027.14   14   45 1647574.00 1630404.32  1.04% 15654  590s
H 1651  1326                    1646201.0000 1630404.32  0.96% 15685  590s
H 1671  1326                    1646149.0000 1630404.32  0.96% 15752  590s
  1687  1350 1635538.93   16   46 1646149.00 1630404.32  0.96% 15705  610s
  1769  1361 1637210.07   19   47 1646149.00 1630443.58  0.95% 15819  627s
  1852  1414 1637658.75   22   48 1646149.00 1630443.58  0.95% 15921  648s
  1947  1503 1638048.38   26   42 1646149.00 1630542.65  0.95% 15979  671s
  2044  1592 1638828.38   30   33 1646149.00 1630542.65  0.95% 16044  694s
  2157  1694 1640873.67   34   36 1646149.00 1630542.65  0.95% 15997  716s
  2276  1822 1642849.84   38   40 1646149.00 1630542.65  0.95% 15990  739s
  2435  1936 1644525.96   41   35 1646149.00 1630542.65  0.95% 15739  764s
  2611  2035     cutoff   45      1646149.00 1630542.65  0.95% 15442  791s
  2768  2131 1646136.28   20   47 1646149.00 1631054.49  0.92% 15296  821s
H 2795  1906                    1644033.0000 1631054.49  0.79% 15184  821s
  2884  1941     cutoff   21      1644033.00 1631054.49  0.79% 15140  849s
  3024  2018 1635106.05   12   42 1644033.00 1631054.49  0.79% 15123  879s
  3158  2101 1635664.66   17   41 1644033.00 1631262.68  0.78% 15222  909s
  3306  2199 1636338.74   23   42 1644033.00 1631296.48  0.77% 15326  941s
  3443  2200 1639403.42   20   56 1644033.00 1631296.48  0.77% 15409 1123s
  3445  2201 1643136.19   32   58 1644033.00 1631296.48  0.77% 15400 1130s
  3446  2202 1636661.22   33   61 1644033.00 1631296.48  0.77% 15396 1139s
  3447  2203 1634378.27   13   66 1644033.00 1631296.48  0.77% 15391 1146s
  3448  2203 1639339.29   25   65 1644033.00 1631296.48  0.77% 15387 1151s
  3449  2204 1635887.45   29   67 1644033.00 1631296.48  0.77% 15382 1156s
  3450  2205 1640065.33   14   67 1644033.00 1631296.48  0.77% 15378 1161s
  3452  2206 1634464.37   13   63 1644033.00 1631296.48  0.77% 15369 1167s
  3453  2207 1638191.61   17   64 1644033.00 1631296.48  0.77% 15365 1170s
  3455  2208 1641297.57   45   65 1644033.00 1631296.48  0.77% 15356 1177s
  3457  2209 1642003.34   47   60 1644033.00 1631296.48  0.77% 15347 1183s
  3459  2211 1636720.25   14   60 1644033.00 1631296.48  0.77% 15338 1187s
  3460  2211 1642227.26   23   60 1644033.00 1631296.48  0.77% 15333 1195s
  3461  2212 1632177.77   10   60 1644033.00 1631296.48  0.77% 15329 1250s
  3462  2215 1631296.48   15   53 1644033.00 1631296.48  0.77% 15397 1259s
  3463  2217 1631296.48   16   51 1644033.00 1631296.48  0.77% 15394 1267s
  3466  2221 1631296.48   17   53 1644033.00 1631296.48  0.77% 15385 1281s
  3471  2231 1631296.48   18   47 1644033.00 1631296.48  0.77% 15376 1303s
H 3482  2138                    1643566.0000 1631296.48  0.75% 15365 1323s
  3504  2154 1631296.48   20   53 1643566.00 1631296.48  0.75% 15530 1360s
  3527  2220 1631296.48   21   51 1643566.00 1631296.48  0.75% 15501 1391s
  3603  2225 1631599.31   23   49 1643566.00 1631296.48  0.75% 15813 1422s
  3633  2240 1631744.06   24   48 1643566.00 1631296.48  0.75% 15738 1455s
  3659  2288 1634606.92   24   40 1643566.00 1631296.48  0.75% 15689 1476s
  3721  2322 1634582.54   25   47 1643566.00 1631296.48  0.75% 15860 1496s
  3780  2358 1636860.29   26   38 1643566.00 1631296.48  0.75% 15998 1513s
  3841  2391 1634561.82   27   45 1643566.00 1631296.48  0.75% 16092 1528s
  3903  2432 1632805.27   28   40 1643566.00 1631296.48  0.75% 16169 1544s
  3971  2453 1633656.29   29   36 1643566.00 1631296.48  0.75% 16229 1557s
  4037  2474 1634049.38   30   40 1643566.00 1631296.48  0.75% 16261 1574s
  4101  2505 1635054.77   31   39 1643566.00 1631296.48  0.75% 16326 1588s
  4161  2533 1636333.61   32   35 1643566.00 1631296.48  0.75% 16395 1601s
  4225  2550 1636060.53   33   41 1643566.00 1631296.48  0.75% 16448 1615s
  4291  2572 1636354.09   34   41 1643566.00 1631296.48  0.75% 16488 1628s
  4353  2588 1636500.80   35   38 1643566.00 1631296.48  0.75% 16543 1645s
  4424  2616 1636518.81   36   36 1643566.00 1631296.48  0.75% 16573 1664s
  4496  2651 1640879.90   37   29 1643566.00 1631296.48  0.75% 16650 1679s
  4573  2667 1636763.82   39   36 1643566.00 1631296.48  0.75% 16673 1697s
  4650  2683 1637092.38   41   35 1643566.00 1631296.48  0.75% 16730 1720s
  4727  2693     cutoff   42      1643566.00 1631296.48  0.75% 16792 1740s
  4799  2722 1637999.76   44   40 1643566.00 1631296.48  0.75% 16885 1761s
  4881  2744     cutoff   45      1643566.00 1631296.48  0.75% 16947 1783s
  4968  2770 1638741.97   47   36 1643566.00 1631296.48  0.75% 16996 1802s
  5063  2802 1639871.98   49   31 1643566.00 1631296.48  0.75% 17053 1820s
  5178  2811 1640283.85   51   30 1643566.00 1631296.48  0.75% 17069 1842s
  5280  2800 1642470.28   53   37 1643566.00 1631296.48  0.75% 17120 1865s
H 5299  2687                    1643446.0000 1631296.48  0.74% 17145 1865s
  5348  2728     cutoff   55      1643446.00 1631296.48  0.74% 17132 1891s
  5464  2774     cutoff   24      1643446.00 1631296.48  0.74% 17161 1916s
  5596  2844 1638333.89   27   33 1643446.00 1631296.48  0.74% 17167 1942s
  5742  2890 1639892.78   32   36 1643446.00 1631296.48  0.74% 17114 1966s
  5889  2930 1641446.08   38   33 1643446.00 1631296.48  0.74% 17085 1994s
  6028  2964     cutoff   41      1643446.00 1631296.48  0.74% 17112 2024s
  6184  2924 1633300.31   25   44 1643446.00 1631296.48  0.74% 17117 2049s
  6218  2925 1633847.55   26   40 1643446.00 1631307.92  0.74% 17165 2076s
H 6224  2280                    1639445.0000 1631337.55  0.49% 17173 2076s
  6262  2274 1634330.29   27   40 1639445.00 1631337.55  0.49% 17219 2107s
  6404  2289 1638886.26   32   39 1639445.00 1631337.55  0.49% 17246 2139s
  6550  2254 1638044.98   33   43 1639445.00 1631586.07  0.48% 17304 2172s
  6700  2269     cutoff   34      1639445.00 1631806.60  0.47% 17375 2207s
  6849  2264 1633065.11   20   48 1639445.00 1631969.76  0.46% 17457 2246s
  6981  2272 1635065.22   21   42 1639445.00 1632094.13  0.45% 17586 2285s
  7065  2344 1635305.73   23   46 1639445.00 1632162.51  0.44% 17665 2321s
  7205  2378 1635267.94   26   49 1639445.00 1632173.29  0.44% 17785 2361s
  7370  2387 1636014.62   29   48 1639445.00 1632226.60  0.44% 17862 2404s
  7550  2355 1637134.08   34   45 1639445.00 1632226.60  0.44% 17905 2450s
  7708  2381     cutoff   40      1639445.00 1632261.78  0.44% 18028 2489s
  7759  2364     cutoff   42      1639445.00 1632407.99  0.43% 18076 2490s
  7875  2392 1637559.52   25   48 1639445.00 1632419.84  0.43% 18145 2540s
  8079  2359 1639058.26   27   52 1639445.00 1632463.14  0.43% 18215 2590s
  8249  2393     cutoff   39      1639445.00 1632463.14  0.43% 18374 2639s
  8438  2381     cutoff   31      1639445.00 1632631.25  0.42% 18476 2694s
  8641  2369 1635705.42   28   51 1639445.00 1632635.99  0.42% 18599 2748s
  8844  2396 1638962.98   34   46 1639445.00 1632710.05  0.41% 18715 2803s
  9054  2416     cutoff   25      1639445.00 1632910.05  0.40% 18826 2863s
  9297  2468 1637700.64   25   38 1639445.00 1632949.38  0.40% 18898 2926s
  9575  2561 1639074.14   36   41 1639445.00 1633129.41  0.39% 18967 2989s
  9799  2699 1635710.46   31   32 1639445.00 1633204.32  0.38% 19103 3052s
 10119  2803 1638423.20   48   35 1639445.00 1633205.42  0.38% 19111 3117s
 10385  2921 1637570.77   30   41 1639445.00 1633227.40  0.38% 19195 3187s
 10683  3022 1635964.52   24   51 1639445.00 1633362.06  0.37% 19264 3263s
 10959  3097     cutoff   31      1639445.00 1633513.09  0.36% 19381 3341s
 11223  3249 1637202.50   37   43 1639445.00 1633693.78  0.35% 19454 3421s
 11571  3416 1636270.66   24   50 1639445.00 1633783.09  0.35% 19484 3498s
 11947  3512     cutoff   29      1639445.00 1633794.67  0.34% 19498 3579s
 12266  3508 1639032.07   29   45 1639445.00 1633944.73  0.34% 19615 3599s

Cutting planes:
  Gomory: 1
  Implied bound: 3386
  MIR: 330
  Flow cover: 381
  Relax-and-lift: 297

Explored 12337 nodes (242393734 simplex iterations) in 3600.13 seconds (5798.86 work units)
Thread count was 32 (of 32 available processors)

Solution count 10: 1.63945e+06 1.64345e+06 1.64357e+06 ... 1.68377e+06

Time limit reached
Best objective 1.639445000000e+06, best bound 1.633944725468e+06, gap 0.3355%
