
Gurobi 13.0.2 (win64) logging started Wed Jul 15 15:47:18 2026

Set parameter LogFile to value "logs/PSC5-C4-50-5_m0_exact_s0_20260715-154718.gurobi.log"
Set parameter Seed to value 0
Set parameter TimeLimit to value 3599.8517822
Set parameter NodefileStart to value 4
Set parameter MIPGap to value 0
Set parameter MIPGapAbs to value 0.9999
Set parameter Cutoff to value 1e+100
Gurobi Optimizer version 13.0.2 build v13.0.2rc1 (win64 - Windows 11+.0 (26200.2))

CPU model: Intel(R) Core(TM) i9-14900HX, instruction set [SSE2|AVX|AVX2]
Thread count: 24 physical cores, 32 logical processors, using up to 32 threads

Non-default parameters:
TimeLimit  3599.8517822
MIPGap  0
MIPGapAbs  0.9999
NodefileStart  4

Optimize a model with 2250 rows, 125150 columns and 350750 nonzeros (Min)
Model fingerprint: 0x455ceefa
Model has 125150 linear objective coefficients
Variable types: 125000 continuous, 150 integer (150 binary)
Coefficient statistics:
  Matrix range     [1e+00, 6e+02]
  Objective range  [5e+01, 3e+04]
  Bounds range     [1e+00, 1e+00]
  RHS range        [1e+01, 2e+01]

Using branch priorities.
Found heuristic solution: objective 4487842.0000
Presolve time: 0.34s
Presolved: 2250 rows, 125150 columns, 350750 nonzeros
Variable types: 125000 continuous, 150 integer (150 binary)
Deterministic concurrent LP optimizer: primal and dual simplex
Showing primal log only...


Root simplex log...

Iteration    Objective       Primal Inf.    Dual Inf.      Time
  124432    1.8186084e+06   0.000000e+00   9.895289e+03      5s
  138863    1.8180826e+06   0.000000e+00   0.000000e+00      6s
Concurrent spin time: 0.00s

Solved with primal simplex

Root relaxation: objective 1.818083e+06, 138863 iterations, 5.39 seconds (8.06 work units)

    Nodes    |    Current Node    |     Objective Bounds      |     Work
 Expl Unexpl |  Obj  Depth IntInf | Incumbent    BestBd   Gap | It/Node Time

     0     0 1818082.58    0  119 4487842.00 1818082.58  59.5%     -    5s
H    0     0                    3215344.1934 1818082.58  43.5%     -    5s
H    0     0                    3145162.6345 1818082.58  42.2%     -    5s
H    0     0                    3088650.7308 1818082.58  41.1%     -    5s
H    0     0                    3085207.0000 1818082.58  41.1%     -    5s
H    0     0                    2996491.0000 1826434.22  39.0%     -   13s
H    0     0                    2996482.0000 1826434.22  39.0%     -   13s
H    0     0                    2960632.0000 1826434.22  38.3%     -   13s
     0     0 1826434.22    0  133 2960632.00 1826434.22  38.3%     -   16s
H    0     0                    2882999.4408 1826435.77  36.6%     -   16s
H    0     0                    2867995.8579 1826435.77  36.3%     -   16s
H    0     0                    2837759.0000 1826435.77  35.6%     -   16s
H    0     0                    2824079.0000 1826435.77  35.3%     -   16s
H    0     0                    2735013.6265 1827945.03  33.2%     -   22s
H    0     0                    2414352.0770 1827945.03  24.3%     -   22s
H    0     0                    2413883.7661 1827945.03  24.3%     -   22s
     0     0 1827945.03    0  132 2413883.77 1827945.03  24.3%     -   22s
     0     0 1828380.49    0  134 2413883.77 1828380.49  24.3%     -   27s
H    0     0                    2129816.1501 1828446.43  14.2%     -   29s
     0     0 1828446.43    0  134 2129816.15 1828446.43  14.2%     -   29s
     0     0 1828472.55    0  134 2129816.15 1828472.55  14.1%     -   30s
     0     0 1828475.83    0  134 2129816.15 1828475.83  14.1%     -   31s
H    0     0                    2098177.5018 1832204.69  12.7%     -   46s
     0     0 1832204.69    0  133 2098177.50 1832204.69  12.7%     -   46s
H    0     0                    2096894.6285 1833995.93  12.5%     -   60s
H    0     0                    2090985.7489 1833995.93  12.3%     -   60s
     0     0 1833995.93    0  136 2090985.75 1833995.93  12.3%     -   60s
H    0     0                    2089189.6946 1834683.10  12.2%     -   70s
     0     0 1834683.10    0  137 2089189.69 1834683.10  12.2%     -   70s
H    0     0                    2086352.6996 1834909.71  12.1%     -   76s
     0     0 1834909.71    0  136 2086352.70 1834909.71  12.1%     -   76s
     0     0 1834986.82    0  137 2086352.70 1834986.82  12.0%     -   80s
     0     0 1835028.04    0  135 2086352.70 1835028.04  12.0%     -   82s
H    0     0                    2063611.4891 1835046.04  11.1%     -   83s
     0     0 1835046.04    0  136 2063611.49 1835046.04  11.1%     -   83s
     0     0 1835064.90    0  139 2063611.49 1835064.90  11.1%     -   85s
     0     0 1835066.73    0  138 2063611.49 1835066.73  11.1%     -   85s
H    0     0                    1980815.4474 1836828.24  7.27%     -  105s
H    0     0                    1919167.0000 1836828.24  4.29%     -  105s
     0     0 1836828.24    0  138 1919167.00 1836828.24  4.29%     -  105s
     0     0 1837689.08    0  134 1919167.00 1837689.08  4.25%     -  127s
     0     0 1838136.39    0  135 1919167.00 1838136.39  4.22%     -  140s
     0     0 1838325.90    0  134 1919167.00 1838325.90  4.21%     -  149s
H    0     0                    1911060.0000 1838394.84  3.80%     -  154s
     0     0 1838394.84    0  137 1911060.00 1838394.84  3.80%     -  155s
     0     0 1838424.17    0  136 1911060.00 1838424.17  3.80%     -  158s
     0     0 1838463.49    0  133 1911060.00 1838463.49  3.80%     -  163s
     0     0 1838481.59    0  136 1911060.00 1838481.59  3.80%     -  165s
     0     0 1839369.53    0  140 1911060.00 1839369.53  3.75%     -  186s
     0     0 1839716.74    0  136 1911060.00 1839716.74  3.73%     -  205s
     0     0 1839867.21    0  140 1911060.00 1839867.21  3.73%     -  218s
     0     0 1839937.04    0  140 1911060.00 1839937.04  3.72%     -  226s
     0     0 1839983.61    0  142 1911060.00 1839983.61  3.72%     -  232s
     0     0 1840002.51    0  139 1911060.00 1840002.51  3.72%     -  236s
     0     0 1841126.35    0  116 1911060.00 1841126.35  3.66%     -  315s
     0     0 1841218.27    0  126 1911060.00 1841218.27  3.65%     -  321s
     0     0 1841237.59    0  132 1911060.00 1841237.59  3.65%     -  323s
     0     0 1841316.33    0  132 1911060.00 1841316.33  3.65%     -  329s
     0     0 1841316.44    0  132 1911060.00 1841316.44  3.65%     -  329s
     0     2 1841316.47    0  132 1911060.00 1841316.47  3.65%     -  370s
     1     3 1844689.83    1  118 1911060.00 1841316.69  3.65% 23793  392s
     2     4 1841757.49    1  126 1911060.00 1841757.49  3.63% 15356  400s
     3     5 1845936.61    2  122 1911060.00 1841757.50  3.63% 13964  413s
     4     6 1850526.64    2  114 1911060.00 1841757.50  3.63% 14445  432s
     5    10 1844812.07    2  117 1911060.00 1841757.91  3.63% 13350  451s
     9    16 1845083.03    3  113 1911060.00 1842556.21  3.58% 11519  489s
    15    26 1853972.88    5  104 1911060.00 1842556.21  3.58% 13294  569s
    25    49 1850958.75    4  114 1911060.00 1843121.56  3.56% 19275  664s
    48    72 1851811.94    5  112 1911060.00 1844418.08  3.49% 29584  746s
    71    94 1853762.14    6  109 1911060.00 1844997.10  3.46% 25277  844s
H   72    94                    1889113.0000 1844997.10  2.34% 24926  844s
    93   139 1854107.58    7  111 1889113.00 1844997.10  2.34% 23510 1072s
   138   219 1854372.78    9  105 1889113.00 1844997.10  2.34% 17586 1190s
   218   269 1855124.32   14   95 1889113.00 1844997.10  2.34% 13145 1286s
   268   338 1856052.81   17   95 1889113.00 1844997.10  2.34% 11742 1369s
   339   375 1858333.77   21   93 1889113.00 1844997.10  2.34% 10117 1448s
   376   404 1862531.25   20   92 1889113.00 1844997.10  2.34%  9578 1526s
H  405   438                    1886213.0000 1844997.10  2.19%  9291 1602s
H  411   438                    1883435.0000 1844997.10  2.04%  9263 1602s
   441   476 1866957.51   24   79 1883435.00 1844997.10  2.04%  8965 1682s
   479   521 1867035.06   25   77 1883435.00 1844997.10  2.04%  8658 1752s
   528   576 1868977.24   26   70 1883435.00 1844997.10  2.04%  8409 1824s
   591   625 1867954.50   27   78 1883435.00 1844997.10  2.04%  7972 1903s
   640   684 1868950.78   29   78 1883435.00 1844997.10  2.04%  7769 1994s
   699   744 1870102.83   29   75 1883435.00 1844997.10  2.04%  7453 2079s
   764   798 1869704.04   32   78 1883435.00 1844997.10  2.04%  7188 2186s
   826   869 1866779.57   36   75 1883435.00 1844997.10  2.04%  6984 2281s
   903   955 1870549.63   30   75 1883435.00 1844997.10  2.04%  6711 2363s
  1003  1041 1870711.21   34   74 1883435.00 1844997.10  2.04%  6308 2458s
  1097  1137 1878738.69   35   61 1883435.00 1844997.10  2.04%  6083 2544s
  1223  1251 1871532.12   37   69 1883435.00 1844997.10  2.04%  5726 2633s
  1372  1359 1872307.16   39   70 1883435.00 1846505.03  1.96%  5319 2721s
  1524  1425 1879455.74   37   68 1883435.00 1846505.03  1.96%  4956 2811s
  1660  1471 1872946.58   40   76 1883435.00 1846505.03  1.96%  4736 2919s
  1721  1471 1879671.75   73   33 1883435.00 1846505.03  1.96%  4671 2920s
  1744  1527 1873960.17   41   72 1883435.00 1846505.03  1.96%  4654 3033s
  1847  1571 1874129.69   42   70 1883435.00 1847655.69  1.90%  4596 3149s
  1931  1610 1875097.30   45   68 1883435.00 1847655.69  1.90%  4579 3269s
  1986  1657 1875680.80   47   66 1883435.00 1847655.69  1.90%  4635 3391s
  2037  1711 1875723.39   48   62 1883435.00 1848684.04  1.85%  4699 3523s
  2097  1740 1876973.57   48   61 1883435.00 1848684.04  1.85%  4767 3599s

Cutting planes:
  Implied bound: 7659
  MIR: 528
  Flow cover: 1057
  Relax-and-lift: 257

Explored 2136 nodes (10496435 simplex iterations) in 3600.23 seconds (3684.60 work units)
Thread count was 32 (of 32 available processors)

Solution count 10: 1.88344e+06 1.88621e+06 1.88911e+06 ... 2.41388e+06

Time limit reached
Best objective 1.883435000000e+06, best bound 1.848684042218e+06, gap 1.8451%
