
Gurobi 13.0.2 (win64) logging started Wed Jul 15 10:47:11 2026

Set parameter LogFile to value "logs/PSC5-C3-50-10_m0_exact_s0_20260715-104710.gurobi.log"
Set parameter Seed to value 0
Set parameter TimeLimit to value 3599.7400224
Set parameter NodefileStart to value 4
Set parameter MIPGap to value 0
Set parameter MIPGapAbs to value 0.9999
Set parameter Cutoff to value 1e+100
Gurobi Optimizer version 13.0.2 build v13.0.2rc1 (win64 - Windows 11+.0 (26200.2))

CPU model: Intel(R) Core(TM) i9-14900HX, instruction set [SSE2|AVX|AVX2]
Thread count: 24 physical cores, 32 logical processors, using up to 32 threads

Non-default parameters:
TimeLimit  3599.7400224
MIPGap  0
MIPGapAbs  0.9999
NodefileStart  4

Optimize a model with 4500 rows, 250150 columns and 701500 nonzeros (Min)
Model fingerprint: 0x3400587e
Model has 250150 linear objective coefficients
Variable types: 250000 continuous, 150 integer (150 binary)
Coefficient statistics:
  Matrix range     [1e+00, 2e+03]
  Objective range  [4e+01, 3e+04]
  Bounds range     [1e+00, 1e+00]
  RHS range        [1e+01, 2e+01]

Using branch priorities.
Found heuristic solution: objective 3.046419e+07
Presolve time: 0.66s
Presolved: 4500 rows, 250150 columns, 701500 nonzeros
Variable types: 250000 continuous, 150 integer (150 binary)
Deterministic concurrent LP optimizer: primal simplex, dual simplex, and barrier
Showing barrier log only...

Root barrier log...

Ordering time: 0.12s

Barrier statistics:
 AA' NZ     : 4.578e+05
 Factor NZ  : 1.665e+06 (roughly 120 MB of memory)
 Factor Ops : 8.582e+08 (less than 1 second per iteration)
 Threads    : 22

                  Objective                Residual
Iter       Primal          Dual         Primal    Dual     Compl     Time
   0   4.60515956e+11 -6.97919614e+10  4.39e+04 0.00e+00  4.05e+06     1s
   1   3.23221470e+11 -4.71871309e+10  3.07e+04 2.91e-11  2.85e+06     1s
   2   1.61332634e+10 -2.16984215e+10  1.50e+03 4.07e-10  1.74e+05     1s
   3   4.62855801e+08 -7.33853870e+09  1.48e-01 5.29e-08  1.55e+04     1s
   4   2.77043841e+08 -1.58833581e+09  1.34e-04 1.06e-08  3.70e+03     1s
   5   9.80623668e+07 -1.92842738e+08  5.09e-08 1.13e-09  5.76e+02     1s
   6   9.05973158e+07 -1.35114301e+08  4.51e-08 7.71e-10  4.47e+02     1s
   7   6.82673494e+07 -8.60650067e+07  2.66e-08 4.79e-10  3.06e+02     1s
   8   4.58232774e+07 -2.38244854e+07  1.07e-08 1.51e-10  1.38e+02     1s
   9   4.35380191e+07 -1.24617758e+07  5.13e-09 1.20e-10  1.11e+02     1s
  10   3.03813226e+07  1.43891188e+07  1.02e-09 3.02e-11  3.17e+01     2s
  11   2.83928054e+07  1.98111120e+07  5.30e-10 1.48e-11  1.70e+01     2s
  12   2.67117094e+07  2.31461420e+07  1.54e-10 5.66e-12  7.06e+00     2s
  13   2.65285617e+07  2.37120283e+07  1.28e-10 4.03e-12  5.58e+00     2s
  14   2.59350937e+07  2.43253475e+07  5.15e-11 2.31e-12  3.19e+00     2s
  15   2.57355789e+07  2.47377097e+07  3.44e-11 2.07e-12  1.98e+00     2s
  16   2.54385283e+07  2.49603004e+07  9.82e-12 1.81e-12  9.47e-01     2s
  17   2.53748651e+07  2.50980212e+07  6.03e-12 1.94e-12  5.48e-01     2s
  18   2.52953204e+07  2.51917599e+07  1.68e-12 1.81e-12  2.05e-01     2s
  19   2.52792537e+07  2.52172805e+07  9.58e-13 1.95e-12  1.23e-01     2s
  20   2.52676035e+07  2.52413928e+07  1.02e-12 1.92e-12  5.19e-02     2s
  21   2.52626879e+07  2.52474312e+07  1.30e-12 1.93e-12  3.02e-02     2s
  22   2.52602058e+07  2.52523469e+07  9.99e-13 1.95e-12  1.56e-02     2s
  23   2.52592555e+07  2.52543312e+07  8.55e-13 1.93e-12  9.75e-03     2s
  24   2.52582973e+07  2.52556353e+07  2.93e-12 1.89e-12  5.27e-03     2s
  25   2.52579253e+07  2.52562373e+07  1.87e-12 1.99e-12  3.34e-03     2s
  26   2.52577106e+07  2.52567122e+07  2.93e-12 1.98e-12  1.98e-03     2s
  27   2.52575925e+07  2.52569401e+07  7.69e-12 1.86e-12  1.29e-03     2s
  28   2.52574943e+07  2.52571885e+07  4.16e-12 1.83e-12  6.06e-04     2s
  29   2.52574695e+07  2.52572722e+07  1.23e-11 1.91e-12  3.91e-04     2s
  30   2.52574579e+07  2.52573603e+07  1.23e-11 2.10e-12  1.93e-04     2s
  31   2.52574484e+07  2.52574073e+07  1.45e-11 1.92e-12  8.13e-05     2s
  32   2.52574435e+07  2.52574356e+07  4.33e-11 2.15e-12  1.56e-05     2s
  33   2.52574429e+07  2.52574411e+07  4.10e-11 1.99e-12  3.62e-06     2s
  34   2.52574423e+07  2.52574418e+07  1.42e-10 1.98e-12  1.03e-06     2s
  35   2.52574422e+07  2.52574420e+07  7.82e-10 2.23e-12  3.45e-07     2s
  36   2.52574420e+07  2.52574420e+07  3.81e-08 2.23e-12  3.34e-08     2s
  37   2.52574420e+07  2.52574420e+07  3.31e-09 2.11e-12  2.16e-10     2s

Barrier solved model in 37 iterations and 2.43 seconds (3.95 work units)
Optimal objective 2.52574420e+07

Crossover time: 0.07 seconds (0.10 work units)
Concurrent spin time: 0.01s

Solved with barrier

Root relaxation: objective 2.525744e+07, 2555 iterations, 1.78 seconds (2.48 work units)

    Nodes    |    Current Node    |     Objective Bounds      |     Work
 Expl Unexpl |  Obj  Depth IntInf | Incumbent    BestBd   Gap | It/Node Time

     0     0 2.5257e+07    0  138 3.0464e+07 2.5257e+07  17.1%     -    2s
H    0     0                    2.704068e+07 2.5257e+07  6.59%     -    2s
H    0     0                    2.698348e+07 2.5257e+07  6.40%     -    2s
H    0     0                    2.692826e+07 2.5257e+07  6.20%     -    2s
     0     0 2.5303e+07    0  139 2.6928e+07 2.5303e+07  6.04%     -   21s
H    0     0                    2.692619e+07 2.5303e+07  6.03%     -   21s
     0     0 2.5323e+07    0  139 2.6926e+07 2.5323e+07  5.96%     -   43s
     0     0 2.5330e+07    0  139 2.6926e+07 2.5330e+07  5.93%     -   59s
     0     0 2.5332e+07    0  139 2.6926e+07 2.5332e+07  5.92%     -   69s
     0     0 2.5332e+07    0  139 2.6926e+07 2.5332e+07  5.92%     -   76s
     0     0 2.5332e+07    0  139 2.6926e+07 2.5332e+07  5.92%     -   79s
     0     0 2.5332e+07    0  139 2.6926e+07 2.5332e+07  5.92%     -   81s
     0     0 2.5360e+07    0  139 2.6926e+07 2.5360e+07  5.82%     -  108s
H    0     0                    2.685965e+07 2.5360e+07  5.58%     -  108s
H    0     0                    2.685961e+07 2.5360e+07  5.58%     -  108s
H    0     0                    2.670980e+07 2.5360e+07  5.05%     -  108s
H    0     0                    2.662844e+07 2.5360e+07  4.76%     -  108s
     0     0 2.5380e+07    0  140 2.6628e+07 2.5380e+07  4.69%     -  139s
     0     0 2.5390e+07    0  142 2.6628e+07 2.5390e+07  4.65%     -  162s
     0     0 2.5393e+07    0  141 2.6628e+07 2.5393e+07  4.64%     -  178s
     0     0 2.5394e+07    0  141 2.6628e+07 2.5394e+07  4.63%     -  189s
     0     0 2.5395e+07    0  142 2.6628e+07 2.5395e+07  4.63%     -  196s
     0     0 2.5395e+07    0  141 2.6628e+07 2.5395e+07  4.63%     -  200s
     0     0 2.5395e+07    0  141 2.6628e+07 2.5395e+07  4.63%     -  202s
     0     0 2.5418e+07    0  141 2.6628e+07 2.5418e+07  4.55%     -  230s
H    0     0                    2.641628e+07 2.5418e+07  3.78%     -  233s
H    0     0                    2.639608e+07 2.5418e+07  3.71%     -  233s
H    0     0                    2.638660e+07 2.5418e+07  3.67%     -  235s
H    0     0                    2.637705e+07 2.5418e+07  3.64%     -  237s
H    0     0                    2.637704e+07 2.5418e+07  3.64%     -  238s
H    0     0                    2.637703e+07 2.5418e+07  3.64%     -  238s
H    0     0                    2.637703e+07 2.5418e+07  3.64%     -  238s
H    0     0                    2.636378e+07 2.5418e+07  3.59%     -  239s
H    0     0                    2.636350e+07 2.5418e+07  3.59%     -  239s
H    0     0                    2.635890e+07 2.5418e+07  3.57%     -  240s
H    0     0                    2.635536e+07 2.5418e+07  3.56%     -  240s
     0     0 2.5436e+07    0  140 2.6355e+07 2.5436e+07  3.49%     -  271s
     0     0 2.5445e+07    0  140 2.6355e+07 2.5445e+07  3.46%     -  295s
     0     0 2.5448e+07    0  142 2.6355e+07 2.5448e+07  3.44%     -  309s
     0     0 2.5449e+07    0  142 2.6355e+07 2.5449e+07  3.44%     -  321s
     0     0 2.5450e+07    0  142 2.6355e+07 2.5450e+07  3.44%     -  329s
     0     0 2.5450e+07    0  142 2.6355e+07 2.5450e+07  3.44%     -  335s
     0     0 2.5450e+07    0  142 2.6355e+07 2.5450e+07  3.44%     -  338s
     0     0 2.5466e+07    0  141 2.6355e+07 2.5466e+07  3.37%     -  371s
H    0     0                    2.631386e+07 2.5466e+07  3.22%     -  384s
H    0     0                    2.624471e+07 2.5466e+07  2.97%     -  384s
H    0     0                    2.624466e+07 2.5466e+07  2.97%     -  394s
H    0     0                    2.624434e+07 2.5466e+07  2.97%     -  403s
H    0     0                    2.623602e+07 2.5466e+07  2.93%     -  408s
H    0     0                    2.623396e+07 2.5466e+07  2.93%     -  408s
H    0     0                    2.622855e+07 2.5466e+07  2.91%     -  409s
H    0     0                    2.621855e+07 2.5466e+07  2.87%     -  409s
H    0     0                    2.621395e+07 2.5466e+07  2.85%     -  410s
     0     0 2.5478e+07    0  142 2.6214e+07 2.5478e+07  2.81%     -  453s
     0     0 2.5482e+07    0  142 2.6214e+07 2.5482e+07  2.79%     -  476s
     0     0 2.5483e+07    0  143 2.6214e+07 2.5483e+07  2.79%     -  490s
     0     0 2.5484e+07    0  143 2.6214e+07 2.5484e+07  2.79%     -  501s
     0     0 2.5484e+07    0  143 2.6214e+07 2.5484e+07  2.78%     -  508s
     0     0 2.5501e+07    0  139 2.6214e+07 2.5501e+07  2.72%     -  674s
H    0     0                    2.606393e+07 2.5501e+07  2.16%     -  674s
H    0     0                    2.594687e+07 2.5501e+07  1.72%     -  674s
H    0     0                    2.594515e+07 2.5501e+07  1.71%     -  675s
     0     0 2.5502e+07    0  143 2.5945e+07 2.5502e+07  1.71%     -  687s
     0     0 2.5502e+07    0  145 2.5945e+07 2.5502e+07  1.71%     -  697s
     0     0 2.5502e+07    0  145 2.5945e+07 2.5502e+07  1.71%     -  697s
H    0     0                    2.588670e+07 2.5502e+07  1.49%     -  799s
H    0     0                    2.588246e+07 2.5502e+07  1.47%     -  799s
     0     2 2.5502e+07    0  145 2.5882e+07 2.5502e+07  1.47%     -  799s
     1     3 2.5512e+07    1  135 2.5882e+07 2.5502e+07  1.47% 13114  832s
     2     4 2.5502e+07    1  145 2.5882e+07 2.5502e+07  1.47%  8508  843s
     3     5 2.5528e+07    2  140 2.5882e+07 2.5502e+07  1.47%  9215  866s
     4     7 2.5529e+07    3  142 2.5882e+07 2.5502e+07  1.47%  8405  886s
     6    12 2.5504e+07    2  143 2.5882e+07 2.5502e+07  1.47%  6632  915s
    11    21 2.5529e+07    5  140 2.5882e+07 2.5504e+07  1.46%  6865 1013s
    20    42 2.5528e+07    4  141 2.5882e+07 2.5504e+07  1.46% 13260 1118s
    41    65 2.5528e+07    5  140 2.5882e+07 2.5504e+07  1.46% 17264 1191s
    64   133 2.5529e+07    6  140 2.5882e+07 2.5504e+07  1.46% 12923 1296s
   132   169 2.5529e+07    9  138 2.5882e+07 2.5504e+07  1.46%  7994 1390s
   168   197 2.5546e+07   11  132 2.5882e+07 2.5504e+07  1.46%  7075 1496s
   196   230 2.5544e+07   11  137 2.5882e+07 2.5504e+07  1.46%  6822 1590s
   229   275 2.5530e+07   11  136 2.5882e+07 2.5504e+07  1.46%  6400 1676s
   274   329 2.5531e+07   13  134 2.5882e+07 2.5504e+07  1.46%  6002 1753s
H  328   349                    2.586301e+07 2.5504e+07  1.39%  5463 1810s
H  328   349                    2.562848e+07 2.5504e+07  0.49%  5463 1810s
   348   392 2.5531e+07   16  132 2.5628e+07 2.5504e+07  0.49%  5336 1892s
   391   440 2.5532e+07   18  130 2.5628e+07 2.5504e+07  0.49%  5147 1967s
   439   482 2.5532e+07   19  129 2.5628e+07 2.5504e+07  0.49%  4867 2037s
   481   514 2.5591e+07   30  118 2.5628e+07 2.5504e+07  0.49%  4719 2106s
H  485   514                    2.562736e+07 2.5505e+07  0.48%  4709 2106s
H  486   514                    2.562585e+07 2.5505e+07  0.47%  4706 2106s
H  499   514                    2.562580e+07 2.5505e+07  0.47%  4626 2106s
H  507   514                    2.562368e+07 2.5505e+07  0.46%  4595 2106s
   529   555 2.5591e+07   31  116 2.5624e+07 2.5505e+07  0.46%  4505 2178s
   588   599 2.5611e+07   36  109 2.5624e+07 2.5505e+07  0.46%  4234 2301s
   636   635 2.5614e+07   39  106 2.5624e+07 2.5505e+07  0.46%  4080 2430s
   684   669 2.5615e+07   45  100 2.5624e+07 2.5505e+07  0.46%  3900 2562s
   740   729 2.5618e+07   51   97 2.5624e+07 2.5505e+07  0.46%  3758 2698s
   810   796 2.5618e+07   58   91 2.5624e+07 2.5505e+07  0.46%  3579 2762s
H  822   796                    2.562324e+07 2.5505e+07  0.46%  3557 2762s
H  829   796                    2.562167e+07 2.5505e+07  0.46%  3530 2762s
H  855   796                    2.562155e+07 2.5505e+07  0.46%  3493 2762s
   883   872     cutoff   65      2.5622e+07 2.5505e+07  0.46%  3433 2829s
   980   974 2.5556e+07   52   97 2.5622e+07 2.5505e+07  0.46%  3236 2898s
  1092  1070     cutoff   67      2.5622e+07 2.5505e+07  0.46%  3063 2963s
  1220  1154 2.5614e+07   71   79 2.5622e+07 2.5505e+07  0.46%  2914 3031s
  1348  1231 2.5617e+07   77   73 2.5622e+07 2.5505e+07  0.46%  2765 3101s
  1475  1311 2.5618e+07   78   72 2.5622e+07 2.5505e+07  0.46%  2641 3163s
  1625  1350     cutoff   85      2.5622e+07 2.5505e+07  0.46%  2508 3243s
  1717  1406 2.5522e+07   11  135 2.5622e+07 2.5505e+07  0.46%  2467 3333s
  1802  1466 2.5522e+07   13  135 2.5622e+07 2.5505e+07  0.45%  2453 3427s
  1878  1527 2.5523e+07   15  132 2.5622e+07 2.5506e+07  0.45%  2452 3521s
H 1898  1486                    2.561897e+07 2.5506e+07  0.44%  2432 3521s
Created node file directory './grbnodes0'
  1948  1536 2.5523e+07   17  132 2.5619e+07 2.5506e+07  0.44%  2463 3599s

Cutting planes:
  Implied bound: 12704
  MIR: 379
  Flow cover: 1952
  Relax-and-lift: 129

Explored 2005 nodes (5144956 simplex iterations) in 3601.11 seconds (4009.53 work units)
Thread count was 32 (of 32 available processors)

Solution count 10: 2.5619e+07 2.56216e+07 2.56217e+07 ... 2.5863e+07

Time limit reached
Best objective 2.561896600000e+07, best bound 2.550731118118e+07, gap 0.4358%
