
Gurobi 13.0.2 (win64) logging started Wed Jul 15 19:47:24 2026

Set parameter LogFile to value "logs/PSC5-C5-50-5_m0_exact_s0_20260715-194724.gurobi.log"
Set parameter Seed to value 0
Set parameter TimeLimit to value 3599.841097
Set parameter NodefileStart to value 4
Set parameter MIPGap to value 0
Set parameter MIPGapAbs to value 0.9999
Set parameter Cutoff to value 1e+100
Gurobi Optimizer version 13.0.2 build v13.0.2rc1 (win64 - Windows 11+.0 (26200.2))

CPU model: Intel(R) Core(TM) i9-14900HX, instruction set [SSE2|AVX|AVX2]
Thread count: 24 physical cores, 32 logical processors, using up to 32 threads

Non-default parameters:
TimeLimit  3599.841097
MIPGap  0
MIPGapAbs  0.9999
NodefileStart  4

Optimize a model with 2250 rows, 125150 columns and 350750 nonzeros (Min)
Model fingerprint: 0x3ba768ad
Model has 125150 linear objective coefficients
Variable types: 125000 continuous, 150 integer (150 binary)
Coefficient statistics:
  Matrix range     [1e+00, 6e+02]
  Objective range  [4e+01, 3e+04]
  Bounds range     [1e+00, 1e+00]
  RHS range        [1e+01, 2e+01]

Using branch priorities.
Found heuristic solution: objective 1.646729e+07
Presolve time: 0.37s
Presolved: 2250 rows, 125150 columns, 350750 nonzeros
Variable types: 125000 continuous, 150 integer (150 binary)
Deterministic concurrent LP optimizer: primal and dual simplex
Showing primal log only...

Concurrent spin time: 0.00s

Solved with primal simplex

Root relaxation: objective 1.296348e+07, 89085 iterations, 3.30 seconds (5.29 work units)

    Nodes    |    Current Node    |     Objective Bounds      |     Work
 Expl Unexpl |  Obj  Depth IntInf | Incumbent    BestBd   Gap | It/Node Time

     0     0 1.2963e+07    0  120 1.6467e+07 1.2963e+07  21.3%     -    3s
H    0     0                    1.414965e+07 1.2963e+07  8.38%     -    3s
H    0     0                    1.410255e+07 1.2963e+07  8.08%     -    3s
H    0     0                    1.397160e+07 1.2992e+07  7.01%     -   11s
H    0     0                    1.367378e+07 1.2992e+07  4.99%     -   11s
     0     0 1.2992e+07    0  123 1.3674e+07 1.2992e+07  4.99%     -   12s
H    0     0                    1.339199e+07 1.2995e+07  2.97%     -   16s
H    0     0                    1.318427e+07 1.2995e+07  1.44%     -   16s
     0     0 1.2995e+07    0  121 1.3184e+07 1.2995e+07  1.44%     -   17s
H    0     0                    1.318080e+07 1.2996e+07  1.40%     -   19s
     0     0 1.2996e+07    0  122 1.3181e+07 1.2996e+07  1.40%     -   19s
     0     0 1.2997e+07    0  122 1.3181e+07 1.2997e+07  1.40%     -   21s
H    0     0                    1.317772e+07 1.2997e+07  1.37%     -   22s
     0     0 1.2997e+07    0  122 1.3178e+07 1.2997e+07  1.37%     -   22s
     0     0 1.2997e+07    0  122 1.3178e+07 1.2997e+07  1.37%     -   23s
     0     0 1.2997e+07    0  123 1.3178e+07 1.2997e+07  1.37%     -   23s
H    0     0                    1.311779e+07 1.3013e+07  0.80%     -   33s
     0     0 1.3013e+07    0  122 1.3118e+07 1.3013e+07  0.80%     -   33s
     0     0 1.3020e+07    0  123 1.3118e+07 1.3020e+07  0.75%     -   42s
     0     0 1.3021e+07    0  120 1.3118e+07 1.3021e+07  0.73%     -   49s
     0     0 1.3022e+07    0  122 1.3118e+07 1.3022e+07  0.73%     -   53s
     0     0 1.3022e+07    0  123 1.3118e+07 1.3022e+07  0.73%     -   56s
     0     0 1.3023e+07    0  123 1.3118e+07 1.3023e+07  0.73%     -   57s
     0     0 1.3023e+07    0  121 1.3118e+07 1.3023e+07  0.73%     -   58s
     0     0 1.3031e+07    0  121 1.3118e+07 1.3031e+07  0.66%     -   73s
     0     0 1.3036e+07    0  124 1.3118e+07 1.3036e+07  0.63%     -   89s
     0     0 1.3037e+07    0  123 1.3118e+07 1.3037e+07  0.62%     -   99s
     0     0 1.3037e+07    0  122 1.3118e+07 1.3037e+07  0.61%     -  105s
     0     0 1.3038e+07    0  123 1.3118e+07 1.3038e+07  0.61%     -  108s
     0     0 1.3038e+07    0  122 1.3118e+07 1.3038e+07  0.61%     -  111s
     0     0 1.3038e+07    0  122 1.3118e+07 1.3038e+07  0.61%     -  112s
     0     0 1.3043e+07    0  126 1.3118e+07 1.3043e+07  0.57%     -  132s
     0     0 1.3044e+07    0  126 1.3118e+07 1.3044e+07  0.56%     -  152s
     0     0 1.3045e+07    0  128 1.3118e+07 1.3045e+07  0.56%     -  159s
     0     0 1.3045e+07    0  127 1.3118e+07 1.3045e+07  0.56%     -  162s
     0     0 1.3049e+07    0  110 1.3118e+07 1.3049e+07  0.53%     -  223s
     0     0 1.3049e+07    0  113 1.3118e+07 1.3049e+07  0.53%     -  224s
     0     0 1.3049e+07    0  111 1.3118e+07 1.3049e+07  0.52%     -  226s
     0     0 1.3049e+07    0  111 1.3118e+07 1.3049e+07  0.52%     -  226s
H    0     0                    1.310799e+07 1.3049e+07  0.45%     -  247s
H    0     0                    1.310633e+07 1.3049e+07  0.44%     -  247s
     0     2 1.3049e+07    0  111 1.3106e+07 1.3049e+07  0.44%     -  247s
     1     3 1.3050e+07    1  117 1.3106e+07 1.3049e+07  0.44%  4120  252s
     2     5 1.3050e+07    2  110 1.3106e+07 1.3049e+07  0.44%  3654  257s
     4     8 1.3050e+07    2  104 1.3106e+07 1.3050e+07  0.43%  3320  265s
     7    16 1.3051e+07    3  107 1.3106e+07 1.3050e+07  0.43%  3594  274s
    15    29 1.3052e+07    4  104 1.3106e+07 1.3051e+07  0.42%  4503  307s
    28    50 1.3052e+07    6   99 1.3106e+07 1.3051e+07  0.42%  8705  338s
    49   108 1.3053e+07    6  101 1.3106e+07 1.3051e+07  0.42% 16574  403s
   107   168 1.3053e+07    8   98 1.3106e+07 1.3051e+07  0.42%  9509  441s
H  116   168                    1.310488e+07 1.3051e+07  0.41%  8957  441s
H  143   168                    1.310442e+07 1.3051e+07  0.41%  7769  441s
   167   210 1.3055e+07   11   98 1.3104e+07 1.3051e+07  0.41%  7124  476s
   209   242 1.3055e+07   13   98 1.3104e+07 1.3051e+07  0.41%  6466  513s
   241   289 1.3055e+07   16   96 1.3104e+07 1.3051e+07  0.41%  6212  547s
   288   335 1.3056e+07   19   93 1.3104e+07 1.3051e+07  0.41%  5665  579s
   334   377 1.3057e+07   22   93 1.3104e+07 1.3051e+07  0.41%  5334  613s
   376   419 1.3057e+07   24   89 1.3104e+07 1.3051e+07  0.41%  5115  645s
   418   458 1.3057e+07   29   85 1.3104e+07 1.3051e+07  0.41%  4962  677s
   457   498 1.3060e+07   22   95 1.3104e+07 1.3051e+07  0.41%  4858  712s
   497   530 1.3058e+07   32   86 1.3104e+07 1.3051e+07  0.41%  4775  746s
   529   571 1.3059e+07   33   87 1.3104e+07 1.3051e+07  0.41%  4729  784s
   570   595 1.3059e+07   34   86 1.3104e+07 1.3051e+07  0.41%  4647  859s
   594   630 1.3060e+07   35   86 1.3104e+07 1.3051e+07  0.41%  4605  892s
   629   669 1.3062e+07   36   82 1.3104e+07 1.3051e+07  0.41%  4591  929s
   668   710 1.3062e+07   37   83 1.3104e+07 1.3051e+07  0.41%  4575  967s
   709   758 1.3063e+07   39   82 1.3104e+07 1.3051e+07  0.41%  4594 1007s
   757   805 1.3064e+07   41   80 1.3104e+07 1.3051e+07  0.41%  4583 1049s
   804   865 1.3065e+07   43   82 1.3104e+07 1.3051e+07  0.41%  4524 1089s
   864   930 1.3065e+07   45   81 1.3104e+07 1.3051e+07  0.41%  4441 1129s
   929   992 1.3066e+07   48   77 1.3104e+07 1.3051e+07  0.41%  4363 1170s
   998  1060 1.3067e+07   50   76 1.3104e+07 1.3051e+07  0.41%  4289 1216s
  1068  1110 1.3067e+07   54   73 1.3104e+07 1.3051e+07  0.41%  4194 1268s
  1142  1161 1.3070e+07   57   71 1.3104e+07 1.3051e+07  0.41%  4144 1315s
  1204  1219 1.3073e+07   59   69 1.3104e+07 1.3051e+07  0.41%  4130 1369s
  1264  1292 1.3076e+07   63   68 1.3104e+07 1.3051e+07  0.41%  4139 1421s
  1337  1368 1.3078e+07   68   65 1.3104e+07 1.3051e+07  0.41%  4131 1477s
H 1419  1352                    1.310074e+07 1.3051e+07  0.38%  4103 1514s
H 1435  1347                    1.310028e+07 1.3051e+07  0.37%  4124 1514s
  1443  1437 1.3083e+07   76   59 1.3100e+07 1.3051e+07  0.37%  4125 1572s
  1535  1529 1.3093e+07   87   47 1.3100e+07 1.3051e+07  0.37%  4102 1634s
  1644  1582 1.3099e+07   99   38 1.3100e+07 1.3051e+07  0.37%  4047 1703s
  1747  1671 1.3092e+07   58   72 1.3100e+07 1.3051e+07  0.37%  4021 1771s
  1842  1761 1.3095e+07   60   68 1.3100e+07 1.3051e+07  0.37%  4027 1842s
  1952  1852 1.3098e+07   63   65 1.3100e+07 1.3051e+07  0.37%  3994 1909s
  2073  1938     cutoff   69      1.3100e+07 1.3052e+07  0.37%  3972 1983s
H 2098  1909                    1.309936e+07 1.3052e+07  0.36%  3984 1983s
  2189  1985 1.3056e+07    6   99 1.3099e+07 1.3052e+07  0.36%  3958 2063s
  2289  2062 1.3056e+07    6  101 1.3099e+07 1.3052e+07  0.36%  3983 2149s
  2378  2157 1.3057e+07    9   98 1.3099e+07 1.3052e+07  0.36%  4035 2236s
  2473  2268 1.3057e+07    9   94 1.3099e+07 1.3052e+07  0.36%  4087 2325s
  2592  2380 1.3059e+07   13   94 1.3099e+07 1.3052e+07  0.36%  4109 2418s
  2733  2492 1.3059e+07   14   93 1.3099e+07 1.3052e+07  0.36%  4111 2511s
H 2886  2421                    1.309772e+07 1.3052e+07  0.35%  4098 2888s
H 2886  2408                    1.309722e+07 1.3052e+07  0.35%  4098 2941s
H 2886  2408                    1.309717e+07 1.3052e+07  0.35%  4098 2965s
  2887  2402 1.3070e+07   47  111 1.3097e+07 1.3052e+07  0.35%  4097 3071s
  2889  2403 1.3094e+07   58  120 1.3097e+07 1.3052e+07  0.35%  4094 3075s
  2890  2404 1.3086e+07   46  122 1.3097e+07 1.3052e+07  0.35%  4092 3085s
  2891  2405 1.3069e+07   38  122 1.3097e+07 1.3052e+07  0.35%  4091 3094s
  2892  2405 1.3095e+07  101  122 1.3097e+07 1.3052e+07  0.35%  4090 3106s
  2893  2406 1.3094e+07   57  126 1.3097e+07 1.3052e+07  0.35%  4088 3121s
  2894  2407 1.3058e+07   11  124 1.3097e+07 1.3052e+07  0.35%  4087 3137s
  2895  2407 1.3091e+07   78  126 1.3097e+07 1.3052e+07  0.35%  4085 3152s
  2896  2408 1.3090e+07   44  129 1.3097e+07 1.3052e+07  0.35%  4084 3164s
  2897  2409 1.3064e+07   32  125 1.3097e+07 1.3052e+07  0.35%  4082 3174s
  2898  2409 1.3089e+07   41  126 1.3097e+07 1.3052e+07  0.35%  4081 3183s
  2899  2410 1.3073e+07   52  119 1.3097e+07 1.3052e+07  0.35%  4080 3189s
  2900  2411 1.3083e+07   76  123 1.3097e+07 1.3052e+07  0.35%  4078 3193s
  2901  2411 1.3065e+07   30  117 1.3097e+07 1.3052e+07  0.35%  4077 3196s
  2904  2413 1.3064e+07   35  112 1.3097e+07 1.3052e+07  0.35%  4073 3200s
  2907  2415 1.3093e+07   56  117 1.3097e+07 1.3052e+07  0.35%  4068 3207s
  2909  2417 1.3061e+07   13  114 1.3097e+07 1.3052e+07  0.35%  4066 3212s
  2911  2418 1.3069e+07   24  114 1.3097e+07 1.3052e+07  0.35%  4063 3215s
  2913  2419 1.3058e+07   19  118 1.3097e+07 1.3052e+07  0.35%  4060 3224s
  2914  2420 1.3058e+07   11  118 1.3097e+07 1.3052e+07  0.35%  4059 3251s
  2915  2424 1.3052e+07   15  114 1.3097e+07 1.3052e+07  0.35%  4121 3263s
  2917  2426 1.3052e+07   16  115 1.3097e+07 1.3052e+07  0.35%  4123 3275s
  2920  2432 1.3052e+07   17  117 1.3097e+07 1.3052e+07  0.35%  4125 3297s
  2927  2444 1.3052e+07   18  113 1.3097e+07 1.3052e+07  0.35%  4130 3341s
  2941  2463 1.3052e+07   19  114 1.3097e+07 1.3052e+07  0.35%  4174 3383s
  2965  2489 1.3053e+07   20  115 1.3097e+07 1.3052e+07  0.35%  4370 3446s
  2999  2526 1.3054e+07   21  114 1.3097e+07 1.3052e+07  0.35%  4393 3516s
  3047  2562 1.3055e+07   21  113 1.3097e+07 1.3052e+07  0.35%  4414 3569s
  3099  2561 1.3058e+07   24   93 1.3097e+07 1.3052e+07  0.35%  4683 3599s

Cutting planes:
  Gomory: 2
  Implied bound: 5699
  MIR: 342
  Flow cover: 733
  Relax-and-lift: 194

Explored 3116 nodes (14776554 simplex iterations) in 3600.03 seconds (5337.93 work units)
Thread count was 32 (of 32 available processors)

Solution count 10: 1.30972e+07 1.30972e+07 1.30977e+07 ... 1.3108e+07

Time limit reached
Best objective 1.309717300000e+07, best bound 1.305160087017e+07, gap 0.3480%
