
Gurobi 13.0.2 (win64) logging started Tue Jul 14 21:18:13 2026

Set parameter LogFile to value "logs/PSC5-C1-100-10_m0_exact_s0_20260714-211812.gurobi.log"
Set parameter Seed to value 0
Set parameter TimeLimit to value 3598.8690514
Set parameter NodefileStart to value 4
Set parameter MIPGap to value 0
Set parameter MIPGapAbs to value 0.9999
Set parameter Cutoff to value 1e+100
Gurobi Optimizer version 13.0.2 build v13.0.2rc1 (win64 - Windows 11+.0 (26200.2))

CPU model: Intel(R) Core(TM) i9-14900HX, instruction set [SSE2|AVX|AVX2]
Thread count: 24 physical cores, 32 logical processors, using up to 32 threads

Non-default parameters:
TimeLimit  3598.8690514
MIPGap  0
MIPGapAbs  0.9999
NodefileStart  4

Optimize a model with 9000 rows, 1000300 columns and 2803000 nonzeros (Min)
Model fingerprint: 0xa93b9e79
Model has 1000300 linear objective coefficients
Variable types: 1000000 continuous, 300 integer (300 binary)
Coefficient statistics:
  Matrix range     [1e+00, 3e+02]
  Objective range  [4e+01, 3e+04]
  Bounds range     [1e+00, 1e+00]
  RHS range        [1e+01, 2e+01]

Using branch priorities.
Found heuristic solution: objective 1.048193e+07
Presolve time: 2.79s
Presolved: 9000 rows, 1000300 columns, 2803000 nonzeros
Variable types: 1000000 continuous, 300 integer (300 binary)
Deterministic concurrent LP optimizer: primal simplex, dual simplex, and barrier
Showing barrier log only...

Root barrier log...

Ordering time: 0.52s

Barrier statistics:
 AA' NZ     : 1.816e+06
 Factor NZ  : 6.644e+06 (roughly 500 MB of memory)
 Factor Ops : 6.854e+09 (less than 1 second per iteration)
 Threads    : 22

                  Objective                Residual
Iter       Primal          Dual         Primal    Dual     Compl     Time
   0   4.68706436e+10 -1.37665589e+10  4.04e+04 0.00e+00  2.84e+05     5s
   1   3.34458929e+10 -1.18307777e+10  2.88e+04 7.28e-12  2.10e+05     5s
   2   4.27050446e+08 -8.57738227e+09  3.48e+02 1.02e-10  6.63e+03     5s
   3   6.48816641e+07 -7.92796997e+08  3.44e+01 5.24e-10  5.47e+02     6s
   4   2.68441015e+07 -2.29105954e+08  1.66e+00 4.55e-10  1.31e+02     6s
   5   2.47748969e+07 -9.00396040e+07  6.77e-03 1.97e-10  5.71e+01     6s
   6   2.33940030e+07 -6.58930512e+07  4.83e-05 1.51e-10  4.44e+01     6s
   7   2.18889701e+07 -5.01167484e+07  2.66e-05 1.19e-10  3.58e+01     7s
   8   1.72083566e+07 -4.86333050e+07  1.35e-05 1.12e-10  3.28e+01     7s
   9   1.46201930e+07 -2.83734792e+07  1.10e-05 6.57e-11  2.14e+01     7s
  10   9.96944719e+06 -9.43439822e+06  6.32e-06 2.43e-11  9.66e+00     7s
  11   8.06380483e+06  6.99084365e+05  4.02e-06 4.32e-12  3.66e+00     7s
  12   7.97660379e+06  2.23624487e+06  3.00e-06 3.30e-12  2.86e+00     8s
  13   7.72252660e+06  3.43904466e+06  2.26e-06 2.57e-12  2.13e+00     8s
  14   7.45802803e+06  4.41294146e+06  1.64e-06 1.79e-12  1.52e+00     8s
  15   7.20491611e+06  4.86854260e+06  9.75e-07 1.41e-12  1.16e+00     8s
  16   7.02477076e+06  5.50848687e+06  5.86e-07 8.95e-13  7.55e-01     8s
  17   6.87679651e+06  6.04822674e+06  3.38e-07 5.19e-13  4.12e-01     9s
  18   6.81867581e+06  6.21900863e+06  2.62e-07 3.37e-13  2.98e-01     9s
  19   6.78479205e+06  6.30643963e+06  2.25e-07 2.70e-13  2.38e-01     9s
  20   6.72599799e+06  6.35618676e+06  1.69e-07 3.20e-13  1.84e-01     9s
  21   6.68517001e+06  6.38172206e+06  1.30e-07 2.87e-13  1.51e-01    10s
  22   6.63100020e+06  6.40837523e+06  8.07e-08 3.06e-13  1.11e-01    10s
  23   6.59202233e+06  6.44450614e+06  4.99e-08 2.68e-13  7.34e-02    10s
  24   6.57175444e+06  6.47596565e+06  3.53e-08 3.36e-13  4.77e-02    10s
  25   6.55657500e+06  6.49135340e+06  2.45e-08 2.51e-13  3.25e-02    11s
  26   6.54293600e+06  6.50031054e+06  1.51e-08 3.01e-13  2.12e-02    11s
  27   6.53832945e+06  6.50480020e+06  1.19e-08 2.77e-13  1.67e-02    11s
  28   6.53582437e+06  6.50746126e+06  1.03e-08 2.85e-13  1.41e-02    12s
  29   6.53044736e+06  6.51055185e+06  6.64e-09 2.79e-13  9.90e-03    12s
  30   6.52533422e+06  6.51344022e+06  3.28e-09 2.93e-13  5.92e-03    12s
  31   6.52332152e+06  6.51524313e+06  2.00e-09 2.76e-13  4.02e-03    12s
  32   6.52165845e+06  6.51802618e+06  9.69e-10 2.71e-13  1.81e-03    13s
  33   6.52058756e+06  6.51914226e+06  3.19e-10 4.19e-13  7.19e-04    13s
  34   6.52049555e+06  6.51961037e+06  2.70e-10 2.50e-13  4.40e-04    13s
  35   6.52025998e+06  6.51988552e+06  2.68e-10 3.02e-13  1.86e-04    14s
  36   6.52005944e+06  6.51995819e+06  3.23e-10 2.83e-13  5.04e-05    14s
  37   6.52003115e+06  6.52001406e+06  6.23e-10 3.00e-13  8.51e-06    14s
  38   6.52002683e+06  6.52001702e+06  1.18e-07 2.62e-13  4.88e-06    14s
  39   6.52001743e+06  6.52001736e+06  5.85e-08 2.83e-13  3.75e-08    14s
  40   6.52001736e+06  6.52001736e+06  3.51e-10 4.68e-13  9.88e-11    15s

Barrier solved model in 40 iterations and 14.56 seconds (18.97 work units)
Optimal objective 6.52001736e+06


Root crossover log...

    3886 DPushes remaining with DInf 0.0000000e+00                15s
       0 DPushes remaining with DInf 0.0000000e+00                15s

   20956 PPushes remaining with PInf 0.0000000e+00                15s
       0 PPushes remaining with PInf 0.0000000e+00                15s

  Push phase complete: Pinf 0.0000000e+00, Dinf 5.8816063e-11     15s


Root simplex log...

Iteration    Objective       Primal Inf.    Dual Inf.      Time
   24783    6.5200174e+06   0.000000e+00   0.000000e+00     15s
Crossover time: 0.65 seconds (0.54 work units)
Concurrent spin time: 3.16s (can be avoided by choosing Method=3)

Solved with barrier

Root relaxation: objective 6.520017e+06, 24783 iterations, 15.20 seconds (12.93 work units)

    Nodes    |    Current Node    |     Objective Bounds      |     Work
 Expl Unexpl |  Obj  Depth IntInf | Incumbent    BestBd   Gap | It/Node Time

     0     0 6520017.36    0   38 1.0482e+07 6520017.36  37.8%     -   18s
H    0     0                    6855455.0925 6520017.36  4.89%     -   18s
H    0     0                    6855114.7036 6520017.36  4.89%     -   19s
H    0     0                    6795301.0000 6520017.36  4.05%     -   19s
     0     0 6520246.48    0   40 6795301.00 6520246.48  4.05%     -   67s
H    0     0                    6733938.9999 6520258.62  3.17%     -   68s
     0     0 6520273.11    0   38 6733939.00 6520273.11  3.17%     -  102s
     0     0 6520273.15    0   38 6733939.00 6520273.15  3.17%     -  104s
     0     0 6520303.90    0   36 6733939.00 6520303.90  3.17%     -  140s
H    0     0                    6709714.0204 6520304.54  2.82%     -  140s
     0     0 6520326.93    0   37 6709714.02 6520326.93  2.82%     -  174s
     0     0 6520327.73    0   35 6709714.02 6520327.73  2.82%     -  181s
     0     0 6520380.06    0   38 6709714.02 6520380.06  2.82%     -  217s
H    0     0                    6693401.8405 6520381.42  2.58%     -  218s
     0     0 6520381.42    0   38 6693401.84 6520381.42  2.58%     -  235s
     0     0 6520453.46    0   37 6693401.84 6520453.46  2.58%     -  275s
H    0     0                    6682363.0709 6520454.12  2.42%     -  275s
H    0     0                    6682247.6667 6520454.12  2.42%     -  275s
H    0     0                    6682241.2121 6520454.12  2.42%     -  275s
H    0     0                    6650613.0000 6520454.12  1.96%     -  275s
     0     0 6520459.43    0   39 6650613.00 6520459.43  1.96%     -  301s
     0     0 6520461.58    0   37 6650613.00 6520461.58  1.96%     -  309s
     0     0 6520461.58    0   37 6650613.00 6520461.58  1.96%     -  312s
     0     0 6520494.98    0   33 6650613.00 6520494.98  1.96%     -  359s
H    0     0                    6647207.0000 6520495.75  1.91%     -  359s
H    0     0                    6647053.0000 6520495.75  1.90%     -  359s
     0     0 6520495.75    0   33 6647053.00 6520495.75  1.90%     -  371s
     0     0 6520498.27    0   35 6647053.00 6520498.27  1.90%     -  398s
H    0     0                    6634975.0000 6520500.40  1.73%     -  399s
     0     0 6520500.40    0   33 6634975.00 6520500.40  1.73%     -  414s
     0     0 6520518.00    0   32 6634975.00 6520518.00  1.73%     -  433s
     0     0 6520519.13    0   32 6634975.00 6520519.13  1.73%     -  434s
H    0     0                    6634817.0000 6520519.13  1.72%     -  435s
H    0     0                    6632053.1386 6520519.13  1.68%     -  479s
H    0     0                    6611399.9891 6520519.13  1.37%     -  480s
     0     2 6520519.26    0   32 6611399.99 6520519.26  1.37%     -  507s
     1     3 6520740.05    1   33 6611399.99 6520544.40  1.37%  3795  543s
     2     4 6520855.26    1   37 6611399.99 6520740.13  1.37%  4270  592s
     3     5 6520950.79    2   33 6611399.99 6520740.13  1.37%  4788  660s
     4     6 6521218.70    2   37 6611399.99 6520740.13  1.37%  5479  766s
     5     9 6521008.39    2   36 6611399.99 6520740.13  1.37%  4831  893s
     8    15 6521177.21    3   34 6611399.99 6520740.13  1.37%  5192 1138s
    14    21 6522015.72    5   32 6611399.99 6521179.06  1.36%  5770 1847s
    20    42 6521823.27    5   33 6611399.99 6521179.06  1.36% 10050 1966s
    41    49 6521647.24    5   33 6611399.99 6521416.97  1.36% 37899 2697s
    48    73 6522002.12    6   28 6611399.99 6521416.97  1.36% 34335 2941s
H   49    73                    6551933.0000 6521416.97  0.47% 33634 2941s
H   64    73                    6546927.0000 6521669.22  0.39% 36710 2941s
    72    87 6522804.90    7   28 6546927.00 6521669.22  0.39% 38043 3598s

Cutting planes:
  Implied bound: 5993
  MIR: 584
  Flow cover: 160
  Relax-and-lift: 57

Explored 86 nodes (2874360 simplex iterations) in 3599.63 seconds (1915.43 work units)
Thread count was 32 (of 32 available processors)

Solution count 10: 6.54693e+06 6.55193e+06 6.6114e+06 ... 6.68224e+06

Time limit reached
Best objective 6.546927000000e+06, best bound 6.521704958883e+06, gap 0.3853%
