
Gurobi 13.0.2 (win64) logging started Wed Jul 15 18:47:23 2026

Set parameter LogFile to value "logs/PSC5-C5-50-10_m0_exact_s0_20260715-184723.gurobi.log"
Set parameter Seed to value 0
Set parameter TimeLimit to value 3599.7122086
Set parameter NodefileStart to value 4
Set parameter MIPGap to value 0
Set parameter MIPGapAbs to value 0.9999
Set parameter Cutoff to value 1e+100
Gurobi Optimizer version 13.0.2 build v13.0.2rc1 (win64 - Windows 11+.0 (26200.2))

CPU model: Intel(R) Core(TM) i9-14900HX, instruction set [SSE2|AVX|AVX2]
Thread count: 24 physical cores, 32 logical processors, using up to 32 threads

Non-default parameters:
TimeLimit  3599.7122086
MIPGap  0
MIPGapAbs  0.9999
NodefileStart  4

Optimize a model with 4500 rows, 250150 columns and 701500 nonzeros (Min)
Model fingerprint: 0x9a1e4e32
Model has 250150 linear objective coefficients
Variable types: 250000 continuous, 150 integer (150 binary)
Coefficient statistics:
  Matrix range     [1e+00, 6e+02]
  Objective range  [4e+01, 3e+04]
  Bounds range     [1e+00, 1e+00]
  RHS range        [1e+01, 2e+01]

Using branch priorities.
Found heuristic solution: objective 3.046419e+07
Presolve time: 0.70s
Presolved: 4500 rows, 250150 columns, 701500 nonzeros
Variable types: 250000 continuous, 150 integer (150 binary)
Deterministic concurrent LP optimizer: primal simplex, dual simplex, and barrier
Showing barrier log only...

Root barrier log...

Ordering time: 0.12s

Barrier statistics:
 AA' NZ     : 4.578e+05
 Factor NZ  : 1.665e+06 (roughly 120 MB of memory)
 Factor Ops : 8.582e+08 (less than 1 second per iteration)
 Threads    : 22

                  Objective                Residual
Iter       Primal          Dual         Primal    Dual     Compl     Time
   0   2.06959297e+11 -2.84298597e+10  2.94e+04 0.00e+00  1.82e+06     1s
   1   1.37459095e+11 -2.10235856e+10  1.95e+04 2.91e-11  1.22e+06     1s
   2   9.58164108e+09 -1.40589921e+10  1.34e+03 1.44e-09  1.07e+05     1s
   3   2.13768303e+08 -4.60582237e+09  4.42e+00 2.42e-09  9.71e+03     1s
   4   1.27311076e+08 -1.28294820e+09  3.40e-03 6.62e-10  2.79e+03     1s
   5   6.29549545e+07 -5.95083555e+07  3.04e-04 2.61e-11  2.43e+02     1s
   6   5.13341443e+07 -4.04375672e+07  2.08e-04 2.02e-11  1.82e+02     1s
   7   3.91678143e+07 -1.33227091e+07  1.15e-04 1.46e-11  1.04e+02     1s
   8   3.61225382e+07  9.70260617e+06  7.63e-05 7.73e-12  5.23e+01     2s
   9   3.37236797e+07  1.96061078e+07  5.49e-05 3.13e-12  2.80e+01     2s
  10   2.90819449e+07  2.20586794e+07  1.44e-05 1.98e-12  1.39e+01     2s
  11   2.78011603e+07  2.37615030e+07  8.23e-06 1.94e-12  8.00e+00     2s
  12   2.66262886e+07  2.41191819e+07  3.44e-06 1.96e-12  4.97e+00     2s
  13   2.62819735e+07  2.46535413e+07  2.27e-06 1.90e-12  3.23e+00     2s
  14   2.59951071e+07  2.50345028e+07  1.37e-06 2.13e-12  1.90e+00     2s
  15   2.59069597e+07  2.51677162e+07  1.13e-06 1.95e-12  1.46e+00     2s
  16   2.57218112e+07  2.52794384e+07  6.44e-07 1.94e-12  8.76e-01     2s
  17   2.56556569e+07  2.53321792e+07  4.87e-07 1.89e-12  6.41e-01     2s
  18   2.54949327e+07  2.53831671e+07  1.13e-07 1.90e-12  2.21e-01     2s
  19   2.54709598e+07  2.54061421e+07  6.28e-08 2.05e-12  1.28e-01     2s
  20   2.54582932e+07  2.54170954e+07  3.73e-08 2.06e-12  8.16e-02     2s
  21   2.54486583e+07  2.54256747e+07  1.82e-08 1.99e-12  4.55e-02     2s
  22   2.54435852e+07  2.54322716e+07  8.60e-09 2.03e-12  2.24e-02     2s
  23   2.54418376e+07  2.54350100e+07  5.41e-09 1.97e-12  1.35e-02     2s
  24   2.54401511e+07  2.54364215e+07  2.40e-09 1.89e-12  7.39e-03     2s
  25   2.54395508e+07  2.54372767e+07  1.38e-09 2.01e-12  4.50e-03     2s
  26   2.54391007e+07  2.54379916e+07  6.32e-10 1.94e-12  2.20e-03     2s
  27   2.54390207e+07  2.54381681e+07  5.09e-10 1.97e-12  1.69e-03     2s
  28   2.54389519e+07  2.54384201e+07  4.04e-10 2.09e-12  1.05e-03     2s
  29   2.54388577e+07  2.54384463e+07  2.59e-10 2.13e-12  8.15e-04     2s
  30   2.54387984e+07  2.54384899e+07  1.67e-10 2.25e-12  6.11e-04     2s
  31   2.54387474e+07  2.54385819e+07  9.59e-11 2.22e-12  3.28e-04     2s
  32   2.54387110e+07  2.54386331e+07  4.50e-11 1.93e-12  1.54e-04     2s
  33   2.54386926e+07  2.54386630e+07  3.97e-11 1.90e-12  5.85e-05     2s
  34   2.54386866e+07  2.54386815e+07  3.25e-10 2.10e-12  1.00e-05     2s
  35   2.54386857e+07  2.54386846e+07  7.40e-10 2.12e-12  2.11e-06     2s
  36   2.54386853e+07  2.54386852e+07  8.29e-10 2.14e-12  5.79e-08     3s
  37   2.54386853e+07  2.54386853e+07  3.86e-09 2.10e-12  1.23e-10     3s

Barrier solved model in 37 iterations and 2.53 seconds (3.95 work units)
Optimal objective 2.54386853e+07

Crossover time: 0.06 seconds (0.09 work units)
Concurrent spin time: 0.11s

Solved with barrier

Root relaxation: objective 2.543869e+07, 2354 iterations, 1.94 seconds (2.47 work units)

    Nodes    |    Current Node    |     Objective Bounds      |     Work
 Expl Unexpl |  Obj  Depth IntInf | Incumbent    BestBd   Gap | It/Node Time

     0     0 2.5439e+07    0  132 3.0464e+07 2.5439e+07  16.5%     -    2s
H    0     0                    2.689262e+07 2.5439e+07  5.41%     -    2s
H    0     0                    2.685276e+07 2.5439e+07  5.27%     -    2s
H    0     0                    2.680233e+07 2.5439e+07  5.09%     -    2s
H    0     0                    2.680233e+07 2.5439e+07  5.09%     -    2s
     0     0 2.5480e+07    0  132 2.6802e+07 2.5480e+07  4.93%     -   22s
H    0     0                    2.678779e+07 2.5480e+07  4.88%     -   22s
     0     0 2.5498e+07    0  132 2.6788e+07 2.5498e+07  4.82%     -   47s
     0     0 2.5505e+07    0  133 2.6788e+07 2.5505e+07  4.79%     -   68s
     0     0 2.5506e+07    0  133 2.6788e+07 2.5506e+07  4.78%     -   80s
     0     0 2.5507e+07    0  133 2.6788e+07 2.5507e+07  4.78%     -   88s
     0     0 2.5507e+07    0  133 2.6788e+07 2.5507e+07  4.78%     -   92s
     0     0 2.5507e+07    0  133 2.6788e+07 2.5507e+07  4.78%     -   94s
     0     0 2.5507e+07    0  133 2.6788e+07 2.5507e+07  4.78%     -   94s
     0     0 2.5528e+07    0  132 2.6788e+07 2.5528e+07  4.70%     -  129s
H    0     0                    2.669406e+07 2.5528e+07  4.37%     -  129s
H    0     0                    2.653023e+07 2.5528e+07  3.78%     -  129s
H    0     0                    2.647733e+07 2.5528e+07  3.59%     -  129s
     0     0 2.5542e+07    0  133 2.6477e+07 2.5542e+07  3.53%     -  165s
     0     0 2.5550e+07    0  132 2.6477e+07 2.5550e+07  3.50%     -  202s
     0     0 2.5553e+07    0  133 2.6477e+07 2.5553e+07  3.49%     -  229s
     0     0 2.5554e+07    0  135 2.6477e+07 2.5554e+07  3.49%     -  248s
     0     0 2.5554e+07    0  134 2.6477e+07 2.5554e+07  3.49%     -  262s
     0     0 2.5554e+07    0  134 2.6477e+07 2.5554e+07  3.49%     -  268s
     0     0 2.5554e+07    0  134 2.6477e+07 2.5554e+07  3.49%     -  275s
     0     0 2.5554e+07    0  134 2.6477e+07 2.5554e+07  3.49%     -  279s
     0     0 2.5567e+07    0  132 2.6477e+07 2.5567e+07  3.44%     -  320s
H    0     0                    2.624676e+07 2.5567e+07  2.59%     -  324s
H    0     0                    2.623123e+07 2.5567e+07  2.53%     -  325s
H    0     0                    2.622683e+07 2.5567e+07  2.52%     -  333s
H    0     0                    2.622669e+07 2.5567e+07  2.52%     -  333s
H    0     0                    2.622662e+07 2.5567e+07  2.52%     -  333s
H    0     0                    2.622441e+07 2.5567e+07  2.51%     -  334s
H    0     0                    2.622012e+07 2.5567e+07  2.49%     -  334s
     0     0 2.5575e+07    0  133 2.6220e+07 2.5575e+07  2.46%     -  377s
     0     0 2.5579e+07    0  133 2.6220e+07 2.5579e+07  2.45%     -  413s
     0     0 2.5580e+07    0  135 2.6220e+07 2.5580e+07  2.44%     -  439s
     0     0 2.5581e+07    0  135 2.6220e+07 2.5581e+07  2.44%     -  456s
     0     0 2.5581e+07    0  135 2.6220e+07 2.5581e+07  2.44%     -  467s
     0     0 2.5581e+07    0  134 2.6220e+07 2.5581e+07  2.44%     -  473s
     0     0 2.5587e+07    0  134 2.6220e+07 2.5587e+07  2.41%     -  517s
H    0     0                    2.615820e+07 2.5587e+07  2.18%     -  533s
H    0     0                    2.610363e+07 2.5587e+07  1.98%     -  533s
H    0     0                    2.607102e+07 2.5587e+07  1.86%     -  544s
H    0     0                    2.605498e+07 2.5587e+07  1.79%     -  567s
     0     0 2.5590e+07    0  134 2.6055e+07 2.5590e+07  1.78%     -  617s
     0     0 2.5591e+07    0  133 2.6055e+07 2.5591e+07  1.78%     -  640s
     0     0 2.5592e+07    0  134 2.6055e+07 2.5592e+07  1.78%     -  652s
     0     0 2.5592e+07    0  134 2.6055e+07 2.5592e+07  1.78%     -  661s
     0     0 2.5597e+07    0  132 2.6055e+07 2.5597e+07  1.76%     -  782s
     0     0 2.5597e+07    0  133 2.6055e+07 2.5597e+07  1.76%     -  788s
     0     0 2.5597e+07    0  133 2.6055e+07 2.5597e+07  1.76%     -  793s
     0     0 2.5597e+07    0  133 2.6055e+07 2.5597e+07  1.76%     -  794s
H    0     0                    2.600835e+07 2.5597e+07  1.58%     -  900s
H    0     0                    2.575754e+07 2.5597e+07  0.62%     -  903s
     0     2 2.5597e+07    0  133 2.5758e+07 2.5597e+07  0.62%     -  903s
     1     3 2.5598e+07    1  132 2.5758e+07 2.5597e+07  0.62%  8612  922s
     2     4 2.5598e+07    1  132 2.5758e+07 2.5598e+07  0.62%  9042  942s
     3     5 2.5599e+07    2  131 2.5758e+07 2.5598e+07  0.62%  7865  957s
     4     7 2.5598e+07    2  133 2.5758e+07 2.5598e+07  0.62%  6824  977s
     6    11 2.5599e+07    3  127 2.5758e+07 2.5598e+07  0.62%  6893 1004s
    10    17 2.5600e+07    4  126 2.5758e+07 2.5598e+07  0.62%  6301 1083s
    16    34 2.5600e+07    4  130 2.5758e+07 2.5599e+07  0.62% 10078 1176s
    33    54 2.5601e+07    5  126 2.5758e+07 2.5600e+07  0.61% 21647 1294s
    53    69 2.5601e+07    6  126 2.5758e+07 2.5600e+07  0.61% 17085 1493s
    68    93 2.5604e+07    7  121 2.5758e+07 2.5600e+07  0.61% 16149 1636s
H   69    93                    2.568090e+07 2.5600e+07  0.32% 15915 1636s
H   72    93                    2.567891e+07 2.5600e+07  0.31% 15660 1636s
    92   151 2.5605e+07    8  120 2.5679e+07 2.5600e+07  0.31% 14358 1822s
   150   173 2.5606e+07    9  118 2.5679e+07 2.5600e+07  0.31% 10764 2001s
   172   234 2.5606e+07    9  122 2.5679e+07 2.5600e+07  0.31% 10478 2196s
   233   274 2.5608e+07   11  119 2.5679e+07 2.5600e+07  0.31% 13109 2338s
   273   293 2.5609e+07   12  118 2.5679e+07 2.5600e+07  0.31% 12007 2489s
   292   322 2.5610e+07   13  118 2.5679e+07 2.5600e+07  0.31% 11660 2623s
   321   362 2.5611e+07   14  116 2.5679e+07 2.5600e+07  0.31% 11200 2749s
   361   404 2.5611e+07   16  118 2.5679e+07 2.5600e+07  0.31% 10538 2888s
   403   424 2.5610e+07   13  116 2.5679e+07 2.5600e+07  0.31% 10001 3034s
   423   459 2.5616e+07   17  112 2.5679e+07 2.5600e+07  0.31%  9840 3167s
   458   543 2.5617e+07   18  111 2.5679e+07 2.5600e+07  0.31%  9642 3304s
   542   614 2.5618e+07   21  112 2.5679e+07 2.5600e+07  0.31% 10426 3419s
   613   690 2.5621e+07   23  107 2.5679e+07 2.5600e+07  0.31% 10880 3518s
   689   758 2.5627e+07   25  105 2.5679e+07 2.5600e+07  0.31% 11167 3599s

Cutting planes:
  Implied bound: 11553
  MIR: 519
  Flow cover: 737
  Relax-and-lift: 391

Explored 759 nodes (8734425 simplex iterations) in 3600.12 seconds (3841.48 work units)
Thread count was 32 (of 32 available processors)

Solution count 10: 2.56789e+07 2.56809e+07 2.57575e+07 ... 2.62244e+07

Time limit reached
Best objective 2.567890700000e+07, best bound 2.559999903827e+07, gap 0.3073%
