
Gurobi 13.0.2 (win64) logging started Tue Jul 14 22:18:15 2026

Set parameter LogFile to value "logs/PSC5-C1-100-5_m0_exact_s0_20260714-221815.gurobi.log"
Set parameter Seed to value 0
Set parameter TimeLimit to value 3599.4030903
Set parameter NodefileStart to value 4
Set parameter MIPGap to value 0
Set parameter MIPGapAbs to value 0.9999
Set parameter Cutoff to value 1e+100
Gurobi Optimizer version 13.0.2 build v13.0.2rc1 (win64 - Windows 11+.0 (26200.2))

CPU model: Intel(R) Core(TM) i9-14900HX, instruction set [SSE2|AVX|AVX2]
Thread count: 24 physical cores, 32 logical processors, using up to 32 threads

Non-default parameters:
TimeLimit  3599.4030903
MIPGap  0
MIPGapAbs  0.9999
NodefileStart  4

Optimize a model with 4500 rows, 500300 columns and 1401500 nonzeros (Min)
Model fingerprint: 0x73860a05
Model has 500300 linear objective coefficients
Variable types: 500000 continuous, 300 integer (300 binary)
Coefficient statistics:
  Matrix range     [1e+00, 3e+02]
  Objective range  [4e+01, 3e+04]
  Bounds range     [1e+00, 1e+00]
  RHS range        [1e+01, 2e+01]

Using branch priorities.
Found heuristic solution: objective 7479998.0000
Presolve time: 1.93s
Presolved: 4500 rows, 500300 columns, 1401500 nonzeros
Variable types: 500000 continuous, 300 integer (300 binary)
Deterministic concurrent LP optimizer: primal simplex, dual simplex, and barrier
Showing barrier log only...

Root barrier log...

Ordering time: 0.24s

Barrier statistics:
 AA' NZ     : 9.040e+05
 Factor NZ  : 2.417e+06 (roughly 200 MB of memory)
 Factor Ops : 1.462e+09 (less than 1 second per iteration)
 Threads    : 22

                  Objective                Residual
Iter       Primal          Dual         Primal    Dual     Compl     Time
   0   1.76503257e+10 -6.81932934e+09  3.03e+04 2.27e-13  2.15e+05     3s
   1   1.11803444e+10 -5.41557472e+09  1.92e+04 5.46e-12  1.39e+05     3s
   2   2.47739524e+08 -3.53138489e+09  4.02e+02 5.15e-10  6.16e+03     3s
   3   7.39210871e+07 -1.14960552e+09  1.02e+02 2.35e-09  1.64e+03     3s
   4   1.49778573e+07 -1.77786436e+08  8.43e-01 3.31e-10  1.94e+02     3s
   5   1.43976702e+07 -4.09119488e+07  6.65e-04 8.34e-11  5.50e+01     4s
   6   1.39234787e+07 -3.65713323e+07  2.87e-04 7.55e-11  5.02e+01     4s
   7   1.35439861e+07 -3.58797658e+07  2.61e-04 7.44e-11  4.92e+01     4s
   8   1.24181451e+07 -3.51959890e+07  2.16e-04 7.28e-11  4.74e+01     4s
   9   7.50191606e+06 -2.32996982e+07  1.26e-04 4.69e-11  3.06e+01     4s
  10   4.89307340e+06 -6.79427616e+06  6.10e-05 1.50e-11  1.16e+01     4s
  11   4.68637629e+06 -1.50311079e+06  5.38e-05 6.28e-12  6.16e+00     4s
  12   4.73811602e+06  1.29811242e+05  4.55e-05 4.17e-12  4.58e+00     4s
  13   4.62172448e+06  8.89472322e+05  3.83e-05 3.48e-12  3.71e+00     5s
  14   4.52653669e+06  1.43478452e+06  3.40e-05 2.73e-12  3.08e+00     5s
  15   4.38772775e+06  1.84962729e+06  2.58e-05 2.42e-12  2.53e+00     5s
  16   4.34428559e+06  2.22202243e+06  2.33e-05 2.01e-12  2.11e+00     5s
  17   4.33588813e+06  2.27697808e+06  2.29e-05 2.00e-12  2.05e+00     5s
  18   4.31439586e+06  2.55810878e+06  2.16e-05 1.52e-12  1.75e+00     5s
  19   4.18457690e+06  2.86656692e+06  1.43e-05 1.39e-12  1.31e+00     5s
  20   4.09863047e+06  3.04300832e+06  9.57e-06 1.10e-12  1.05e+00     6s
  21   4.04315801e+06  3.20641114e+06  6.86e-06 9.25e-13  8.32e-01     6s
  22   3.98936444e+06  3.36125630e+06  4.52e-06 6.59e-13  6.25e-01     6s
  23   3.94793282e+06  3.49696503e+06  3.09e-06 6.08e-13  4.49e-01     6s
  24   3.92821951e+06  3.56916784e+06  2.55e-06 4.58e-13  3.57e-01     6s
  25   3.90655740e+06  3.63550332e+06  2.04e-06 4.61e-13  2.70e-01     6s
  26   3.88743121e+06  3.65432794e+06  1.60e-06 5.20e-13  2.32e-01     6s
  27   3.87351988e+06  3.68636466e+06  1.34e-06 5.05e-13  1.86e-01     7s
  28   3.86422455e+06  3.71020250e+06  1.17e-06 4.09e-13  1.53e-01     7s
  29   3.84560312e+06  3.72816408e+06  8.42e-07 4.48e-13  1.17e-01     7s
  30   3.83619158e+06  3.74177442e+06  6.86e-07 4.98e-13  9.39e-02     7s
  31   3.82878746e+06  3.75227454e+06  5.64e-07 4.65e-13  7.61e-02     7s
  32   3.82628861e+06  3.75317411e+06  5.25e-07 5.24e-13  7.27e-02     7s
  33   3.81882928e+06  3.75888804e+06  4.06e-07 4.53e-13  5.96e-02     7s
  34   3.81176564e+06  3.76792788e+06  2.95e-07 4.35e-13  4.36e-02     8s
  35   3.80681437e+06  3.77570553e+06  2.18e-07 3.95e-13  3.10e-02     8s
  36   3.80409833e+06  3.78264460e+06  1.77e-07 3.98e-13  2.13e-02     8s
  37   3.79772378e+06  3.78618505e+06  8.26e-08 3.66e-13  1.15e-02     8s
  38   3.79578674e+06  3.79047332e+06  5.45e-08 3.12e-13  5.29e-03     8s
  39   3.79354622e+06  3.79134543e+06  2.30e-08 3.26e-13  2.19e-03     8s
  40   3.79232767e+06  3.79160238e+06  5.59e-09 2.95e-13  7.22e-04     8s
  41   3.79227326e+06  3.79165522e+06  4.88e-09 3.46e-13  6.15e-04     8s
  42   3.79191234e+06  3.79177807e+06  1.40e-09 3.89e-13  1.34e-04     9s
  43   3.79188683e+06  3.79187271e+06  5.90e-11 3.73e-13  1.41e-05     9s
  44   3.79188333e+06  3.79188333e+06  5.69e-10 2.82e-13  3.53e-10     9s

Barrier solved model in 44 iterations and 8.72 seconds (10.10 work units)
Optimal objective 3.79188333e+06


Root crossover log...

    2059 DPushes remaining with DInf 0.0000000e+00                 9s
       0 DPushes remaining with DInf 0.0000000e+00                 9s

    8490 PPushes remaining with PInf 0.0000000e+00                 9s
       0 PPushes remaining with PInf 0.0000000e+00                 9s

  Push phase complete: Pinf 0.0000000e+00, Dinf 1.8577140e-11      9s


Root simplex log...

Iteration    Objective       Primal Inf.    Dual Inf.      Time
   10544    3.7918833e+06   0.000000e+00   0.000000e+00      9s
Crossover time: 0.18 seconds (0.14 work units)
Concurrent spin time: 0.46s

Solved with barrier

Root relaxation: objective 3.791883e+06, 10544 iterations, 7.25 seconds (7.01 work units)

    Nodes    |    Current Node    |     Objective Bounds      |     Work
 Expl Unexpl |  Obj  Depth IntInf | Incumbent    BestBd   Gap | It/Node Time

     0     0 3791883.33    0   17 7479998.00 3791883.33  49.3%     -    9s
H    0     0                    3908860.1701 3791883.33  2.99%     -    9s
H    0     0                    3884409.0000 3791883.33  2.38%     -    9s
H    0     0                    3812796.0000 3791883.33  0.55%     -   10s
     0     0 3792070.86    0   16 3812796.00 3792070.86  0.54%     -   13s
     0     0 3792095.39    0   16 3812796.00 3792095.39  0.54%     -   14s
     0     0 3792095.39    0   14 3812796.00 3792095.39  0.54%     -   16s
     0     0 3792095.39    0   14 3812796.00 3792095.39  0.54%     -   16s
     0     0 3792095.39    0   14 3812796.00 3792095.39  0.54%     -   18s
     0     0 3792095.39    0   14 3812796.00 3792095.39  0.54%     -   18s
     0     0 3792095.39    0   14 3812796.00 3792095.39  0.54%     -   19s
     0     0 3792095.39    0   14 3812796.00 3792095.39  0.54%     -   20s
     0     0 3792095.39    0   14 3812796.00 3792095.39  0.54%     -   21s
     0     0 3792095.39    0   14 3812796.00 3792095.39  0.54%     -   22s
     0     0 3792095.39    0   14 3812796.00 3792095.39  0.54%     -   22s
     0     2 3792095.39    0   14 3812796.00 3792095.39  0.54%     -   31s
     1     4 3792476.33    1   12 3812796.00 3792101.74  0.54%  2239   35s
     7    16 3792714.01    3   13 3812796.00 3792153.61  0.54%  1039   45s
    15    32 3792886.13    4   13 3812796.00 3792172.86  0.54%  1047   60s
    31    56 3793120.04    5   12 3812796.00 3792339.33  0.54%  1150   88s
    55   108 3793164.21    6   11 3812796.00 3792414.66  0.53%  1104  129s
   107   156 3793282.37    8   12 3812796.00 3792652.17  0.53%   895  169s
   155   199 3793351.25   10   13 3812796.00 3792652.17  0.53%   810  203s
   198   241 3793508.48   12   11 3812796.00 3792652.17  0.53%   799  238s
   240   289 3793651.94   13   11 3812796.00 3792652.17  0.53%   777  267s
   288   316 3793799.44   16   10 3812796.00 3792652.17  0.53%   746  295s
   315   362 3793850.81   18   13 3812796.00 3792652.17  0.53%   745  327s
   361   400 3794123.87   21   10 3812796.00 3792652.17  0.53%   735  362s
   399   445 3794203.52   23   10 3812796.00 3792652.17  0.53%   737  391s
   444   479 3794403.49   27   11 3812796.00 3792652.17  0.53%   727  420s
   478   525 3794577.95   28   11 3812796.00 3792652.17  0.53%   732  450s
   524   565 3794758.62   29   12 3812796.00 3792652.17  0.53%   722  478s
   564   591 3794797.37   31   11 3812796.00 3792652.17  0.53%   715  506s
H  581   591                    3810491.0000 3792652.17  0.47%   717  506s
   590   621 3796767.00   32   11 3810491.00 3792652.17  0.47%   719  541s
   624   656 3795170.05   33   10 3810491.00 3792652.17  0.47%   734  569s
   661   682 3795951.60   36   12 3810491.00 3792652.17  0.47%   733  596s
   687   733 3795964.27   37   10 3810491.00 3792652.17  0.47%   733  628s
   738   778 3796448.68   40    8 3810491.00 3792652.17  0.47%   728  657s
   783   830 3797141.02   42    8 3810491.00 3792652.17  0.47%   724  692s
   836   887 3797236.22   44    7 3810491.00 3792652.17  0.47%   720  724s
H  843   887                    3807033.0000 3792652.17  0.38%   719  724s
   897   944 3802684.59   47    7 3807033.00 3792652.17  0.38%   710  762s
   964  1006 3802711.22   49    6 3807033.00 3792679.16  0.38%   702  798s
  1029  1071 3802766.95   50    5 3807033.00 3792679.16  0.38%   697  838s
  1100  1140 3802974.21   50    8 3807033.00 3792679.16  0.38%   693  880s
  1171  1208 3802854.41   51    6 3807033.00 3792679.16  0.38%   687  920s
  1240  1277 3802991.74   52    9 3807033.00 3792679.16  0.38%   686  965s
H 1285  1277                    3805688.0000 3792679.16  0.34%   686  965s
H 1315  1277                    3804266.7044 3792679.16  0.30%   686  965s
  1316  1335 3802896.78   54    7 3804266.70 3792679.16  0.30%   686 1013s
  1397  1364 3802984.16   55    7 3804266.70 3792679.16  0.30%   684 1059s
  1482  1425 3803044.75   58    8 3804266.70 3792688.99  0.30%   680 1107s
Created node file directory './grbnodes0'
  1563  1502 3803211.25   64    8 3804266.70 3792688.99  0.30%   681 1155s
  1650  1583 3803356.74   70    5 3804266.70 3792688.99  0.30%   681 1205s
  1750  1656 3803590.20   78    4 3804266.70 3792704.55  0.30%   678 1259s
  1847  1740 3793281.80   13   13 3804266.70 3792763.56  0.30%   677 1317s
  1954  1843 3793901.02   19   12 3804266.70 3792806.54  0.30%   674 1373s
  2078  1956 3794141.98   23   12 3804266.70 3792806.54  0.30%   667 1435s
  2202  2062 3794520.55   27    9 3804266.70 3792806.54  0.30%   664 1498s
  2339  2181 3798506.32   29   12 3804266.70 3792806.54  0.30%   659 1564s
H 2342  2181                    3803802.0000 3792806.54  0.29%   659 1564s
  2484  2316 3798570.01   32    9 3803802.00 3792806.54  0.29%   650 1633s
H 2625  2258                    3802337.7447 3792806.54  0.25%   645 1673s
  2649  2377 3800265.81   38    9 3802337.74 3792806.54  0.25%   645 1743s
H 2820  2298                    3801819.0000 3792869.17  0.24%   634 1749s
H 2820  2297                    3801589.0000 3792869.17  0.23%   634 1750s
  2821  2295 3796109.33   30   14 3801589.00 3792869.17  0.23%   633 1764s
  2823  2296 3794699.09   12   17 3801589.00 3792869.17  0.23%   633 1773s
  2824  2297 3797175.77   55   15 3801589.00 3792869.17  0.23%   633 1781s
  2826  2298 3793697.88   11   17 3801589.00 3792869.17  0.23%   632 1786s
  2828  2300 3796438.45   41   18 3801589.00 3792869.17  0.23%   632 1797s
  2829  2300 3797430.48   21   18 3801589.00 3792869.17  0.23%   632 1806s
  2830  2301 3797348.39   32   18 3801589.00 3792869.17  0.23%   631 1870s
  2831  2305 3792869.17   16   14 3801589.00 3792869.17  0.23%   637 1880s
  2833  2308 3792869.17   17   13 3801589.00 3792869.17  0.23%   637 1891s
  2837  2315 3792869.17   18   13 3801589.00 3792869.17  0.23%   637 1901s
  2845  2328 3792869.17   19   13 3801589.00 3792869.17  0.23%   637 1931s
  2861  2347 3792930.61   20   14 3801589.00 3792869.17  0.23%   639 1997s
  2885  2381 3793122.19   21   13 3801589.00 3792869.17  0.23%   641 2102s
  2927  2406 3793935.43   22   13 3801589.00 3792869.17  0.23%   645 2192s
  2966  2432 3795360.29   23   14 3801589.00 3792869.17  0.23%   648 2275s
  3005  2467 3793972.36   24   14 3801589.00 3792869.17  0.23%   652 2351s
  3053  2475 3794124.57   25   15 3801589.00 3792869.17  0.23%   656 2395s
  3077  2491 3796651.59   25   12 3801589.00 3792869.17  0.23%   660 2443s
  3101  2507 3794229.28   26   17 3801589.00 3792869.17  0.23%   664 2493s
  3125  2524 3795109.88   26   13 3801589.00 3792869.17  0.23%   667 2536s
H 3140  2403                    3801006.0563 3792869.17  0.21%   668 2536s
  3150  2460 3794239.12   27   14 3801006.06 3792869.17  0.21%   669 2623s
  3211  2495 3795227.35   28   14 3801006.06 3792869.17  0.21%   676 2701s
  3266  2546 3794440.75   29   13 3801006.06 3792869.17  0.21%   684 2766s
  3335  2587 3794472.30   31   13 3801006.06 3792869.17  0.21%   686 2826s
  3399  2632 3797402.16   32   13 3801006.06 3792869.17  0.21%   688 2883s
  3466  2679 3795429.43   33   15 3801006.06 3792869.17  0.21%   690 2939s
  3536  2723 3795871.08   34   15 3801006.06 3792869.17  0.21%   690 2993s
  3607  2766 3796170.73   35   12 3801006.06 3792869.17  0.21%   691 3049s
  3678  2814 3797948.57   36   15 3801006.06 3792869.17  0.21%   694 3109s
  3762  2852 3795134.39   37   11 3801006.06 3792869.17  0.21%   695 3167s
  3851  2879 3795285.70   38   12 3801006.06 3792869.17  0.21%   695 3227s
  3939  2898 3795387.25   39   12 3801006.06 3792869.17  0.21%   696 3282s
  4007  2921 3796500.46   40   14 3801006.06 3792869.17  0.21%   698 3329s
  4060  2952 3797225.34   41   13 3801006.06 3792869.17  0.21%   700 3385s
  4131  2975 3795716.43   43   14 3801006.06 3792869.17  0.21%   704 3440s
  4204  2970 3795846.45   44   12 3801006.06 3792869.17  0.21%   707 3472s
H 4206  2860                    3800921.9885 3792869.17  0.21%   707 3472s
H 4209  2755                    3800903.0000 3792869.17  0.21%   707 3472s
  4231  2840 3796902.75   44   14 3800903.00 3792869.17  0.21%   707 3545s
  4354  2844 3796145.77   46   13 3800903.00 3792869.17  0.21%   706 3599s

Cutting planes:
  Implied bound: 205
  MIR: 84
  Flow cover: 24
  Relax-and-lift: 1

Explored 4448 nodes (3128862 simplex iterations) in 3600.14 seconds (2078.80 work units)
Thread count was 32 (of 32 available processors)

Solution count 10: 3.8009e+06 3.80159e+06 3.80182e+06 ... 3.88441e+06

Time limit reached
Best objective 3.800903000000e+06, best bound 3.792869166973e+06, gap 0.2114%
