
Gurobi 13.0.2 (win64) logging started Wed Jul 15 00:33:02 2026

Set parameter LogFile to value "logs/PSC5-C2-100-10_m0_exact_s0_20260715-003301.gurobi.log"
Set parameter Seed to value 0
Set parameter TimeLimit to value 3598.854643
Set parameter NodefileStart to value 4
Set parameter MIPGap to value 0
Set parameter MIPGapAbs to value 0.9999
Set parameter Cutoff to value 1e+100
Gurobi Optimizer version 13.0.2 build v13.0.2rc1 (win64 - Windows 11+.0 (26200.2))

CPU model: Intel(R) Core(TM) i9-14900HX, instruction set [SSE2|AVX|AVX2]
Thread count: 24 physical cores, 32 logical processors, using up to 32 threads

Non-default parameters:
TimeLimit  3598.854643
MIPGap  0
MIPGapAbs  0.9999
NodefileStart  4

Optimize a model with 9000 rows, 1000300 columns and 2803000 nonzeros (Min)
Model fingerprint: 0xeb51fe23
Model has 1000300 linear objective coefficients
Variable types: 1000000 continuous, 300 integer (300 binary)
Coefficient statistics:
  Matrix range     [1e+00, 6e+02]
  Objective range  [4e+01, 3e+04]
  Bounds range     [1e+00, 1e+00]
  RHS range        [1e+01, 2e+01]

Using branch priorities.
Found heuristic solution: objective 1.053390e+07
Presolve time: 2.64s
Presolved: 9000 rows, 1000300 columns, 2803000 nonzeros
Variable types: 1000000 continuous, 300 integer (300 binary)
Deterministic concurrent LP optimizer: primal simplex, dual simplex, and barrier
Showing barrier log only...

Root barrier log...

Ordering time: 0.61s

Barrier statistics:
 AA' NZ     : 1.816e+06
 Factor NZ  : 6.644e+06 (roughly 500 MB of memory)
 Factor Ops : 6.854e+09 (less than 1 second per iteration)
 Threads    : 22

                  Objective                Residual
Iter       Primal          Dual         Primal    Dual     Compl     Time
   0   7.69179550e+10 -1.19268420e+10  6.69e+04 0.00e+00  2.42e+05     5s
   1   5.64796441e+10 -9.28058123e+09  4.91e+04 5.46e-12  1.82e+05     5s
   2   4.46133414e+09 -5.68020135e+09  3.84e+03 8.55e-11  1.62e+04     5s
   3   1.80945594e+08 -2.46963806e+09  1.15e+02 1.37e-09  1.61e+03     6s
   4   4.92195459e+07 -1.62856505e+08  1.16e+00 2.41e-10  1.07e+02     6s
   5   4.61463914e+07 -8.21014987e+07  4.40e-04 1.45e-10  6.38e+01     6s
   6   4.13403159e+07 -6.26832620e+07  1.33e-04 1.16e-10  5.18e+01     6s
   7   3.62539290e+07 -4.57233556e+07  9.76e-05 8.09e-11  4.08e+01     6s
   8   2.00392241e+07 -1.48150024e+07  2.76e-05 7.50e-12  1.73e+01     7s
   9   1.50278483e+07 -3.04254367e+06  1.77e-05 2.16e-12  8.99e+00     7s
  10   9.09248110e+06  3.37260357e+05  8.39e-06 8.81e-13  4.36e+00     7s
  11   8.01561268e+06  1.96093563e+06  6.68e-06 3.98e-13  3.01e+00     7s
  12   7.81513638e+06  2.38461425e+06  5.15e-06 2.98e-13  2.70e+00     8s
  13   7.74641176e+06  2.66153085e+06  4.77e-06 3.13e-13  2.53e+00     8s
  14   7.12461502e+06  3.87855586e+06  2.76e-06 2.57e-13  1.62e+00     8s
  15   6.67794687e+06  4.66685762e+06  1.42e-06 2.67e-13  1.00e+00     8s
  16   6.46072375e+06  5.23172098e+06  8.51e-07 2.54e-13  6.12e-01     9s
  17   6.33366117e+06  5.48357438e+06  5.60e-07 2.54e-13  4.23e-01     9s
  18   6.20556529e+06  5.67455395e+06  3.13e-07 2.44e-13  2.64e-01     9s
  19   6.15439773e+06  5.77147879e+06  2.48e-07 2.39e-13  1.91e-01    10s
  20   6.09799655e+06  5.82174141e+06  1.80e-07 2.36e-13  1.37e-01    10s
  21   6.06602724e+06  5.83528383e+06  1.45e-07 2.89e-13  1.15e-01    10s
  22   6.04576476e+06  5.84655038e+06  1.24e-07 2.69e-13  9.91e-02    10s
  23   5.98902390e+06  5.85753868e+06  6.84e-08 2.84e-13  6.54e-02    11s
  24   5.95933264e+06  5.87283823e+06  4.27e-08 2.82e-13  4.30e-02    11s
  25   5.94433952e+06  5.88283671e+06  3.03e-08 2.58e-13  3.06e-02    11s
  26   5.92947894e+06  5.88863023e+06  1.83e-08 2.32e-13  2.03e-02    12s
  27   5.92219367e+06  5.89168987e+06  1.26e-08 2.84e-13  1.52e-02    12s
  28   5.91575460e+06  5.89546720e+06  7.61e-09 2.77e-13  1.01e-02    12s
  29   5.91106676e+06  5.89764518e+06  4.06e-09 2.78e-13  6.68e-03    13s
  30   5.90902144e+06  5.89986787e+06  2.47e-09 2.67e-13  4.55e-03    13s
  31   5.90752584e+06  5.90205235e+06  1.39e-09 2.78e-13  2.72e-03    13s
  32   5.90708123e+06  5.90343974e+06  1.05e-09 2.68e-13  1.81e-03    13s
  33   5.90648097e+06  5.90411977e+06  6.10e-10 2.53e-13  1.17e-03    14s
  34   5.90623189e+06  5.90459302e+06  4.40e-10 2.25e-13  8.16e-04    14s
  35   5.90603093e+06  5.90489656e+06  2.89e-10 2.69e-13  5.64e-04    14s
  36   5.90580716e+06  5.90505991e+06  1.38e-10 2.61e-13  3.72e-04    14s
  37   5.90575733e+06  5.90532100e+06  1.05e-10 2.82e-13  2.17e-04    14s
  38   5.90570662e+06  5.90536129e+06  8.00e-11 2.42e-13  1.72e-04    14s
  39   5.90564443e+06  5.90543646e+06  4.78e-11 2.44e-13  1.03e-04    15s
  40   5.90562508e+06  5.90551889e+06  9.59e-11 2.91e-13  5.28e-05    15s
  41   5.90560598e+06  5.90555551e+06  6.00e-11 2.22e-13  2.51e-05    15s
  42   5.90559585e+06  5.90557533e+06  3.62e-10 2.46e-13  1.02e-05    15s
  43   5.90559310e+06  5.90557992e+06  1.30e-09 2.60e-13  6.56e-06    16s
  44   5.90558689e+06  5.90558398e+06  6.43e-09 2.25e-13  1.45e-06    16s
  45   5.90558672e+06  5.90558582e+06  9.47e-10 2.89e-13  4.50e-07    16s
  46   5.90558668e+06  5.90558668e+06  1.25e-09 3.51e-13  1.79e-09    16s

Barrier solved model in 46 iterations and 16.15 seconds (19.86 work units)
Optimal objective 5.90558668e+06


Root crossover log...

    4207 DPushes remaining with DInf 0.0000000e+00                16s
       0 DPushes remaining with DInf 0.0000000e+00                17s

   17525 PPushes remaining with PInf 0.0000000e+00                17s
       0 PPushes remaining with PInf 0.0000000e+00                17s

  Push phase complete: Pinf 0.0000000e+00, Dinf 1.5339628e-01     17s


Root simplex log...

Iteration    Objective       Primal Inf.    Dual Inf.      Time
   21730    5.9055867e+06   0.000000e+00   1.533963e-01     17s
   21734    5.9055867e+06   0.000000e+00   0.000000e+00     17s
Crossover time: 1.03 seconds (0.82 work units)
Concurrent spin time: 1.45s

Solved with barrier

Root relaxation: objective 5.905587e+06, 21734 iterations, 15.67 seconds (14.09 work units)

    Nodes    |    Current Node    |     Objective Bounds      |     Work
 Expl Unexpl |  Obj  Depth IntInf | Incumbent    BestBd   Gap | It/Node Time

     0     0 5905586.68    0   82 1.0534e+07 5905586.68  43.9%     -   19s
H    0     0                    6670651.8546 5905586.68  11.5%     -   19s
H    0     0                    6596554.4657 5905586.68  10.5%     -   19s
H    0     0                    6570403.0000 5905586.68  10.1%     -   19s
     0     0 5906186.05    0  104 6570403.00 5906186.05  10.1%     -  213s
H    0     0                    6522487.0000 5906188.58  9.45%     -  214s
H    0     0                    6521390.0000 5906188.58  9.43%     -  214s
H    0     0                    6510694.0000 5906188.58  9.28%     -  214s
     0     0 5906415.20    0  113 6510694.00 5906415.20  9.28%     -  365s
     0     0 5906433.09    0  118 6510694.00 5906433.09  9.28%     -  421s
     0     0 5906433.22    0  117 6510694.00 5906433.22  9.28%     -  427s
     0     0 5906880.73    0  112 6510694.00 5906880.73  9.27%     -  627s
H    0     0                    6494848.0000 5906883.11  9.05%     -  628s
H    0     0                    6492265.0707 5906883.11  9.02%     -  628s
H    0     0                    6482023.0000 5906883.11  8.87%     -  628s
H    0     0                    6482022.0000 5906883.11  8.87%     -  628s
H    0     0                    6481976.0000 5906883.11  8.87%     -  628s
     0     0 5907131.23    0  126 6481976.00 5907131.23  8.87%     -  842s
     0     0 5907190.60    0  129 6481976.00 5907190.60  8.87%     -  948s
     0     0 5907200.62    0  126 6481976.00 5907200.62  8.87%     -  993s
     0     0 5907201.56    0  126 6481976.00 5907201.56  8.87%     - 1007s
     0     0 5907549.43    0  123 6481976.00 5907549.43  8.86%     - 1292s
     0     0 5907676.22    0  129 6481976.00 5907676.22  8.86%     - 1475s
     0     0 5907734.57    0  132 6481976.00 5907734.57  8.86%     - 1591s
     0     0 5907755.88    0  134 6481976.00 5907755.88  8.86%     - 1684s
     0     0 5907763.95    0  135 6481976.00 5907763.95  8.86%     - 1735s
     0     0 5907766.16    0  135 6481976.00 5907766.16  8.86%     - 1768s
     0     0 5907987.82    0  122 6481976.00 5907987.82  8.86%     - 2045s
H    0     0                    6481731.4244 5907988.51  8.85%     - 2046s
     0     0 5908113.14    0  131 6481731.42 5908113.14  8.85%     - 2271s
     0     0 5908158.27    0  126 6481731.42 5908158.27  8.85%     - 2406s
     0     0 5908189.65    0  137 6481731.42 5908189.65  8.85%     - 2505s
     0     0 5908199.57    0  134 6481731.42 5908199.57  8.85%     - 2581s
     0     0 5908205.19    0  137 6481731.42 5908205.19  8.85%     - 2633s
     0     0 5908208.30    0  139 6481731.42 5908208.30  8.85%     - 2665s
     0     0 5908210.18    0  138 6481731.42 5908210.18  8.85%     - 2689s
     0     0 5908501.18    0   81 6481731.42 5908501.18  8.84%     - 3439s
     0     0 5908501.66    0   82 6481731.42 5908501.66  8.84%     - 3479s
     0     0 5908544.28    0   86 6481731.42 5908544.28  8.84%     - 3579s
     0     0 5908545.04    0   86 6481731.42 5908545.04  8.84%     - 3579s
H    0     0                    6474943.6616 5908545.04  8.75%     - 3580s
H    0     0                    6462722.9444 5908545.04  8.57%     - 3580s
H    0     0                    6453255.0625 5908545.04  8.44%     - 3580s
H    0     0                    6453236.6978 5908545.04  8.44%     - 3580s
H    0     0                    6419837.5000 5908545.04  7.96%     - 3580s
H    0     0                    6405827.6090 5908545.04  7.76%     - 3580s
H    0     0                    6400198.4725 5908545.04  7.68%     - 3581s
H    0     0                    6390810.0000 5908545.04  7.55%     - 3581s
H    0     0                    6373777.0000 5908545.04  7.30%     - 3581s

Cutting planes:
  Implied bound: 6141
  MIR: 152
  Flow cover: 10
  Relax-and-lift: 31

Explored 1 nodes (559875 simplex iterations) in 3598.92 seconds (6080.82 work units)
Thread count was 32 (of 32 available processors)

Solution count 10: 6.37378e+06 6.39081e+06 6.4002e+06 ... 6.48198e+06

Time limit reached
Best objective 6.373777000000e+06, best bound 5.908545039148e+06, gap 7.2992%
