
Gurobi 13.0.2 (win64) logging started Wed Jul 15 13:47:17 2026

Set parameter LogFile to value "logs/PSC5-C4-100-5_m0_exact_s0_20260715-134716.gurobi.log"
Set parameter Seed to value 0
Set parameter TimeLimit to value 3599.4384101
Set parameter NodefileStart to value 4
Set parameter MIPGap to value 0
Set parameter MIPGapAbs to value 0.9999
Set parameter Cutoff to value 1e+100
Gurobi Optimizer version 13.0.2 build v13.0.2rc1 (win64 - Windows 11+.0 (26200.2))

CPU model: Intel(R) Core(TM) i9-14900HX, instruction set [SSE2|AVX|AVX2]
Thread count: 24 physical cores, 32 logical processors, using up to 32 threads

Non-default parameters:
TimeLimit  3599.4384101
MIPGap  0
MIPGapAbs  0.9999
NodefileStart  4

Optimize a model with 4500 rows, 500300 columns and 1401500 nonzeros (Min)
Model fingerprint: 0x4fe6f44c
Model has 500300 linear objective coefficients
Variable types: 500000 continuous, 300 integer (300 binary)
Coefficient statistics:
  Matrix range     [1e+00, 6e+02]
  Objective range  [5e+01, 3e+04]
  Bounds range     [1e+00, 1e+00]
  RHS range        [1e+01, 2e+01]

Using branch priorities.
Found heuristic solution: objective 8959610.0000
Presolve time: 1.82s
Presolved: 4500 rows, 500300 columns, 1401500 nonzeros
Variable types: 500000 continuous, 300 integer (300 binary)
Deterministic concurrent LP optimizer: primal simplex, dual simplex, and barrier
Showing barrier log only...

Root barrier log...

Ordering time: 0.23s

Barrier statistics:
 AA' NZ     : 9.040e+05
 Factor NZ  : 2.417e+06 (roughly 200 MB of memory)
 Factor Ops : 1.462e+09 (less than 1 second per iteration)
 Threads    : 22

                  Objective                Residual
Iter       Primal          Dual         Primal    Dual     Compl     Time
   0   5.43210407e+10 -4.96229695e+09  6.78e+04 0.00e+00  2.46e+05     3s
   1   3.05326197e+10 -3.92344014e+09  3.80e+04 1.82e-12  1.42e+05     3s
   2   1.75855741e+09 -2.24800176e+09  2.15e+03 1.95e-10  9.79e+03     3s
   3   1.29901397e+08 -1.07616166e+09  1.20e+02 4.32e-10  1.47e+03     3s
   4   3.51089467e+07 -6.36131881e+07  2.26e-13 2.43e-10  9.82e+01     3s
   5   3.32623677e+07 -4.61593522e+07  3.36e-13 1.95e-10  7.90e+01     3s
   6   2.92028690e+07 -4.29032802e+07  2.97e-13 1.81e-10  7.17e+01     3s
   7   2.11055444e+07 -3.47031405e+07  1.47e-13 1.48e-10  5.55e+01     4s
   8   1.00804336e+07 -6.61279069e+06  7.51e-14 2.27e-12  1.66e+01     4s
   9   6.57827714e+06 -4.41277401e+05  5.87e-14 9.66e-13  6.98e+00     4s
  10   5.54562207e+06  9.17344262e+05  4.61e-14 4.83e-13  4.60e+00     4s
  11   5.25832163e+06  1.34404098e+06  5.05e-14 4.26e-13  3.89e+00     4s
  12   5.08014301e+06  2.11467103e+06  1.29e-13 3.27e-13  2.95e+00     4s
  13   4.97152489e+06  2.64651906e+06  1.19e-13 3.20e-13  2.31e+00     4s
  14   4.55616836e+06  2.90658310e+06  9.69e-14 3.32e-13  1.64e+00     4s
  15   4.24796544e+06  3.14135229e+06  2.06e-13 3.42e-13  1.10e+00     4s
  16   4.00978829e+06  3.39571097e+06  4.71e-13 3.13e-13  6.11e-01     5s
  17   3.87612743e+06  3.46479161e+06  6.00e-13 3.31e-13  4.09e-01     5s
  18   3.78630181e+06  3.49734936e+06  2.24e-12 3.08e-13  2.87e-01     5s
  19   3.74349226e+06  3.51254925e+06  2.17e-12 3.42e-13  2.30e-01     5s
  20   3.72321680e+06  3.52117723e+06  1.93e-12 3.83e-13  2.01e-01     5s
  21   3.64847019e+06  3.53899664e+06  1.64e-12 3.25e-13  1.09e-01     5s
  22   3.60196953e+06  3.55258798e+06  2.00e-12 3.12e-13  4.91e-02     5s
  23   3.57809958e+06  3.55908425e+06  5.21e-12 2.88e-13  1.89e-02     5s
  24   3.57121890e+06  3.56235073e+06  3.68e-12 2.97e-13  8.82e-03     5s
  25   3.56936496e+06  3.56383198e+06  1.11e-11 3.14e-13  5.50e-03     5s
  26   3.56803685e+06  3.56460530e+06  1.02e-11 3.82e-13  3.41e-03     5s
  27   3.56738051e+06  3.56538932e+06  6.33e-12 3.45e-13  1.98e-03     6s
  28   3.56688894e+06  3.56570781e+06  6.10e-12 3.40e-13  1.18e-03     6s
  29   3.56672805e+06  3.56590487e+06  4.37e-12 3.45e-13  8.19e-04     6s
  30   3.56647278e+06  3.56605338e+06  1.79e-11 3.17e-13  4.17e-04     6s
  31   3.56632097e+06  3.56611019e+06  6.37e-11 3.35e-13  2.10e-04     6s
  32   3.56625925e+06  3.56614264e+06  3.97e-11 3.48e-13  1.16e-04     6s
  33   3.56622505e+06  3.56618585e+06  3.79e-11 3.25e-13  3.90e-05     6s
  34   3.56621496e+06  3.56620444e+06  4.63e-11 2.88e-13  1.05e-05     6s
  35   3.56621301e+06  3.56621025e+06  1.40e-10 2.90e-13  2.75e-06     6s
  36   3.56621274e+06  3.56621247e+06  1.82e-10 2.95e-13  2.66e-07     6s
  37   3.56621258e+06  3.56621253e+06  2.38e-10 2.84e-13  5.09e-08     6s
  38   3.56621257e+06  3.56621257e+06  5.92e-10 3.02e-13  3.24e-10     6s

Barrier solved model in 38 iterations and 6.36 seconds (8.32 work units)
Optimal objective 3.56621257e+06


Root crossover log...

    2288 DPushes remaining with DInf 0.0000000e+00                 6s
       0 DPushes remaining with DInf 0.0000000e+00                 6s

     590 PPushes remaining with PInf 0.0000000e+00                 6s
       0 PPushes remaining with PInf 0.0000000e+00                 6s

  Push phase complete: Pinf 0.0000000e+00, Dinf 2.0009594e-10      6s


Root simplex log...

Iteration    Objective       Primal Inf.    Dual Inf.      Time
    2881    3.5662126e+06   0.000000e+00   0.000000e+00      6s
Crossover time: 0.09 seconds (0.10 work units)
Concurrent spin time: 0.40s

Solved with barrier

Root relaxation: objective 3.566213e+06, 2881 iterations, 4.87 seconds (5.20 work units)

    Nodes    |    Current Node    |     Objective Bounds      |     Work
 Expl Unexpl |  Obj  Depth IntInf | Incumbent    BestBd   Gap | It/Node Time

     0     0 3566212.57    0  167 8959610.00 3566212.57  60.2%     -    7s
H    0     0                    5289683.2995 3566212.57  32.6%     -    7s
H    0     0                    5136318.4797 3566212.57  30.6%     -    7s
H    0     0                    5101622.0000 3566212.57  30.1%     -    7s
     0     0 3573282.09    0  197 5101622.00 3573282.09  30.0%     -   70s
H    0     0                    5003380.0000 3573284.77  28.6%     -   71s
H    0     0                    5003364.0000 3573284.77  28.6%     -   71s
H    0     0                    4962575.5864 3573284.77  28.0%     -   71s
H    0     0                    4937642.0000 3573284.77  27.6%     -   71s
     0     0 3575796.70    0  195 4937642.00 3575796.70  27.6%     -  179s
     0     0 3576267.45    0  191 4937642.00 3576267.45  27.6%     -  225s
     0     0 3576330.34    0  192 4937642.00 3576330.34  27.6%     -  243s
     0     0 3576347.47    0  192 4937642.00 3576347.47  27.6%     -  253s
     0     0 3576354.58    0  190 4937642.00 3576354.58  27.6%     -  260s
     0     0 3576358.84    0  193 4937642.00 3576358.84  27.6%     -  263s
     0     0 3576359.53    0  192 4937642.00 3576359.53  27.6%     -  264s
     0     0 3578911.39    0  201 4937642.00 3578911.39  27.5%     -  353s
H    0     0                    4922059.0000 3578911.77  27.3%     -  353s
H    0     0                    4593310.0000 3578911.77  22.1%     -  353s
H    0     0                    4527609.0000 3578911.77  21.0%     -  353s
H    0     0                    4510345.0000 3578911.77  20.7%     -  353s
     0     0 3580744.89    0  210 4510345.00 3580744.89  20.6%     -  473s
     0     0 3581296.12    0  215 4510345.00 3581296.12  20.6%     -  555s
     0     0 3581497.63    0  216 4510345.00 3581497.63  20.6%     -  596s
     0     0 3581562.11    0  214 4510345.00 3581562.11  20.6%     -  622s
     0     0 3581585.47    0  215 4510345.00 3581585.47  20.6%     -  637s
     0     0 3581614.93    0  212 4510345.00 3581614.93  20.6%     -  655s
     0     0 3581623.34    0  211 4510345.00 3581623.34  20.6%     -  664s
     0     0 3581624.25    0  210 4510345.00 3581624.25  20.6%     -  666s
     0     0 3583006.34    0  204 4510345.00 3583006.34  20.6%     -  801s
H    0     0                    4454680.0000 3583006.43  19.6%     -  802s
H    0     0                    4378293.0000 3583006.43  18.2%     -  803s
H    0     0                    4344550.0000 3583006.43  17.5%     -  803s
H    0     0                    4327544.0000 3583006.43  17.2%     -  804s
H    0     0                    4305841.0000 3583006.43  16.8%     -  805s
H    0     0                    4301712.0000 3583006.43  16.7%     -  806s
H    0     0                    4294105.0000 3583006.43  16.6%     -  807s
H    0     0                    4292277.0000 3583006.43  16.5%     -  807s
H    0     0                    4271174.0000 3583006.43  16.1%     -  807s
     0     0 3583742.53    0  213 4271174.00 3583742.53  16.1%     -  986s
     0     0 3584000.60    0  215 4271174.00 3584000.60  16.1%     - 1072s
     0     0 3584103.41    0  219 4271174.00 3584103.41  16.1%     - 1133s
     0     0 3584145.94    0  218 4271174.00 3584145.94  16.1%     - 1169s
     0     0 3584173.91    0  215 4271174.00 3584173.91  16.1%     - 1197s
     0     0 3584181.36    0  216 4271174.00 3584181.36  16.1%     - 1210s
     0     0 3584912.59    0  223 4271174.00 3584912.59  16.1%     - 1404s
H    0     0                    4199386.0000 3584913.13  14.6%     - 1407s
H    0     0                    4178398.0000 3584913.13  14.2%     - 1408s
H    0     0                    4168632.0000 3584913.13  14.0%     - 1410s
H    0     0                    4166289.0000 3584913.13  14.0%     - 1411s
H    0     0                    4132580.0000 3584913.13  13.3%     - 1413s
H    0     0                    4130877.0000 3584913.13  13.2%     - 1414s
     0     0 3585242.39    0  222 4130877.00 3585242.39  13.2%     - 1529s
     0     0 3585381.14    0  218 4130877.00 3585381.14  13.2%     - 1609s
     0     0 3585430.05    0  218 4130877.00 3585430.05  13.2%     - 1654s
     0     0 3585463.89    0  220 4130877.00 3585463.89  13.2%     - 1684s
     0     0 3585468.99    0  218 4130877.00 3585468.99  13.2%     - 1696s
     0     0 3586415.05    0  146 4130877.00 3586415.05  13.2%     - 2236s
H    0     0                    4036297.0000 3586415.18  11.1%     - 2242s
H    0     0                    3967180.0000 3586415.18  9.60%     - 2242s
H    0     0                    3952049.0000 3586415.18  9.25%     - 2267s
     0     0 3586583.46    0  177 3952049.00 3586583.46  9.25%     - 2378s
     0     0 3586628.38    0  177 3952049.00 3586628.38  9.25%     - 2428s
     0     0 3586643.57    0  187 3952049.00 3586643.57  9.25%     - 2460s
     0     0 3586727.23    0  191 3952049.00 3586727.23  9.24%     - 2525s
     0     0 3586727.24    0  191 3952049.00 3586727.24  9.24%     - 2525s
H    0     0                    3868334.6217 3586727.57  7.28%     - 2919s
     0     2 3586727.57    0  191 3868334.62 3586727.57  7.28%     - 2921s
     1     3 3590210.54    1  169 3868334.62 3586727.57  7.28% 49690 3148s
     2     4 3586920.35    1  191 3868334.62 3586920.35  7.27% 32364 3224s
     3     5 3591988.77    2  171 3868334.62 3586920.39  7.27% 34144 3414s

Cutting planes:
  Implied bound: 8745
  MIR: 308
  Flow cover: 185
  Relax-and-lift: 168

Explored 4 nodes (553525 simplex iterations) in 3599.87 seconds (6094.50 work units)
Thread count was 32 (of 32 available processors)

Solution count 10: 3.86833e+06 3.95205e+06 3.96718e+06 ... 4.19939e+06

Time limit reached
Best objective 3.868334621699e+06, best bound 3.586920387958e+06, gap 7.2748%
